2026-04-10 18:08:14.118 22731-27760 [AudioCapture]          com.reedersystems.commandcomms       D  PCM_FRAME frame=10 readRet=640 samples=320 min=-386 max=410 rms=104.9 silent=false zeros=3 downmix=false source=VOICE_COMMUNICATION sampleRate=16000 channels=1 t=380ms
2026-04-10 18:08:14.129 22731-28193 [PTT-DIAG]              com.reedersystems.commandcomms       D  [FloorCtrl] SIGNALING_FLOOR_GRANTED channelId=DISPATCH__DISPATCH senderUnitId=ADMIN
2026-04-10 18:08:14.138 22731-27760 [AudioCapture]          com.reedersystems.commandcomms       D  PCM_SUMMARY frames=11 totalFrames=11 silentFrames=10 partials=0 zeros=0 t=400ms
2026-04-10 18:08:14.141 22731-27755 [PTT-DIAG]              com.reedersystems.commandcomms       D  RADIO_PTT_GRANTED channelId=DISPATCH__DISPATCH senderUnitId=ADMIN
2026-04-10 18:08:14.141 22731-27755 [FloorCtrl]             com.reedersystems.commandcomms       D  Floor GRANTED channelKey=DISPATCH__DISPATCH latencyMs=194 t=403ms
2026-04-10 18:08:14.142 22731-27755 [RadioState]            com.reedersystems.commandcomms       D  State transition: REQUESTING_FLOOR -> TRANSMITTING reason=floor_granted activeChannel=DISPATCH__DISPATCH txPipeline=false rxPipeline=true t=403ms
2026-04-10 18:08:14.143 22731-22731 [PTT-DIAG]              com.reedersystems.commandcomms       D  RadioState updated: TRANSMITTING
2026-04-10 18:08:14.145 22731-25958 [PTT-DIAG]              com.reedersystems.commandcomms       D  Floor GRANTED — promoting pre-capture to live TX
2026-04-10 18:08:14.146 22731-25958 [RadioEngine]           com.reedersystems.commandcomms       D  PRE_BUFFER_FLUSHED flushedFrames=8 durationMs=160 — live TX active t=408ms
2026-04-10 18:08:14.147 22731-25958 [PTT-DIAG]              com.reedersystems.commandcomms       D  PTT_STATE CONNECTING -> TRANSMITTING channelKey=DISPATCH__DISPATCH
2026-04-10 18:08:14.147 22731-27753 [UdpTransport]          com.reedersystems.commandcomms       D  TX_PACKET seq=3806 payloadBytes=641 framedBytes=659 dest=comms.reeder-systems.com:5100 channelIdx=169 t=408ms
2026-04-10 18:08:14.149 22731-27753 [UdpTransport]          com.reedersystems.commandcomms       D  TX_PACKET seq=3806 payloadBytes=160 framedBytes=178 dest=comms.reeder-systems.com:5100 channelIdx=169 t=411ms
2026-04-10 18:08:14.151 22731-27753 [UdpTransport]          com.reedersystems.commandcomms       D  TX_PACKET seq=3806 payloadBytes=160 framedBytes=178 dest=comms.reeder-systems.com:5100 channelIdx=169 t=413ms
2026-04-10 18:08:14.161 22731-27753 [UdpTransport]          com.reedersystems.commandcomms       D  TX_PACKET seq=3807 payloadBytes=160 framedBytes=178 dest=comms.reeder-systems.com:5100 channelIdx=169 t=423ms
2026-04-10 18:08:14.165   397-397   gle.vp8.encoder         media.codec                          W  type=1400 audit(0.0:266418): avc: denied { getattr } for path="/dev/sw_sync" dev="tmpfs" ino=266 scontext=u:r:mediacodec:s0 tcontext=u:object_r:sw_sync_device:s0 tclass=chr_file permissive=0
2026-04-10 18:08:14.164 22731-27753 [UdpTransport]          com.reedersystems.commandcomms       D  TX_PACKET seq=3807 payloadBytes=160 framedBytes=178 dest=comms.reeder-systems.com:5100 channelIdx=169 t=425ms
2026-04-10 18:08:14.166 22731-27755 [FloorCtrl]             com.reedersystems.commandcomms       D  Channel busy — transmitting unit: ADMIN state=TRANSMITTING t=428ms
2026-04-10 18:08:14.168 22731-27753 [UdpTransport]          com.reedersystems.commandcomms       D  TX_SUMMARY packets=6 totalPkts=3805 totalBytes=683543 failures=0 dest=comms.reeder-systems.com:5100 t=429ms
2026-04-10 18:08:14.176   737-915   zhouzhe                 system_server                        D  keyCode222 = 230
2026-04-10 18:08:14.189 22731-25958 [PTT-DIAG]              com.reedersystems.commandcomms       D  Sending PTT_TX_STARTED broadcast
2026-04-10 18:08:14.201 22731-22731 [PTT-DIAG]              com.reedersystems.commandcomms       D  PTT_TX_STARTED received — setting pttState = TRANSMITTING
2026-04-10 18:08:14.218   967-967   StatusBar               com.android.systemui                 D  onNotificationPosted: StatusBarNotification(pkg=com.reedersystems.commandcomms user=UserHandle{0} id=1001 tag=null key=0|com.reedersystems.commandcomms|1001|null|10182: Notification(channel=ptt_service pri=-1 contentView=null vibrate=null sound=null defaults=0x0 flags=0x62 color=0x00000000 vis=PRIVATE))
2026-04-10 18:08:14.218   390-28174 NuPlayerDriver          mediaserver                          D  notifyListener_l(0xb18253f0), (2, 0, 0, -1), loop setting(0, 0)
2026-04-10 18:08:14.218   390-28177 AudioTrack              mediaserver                          D  pause(): 0xaf93c000, mState = 1
2026-04-10 18:08:14.224   737-915   zhouzhe                 system_server                        D  keyCode222 = 230
2026-04-10 18:08:14.239   967-967   StatusBar               com.android.systemui                 D  No peeking: unimportant notification: 0|com.reedersystems.commandcomms|1001|null|10182
2026-04-10 18:08:14.253 22731-22731 MediaPlayer             com.reedersystems.commandcomms       D  handleMessage msg:(2, 0, 0)
2026-04-10 18:08:14.254 22731-22731 MediaPlayer             com.reedersystems.commandcomms       V  resetDrmState:  mDrmInfo=null mDrmProvisioningThread=null mPrepareDrmInProgress=false mActiveDrmScheme=false
2026-04-10 18:08:14.255 22731-22731 MediaPlayer             com.reedersystems.commandcomms       V  cleanDrmObj: mDrmObj=null mDrmSessionId=null
2026-04-10 18:08:14.255   390-1417  NuPlayerDriver          mediaserver                          D  reset(0xb18253f0) at state 6
2026-04-10 18:08:14.255   390-1417  NuPlayerDriver          mediaserver                          D  notifyListener_l(0xb18253f0), (8, 0, 0, -1), loop setting(0, 0)
2026-04-10 18:08:14.255   390-1417  GenericSource           mediaserver                          D  disconnect: mDataSource 0xaf920a80 mHttpSource 0x0
2026-04-10 18:08:14.256   397-28182 MtkOmxAudioDecBase      media.codec                          D  # Got general command (OMX_CommandFlush)
2026-04-10 18:08:14.257   390-28177 AudioTrack              mediaserver                          D  pause(): 0xaf93c000, mState = 1
2026-04-10 18:08:14.258   390-28177 AudioTrack              mediaserver                          D  stop(): 0xaf93c000, mState = 4
2026-04-10 18:08:14.260   365-713   BufferQueueProducer     surfaceflinger                       I  [com.reedersystems.commandcomms/com.reedersystems.commandcomms.MainActivity#0](this:0xaf773000,id:1541,api:1,p:22731,c:365) queueBuffer: fps=0.32 dur=3150.21 max=3150.21 min=3150.21
2026-04-10 18:08:14.262   397-28182 MtkOmxAudioDecBase      media.codec                          D  # Got general command (OMX_CommandStateSet)
2026-04-10 18:08:14.269   737-7373  MediaRouterService      system_server                        V  restoreBluetoothA2dp(false)
2026-04-10 18:08:14.264   397-28182 MtkOmxAudioDecBase      media.codec                          D  # Got general command (OMX_CommandStateSet)
2026-04-10 18:08:14.268   397-397   gle.vp8.encoder         media.codec                          W  type=1400 audit(0.0:266419): avc: denied { getattr } for path="/dev/sw_sync" dev="tmpfs" ino=266 scontext=u:r:mediacodec:s0 tcontext=u:object_r:sw_sync_device:s0 tclass=chr_file permissive=0
2026-04-10 18:08:14.276   737-845   DuraSpeed/...eedService system_server                        D  [onPlaybackConfigChanged], play music packageNames:[com.reedersystems.commandcomms, com.reedersystems.commandcomms]
2026-04-10 18:08:14.276   737-845   DuraSpeed/...icyFactory system_server                        D  packageName: com.loudtalks, delay about 1144463ms by now
2026-04-10 18:08:14.280   737-915   zhouzhe                 system_server                        D  keyCode222 = 230
2026-04-10 18:08:14.282   397-29779 MtkOmxRawDec            media.codec                          D  MtkOmxRawDec Deconstruct !!!
2026-04-10 18:08:14.285   352-352   hwcomposer              and...graphics.composer@2.1-service  W  [JOB] (2) copyvds is ture but vir buffer format is not HAL_PIXEL_FORMAT_YV12  
2026-04-10 18:08:14.288   390-28174 NuPlayer                mediaserver                          D  audio shutdown completed
2026-04-10 18:08:14.289   390-28181 MediaAnalyticsItem      mediaserver                          W  Unable to record: (codec:0:-1:-11:0:6:android.media.mediacodec.mime=audio/raw:android.media.mediacodec.mode=audio:android.media.mediacodec.encoder=0:android.media.mediacodec.codec=OMX.MTK.AUDIO.DECODER.RAW:android.media.mediacodec.secure=0:android.media.mediacodec.bytesin=23888:) [forcenew=0]
2026-04-10 18:08:14.292   390-28174 NuPlayerDriver          mediaserver                          D  notifyResetComplete(0xb18253f0)
2026-04-10 18:08:14.294   390-20357 AudioTrack              mediaserver                          D  ~AudioTrack(): 0xaf93c000
2026-04-10 18:08:14.294   390-20357 AudioTrack              mediaserver                          D  stop(): 0xaf93c000, mState = 4
2026-04-10 18:08:14.309   381-527   APM_AudioPolicyManager  audioserver                          D  stopOutput() output 13, stream 8, session 8241
2026-04-10 18:08:14.309   381-527   APM::Audio...Descriptor audioserver                          V  changeRefCount() stream 8, count 0
2026-04-10 18:08:14.323   352-352   hwcomposer              and...graphics.composer@2.1-service  W  [JOB] (2) copyvds is ture but vir buffer format is not HAL_PIXEL_FORMAT_YV12  
2026-04-10 18:08:14.329   737-915   zhouzhe                 system_server                        D  keyCode222 = 230
2026-04-10 18:08:14.338   397-397   gle.vp8.encoder         media.codec                          W  type=1400 audit(0.0:266420): avc: denied { getattr } for path="/dev/sw_sync" dev="tmpfs" ino=266 scontext=u:r:mediacodec:s0 tcontext=u:object_r:sw_sync_device:s0 tclass=chr_file permissive=0
2026-04-10 18:08:14.345 22731-27755 [RadioEngine]           com.reedersystems.commandcomms       D  RX_DIAG rxTotal=436 rxNew=0 jbSize=0 jbDepth=2 jbPlaying=false channelIdx=169 t=607ms
2026-04-10 18:08:14.348   397-397   gle.vp8.encoder         media.codec                          W  type=1400 audit(0.0:266421): avc: denied { getattr } for path="/dev/sw_sync" dev="tmpfs" ino=266 scontext=u:r:mediacodec:s0 tcontext=u:object_r:sw_sync_device:s0 tclass=chr_file permissive=0
2026-04-10 18:08:14.366   365-466   BufferQueueProducer     surfaceflinger                       I  [StatusBar#0](this:0xaf6db000,id:4,api:1,p:967,c:365) queueBuffer: fps=4.80 dur=1042.56 max=446.21 min=32.38
2026-04-10 18:08:14.381   737-915   zhouzhe                 system_server                        D  keyCode222 = 230
2026-04-10 18:08:14.404   365-365   DisplayDevice           surfaceflinger                       I  [studio.screen.sharing:0 (type:2)] fps:5.748281,dur:1043.79,max:423.37,min:37.48
2026-04-10 18:08:14.405   365-365   DisplayDevice           surfaceflinger                       I  [Built-in Screen (type:0)] fps:5.748847,dur:1043.69,max:423.09,min:37.46
2026-04-10 18:08:14.406   352-352   hwcomposer              and...graphics.composer@2.1-service  W  [JOB] (2) copyvds is ture but vir buffer format is not HAL_PIXEL_FORMAT_YV12  
2026-04-10 18:08:14.409   397-8690  BufferQueueProducer     media.codec                          I  [GraphicBufferSource](this:0xa99e9000,id:446,api:1,p:397,c:397) queueBuffer: fps=5.73 dur=1046.75 max=425.11 min=37.13
2026-04-10 18:08:14.408   397-397   gle.vp8.encoder         media.codec                          W  type=1400 audit(0.0:266422): avc: denied { getattr } for path="/dev/sw_sync" dev="tmpfs" ino=266 scontext=u:r:mediacodec:s0 tcontext=u:object_r:sw_sync_device:s0 tclass=chr_file permissive=0
2026-04-10 18:08:14.431   737-915   zhouzhe                 system_server                        D  keyCode222 = 230
2026-04-10 18:08:14.437   352-352   hwcomposer              and...graphics.composer@2.1-service  W  [JOB] (2) copyvds is ture but vir buffer format is not HAL_PIXEL_FORMAT_YV12  
2026-04-10 18:08:14.438   397-397   gle.vp8.encoder         media.codec                          W  type=1400 audit(0.0:266423): avc: denied { getattr } for path="/dev/sw_sync" dev="tmpfs" ino=266 scontext=u:r:mediacodec:s0 tcontext=u:object_r:sw_sync_device:s0 tclass=chr_file permissive=0
2026-04-10 18:08:14.482   737-915   zhouzhe                 system_server                        D  keyCode222 = 230
2026-04-10 18:08:14.532   737-915   zhouzhe                 system_server                        D  keyCode222 = 230
2026-04-10 18:08:14.535   397-397   gle.vp8.encoder         media.codec                          W  type=1400 audit(0.0:266424): avc: denied { getattr } for path="/dev/sw_sync" dev="tmpfs" ino=266 scontext=u:r:mediacodec:s0 tcontext=u:object_r:sw_sync_device:s0 tclass=chr_file permissive=0
2026-04-10 18:08:14.584   737-915   zhouzhe                 system_server                        D  keyCode222 = 230
2026-04-10 18:08:14.633   737-915   zhouzhe                 system_server                        D  keyCode222 = 230
2026-04-10 18:08:14.635   397-397   gle.vp8.encoder         media.codec                          W  type=1400 audit(0.0:266425): avc: denied { getattr } for path="/dev/sw_sync" dev="tmpfs" ino=266 scontext=u:r:mediacodec:s0 tcontext=u:object_r:sw_sync_device:s0 tclass=chr_file permissive=0
2026-04-10 18:08:14.684   737-915   zhouzhe                 system_server                        D  keyCode222 = 230
2026-04-10 18:08:14.735   737-915   zhouzhe                 system_server                        D  keyCode222 = 230
2026-04-10 18:08:14.735   397-397   gle.vp8.encoder         media.codec                          W  type=1400 audit(0.0:266426): avc: denied { getattr } for path="/dev/sw_sync" dev="tmpfs" ino=266 scontext=u:r:mediacodec:s0 tcontext=u:object_r:sw_sync_device:s0 tclass=chr_file permissive=0
2026-04-10 18:08:14.761   356-356   NxpExtns                vendor.nxp.nxpnfc@1.0-service        D  find found NXP_SYS_CLK_SRC_SEL=(0x2)
2026-04-10 18:08:14.761   356-356   NxpExtns                vendor.nxp.nxpnfc@1.0-service        D  find found NXP_SYS_CLK_FREQ_SEL=(0x4)
2026-04-10 18:08:14.761   356-356   NxpExtns                vendor.nxp.nxpnfc@1.0-service        D  find found NXP_SYS_CLOCK_TO_CFG=(0x1)
2026-04-10 18:08:14.786   737-915   zhouzhe                 system_server                        D  keyCode222 = 230
2026-04-10 18:08:14.794   737-928   WifiStateMachine        system_server                        D   MtkL2ConnectedState { when=0 what=131155 arg1=145 target=com.android.internal.util.StateMachine$SmHandler } 145 0, mShouldDeferDisableWifi = false, mState = MONITORING
2026-04-10 18:08:14.836   737-915   zhouzhe                 system_server                        D  keyCode222 = 230
2026-04-10 18:08:14.838   397-397   gle.vp8.encoder         media.codec                          W  type=1400 audit(0.0:266427): avc: denied { getattr } for path="/dev/sw_sync" dev="tmpfs" ino=266 scontext=u:r:mediacodec:s0 tcontext=u:object_r:sw_sync_device:s0 tclass=chr_file permissive=0
2026-04-10 18:08:14.847 22731-22744 zygote                  com.reedersystems.commandcomms       I  Background concurrent copying GC freed 69230(4MB) AllocSpace objects, 1(16KB) LOS objects, 49% free, 4MB/9MB, paused 590us total 109.119ms
2026-04-10 18:08:14.888   737-915   zhouzhe                 system_server                        D  keyCode222 = 230
2026-04-10 18:08:14.914   365-434   chatty                  surfaceflinger                       I  uid=1000(system) HwBinder:365_1 identical 1 line
2026-04-10 18:08:14.939   737-915   zhouzhe                 system_server                        D  keyCode222 = 230
2026-04-10 18:08:14.938   397-397   gle.vp8.encoder         media.codec                          W  type=1400 audit(0.0:266428): avc: denied { getattr } for path="/dev/sw_sync" dev="tmpfs" ino=266 scontext=u:r:mediacodec:s0 tcontext=u:object_r:sw_sync_device:s0 tclass=chr_file permissive=0
2026-04-10 18:08:14.941   356-356   NxpExtns                vendor.nxp.nxpnfc@1.0-service        D  find found NXP_FW_NAME=libpn553_fw.so
2026-04-10 18:08:14.990   737-915   zhouzhe                 system_server                        D  keyCode222 = 230
2026-04-10 18:08:15.040   737-915   zhouzhe                 system_server                        D  keyCode222 = 230
2026-04-10 18:08:15.038   397-397   gle.vp8.encoder         media.codec                          W  type=1400 audit(0.0:266429): avc: denied { getattr } for path="/dev/sw_sync" dev="tmpfs" ino=266 scontext=u:r:mediacodec:s0 tcontext=u:object_r:sw_sync_device:s0 tclass=chr_file permissive=0
2026-04-10 18:08:15.091   737-915   zhouzhe                 system_server                        D  keyCode222 = 230
2026-04-10 18:08:15.133 22731-27758 [OpusCodec]             com.reedersystems.commandcomms       D  ENCODE_SUMMARY frames=48 totalFrames=54 totalPcmBytes=34560 totalEncodedBytes=8640 t=1395ms
2026-04-10 18:08:15.141   737-915   zhouzhe                 system_server                        D  keyCode222 = 230
2026-04-10 18:08:15.138   397-397   gle.vp8.encoder         media.codec                          W  type=1400 audit(0.0:266430): avc: denied { getattr } for path="/dev/sw_sync" dev="tmpfs" ino=266 scontext=u:r:mediacodec:s0 tcontext=u:object_r:sw_sync_device:s0 tclass=chr_file permissive=0
2026-04-10 18:08:15.158 22731-27760 [AudioCapture]          com.reedersystems.commandcomms       D  PCM_SUMMARY frames=51 totalFrames=62 silentFrames=47 partials=0 zeros=0 t=1419ms
2026-04-10 18:08:15.178 22731-27753 [UdpTransport]          com.reedersystems.commandcomms       D  TX_SUMMARY packets=51 totalPkts=3856 totalBytes=692621 failures=0 dest=comms.reeder-systems.com:5100 t=1440ms
2026-04-10 18:08:15.193   737-915   zhouzhe                 system_server                        D  keyCode222 = 230
2026-04-10 18:08:15.242   737-915   zhouzhe                 system_server                        D  keyCode222 = 230
2026-04-10 18:08:15.242   397-397   gle.vp8.encoder         media.codec                          W  type=1400 audit(0.0:266431): avc: denied { getattr } for path="/dev/sw_sync" dev="tmpfs" ino=266 scontext=u:r:mediacodec:s0 tcontext=u:object_r:sw_sync_device:s0 tclass=chr_file permissive=0
2026-04-10 18:08:15.294   737-915   zhouzhe                 system_server                        D  keyCode222 = 230
2026-04-10 18:08:15.343   737-915   zhouzhe                 system_server                        D  keyCode222 = 230
2026-04-10 18:08:15.342   397-397   gle.vp8.encoder         media.codec                          W  type=1400 audit(0.0:266432): avc: denied { getattr } for path="/dev/sw_sync" dev="tmpfs" ino=266 scontext=u:r:mediacodec:s0 tcontext=u:object_r:sw_sync_device:s0 tclass=chr_file permissive=0
2026-04-10 18:08:15.363   352-352   hwcomposer              and...graphics.composer@2.1-service  W  [JOB] (2) copyvds is ture but vir buffer format is not HAL_PIXEL_FORMAT_YV12  
2026-04-10 18:08:15.368   397-397   gle.vp8.encoder         media.codec                          W  type=1400 audit(0.0:266433): avc: denied { getattr } for path="/dev/sw_sync" dev="tmpfs" ino=266 scontext=u:r:mediacodec:s0 tcontext=u:object_r:sw_sync_device:s0 tclass=chr_file permissive=0
2026-04-10 18:08:15.396   737-915   zhouzhe                 system_server                        D  keyCode222 = 230
2026-04-10 18:08:15.445   737-915   zhouzhe                 system_server                        D  keyCode222 = 230
2026-04-10 18:08:15.462   397-397   gle.vp8.encoder         media.codec                          W  type=1400 audit(0.0:266434): avc: denied { getattr } for path="/dev/sw_sync" dev="tmpfs" ino=266 scontext=u:r:mediacodec:s0 tcontext=u:object_r:sw_sync_device:s0 tclass=chr_file permissive=0
2026-04-10 18:08:15.496   737-915   zhouzhe                 system_server                        D  keyCode222 = 230
2026-04-10 18:08:15.547   737-915   zhouzhe                 system_server                        D  keyCode222 = 230
2026-04-10 18:08:15.562   397-397   gle.vp8.encoder         media.codec                          W  type=1400 audit(0.0:266435): avc: denied { getattr } for path="/dev/sw_sync" dev="tmpfs" ino=266 scontext=u:r:mediacodec:s0 tcontext=u:object_r:sw_sync_device:s0 tclass=chr_file permissive=0
2026-04-10 18:08:15.599   737-915   zhouzhe                 system_server                        D  keyCode222 = 230
2026-04-10 18:08:15.648   737-915   zhouzhe                 system_server                        D  keyCode222 = 230
2026-04-10 18:08:15.663   355-372   DynamicFpsPolicy        ven...tek.hardware.dfps@1.0-service  I  oldRequest: fps[-1] mode[0] --> newRequest: fps[27] mode[3] num[r:1|rs:1]
2026-04-10 18:08:15.663   355-372   DynamicFpsPolicy        ven...tek.hardware.dfps@1.0-service  I  seq[5]  api[LOADING]  pid[0]  fps[27]  mode[INTERNAL_SW]  tPid[0]  glId[0]
2026-04-10 18:08:15.664   365-434   DispSync                surfaceflinger                       I  setVSync: mode[0->2] fps[60->27]
2026-04-10 18:08:15.662   397-397   gle.vp8.encoder         media.codec                          W  type=1400 audit(0.0:266436): avc: denied { getattr } for path="/dev/sw_sync" dev="tmpfs" ino=266 scontext=u:r:mediacodec:s0 tcontext=u:object_r:sw_sync_device:s0 tclass=chr_file permissive=0
2026-04-10 18:08:15.679   737-836   tyd                     system_server                        D  sendBroadcast: android.intent.action.PTT.longpress
2026-04-10 18:08:15.680   737-836   ContextImpl             system_server                        W  Calling a method in the system process without a qualified user: android.app.ContextImpl.sendBroadcast:967 com.android.server.policy.PhoneWindowManager.sendBC:6496 com.android.server.policy.PhoneWindowManager.-wrap20:0 com.android.server.policy.PhoneWindowManager$23.run:6847 android.os.Handler.handleCallback:790 
2026-04-10 18:08:15.681   737-836   ActivityManager         system_server                        E  Sending non-protected broadcast android.intent.action.PTT.longpress from system 737:system/1000 pkg android (Explain with AI)
                                                                                                    java.lang.Throwable
                                                                                                    	at com.android.server.am.ActivityManagerService.checkBroadcastFromSystem(ActivityManagerService.java:19307)
                                                                                                    	at com.android.server.am.ActivityManagerService.broadcastIntentLocked(ActivityManagerService.java:19920)
                                                                                                    	at com.android.server.am.ActivityManagerService.broadcastIntent(ActivityManagerService.java:20062)
                                                                                                    	at android.app.ContextImpl.sendBroadcast(ContextImpl.java:971)
                                                                                                    	at com.android.server.policy.PhoneWindowManager.sendBC(PhoneWindowManager.java:6496)
                                                                                                    	at com.android.server.policy.PhoneWindowManager.-wrap20(Unknown Source:0)
                                                                                                    	at com.android.server.policy.PhoneWindowManager$23.run(PhoneWindowManager.java:6847)
                                                                                                    	at android.os.Handler.handleCallback(Handler.java:790)
                                                                                                    	at android.os.Handler.dispatchMessage(Handler.java:99)
                                                                                                    	at android.os.Looper.loop(Looper.java:164)
                                                                                                    	at android.os.HandlerThread.run(HandlerThread.java:65)
                                                                                                    	at com.android.server.ServiceThread.run(ServiceThread.java:46)
                                                                                                    	at com.android.server.UiThread.run(UiThread.java:42)
2026-04-10 18:08:15.700   737-915   zhouzhe                 system_server                        D  keyCode222 = 230
2026-04-10 18:08:15.749   737-915   zhouzhe                 system_server                        D  keyCode222 = 230
2026-04-10 18:08:15.762   397-397   gle.vp8.encoder         media.codec                          W  type=1400 audit(0.0:266437): avc: denied { getattr } for path="/dev/sw_sync" dev="tmpfs" ino=266 scontext=u:r:mediacodec:s0 tcontext=u:object_r:sw_sync_device:s0 tclass=chr_file permissive=0
2026-04-10 18:08:15.801   737-915   zhouzhe                 system_server                        D  keyCode222 = 230
2026-04-10 18:08:15.831   356-356   NxpExtns                vendor.nxp.nxpnfc@1.0-service        D  find found NXP_SYS_CLK_SRC_SEL=(0x2)
2026-04-10 18:08:15.831   356-356   NxpExtns                vendor.nxp.nxpnfc@1.0-service        D  find found NXP_SYS_CLK_FREQ_SEL=(0x4)
2026-04-10 18:08:15.831   356-356   NxpExtns                vendor.nxp.nxpnfc@1.0-service        D  find found NXP_SYS_CLOCK_TO_CFG=(0x1)
2026-04-10 18:08:15.851   737-915   zhouzhe                 system_server                        D  keyCode222 = 230
2026-04-10 18:08:15.862   397-397   gle.vp8.encoder         media.codec                          W  type=1400 audit(0.0:266438): avc: denied { getattr } for path="/dev/sw_sync" dev="tmpfs" ino=266 scontext=u:r:mediacodec:s0 tcontext=u:object_r:sw_sync_device:s0 tclass=chr_file permissive=0
2026-04-10 18:08:15.902   737-915   zhouzhe                 system_server                        D  keyCode222 = 230
2026-04-10 18:08:15.952   737-915   zhouzhe                 system_server                        D  keyCode222 = 230
2026-04-10 18:08:15.962   397-397   gle.vp8.encoder         media.codec                          W  type=1400 audit(0.0:266439): avc: denied { getattr } for path="/dev/sw_sync" dev="tmpfs" ino=266 scontext=u:r:mediacodec:s0 tcontext=u:object_r:sw_sync_device:s0 tclass=chr_file permissive=0
2026-04-10 18:08:15.977   354-373   powerd                  merged_hal_service                   I  [powerd_req] POWER_MSG_QUERY_INFO: cmd:6, param:0
2026-04-10 18:08:16.004   737-915   zhouzhe                 system_server                        D  keyCode222 = 230
2026-04-10 18:08:16.011   356-356   NxpExtns                vendor.nxp.nxpnfc@1.0-service        D  find found NXP_FW_NAME=libpn553_fw.so
2026-04-10 18:08:16.054   737-915   zhouzhe                 system_server                        D  keyCode222 = 230
2026-04-10 18:08:16.065   397-397   gle.vp8.encoder         media.codec                          W  type=1400 audit(0.0:266440): avc: denied { getattr } for path="/dev/sw_sync" dev="tmpfs" ino=266 scontext=u:r:mediacodec:s0 tcontext=u:object_r:sw_sync_device:s0 tclass=chr_file permissive=0
2026-04-10 18:08:16.105   737-915   zhouzhe                 system_server                        D  keyCode222 = 230
2026-04-10 18:08:16.135 22731-27758 [OpusCodec]             com.reedersystems.commandcomms       D  ENCODE_SUMMARY frames=44 totalFrames=98 totalPcmBytes=62720 totalEncodedBytes=15680 t=2397ms
2026-04-10 18:08:16.155   737-915   zhouzhe                 system_server                        D  keyCode222 = 230
2026-04-10 18:08:16.158 22731-27760 [AudioCapture]          com.reedersystems.commandcomms       D  PCM_SUMMARY frames=50 totalFrames=112 silentFrames=52 partials=0 zeros=0 t=2419ms
2026-04-10 18:08:16.165   397-397   gle.vp8.encoder         media.codec                          W  type=1400 audit(0.0:266441): avc: denied { getattr } for path="/dev/sw_sync" dev="tmpfs" ino=266 scontext=u:r:mediacodec:s0 tcontext=u:object_r:sw_sync_device:s0 tclass=chr_file permissive=0
2026-04-10 18:08:16.196 22731-27753 [UdpTransport]          com.reedersystems.commandcomms       D  TX_SUMMARY packets=45 totalPkts=3901 totalBytes=700631 failures=0 dest=comms.reeder-systems.com:5100 t=2457ms
2026-04-10 18:08:16.206   737-915   zhouzhe                 system_server                        D  keyCode222 = 230
2026-04-10 18:08:16.219   737-916   zhouzhe                 system_server                        D  keyCode111 = 230
2026-04-10 18:08:16.220   737-916   tyd                     system_server                        D  sendBroadcast: android.intent.action.PTT.up
2026-04-10 18:08:16.220   737-916   ContextImpl             system_server                        W  Calling a method in the system process without a qualified user: android.app.ContextImpl.sendBroadcast:967 com.android.server.policy.PhoneWindowManager.sendBC:6496 com.android.server.policy.PhoneWindowManager.interceptKeyBeforeQueueing:6852 com.freeme.server.policy.FreemePhoneWindowManager.interceptKeyBeforeQueueing:301 com.android.server.wm.InputMonitor.interceptKeyBeforeQueueing:449 
2026-04-10 18:08:16.221   737-916   ActivityManager         system_server                        E  Sending non-protected broadcast android.intent.action.PTT.up from system 737:system/1000 pkg android (Explain with AI)
                                                                                                    java.lang.Throwable
                                                                                                    	at com.android.server.am.ActivityManagerService.checkBroadcastFromSystem(ActivityManagerService.java:19307)
                                                                                                    	at com.android.server.am.ActivityManagerService.broadcastIntentLocked(ActivityManagerService.java:19827)
                                                                                                    	at com.android.server.am.ActivityManagerService.broadcastIntent(ActivityManagerService.java:20062)
                                                                                                    	at android.app.ContextImpl.sendBroadcast(ContextImpl.java:971)
                                                                                                    	at com.android.server.policy.PhoneWindowManager.sendBC(PhoneWindowManager.java:6496)
                                                                                                    	at com.android.server.policy.PhoneWindowManager.interceptKeyBeforeQueueing(PhoneWindowManager.java:6852)
                                                                                                    	at com.freeme.server.policy.FreemePhoneWindowManager.interceptKeyBeforeQueueing(FreemePhoneWindowManager.java:301)
                                                                                                    	at com.android.server.wm.InputMonitor.interceptKeyBeforeQueueing(InputMonitor.java:449)
                                                                                                    	at com.android.server.input.InputManagerService.interceptKeyBeforeQueueing(InputManagerService.java:1975)
2026-04-10 18:08:16.229   737-916   AES                     system_server                        W  Exception Log handling...
2026-04-10 18:08:16.232   737-916   AES                     system_server                        D  ExceptionLog: notify aed (process:system_server pid:737 cause:system_server_wtf )
2026-04-10 18:08:16.232   737-916   AEE_LIBAEE              system_server                        D  shell: raise_exp(11, 737, -1361051648, system_server, 0x0x9b8ff6e0, 0x0x0)
2026-04-10 18:08:16.233   737-916   AEE_LIBAEE              system_server                        D  com.mtk.aee.aedshell: connected with AED OK
2026-04-10 18:08:16.234   684-684   AEE_AED                 aee_aed                              D  $===AEE===AEE===AEE===$
2026-04-10 18:08:16.234   684-684   AEE_AED                 aee_aed                              D  p 1 poll events 1 revents 1
2026-04-10 18:08:16.235   684-684   AEE_AED                 aee_aed                              D  PPM cpu cores:4, online:4
2026-04-10 18:08:16.236   684-684   AEE_AED                 aee_aed                              D  aed_main_fork_worker: generator 0xaca09440, worker 0xbea22798, recv_fd 10
2026-04-10 18:08:16.238 28200-28200 AEE_AED                 pid-28200                            D  read success, handling msg (Ind, AE_IND_WRN_RAISED)
2026-04-10 18:08:16.238 28200-28200 AEE_AED                 pid-28200                            I  [preset_info] pid: 737, tid: -1361051648, name: UNKNOWN  >>> system_server <<<
2026-04-10 18:08:16.238 28200-28200 AEE_AED                 pid-28200                            D  u:r:system_server:s0
2026-04-10 18:08:16.238 28200-28200 AEE_AED                 pid-28200                            V  dashboard_record_update() : rec->module = system_server 
2026-04-10 18:08:16.238 28200-28200 AEE_AED                 pid-28200                            D  Skip duplicated exception ! 
2026-04-10 18:08:16.238 28200-28200 AEE_AED                 pid-28200                            D  Exception Class: 11 
2026-04-10 18:08:16.238 28200-28200 AEE_AED                 pid-28200                            D  Module: system_server 
2026-04-10 18:08:16.238 28200-28200 AEE_AED                 pid-28200                            D  Count: 2634 
2026-04-10 18:08:16.239 28200-28200 AEE_AED                 pid-28200                            D  Last exception time: 1775858890 
                                                                                                     
2026-04-10 18:08:16.239 28200-28200 AEE_AED                 pid-28200                            V  process session - skipped 
2026-04-10 18:08:16.239   737-916   AEE_LIBAEE              system_server                        D  shell: got the request (cmd:Ind,AE_IND_LOG_CLOSE)
2026-04-10 18:08:16.239   737-916   AEE_LIBAEE              system_server                        D  shell: Got session close ind from AED
2026-04-10 18:08:16.240   737-916   ActivityManager         system_server                        E  Sending non-protected broadcast android.intent.action.PTT.up from system 737:system/1000 pkg android (Explain with AI)
                                                                                                    java.lang.Throwable
                                                                                                    	at com.android.server.am.ActivityManagerService.checkBroadcastFromSystem(ActivityManagerService.java:19307)
                                                                                                    	at com.android.server.am.ActivityManagerService.broadcastIntentLocked(ActivityManagerService.java:19920)
                                                                                                    	at com.android.server.am.ActivityManagerService.broadcastIntent(ActivityManagerService.java:20062)
                                                                                                    	at android.app.ContextImpl.sendBroadcast(ContextImpl.java:971)
                                                                                                    	at com.android.server.policy.PhoneWindowManager.sendBC(PhoneWindowManager.java:6496)
                                                                                                    	at com.android.server.policy.PhoneWindowManager.interceptKeyBeforeQueueing(PhoneWindowManager.java:6852)
                                                                                                    	at com.freeme.server.policy.FreemePhoneWindowManager.interceptKeyBeforeQueueing(FreemePhoneWindowManager.java:301)
                                                                                                    	at com.android.server.wm.InputMonitor.interceptKeyBeforeQueueing(InputMonitor.java:449)
                                                                                                    	at com.android.server.input.InputManagerService.interceptKeyBeforeQueueing(InputManagerService.java:1975)
2026-04-10 18:08:16.240   684-684   AEE_AED                 aee_aed                              D  clear ppm settings
2026-04-10 18:08:16.241   684-684   AEE_AED                 aee_aed                              D  $===AEE===AEE===AEE===$
2026-04-10 18:08:16.247   737-916   AES                     system_server                        W  Exception Log handling...
2026-04-10 18:08:16.250   737-916   AES                     system_server                        D  ExceptionLog: notify aed (process:system_server pid:737 cause:system_server_wtf )
2026-04-10 18:08:16.250   737-916   AEE_LIBAEE              system_server                        D  shell: raise_exp(11, 737, -1361051648, system_server, 0x0x9b8ff920, 0x0x0)
2026-04-10 18:08:16.251   737-916   AEE_LIBAEE              system_server                        D  com.mtk.aee.aedshell: connected with AED OK
2026-04-10 18:08:16.254   684-684   AEE_AED                 aee_aed                              D  $===AEE===AEE===AEE===$
2026-04-10 18:08:16.254   684-684   AEE_AED                 aee_aed                              D  p 1 poll events 1 revents 1
2026-04-10 18:08:16.254   684-684   AEE_AED                 aee_aed                              D  PPM cpu cores:4, online:4
2026-04-10 18:08:16.256   737-915   zhouzhe                 system_server                        D  keyCode222 = 230
2026-04-10 18:08:16.260   684-684   AEE_AED                 aee_aed                              D  aed_main_fork_worker: generator 0xaca09440, worker 0xbea22798, recv_fd 10
2026-04-10 18:08:16.262 28202-28202 AEE_AED                 pid-28202                            D  read success, handling msg (Ind, AE_IND_WRN_RAISED)
2026-04-10 18:08:16.262 28202-28202 AEE_AED                 pid-28202                            I  [preset_info] pid: 737, tid: -1361051648, name: UNKNOWN  >>> system_server <<<
2026-04-10 18:08:16.262 28202-28202 AEE_AED                 pid-28202                            D  u:r:system_server:s0
2026-04-10 18:08:16.263 28202-28202 AEE_AED                 pid-28202                            V  dashboard_record_update() : rec->module = system_server 
2026-04-10 18:08:16.263 28202-28202 AEE_AED                 pid-28202                            D  Skip duplicated exception ! 
2026-04-10 18:08:16.263 28202-28202 AEE_AED                 pid-28202                            D  Exception Class: 11 
2026-04-10 18:08:16.263 28202-28202 AEE_AED                 pid-28202                            D  Module: system_server 
2026-04-10 18:08:16.263 28202-28202 AEE_AED                 pid-28202                            D  Count: 2635 
2026-04-10 18:08:16.263 28202-28202 AEE_AED                 pid-28202                            D  Last exception time: 1775858896 
                                                                                                     
2026-04-10 18:08:16.263 28202-28202 AEE_AED                 pid-28202                            V  process session - skipped 
2026-04-10 18:08:16.265   397-397   gle.vp8.encoder         media.codec                          W  type=1400 audit(0.0:266442): avc: denied { getattr } for path="/dev/sw_sync" dev="tmpfs" ino=266 scontext=u:r:mediacodec:s0 tcontext=u:object_r:sw_sync_device:s0 tclass=chr_file permissive=0
2026-04-10 18:08:16.264   737-916   AEE_LIBAEE              system_server                        D  shell: got the request (cmd:Ind,AE_IND_LOG_CLOSE)
2026-04-10 18:08:16.264   684-684   AEE_AED                 aee_aed                              D  clear ppm settings
2026-04-10 18:08:16.264   737-916   AEE_LIBAEE              system_server                        D  shell: Got session close ind from AED
2026-04-10 18:08:16.265   737-915   zhouzhe                 system_server                        D  keyCode222 = 230
2026-04-10 18:08:16.266   684-684   AEE_AED                 aee_aed                              D  $===AEE===AEE===AEE===$
2026-04-10 18:08:16.267   737-835   BroadcastQueue          system_server                        W  Background execution not allowed: receiving Intent { act=android.intent.action.DROPBOX_ENTRY_ADDED flg=0x10 (has extras) } to com.google.android.gms/.stats.service.DropBoxEntryAddedReceiver
2026-04-10 18:08:16.273 22731-22731 [PTT-DIAG]              com.reedersystems.commandcomms       D  MainActivity PTT UP source=MainActivity code=230 action=UP ts=1775858896273
2026-04-10 18:08:16.273 22731-22731 [PTT-DIAG]              com.reedersystems.commandcomms       D  MainActivity PTT UP — forwarding to BackgroundAudioService (signaling=true)
2026-04-10 18:08:16.276 22731-22731 [PTT-DIAG]              com.reedersystems.commandcomms       D  PttHardwareReceiver.onReceive action=android.intent.action.PTT.up extras=null source=broadcast
2026-04-10 18:08:16.276 22731-22731 [PTT-DIAG]              com.reedersystems.commandcomms       D  PttHardwareReceiver: mapped action=android.intent.action.PTT.up -> svcAction=com.reedersystems.commandcomms.SVC_PTT_UP
2026-04-10 18:08:16.278 22731-22731 [PTT-DIAG]              com.reedersystems.commandcomms       D  PttHardwareReceiver: WakeLock acquired (auto-releases in 5000ms)
2026-04-10 18:08:16.282 22731-22731 [PTT-DIAG]              com.reedersystems.commandcomms       D  {"event":"RADIO_PTT_UP","pttState":"TRANSMITTING","channelKey":"DISPATCH__DISPATCH"}
2026-04-10 18:08:16.283 22731-22731 [PTT-DIAG]              com.reedersystems.commandcomms       D  PTT_STATE TRANSMITTING -> CLEANING_UP channelKey=DISPATCH__DISPATCH
2026-04-10 18:08:16.303 22731-22731 [PTT-DIAG]              com.reedersystems.commandcomms       D  {"event":"RADIO_PTT_UP","pttState":"CLEANING_UP","channelKey":"DISPATCH__DISPATCH"}
2026-04-10 18:08:16.305   967-967   StatusBar               com.android.systemui                 D  onNotificationPosted: StatusBarNotification(pkg=com.reedersystems.commandcomms user=UserHandle{0} id=1001 tag=null key=0|com.reedersystems.commandcomms|1001|null|10182: Notification(channel=ptt_service pri=-1 contentView=null vibrate=null sound=null defaults=0x0 flags=0x62 color=0x00000000 vis=PRIVATE))
2026-04-10 18:08:16.312   967-967   StatusBar               com.android.systemui                 D  No peeking: unimportant notification: 0|com.reedersystems.commandcomms|1001|null|10182
2026-04-10 18:08:16.337   365-853   BufferQueueProducer     surfaceflinger                       I  [StatusBar#0](this:0xaf6db000,id:4,api:1,p:967,c:365) queueBuffer: fps=1.52 dur=1971.61 max=1014.66 min=62.96
2026-04-10 18:08:16.371   365-365   DisplayDevice           surfaceflinger                       I  [studio.screen.sharing:0 (type:2)] fps:1.525440,dur:1966.65,max:1009.28,min:31.88
2026-04-10 18:08:16.371   365-365   DisplayDevice           surfaceflinger                       I  [Built-in Screen (type:0)] fps:1.525447,dur:1966.64,max:1009.46,min:31.70
2026-04-10 18:08:16.372   352-352   hwcomposer              and...graphics.composer@2.1-service  W  [JOB] (2) copyvds is ture but vir buffer format is not HAL_PIXEL_FORMAT_YV12  
2026-04-10 18:08:16.365   397-397   gle.vp8.encoder         media.codec                          W  type=1400 audit(0.0:266443): avc: denied { getattr } for path="/dev/sw_sync" dev="tmpfs" ino=266 scontext=u:r:mediacodec:s0 tcontext=u:object_r:sw_sync_device:s0 tclass=chr_file permissive=0
2026-04-10 18:08:16.382   397-8690  BufferQueueProducer     media.codec                          I  [GraphicBufferSource](this:0xa99e9000,id:446,api:1,p:397,c:397) queueBuffer: fps=1.52 dur=1973.86 max=1018.24 min=30.11
2026-04-10 18:08:16.415   397-397   gle.vp8.encoder         media.codec                          W  type=1400 audit(0.0:266444): avc: denied { getattr } for path="/dev/sw_sync" dev="tmpfs" ino=266 scontext=u:r:mediacodec:s0 tcontext=u:object_r:sw_sync_device:s0 tclass=chr_file permissive=0
2026-04-10 18:08:16.445   352-352   hwcomposer              and...graphics.composer@2.1-service  W  [JOB] (2) copyvds is ture but vir buffer format is not HAL_PIXEL_FORMAT_YV12  
2026-04-10 18:08:16.455   397-397   gle.vp8.encoder         media.codec                          W  type=1400 audit(0.0:266445): avc: denied { getattr } for path="/dev/sw_sync" dev="tmpfs" ino=266 scontext=u:r:mediacodec:s0 tcontext=u:object_r:sw_sync_device:s0 tclass=chr_file permissive=0
2026-04-10 18:08:16.518   352-352   hwcomposer              and...graphics.composer@2.1-service  W  [JOB] (2) copyvds is ture but vir buffer format is not HAL_PIXEL_FORMAT_YV12  
2026-04-10 18:08:16.518   397-397   gle.vp8.encoder         media.codec                          W  type=1400 audit(0.0:266446): avc: denied { getattr } for path="/dev/sw_sync" dev="tmpfs" ino=266 scontext=u:r:mediacodec:s0 tcontext=u:object_r:sw_sync_device:s0 tclass=chr_file permissive=0
2026-04-10 18:08:16.557   381-28179 AudioFlinger_Threads    audioserver                          W  RecordThread: buffer overflow
2026-04-10 18:08:16.618   397-397   gle.vp8.encoder         media.codec                          W  type=1400 audit(0.0:266447): avc: denied { getattr } for path="/dev/sw_sync" dev="tmpfs" ino=266 scontext=u:r:mediacodec:s0 tcontext=u:object_r:sw_sync_device:s0 tclass=chr_file permissive=0
2026-04-10 18:08:16.641 22731-27758 [RadioEngine]           com.reedersystems.commandcomms       D  ENCODE_THREAD_EXIT framesEncoded=120 t=2902ms
2026-04-10 18:08:16.658   332-14095 AudioALSAStreamIn       and...re.audio@2.0-service-mediatek  D  removeAudioEffect(), 0xb488fe10
2026-04-10 18:08:16.658   332-14095 AudioALSAStreamIn       and...re.audio@2.0-service-mediatek  D  removeAudioEffect(), effect name:Automatic Gain Control, BackupCount=2
2026-04-10 18:08:16.658   332-14095 AudioALSAStreamIn       and...re.audio@2.0-service-mediatek  D  removeAudioEffect() no effect found in backup queue
2026-04-10 18:08:16.660 22731-27758 AudioRecord             com.reedersystems.commandcomms       D  stop: 0x84cdea00
2026-04-10 18:08:16.663   355-372   DynamicFpsPolicy        ven...tek.hardware.dfps@1.0-service  I  oldRequest: fps[27] mode[3] --> newRequest: fps[-1] mode[0] num[r:0|rs:0]
2026-04-10 18:08:16.664   365-434   DispSync                surfaceflinger                       I  setVSync: mode[2->0] fps[27->60]
2026-04-10 18:08:16.678   332-14095 AudioALSAStreamIn       and...re.audio@2.0-service-mediatek  D  +standby()
2026-04-10 18:08:16.678   332-14095 AudioALSAStreamIn       and...re.audio@2.0-service-mediatek  D  standby(), keep the mStandbyFrameCount = 45120, ret = 0
2026-04-10 18:08:16.678   332-14095 AudioALSAStreamIn       and...re.audio@2.0-service-mediatek  D  close()
2026-04-10 18:08:16.678   332-14095 AudioALSAC...HandlerAEC and...re.audio@2.0-service-mediatek  D  +close()
2026-04-10 18:08:16.678   332-14095 AudioALSAC...DataClient and...re.audio@2.0-service-mediatek  D  ~AudioALSACaptureDataClient()
2026-04-10 18:08:16.678   332-14095 AudioALSAC...DataClient and...re.audio@2.0-service-mediatek  D  ~AudioALSACaptureDataClient(), remove EchoRef data provider,mCaptureDataProviderEchoRef=0xb491df00
2026-04-10 18:08:16.678   332-14095 AudioALSAC...oviderBase and...re.audio@2.0-service-mediatek  D  detach(), 0xb491df00, mCaptureDataClientVector.size()=1, Identity=0xb5d7d980
2026-04-10 18:08:16.678   332-14095 AudioALSAC...derEchoRef and...re.audio@2.0-service-mediatek  D  close()
2026-04-10 18:08:16.682   332-28188 AudioALSAC...derEchoRef and...re.audio@2.0-service-mediatek  D  -readThread(), pid: 332, tid: 28188
2026-04-10 18:08:16.683   332-14095 AudioALSAC...derEchoRef and...re.audio@2.0-service-mediatek  D  pthread_join hReadThread done
2026-04-10 18:08:16.683   332-14095 MtkAudioSrc             and...re.audio@2.0-service-mediatek  D  close(), mState = 1
2026-04-10 18:08:16.683   332-14095 MtkAudioSrc             and...re.audio@2.0-service-mediatek  D  close(), mState = 1
2026-04-10 18:08:16.683   332-14095 AudioALSAC...oviderBase and...re.audio@2.0-service-mediatek  D  detach(), 0xb491dc80, mCaptureDataClientVector.size()=1, Identity=0xb5d7d980
2026-04-10 18:08:16.683   332-14095 AudioALSAH...rceManager and...re.audio@2.0-service-mediatek  D  +stopInputDevice(), mInputDevice = 0x80000004, stop_device = 0x80000004, mStartInputDeviceCount = 1, mMicInverse = 0, mNumPhoneMicSupport = 2
2026-04-10 18:08:16.683   332-14095 AudioUtility            and...re.audio@2.0-service-mediatek  D  IsAudioSupportFeature AUDIO_SUPPORT_DMIC bSupportFlg[0]
2026-04-10 18:08:16.684   332-14095 AudioALSAD...figManager and...re.audio@2.0-service-mediatek  D  ApplyDeviceSettingByName() DeviceName = Mic1TypeACCMode descriptor->DeviceStatusCounter = 0
2026-04-10 18:08:16.684   332-14095 AudioALSAD...figManager and...re.audio@2.0-service-mediatek  D  ApplyDeviceSettingByName() DeviceName = Mic2TypeACCMode descriptor->DeviceStatusCounter = 0
2026-04-10 18:08:16.684   332-14095 AudioALSAD...figManager and...re.audio@2.0-service-mediatek  D  ApplyDeviceTurnoffSequenceByName(), DeviceName = builtin_Mic_DualMic descriptor->DeviceStatusCounter = 1
2026-04-10 18:08:16.684   332-14095 AudioALSAC...iderNormal and...re.audio@2.0-service-mediatek  D  close()
2026-04-10 18:08:16.705   332-28186 AudioALSAC...iderNormal and...re.audio@2.0-service-mediatek  D  -readThread(), pid: 332, tid: 28186
2026-04-10 18:08:16.705   332-14095 AudioALSAC...iderNormal and...re.audio@2.0-service-mediatek  D  pthread_join hReadThread done
2026-04-10 18:08:16.706   332-14095 AudioALSAC...iderNormal and...re.audio@2.0-service-mediatek  D  -close()
