2026-04-08 22:30:21.890   356-1663  NxpTml                  vendor.nxp.nxpnfc@1.0-service        D  PN54X - Invoking I2C Write.....
2026-04-08 22:30:21.912   356-1663  NxpTml                  vendor.nxp.nxpnfc@1.0-service        E  _i2c_write() errno : 5
2026-04-08 22:30:21.922   356-1663  NxpTml                  vendor.nxp.nxpnfc@1.0-service        D  PN54X - Invoking I2C Write.....
2026-04-08 22:30:21.942   356-1663  NxpTml                  vendor.nxp.nxpnfc@1.0-service        E  _i2c_write() errno : 5
2026-04-08 22:30:21.952   356-1663  NxpTml                  vendor.nxp.nxpnfc@1.0-service        D  PN54X - Invoking I2C Write.....
2026-04-08 22:30:21.973   356-1663  NxpTml                  vendor.nxp.nxpnfc@1.0-service        E  _i2c_write() errno : 5
2026-04-08 22:30:21.974   356-1663  NxpTml                  vendor.nxp.nxpnfc@1.0-service        E  PN54X - Error in I2C Write.....
2026-04-08 22:30:21.974   356-1663  NxpTml                  vendor.nxp.nxpnfc@1.0-service        D  PN54X - Posting Fresh Write message.....
2026-04-08 22:30:21.975   356-1663  NxpTml                  vendor.nxp.nxpnfc@1.0-service        D  PN54X - Tml Writer Thread Running................
2026-04-08 22:30:21.976   356-356   NxpTml                  vendor.nxp.nxpnfc@1.0-service        D  phTmlNfc_i2c_reset(), VEN level 0
2026-04-08 22:30:22.037   356-356   NxpTml                  vendor.nxp.nxpnfc@1.0-service        D  phTmlNfc_i2c_reset(), VEN level 1
2026-04-08 22:30:22.151   356-1663  NxpTml                  vendor.nxp.nxpnfc@1.0-service        D  PN54X - Write requested.....
2026-04-08 22:30:22.152   356-1663  NxpTml                  vendor.nxp.nxpnfc@1.0-service        D  PN54X - Invoking I2C Write.....
2026-04-08 22:30:22.173   356-1663  NxpTml                  vendor.nxp.nxpnfc@1.0-service        E  _i2c_write() errno : 5
2026-04-08 22:30:22.173   356-1663  NxpTml                  vendor.nxp.nxpnfc@1.0-service        E  PN54X - Error in I2C Write.....
2026-04-08 22:30:22.174   356-1663  NxpTml                  vendor.nxp.nxpnfc@1.0-service        D  PN54X - Posting Fresh Write message.....
2026-04-08 22:30:22.174   356-1663  NxpTml                  vendor.nxp.nxpnfc@1.0-service        D  PN54X - Tml Writer Thread Running................
2026-04-08 22:30:22.185   356-1663  NxpTml                  vendor.nxp.nxpnfc@1.0-service        D  PN54X - Write requested.....
2026-04-08 22:30:22.185   356-1663  NxpTml                  vendor.nxp.nxpnfc@1.0-service        D  PN54X - Invoking I2C Write.....
2026-04-08 22:30:22.207   356-1663  NxpTml                  vendor.nxp.nxpnfc@1.0-service        E  _i2c_write() errno : 5
2026-04-08 22:30:22.207   356-1663  NxpTml                  vendor.nxp.nxpnfc@1.0-service        E  PN54X - Error in I2C Write.....
2026-04-08 22:30:22.207   356-1663  NxpTml                  vendor.nxp.nxpnfc@1.0-service        D  PN54X - Posting Fresh Write message.....
2026-04-08 22:30:22.208   356-1663  NxpTml                  vendor.nxp.nxpnfc@1.0-service        D  PN54X - Tml Writer Thread Running................
2026-04-08 22:30:22.218   356-1663  NxpTml                  vendor.nxp.nxpnfc@1.0-service        D  PN54X - Write requested.....
2026-04-08 22:30:22.218   356-1663  NxpTml                  vendor.nxp.nxpnfc@1.0-service        D  PN54X - Invoking I2C Write.....
2026-04-08 22:30:22.240   356-1663  NxpTml                  vendor.nxp.nxpnfc@1.0-service        E  _i2c_write() errno : 5
2026-04-08 22:30:22.240   356-1663  NxpTml                  vendor.nxp.nxpnfc@1.0-service        E  PN54X - Error in I2C Write.....
2026-04-08 22:30:22.240   356-1663  NxpTml                  vendor.nxp.nxpnfc@1.0-service        D  PN54X - Posting Fresh Write message.....
2026-04-08 22:30:22.240   356-1663  NxpTml                  vendor.nxp.nxpnfc@1.0-service        D  PN54X - Tml Writer Thread Running................
2026-04-08 22:30:22.251   356-1663  NxpTml                  vendor.nxp.nxpnfc@1.0-service        D  PN54X - Write requested.....
2026-04-08 22:30:22.251   356-1663  NxpTml                  vendor.nxp.nxpnfc@1.0-service        D  PN54X - Invoking I2C Write.....
2026-04-08 22:30:22.272   356-1663  NxpTml                  vendor.nxp.nxpnfc@1.0-service        E  _i2c_write() errno : 5
2026-04-08 22:30:22.272   356-1663  NxpTml                  vendor.nxp.nxpnfc@1.0-service        E  PN54X - Error in I2C Write.....
2026-04-08 22:30:22.272   356-1663  NxpTml                  vendor.nxp.nxpnfc@1.0-service        D  PN54X - Posting Fresh Write message.....
2026-04-08 22:30:22.272   356-1663  NxpTml                  vendor.nxp.nxpnfc@1.0-service        D  PN54X - Tml Writer Thread Running................
2026-04-08 22:30:22.283   356-1663  NxpTml                  vendor.nxp.nxpnfc@1.0-service        D  PN54X - Write requested.....
2026-04-08 22:30:22.283   356-1663  NxpTml                  vendor.nxp.nxpnfc@1.0-service        D  PN54X - Invoking I2C Write.....
2026-04-08 22:30:22.302   356-1663  NxpTml                  vendor.nxp.nxpnfc@1.0-service        E  _i2c_write() errno : 5
2026-04-08 22:30:22.302   356-1663  NxpTml                  vendor.nxp.nxpnfc@1.0-service        E  PN54X - Error in I2C Write.....
2026-04-08 22:30:22.302   356-1663  NxpTml                  vendor.nxp.nxpnfc@1.0-service        D  PN54X - Posting Fresh Write message.....
2026-04-08 22:30:22.302   356-1663  NxpTml                  vendor.nxp.nxpnfc@1.0-service        D  PN54X - Tml Writer Thread Running................
2026-04-08 22:30:22.312   356-1663  NxpTml                  vendor.nxp.nxpnfc@1.0-service        D  PN54X - Write requested.....
2026-04-08 22:30:22.313   356-1663  NxpTml                  vendor.nxp.nxpnfc@1.0-service        D  PN54X - Invoking I2C Write.....
2026-04-08 22:30:22.331   356-1663  NxpTml                  vendor.nxp.nxpnfc@1.0-service        E  _i2c_write() errno : 5
2026-04-08 22:30:22.332   356-1663  NxpTml                  vendor.nxp.nxpnfc@1.0-service        E  PN54X - Error in I2C Write.....
2026-04-08 22:30:22.332   356-1663  NxpTml                  vendor.nxp.nxpnfc@1.0-service        D  PN54X - Posting Fresh Write message.....
2026-04-08 22:30:22.332   356-1663  NxpTml                  vendor.nxp.nxpnfc@1.0-service        D  PN54X - Tml Writer Thread Running................
2026-04-08 22:30:22.332   356-356   NxpTml                  vendor.nxp.nxpnfc@1.0-service        D  phTmlNfc_i2c_reset(), VEN level 0
2026-04-08 22:30:22.394   356-356   NxpTml                  vendor.nxp.nxpnfc@1.0-service        D  phTmlNfc_i2c_reset(), VEN level 1
2026-04-08 22:30:22.509   356-356   NxpTml                  vendor.nxp.nxpnfc@1.0-service        D  phTmlNfc_i2c_reset(), VEN level 2
2026-04-08 22:30:22.676  9017-13667 [PTT-DIAG]              com.reedersystems.commandcomms       W  Socket connect error: io.socket.engineio.client.EngineIOException: websocket error
2026-04-08 22:30:22.678  9017-13667 [APP-STARTUP]           com.reedersystems.commandcomms       E  SIGNALING_AUTH_FAILED reason=connect_error io.socket.engineio.client.EngineIOException: websocket error
2026-04-08 22:30:22.690   356-1663  NxpTml                  vendor.nxp.nxpnfc@1.0-service        D  PN54X - Write requested.....
2026-04-08 22:30:22.690   356-1663  NxpTml                  vendor.nxp.nxpnfc@1.0-service        D  PN54X - Invoking I2C Write.....
2026-04-08 22:30:22.712   356-1663  NxpTml                  vendor.nxp.nxpnfc@1.0-service        E  _i2c_write() errno : 5
2026-04-08 22:30:22.722   356-1663  NxpTml                  vendor.nxp.nxpnfc@1.0-service        D  PN54X - Invoking I2C Write.....
2026-04-08 22:30:22.742   356-1663  NxpTml                  vendor.nxp.nxpnfc@1.0-service        E  _i2c_write() errno : 5
2026-04-08 22:30:22.752   356-1663  NxpTml                  vendor.nxp.nxpnfc@1.0-service        D  PN54X - Invoking I2C Write.....
2026-04-08 22:30:22.772   356-1663  NxpTml                  vendor.nxp.nxpnfc@1.0-service        E  _i2c_write() errno : 5
2026-04-08 22:30:22.783   356-1663  NxpTml                  vendor.nxp.nxpnfc@1.0-service        D  PN54X - Invoking I2C Write.....
2026-04-08 22:30:22.802   356-1663  NxpTml                  vendor.nxp.nxpnfc@1.0-service        E  _i2c_write() errno : 5
2026-04-08 22:30:22.802   356-1663  NxpTml                  vendor.nxp.nxpnfc@1.0-service        E  PN54X - Error in I2C Write.....
2026-04-08 22:30:22.802   356-1663  NxpTml                  vendor.nxp.nxpnfc@1.0-service        D  PN54X - Posting Fresh Write message.....
2026-04-08 22:30:22.802   356-1663  NxpTml                  vendor.nxp.nxpnfc@1.0-service        D  PN54X - Tml Writer Thread Running................
2026-04-08 22:30:22.803   356-1663  NxpTml                  vendor.nxp.nxpnfc@1.0-service        D  PN54X - Write requested.....
2026-04-08 22:30:22.804   356-1663  NxpTml                  vendor.nxp.nxpnfc@1.0-service        D  PN54X - Invoking I2C Write.....
2026-04-08 22:30:22.826   356-1663  NxpTml                  vendor.nxp.nxpnfc@1.0-service        E  _i2c_write() errno : 5
2026-04-08 22:30:22.836   356-1663  NxpTml                  vendor.nxp.nxpnfc@1.0-service        D  PN54X - Invoking I2C Write.....
2026-04-08 22:30:22.855   356-1663  NxpTml                  vendor.nxp.nxpnfc@1.0-service        E  _i2c_write() errno : 5
2026-04-08 22:30:22.866   356-1663  NxpTml                  vendor.nxp.nxpnfc@1.0-service        D  PN54X - Invoking I2C Write.....
2026-04-08 22:30:22.885   356-1663  NxpTml                  vendor.nxp.nxpnfc@1.0-service        E  _i2c_write() errno : 5
2026-04-08 22:30:22.896   356-1663  NxpTml                  vendor.nxp.nxpnfc@1.0-service        D  PN54X - Invoking I2C Write.....
2026-04-08 22:30:22.917   356-1663  NxpTml                  vendor.nxp.nxpnfc@1.0-service        E  _i2c_write() errno : 5
2026-04-08 22:30:22.917   356-1663  NxpTml                  vendor.nxp.nxpnfc@1.0-service        E  PN54X - Error in I2C Write.....
2026-04-08 22:30:22.917   356-1663  NxpTml                  vendor.nxp.nxpnfc@1.0-service        D  PN54X - Posting Fresh Write message.....
2026-04-08 22:30:22.917   356-1663  NxpTml                  vendor.nxp.nxpnfc@1.0-service        D  PN54X - Tml Writer Thread Running................
2026-04-08 22:30:22.919   356-1663  NxpTml                  vendor.nxp.nxpnfc@1.0-service        D  PN54X - Write requested.....
2026-04-08 22:30:22.919   356-1663  NxpTml                  vendor.nxp.nxpnfc@1.0-service        D  PN54X - Invoking I2C Write.....
2026-04-08 22:30:22.940   356-1663  NxpTml                  vendor.nxp.nxpnfc@1.0-service        E  _i2c_write() errno : 5
2026-04-08 22:30:22.951   356-1663  NxpTml                  vendor.nxp.nxpnfc@1.0-service        D  PN54X - Invoking I2C Write.....
2026-04-08 22:30:22.973   356-1663  NxpTml                  vendor.nxp.nxpnfc@1.0-service        E  _i2c_write() errno : 5
2026-04-08 22:30:22.983   356-1663  NxpTml                  vendor.nxp.nxpnfc@1.0-service        D  PN54X - Invoking I2C Write.....
2026-04-08 22:30:23.005   356-1663  NxpTml                  vendor.nxp.nxpnfc@1.0-service        E  _i2c_write() errno : 5
2026-04-08 22:30:23.016   356-1663  NxpTml                  vendor.nxp.nxpnfc@1.0-service        D  PN54X - Invoking I2C Write.....
2026-04-08 22:30:23.035   356-1663  NxpTml                  vendor.nxp.nxpnfc@1.0-service        E  _i2c_write() errno : 5
2026-04-08 22:30:23.035   356-1663  NxpTml                  vendor.nxp.nxpnfc@1.0-service        E  PN54X - Error in I2C Write.....
2026-04-08 22:30:23.035   356-1663  NxpTml                  vendor.nxp.nxpnfc@1.0-service        D  PN54X - Posting Fresh Write message.....
2026-04-08 22:30:23.035   356-1663  NxpTml                  vendor.nxp.nxpnfc@1.0-service        D  PN54X - Tml Writer Thread Running................
2026-04-08 22:30:23.036   356-356   NxpTml                  vendor.nxp.nxpnfc@1.0-service        D  phTmlNfc_i2c_reset(), VEN level 0
2026-04-08 22:30:23.097   356-356   NxpTml                  vendor.nxp.nxpnfc@1.0-service        D  phTmlNfc_i2c_reset(), VEN level 1
2026-04-08 22:30:23.211   356-1663  NxpTml                  vendor.nxp.nxpnfc@1.0-service        D  PN54X - Write requested.....
2026-04-08 22:30:23.212   356-1663  NxpTml                  vendor.nxp.nxpnfc@1.0-service        D  PN54X - Invoking I2C Write.....
2026-04-08 22:30:23.233   356-1663  NxpTml                  vendor.nxp.nxpnfc@1.0-service        E  _i2c_write() errno : 5
2026-04-08 22:30:23.234   356-1663  NxpTml                  vendor.nxp.nxpnfc@1.0-service        E  PN54X - Error in I2C Write.....
2026-04-08 22:30:23.234   356-1663  NxpTml                  vendor.nxp.nxpnfc@1.0-service        D  PN54X - Posting Fresh Write message.....
2026-04-08 22:30:23.234   356-1663  NxpTml                  vendor.nxp.nxpnfc@1.0-service        D  PN54X - Tml Writer Thread Running................
2026-04-08 22:30:23.245   356-1663  NxpTml                  vendor.nxp.nxpnfc@1.0-service        D  PN54X - Write requested.....
2026-04-08 22:30:23.245   356-1663  NxpTml                  vendor.nxp.nxpnfc@1.0-service        D  PN54X - Invoking I2C Write.....
2026-04-08 22:30:23.266   356-1663  NxpTml                  vendor.nxp.nxpnfc@1.0-service        E  _i2c_write() errno : 5
2026-04-08 22:30:23.266   356-1663  NxpTml                  vendor.nxp.nxpnfc@1.0-service        E  PN54X - Error in I2C Write.....
2026-04-08 22:30:23.266   356-1663  NxpTml                  vendor.nxp.nxpnfc@1.0-service        D  PN54X - Posting Fresh Write message.....
2026-04-08 22:30:23.266   356-1663  NxpTml                  vendor.nxp.nxpnfc@1.0-service        D  PN54X - Tml Writer Thread Running................
2026-04-08 22:30:23.277   356-1663  NxpTml                  vendor.nxp.nxpnfc@1.0-service        D  PN54X - Write requested.....
2026-04-08 22:30:23.277   356-1663  NxpTml                  vendor.nxp.nxpnfc@1.0-service        D  PN54X - Invoking I2C Write.....
2026-04-08 22:30:23.298   356-1663  NxpTml                  vendor.nxp.nxpnfc@1.0-service        E  _i2c_write() errno : 5
2026-04-08 22:30:23.299   356-1663  NxpTml                  vendor.nxp.nxpnfc@1.0-service        E  PN54X - Error in I2C Write.....
2026-04-08 22:30:23.299   356-1663  NxpTml                  vendor.nxp.nxpnfc@1.0-service        D  PN54X - Posting Fresh Write message.....
2026-04-08 22:30:23.299   356-1663  NxpTml                  vendor.nxp.nxpnfc@1.0-service        D  PN54X - Tml Writer Thread Running................
2026-04-08 22:30:23.309   356-1663  NxpTml                  vendor.nxp.nxpnfc@1.0-service        D  PN54X - Write requested.....
2026-04-08 22:30:23.309   356-1663  NxpTml                  vendor.nxp.nxpnfc@1.0-service        D  PN54X - Invoking I2C Write.....
2026-04-08 22:30:23.329   356-1663  NxpTml                  vendor.nxp.nxpnfc@1.0-service        E  _i2c_write() errno : 5
2026-04-08 22:30:23.329   356-1663  NxpTml                  vendor.nxp.nxpnfc@1.0-service        E  PN54X - Error in I2C Write.....
2026-04-08 22:30:23.329   356-1663  NxpTml                  vendor.nxp.nxpnfc@1.0-service        D  PN54X - Posting Fresh Write message.....
2026-04-08 22:30:23.329   356-1663  NxpTml                  vendor.nxp.nxpnfc@1.0-service        D  PN54X - Tml Writer Thread Running................
2026-04-08 22:30:23.340   356-1663  NxpTml                  vendor.nxp.nxpnfc@1.0-service        D  PN54X - Write requested.....
2026-04-08 22:30:23.340   356-1663  NxpTml                  vendor.nxp.nxpnfc@1.0-service        D  PN54X - Invoking I2C Write.....
2026-04-08 22:30:23.362   356-1663  NxpTml                  vendor.nxp.nxpnfc@1.0-service        E  _i2c_write() errno : 5
2026-04-08 22:30:23.362   356-1663  NxpTml                  vendor.nxp.nxpnfc@1.0-service        E  PN54X - Error in I2C Write.....
2026-04-08 22:30:23.362   356-1663  NxpTml                  vendor.nxp.nxpnfc@1.0-service        D  PN54X - Posting Fresh Write message.....
2026-04-08 22:30:23.362   356-1663  NxpTml                  vendor.nxp.nxpnfc@1.0-service        D  PN54X - Tml Writer Thread Running................
2026-04-08 22:30:23.373   356-1663  NxpTml                  vendor.nxp.nxpnfc@1.0-service        D  PN54X - Write requested.....
2026-04-08 22:30:23.373   356-1663  NxpTml                  vendor.nxp.nxpnfc@1.0-service        D  PN54X - Invoking I2C Write.....
2026-04-08 22:30:23.391   356-1663  NxpTml                  vendor.nxp.nxpnfc@1.0-service        E  _i2c_write() errno : 5
2026-04-08 22:30:23.391   356-1663  NxpTml                  vendor.nxp.nxpnfc@1.0-service        E  PN54X - Error in I2C Write.....
2026-04-08 22:30:23.391   356-1663  NxpTml                  vendor.nxp.nxpnfc@1.0-service        D  PN54X - Posting Fresh Write message.....
2026-04-08 22:30:23.391   356-1663  NxpTml                  vendor.nxp.nxpnfc@1.0-service        D  PN54X - Tml Writer Thread Running................
2026-04-08 22:30:23.392   356-356   NxpTml                  vendor.nxp.nxpnfc@1.0-service        D  phTmlNfc_i2c_reset(), VEN level 0
2026-04-08 22:30:23.454   356-356   NxpTml                  vendor.nxp.nxpnfc@1.0-service        D  phTmlNfc_i2c_reset(), VEN level 1
2026-04-08 22:30:23.568   356-356   NxpTml                  vendor.nxp.nxpnfc@1.0-service        D  phTmlNfc_i2c_reset(), VEN level 2
2026-04-08 22:30:23.752   356-1663  NxpTml                  vendor.nxp.nxpnfc@1.0-service        D  PN54X - Write requested.....
2026-04-08 22:30:23.752   356-1663  NxpTml                  vendor.nxp.nxpnfc@1.0-service        D  PN54X - Invoking I2C Write.....
2026-04-08 22:30:23.774   356-1663  NxpTml                  vendor.nxp.nxpnfc@1.0-service        E  _i2c_write() errno : 5
2026-04-08 22:30:23.784   356-1663  NxpTml                  vendor.nxp.nxpnfc@1.0-service        D  PN54X - Invoking I2C Write.....
2026-04-08 22:30:23.807   356-1663  NxpTml                  vendor.nxp.nxpnfc@1.0-service        E  _i2c_write() errno : 5
2026-04-08 22:30:23.818   356-1663  NxpTml                  vendor.nxp.nxpnfc@1.0-service        D  PN54X - Invoking I2C Write.....
2026-04-08 22:30:23.839   356-1663  NxpTml                  vendor.nxp.nxpnfc@1.0-service        E  _i2c_write() errno : 5
2026-04-08 22:30:23.850   356-1663  NxpTml                  vendor.nxp.nxpnfc@1.0-service        D  PN54X - Invoking I2C Write.....
2026-04-08 22:30:23.872   356-1663  NxpTml                  vendor.nxp.nxpnfc@1.0-service        E  _i2c_write() errno : 5
2026-04-08 22:30:23.872   356-1663  NxpTml                  vendor.nxp.nxpnfc@1.0-service        E  PN54X - Error in I2C Write.....
2026-04-08 22:30:23.872   356-1663  NxpTml                  vendor.nxp.nxpnfc@1.0-service        D  PN54X - Posting Fresh Write message.....
2026-04-08 22:30:23.872   356-1663  NxpTml                  vendor.nxp.nxpnfc@1.0-service        D  PN54X - Tml Writer Thread Running................
2026-04-08 22:30:23.874   356-1663  NxpTml                  vendor.nxp.nxpnfc@1.0-service        D  PN54X - Write requested.....
2026-04-08 22:30:23.874   356-1663  NxpTml                  vendor.nxp.nxpnfc@1.0-service        D  PN54X - Invoking I2C Write.....
2026-04-08 22:30:23.896   356-1663  NxpTml                  vendor.nxp.nxpnfc@1.0-service        E  _i2c_write() errno : 5
2026-04-08 22:30:23.907   356-1663  NxpTml                  vendor.nxp.nxpnfc@1.0-service        D  PN54X - Invoking I2C Write.....
2026-04-08 22:30:23.928   356-1663  NxpTml                  vendor.nxp.nxpnfc@1.0-service        E  _i2c_write() errno : 5
2026-04-08 22:30:23.939   356-1663  NxpTml                  vendor.nxp.nxpnfc@1.0-service        D  PN54X - Invoking I2C Write.....
2026-04-08 22:30:23.962   356-1663  NxpTml                  vendor.nxp.nxpnfc@1.0-service        E  _i2c_write() errno : 5
2026-04-08 22:30:23.972   356-1663  NxpTml                  vendor.nxp.nxpnfc@1.0-service        D  PN54X - Invoking I2C Write.....
2026-04-08 22:30:23.992   356-1663  NxpTml                  vendor.nxp.nxpnfc@1.0-service        E  _i2c_write() errno : 5
2026-04-08 22:30:23.993   356-1663  NxpTml                  vendor.nxp.nxpnfc@1.0-service        E  PN54X - Error in I2C Write.....
2026-04-08 22:30:23.993   356-1663  NxpTml                  vendor.nxp.nxpnfc@1.0-service        D  PN54X - Posting Fresh Write message.....
2026-04-08 22:30:23.993   356-1663  NxpTml                  vendor.nxp.nxpnfc@1.0-service        D  PN54X - Tml Writer Thread Running................
2026-04-08 22:30:23.995   356-1663  NxpTml                  vendor.nxp.nxpnfc@1.0-service        D  PN54X - Write requested.....
2026-04-08 22:30:23.995   356-1663  NxpTml                  vendor.nxp.nxpnfc@1.0-service        D  PN54X - Invoking I2C Write.....
2026-04-08 22:30:24.015   356-1663  NxpTml                  vendor.nxp.nxpnfc@1.0-service        E  _i2c_write() errno : 5
2026-04-08 22:30:24.026   356-1663  NxpTml                  vendor.nxp.nxpnfc@1.0-service        D  PN54X - Invoking I2C Write.....
2026-04-08 22:30:24.045   356-1663  NxpTml                  vendor.nxp.nxpnfc@1.0-service        E  _i2c_write() errno : 5
2026-04-08 22:30:24.055   356-1663  NxpTml                  vendor.nxp.nxpnfc@1.0-service        D  PN54X - Invoking I2C Write.....
2026-04-08 22:30:24.075   356-1663  NxpTml                  vendor.nxp.nxpnfc@1.0-service        E  _i2c_write() errno : 5
2026-04-08 22:30:24.085   356-1663  NxpTml                  vendor.nxp.nxpnfc@1.0-service        D  PN54X - Invoking I2C Write.....
2026-04-08 22:30:24.106   356-1663  NxpTml                  vendor.nxp.nxpnfc@1.0-service        E  _i2c_write() errno : 5
2026-04-08 22:30:24.106   356-1663  NxpTml                  vendor.nxp.nxpnfc@1.0-service        E  PN54X - Error in I2C Write.....
2026-04-08 22:30:24.106   356-1663  NxpTml                  vendor.nxp.nxpnfc@1.0-service        D  PN54X - Posting Fresh Write message.....
2026-04-08 22:30:24.106   356-1663  NxpTml                  vendor.nxp.nxpnfc@1.0-service        D  PN54X - Tml Writer Thread Running................
2026-04-08 22:30:24.106   356-356   NxpTml                  vendor.nxp.nxpnfc@1.0-service        D  phTmlNfc_i2c_reset(), VEN level 0
2026-04-08 22:30:24.170   356-356   NxpTml                  vendor.nxp.nxpnfc@1.0-service        D  phTmlNfc_i2c_reset(), VEN level 1
2026-04-08 22:30:24.285   356-1663  NxpTml                  vendor.nxp.nxpnfc@1.0-service        D  PN54X - Write requested.....
2026-04-08 22:30:24.285   356-1663  NxpTml                  vendor.nxp.nxpnfc@1.0-service        D  PN54X - Invoking I2C Write.....
2026-04-08 22:30:24.310   356-1663  NxpTml                  vendor.nxp.nxpnfc@1.0-service        E  _i2c_write() errno : 5
2026-04-08 22:30:24.310   356-1663  NxpTml                  vendor.nxp.nxpnfc@1.0-service        E  PN54X - Error in I2C Write.....
2026-04-08 22:30:24.310   356-1663  NxpTml                  vendor.nxp.nxpnfc@1.0-service        D  PN54X - Posting Fresh Write message.....
2026-04-08 22:30:24.310   356-1663  NxpTml                  vendor.nxp.nxpnfc@1.0-service        D  PN54X - Tml Writer Thread Running................
2026-04-08 22:30:24.321   356-1663  NxpTml                  vendor.nxp.nxpnfc@1.0-service        D  PN54X - Write requested.....
2026-04-08 22:30:24.322   356-1663  NxpTml                  vendor.nxp.nxpnfc@1.0-service        D  PN54X - Invoking I2C Write.....
2026-04-08 22:30:24.344   356-1663  NxpTml                  vendor.nxp.nxpnfc@1.0-service        E  _i2c_write() errno : 5
2026-04-08 22:30:24.344   356-1663  NxpTml                  vendor.nxp.nxpnfc@1.0-service        E  PN54X - Error in I2C Write.....
2026-04-08 22:30:24.344   356-1663  NxpTml                  vendor.nxp.nxpnfc@1.0-service        D  PN54X - Posting Fresh Write message.....
2026-04-08 22:30:24.345   356-1663  NxpTml                  vendor.nxp.nxpnfc@1.0-service        D  PN54X - Tml Writer Thread Running................
2026-04-08 22:30:24.356   356-1663  NxpTml                  vendor.nxp.nxpnfc@1.0-service        D  PN54X - Write requested.....
2026-04-08 22:30:24.357   356-1663  NxpTml                  vendor.nxp.nxpnfc@1.0-service        D  PN54X - Invoking I2C Write.....
2026-04-08 22:30:24.380   356-1663  NxpTml                  vendor.nxp.nxpnfc@1.0-service        E  _i2c_write() errno : 5
2026-04-08 22:30:24.380   356-1663  NxpTml                  vendor.nxp.nxpnfc@1.0-service        E  PN54X - Error in I2C Write.....
2026-04-08 22:30:24.380   356-1663  NxpTml                  vendor.nxp.nxpnfc@1.0-service        D  PN54X - Posting Fresh Write message.....
2026-04-08 22:30:24.380   356-1663  NxpTml                  vendor.nxp.nxpnfc@1.0-service        D  PN54X - Tml Writer Thread Running................
2026-04-08 22:30:24.391   356-1663  NxpTml                  vendor.nxp.nxpnfc@1.0-service        D  PN54X - Write requested.....
2026-04-08 22:30:24.391   356-1663  NxpTml                  vendor.nxp.nxpnfc@1.0-service        D  PN54X - Invoking I2C Write.....
2026-04-08 22:30:24.413   356-1663  NxpTml                  vendor.nxp.nxpnfc@1.0-service        E  _i2c_write() errno : 5
2026-04-08 22:30:24.413   356-1663  NxpTml                  vendor.nxp.nxpnfc@1.0-service        E  PN54X - Error in I2C Write.....
2026-04-08 22:30:24.413   356-1663  NxpTml                  vendor.nxp.nxpnfc@1.0-service        D  PN54X - Posting Fresh Write message.....
2026-04-08 22:30:24.413   356-1663  NxpTml                  vendor.nxp.nxpnfc@1.0-service        D  PN54X - Tml Writer Thread Running................
2026-04-08 22:30:24.424   356-1663  NxpTml                  vendor.nxp.nxpnfc@1.0-service        D  PN54X - Write requested.....
2026-04-08 22:30:24.424   356-1663  NxpTml                  vendor.nxp.nxpnfc@1.0-service        D  PN54X - Invoking I2C Write.....
2026-04-08 22:30:24.445   356-1663  NxpTml                  vendor.nxp.nxpnfc@1.0-service        E  _i2c_write() errno : 5
2026-04-08 22:30:24.445   356-1663  NxpTml                  vendor.nxp.nxpnfc@1.0-service        E  PN54X - Error in I2C Write.....
2026-04-08 22:30:24.445   356-1663  NxpTml                  vendor.nxp.nxpnfc@1.0-service        D  PN54X - Posting Fresh Write message.....
2026-04-08 22:30:24.445   356-1663  NxpTml                  vendor.nxp.nxpnfc@1.0-service        D  PN54X - Tml Writer Thread Running................
2026-04-08 22:30:24.456   356-1663  NxpTml                  vendor.nxp.nxpnfc@1.0-service        D  PN54X - Write requested.....
2026-04-08 22:30:24.456   356-1663  NxpTml                  vendor.nxp.nxpnfc@1.0-service        D  PN54X - Invoking I2C Write.....
2026-04-08 22:30:24.476   356-1663  NxpTml                  vendor.nxp.nxpnfc@1.0-service        E  _i2c_write() errno : 5
2026-04-08 22:30:24.476   356-1663  NxpTml                  vendor.nxp.nxpnfc@1.0-service        E  PN54X - Error in I2C Write.....
2026-04-08 22:30:24.476   356-1663  NxpTml                  vendor.nxp.nxpnfc@1.0-service        D  PN54X - Posting Fresh Write message.....
2026-04-08 22:30:24.476   356-1663  NxpTml                  vendor.nxp.nxpnfc@1.0-service        D  PN54X - Tml Writer Thread Running................
2026-04-08 22:30:24.477   356-356   NxpTml                  vendor.nxp.nxpnfc@1.0-service        D  phTmlNfc_i2c_reset(), VEN level 0
2026-04-08 22:30:24.540   356-356   NxpTml                  vendor.nxp.nxpnfc@1.0-service        D  phTmlNfc_i2c_reset(), VEN level 1
2026-04-08 22:30:24.655   356-356   NxpTml                  vendor.nxp.nxpnfc@1.0-service        D  phTmlNfc_i2c_reset(), VEN level 2
2026-04-08 22:30:24.839   356-1663  NxpTml                  vendor.nxp.nxpnfc@1.0-service        D  PN54X - Write requested.....
2026-04-08 22:30:24.839   356-1663  NxpTml                  vendor.nxp.nxpnfc@1.0-service        D  PN54X - Invoking I2C Write.....
2026-04-08 22:30:24.861   356-1663  NxpTml                  vendor.nxp.nxpnfc@1.0-service        E  _i2c_write() errno : 5
2026-04-08 22:30:24.872   356-1663  NxpTml                  vendor.nxp.nxpnfc@1.0-service        D  PN54X - Invoking I2C Write.....
2026-04-08 22:30:24.897   356-1663  NxpTml                  vendor.nxp.nxpnfc@1.0-service        E  _i2c_write() errno : 5
2026-04-08 22:30:24.908   356-1663  NxpTml                  vendor.nxp.nxpnfc@1.0-service        D  PN54X - Invoking I2C Write.....
2026-04-08 22:30:24.930   356-1663  NxpTml                  vendor.nxp.nxpnfc@1.0-service        E  _i2c_write() errno : 5
2026-04-08 22:30:24.935  9017-13680 [PTT-DIAG]              com.reedersystems.commandcomms       W  Socket connect error: io.socket.engineio.client.EngineIOException: websocket error
2026-04-08 22:30:24.936  9017-13680 [APP-STARTUP]           com.reedersystems.commandcomms       E  SIGNALING_AUTH_FAILED reason=connect_error io.socket.engineio.client.EngineIOException: websocket error
2026-04-08 22:30:24.940   356-1663  NxpTml                  vendor.nxp.nxpnfc@1.0-service        D  PN54X - Invoking I2C Write.....
2026-04-08 22:30:24.961   356-1663  NxpTml                  vendor.nxp.nxpnfc@1.0-service        E  _i2c_write() errno : 5
2026-04-08 22:30:24.962   356-1663  NxpTml                  vendor.nxp.nxpnfc@1.0-service        E  PN54X - Error in I2C Write.....
2026-04-08 22:30:24.962   356-1663  NxpTml                  vendor.nxp.nxpnfc@1.0-service        D  PN54X - Posting Fresh Write message.....
2026-04-08 22:30:24.962   356-1663  NxpTml                  vendor.nxp.nxpnfc@1.0-service        D  PN54X - Tml Writer Thread Running................
2026-04-08 22:30:24.963   356-1663  NxpTml                  vendor.nxp.nxpnfc@1.0-service        D  PN54X - Write requested.....
2026-04-08 22:30:24.963   356-1663  NxpTml                  vendor.nxp.nxpnfc@1.0-service        D  PN54X - Invoking I2C Write.....
2026-04-08 22:30:24.982   356-1663  NxpTml                  vendor.nxp.nxpnfc@1.0-service        E  _i2c_write() errno : 5
2026-04-08 22:30:24.992   356-1663  NxpTml                  vendor.nxp.nxpnfc@1.0-service        D  PN54X - Invoking I2C Write.....
2026-04-08 22:30:25.012   356-1663  NxpTml                  vendor.nxp.nxpnfc@1.0-service        E  _i2c_write() errno : 5
2026-04-08 22:30:25.022   356-1663  NxpTml                  vendor.nxp.nxpnfc@1.0-service        D  PN54X - Invoking I2C Write.....
2026-04-08 22:30:25.041   356-1663  NxpTml                  vendor.nxp.nxpnfc@1.0-service        E  _i2c_write() errno : 5
2026-04-08 22:30:25.052   356-1663  NxpTml                  vendor.nxp.nxpnfc@1.0-service        D  PN54X - Invoking I2C Write.....
2026-04-08 22:30:25.071   356-1663  NxpTml                  vendor.nxp.nxpnfc@1.0-service        E  _i2c_write() errno : 5
2026-04-08 22:30:25.072   356-1663  NxpTml                  vendor.nxp.nxpnfc@1.0-service        E  PN54X - Error in I2C Write.....
2026-04-08 22:30:25.072   356-1663  NxpTml                  vendor.nxp.nxpnfc@1.0-service        D  PN54X - Posting Fresh Write message.....
2026-04-08 22:30:25.072   356-1663  NxpTml                  vendor.nxp.nxpnfc@1.0-service        D  PN54X - Tml Writer Thread Running................
2026-04-08 22:30:25.073   356-1663  NxpTml                  vendor.nxp.nxpnfc@1.0-service        D  PN54X - Write requested.....
2026-04-08 22:30:25.073   356-1663  NxpTml                  vendor.nxp.nxpnfc@1.0-service        D  PN54X - Invoking I2C Write.....
2026-04-08 22:30:25.074  9017-13127 [RadioEngine]           com.reedersystems.commandcomms       D  RX_DIAG rxTotal=344 rxNew=0 jbSize=0 jbDepth=2 jbPlaying=false channelIdx=535 t=460632ms
2026-04-08 22:30:25.092   356-1663  NxpTml                  vendor.nxp.nxpnfc@1.0-service        E  _i2c_write() errno : 5
2026-04-08 22:30:25.102   356-1663  NxpTml                  vendor.nxp.nxpnfc@1.0-service        D  PN54X - Invoking I2C Write.....
2026-04-08 22:30:25.122   356-1663  NxpTml                  vendor.nxp.nxpnfc@1.0-service        E  _i2c_write() errno : 5
2026-04-08 22:30:25.132   356-1663  NxpTml                  vendor.nxp.nxpnfc@1.0-service        D  PN54X - Invoking I2C Write.....
2026-04-08 22:30:25.151   356-1663  NxpTml                  vendor.nxp.nxpnfc@1.0-service        E  _i2c_write() errno : 5
2026-04-08 22:30:25.162   356-1663  NxpTml                  vendor.nxp.nxpnfc@1.0-service        D  PN54X - Invoking I2C Write.....
2026-04-08 22:30:25.182   356-1663  NxpTml                  vendor.nxp.nxpnfc@1.0-service        E  _i2c_write() errno : 5
2026-04-08 22:30:25.182   356-1663  NxpTml                  vendor.nxp.nxpnfc@1.0-service        E  PN54X - Error in I2C Write.....
2026-04-08 22:30:25.182   356-1663  NxpTml                  vendor.nxp.nxpnfc@1.0-service        D  PN54X - Posting Fresh Write message.....
2026-04-08 22:30:25.182   356-1663  NxpTml                  vendor.nxp.nxpnfc@1.0-service        D  PN54X - Tml Writer Thread Running................
2026-04-08 22:30:25.182   356-356   NxpTml                  vendor.nxp.nxpnfc@1.0-service        D  phTmlNfc_i2c_reset(), VEN level 0
2026-04-08 22:30:25.244   356-356   NxpTml                  vendor.nxp.nxpnfc@1.0-service        D  phTmlNfc_i2c_reset(), VEN level 1
2026-04-08 22:30:25.359   356-1663  NxpTml                  vendor.nxp.nxpnfc@1.0-service        D  PN54X - Write requested.....
2026-04-08 22:30:25.359   356-1663  NxpTml                  vendor.nxp.nxpnfc@1.0-service        D  PN54X - Invoking I2C Write.....
2026-04-08 22:30:25.380   356-1663  NxpTml                  vendor.nxp.nxpnfc@1.0-service        E  _i2c_write() errno : 5
2026-04-08 22:30:25.380   356-1663  NxpTml                  vendor.nxp.nxpnfc@1.0-service        E  PN54X - Error in I2C Write.....
2026-04-08 22:30:25.380   356-1663  NxpTml                  vendor.nxp.nxpnfc@1.0-service        D  PN54X - Posting Fresh Write message.....
2026-04-08 22:30:25.381   356-1663  NxpTml                  vendor.nxp.nxpnfc@1.0-service        D  PN54X - Tml Writer Thread Running................
2026-04-08 22:30:25.391   356-1663  NxpTml                  vendor.nxp.nxpnfc@1.0-service        D  PN54X - Write requested.....
2026-04-08 22:30:25.392   356-1663  NxpTml                  vendor.nxp.nxpnfc@1.0-service        D  PN54X - Invoking I2C Write.....
2026-04-08 22:30:25.414   356-1663  NxpTml                  vendor.nxp.nxpnfc@1.0-service        E  _i2c_write() errno : 5
2026-04-08 22:30:25.414   356-1663  NxpTml                  vendor.nxp.nxpnfc@1.0-service        E  PN54X - Error in I2C Write.....
2026-04-08 22:30:25.415   356-1663  NxpTml                  vendor.nxp.nxpnfc@1.0-service        D  PN54X - Posting Fresh Write message.....
2026-04-08 22:30:25.415   356-1663  NxpTml                  vendor.nxp.nxpnfc@1.0-service        D  PN54X - Tml Writer Thread Running................
2026-04-08 22:30:25.425   356-1663  NxpTml                  vendor.nxp.nxpnfc@1.0-service        D  PN54X - Write requested.....
2026-04-08 22:30:25.426   356-1663  NxpTml                  vendor.nxp.nxpnfc@1.0-service        D  PN54X - Invoking I2C Write.....
2026-04-08 22:30:25.426   737-916   tyd                     system_server                        D  sendBroadcast: android.intent.action.PTT.down
2026-04-08 22:30:25.427   737-916   ContextImpl             system_server                        W  Calling a method in the system process without a qualified user: android.app.ContextImpl.sendBroadcast:967 com.android.server.policy.PhoneWindowManager.sendBC:6496 com.android.server.policy.PhoneWindowManager.interceptKeyBeforeQueueing:6843 com.freeme.server.policy.FreemePhoneWindowManager.interceptKeyBeforeQueueing:301 com.android.server.wm.InputMonitor.interceptKeyBeforeQueueing:449 
2026-04-08 22:30:25.428   737-916   ActivityManager         system_server                        E  Sending non-protected broadcast android.intent.action.PTT.down from system 737:system/1000 pkg android (Explain with AI)
                                                                                                    java.lang.Throwable
                                                                                                    	at com.android.server.am.ActivityManagerService.checkBroadcastFromSystem(ActivityManagerService.java:19307)
                                                                                                    	at com.android.server.am.ActivityManagerService.broadcastIntentLocked(ActivityManagerService.java:19827)
                                                                                                    	at com.android.server.am.ActivityManagerService.broadcastIntent(ActivityManagerService.java:20062)
                                                                                                    	at android.app.ContextImpl.sendBroadcast(ContextImpl.java:971)
                                                                                                    	at com.android.server.policy.PhoneWindowManager.sendBC(PhoneWindowManager.java:6496)
                                                                                                    	at com.android.server.policy.PhoneWindowManager.interceptKeyBeforeQueueing(PhoneWindowManager.java:6843)
                                                                                                    	at com.freeme.server.policy.FreemePhoneWindowManager.interceptKeyBeforeQueueing(FreemePhoneWindowManager.java:301)
                                                                                                    	at com.android.server.wm.InputMonitor.interceptKeyBeforeQueueing(InputMonitor.java:449)
                                                                                                    	at com.android.server.input.InputManagerService.interceptKeyBeforeQueueing(InputManagerService.java:1975)
2026-04-08 22:30:25.441   737-916   AES                     system_server                        W  Exception Log handling...
2026-04-08 22:30:25.446   356-1663  NxpTml                  vendor.nxp.nxpnfc@1.0-service        E  _i2c_write() errno : 5
2026-04-08 22:30:25.446   356-1663  NxpTml                  vendor.nxp.nxpnfc@1.0-service        E  PN54X - Error in I2C Write.....
2026-04-08 22:30:25.446   356-1663  NxpTml                  vendor.nxp.nxpnfc@1.0-service        D  PN54X - Posting Fresh Write message.....
2026-04-08 22:30:25.447   737-916   AES                     system_server                        D  ExceptionLog: notify aed (process:system_server pid:737 cause:system_server_wtf )
2026-04-08 22:30:25.448   356-1663  NxpTml                  vendor.nxp.nxpnfc@1.0-service        D  PN54X - Tml Writer Thread Running................
2026-04-08 22:30:25.455 13685-13685 AEE_AED                 pid-13685                            D  Skip duplicated exception ! 
2026-04-08 22:30:25.455 13685-13685 AEE_AED                 pid-13685                            D  Exception Class: 11 
2026-04-08 22:30:25.455 13685-13685 AEE_AED                 pid-13685                            D  Last exception time: 1775701793 
                                                                                                     
2026-04-08 22:30:25.457   356-1663  NxpTml                  vendor.nxp.nxpnfc@1.0-service        D  PN54X - Write requested.....
2026-04-08 22:30:25.457   356-1663  NxpTml                  vendor.nxp.nxpnfc@1.0-service        D  PN54X - Invoking I2C Write.....
2026-04-08 22:30:25.457   737-916   ActivityManager         system_server                        E  Sending non-protected broadcast android.intent.action.PTT.down from system 737:system/1000 pkg android (Explain with AI)
                                                                                                    java.lang.Throwable
                                                                                                    	at com.android.server.am.ActivityManagerService.checkBroadcastFromSystem(ActivityManagerService.java:19307)
                                                                                                    	at com.android.server.am.ActivityManagerService.broadcastIntentLocked(ActivityManagerService.java:19920)
                                                                                                    	at com.android.server.am.ActivityManagerService.broadcastIntent(ActivityManagerService.java:20062)
                                                                                                    	at android.app.ContextImpl.sendBroadcast(ContextImpl.java:971)
                                                                                                    	at com.android.server.policy.PhoneWindowManager.sendBC(PhoneWindowManager.java:6496)
                                                                                                    	at com.android.server.policy.PhoneWindowManager.interceptKeyBeforeQueueing(PhoneWindowManager.java:6843)
                                                                                                    	at com.freeme.server.policy.FreemePhoneWindowManager.interceptKeyBeforeQueueing(FreemePhoneWindowManager.java:301)
                                                                                                    	at com.android.server.wm.InputMonitor.interceptKeyBeforeQueueing(InputMonitor.java:449)
                                                                                                    	at com.android.server.input.InputManagerService.interceptKeyBeforeQueueing(InputManagerService.java:1975)
2026-04-08 22:30:25.464   737-916   AES                     system_server                        W  Exception Log handling...
2026-04-08 22:30:25.466   737-916   AES                     system_server                        D  ExceptionLog: notify aed (process:system_server pid:737 cause:system_server_wtf )
2026-04-08 22:30:25.474 13686-13686 AEE_AED                 pid-13686                            D  Skip duplicated exception ! 
2026-04-08 22:30:25.474 13686-13686 AEE_AED                 pid-13686                            D  Exception Class: 11 
2026-04-08 22:30:25.474 13686-13686 AEE_AED                 pid-13686                            D  Last exception time: 1775701825 
                                                                                                     
2026-04-08 22:30:25.480  9017-9017  [PTT-DIAG]              com.reedersystems.commandcomms       D  PttHardwareReceiver.onReceive action=android.intent.action.PTT.down extras=null source=broadcast
2026-04-08 22:30:25.480  9017-9017  [PTT-DIAG]              com.reedersystems.commandcomms       D  PttHardwareReceiver: mapped action=android.intent.action.PTT.down -> svcAction=com.reedersystems.commandcomms.SVC_PTT_DOWN
2026-04-08 22:30:25.483  9017-9017  [PTT-DIAG]              com.reedersystems.commandcomms       D  PttHardwareReceiver: WakeLock acquired (auto-releases in 5000ms)
2026-04-08 22:30:25.485   356-1663  NxpTml                  vendor.nxp.nxpnfc@1.0-service        E  _i2c_write() errno : 5
2026-04-08 22:30:25.485   356-1663  NxpTml                  vendor.nxp.nxpnfc@1.0-service        E  PN54X - Error in I2C Write.....
2026-04-08 22:30:25.485   356-1663  NxpTml                  vendor.nxp.nxpnfc@1.0-service        D  PN54X - Posting Fresh Write message.....
2026-04-08 22:30:25.485   356-1663  NxpTml                  vendor.nxp.nxpnfc@1.0-service        D  PN54X - Tml Writer Thread Running................
2026-04-08 22:30:25.487  9017-9017  [PTT-DIAG]              com.reedersystems.commandcomms       D  MainActivity PTT DOWN source=MainActivity code=230 action=DOWN repeat=0 ts=1775701825487
2026-04-08 22:30:25.487  9017-9017  [PTT-DIAG]              com.reedersystems.commandcomms       D  MainActivity PTT DOWN — forwarding to BackgroundAudioService (signaling=true)
2026-04-08 22:30:25.491  9017-9017  [PTT-DIAG]              com.reedersystems.commandcomms       D  handleRadioPttDown pttState=IDLE signaling=true channelKey=TESTING__TESTING 1 channelId=535
2026-04-08 22:30:25.491  9017-9017  [PTT-DIAG]              com.reedersystems.commandcomms       D  RADIO_PTT_DOWN source=service state=IDLE channelKey=TESTING__TESTING 1
2026-04-08 22:30:25.491  9017-9017  [PTT-DIAG]              com.reedersystems.commandcomms       W  RADIO_READY_BLOCKED_REASON reason=signaling_not_authenticated:DISCONNECTED
2026-04-08 22:30:25.492  9017-9017  [PTT-DIAG]              com.reedersystems.commandcomms       D  Sending PTT_TX_FAILED broadcast
2026-04-08 22:30:25.495  9017-9017  [PTT-DIAG]              com.reedersystems.commandcomms       D  handleRadioPttDown pttState=IDLE signaling=true channelKey=TESTING__TESTING 1 channelId=535
2026-04-08 22:30:25.495  9017-9017  [PTT-DIAG]              com.reedersystems.commandcomms       D  RADIO_PTT_DOWN source=service state=IDLE channelKey=TESTING__TESTING 1
2026-04-08 22:30:25.495  9017-9017  [PTT-DIAG]              com.reedersystems.commandcomms       W  RADIO_READY_BLOCKED_REASON reason=signaling_not_authenticated:DISCONNECTED
2026-04-08 22:30:25.496  9017-9017  [PTT-DIAG]              com.reedersystems.commandcomms       D  Sending PTT_TX_FAILED broadcast
2026-04-08 22:30:25.496   356-1663  NxpTml                  vendor.nxp.nxpnfc@1.0-service        D  PN54X - Write requested.....
2026-04-08 22:30:25.496   356-1663  NxpTml                  vendor.nxp.nxpnfc@1.0-service        D  PN54X - Invoking I2C Write.....
2026-04-08 22:30:25.500  9017-9017  [PTT-DIAG]              com.reedersystems.commandcomms       D  PTT_TX_FAILED received — resetting to IDLE
2026-04-08 22:30:25.502   381-381   APM::Audio...Descriptor audioserver                          V  changeRefCount() stream 8, count 1
2026-04-08 22:30:25.507   332-2693  AudioALSAD...figManager and...re.audio@2.0-service-mediatek  D  ApplyDeviceTurnonSequenceByName() DeviceName = speaker_output descriptor->DeviceStatusCounte = 0
2026-04-08 22:30:25.507  9017-9017  [PTT-DIAG]              com.reedersystems.commandcomms       D  PTT_TX_FAILED received — resetting to IDLE
2026-04-08 22:30:25.508   332-2693  AudioALSAD...figManager and...re.audio@2.0-service-mediatek  D  ApplyDeviceTurnonSequenceByName() DeviceName = ext_speaker_output descriptor->DeviceStatusCounte = 0
2026-04-08 22:30:25.518   356-1663  NxpTml                  vendor.nxp.nxpnfc@1.0-service        E  _i2c_write() errno : 5
2026-04-08 22:30:25.518   356-1663  NxpTml                  vendor.nxp.nxpnfc@1.0-service        E  PN54X - Error in I2C Write.....
2026-04-08 22:30:25.518   356-1663  NxpTml                  vendor.nxp.nxpnfc@1.0-service        D  PN54X - Posting Fresh Write message.....
2026-04-08 22:30:25.518   356-1663  NxpTml                  vendor.nxp.nxpnfc@1.0-service        D  PN54X - Tml Writer Thread Running................
2026-04-08 22:30:25.528   356-1663  NxpTml                  vendor.nxp.nxpnfc@1.0-service        D  PN54X - Write requested.....
2026-04-08 22:30:25.528   356-1663  NxpTml                  vendor.nxp.nxpnfc@1.0-service        D  PN54X - Invoking I2C Write.....
2026-04-08 22:30:25.548   356-1663  NxpTml    