2026-03-20 19:35:41.409   331-6721  AudioALSAP...andlerBase and...re.audio@2.0-service-mediatek  D  transferAudioFormatToPcmFormat(), audio_format(0x4) => pcm_format(0x1)
2026-03-20 19:35:41.409   331-6721  AudioALSAP...dlerNormal and...re.audio@2.0-service-mediatek  D  open(), mConfig: channels = 2, rate = 48000, period_size = 256, period_count = 2, format = 1 avail_min = 256
2026-03-20 19:35:41.409   331-6721  AudioALSADriverUtility  and...re.audio@2.0-service-mediatek  D  GetPropertyValue key = af.resouce.extdac_support value = 0
2026-03-20 19:35:41.409   331-6721  AudioALSAP...dlerNormal and...re.audio@2.0-service-mediatek  D  SetLowJitterMode(), bypass low jitter mode, bEnable = 1, device = 0x2, SampleRate = 48000
2026-03-20 19:35:41.409   331-6721  AudioALSAP...andlerBase and...re.audio@2.0-service-mediatek  D  openPcmDriverWithFlag(), pcm device = 7 flag = 0x8
2026-03-20 19:35:41.410   331-6721  AudioALSAP...andlerBase and...re.audio@2.0-service-mediatek  D  initBitConverter(), audio_format: 0x3 => 0x4, bcv_pcm_format = 0x3
2026-03-20 19:35:41.410   331-6721  MtkAudioBitConverter    and...re.audio@2.0-service-mediatek  D  +open(), format 3, CH 2, SR 48000
2026-03-20 19:35:41.410   331-6721  MtkAudioBitConverter    and...re.audio@2.0-service-mediatek  D  +resetBuffer()
2026-03-20 19:35:41.410   331-6721  AudioALSAH...rceManager and...re.audio@2.0-service-mediatek  D  +startOutputDevice(), new_devices = 0x2, mOutputDevices = 0x0, mStartOutputDevicesCount = 0 SampleRate = 48000
2026-03-20 19:35:41.410   331-6721  AudioALSADriverUtility  and...re.audio@2.0-service-mediatek  D  GetPropertyValue key = af.resouce.extdac_support value = 0
2026-03-20 19:35:41.411   331-6721  AudioALSAD...figManager and...re.audio@2.0-service-mediatek  D  ApplyDeviceTurnonSequenceByName() DeviceName = speaker_output descriptor->DeviceStatusCounte = 0
2026-03-20 19:35:41.412   331-6721  AudioALSAD...figManager and...re.audio@2.0-service-mediatek  D  ApplyDeviceTurnonSequenceByName() DeviceName = ext_speaker_output descriptor->DeviceStatusCounte = 0
2026-03-20 19:35:41.413   736-958   WifiStateMachine        system_server                        D   MtkL2ConnectedState { when=-53ms what=131154 arg1=1 target=com.android.internal.util.StateMachine$SmHandler } 1 0, mShouldDeferDisableWifi = false, mState = MONITORING
2026-03-20 19:35:41.418   331-6721  AudioVoiceUIDL          and...re.audio@2.0-service-mediatek  D  [GetSRCInputParameter] mOutputSampleRate 16000,  mInputSampleRate 48000, mInChannel 2, mOutChannel, 0 format 4
2026-03-20 19:35:41.418   331-6721  AudioVoiceUIDL          and...re.audio@2.0-service-mediatek  D  [GetSRCInputParameter] create SRC handle fail
2026-03-20 19:35:41.418   331-6721  AudioALSAP...dlerNormal and...re.audio@2.0-service-mediatek  D  -open()
2026-03-20 19:35:41.420 32690-32690 NfcService              com.android.nfc                      E  screen state android.intent.action.USER_PRESENT
2026-03-20 19:35:41.422   736-873   DuraSpeed/...eedService system_server                        D  [onPlaybackConfigChanged], play music packageNames:[com.loudtalks]
2026-03-20 19:35:41.423  1134-14801 MtkPhoneIntfMgrEx       com.android.phone                    E  [notifyEPDGScreenState] state:0 ,phoneId: 0
2026-03-20 19:35:41.423   736-858   BroadcastQueue          system_server                        W  Background execution not allowed: receiving Intent { act=android.intent.action.USER_PRESENT flg=0x24200010 } to com.google.android.gms/.auth.setup.devicesignals.LockScreenReceiver
2026-03-20 19:35:41.430   354-565   vendor.med...r@1.1-impl merged_hal_service                   I  setInteractive Restore All
2026-03-20 19:35:41.431   354-374   powerd                  merged_hal_service                   I  [powerd_req] POWER_MSG_SCN_RESTORE_ALL
2026-03-20 19:35:41.432   736-870   DisplayManagerService   system_server                        I  Display device changed state: "Built-in Screen", ON
2026-03-20 19:35:41.433   366-366   SurfaceFlinger          surfaceflinger                       D  Set power mode=2, type=0 flinger=0xb0d37000
2026-03-20 19:35:41.434   352-539   hwcomposer              and...graphics.composer@2.1-service  I  [HWC] Display(0) SetPowerMode(2)  
2026-03-20 19:35:41.437   736-858   BroadcastQueue          system_server                        W  Background execution not allowed: receiving Intent { act=android.intent.action.USER_PRESENT flg=0x24200010 } to com.google.android.gms/.chimera.GmsIntentOperationService$PersistentTrustedReceiver
2026-03-20 19:35:41.439   356-356   NxpFwDnld               vendor.nxp.nxpnfc@1.0-service        E  free library SUCCESS !!
2026-03-20 19:35:41.439   356-356   NxpFwDnld               vendor.nxp.nxpnfc@1.0-service        E  Freeing Mem for Dnld Context..
2026-03-20 19:35:41.439   356-356   NxpHal                  vendor.nxp.nxpnfc@1.0-service        D  Chip Version Middleware Version mismatch!!!!
2026-03-20 19:35:41.443   356-1664  NxpTml                  vendor.nxp.nxpnfc@1.0-service        D  PN54X - Write requested.....
2026-03-20 19:35:41.444   356-1664  NxpTml                  vendor.nxp.nxpnfc@1.0-service        D  PN54X - Invoking I2C Write.....
2026-03-20 19:35:41.446   736-957   WifiController          system_server                        D  DeviceActiveState CMD_USER_PRESENT{ when=-1ms what=155660 target=com.android.internal.util.StateMachine$SmHandler }
2026-03-20 19:35:41.447   736-736   AudioSystem             system_server                        D  +setParameters(): screen_state=on 
2026-03-20 19:35:41.447   331-331   AudioALSAHardware       and...re.audio@2.0-service-mediatek  D  +setParameters(): screen_state=on
2026-03-20 19:35:41.448   331-331   AudioALSAStreamOut      and...re.audio@2.0-service-mediatek  D  +setScreenState(), flag 6, mode 1
2026-03-20 19:35:41.451   331-331   AudioALSAStreamOut      and...re.audio@2.0-service-mediatek  D  +setScreenState(), flag 8, mode 1
2026-03-20 19:35:41.451   331-331   AudioALSAStreamManager  and...re.audio@2.0-service-mediatek  E  setScreenState, mStreamInVector[0]->getInputFlags() = 0x0
2026-03-20 19:35:41.451   331-331   AudioALSAStreamIn       and...re.audio@2.0-service-mediatek  D  +setLowLatencyMode(), mode 1
2026-03-20 19:35:41.451   331-331   AudioALSAHardware       and...re.audio@2.0-service-mediatek  D  -setParameters(): screen_state=on 
2026-03-20 19:35:41.459   736-958   WifiStateMachine        system_server                        D   MtkL2ConnectedState { when=-100ms what=131158 target=com.android.internal.util.StateMachine$SmHandler } 0 0, mShouldDeferDisableWifi = false, mState = MONITORING
2026-03-20 19:35:41.461   736-859   WindowManager           system_server                        I  Waiting for drawn Window{1ac8fa9 u0 com.loudtalks/com.zello.ui.MainActivity}: removed=false visible=true mHasSurface=true drawState=1
2026-03-20 19:35:41.461   736-859   WindowManager           system_server                        I  Waiting for drawn Window{d97d030 u0 StatusBar}: removed=false visible=true mHasSurface=true drawState=1
2026-03-20 19:35:41.462   736-944   InputReader             system_server                        I  Reconfiguring input devices.  changes=0x00000004
2026-03-20 19:35:41.463   356-1664  NxpTml                  vendor.nxp.nxpnfc@1.0-service        E  _i2c_write() errno : 5
2026-03-20 19:35:41.463   356-1664  NxpTml                  vendor.nxp.nxpnfc@1.0-service        E  PN54X - Error in I2C Write.....
2026-03-20 19:35:41.463   356-1664  NxpTml                  vendor.nxp.nxpnfc@1.0-service        D  PN54X - Posting Fresh Write message.....
2026-03-20 19:35:41.463   356-1664  NxpTml                  vendor.nxp.nxpnfc@1.0-service        D  PN54X - Tml Writer Thread Running................
2026-03-20 19:35:41.463   356-1666  NxpHal                  vendor.nxp.nxpnfc@1.0-service        E  write error status = 0x1ff
2026-03-20 19:35:41.463   356-356   NxpHal                  vendor.nxp.nxpnfc@1.0-service        E  write_unlocked failed - PN54X Maybe in Standby Mode - Retry
2026-03-20 19:35:41.466  7405-7405  dkltyd                  com.android.launcher3                D  getText:   : 0   :com.android.launcher3.ExtendedEditText   isFocused:false  EeitTextgetTextlength: 0
2026-03-20 19:35:41.468   408-929   Accelerometer           and....sensors@1.0-service-mediatek  I  enable: handle:0, en:0
2026-03-20 19:35:41.471 30351-31882 NearbySharing           com.google.android.gms.persistent    I  Screen is unlocked
2026-03-20 19:35:41.471 30351-31882 NearbySharing           com.google.android.gms.persistent    I  Uwb feature is off.
2026-03-20 19:35:41.471   736-926   WindowManager           system_server                        I  Waiting for drawn Window{1ac8fa9 u0 com.loudtalks/com.zello.ui.MainActivity}: removed=false visible=true mHasSurface=true drawState=1
2026-03-20 19:35:41.471 30351-31882 NearbySharing           com.google.android.gms.persistent    I  Uwb feature is off.
2026-03-20 19:35:41.471 30351-31882 NearbySharing           com.google.android.gms.persistent    I  Stopping scanning because Bluetooth is disabled.
2026-03-20 19:35:41.472   736-926   WindowManager           system_server                        I  Waiting for drawn Window{d97d030 u0 StatusBar}: removed=false visible=true mHasSurface=true drawState=1
2026-03-20 19:35:41.473   356-1664  NxpTml                  vendor.nxp.nxpnfc@1.0-service        D  PN54X - Write requested.....
2026-03-20 19:35:41.473   356-1664  NxpTml                  vendor.nxp.nxpnfc@1.0-service        D  PN54X - Invoking I2C Write.....
2026-03-20 19:35:41.479 30351-31882 NearbySharing           com.google.android.gms.persistent    I  Stopping Fast Init advertisement because Bluetooth is off.
2026-03-20 19:35:41.479 30351-31882 NearbySharing           com.google.android.gms.persistent    I  Stopping advertising because Bluetooth is disabled.
2026-03-20 19:35:41.484   736-957   WifiController          system_server                        D  DeviceActiveState CMD_SCREEN_ON{ when=-1ms what=155650 target=com.android.internal.util.StateMachine$SmHandler }
2026-03-20 19:35:41.484   736-957   WifiController          system_server                        D  StaEnabledState CMD_SCREEN_ON{ when=-1ms what=155650 target=com.android.internal.util.StateMachine$SmHandler }
2026-03-20 19:35:41.484   736-957   WifiController          system_server                        D  DefaultState CMD_SCREEN_ON{ when=-1ms what=155650 target=com.android.internal.util.StateMachine$SmHandler }
2026-03-20 19:35:41.487  1134-14801 MtkPhoneIntfMgrEx       com.android.phone                    E  [notifyEPDGScreenState] state:2 ,phoneId: 0
2026-03-20 19:35:41.493   356-1664  NxpTml                  vendor.nxp.nxpnfc@1.0-service        E  _i2c_write() errno : 5
2026-03-20 19:35:41.493   356-1664  NxpTml                  vendor.nxp.nxpnfc@1.0-service        E  PN54X - Error in I2C Write.....
2026-03-20 19:35:41.493   356-1664  NxpTml                  vendor.nxp.nxpnfc@1.0-service        D  PN54X - Posting Fresh Write message.....
2026-03-20 19:35:41.493   356-1664  NxpTml                  vendor.nxp.nxpnfc@1.0-service        D  PN54X - Tml Writer Thread Running................
2026-03-20 19:35:41.493   356-1666  NxpHal                  vendor.nxp.nxpnfc@1.0-service        E  write error status = 0x1ff
2026-03-20 19:35:41.493   356-356   NxpHal                  vendor.nxp.nxpnfc@1.0-service        E  write_unlocked failed - PN54X Maybe in Standby Mode - Retry
2026-03-20 19:35:41.504   356-1664  NxpTml                  vendor.nxp.nxpnfc@1.0-service        D  PN54X - Write requested.....
2026-03-20 19:35:41.504   356-1664  NxpTml                  vendor.nxp.nxpnfc@1.0-service        D  PN54X - Invoking I2C Write.....
2026-03-20 19:35:41.512 30351-31882 NearbySharing           com.google.android.gms.persistent    I  Fast Initiation Scanning has stopped
2026-03-20 19:35:41.512 30351-31882 NearbySharing           com.google.android.gms.persistent    I  Stopping FastInitiation scanning because Bluetooth is disabled.
2026-03-20 19:35:41.513   997-997   StatusBar               com.android.systemui                 D  onNotificationRemoved: StatusBarNotification(pkg=android user=UserHandle{0} id=40 tag=null key=0|android|40|null|1000: Notification(channel=FOREGROUND_SERVICE pri=0 contentView=null vibrate=null sound=null defaults=0x0 flags=0x2 color=0xff607d8b vis=PRIVATE))
2026-03-20 19:35:41.513 30351-31882 NearbySharing           com.google.android.gms.persistent    I  Dismissing HUN as there's no device nearby.
2026-03-20 19:35:41.520   997-1030  ResourceType            com.android.systemui                 W  ResTable_typeSpec entry count inconsistent: given 221, previously 254
2026-03-20 19:35:41.522   997-1030  ResourceType            com.android.systemui                 W  ResTable_typeSpec entry count inconsistent: given 5982, previously 5983
2026-03-20 19:35:41.525   356-1664  NxpTml                  vendor.nxp.nxpnfc@1.0-service        E  _i2c_write() errno : 5
2026-03-20 19:35:41.525   356-1664  NxpTml                  vendor.nxp.nxpnfc@1.0-service        E  PN54X - Error in I2C Write.....
2026-03-20 19:35:41.525   356-1664  NxpTml                  vendor.nxp.nxpnfc@1.0-service        D  PN54X - Posting Fresh Write message.....
2026-03-20 19:35:41.525   356-1664  NxpTml                  vendor.nxp.nxpnfc@1.0-service        D  PN54X - Tml Writer Thread Running................
2026-03-20 19:35:41.525   356-1666  NxpHal                  vendor.nxp.nxpnfc@1.0-service        E  write error status = 0x1ff
2026-03-20 19:35:41.526   356-356   NxpHal                  vendor.nxp.nxpnfc@1.0-service        E  write_unlocked failed - PN54X Maybe in Standby Mode - Retry
2026-03-20 19:35:41.535   366-863   BufferQueueProducer     surfaceflinger                       I  [NavigationBar#0](this:0xadf28000,id:1569,api:1,p:997,c:366) queueBuffer: fps=0.01 dur=109646.11 max=109646.11 min=109646.11
2026-03-20 19:35:41.537   356-1664  NxpTml                  vendor.nxp.nxpnfc@1.0-service        D  PN54X - Write requested.....
2026-03-20 19:35:41.537   356-1664  NxpTml                  vendor.nxp.nxpnfc@1.0-service        D  PN54X - Invoking I2C Write.....
2026-03-20 19:35:41.542 30351-927   NearbyMediums           com.google.android.gms.persistent    I  ModuleInitializer handles incoming intent android.intent.action.USER_PRESENT
2026-03-20 19:35:41.547   366-863   BufferQueueProducer     surfaceflinger                       I  [StatusBar#0](this:0xadede000,id:5,api:1,p:997,c:366) queueBuffer: fps=0.22 dur=4626.08 max=4626.08 min=4626.08
2026-03-20 19:35:41.549   736-3487  WifiService             system_server                        I  getWifiEnabledState uid=10004
2026-03-20 19:35:41.549   736-3487  WifiService             system_server                        I  getSupportedFeatures uid=10004
2026-03-20 19:35:41.550   736-958   WifiStateMachine        system_server                        D   MtkL2ConnectedState { when=0 what=131133 target=com.android.internal.util.StateMachine$SmHandler } 0 0, mShouldDeferDisableWifi = false, mState = MONITORING
2026-03-20 19:35:41.552   353-353   WifiHAL                 android.hardware.wifi@1.0-service    I  [WIFI HAL]wifi_get_supported_feature_set: handle=0xb2d89530, feature_set=0x80101a
2026-03-20 19:35:41.553   736-926   WindowManager           system_server                        I  Waiting for drawn Window{1ac8fa9 u0 com.loudtalks/com.zello.ui.MainActivity}: removed=false visible=true mHasSurface=true drawState=1
2026-03-20 19:35:41.553   736-926   WindowManager           system_server                        I  Waiting for drawn Window{d97d030 u0 StatusBar}: removed=false visible=true mHasSurface=true drawState=4
2026-03-20 19:35:41.553   736-926   WindowManager           system_server                        D  Window drawn win=Window{d97d030 u0 StatusBar}
2026-03-20 19:35:41.553   353-353   WifiHAL                 android.hardware.wifi@1.0-service    I  [WIFI HAL]wifi_get_supported_feature_set: handle=0xb2d89530, feature_set=0x80101a
2026-03-20 19:35:41.556   356-1664  NxpTml                  vendor.nxp.nxpnfc@1.0-service        E  _i2c_write() errno : 5
2026-03-20 19:35:41.556   356-1664  NxpTml                  vendor.nxp.nxpnfc@1.0-service        E  PN54X - Error in I2C Write.....
2026-03-20 19:35:41.556   356-1664  NxpTml                  vendor.nxp.nxpnfc@1.0-service        D  PN54X - Posting Fresh Write message.....
2026-03-20 19:35:41.557   356-1664  NxpTml                  vendor.nxp.nxpnfc@1.0-service        D  PN54X - Tml Writer Thread Running................
2026-03-20 19:35:41.561   356-1666  NxpHal                  vendor.nxp.nxpnfc@1.0-service        E  write error status = 0x1ff
2026-03-20 19:35:41.561   356-356   NxpHal                  vendor.nxp.nxpnfc@1.0-service        E  write_unlocked failed - PN54X Maybe in Standby Mode - Retry
2026-03-20 19:35:41.562   997-997   StatusBar               com.android.systemui                 D  removeNotification key=0|android|40|null|1000 old=StatusBarNotification(pkg=android user=UserHandle{0} id=40 tag=null key=0|android|40|null|1000: Notification(channel=FOREGROUND_SERVICE pri=0 contentView=null vibrate=null sound=null defaults=0x0 flags=0x2 color=0xff607d8b vis=PRIVATE))
2026-03-20 19:35:41.570 28594-28622 FIAM.Headless           com.loudtalks                        I  Forcing fetch from service rather than cache. Test Device: false | App Fresh Install: true
2026-03-20 19:35:41.571   736-5192  WifiService             system_server                        I  getWifiEnabledState uid=10004
2026-03-20 19:35:41.591   356-1664  NxpTml                  vendor.nxp.nxpnfc@1.0-service        D  PN54X - Write requested.....
2026-03-20 19:35:41.591   356-1664  NxpTml                  vendor.nxp.nxpnfc@1.0-service        D  PN54X - Invoking I2C Write.....
2026-03-20 19:35:41.593 29348-31616 DeviceStatusMonitor     com...gle.android.inputmethod.latin  I  DeviceStatusMonitor.handleBroadcast():138 onReceive() : Action = android.intent.action.SCREEN_ON
2026-03-20 19:35:41.593 29348-31616 DeviceStatusMonitor     com...gle.android.inputmethod.latin  I  DeviceStatusMonitor.updateCountryInfo():154 updateCountryInfo(), notifyAnyway = false
2026-03-20 19:35:41.613 28594-28643 SessionLifecycleClient  com.loudtalks                        D  Sending lifecycle 1 to service
2026-03-20 19:35:41.615   380-30752 MPE                     mnld                                 D  mtk_gps_mnl_trigger_mpe: mpemsg len=24
2026-03-20 19:35:41.615   380-30752 MPE                     mnld                                 D  mtk_gps_mnl_trigger_mpe: MPE not enable
2026-03-20 19:35:41.617   356-1664  NxpTml                  vendor.nxp.nxpnfc@1.0-service        E  _i2c_write() errno : 5
2026-03-20 19:35:41.617   356-1664  NxpTml                  vendor.nxp.nxpnfc@1.0-service        E  PN54X - Error in I2C Write.....
2026-03-20 19:35:41.617   356-1664  NxpTml                  vendor.nxp.nxpnfc@1.0-service        D  PN54X - Posting Fresh Write message.....
2026-03-20 19:35:41.617   356-1664  NxpTml                  vendor.nxp.nxpnfc@1.0-service        D  PN54X - Tml Writer Thread Running................
2026-03-20 19:35:41.617   356-1666  NxpHal                  vendor.nxp.nxpnfc@1.0-service        E  write error status = 0x1ff
2026-03-20 19:35:41.617   356-356   NxpHal                  vendor.nxp.nxpnfc@1.0-service        E  write_unlocked failed - PN54X Maybe in Standby Mode - Retry
2026-03-20 19:35:41.620 28594-29746 AudioTrack              com.loudtalks                        D  pause(): 0x7e41e600, mState = 0
2026-03-20 19:35:41.622 28594-29102 SessionLifecycleService com.loudtalks                        D  Activity foregrounding at 222821753.
2026-03-20 19:35:41.624 28594-28622 FIAM.Headless           com.loudtalks                        I  Recoverable exception while reading cache: /data/user/0/com.loudtalks/files/fiam_impressions_store_file (No such file or directory)
2026-03-20 19:35:41.627   381-674   AudioFlinger_Threads    audioserver                          D  pause signal - [NOT READY] on thread
2026-03-20 19:35:41.627  1486-1486  GED Service             ged_srv                              D  signo=49, event_notify=00000400
2026-03-20 19:35:41.629   354-374   powerd                  merged_hal_service                   I  [powerd_req] POWER_MSG_QUERY_INFO: cmd:6, param:0
2026-03-20 19:35:41.630 28594-29746 AudioTrack              com.loudtalks                        D  stop(): 0x7e41e600, mState = 2
2026-03-20 19:35:41.631   736-3487  MediaRouterService      system_server                        V  restoreBluetoothA2dp(false)
2026-03-20 19:35:41.631 28594-29746 AudioTrack              com.loudtalks                        D  audiotrack 0x7e41e600 stop done
2026-03-20 19:35:41.632 28594-29746 AudioTrack              com.loudtalks                        D  ~AudioTrack(): 0x7e41e600
2026-03-20 19:35:41.632 28594-29746 AudioTrack              com.loudtalks                        D  stop(): 0x7e41e600, mState = 1
2026-03-20 19:35:41.632   366-366   DisplayDevice           surfaceflinger                       I  [Built-in Screen (type:0)] fps:0.425680,dur:4698.36,max:4598.93,min:99.43
2026-03-20 19:35:41.636   356-1664  NxpTml                  vendor.nxp.nxpnfc@1.0-service        D  PN54X - Write requested.....
2026-03-20 19:35:41.636   356-1664  NxpTml                  vendor.nxp.nxpnfc@1.0-service        D  PN54X - Invoking I2C Write.....
2026-03-20 19:35:41.638   736-873   DuraSpeed/...eedService system_server                        D  [onPlaybackConfigChanged], play music packageNames:[]
2026-03-20 19:35:41.639   736-873   DuraSpeed/...eedService system_server                        D  [onPlaybackConfigChanged], play music packageNames:[]
2026-03-20 19:35:41.639   736-873   DuraSpeed/...icyFactory system_server                        D  packageName: com.loudtalks, delay about 1ms by now
2026-03-20 19:35:41.651   736-982   SurfaceControl          system_server                        D  Excessive delay in setPowerMode()
2026-03-20 19:35:41.655 28594-30111 FA                      com.loudtalks                        W  Ignoring call to log screen view event with duplicate parameters.
2026-03-20 19:35:41.673   381-538   APM_AudioPolicyManager  audioserver                          D  stopOutput() output 13, stream 3, session 11705
2026-03-20 19:35:41.673   381-538   APM::Audio...Descriptor audioserver                          V  changeRefCount() stream 3, count 0
2026-03-20 19:35:41.675   366-403   HWComposer              surfaceflinger                       W  Ignoring duplicate VSYNC event from HWC (t=0)
2026-03-20 19:35:41.679   356-1664  NxpTml                  vendor.nxp.nxpnfc@1.0-service        E  _i2c_write() errno : 5
2026-03-20 19:35:41.680   356-1664  NxpTml                  vendor.nxp.nxpnfc@1.0-service        E  PN54X - Error in I2C Write.....
2026-03-20 19:35:41.681   356-1664  NxpTml                  vendor.nxp.nxpnfc@1.0-service        D  PN54X - Posting Fresh Write message.....
2026-03-20 19:35:41.681   356-1664  NxpTml                  vendor.nxp.nxpnfc@1.0-service        D  PN54X - Tml Writer Thread Running................
2026-03-20 19:35:41.681   356-1666  NxpHal                  vendor.nxp.nxpnfc@1.0-service        E  write error status = 0x1ff
2026-03-20 19:35:41.682 28594-30896 AudioRecord             com.loudtalks                        D  start: 0x805aa000, sync event 0 trigger session 0
2026-03-20 19:35:41.682   381-9017  APM_AudioPolicyManager  audioserver                          D  startInput() input 966
2026-03-20 19:35:41.684   356-356   NxpHal                  vendor.nxp.nxpnfc@1.0-service        E  write_unlocked failed - PN54X Maybe in Standby Mode (max count = 0x6)
2026-03-20 19:35:41.684   356-356   NxpTml                  vendor.nxp.nxpnfc@1.0-service        D  phTmlNfc_i2c_reset(), VEN level 0
2026-03-20 19:35:41.687 28594-30740 FIAM.Headless           com.loudtalks                        I  Fetching campaigns from service.
2026-03-20 19:35:41.688   331-331   AudioALSAHardware       and...re.audio@2.0-service-mediatek  D  +routing createAudioPatch 80000004->Mixer Src 1
2026-03-20 19:35:41.688   331-331   AudioALSAStreamManager  and...re.audio@2.0-service-mediatek  D  +setParameters(), IOport = 966, keyValuePairs = input_source=1;routing=-2147483644
2026-03-20 19:35:41.688   331-331   AudioALSAStreamIn       and...re.audio@2.0-service-mediatek  D  +setParameters(): input_source=1;routing=-2147483644
2026-03-20 19:35:41.688   331-331   AudioALSAStreamManager  and...re.audio@2.0-service-mediatek  D  +routingInputDevice(), input_device: 0x80000004 => 0x80000004
2026-03-20 19:35:41.689   331-331   AudioALSAStreamManager  and...re.audio@2.0-service-mediatek  W  -routingInputDevice(), input_device == current_input_device(0x80000004), return
2026-03-20 19:35:41.689   331-331   AudioALSAStreamIn       and...re.audio@2.0-service-mediatek  D  -setParameters(): input_source=1;routing=-2147483644 
2026-03-20 19:35:41.690 28594-30896 AudioRecord             com.loudtalks                        D  start return status 0
2026-03-20 19:35:41.698   366-403   HWComposer              surfaceflinger                       W  Ignoring duplicate VSYNC event from HWC (t=0)
2026-03-20 19:35:41.699 28594-30740 DynamiteModule          com.loudtalks                        W  Local module descriptor class for com.google.android.gms.providerinstaller.dynamite not found.
2026-03-20 19:35:41.699   331-1006  AudioALSAStreamIn       and...re.audio@2.0-service-mediatek  D  open()
2026-03-20 19:35:41.701   331-1006  AudioALSAStreamManager  and...re.audio@2.0-service-mediatek  D  +createCaptureHandler(), mAudioMode = 0, input_source = 1, input_device = 0x80000004, mBypassDualMICProcessUL=0, sample_rate=32000
2026-03-20 19:35:41.701   331-1006  NVRAM                   and...re.audio@2.0-service-mediatek  D  getNumMicSupport(), dualMicFlag 1, numMicString 2
2026-03-20 19:35:41.702   331-1006  NVRAM                   and...re.audio@2.0-service-mediatek  D  QueryFeatureSupportInfo(), feature support bit 0x1a097c57 
2026-03-20 19:35:41.702   331-1006  AudioALSAStreamManager  and...re.audio@2.0-service-mediatek  D  -EnableBesRecord(), 1
2026-03-20 19:35:41.703   331-1006  AudioALSAC...andlerBase and...re.audio@2.0-service-mediatek  D  AudioALSACaptureHandlerBase()
2026-03-20 19:35:41.703   331-1006  AudioALSAC...dlerNormal and...re.audio@2.0-service-mediatek  D  AudioALSACaptureHandlerNormal()
2026-03-20 19:35:41.704   331-1006  AudioALSAC...dlerNormal and...re.audio@2.0-service-mediatek  D  init()
2026-03-20 19:35:41.704   331-1006  AudioALSAC...dlerNormal and...re.audio@2.0-service-mediatek  D  +open(), input_device = 0x80000004, input_source = 0x1, sample_rate=32000, num_channels=1
2026-03-20 19:35:41.704   331-1006  AudioALSAC...DataClient and...re.audio@2.0-service-mediatek  D  AudioALSACaptureDataClient()
2026-03-20 19:35:41.704   331-1006  AudioSPELayer           and...re.audio@2.0-service-mediatek  D  SPELayer+
2026-03-20 19:35:41.704   331-1006  AudioSPELayer           and...re.audio@2.0-service-mediatek  D  GetVoIPJitterTime JitterTime=0,ret=1
2026-03-20 19:35:41.704   736-936   MtkDataShapingUtils     system_server                        D  openLteGateByDataShaping datashaping instance is null
2026-03-20 19:35:41.706   380-30752 MPE                     mnld                                 D  mtk_gps_mnl_trigger_mpe: mpemsg len=24
2026-03-20 19:35:41.707   380-30752 MPE                     mnld                                 D  mtk_gps_mnl_trigger_mpe: MPE not enable
2026-03-20 19:35:41.711   380-30752 pseudo                  mnld                                 D  mtk_gps_sys_nmea_output_to_mnld: received 1057 bytes:
2026-03-20 19:35:41.713   380-30752 pseudo                  mnld                                 D  mtk_gps_sys_nmea_output_to_app: len:1057, [NMEA]$GNGGA,233542.00...
2026-03-20 19:35:41.713   380-30752 gps_controlller         mnld                                 D  mtk_gps_sys_gps_mnl_callback: msg:0
2026-03-20 19:35:41.713   380-30752 gps_controlller         mnld                                 D  send_active_notify: send clean nmea timer cmd!
2026-03-20 19:35:41.713   380-30752 gps_controlller         mnld                                 D  mtk_gps_sys_gps_mnl_callback: MTK_GPS_MSG_FIX_READY, GET_RTC_OK, -0.031, 0.008
2026-03-20 19:35:41.713   380-30752 gps_controlller         mnld                                 D  mtk_gps_sys_gps_mnl_callback: Age = 2, RTCDiff = 30, Time_interval = 10
2026-03-20 19:35:41.713   380-30752 pseudo                  mnld                                 D  mtk_gps_sys_nmea_output_to_app: len:46, [vAGPS_Auto_Req]:g_FirstDbtt:0,u2BitMap:0x100
2026-03-20 19:35:41.713   380-509   MNLD                    mnld                                 D  mnld_main_thread: main_event_hdlr msg
2026-03-20 19:35:41.713   380-509   MNLD                    mnld                                 W  main_event_hdlr: GPS2MAIN_EVENT_UPDATE_LOCATION  lat=39.926150 lng=-75.140762 acc=2.100000
2026-03-20 19:35:41.713   380-509   MNLD                    mnld                                 D  main_event_hdlr: wait_first_location=0
2026-03-20 19:35:41.714   414-434   agps                    mtk_agpsd                            D  [agps][n][AGPS] [MNL] write  pmtk  [$PMTK680,1,FFFFF655*7D
                                                                                                     ]
2026-03-20 19:35:41.714   380-509   MNLD                    mnld                                 D  main_event_hdlr: location_sync done
2026-03-20 19:35:41.714   414-434   agps                    mtk_agpsd                            D  Xed[V_8;|(7C0x)+x\HWcp=;h[Zi=R7&%D`L;2$5=8=-2LG1C`L-5q0,''+('&%pL:5d*$,#%$'-(rA$&`/rA-@q.yu !!#    yiSBDG5(b.yO5AFp.qN:<m-pS83ABAo-y
2026-03-20 19:35:41.714   414-434   agps                    mtk_agpsd                            D  Xed[V_8;|(7C0x)+x^Sm=;hQcPN=WI;=9E`C3bQ4I=5+2832#+;2$5=8=-2LG1CL-5`X:5d0,''+('&%|y$,#%$'-(rA$&`/rSE5`-hi
2026-03-20 19:35:41.715   380-499   gps_controlller         mnld                                 D  gps_control_thread: gps_control_thread wait
2026-03-20 19:35:41.719   736-944   zhouzhe                 system_server                        D  keyCode111 = 230
2026-03-20 19:35:41.720   736-944   tyd                     system_server                        D  sendBroadcast: android.intent.action.PTT.up
2026-03-20 19:35:41.720   736-944   ContextImpl             system_server                        W  Calling a method in the system process without a qualified user: android.app.ContextImpl.sendBroadcast:967 com.android.server.policy.PhoneWindowManager.sendBC:6496 com.android.server.policy.PhoneWindowManager.interceptKeyBeforeQueueing:6852 com.freeme.server.policy.FreemePhoneWindowManager.interceptKeyBeforeQueueing:301 com.android.server.wm.InputMonitor.interceptKeyBeforeQueueing:449 
2026-03-20 19:35:41.721   366-403   HWComposer              surfaceflinger                       W  Ignoring duplicate VSYNC event from HWC (t=0)
2026-03-20 19:35:41.721   736-944   ActivityManager         system_server                        E  Sending non-protected broadcast android.intent.action.PTT.up from system 736:system/1000 pkg android
                                                                                                    java.lang.Throwable
                                                                                                    	at com.android.server.am.ActivityManagerService.checkBroadcastFromSystem(ActivityManagerService.java:19307)
                                                                                                    	at com.android.server.am.ActivityManagerService.broadcastIntentLocked(ActivityManagerService.java:19827)
                                                                                                    	at com.android.server.am.ActivityManagerService.broadcastIntent(ActivityManagerService.java:20062)
                                                                                                    	at android.app.ContextImpl.sendBroadcast(ContextImpl.java:971)
                                                                                                    	at com.android.server.policy.PhoneWindowManager.sendBC(PhoneWindowManager.java:6496)
                                                                                                    	at com.android.server.policy.PhoneWindowManager.interceptKeyBeforeQueueing(PhoneWindowManager.java:6852)
                                                                                                    	at com.freeme.server.policy.FreemePhoneWindowManager.interceptKeyBeforeQueueing(FreemePhoneWindowManager.java:301)
                                                                                                    	at com.android.server.wm.InputMonitor.interceptKeyBeforeQueueing(InputMonitor.java:449)
                                                                                                    	at com.android.server.input.InputManagerService.interceptKeyBeforeQueueing(InputManagerService.java:1975)
2026-03-20 19:35:41.723 30351-30351 RCNIntentOperation      com.google.android.gms.persistent    I  RCN is disabled on this network.
2026-03-20 19:35:41.731   736-944   AES                     system_server                        W  Exception Log handling...
2026-03-20 19:35:41.734   736-944   AES                     system_server                        D  ExceptionLog: notify aed (process:system_server pid:736 cause:system_server_wtf )
2026-03-20 19:35:41.734   736-944   AEE_LIBAEE              system_server                        D  shell: raise_exp(11, 736, -1361051648, system_server, 0x0x8d27c9e0, 0x0x0)
2026-03-20 19:35:41.735   736-944   AEE_LIBAEE              system_server                        D  com.mtk.aee.aedshell: connected with AED OK
2026-03-20 19:35:41.736   690-690   AEE_AED                 aee_aed                              D  $===AEE===AEE===AEE===$
2026-03-20 19:35:41.736   690-690   AEE_AED                 aee_aed                              D  p 1 poll events 1 revents 1
2026-03-20 19:35:41.736   690-690   AEE_AED                 aee_aed                              D  PPM cpu cores:4, online:4
2026-03-20 19:35:41.738   690-690   AEE_AED                 aee_aed                              D  aed_main_fork_worker: generator 0xa7409440, worker 0xbe8bf798, recv_fd 10
2026-03-20 19:35:41.740   736-857   LocationManagerService  system_server                        D  incoming location from: gps
2026-03-20 19:35:41.740  1016-1016  AEE_AED                 pid-1016                             D  read success, handling msg (Ind, AE_IND_WRN_RAISED)
2026-03-20 19:35:41.740   736-857   LocationManagerService  system_server                        D  incoming location from: gps
2026-03-20 19:35:41.741  1016-1016  AEE_AED                 pid-1016                             I  [preset_info] pid: 736, tid: -1361051648, name: UNKNOWN  >>> system_server <<<
2026-03-20 19:35:41.741  1016-1016  AEE_AED                 pid-1016                             D  u:r:system_server:s0
2026-03-20 19:35:41.741  1016-1016  AEE_AED                 pid-1016                             V  dashboard_record_update() : rec->module = system_server 
2026-03-20 19:35:41.741  1016-1016  AEE_AED                 pid-1016                             D  Skip duplicated exception ! 
2026-03-20 19:35:41.741  1016-1016  AEE_AED                 pid-1016                             D  Exception Class: 11 
2026-03-20 19:35:41.741  1016-1016  AEE_AED                 pid-1016                             D  Module: system_server 
2026-03-20 19:35:41.741  1016-1016  AEE_AED                 pid-1016                             D  Count: 4174 
2026-03-20 19:35:41.741  1016-1016  AEE_AED                 pid-1016                             D  Last exception time: 1774049741 
                                                                                                     
2026-03-20 19:35:41.741  1016-1016  AEE_AED                 pid-1016                             V  process session - skipped 
2026-03-20 19:35:41.741   736-944   AEE_LIBAEE              system_server                        D  shell: got the request (cmd:Ind,AE_IND_LOG_CLOSE)
2026-03-20 19:35:41.741   736-944   AEE_LIBAEE              system_server                        D  shell: Got session close ind from AED
2026-03-20 19:35:41.742   736-944   ActivityManager         system_server                        E  Sending non-protected broadcast android.intent.action.PTT.up from system 736:system/1000 pkg android
                                                                                                    java.lang.Throwable
                                                                                                    	at com.android.server.am.ActivityManagerService.checkBroadcastFromSystem(ActivityManagerService.java:19307)
                                                                                                    	at com.android.server.am.ActivityManagerService.broadcastIntentLocked(ActivityManagerService.java:19920)
                                                                                                    	at com.android.server.am.ActivityManagerService.broadcastIntent(ActivityManagerService.java:20062)
                                                                                                    	at android.app.ContextImpl.sendBroadcast(ContextImpl.java:971)
                                                                                                    	at com.android.server.policy.PhoneWindowManager.sendBC(PhoneWindowManager.java:6496)
                                                                                                    	at com.android.server.policy.PhoneWindowManager.interceptKeyBeforeQueueing(PhoneWindowManager.java:6852)
                                                                                                    	at com.freeme.server.policy.FreemePhoneWindowManager.interceptKeyBeforeQueueing(FreemePhoneWindowManager.java:301)
                                                                                                    	at com.android.server.wm.InputMonitor.interceptKeyBeforeQueueing(InputMonitor.java:449)
                                                                                                    	at com.android.server.input.InputManagerService.interceptKeyBeforeQueueing(InputManagerService.java:1975)
2026-03-20 19:35:41.743   690-690   AEE_AED                 aee_aed                              D  clear ppm settings
2026-03-20 19:35:41.744   356-356   NxpTml                  vendor.nxp.nxpnfc@1.0-service        D  phTmlNfc_i2c_reset(), VEN level 1
2026-03-20 19:35:41.745   366-403   HWComposer              surfaceflinger                       W  Ignoring duplicate VSYNC event from HWC (t=0)
2026-03-20 19:35:41.747   690-690   AEE_AED                 aee_aed                              D  $===AEE===AEE===AEE===$
2026-03-20 19:35:41.750   736-944   AES                     system_server                        W  Exception Log handling...
2026-03-20 19:35:41.752   736-944   AES                     system_server                        D  ExceptionLog: notify aed (process:system_server pid:736 cause:system_server_wtf )
2026-03-20 19:35:41.752   736-944   AEE_LIBAEE              system_server                        D  shell: raise_exp(11, 736, -1361051648, system_server, 0x0x8b833cc0, 0x0x0)
2026-03-20 19:35:41.753 30351-30622 ProviderHelper          com.google.android.gms.persistent    W  Unknown dynamite feature providerinstaller.dynamite
2026-03-20 19:35:41.753   736-944   AEE_LIBAEE              system_server                        D  com.mtk.aee.aedshell: connected with AED OK
2026-03-20 19:35:41.754   331-1006  AudioSPELayer           and...re.audio@2.0-service-mediatek  D  SPELayer-
2026-03-20 19:35:41.754   331-1006  AudioMTKGainController  and...re.audio@2.0-service-mediatek  D  +SetCaptureGain(), mode=0, source=1, input device=0x80000004, output device=0x2
2026-03-20 19:35:41.754   331-1006  NVRAM                   and...re.audio@2.0-service-mediatek  D  getNumMicSupport(), dualMicFlag 1, numMicString 2
2026-03-20 19:35:41.754   331-1006  NVRAM                   and...re.audio@2.0-service-mediatek  D  QueryFeatureSupportInfo(), feature support bit 0x1a097c57 
2026-03-20 19:35:41.755   331-1006  AudioSpeechEnhanceInfo  and...re.audio@2.0-service-mediatek  D  IsAPDMNRTuningEnable(), 0
2026-03-20 19:35:41.755   331-1006  AudioUtility            and...re.audio@2.0-service-mediatek  D  IsAudioSupportFeature AUDIO_SUPPORT_DMIC bSupportFlg[0]
2026-03-20 19:35:41.755   331-1006  AudioMTKGainController  and...re.audio@2.0-service-mediatek  D  ApplyMicGain(), mSceneIndex = 0, _mic_mode = 0, _gain_device = 2, mode = 0, micgain = 20, mULTotalGain = 152, mBand = 0, mNetwork = 0, analogidx = 2
2026-03-20 19:35:41.755   331-1006  AudioALSAC...DataClient and...re.audio@2.0-service-mediatek  D  AudioALSACaptureDataClient(), besrecord_enable=1, besrecord_scene=-1
2026-03-20 19:35:41.755   331-1006  AudioSPELayer           and...re.audio@2.0-service-mediatek  D  SetVMDumpEnable(), 0
2026-03-20 19:35:41.755   331-1006  AudioSPELayer           and...re.audio@2.0-service-mediatek  D  SetVMDumpFileName()+, VMFileName=
2026-03-20 19:35:41.755   331-1006  AudioSPELayer           and...re.audio@2.0-service-mediatek  D  SetVMDumpFileName()-, VMFileName=, mVMDumpFileName=
2026-03-20 19:35:41.755   331-1006  AudioSPELayer           and...re.audio@2.0-service-mediatek  D  SetPlatfromTimeOffset, old=0, new=-4
2026-03-20 19:35:41.755   331-1006  AudioALSAC...DataClient and...re.audio@2.0-service-mediatek  D  CheckBesRecordBypass() 0
2026-03-20 19:35:41.755   331-1006  AudioALSAC...DataClient and...re.audio@2.0-service-mediatek  D  +ConfigBesRecordParams()
2026-03-20 19:35:41.755   331-1006  AudioALSAC...DataClient and...re.audio@2.0-service-mediatek  D  +GetBesRecordRoutePath(), output device = 0x2, input device = 0x80000004
2026-03-20 19:35:41.755   331-1006  NVRAM                   and...re.audio@2.0-service-mediatek  D  getNumMicSupport(), dualMicFlag 1, numMicString 2
2026-03-20 19:35:41.755   331-1006  NVRAM                   and...re.audio@2.0-service-mediatek  D  QueryFeatureSupportInfo(), feature support bit 0x1a097c57 
2026-03-20 19:35:41.755   331-1006  AudioALSAC...DataClient and...re.audio@2.0-service-mediatek  D  CheckBesRecordStereoModeEnable(), set the mBesRecordStereoMode = true
2026-03-20 19:35:41.755   331-1006  AudioALSAC...DataClient and...re.audio@2.0-service-mediatek  D  CheckBesRecordStereoModeEnable(), mBesRecordStereoMode = 1
2026-03-20 19:35:41.755   331-1006  AudioALSAC...DataClient and...re.audio@2.0-service-mediatek  D  ConfigBesRecordParams(), categoryPath = Application,SndRecNormal,Profile,Handset, mBesRecordStereoMode = 1, input_source = 1, input_devices = 80000004, bVoIPEnable = 0, bypassDualProcess = 0
2026-03-20 19:35:41.755   331-1006  AudioSPELayer           and...re.audio@2.0-service-mediatek  D  SetCompFilter, SPE_MODE=1
2026-03-20 19:35:41.755   331-1006  NVRAM                   and...re.audio@2.0-service-mediatek  D  getNumMicSupport(), dualMicFlag 1, numMicString 2
2026-03-20 19:35:41.755   331-1006  NVRAM                   and...re.audio@2.0-service-mediatek  D  QueryFeatureSupportInfo(), feature support bit 0x1a097c57 
2026-03-20 19:35:41.755   331-1006  AudioSPELayer           and...re.audio@2.0-service-mediatek  D  SetRoute, 2
2026-03-20 19:35:41.756   331-1006  AudioSPELayer           and...re.audio@2.0-service-mediatek  D  SetMICDigitalGain, MIC_DG, SPE_MODE=1, gain=12
2026-03-20 19:35:41.756   331-1006  AudioSPELayer           and...re.audio@2.0-service-mediatek  D  SetUpLinkTotalGain, SPE_MODE=1, gain=152
2026-03-20 19:35:41.756   331-1006  AudioALSAC...DataClient and...re.audio@2.0-service-mediatek  D  -ConfigBesRecordParams()
2026-03-20 19:35:41.756   331-1006  AudioALSAC...DataClient and...re.audio@2.0-service-mediatek  D  +StartBesRecord()
2026-03-20 19:35:41.756   331-1006  AudioSPELayer           and...re.audio@2.0-service-mediatek  D  mRecordSampleRate=48000, mRecordFrameRate=20, mRecordApp_table=8
2026-03-20 19:35:41.756   331-1006  AudioSPELayer           and...re.audio@2.0-service-mediatek  D  Start, SWIP ver = 10.2
2026-03-20 19:35:41.756   331-1006  AudioSPELayer           and...re.audio@2.0-service-mediatek  D  Start, going to configure,mSphCtrlBuffer=0xa70c5680,mem_size=226672
2026-03-20 19:35:41.756   331-1006  AudioSPELayer           and...re.audio@2.0-service-mediatek  D  dump, State=0, mode=0
2026-03-20 19:35:41.756   331-1006  AudioSPELayer           and...re.audio@2.0-service-mediatek  D  Record:Samplerate = 48000, FrameRate=20,App_table=8, Fea_Cfg_table=1ff
2026-03-20 19:35:41.756   331-1006  AudioSPELayer           and...re.audio@2.0-service-mediatek  D  Record:EnhanceParas
2026-03-20 19:35:41.756   331-1006  AudioSPELayer           and...re.audio@2.0-service-mediatek  D  [index 0] 0,479,16388,36884,37639,8192,896
2026-03-20 19:35:41.756   331-1006  AudioSPELayer           and...re.audio@2.0-service-mediatek  D  [index 1] 0,36624,197,611,0,0,0
2026-03-20 19:35:41.756   331-1006  AudioSPELayer           and...re.audio@2.0-service-mediatek  D  [index 2] 0,8192,0,0,0,0,0
2026-03-20 19:35:41.756   331-1006  AudioSPELayer           and...re.audio@2.0-service-mediatek  D  [index 3] 0,0,0,0,0,0,0
2026-03-20 19:35:41.756   331-1006  AudioSPELayer           and...re.audio@2.0-service-mediatek  D  [index 4] 0,0,0,0,0,0,0
2026-03-20 19:35:41.756   331-1006  AudioSPELayer           and...re.audio@2.0-service-mediatek  D  [index 5] 0,0,0,0,0,0,0
2026-03-20 19:35:41.756   331-1006  AudioSPELayer           and...re.audio@2.0-service-mediatek  D  [index 6] 0,0,0,0,0,0,0
2026-03-20 19:35:41.756   331-1006  AudioSPELayer           and...re.audio@2.0-service-mediatek  D  [index 7] 55997,31000,10752,32769,0,0,0
2026-03-20 19:35:41.756   331-1006  AudioSPELayer           and...re.audio@2.0-service-mediatek  D  Using:Samplerate = 48000, FrameRate=20,MIC_DG=12, App_table=8, Fea_Cfg_table=1ff, MMI_table=ffffffff, Device_mode=2, MMI_MIC_GAIN=152
2026-03-20 19:35:41.756   331-1006  AudioSPELayer           and...re.audio@2.0-service-mediatek  D  Using:EnhanceParas
2026-03-20 19:35:41.756   331-1006  AudioSPELayer           and...re.audio@2.0-service-mediatek  D  [index 0] 0,479,16388,36884,37639,8192,896
2026-03-20 19:35:41.756   331-1006  AudioSPELayer           and...re.audio@2.0-service-mediatek  D  [index 1] 0,36624,197,611,0,0,0
2026-03-20 19:35:41.757   331-1006  AudioSPELayer           and...re.audio@2.0-service-mediatek  D  [index 2] 0,8192,0,0,0,0,0
2026-03-20 19:35:41.757   331-1006  AudioSPELayer           and...re.audio@2.0-service-mediatek  D  [index 3] 0,0,0,0,0,0,0
2026-03-20 19:35:41.757   331-1006  AudioSPELayer           and...re.audio@2.0-service-mediatek  D  [index 4] 0,0,0,0,0,0,0
2026-03-20 19:35:41.757   331-1006  AudioSPELayer           and...re.audio@2.0-service-mediatek  D  [index 5] 0,0,0,0,0,0,0
2026-03-20 19:35:41.757   331-1006  AudioSPELayer           and...re.audio@2.0-service-mediatek  D  [index 6] 0,0,0,0,0,0,0
2026-03-20 19:35:41.757   331-1006  AudioSPELayer           and...re.audio@2.0-service-mediatek  D  [index 7] 55997,31000,10752,32769,0,0,0
2026-03-20 19:35:41.757   331-1006  AudioSPELayer           and...re.audio@2.0-service-mediatek  D  Using:DMNRCalData
2026-03-20 19:35:41.757   331-1006  AudioSPELayer           and...re.audio@2.0-service-mediatek  D  [index 0] 0,0,0,0,0,0,0,0,0,0,0,0,0,0,0,0,0,0,0
2026-03-20 19:35:41.757   331-1006  AudioSPELayer           and...re.audio@2.0-service-mediatek  D  [index 1] 0,0,0,0,0,0,0,0,0,0,0,0,0,0,0,0,0,0,0
2026-03-20 19:35:41.757   331-1006  AudioSPELayer           and...re.audio@2.0-service-mediatek  D  [index 2] 0,0,0,0,0,0,0,0,0,0,0,0,0,0,0,0,0,0,0
2026-03-20 19:35:41.757   331-1006  AudioSPELayer           and...re.audio@2.0-service-mediatek  D  [index 3] 0,0,0,0,0,0,0,0,0,0,0,0,0,0,0,0,0,0,0
2026-03-20 19:35:41.757   331-1006  AudioSPELayer           and...re.audio@2.0-service-mediatek  D  mSph_Enh_ctrl.frame_rate 20
2026-03-20 19:35:41.757   331-1006  AudioSPELayer           and...re.audio@2.0-service-mediatek  D  mNsecPerSample=62500
2026-03-20 19:35:41.757   331-1006  AudioSPELayer           and...re.audio@2.0-service-mediatek  D  mSPEProcessBufSize=3840
2026-03-20 19:35:41.757   331-1006  AudioALSAC...DataClient and...re.audio@2.0-service-mediatek  D  -StartBesRecord()
2026-03-20 19:35:41.757   331-1006  AudioALSAC...DataClient and...re.audio@2.0-service-mediatek  D  sample rate = 32000, drop ms = 25, channels = 1, byts per sample = 2, dropBesRecordDataSize = 1600
2026-03-20 19:35:41.757   331-1006  AudioPreProcess         and...re.audio@2.0-service-mediatek  D  AudioPreProcess()+
2026-03-20 19:35:41.757   331-1006  AudioPreProcess         and...re.audio@2.0-service-mediatek  D  AudioPreProcess()-
2026-03-20 19:35:41.758   331-1006  AudioALSAC...oviderBase and...re.audio@2.0-service-mediatek  D  configStreamAttribute(), audio_mode: 0 => 0, input_device: 0x80000004 => 0x80000004, flag: 0x0 => 0x0, input_source: 1->1
2026-03-20 19:35:41.758   331-1006  AudioALSAC...oviderBase and...re.audio@2.0-service-mediatek  D  attach(), 0xa7f1da00, mCaptureDataClientVector.size()=0, Identity=0xa937d800
2026-03-20 19:35:41.758   331-1006  AudioALSADeviceParser   and...re.audio@2.0-service-mediatek  D  compare pcm success = 1, stringpair = MultiMedia1_Capture
2026-03-20 19:35:41.758   331-1006  AudioALSAC...iderNormal and...re.audio@2.0-service-mediatek  D  open(+), audiomode=0, cardindex = 0, pcmindex = 1
