2026-04-10 22:06:47.939  6608-7136  [AudioCapture]          com.reedersystems.commandcomms       D  PCM_SUMMARY frames=51 totalFrames=62 silentFrames=51 partials=0 zeros=0 t=1449ms
2026-04-10 22:06:47.942  6608-9730  [OpusCodec]             com.reedersystems.commandcomms       D  ENCODE_PCM_FALLBACK reason=circuit_breaker_tripped pcmBytes=640 frame=5 t=1452ms
2026-04-10 22:06:47.961  6608-9730  [OpusCodec]             com.reedersystems.commandcomms       D  ENCODE_PCM_FALLBACK reason=circuit_breaker_tripped pcmBytes=640 frame=5 t=1471ms
2026-04-10 22:06:47.971  6608-6975  [AudioPlay]             com.reedersystems.commandcomms       D  PLC frame for seq=18166 (total=17791) jbSize=1 t=1481ms
2026-04-10 22:06:47.981  6608-9730  [OpusCodec]             com.reedersystems.commandcomms       D  ENCODE_PCM_FALLBACK reason=circuit_breaker_tripped pcmBytes=640 frame=5 t=1491ms
2026-04-10 22:06:48.006  6608-9730  [OpusCodec]             com.reedersystems.commandcomms       D  ENCODE_PCM_FALLBACK reason=circuit_breaker_tripped pcmBytes=640 frame=5 t=1516ms
2026-04-10 22:06:48.019  6608-7136  [AudioDSP]              com.reedersystems.commandcomms       D  TX_GATE OPEN envelope=-47.3dB threshold=-50.0dB frame=66 t=1529ms
2026-04-10 22:06:48.021  6608-9730  [OpusCodec]             com.reedersystems.commandcomms       D  ENCODE_PCM_FALLBACK reason=circuit_breaker_tripped pcmBytes=640 frame=5 t=1531ms
2026-04-10 22:06:48.027  6608-6975  [OpusCodec]             com.reedersystems.commandcomms       D  DECODE_SUMMARY frames=49 totalFrames=18401 totalOpusBytes=97910 totalPcmBytes=11776640 plcCount=17794 t=1537ms
2026-04-10 22:06:48.041  6608-9730  [OpusCodec]             com.reedersystems.commandcomms       D  ENCODE_PCM_FALLBACK reason=circuit_breaker_tripped pcmBytes=640 frame=5 t=1551ms
2026-04-10 22:06:48.061  6608-9730  [OpusCodec]             com.reedersystems.commandcomms       D  ENCODE_PCM_FALLBACK reason=circuit_breaker_tripped pcmBytes=640 frame=5 t=1571ms
2026-04-10 22:06:48.081  6608-9730  [OpusCodec]             com.reedersystems.commandcomms       D  ENCODE_PCM_FALLBACK reason=circuit_breaker_tripped pcmBytes=640 frame=5 t=1591ms
2026-04-10 22:06:48.105  6608-9730  [OpusCodec]             com.reedersystems.commandcomms       D  ENCODE_PCM_FALLBACK reason=circuit_breaker_tripped pcmBytes=640 frame=5 t=1615ms
2026-04-10 22:06:48.121  6608-9730  [OpusCodec]             com.reedersystems.commandcomms       D  ENCODE_PCM_FALLBACK reason=circuit_breaker_tripped pcmBytes=640 frame=5 t=1631ms
2026-04-10 22:06:48.143  6608-9730  [OpusCodec]             com.reedersystems.commandcomms       D  ENCODE_PCM_FALLBACK reason=circuit_breaker_tripped pcmBytes=640 frame=5 t=1654ms
2026-04-10 22:06:48.161  6608-9730  [OpusCodec]             com.reedersystems.commandcomms       D  ENCODE_PCM_FALLBACK reason=circuit_breaker_tripped pcmBytes=640 frame=5 t=1671ms
2026-04-10 22:06:48.169  6608-6972  [AudioPlay]             com.reedersystems.commandcomms       D  PLC frame for seq=18176 (total=17801) jbSize=1 t=1679ms
2026-04-10 22:06:48.181  6608-9730  [OpusCodec]             com.reedersystems.commandcomms       D  ENCODE_PCM_FALLBACK reason=circuit_breaker_tripped pcmBytes=640 frame=5 t=1691ms
2026-04-10 22:06:48.190  6608-6972  [UdpTransport]          com.reedersystems.commandcomms       D  {"event":"UDP_KEEPALIVE_SENT","dest":"comms.reeder-systems.com:5100","fast":false,"intervalMs":8000}
2026-04-10 22:06:48.201  6608-9730  [OpusCodec]             com.reedersystems.commandcomms       D  ENCODE_PCM_FALLBACK reason=circuit_breaker_tripped pcmBytes=640 frame=5 t=1712ms
2026-04-10 22:06:48.220  6608-7136  [AudioDSP]              com.reedersystems.commandcomms       D  TX_GATE CLOSED envelope=-51.6dB threshold=-50.0dB frame=76 t=1730ms
2026-04-10 22:06:48.223  6608-9730  [OpusCodec]             com.reedersystems.commandcomms       D  ENCODE_PCM_FALLBACK reason=circuit_breaker_tripped pcmBytes=640 frame=5 t=1733ms
2026-04-10 22:06:48.244  6608-9730  [OpusCodec]             com.reedersystems.commandcomms       D  ENCODE_PCM_FALLBACK reason=circuit_breaker_tripped pcmBytes=640 frame=5 t=1754ms
2026-04-10 22:06:48.260  6608-9730  [OpusCodec]             com.reedersystems.commandcomms       D  ENCODE_PCM_FALLBACK reason=circuit_breaker_tripped pcmBytes=640 frame=5 t=1770ms
2026-04-10 22:06:48.281  6608-9730  [OpusCodec]             com.reedersystems.commandcomms       D  ENCODE_PCM_FALLBACK reason=circuit_breaker_tripped pcmBytes=640 frame=5 t=1791ms
2026-04-10 22:06:48.301  6608-9730  [OpusCodec]             com.reedersystems.commandcomms       D  ENCODE_PCM_FALLBACK reason=circuit_breaker_tripped pcmBytes=640 frame=5 t=1812ms
2026-04-10 22:06:48.321  6608-9730  [OpusCodec]             com.reedersystems.commandcomms       D  ENCODE_PCM_FALLBACK reason=circuit_breaker_tripped pcmBytes=640 frame=5 t=1831ms
2026-04-10 22:06:48.341  6608-9730  [OpusCodec]             com.reedersystems.commandcomms       D  ENCODE_PCM_FALLBACK reason=circuit_breaker_tripped pcmBytes=640 frame=5 t=1851ms
2026-04-10 22:06:48.361  6608-9730  [OpusCodec]             com.reedersystems.commandcomms       D  ENCODE_PCM_FALLBACK reason=circuit_breaker_tripped pcmBytes=640 frame=5 t=1871ms
2026-04-10 22:06:48.369  6608-7135  [AudioPlay]             com.reedersystems.commandcomms       D  PLC frame for seq=18186 (total=17811) jbSize=1 t=1879ms
2026-04-10 22:06:48.381  6608-9730  [OpusCodec]             com.reedersystems.commandcomms       D  ENCODE_PCM_FALLBACK reason=circuit_breaker_tripped pcmBytes=640 frame=5 t=1891ms
2026-04-10 22:06:48.402  6608-9730  [OpusCodec]             com.reedersystems.commandcomms       D  ENCODE_PCM_FALLBACK reason=circuit_breaker_tripped pcmBytes=640 frame=5 t=1912ms
2026-04-10 22:06:48.421  6608-9730  [OpusCodec]             com.reedersystems.commandcomms       D  ENCODE_PCM_FALLBACK reason=circuit_breaker_tripped pcmBytes=640 frame=5 t=1931ms
2026-04-10 22:06:48.446  6608-9730  [OpusCodec]             com.reedersystems.commandcomms       D  ENCODE_PCM_FALLBACK reason=circuit_breaker_tripped pcmBytes=640 frame=5 t=1956ms
2026-04-10 22:06:48.459  6608-6608  [PTT-DIAG]              com.reedersystems.commandcomms       D  PttHardwareReceiver.onReceive action=android.intent.action.PTT.longpress extras=null source=broadcast
2026-04-10 22:06:48.459  6608-6608  [PTT-DIAG]              com.reedersystems.commandcomms       D  PttHardwareReceiver: longpress consumed action=android.intent.action.PTT.longpress ordered=false — suppressing T320 default beep
2026-04-10 22:06:48.460  6608-6608  [PTT-DIAG]              com.reedersystems.commandcomms       W  PttHardwareReceiver: longpress is NORMAL broadcast (not ordered) — abortBroadcast not possible for action=android.intent.action.PTT.longpress
2026-04-10 22:06:48.464  6608-6608  [PTT-DIAG]              com.reedersystems.commandcomms       D  PttHardwareReceiver.onReceive action=android.intent.action.PTT.longpress extras=null source=broadcast
2026-04-10 22:06:48.464  6608-6608  [PTT-DIAG]              com.reedersystems.commandcomms       D  PttHardwareReceiver: longpress consumed action=android.intent.action.PTT.longpress ordered=false — suppressing T320 default beep
2026-04-10 22:06:48.464  6608-6608  [PTT-DIAG]              com.reedersystems.commandcomms       W  PttHardwareReceiver: longpress is NORMAL broadcast (not ordered) — abortBroadcast not possible for action=android.intent.action.PTT.longpress
2026-04-10 22:06:48.471  6608-9730  [OpusCodec]             com.reedersystems.commandcomms       D  ENCODE_PCM_FALLBACK reason=circuit_breaker_tripped pcmBytes=640 frame=5 t=1981ms
2026-04-10 22:06:48.482  6608-9730  [OpusCodec]             com.reedersystems.commandcomms       D  ENCODE_PCM_FALLBACK reason=circuit_breaker_tripped pcmBytes=640 frame=5 t=1992ms
2026-04-10 22:06:48.502  6608-9730  [OpusCodec]             com.reedersystems.commandcomms       D  ENCODE_PCM_FALLBACK reason=circuit_breaker_tripped pcmBytes=640 frame=5 t=2012ms
2026-04-10 22:06:48.522  6608-9730  [OpusCodec]             com.reedersystems.commandcomms       D  ENCODE_PCM_FALLBACK reason=circuit_breaker_tripped pcmBytes=640 frame=5 t=2033ms
2026-04-10 22:06:48.544  6608-9730  [OpusCodec]             com.reedersystems.commandcomms       D  ENCODE_PCM_FALLBACK reason=circuit_breaker_tripped pcmBytes=640 frame=5 t=2054ms
2026-04-10 22:06:48.561  6608-9730  [OpusCodec]             com.reedersystems.commandcomms       D  ENCODE_PCM_FALLBACK reason=circuit_breaker_tripped pcmBytes=640 frame=5 t=2071ms
2026-04-10 22:06:48.573  6608-6666  [AudioPlay]             com.reedersystems.commandcomms       D  PLC frame for seq=18196 (total=17821) jbSize=1 t=2083ms
2026-04-10 22:06:48.580  6608-9730  [OpusCodec]             com.reedersystems.commandcomms       D  ENCODE_PCM_FALLBACK reason=circuit_breaker_tripped pcmBytes=640 frame=5 t=2091ms
2026-04-10 22:06:48.601  6608-9730  [OpusCodec]             com.reedersystems.commandcomms       D  ENCODE_PCM_FALLBACK reason=circuit_breaker_tripped pcmBytes=640 frame=5 t=2111ms
2026-04-10 22:06:48.622  6608-9730  [OpusCodec]             com.reedersystems.commandcomms       D  ENCODE_PCM_FALLBACK reason=circuit_breaker_tripped pcmBytes=640 frame=5 t=2132ms
2026-04-10 22:06:48.641  6608-9730  [OpusCodec]             com.reedersystems.commandcomms       D  ENCODE_PCM_FALLBACK reason=circuit_breaker_tripped pcmBytes=640 frame=5 t=2151ms
2026-04-10 22:06:48.660  6608-9730  [OpusCodec]             com.reedersystems.commandcomms       D  ENCODE_PCM_FALLBACK reason=circuit_breaker_tripped pcmBytes=640 frame=5 t=2171ms
2026-04-10 22:06:48.681  6608-9730  [OpusCodec]             com.reedersystems.commandcomms       D  ENCODE_PCM_FALLBACK reason=circuit_breaker_tripped pcmBytes=640 frame=5 t=2191ms
2026-04-10 22:06:48.702  6608-9730  [OpusCodec]             com.reedersystems.commandcomms       D  ENCODE_PCM_FALLBACK reason=circuit_breaker_tripped pcmBytes=640 frame=5 t=2212ms
2026-04-10 22:06:48.723  6608-9730  [OpusCodec]             com.reedersystems.commandcomms       D  ENCODE_PCM_FALLBACK reason=circuit_breaker_tripped pcmBytes=640 frame=5 t=2233ms
2026-04-10 22:06:48.741  6608-9730  [OpusCodec]             com.reedersystems.commandcomms       D  ENCODE_PCM_FALLBACK reason=circuit_breaker_tripped pcmBytes=640 frame=5 t=2251ms
2026-04-10 22:06:48.766  6608-9730  [OpusCodec]             com.reedersystems.commandcomms       D  ENCODE_PCM_FALLBACK reason=circuit_breaker_tripped pcmBytes=640 frame=5 t=2276ms
2026-04-10 22:06:48.782  6608-7135  [AudioPlay]             com.reedersystems.commandcomms       D  PLC frame for seq=18206 (total=17831) jbSize=1 t=2292ms
2026-04-10 22:06:48.791  6608-7136  [AudioDSP]              com.reedersystems.commandcomms       D  TX_GATE OPEN envelope=-50.0dB threshold=-50.0dB frame=104 t=2301ms
2026-04-10 22:06:48.795  6608-9730  [OpusCodec]             com.reedersystems.commandcomms       D  ENCODE_PCM_FALLBACK reason=circuit_breaker_tripped pcmBytes=640 frame=5 t=2305ms
2026-04-10 22:06:48.805  6608-9730  [OpusCodec]             com.reedersystems.commandcomms       D  ENCODE_PCM_FALLBACK reason=circuit_breaker_tripped pcmBytes=640 frame=5 t=2315ms
2026-04-10 22:06:48.822  6608-9730  [OpusCodec]             com.reedersystems.commandcomms       D  ENCODE_PCM_FALLBACK reason=circuit_breaker_tripped pcmBytes=640 frame=5 t=2333ms
2026-04-10 22:06:48.841  6608-9730  [OpusCodec]             com.reedersystems.commandcomms       D  ENCODE_PCM_FALLBACK reason=circuit_breaker_tripped pcmBytes=640 frame=5 t=2351ms
2026-04-10 22:06:48.862  6608-9730  [OpusCodec]             com.reedersystems.commandcomms       D  ENCODE_PCM_FALLBACK reason=circuit_breaker_tripped pcmBytes=640 frame=5 t=2372ms
2026-04-10 22:06:48.881  6608-9730  [OpusCodec]             com.reedersystems.commandcomms       D  ENCODE_PCM_FALLBACK reason=circuit_breaker_tripped pcmBytes=640 frame=5 t=2391ms
2026-04-10 22:06:48.883  6608-6666  [UdpTransport]          com.reedersystems.commandcomms       D  TX_SUMMARY packets=50 totalPkts=5980 totalBytes=3025828 failures=0 dest=comms.reeder-systems.com:5100 t=2393ms
2026-04-10 22:06:48.905  6608-9730  [OpusCodec]             com.reedersystems.commandcomms       D  ENCODE_PCM_FALLBACK reason=circuit_breaker_tripped pcmBytes=640 frame=5 t=2415ms
2026-04-10 22:06:48.920  6608-9730  [OpusCodec]             com.reedersystems.commandcomms       D  ENCODE_PCM_FALLBACK reason=circuit_breaker_tripped pcmBytes=640 frame=5 t=2431ms
2026-04-10 22:06:48.941  6608-9730  [OpusCodec]             com.reedersystems.commandcomms       D  ENCODE_PCM_FALLBACK reason=circuit_breaker_tripped pcmBytes=640 frame=5 t=2451ms
2026-04-10 22:06:48.958  6608-7136  [AudioCapture]          com.reedersystems.commandcomms       D  PCM_SUMMARY frames=51 totalFrames=113 silentFrames=76 partials=0 zeros=0 t=2468ms
2026-04-10 22:06:48.961  6608-9730  [OpusCodec]             com.reedersystems.commandcomms       D  ENCODE_PCM_FALLBACK reason=circuit_breaker_tripped pcmBytes=640 frame=5 t=2471ms
2026-04-10 22:06:48.973  6608-6975  [AudioPlay]             com.reedersystems.commandcomms       D  PLC frame for seq=18216 (total=17841) jbSize=1 t=2483ms
2026-04-10 22:06:48.981  6608-9730  [OpusCodec]             com.reedersystems.commandcomms       D  ENCODE_PCM_FALLBACK reason=circuit_breaker_tripped pcmBytes=640 frame=5 t=2491ms
2026-04-10 22:06:49.002  6608-9730  [OpusCodec]             com.reedersystems.commandcomms       D  ENCODE_PCM_FALLBACK reason=circuit_breaker_tripped pcmBytes=640 frame=5 t=2512ms
2026-04-10 22:06:49.020  6608-9730  [OpusCodec]             com.reedersystems.commandcomms       D  ENCODE_PCM_FALLBACK reason=circuit_breaker_tripped pcmBytes=640 frame=5 t=2531ms
2026-04-10 22:06:49.030  6608-6975  [OpusCodec]             com.reedersystems.commandcomms       D  DECODE_SUMMARY frames=50 totalFrames=18451 totalOpusBytes=97910 totalPcmBytes=11808640 plcCount=17844 t=2540ms
2026-04-10 22:06:49.040  6608-9730  [OpusCodec]             com.reedersystems.commandcomms       D  ENCODE_PCM_FALLBACK reason=circuit_breaker_tripped pcmBytes=640 frame=5 t=2551ms
2026-04-10 22:06:49.062  6608-9730  [OpusCodec]             com.reedersystems.commandcomms       D  ENCODE_PCM_FALLBACK reason=circuit_breaker_tripped pcmBytes=640 frame=5 t=2572ms
2026-04-10 22:06:49.081  6608-9730  [OpusCodec]             com.reedersystems.commandcomms       D  ENCODE_PCM_FALLBACK reason=circuit_breaker_tripped pcmBytes=640 frame=5 t=2591ms
2026-04-10 22:06:49.103  6608-9730  [OpusCodec]             com.reedersystems.commandcomms       D  ENCODE_PCM_FALLBACK reason=circuit_breaker_tripped pcmBytes=640 frame=5 t=2613ms
2026-04-10 22:06:49.122  6608-9730  [OpusCodec]             com.reedersystems.commandcomms       D  ENCODE_PCM_FALLBACK reason=circuit_breaker_tripped pcmBytes=640 frame=5 t=2632ms
2026-04-10 22:06:49.141  6608-9730  [OpusCodec]             com.reedersystems.commandcomms       D  ENCODE_PCM_FALLBACK reason=circuit_breaker_tripped pcmBytes=640 frame=5 t=2651ms
2026-04-10 22:06:49.161  6608-9730  [OpusCodec]             com.reedersystems.commandcomms       D  ENCODE_PCM_FALLBACK reason=circuit_breaker_tripped pcmBytes=640 frame=5 t=2672ms
2026-04-10 22:06:49.172  6608-6972  [AudioPlay]             com.reedersystems.commandcomms       D  PLC frame for seq=18226 (total=17851) jbSize=1 t=2682ms
2026-04-10 22:06:49.180  6608-7136  [AudioDSP]              com.reedersystems.commandcomms       D  TX_GATE CLOSED envelope=-54.8dB threshold=-50.0dB frame=124 t=2690ms
2026-04-10 22:06:49.182  6608-9730  [OpusCodec]             com.reedersystems.commandcomms       D  ENCODE_PCM_FALLBACK reason=circuit_breaker_tripped pcmBytes=640 frame=5 t=2692ms
2026-04-10 22:06:49.202  6608-9730  [OpusCodec]             com.reedersystems.commandcomms       D  ENCODE_PCM_FALLBACK reason=circuit_breaker_tripped pcmBytes=640 frame=5 t=2712ms
2026-04-10 22:06:49.221  6608-9730  [OpusCodec]             com.reedersystems.commandcomms       D  ENCODE_PCM_FALLBACK reason=circuit_breaker_tripped pcmBytes=640 frame=5 t=2731ms
2026-04-10 22:06:49.241  6608-9730  [OpusCodec]             com.reedersystems.commandcomms       D  ENCODE_PCM_FALLBACK reason=circuit_breaker_tripped pcmBytes=640 frame=5 t=2751ms
2026-04-10 22:06:49.261  6608-9730  [OpusCodec]             com.reedersystems.commandcomms       D  ENCODE_PCM_FALLBACK reason=circuit_breaker_tripped pcmBytes=640 frame=5 t=2772ms
2026-04-10 22:06:49.281  6608-9730  [OpusCodec]             com.reedersystems.commandcomms       D  ENCODE_PCM_FALLBACK reason=circuit_breaker_tripped pcmBytes=640 frame=5 t=2791ms
2026-04-10 22:06:49.305  6608-9730  [OpusCodec]             com.reedersystems.commandcomms       D  ENCODE_PCM_FALLBACK reason=circuit_breaker_tripped pcmBytes=640 frame=5 t=2815ms
2026-04-10 22:06:49.321  6608-9730  [OpusCodec]             com.reedersystems.commandcomms       D  ENCODE_PCM_FALLBACK reason=circuit_breaker_tripped pcmBytes=640 frame=5 t=2832ms
2026-04-10 22:06:49.341  6608-9730  [OpusCodec]             com.reedersystems.commandcomms       D  ENCODE_PCM_FALLBACK reason=circuit_breaker_tripped pcmBytes=640 frame=5 t=2851ms
2026-04-10 22:06:49.362  6608-9730  [OpusCodec]             com.reedersystems.commandcomms       D  ENCODE_PCM_FALLBACK reason=circuit_breaker_tripped pcmBytes=640 frame=5 t=2872ms
2026-04-10 22:06:49.373  6608-7135  [AudioPlay]             com.reedersystems.commandcomms       D  PLC frame for seq=18236 (total=17861) jbSize=1 t=2883ms
2026-04-10 22:06:49.383  6608-9730  [OpusCodec]             com.reedersystems.commandcomms       D  ENCODE_PCM_FALLBACK reason=circuit_breaker_tripped pcmBytes=640 frame=5 t=2893ms
2026-04-10 22:06:49.401  6608-9730  [OpusCodec]             com.reedersystems.commandcomms       D  ENCODE_PCM_FALLBACK reason=circuit_breaker_tripped pcmBytes=640 frame=5 t=2911ms
2026-04-10 22:06:49.424  6608-9730  [OpusCodec]             com.reedersystems.commandcomms       D  ENCODE_PCM_FALLBACK reason=circuit_breaker_tripped pcmBytes=640 frame=5 t=2934ms
2026-04-10 22:06:49.441  6608-9730  [OpusCodec]             com.reedersystems.commandcomms       D  ENCODE_PCM_FALLBACK reason=circuit_breaker_tripped pcmBytes=640 frame=5 t=2951ms
2026-04-10 22:06:49.461  6608-9730  [OpusCodec]             com.reedersystems.commandcomms       D  ENCODE_PCM_FALLBACK reason=circuit_breaker_tripped pcmBytes=640 frame=5 t=2971ms
2026-04-10 22:06:49.482  6608-9730  [OpusCodec]             com.reedersystems.commandcomms       D  ENCODE_PCM_FALLBACK reason=circuit_breaker_tripped pcmBytes=640 frame=5 t=2992ms
2026-04-10 22:06:49.504  6608-9730  [OpusCodec]             com.reedersystems.commandcomms       D  ENCODE_PCM_FALLBACK reason=circuit_breaker_tripped pcmBytes=640 frame=5 t=3014ms
2026-04-10 22:06:49.521  6608-9730  [OpusCodec]             com.reedersystems.commandcomms       D  ENCODE_PCM_FALLBACK reason=circuit_breaker_tripped pcmBytes=640 frame=5 t=3031ms
2026-04-10 22:06:49.541  6608-9730  [OpusCodec]             com.reedersystems.commandcomms       D  ENCODE_PCM_FALLBACK reason=circuit_breaker_tripped pcmBytes=640 frame=5 t=3051ms
2026-04-10 22:06:49.561  6608-9730  [OpusCodec]             com.reedersystems.commandcomms       D  ENCODE_PCM_FALLBACK reason=circuit_breaker_tripped pcmBytes=640 frame=5 t=3071ms
2026-04-10 22:06:49.573  6608-6975  [AudioPlay]             com.reedersystems.commandcomms       D  PLC frame for seq=18246 (total=17871) jbSize=1 t=3083ms
2026-04-10 22:06:49.581  6608-9730  [OpusCodec]             com.reedersystems.commandcomms       D  ENCODE_PCM_FALLBACK reason=circuit_breaker_tripped pcmBytes=640 frame=5 t=3091ms
2026-04-10 22:06:49.603  6608-9730  [OpusCodec]             com.reedersystems.commandcomms       D  ENCODE_PCM_FALLBACK reason=circuit_breaker_tripped pcmBytes=640 frame=5 t=3113ms
2026-04-10 22:06:49.621  6608-9730  [OpusCodec]             com.reedersystems.commandcomms       D  ENCODE_PCM_FALLBACK reason=circuit_breaker_tripped pcmBytes=640 frame=5 t=3131ms
2026-04-10 22:06:49.640  6608-9730  [OpusCodec]             com.reedersystems.commandcomms       D  ENCODE_PCM_FALLBACK reason=circuit_breaker_tripped pcmBytes=640 frame=5 t=3151ms
2026-04-10 22:06:49.661  6608-9730  [OpusCodec]             com.reedersystems.commandcomms       D  ENCODE_PCM_FALLBACK reason=circuit_breaker_tripped pcmBytes=640 frame=5 t=3171ms
2026-04-10 22:06:49.681  6608-9730  [OpusCodec]             com.reedersystems.commandcomms       D  ENCODE_PCM_FALLBACK reason=circuit_breaker_tripped pcmBytes=640 frame=5 t=3191ms
2026-04-10 22:06:49.701  6608-9730  [OpusCodec]             com.reedersystems.commandcomms       D  ENCODE_PCM_FALLBACK reason=circuit_breaker_tripped pcmBytes=640 frame=5 t=3211ms
2026-04-10 22:06:49.721  6608-9730  [OpusCodec]             com.reedersystems.commandcomms       D  ENCODE_PCM_FALLBACK reason=circuit_breaker_tripped pcmBytes=640 frame=5 t=3231ms
2026-04-10 22:06:49.741  6608-9730  [OpusCodec]             com.reedersystems.commandcomms       D  ENCODE_PCM_FALLBACK reason=circuit_breaker_tripped pcmBytes=640 frame=5 t=3251ms
2026-04-10 22:06:49.761  6608-9730  [OpusCodec]             com.reedersystems.commandcomms       D  ENCODE_PCM_FALLBACK reason=circuit_breaker_tripped pcmBytes=640 frame=5 t=3271ms
2026-04-10 22:06:49.773  6608-6666  [AudioPlay]             com.reedersystems.commandcomms       D  PLC frame for seq=18256 (total=17881) jbSize=1 t=3283ms
2026-04-10 22:06:49.784  6608-9730  [OpusCodec]             com.reedersystems.commandcomms       D  ENCODE_PCM_FALLBACK reason=circuit_breaker_tripped pcmBytes=640 frame=5 t=3294ms
2026-04-10 22:06:49.805  6608-7136  [AudioDSP]              com.reedersystems.commandcomms       D  TX_GATE OPEN envelope=-30.3dB threshold=-50.0dB frame=155 t=3315ms
2026-04-10 22:06:49.807  6608-9730  [OpusCodec]             com.reedersystems.commandcomms       D  ENCODE_PCM_FALLBACK reason=circuit_breaker_tripped pcmBytes=640 frame=5 t=3317ms
2026-04-10 22:06:49.822  6608-9730  [OpusCodec]             com.reedersystems.commandcomms       D  ENCODE_PCM_FALLBACK reason=circuit_breaker_tripped pcmBytes=640 frame=5 t=3332ms
2026-04-10 22:06:49.841  6608-9730  [OpusCodec]             com.reedersystems.commandcomms       D  ENCODE_PCM_FALLBACK reason=circuit_breaker_tripped pcmBytes=640 frame=5 t=3351ms
2026-04-10 22:06:49.861  6608-9730  [OpusCodec]             com.reedersystems.commandcomms       D  ENCODE_PCM_FALLBACK reason=circuit_breaker_tripped pcmBytes=640 frame=5 t=3371ms
2026-04-10 22:06:49.881  6608-9730  [OpusCodec]             com.reedersystems.commandcomms       D  ENCODE_PCM_FALLBACK reason=circuit_breaker_tripped pcmBytes=640 frame=5 t=3391ms
2026-04-10 22:06:49.882  6608-6975  [UdpTransport]          com.reedersystems.commandcomms       D  TX_SUMMARY packets=50 totalPkts=6030 totalBytes=3058978 failures=0 dest=comms.reeder-systems.com:5100 t=3393ms
2026-04-10 22:06:49.901  6608-9730  [OpusCodec]             com.reedersystems.commandcomms       D  ENCODE_PCM_FALLBACK reason=circuit_breaker_tripped pcmBytes=640 frame=5 t=3411ms
2026-04-10 22:06:49.922  6608-9730  [OpusCodec]             com.reedersystems.commandcomms       D  ENCODE_PCM_FALLBACK reason=circuit_breaker_tripped pcmBytes=640 frame=5 t=3432ms
2026-04-10 22:06:49.941  6608-9730  [OpusCodec]             com.reedersystems.commandcomms       D  ENCODE_PCM_FALLBACK reason=circuit_breaker_tripped pcmBytes=640 frame=5 t=3451ms
2026-04-10 22:06:49.961  6608-9730  [OpusCodec]             com.reedersystems.commandcomms       D  ENCODE_PCM_FALLBACK reason=circuit_breaker_tripped pcmBytes=640 frame=5 t=3471ms
2026-04-10 22:06:49.974  6608-6666  [AudioPlay]             com.reedersystems.commandcomms       D  PLC frame for seq=18266 (total=17891) jbSize=1 t=3484ms
2026-04-10 22:06:49.978  6608-7136  [AudioCapture]          com.reedersystems.commandcomms       D  PCM_SUMMARY frames=51 totalFrames=164 silentFrames=117 partials=0 zeros=0 t=3488ms
2026-04-10 22:06:49.981  6608-9730  [OpusCodec]             com.reedersystems.commandcomms       D  ENCODE_PCM_FALLBACK reason=circuit_breaker_tripped pcmBytes=640 frame=5 t=3491ms
2026-04-10 22:06:50.001  6608-9730  [OpusCodec]             com.reedersystems.commandcomms       D  ENCODE_PCM_FALLBACK reason=circuit_breaker_tripped pcmBytes=640 frame=5 t=3511ms
2026-04-10 22:06:50.021  6608-9730  [OpusCodec]             com.reedersystems.commandcomms       D  ENCODE_PCM_FALLBACK reason=circuit_breaker_tripped pcmBytes=640 frame=5 t=3531ms
2026-04-10 22:06:50.033  6608-6666  [OpusCodec]             com.reedersystems.commandcomms       D  DECODE_SUMMARY frames=50 totalFrames=18501 totalOpusBytes=97910 totalPcmBytes=11840640 plcCount=17894 t=3543ms
2026-04-10 22:06:50.041  6608-9730  [OpusCodec]             com.reedersystems.commandcomms       D  ENCODE_PCM_FALLBACK reason=circuit_breaker_tripped pcmBytes=640 frame=5 t=3551ms
2026-04-10 22:06:50.061  6608-9730  [OpusCodec]             com.reedersystems.commandcomms       D  ENCODE_PCM_FALLBACK reason=circuit_breaker_tripped pcmBytes=640 frame=5 t=3571ms
2026-04-10 22:06:50.082  6608-9730  [OpusCodec]             com.reedersystems.commandcomms       D  ENCODE_PCM_FALLBACK reason=circuit_breaker_tripped pcmBytes=640 frame=5 t=3592ms
2026-04-10 22:06:50.101  6608-9730  [OpusCodec]             com.reedersystems.commandcomms       D  ENCODE_PCM_FALLBACK reason=circuit_breaker_tripped pcmBytes=640 frame=5 t=3611ms
2026-04-10 22:06:50.121  6608-9730  [OpusCodec]             com.reedersystems.commandcomms       D  ENCODE_PCM_FALLBACK reason=circuit_breaker_tripped pcmBytes=640 frame=5 t=3631ms
2026-04-10 22:06:50.141  6608-9730  [OpusCodec]             com.reedersystems.commandcomms       D  ENCODE_PCM_FALLBACK reason=circuit_breaker_tripped pcmBytes=640 frame=5 t=3651ms
2026-04-10 22:06:50.161  6608-9730  [OpusCodec]             com.reedersystems.commandcomms       D  ENCODE_PCM_FALLBACK reason=circuit_breaker_tripped pcmBytes=640 frame=5 t=3671ms
2026-04-10 22:06:50.172  6608-6666  [AudioPlay]             com.reedersystems.commandcomms       D  PLC frame for seq=18276 (total=17901) jbSize=1 t=3682ms
2026-04-10 22:06:50.181  6608-9730  [OpusCodec]             com.reedersystems.commandcomms       D  ENCODE_PCM_FALLBACK reason=circuit_breaker_tripped pcmBytes=640 frame=5 t=3691ms
2026-04-10 22:06:50.201  6608-9730  [OpusCodec]             com.reedersystems.commandcomms       D  ENCODE_PCM_FALLBACK reason=circuit_breaker_tripped pcmBytes=640 frame=5 t=3711ms
2026-04-10 22:06:50.221  6608-9730  [OpusCodec]             com.reedersystems.commandcomms       D  ENCODE_PCM_FALLBACK reason=circuit_breaker_tripped pcmBytes=640 frame=5 t=3731ms
2026-04-10 22:06:50.240  6608-9730  [OpusCodec]             com.reedersystems.commandcomms       D  ENCODE_PCM_FALLBACK reason=circuit_breaker_tripped pcmBytes=640 frame=5 t=3751ms
2026-04-10 22:06:50.260  6608-9730  [OpusCodec]             com.reedersystems.commandcomms       D  ENCODE_PCM_FALLBACK reason=circuit_breaker_tripped pcmBytes=640 frame=5 t=3771ms
2026-04-10 22:06:50.281  6608-9730  [OpusCodec]             com.reedersystems.commandcomms       D  ENCODE_PCM_FALLBACK reason=circuit_breaker_tripped pcmBytes=640 frame=5 t=3791ms
2026-04-10 22:06:50.300  6608-9730  [OpusCodec]             com.reedersystems.commandcomms       D  ENCODE_PCM_FALLBACK reason=circuit_breaker_tripped pcmBytes=640 frame=5 t=3811ms
2026-04-10 22:06:50.321  6608-9730  [OpusCodec]             com.reedersystems.commandcomms       D  ENCODE_PCM_FALLBACK reason=circuit_breaker_tripped pcmBytes=640 frame=5 t=3831ms
2026-04-10 22:06:50.341  6608-9730  [OpusCodec]             com.reedersystems.commandcomms       D  ENCODE_PCM_FALLBACK reason=circuit_breaker_tripped pcmBytes=640 frame=5 t=3851ms
2026-04-10 22:06:50.360  6608-9730  [OpusCodec]             com.reedersystems.commandcomms       D  ENCODE_PCM_FALLBACK reason=circuit_breaker_tripped pcmBytes=640 frame=5 t=3871ms
2026-04-10 22:06:50.373  6608-6666  [AudioPlay]             com.reedersystems.commandcomms       D  PLC frame for seq=18286 (total=17911) jbSize=1 t=3883ms
2026-04-10 22:06:50.381  6608-9730  [OpusCodec]             com.reedersystems.commandcomms       D  ENCODE_PCM_FALLBACK reason=circuit_breaker_tripped pcmBytes=640 frame=5 t=3891ms
2026-04-10 22:06:50.402  6608-9730  [OpusCodec]             com.reedersystems.commandcomms       D  ENCODE_PCM_FALLBACK reason=circuit_breaker_tripped pcmBytes=640 frame=5 t=3912ms
2026-04-10 22:06:50.420  6608-9730  [OpusCodec]             com.reedersystems.commandcomms       D  ENCODE_PCM_FALLBACK reason=circuit_breaker_tripped pcmBytes=640 frame=5 t=3931ms
2026-04-10 22:06:50.441  6608-9730  [OpusCodec]             com.reedersystems.commandcomms       D  ENCODE_PCM_FALLBACK reason=circuit_breaker_tripped pcmBytes=640 frame=5 t=3951ms
2026-04-10 22:06:50.461  6608-9730  [OpusCodec]             com.reedersystems.commandcomms       D  ENCODE_PCM_FALLBACK reason=circuit_breaker_tripped pcmBytes=640 frame=5 t=3971ms
2026-04-10 22:06:50.481  6608-9730  [OpusCodec]             com.reedersystems.commandcomms       D  ENCODE_PCM_FALLBACK reason=circuit_breaker_tripped pcmBytes=640 frame=5 t=3991ms
2026-04-10 22:06:50.501  6608-9730  [OpusCodec]             com.reedersystems.commandcomms       D  ENCODE_PCM_FALLBACK reason=circuit_breaker_tripped pcmBytes=640 frame=5 t=4011ms
2026-04-10 22:06:50.520  6608-9730  [OpusCodec]             com.reedersystems.commandcomms       D  ENCODE_PCM_FALLBACK reason=circuit_breaker_tripped pcmBytes=640 frame=5 t=4031ms
2026-04-10 22:06:50.540  6608-9730  [OpusCodec]             com.reedersystems.commandcomms       D  ENCODE_PCM_FALLBACK reason=circuit_breaker_tripped pcmBytes=640 frame=5 t=4051ms
2026-04-10 22:06:50.561  6608-9730  [OpusCodec]             com.reedersystems.commandcomms       D  ENCODE_PCM_FALLBACK reason=circuit_breaker_tripped pcmBytes=640 frame=5 t=4071ms
2026-04-10 22:06:50.573  6608-6975  [AudioPlay]             com.reedersystems.commandcomms       D  PLC frame for seq=18296 (total=17921) jbSize=1 t=4083ms
2026-04-10 22:06:50.582  6608-9730  [OpusCodec]             com.reedersystems.commandcomms       D  ENCODE_PCM_FALLBACK reason=circuit_breaker_tripped pcmBytes=640 frame=5 t=4092ms
2026-04-10 22:06:50.601  6608-9730  [OpusCodec]             com.reedersystems.commandcomms       D  ENCODE_PCM_FALLBACK reason=circuit_breaker_tripped pcmBytes=640 frame=5 t=4111ms
2026-04-10 22:06:50.621  6608-9730  [OpusCodec]             com.reedersystems.commandcomms       D  ENCODE_PCM_FALLBACK reason=circuit_breaker_tripped pcmBytes=640 frame=5 t=4131ms
2026-04-10 22:06:50.641  6608-9730  [OpusCodec]             com.reedersystems.commandcomms       D  ENCODE_PCM_FALLBACK reason=circuit_breaker_tripped pcmBytes=640 frame=5 t=4151ms
2026-04-10 22:06:50.660  6608-9730  [OpusCodec]             com.reedersystems.commandcomms       D  ENCODE_PCM_FALLBACK reason=circuit_breaker_tripped pcmBytes=640 frame=5 t=4170ms
2026-04-10 22:06:50.681  6608-9730  [OpusCodec]             com.reedersystems.commandcomms       D  ENCODE_PCM_FALLBACK reason=circuit_breaker_tripped pcmBytes=640 frame=5 t=4192ms
2026-04-10 22:06:50.701  6608-9730  [OpusCodec]             com.reedersystems.commandcomms       D  ENCODE_PCM_FALLBACK reason=circuit_breaker_tripped pcmBytes=640 frame=5 t=4211ms
2026-04-10 22:06:50.721  6608-9730  [OpusCodec]             com.reedersystems.commandcomms       D  ENCODE_PCM_FALLBACK reason=circuit_breaker_tripped pcmBytes=640 frame=5 t=4231ms
2026-04-10 22:06:50.741  6608-9730  [OpusCodec]             com.reedersystems.commandcomms       D  ENCODE_PCM_FALLBACK reason=circuit_breaker_tripped pcmBytes=640 frame=5 t=4251ms
2026-04-10 22:06:50.761  6608-9730  [OpusCodec]             com.reedersystems.commandcomms       D  ENCODE_PCM_FALLBACK reason=circuit_breaker_tripped pcmBytes=640 frame=5 t=4271ms
2026-04-10 22:06:50.773  6608-6666  [AudioPlay]             com.reedersystems.commandcomms       D  PLC frame for seq=18306 (total=17931) jbSize=1 t=4283ms
2026-04-10 22:06:50.781  6608-9730  [OpusCodec]             com.reedersystems.commandcomms       D  ENCODE_PCM_FALLBACK reason=circuit_breaker_tripped pcmBytes=640 frame=5 t=4291ms
2026-04-10 22:06:50.801  6608-9730  [OpusCodec]             com.reedersystems.commandcomms       D  ENCODE_PCM_FALLBACK reason=circuit_breaker_tripped pcmBytes=640 frame=5 t=4311ms
2026-04-10 22:06:50.821  6608-9730  [OpusCodec]             com.reedersystems.commandcomms       D  ENCODE_PCM_FALLBACK reason=circuit_breaker_tripped pcmBytes=640 frame=5 t=4331ms
2026-04-10 22:06:50.841  6608-9730  [OpusCodec]             com.reedersystems.commandcomms       D  ENCODE_PCM_FALLBACK reason=circuit_breaker_tripped pcmBytes=640 frame=5 t=4351ms
2026-04-10 22:06:50.861  6608-9730  [OpusCodec]             com.reedersystems.commandcomms       D  ENCODE_PCM_FALLBACK reason=circuit_breaker_tripped pcmBytes=640 frame=5 t=4371ms
2026-04-10 22:06:50.881  6608-9730  [OpusCodec]             com.reedersystems.commandcomms       D  ENCODE_PCM_FALLBACK reason=circuit_breaker_tripped pcmBytes=640 frame=5 t=4391ms
2026-04-10 22:06:50.884  6608-6975  [UdpTransport]          com.reedersystems.commandcomms       D  TX_SUMMARY packets=50 totalPkts=6080 totalBytes=3092128 failures=0 dest=comms.reeder-systems.com:5100 t=4394ms
2026-04-10 22:06:50.900  6608-7136  [AudioDSP]              com.reedersystems.commandcomms       D  TX_GATE CLOSED envelope=-58.3dB threshold=-50.0dB frame=210 t=4410ms
2026-04-10 22:06:50.902  6608-9730  [OpusCodec]             com.reedersystems.commandcomms       D  ENCODE_PCM_FALLBACK reason=circuit_breaker_tripped pcmBytes=640 frame=5 t=4412ms
2026-04-10 22:06:50.921  6608-9730  [OpusCodec]             com.reedersystems.commandcomms       D  ENCODE_PCM_FALLBACK reason=circuit_breaker_tripped pcmBytes=640 frame=5 t=4431ms
2026-04-10 22:06:50.941  6608-9730  [OpusCodec]             com.reedersystems.commandcomms       D  ENCODE_PCM_FALLBACK reason=circuit_breaker_tripped pcmBytes=640 frame=5 t=4451ms
2026-04-10 22:06:50.960  6608-7136  [AudioDSP]              com.reedersystems.commandcomms       D  TX_GATE OPEN envelope=-49.0dB threshold=-50.0dB frame=213 t=4469ms
2026-04-10 22:06:50.962  6608-9730  [OpusCodec]             com.reedersystems.commandcomms       D  ENCODE_PCM_FALLBACK reason=circuit_breaker_tripped pcmBytes=640 frame=5 t=4472ms
2026-04-10 22:06:50.971  6608-6666  [AudioPlay]             com.reedersystems.commandcomms       D  PLC frame for seq=18316 (total=17941) jbSize=1 t=4481ms
2026-04-10 22:06:50.978  6608-7136  [AudioCapture]          com.reedersystems.commandcomms       D  PCM_SUMMARY frames=50 totalFrames=214 silentFrames=134 partials=0 zeros=0 t=4488ms
2026-04-10 22:06:50.981  6608-9730  [OpusCodec]             com.reedersystems.commandcomms       D  ENCODE_PCM_FALLBACK reason=circuit_breaker_tripped pcmBytes=640 frame=5 t=4491ms
2026-04-10 22:06:51.001  6608-9730  [OpusCodec]             com.reedersystems.commandcomms       D  ENCODE_PCM_FALLBACK reason=circuit_breaker_tripped pcmBytes=640 frame=5 t=4511ms
2026-04-10 22:06:51.021  6608-9730  [OpusCodec]             com.reedersystems.commandcomms       D  ENCODE_PCM_FALLBACK reason=circuit_breaker_tripped pcmBytes=640 frame=5 t=4531ms
2026-04-10 22:06:51.043  6608-9730  [OpusCodec]             com.reedersystems.commandcomms       D  ENCODE_PCM_FALLBACK reason=circuit_breaker_tripped pcmBytes=640 frame=5 t=4553ms
2026-04-10 22:06:51.052  6608-6975  [OpusCodec]             com.reedersystems.commandcomms       D  DECODE_SUMMARY frames=51 totalFrames=18552 totalOpusBytes=97910 totalPcmBytes=11873280 plcCount=17945 t=4562ms
2026-04-10 22:06:51.061  6608-9730  [OpusCodec]             com.reedersystems.commandcomms       D  ENCODE_PCM_FALLBACK reason=circuit_breaker_tripped pcmBytes=640 frame=5 t=4571ms
2026-04-10 22:06:51.081  6608-9730  [OpusCodec]             com.reedersystems.commandcomms       D  ENCODE_PCM_FALLBACK reason=circuit_breaker_tripped pcmBytes=640 frame=5 t=4591ms
2026-04-10 22:06:51.101  6608-9730  [OpusCodec]             com.reedersystems.commandcomms       D  ENCODE_PCM_FALLBACK reason=circuit_breaker_tripped pcmBytes=640 frame=5 t=4611ms
2026-04-10 22:06:51.121  6608-9730  [OpusCodec]             com.reedersystems.commandcomms       D  ENCODE_PCM_FALLBACK reason=circuit_breaker_tripped pcmBytes=640 frame=5 t=4631ms
2026-04-10 22:06:51.141  6608-9730  [OpusCodec]             com.reedersystems.commandcomms       D  ENCODE_PCM_FALLBACK reason=circuit_breaker_tripped pcmBytes=640 frame=5 t=4651ms
2026-04-10 22:06:51.161  6608-9730  [OpusCodec]             com.reedersystems.commandcomms       D  ENCODE_PCM_FALLBACK reason=circuit_breaker_tripped pcmBytes=640 frame=5 t=4671ms
2026-04-10 22:06:51.172  6608-6975  [AudioPlay]             com.reedersystems.commandcomms       D  PLC frame for seq=18326 (total=17951) jbSize=1 t=4682ms
2026-04-10 22:06:51.181  6608-9730  [OpusCodec]             com.reedersystems.commandcomms       D  ENCODE_PCM_FALLBACK reason=circuit_breaker_tripped pcmBytes=640 frame=5 t=4691ms
2026-04-10 22:06:51.200  6608-9730  [OpusCodec]             com.reedersystems.commandcomms       D  ENCODE_PCM_FALLBACK reason=circuit_breaker_tripped pcmBytes=640 frame=5 t=4711ms
2026-04-10 22:06:51.221  6608-9730  [OpusCodec]             com.reedersystems.commandcomms       D  ENCODE_PCM_FALLBACK reason=circuit_breaker_tripped pcmBytes=640 frame=5 t=4731ms
2026-04-10 22:06:51.241  6608-9730  [OpusCodec]             com.reedersystems.commandcomms       D  ENCODE_PCM_FALLBACK reason=circuit_breaker_tripped pcmBytes=640 frame=5 t=4751ms
2026-04-10 22:06:51.260  6608-9730  [OpusCodec]             com.reedersystems.commandcomms       D  ENCODE_PCM_FALLBACK reason=circuit_breaker_tripped pcmBytes=640 frame=5 t=4770ms
2026-04-10 22:06:51.281  6608-9730  [OpusCodec]             com.reedersystems.commandcomms       D  ENCODE_PCM_FALLBACK reason=circuit_breaker_tripped pcmBytes=640 frame=5 t=4791ms
2026-04-10 22:06:51.300  6608-9730  [OpusCodec]             com.reedersystems.commandcomms       D  ENCODE_PCM_FALLBACK reason=circuit_breaker_tripped pcmBytes=640 frame=5 t=4810ms
2026-04-10 22:06:51.319  6608-7136  [AudioDSP]              com.reedersystems.commandcomms       D  TX_GATE CLOSED envelope=-53.6dB threshold=-50.0dB frame=231 t=4829ms
2026-04-10 22:06:51.321  6608-9730  [OpusCodec]             com.reedersystems.commandcomms       D  ENCODE_PCM_FALLBACK reason=circuit_breaker_tripped pcmBytes=640 frame=5 t=4831ms
2026-04-10 22:06:51.341  6608-9730  [OpusCodec]             com.reedersystems.commandcomms       D  ENCODE_PCM_FALLBACK reason=circuit_breaker_tripped pcmBytes=640 frame=5 t=4851ms
2026-04-10 22:06:51.359  6608-6608  [PTT-DIAG]              com.reedersystems.commandcomms       D  PttHardwareReceiver.onReceive action=android.intent.action.PTT.up extras=null source=broadcast
2026-04-10 22:06:51.359  6608-6608  [PTT-DIAG]              com.reedersystems.commandcomms       D  PttHardwareReceiver: mapped action=android.intent.action.PTT.up -> svcAction=com.reedersystems.commandcomms.SVC_PTT_UP
2026-04-10 22:06:51.361  6608-6608  [PTT-DIAG]              com.reedersystems.commandcomms       D  PttHardwareReceiver: WakeLock acquired (auto-releases in 5000ms)
2026-04-10 22:06:51.364  6608-6608  [PTT-DIAG]              com.reedersystems.commandcomms       D  {"event":"RADIO_PTT_UP","pttState":"TRANSMITTING","channelKey":"DISPATCH__DISPATCH"}
2026-04-10 22:06:51.364  6608-6608  [PTT-DIAG]              com.reedersystems.commandcomms       D  PTT_STATE TRANSMITTING -> CLEANING_UP channelKey=DISPATCH__DISPATCH
2026-04-10 22:06:51.368  6608-9730  [OpusCodec]             com.reedersystems.commandcomms       D  ENCODE_PCM_FALLBACK reason=circuit_breaker_tripped pcmBytes=640 frame=5 t=4878ms
2026-04-10 22:06:51.374  6608-6608  [PTT-DIAG]              com.reedersystems.commandcomms       D  MainActivity PTT UP source=MainActivity code=230 action=UP ts=1775873211374
2026-04-10 22:06:51.375  6608-6608  [PTT-DIAG]              com.reedersystems.commandcomms       D  MainActivity PTT UP — forwarding to BackgroundAudioService (signaling=true)
2026-04-10 22:06:51.378  6608-6975  [AudioPlay]             com.reedersystems.commandcomms       D  PLC frame for seq=18336 (total=17961) jbSize=1 t=4888ms
2026-04-10 22:06:51.380  6608-6608  [PTT-DIAG]              com.reedersystems.commandcomms       D  {"event":"RADIO_PTT_UP","pttState":"CLEANING_UP","channelKey":"DISPATCH__DISPATCH"}
2026-04-10 22:06:51.384  6608-9730  [OpusCodec]             com.reedersystems.commandcomms       D  ENCODE_PCM_FALLBACK reason=circuit_breaker_tripped pcmBytes=640 frame=5 t=4894ms
2026-04-10 22:06:51.384  6608-9730  [RadioEngine]           com.reedersystems.commandcomms       D  ENCODE_THREAD_EXIT framesEncoded=234 t=4895ms
2026-04-10 22:06:51.401  6608-7136  AudioRecord             com.reedersystems.commandcomms       D  stop: 0x8387f400
2026-04-10 22:06:51.432  6608-7136  AudioRecord             com.reedersystems.commandcomms       D  stop done
2026-04-10 22:06:51.432  6608-7136  AudioRecord             com.reedersystems.commandcomms       D  stop: 0x8387f400
2026-04-10 22:06:51.432  6608-7136  AudioRecord             com.reedersystems.commandcomms       D  stop: 0x8387f400
2026-04-10 22:06:51.436  6608-7136  [RadioState]            com.reedersystems.commandcomms       D  State transition: TRANSMITTING -> IDLE reason=tx_stopped activeChannel=DISPATCH__DISPATCH txPipeline=false rxPipeline=true t=4947ms
2026-04-10 22:06:51.437  6608-7136  [RadioEngine]           com.reedersystems.commandcomms       D  {"event":"TX_STOPPED","cleanupMs":63,"lastSendGapMs":53,"durationMs":4945,"framesRead":234,"framesEncoded":234,"pktSent":234,"failures":0,"pcmFallback":229,"silentFrames":139,"stopReason":"ptt_release"}
2026-04-10 22:06:51.437  6608-6608  [PTT-DIAG]              com.reedersystems.commandcomms       D  RadioState updated: IDLE
2026-04-10 22:06:51.438  6608-7136  [RadioEngine]           com.reedersystems.commandcomms       D  TX_SESSION_END duration=4945ms reqRate=16000 actRate=16000 ch=1 src=VOICE_COMMUNICATION framesRead=234 framesEncoded=234 pktSent=234 failures=0 encodeFailures=0 assertionFailures=10 pcmFallback=229 silentFrames=139 partials=0 zeros=0 probeRms=[] first10rms=[1.3,2.5,2.0,12.7,13.3,10.0,15.3,15.8,8.2,43.5] stop=ptt_release lastSendGapMs=53 t=4948ms
2026-04-10 22:06:51.438  6608-7136  [FloorCtrl]             com.reedersystems.commandcomms       D  releaseFloor channelKey=DISPATCH__DISPATCH state=IDLE t=4948ms
2026-04-10 22:06:51.438  6608-7136  [RadioSigGW]            com.reedersystems.commandcomms       D  releaseFloor channelKey=DISPATCH__DISPATCH t=4949ms
2026-04-10 22:06:51.439  6608-7136  [PTT-DIAG]              com.reedersystems.commandcomms       D  [FloorCtrl] SIGNALING_FLOOR_RELEASE channelKey=DISPATCH__DISPATCH unitId=INDIANA-1
2026-04-10 22:06:51.447  6608-7136  [PTT-DIAG]              com.reedersystems.commandcomms       D  {"event":"PTT_RELEASE_SENT","channelId":"DISPATCH__DISPATCH"}
2026-04-10 22:06:51.447  6608-7136  [PTT-DIAG]              com.reedersystems.commandcomms       D  Sending PTT_TX_ENDED broadcast
2026-04-10 22:06:51.448  6608-6975  [PTT-DIAG]              com.reedersystems.commandcomms       D  Floor RELEASED
2026-04-10 22:06:51.453  6608-6608  [PTT-DIAG]              com.reedersystems.commandcomms       D  PTT_TX_ENDED received — setting pttState = IDLE
2026-04-10 22:06:51.469  6608-7136  [ToneEvent]             com.reedersystems.commandcomms       D  {"tone":"end-of-tx","trigger":"ptt_up","state":"CLEANING_UP","signaling":true,"ts":1775873211469}
2026-04-10 22:06:51.470  6608-7136  [PTT-DIAG]              com.reedersystems.commandcomms       D  Radio PTT UP: end-of-TX tone for roomKey DISPATCH__DISPATCH
2026-04-10 22:06:51.470  6608-7136  [PTT-DIAG]              com.reedersystems.commandcomms       D  PTT_STATE CLEANING_UP -> IDLE channelKey=DISPATCH__DISPATCH
2026-04-10 22:06:51.470  6608-7136  [PTT-DIAG]              com.reedersystems.commandcomms       D  {"event":"PTT_CLEANUP_COMPLETE","state":"IDLE","cleanupMs":106}
2026-04-10 22:06:51.492  6608-6975  AudioTrack              com.reedersystems.commandcomms       W  releaseBuffer() track 0x9a662000 disabled due to previous underrun, restarting
2026-04-10 22:06:51.538  6608-6666  [FloorCtrl]             com.reedersystems.commandcomms       D  Channel idle state=IDLE t=5048ms
2026-04-10 22:06:51.574  6608-7135  [AudioPlay]             com.reedersystems.commandcomms       D  PLC frame for seq=18346 (total=17971) jbSize=1 t=5084ms
2026-04-10 22:06:51.774  6608-7135  [AudioPlay]             com.reedersystems.commandcomms       D  PLC frame for seq=18356 (total=17981) jbSize=1 t=5284ms
2026-04-10 22:06:51.973  6608-7136  [AudioPlay]             com.reedersystems.commandcomms       D  PLC frame for seq=18366 (total=17991) jbSize=1 t=5483ms
2026-04-10 22:06:52.052  6608-6975  [OpusCodec]             com.reedersystems.commandcomms       D  DECODE_SUMMARY frames=50 totalFrames=18602 totalOpusBytes=97910 totalPcmBytes=11905280 plcCount=17995 t=5562ms
2026-04-10 22:06:52.171  6608-7136  [AudioPlay]             com.reedersystems.commandcomms       D  PLC frame for seq=18376 (total=18001) jbSize=1 t=5682ms
2026-04-10 22:06:52.192  6608-7135  [RadioEngine]           com.reedersystems.commandcomms       D  RX_DIAG rxTotal=616 rxNew=0 jbSize=1 jbDepth=2 jbPlaying=true channelIdx=169 t=5702ms
2026-04-10 22:06:52.373  6608-6975  [AudioPlay]             com.reedersystems.commandcomms       D  PLC frame for seq=18386 (total=18011) jbSize=1 t=5883ms
2026-04-10 22:06:52.572  6608-6975  [AudioPlay]             com.reedersystems.commandcomms       D  PLC frame for seq=18396 (total=18021) jbSize=1 t=6082ms
2026-04-10 22:06:52.773  6608-7136  [AudioPlay]             com.reedersystems.commandcomms       D  PLC frame for seq=18406 (total=18031) jbSize=1 t=6283ms
2026-04-10 22:06:52.958  6608-6608  [PTT-DIAG]              com.reedersystems.commandcomms       D  MainActivity PTT DOWN source=MainActivity code=230 action=DOWN repeat=0 ts=1775873212958
2026-04-10 22:06:52.958  6608-6608  [PTT-DIAG]              com.reedersystems.commandcomms       D  MainActivity PTT DOWN — forwarding to BackgroundAudioService (signaling=true)
2026-04-10 22:06:52.963  6608-6608  [PTT-DIAG]              com.reedersystems.commandcomms       D  PttHardwareReceiver.onReceive action=android.intent.action.PTT.down extras=null source=broadcast
2026-04-10 22:06:52.963  6608-6608  [PTT-DIAG]              com.reedersystems.commandcomms       D  PttHardwareReceiver: mapped action=android.intent.action.PTT.down -> svcAction=com.reedersystems.commandcomms.SVC_PTT_DOWN
2026-04-10 22:06:52.965  6608-6608  [PTT-DIAG]              com.reedersystems.commandcomms       D  PttHardwareReceiver: WakeLock acquired (auto-releases in 5000ms)
2026-04-10 22:06:52.968  6608-6608  [PTT-DIAG]              com.reedersystems.commandcomms       D  {"event":"RADIO_PTT_DOWN","pttState":"IDLE","signaling":true,"channelKey":"DISPATCH__DISPATCH","channelId":"169"}
2026-04-10 22:06:52.968  6608-6608  [PTT-DIAG]              com.reedersystems.commandcomms       D  PTT_STATE IDLE -> CONNECTING channelKey=DISPATCH__DISPATCH
2026-04-10 22:06:52.975  6608-6975  [AudioPlay]             com.reedersystems.commandcomms       D  PLC frame for seq=18416 (total=18041) jbSize=1 t=6485ms
2026-04-10 22:06:52.977  6608-6608  [ToneEvent]             com.reedersystems.commandcomms       D  {"tone":"talk-permit","trigger":"ptt_down","state":"CONNECTING","channelKey":"DISPATCH__DISPATCH","ts":1775873212977}
2026-04-10 22:06:53.053  6608-7136  [OpusCodec]             com.reedersystems.commandcomms       D  DECODE_SUMMARY frames=50 totalFrames=18652 totalOpusBytes=97910 totalPcmBytes=11937280 plcCount=18045 t=6563ms
2026-04-10 22:06:53.057  6608-6975  [PTT-DIAG]              com.reedersystems.commandcomms       D  {"event":"RADIO_READY_FOR_PTT","roomKey":"DISPATCH__DISPATCH","signaling":true}
2026-04-10 22:06:53.062  6608-6608  [PTT-DIAG]              com.reedersystems.commandcomms       D  {"event":"RADIO_PTT_DOWN","pttState":"CONNECTING","signaling":true,"channelKey":"DISPATCH__DISPATCH","channelId":"169"}
2026-04-10 22:06:53.062  6608-6608  [PTT-DIAG]              com.reedersystems.commandcomms       D  Radio PTT DOWN ignored: pttState=CONNECTING
2026-04-10 22:06:53.063  6608-7135  [RadioEngine]           com.reedersystems.commandcomms       D  PRE_CAPTURE_SESSION_START t=0ms
2026-04-10 22:06:53.063  6608-6608  MediaPlayer             com.reedersystems.commandcomms       D  handleMessage msg:(1, 0, 0)
2026-04-10 22:06:53.063  6608-7135  [AudioCapture]          com.reedersystems.commandcomms       D  TX_AUDIO_SOURCE_SELECTED source=VOICE_COMMUNICATION reason=cached_for_device device=ZRK/T320/API27
2026-04-10 22:06:53.063  6608-7135  [AudioCapture]          com.reedersystems.commandcomms       D  PRE_CAPTURE_AUDIORECORD_INIT requestedRate=16000 source=VOICE_COMMUNICATION minBufSize=1280 allocBufSize=2560 frameMs=20 t=0ms
2026-04-10 22:06:53.064  6608-7135  AudioRecord             com.reedersystems.commandcomms       D  set(): 0x8387f400, inputSource 7, sampleRate 16000, format 0x1, channelMask 0x10, frameCount 1280, notificationFrames 0, sessionId 0, transferType 0, flags 0, opPackageName com.reedersystems.commandcomms uid -1, pid -1
2026-04-10 22:06:53.098  6608-6608  [PTT-DIAG]              com.reedersystems.commandcomms       D  MainActivity PTT UP source=MainActivity code=230 action=UP ts=1775873213097
2026-04-10 22:06:53.098  6608-6608  [PTT-DIAG]              com.reedersystems.commandcomms       D  MainActivity PTT UP — forwarding to BackgroundAudioService (signaling=true)
2026-04-10 22:06:53.113  6608-6608  [PTT-DIAG]              com.reedersystems.commandcomms       D  PttHardwareReceiver.onReceive action=android.intent.action.PTT.up extras=null source=broadcast
