2026-03-25 13:54:04.521   364-374   HWComposer              surfaceflinger                       W  Ignoring duplicate VSYNC event from HWC (t=0)
2026-03-25 13:54:04.525   355-1634  NxpTml                  vendor.nxp.nxpnfc@1.0-service        E  _i2c_write() errno : 5
2026-03-25 13:54:04.525   355-1634  NxpTml                  vendor.nxp.nxpnfc@1.0-service        E  PN54X - Error in I2C Write.....
2026-03-25 13:54:04.525   355-1634  NxpTml                  vendor.nxp.nxpnfc@1.0-service        D  PN54X - Posting Fresh Write message.....
2026-03-25 13:54:04.526   355-1636  NxpFwDnld               vendor.nxp.nxpnfc@1.0-service        E  Tml Write error!!
2026-03-25 13:54:04.526   355-1636  NxpFwDnld               vendor.nxp.nxpnfc@1.0-service        E  phNxpNciHal_fw_dnld_get_sessn_state_cb - Request Failed!!
2026-03-25 13:54:04.526   355-355   NxpFwDnld               vendor.nxp.nxpnfc@1.0-service        E  phDnldNfc_GetSessionState cb failed
2026-03-25 13:54:04.526   355-355   NxpFwDnld               vendor.nxp.nxpnfc@1.0-service        E   phNxpNciHal_fw_seq_handler : FAILED
2026-03-25 13:54:04.526   355-355   NxpFwDnld               vendor.nxp.nxpnfc@1.0-service        D  phNxpNciHal_fw_dnld_complete: Download Status = 0xff
2026-03-25 13:54:04.526   355-355   NxpFwDnld               vendor.nxp.nxpnfc@1.0-service        E  Fw Download Failed!!
2026-03-25 13:54:04.526   355-355   NxpTml                  vendor.nxp.nxpnfc@1.0-service        D  phTmlNfc_i2c_reset(), VEN level 0
2026-03-25 13:54:04.527   355-1634  NxpTml                  vendor.nxp.nxpnfc@1.0-service        D  PN54X - Tml Writer Thread Running................
2026-03-25 13:54:04.537 30781-30786 zygote                  com.reedersystems.commandcomms       I  Do full code cache collection, code=251KB, data=181KB
2026-03-25 13:54:04.540 30781-30786 zygote                  com.reedersystems.commandcomms       I  After code cache collection, code=244KB, data=162KB
2026-03-25 13:54:04.544   364-374   HWComposer              surfaceflinger                       W  Ignoring duplicate VSYNC event from HWC (t=0)
2026-03-25 13:54:04.568   364-374   HWComposer              surfaceflinger                       W  Ignoring duplicate VSYNC event from HWC (t=0)
2026-03-25 13:54:04.567   404-404   gle.vp8.encoder         media.codec                          W  type=1400 audit(0.0:31316): avc: denied { getattr } for path="/dev/sw_sync" dev="tmpfs" ino=236 scontext=u:r:mediacodec:s0 tcontext=u:object_r:sw_sync_device:s0 tclass=chr_file permissive=0
2026-03-25 13:54:04.588   355-355   NxpTml                  vendor.nxp.nxpnfc@1.0-service        D  phTmlNfc_i2c_reset(), VEN level 1
2026-03-25 13:54:04.591   364-374   HWComposer              surfaceflinger                       W  Ignoring duplicate VSYNC event from HWC (t=0)
2026-03-25 13:54:04.638   364-374   chatty                  surfaceflinger                       I  uid=1000(system) HwBinder:364_1 identical 2 lines
2026-03-25 13:54:04.661   364-374   HWComposer              surfaceflinger                       W  Ignoring duplicate VSYNC event from HWC (t=0)
2026-03-25 13:54:04.667 30781-30786 zygote                  com.reedersystems.commandcomms       I  Do partial code cache collection, code=246KB, data=177KB
2026-03-25 13:54:04.669 30781-30786 zygote                  com.reedersystems.commandcomms       I  After code cache collection, code=246KB, data=177KB
2026-03-25 13:54:04.669 30781-30786 zygote                  com.reedersystems.commandcomms       I  Increasing code cache capacity to 1024KB
2026-03-25 13:54:04.667   404-404   gle.vp8.encoder         media.codec                          W  type=1400 audit(0.0:31317): avc: denied { getattr } for path="/dev/sw_sync" dev="tmpfs" ino=236 scontext=u:r:mediacodec:s0 tcontext=u:object_r:sw_sync_device:s0 tclass=chr_file permissive=0
2026-03-25 13:54:04.684   364-374   HWComposer              surfaceflinger                       W  Ignoring duplicate VSYNC event from HWC (t=0)
2026-03-25 13:54:04.700   353-385   powerd                  merged_hal_service                   I  [powerd_req] POWER_MSG_QUERY_INFO: cmd:6, param:0
2026-03-25 13:54:04.701   355-355   NxpFwDnld               vendor.nxp.nxpnfc@1.0-service        E  free library SUCCESS !!
2026-03-25 13:54:04.701   355-355   NxpFwDnld               vendor.nxp.nxpnfc@1.0-service        E  Freeing Mem for Dnld Context..
2026-03-25 13:54:04.701   355-355   NxpHal                  vendor.nxp.nxpnfc@1.0-service        D  Chip Version Middleware Version mismatch!!!!
2026-03-25 13:54:04.702   355-1634  NxpTml                  vendor.nxp.nxpnfc@1.0-service        D  PN54X - Write requested.....
2026-03-25 13:54:04.702   355-1634  NxpTml                  vendor.nxp.nxpnfc@1.0-service        D  PN54X - Invoking I2C Write.....
2026-03-25 13:54:04.708   364-374   HWComposer              surfaceflinger                       W  Ignoring duplicate VSYNC event from HWC (t=0)
2026-03-25 13:54:04.718  1461-1461  GED Service             ged_srv                              D  signo=49, event_notify=00000410
2026-03-25 13:54:04.718  1461-1475  GasService              ged_srv                              D  pkg a:[com.reedersystems.commandcomms] [-] pid:30781 uid:10138 audio:1,_s:0
2026-03-25 13:54:04.721   353-385   libPerfService          merged_hal_service                   I  gameNotifyDisplayType - type:0
2026-03-25 13:54:04.723   355-1634  NxpTml                  vendor.nxp.nxpnfc@1.0-service        E  _i2c_write() errno : 5
2026-03-25 13:54:04.723   355-1634  NxpTml                  vendor.nxp.nxpnfc@1.0-service        E  PN54X - Error in I2C Write.....
2026-03-25 13:54:04.723   355-1634  NxpTml                  vendor.nxp.nxpnfc@1.0-service        D  PN54X - Posting Fresh Write message.....
2026-03-25 13:54:04.723   355-1634  NxpTml                  vendor.nxp.nxpnfc@1.0-service        D  PN54X - Tml Writer Thread Running................
2026-03-25 13:54:04.723   355-1636  NxpHal                  vendor.nxp.nxpnfc@1.0-service        E  write error status = 0x1ff
2026-03-25 13:54:04.724   355-355   NxpHal                  vendor.nxp.nxpnfc@1.0-service        E  write_unlocked failed - PN54X Maybe in Standby Mode - Retry
2026-03-25 13:54:04.731   364-374   HWComposer              surfaceflinger                       W  Ignoring duplicate VSYNC event from HWC (t=0)
2026-03-25 13:54:04.733 30781-30821 AudioRecord             com.reedersystems.commandcomms       D  stop: 0x8f875a00
2026-03-25 13:54:04.735   355-1634  NxpTml                  vendor.nxp.nxpnfc@1.0-service        D  PN54X - Write requested.....
2026-03-25 13:54:04.735   355-1634  NxpTml                  vendor.nxp.nxpnfc@1.0-service        D  PN54X - Invoking I2C Write.....
2026-03-25 13:54:04.748   335-29419 AudioALSAStreamIn       and...re.audio@2.0-service-mediatek  D  +standby()
2026-03-25 13:54:04.748   335-29419 AudioALSAStreamIn       and...re.audio@2.0-service-mediatek  D  standby(), keep the mStandbyFrameCount = 12160, ret = 0
2026-03-25 13:54:04.748   335-29419 AudioALSAStreamIn       and...re.audio@2.0-service-mediatek  D  close()
2026-03-25 13:54:04.748   335-29419 AudioALSAC...HandlerAEC and...re.audio@2.0-service-mediatek  D  +close()
2026-03-25 13:54:04.748   335-29419 AudioALSAC...DataClient and...re.audio@2.0-service-mediatek  D  ~AudioALSACaptureDataClient()
2026-03-25 13:54:04.748   335-29419 AudioALSAC...DataClient and...re.audio@2.0-service-mediatek  D  ~AudioALSACaptureDataClient(), remove EchoRef data provider,mCaptureDataProviderEchoRef=0xaf61e680
2026-03-25 13:54:04.748   335-29419 AudioALSAC...oviderBase and...re.audio@2.0-service-mediatek  D  detach(), 0xaf61e680, mCaptureDataClientVector.size()=1, Identity=0xb0a7d980
2026-03-25 13:54:04.748   335-29419 AudioALSAC...derEchoRef and...re.audio@2.0-service-mediatek  D  close()
2026-03-25 13:54:04.752   335-31768 AudioALSAC...derEchoRef and...re.audio@2.0-service-mediatek  D  -readThread(), pid: 335, tid: 31768
2026-03-25 13:54:04.752   335-29419 AudioALSAC...derEchoRef and...re.audio@2.0-service-mediatek  D  pthread_join hReadThread done
2026-03-25 13:54:04.753   335-29419 MtkAudioSrc             and...re.audio@2.0-service-mediatek  D  close(), mState = 1
2026-03-25 13:54:04.753   335-29419 MtkAudioSrc             and...re.audio@2.0-service-mediatek  D  close(), mState = 1
2026-03-25 13:54:04.753   335-29419 AudioALSAC...oviderBase and...re.audio@2.0-service-mediatek  D  detach(), 0xaf61e400, mCaptureDataClientVector.size()=1, Identity=0xb0a7d980
2026-03-25 13:54:04.753   335-29419 AudioALSAH...rceManager and...re.audio@2.0-service-mediatek  D  +stopInputDevice(), mInputDevice = 0x80000004, stop_device = 0x80000004, mStartInputDeviceCount = 1, mMicInverse = 0, mNumPhoneMicSupport = 2
2026-03-25 13:54:04.753   335-29419 AudioUtility            and...re.audio@2.0-service-mediatek  D  IsAudioSupportFeature AUDIO_SUPPORT_DMIC bSupportFlg[0]
2026-03-25 13:54:04.753   335-29419 AudioALSAD...figManager and...re.audio@2.0-service-mediatek  D  ApplyDeviceSettingByName() DeviceName = Mic1TypeACCMode descriptor->DeviceStatusCounter = 0
2026-03-25 13:54:04.753   335-29419 AudioALSAD...figManager and...re.audio@2.0-service-mediatek  D  ApplyDeviceSettingByName() DeviceName = Mic2TypeACCMode descriptor->DeviceStatusCounter = 0
2026-03-25 13:54:04.753   335-29419 AudioALSAD...figManager and...re.audio@2.0-service-mediatek  D  ApplyDeviceTurnoffSequenceByName(), DeviceName = builtin_Mic_DualMic descriptor->DeviceStatusCounter = 1
2026-03-25 13:54:04.754   335-29419 AudioALSAC...iderNormal and...re.audio@2.0-service-mediatek  D  close()
2026-03-25 13:54:04.754   364-374   HWComposer              surfaceflinger                       W  Ignoring duplicate VSYNC event from HWC (t=0)
2026-03-25 13:54:04.755   355-1634  NxpTml                  vendor.nxp.nxpnfc@1.0-service        E  _i2c_write() errno : 5
2026-03-25 13:54:04.755   355-1634  NxpTml                  vendor.nxp.nxpnfc@1.0-service        E  PN54X - Error in I2C Write.....
2026-03-25 13:54:04.755   355-1634  NxpTml                  vendor.nxp.nxpnfc@1.0-service        D  PN54X - Posting Fresh Write message.....
2026-03-25 13:54:04.755   355-1634  NxpTml                  vendor.nxp.nxpnfc@1.0-service        D  PN54X - Tml Writer Thread Running................
2026-03-25 13:54:04.755   355-1636  NxpHal                  vendor.nxp.nxpnfc@1.0-service        E  write error status = 0x1ff
2026-03-25 13:54:04.756   355-355   NxpHal                  vendor.nxp.nxpnfc@1.0-service        E  write_unlocked failed - PN54X Maybe in Standby Mode - Retry
2026-03-25 13:54:04.766   355-1634  NxpTml                  vendor.nxp.nxpnfc@1.0-service        D  PN54X - Write requested.....
2026-03-25 13:54:04.767   355-1634  NxpTml                  vendor.nxp.nxpnfc@1.0-service        D  PN54X - Invoking I2C Write.....
2026-03-25 13:54:04.767   404-404   gle.vp8.encoder         media.codec                          W  type=1400 audit(0.0:31318): avc: denied { getattr } for path="/dev/sw_sync" dev="tmpfs" ino=236 scontext=u:r:mediacodec:s0 tcontext=u:object_r:sw_sync_device:s0 tclass=chr_file permissive=0
2026-03-25 13:54:04.775   335-31767 AudioALSAC...iderNormal and...re.audio@2.0-service-mediatek  D  -readThread(), pid: 335, tid: 31767
2026-03-25 13:54:04.775   335-29419 AudioALSAC...iderNormal and...re.audio@2.0-service-mediatek  D  pthread_join hReadThread done
2026-03-25 13:54:04.776   335-29419 AudioALSAC...iderNormal and...re.audio@2.0-service-mediatek  D  -close()
2026-03-25 13:54:04.776   335-29419 MtkAudioSrc             and...re.audio@2.0-service-mediatek  D  close(), mState = 1
2026-03-25 13:54:04.776   335-29419 AudioALSAC...DataClient and...re.audio@2.0-service-mediatek  D  +StopBesRecord()
2026-03-25 13:54:04.776   335-29419 AudioSPELayer           and...re.audio@2.0-service-mediatek  D  Stop
2026-03-25 13:54:04.776   335-29419 AudioSPELayer           and...re.audio@2.0-service-mediatek  D  Clear
2026-03-25 13:54:04.776   335-29419 AudioSPELayer           and...re.audio@2.0-service-mediatek  D  free mSphCtrlBuffer 0xae345c80
2026-03-25 13:54:04.776   335-29419 AudioSPELayer           and...re.audio@2.0-service-mediatek  D  ~free mSphCtrlBuffer
2026-03-25 13:54:04.776   335-29419 AudioSPELayer           and...re.audio@2.0-service-mediatek  D  ~Clear
2026-03-25 13:54:04.776   335-29419 AudioALSAC...DataClient and...re.audio@2.0-service-mediatek  D  -StopBesRecord()
2026-03-25 13:54:04.777   335-29419 MtkAudioSrc             and...re.audio@2.0-service-mediatek  D  close(), mState = 1
2026-03-25 13:54:04.777   335-29419 AudioSPELayer           and...re.audio@2.0-service-mediatek  D  ~SPELayer+
2026-03-25 13:54:04.777   335-29419 AudioSPELayer           and...re.audio@2.0-service-mediatek  D  Clear
2026-03-25 13:54:04.777   335-29419 AudioSPELayer           and...re.audio@2.0-service-mediatek  D  ~Clear
2026-03-25 13:54:04.777   335-29419 AudioSPELayer           and...re.audio@2.0-service-mediatek  D  FlushBufferQ+
2026-03-25 13:54:04.777   335-29419 AudioSPELayer           and...re.audio@2.0-service-mediatek  D  FlushBufferQ mULOutBufferQ size=1,mULInBufferQ.size=1,mDLOutBufferQ.size()=0,mDLInBufferQ.size()=2,mDLDelayBufferQ.size()=2
2026-03-25 13:54:04.777   335-29419 AudioSPELayer           and...re.audio@2.0-service-mediatek  D  mDLInBufferQ::pBufBase=0xaf604ea0
2026-03-25 13:54:04.777   335-29419 AudioSPELayer           and...re.audio@2.0-service-mediatek  D  mDLInBufferQ::done, free at DLDelay buffer
2026-03-25 13:54:04.777   335-29419 AudioSPELayer           and...re.audio@2.0-service-mediatek  D  mDLInBufferQ::pBufBase=0xaf604c20
2026-03-25 13:54:04.777   335-29419 AudioSPELayer           and...re.audio@2.0-service-mediatek  D  mDLInBufferQ::done, free at DLDelay buffer
2026-03-25 13:54:04.777   335-29419 AudioSPELayer           and...re.audio@2.0-service-mediatek  D  mDLDelayBufferQ::pBufBase=0xaf604ea0
2026-03-25 13:54:04.777   335-29419 AudioSPELayer           and...re.audio@2.0-service-mediatek  D  mDLDelayBufferQ::free
2026-03-25 13:54:04.777   335-29419 AudioSPELayer           and...re.audio@2.0-service-mediatek  D  mDLDelayBufferQ::delete
2026-03-25 13:54:04.777   335-29419 AudioSPELayer           and...re.audio@2.0-service-mediatek  D  mDLDelayBufferQ::done
2026-03-25 13:54:04.777   335-29419 AudioSPELayer           and...re.audio@2.0-service-mediatek  D  mDLDelayBufferQ::pBufBase=0xaf604c20
2026-03-25 13:54:04.777   335-29419 AudioSPELayer           and...re.audio@2.0-service-mediatek  D  mDLDelayBufferQ::free
2026-03-25 13:54:04.777   335-29419 AudioSPELayer           and...re.audio@2.0-service-mediatek  D  mDLDelayBufferQ::delete
2026-03-25 13:54:04.777   335-29419 AudioSPELayer           and...re.audio@2.0-service-mediatek  D  mDLDelayBufferQ::done
2026-03-25 13:54:04.777   335-29419 AudioSPELayer           and...re.audio@2.0-service-mediatek  D  FlushBufferQ-
2026-03-25 13:54:04.778   335-29419 AudioSPELayer           and...re.audio@2.0-service-mediatek  D  ~SPELayer-
2026-03-25 13:54:04.778   335-29419 AudioPreProcess         and...re.audio@2.0-service-mediatek  D  ~AudioPreProcess()+
2026-03-25 13:54:04.778   364-374   HWComposer              surfaceflinger                       W  Ignoring duplicate VSYNC event from HWC (t=0)
2026-03-25 13:54:04.778   335-29419 AudioPreProcess         and...re.audio@2.0-service-mediatek  D  ~AudioPreProcess()-
2026-03-25 13:54:04.778   335-29419 AudioALSAC...DataClient and...re.audio@2.0-service-mediatek  D  -~AudioALSACaptureDataClient()
2026-03-25 13:54:04.778   335-29419 AudioALSAC...HandlerAEC and...re.audio@2.0-service-mediatek  D  -close()
2026-03-25 13:54:04.778   335-29419 AudioALSAC...HandlerAEC and...re.audio@2.0-service-mediatek  D  ~AudioALSACaptureHandlerAEC()
2026-03-25 13:54:04.778   335-29419 AudioALSAC...andlerBase and...re.audio@2.0-service-mediatek  D  ~AudioALSACaptureHandlerBase()
2026-03-25 13:54:04.778   335-29419 AudioALSAStreamManager  and...re.audio@2.0-service-mediatek  D  -destroyCaptureHandler(), mCaptureHandlerVector.size() = 0
2026-03-25 13:54:04.778   335-29419 AudioALSAStreamIn       and...re.audio@2.0-service-mediatek  D  -standby()
2026-03-25 13:54:04.779   387-16190 APM_AudioPolicyManager  audioserver                          D  stopInput() input 470
2026-03-25 13:54:04.780   335-29736 AudioALSAHardware       and...re.audio@2.0-service-mediatek  D  -releaseAudioPatch handle [0x8e]
2026-03-25 13:54:04.780   335-29736 AudioALSAHardware       and...re.audio@2.0-service-mediatek  D  +routing releaseAudioPatch 80000004->Mixer
2026-03-25 13:54:04.780   335-29736 AudioALSAStreamManager  and...re.audio@2.0-service-mediatek  D  +setParameters(), IOport = 470, keyValuePairs = routing=0
2026-03-25 13:54:04.780   335-29736 AudioALSAStreamIn       and...re.audio@2.0-service-mediatek  D  +setParameters(): routing=0
2026-03-25 13:54:04.780   335-29736 AudioALSAStreamManager  and...re.audio@2.0-service-mediatek  D  +routingInputDevice(), input_device: 0x80000004 => 0x0
2026-03-25 13:54:04.780   335-29736 AudioALSAStreamManager  and...re.audio@2.0-service-mediatek  W  -routingInputDevice(), input_device == AUDIO_DEVICE_NONE(0x0), return
2026-03-25 13:54:04.780   335-29736 AudioALSAStreamIn       and...re.audio@2.0-service-mediatek  D  -setParameters(): routing=0 
2026-03-25 13:54:04.780   335-29736 AudioALSAHardware       and...re.audio@2.0-service-mediatek  D  handlecheck releaseAudioPatch remove handle [8e] OK
2026-03-25 13:54:04.780   335-29736 AudioALSAHardware       and...re.audio@2.0-service-mediatek  D  -releaseAudioPatch handle [0x8e] status [0]
2026-03-25 13:54:04.781 30781-30821 AudioRecord             com.reedersystems.commandcomms       D  stop done
2026-03-25 13:54:04.781 30781-30821 AudioRecord             com.reedersystems.commandcomms       D  stop: 0x8f875a00
2026-03-25 13:54:04.781 30781-30821 chatty                  com.reedersystems.commandcomms       I  uid=10138(com.reedersystems.commandcomms) DefaultDispatch identical 1 line
2026-03-25 13:54:04.781 30781-30821 AudioRecord             com.reedersystems.commandcomms       D  stop: 0x8f875a00
2026-03-25 13:54:04.783   335-29419 AudioALSAStreamIn       and...re.audio@2.0-service-mediatek  D  removeAudioEffect(), 0xb0a18d60
2026-03-25 13:54:04.783 30781-30821 [RadioState]            com.reedersystems.commandcomms       D  State transition: TRANSMITTING -> IDLE
2026-03-25 13:54:04.783   335-29419 AudioALSAStreamIn       and...re.audio@2.0-service-mediatek  D  removeAudioEffect(), effect name:Acoustic Echo Canceler, BackupCount=2
2026-03-25 13:54:04.783   335-29419 AudioALSAStreamIn       and...re.audio@2.0-service-mediatek  D  removeAudioEffect() found fx at index 0, 0xb0a18d60
2026-03-25 13:54:04.783   335-29419 AudioALSAStreamIn       and...re.audio@2.0-service-mediatek  D  removeAudioEffect() moving fx from 1 to 0
2026-03-25 13:54:04.783   335-29419 AudioALSAStreamIn       and...re.audio@2.0-service-mediatek  D  removeAudioEffect()-
2026-03-25 13:54:04.783 30781-30821 [RadioEngine]           com.reedersystems.commandcomms       D  TX stopped
2026-03-25 13:54:04.784 30781-30781 [PTT-DIAG]              com.reedersystems.commandcomms       D  RadioState updated: IDLE
2026-03-25 13:54:04.785   335-16335 AudioALSAStreamIn       and...re.audio@2.0-service-mediatek  D  removeAudioEffect(), 0xaf58fdc0
2026-03-25 13:54:04.785 30781-30821 [FloorCtrl]             com.reedersystems.commandcomms       D  releaseFloor channelKey=DISPATCH__DISPATCH
2026-03-25 13:54:04.785   335-16335 AudioALSAStreamIn       and...re.audio@2.0-service-mediatek  D  removeAudioEffect(), effect name:Noise Suppression, BackupCount=1
2026-03-25 13:54:04.785   335-16335 AudioALSAStreamIn       and...re.audio@2.0-service-mediatek  D  removeAudioEffect() found fx at index 0, 0xaf58fdc0
2026-03-25 13:54:04.786   335-16335 AudioALSAStreamIn       and...re.audio@2.0-service-mediatek  D  removeAudioEffect()-
2026-03-25 13:54:04.786 30781-30821 [RadioSigGW]            com.reedersystems.commandcomms       D  releaseFloor channelKey=DISPATCH__DISPATCH
2026-03-25 13:54:04.786 30781-30821 [PTT-DIAG]              com.reedersystems.commandcomms       D  emitRadioTxStop DISPATCH__DISPATCH
2026-03-25 13:54:04.786   335-16335 AudioALSAStreamIn       and...re.audio@2.0-service-mediatek  D  removeAudioEffect(), 0xaf58fdc0
2026-03-25 13:54:04.786   335-16335 AudioALSAStreamIn       and...re.audio@2.0-service-mediatek  D  removeAudioEffect(), mPreProcessEffectBackupCount wrong
2026-03-25 13:54:04.788   355-1634  NxpTml                  vendor.nxp.nxpnfc@1.0-service        E  _i2c_write() errno : 5
2026-03-25 13:54:04.788   355-1634  NxpTml                  vendor.nxp.nxpnfc@1.0-service        E  PN54X - Error in I2C Write.....
2026-03-25 13:54:04.788   355-1634  NxpTml                  vendor.nxp.nxpnfc@1.0-service        D  PN54X - Posting Fresh Write message.....
2026-03-25 13:54:04.788   355-1634  NxpTml                  vendor.nxp.nxpnfc@1.0-service        D  PN54X - Tml Writer Thread Running................
2026-03-25 13:54:04.788   355-1636  NxpHal                  vendor.nxp.nxpnfc@1.0-service        E  write error status = 0x1ff
2026-03-25 13:54:04.789   355-355   NxpHal                  vendor.nxp.nxpnfc@1.0-service        E  write_unlocked failed - PN54X Maybe in Standby Mode - Retry
2026-03-25 13:54:04.791 30781-31757 AudioRecord             com.reedersystems.commandcomms       D  set(): 0x8f875a00, inputSource 7, sampleRate 16000, format 0x1, channelMask 0x10, frameCount 640, notificationFrames 0, sessionId 0, transferType 0, flags 0, opPackageName com.reedersystems.commandcomms uid -1, pid -1
2026-03-25 13:54:04.792   387-16985 APM_AudioPolicyManager  audioserver                          D  getInputForAttr() source 7, samplingRate 16000, format 1, channelMask 10,session 2225, flags 0
2026-03-25 13:54:04.792   335-29419 AudioALSAStreamManager  and...re.audio@2.0-service-mediatek  D  +closeInputStream(), in = 0xb0a6aa00, size() = 1
2026-03-25 13:54:04.792   335-29419 AudioALSAStreamIn       and...re.audio@2.0-service-mediatek  D  ~AudioALSAStreamIn()
2026-03-25 13:54:04.792   335-29419 AudioALSAStreamManager  and...re.audio@2.0-service-mediatek  D  -closeInputStream(), mStreamInVector.size() = 0
2026-03-25 13:54:04.794   335-521   AudioALSAStreamManager  and...re.audio@2.0-service-mediatek  D  openInputStream(), devices = 0x80000004, format = 0x1, channels = 0x10, sampleRate = 16000, status = 478, acoustics = 0x0
2026-03-25 13:54:04.794   335-521   AudioALSAStreamIn       and...re.audio@2.0-service-mediatek  D  AudioALSAStreamIn()
2026-03-25 13:54:04.795   335-521   AudioALSAStreamIn       and...re.audio@2.0-service-mediatek  D  set(), devices = 0x80000004, format = 0x1, channels = 0x10, sampleRate = 16000, acoustics = 0x0, flags = 0
2026-03-25 13:54:04.795   335-521   AudioALSAStreamIn       and...re.audio@2.0-service-mediatek  D  CheckBesRecordInfo()
2026-03-25 13:54:04.795   335-521   AudioSpeechEnhanceInfo  and...re.audio@2.0-service-mediatek  D  GetBesRecScene() -1
2026-03-25 13:54:04.795   335-521   AudioSpeechEnhanceInfo  and...re.audio@2.0-service-mediatek  D  IsBesRecTuningEnable()- 0
2026-03-25 13:54:04.795   335-521   NVRAM                   and...re.audio@2.0-service-mediatek  D  getNumMicSupport(), dualMicFlag 1, numMicString 2
2026-03-25 13:54:04.795   335-521   NVRAM                   and...re.audio@2.0-service-mediatek  D  QueryFeatureSupportInfo(), feature support bit 0x1a097c57 
2026-03-25 13:54:04.795   335-521   AudioSpeechEnhanceInfo  and...re.audio@2.0-service-mediatek  D  IsAPDMNRTuningEnable(), 0
2026-03-25 13:54:04.795   335-521   NVRAM                   and...re.audio@2.0-service-mediatek  D  getNumMicSupport(), dualMicFlag 1, numMicString 2
2026-03-25 13:54:04.795   335-521   NVRAM                   and...re.audio@2.0-service-mediatek  D  QueryFeatureSupportInfo(), feature support bit 0x1a097c57 
2026-03-25 13:54:04.795   335-521   AudioSpeechEnhanceInfo  and...re.audio@2.0-service-mediatek  D  GetForceMagiASRState(), feature_support=1a097c57, 400, mForceMagiASR=0
2026-03-25 13:54:04.795   335-521   AudioSpeechEnhanceInfo  and...re.audio@2.0-service-mediatek  D  GetForceAECRecState(), mForceAECRec=0
2026-03-25 13:54:04.795   335-521   AudioALSAStreamIn       and...re.audio@2.0-service-mediatek  D  checkOpenStreamSampleRate(), origin sampleRate 16000, kDefaultInputSourceSampleRate 48000.
2026-03-25 13:54:04.795   335-521   AudioALSAStreamIn       and...re.audio@2.0-service-mediatek  D  set() done, sampleRate = 16000, num_channels = 1, buffer_size=640, tempDebugflag = 0
2026-03-25 13:54:04.795   335-521   AudioALSAStreamManager  and...re.audio@2.0-service-mediatek  D  -openInputStream(), in = 0xb0a6aa00, status = 0x0, mStreamInVector.size() = 1
2026-03-25 13:54:04.795   335-521   AudioALSAStreamIn       and...re.audio@2.0-service-mediatek  D  +setParameters(): input_source=7
2026-03-25 13:54:04.795   335-521   AudioALSAStreamIn       and...re.audio@2.0-service-mediatek  D  -setParameters(): input_source=7 
2026-03-25 13:54:04.796 30781-30821 [PTT-DIAG]              com.reedersystems.commandcomms       D  Sending PTT_TX_ENDED broadcast
2026-03-25 13:54:04.800 30781-30821 [PTT-DIAG]              com.reedersystems.commandcomms       D  emitPttEnd DISPATCH__DISPATCH
2026-03-25 13:54:04.802 30781-30821 [PTT-DIAG]              com.reedersystems.commandcomms       D  Radio PTT UP: transmitEnd + end-of-TX tone for roomKey DISPATCH__DISPATCH
2026-03-25 13:54:04.805   364-374   HWComposer              surfaceflinger                       W  Ignoring duplicate VSYNC event from HWC (t=0)
2026-03-25 13:54:04.807   355-1634  NxpTml                  vendor.nxp.nxpnfc@1.0-service        D  PN54X - Write requested.....
2026-03-25 13:54:04.807   355-1634  NxpTml                  vendor.nxp.nxpnfc@1.0-service        D  PN54X - Invoking I2C Write.....
2026-03-25 13:54:04.816   387-31781 AudioFlinger_Threads    audioserver                          I  AudioFlinger's thread 0xa8303a80 tid=31781 ready to run
2026-03-25 13:54:04.818   335-13237 AudioALSAP...andlerBase and...re.audio@2.0-service-mediatek  E  -getHardwareBufferInfo(), pcm_get_htimestamp fail, ret = -1, pcm_get_error = 
2026-03-25 13:54:04.819   335-521   AudioALSAStreamIn       and...re.audio@2.0-service-mediatek  D  +standby()
2026-03-25 13:54:04.819   335-521   AudioALSAStreamIn       and...re.audio@2.0-service-mediatek  D  -standby()
2026-03-25 13:54:04.822   335-521   AudioALSAStreamIn       and...re.audio@2.0-service-mediatek  D  +standby()
2026-03-25 13:54:04.822   335-521   AudioALSAStreamIn       and...re.audio@2.0-service-mediatek  D  -standby()
2026-03-25 13:54:04.825   364-374   HWComposer              surfaceflinger                       W  Ignoring duplicate VSYNC event from HWC (t=0)
2026-03-25 13:54:04.825   355-1634  NxpTml                  vendor.nxp.nxpnfc@1.0-service        E  _i2c_write() errno : 5
2026-03-25 13:54:04.825   355-1634  NxpTml                  vendor.nxp.nxpnfc@1.0-service        E  PN54X - Error in I2C Write.....
2026-03-25 13:54:04.826   355-1634  NxpTml                  vendor.nxp.nxpnfc@1.0-service        D  PN54X - Posting Fresh Write message.....
2026-03-25 13:54:04.826   355-1634  NxpTml                  vendor.nxp.nxpnfc@1.0-service        D  PN54X - Tml Writer Thread Running................
2026-03-25 13:54:04.826   355-1636  NxpHal                  vendor.nxp.nxpnfc@1.0-service        E  write error status = 0x1ff
2026-03-25 13:54:04.826   355-355   NxpHal                  vendor.nxp.nxpnfc@1.0-service        E  write_unlocked failed - PN54X Maybe in Standby Mode - Retry
2026-03-25 13:54:04.837   355-1634  NxpTml                  vendor.nxp.nxpnfc@1.0-service        D  PN54X - Write requested.....
2026-03-25 13:54:04.837   355-1634  NxpTml                  vendor.nxp.nxpnfc@1.0-service        D  PN54X - Invoking I2C Write.....
2026-03-25 13:54:04.848   364-374   HWComposer              surfaceflinger                       W  Ignoring duplicate VSYNC event from HWC (t=0)
2026-03-25 13:54:04.852 30781-30781 [PTT-DIAG]              com.reedersystems.commandcomms       D  PTT_TX_ENDED received — setting pttState = IDLE
2026-03-25 13:54:04.856   355-1634  NxpTml                  vendor.nxp.nxpnfc@1.0-service        E  _i2c_write() errno : 5
2026-03-25 13:54:04.856   355-1634  NxpTml                  vendor.nxp.nxpnfc@1.0-service        E  PN54X - Error in I2C Write.....
2026-03-25 13:54:04.856   355-1634  NxpTml                  vendor.nxp.nxpnfc@1.0-service        D  PN54X - Posting Fresh Write message.....
2026-03-25 13:54:04.856   355-1634  NxpTml                  vendor.nxp.nxpnfc@1.0-service        D  PN54X - Tml Writer Thread Running................
2026-03-25 13:54:04.856   355-1636  NxpHal                  vendor.nxp.nxpnfc@1.0-service        E  write error status = 0x1ff
2026-03-25 13:54:04.857   355-355   NxpHal                  vendor.nxp.nxpnfc@1.0-service        E  write_unlocked failed - PN54X Maybe in Standby Mode - Retry
2026-03-25 13:54:04.867   355-1634  NxpTml                  vendor.nxp.nxpnfc@1.0-service        D  PN54X - Write requested.....
2026-03-25 13:54:04.867   355-1634  NxpTml                  vendor.nxp.nxpnfc@1.0-service        D  PN54X - Invoking I2C Write.....
2026-03-25 13:54:04.869 30781-30819 AudioTrack              com.reedersystems.commandcomms       D  set(): 0x8d7f9780, streamType -1, sampleRate 44100, format 0x1, channelMask 0x1, frameCount 6615, flags #0, notificationFrames 0, sessionId 0, transferType 4, uid -1, pid -1
2026-03-25 13:54:04.869 30781-30819 AudioTrack              com.reedersystems.commandcomms       D  Building AudioTrack with attributes: usage = 3, content = 4, flags = 0x0, tags = []
2026-03-25 13:54:04.871   364-374   HWComposer              surfaceflinger                       W  Ignoring duplicate VSYNC event from HWC (t=0)
2026-03-25 13:54:04.871 30781-30819 AudioTrack              com.reedersystems.commandcomms       D  set: Create AudioTrackThread, tid = 31783
2026-03-25 13:54:04.872   387-16985 AudioFlinger            audioserver                          D  track(0xa9f30c80): mIsOut 0, mFrameCount 960, mSampleRate 16000, mFormat 1, mChannelCount 1, mTrackCount 224, thread 0xa8303a80, sessionId 2225
2026-03-25 13:54:04.870   404-404   gle.vp8.encoder         media.codec                          W  type=1400 audit(0.0:31319): avc: denied { getattr } for path="/dev/sw_sync" dev="tmpfs" ino=236 scontext=u:r:mediacodec:s0 tcontext=u:object_r:sw_sync_device:s0 tclass=chr_file permissive=0
2026-03-25 13:54:04.873 30781-31757 AudioRecord             com.reedersystems.commandcomms       D  openRecord_l: 0x8f875a00, mCblk = 0x8b6c5000
2026-03-25 13:54:04.874 30781-31757 AudioRecord             com.reedersystems.commandcomms       D  start: 0x8f875a00, sync event 0 trigger session 0
2026-03-25 13:54:04.874   387-16181 APM_AudioPolicyManager  audioserver                          D  startInput() input 478
2026-03-25 13:54:04.878   335-16335 AudioALSAHardware       and...re.audio@2.0-service-mediatek  D  +routing createAudioPatch 80000004->Mixer Src 7
2026-03-25 13:54:04.879   335-16335 AudioALSAStreamManager  and...re.audio@2.0-service-mediatek  D  +setParameters(), IOport = 478, keyValuePairs = input_source=7;routing=-2147483644
2026-03-25 13:54:04.879   335-16335 AudioALSAStreamIn       and...re.audio@2.0-service-mediatek  D  +setParameters(): input_source=7;routing=-2147483644
2026-03-25 13:54:04.879   335-16335 AudioALSAStreamManager  and...re.audio@2.0-service-mediatek  D  +routingInputDevice(), input_device: 0x80000004 => 0x80000004
2026-03-25 13:54:04.879   335-16335 AudioALSAStreamManager  and...re.audio@2.0-service-mediatek  W  -routingInputDevice(), input_device == current_input_device(0x80000004), return
2026-03-25 13:54:04.879   335-16335 AudioALSAStreamIn       and...re.audio@2.0-service-mediatek  D  -setParameters(): input_source=7;routing=-2147483644 
2026-03-25 13:54:04.886   355-1634  NxpTml                  vendor.nxp.nxpnfc@1.0-service        E  _i2c_write() errno : 5
2026-03-25 13:54:04.886   355-1634  NxpTml                  vendor.nxp.nxpnfc@1.0-service        E  PN54X - Error in I2C Write.....
2026-03-25 13:54:04.886   355-1634  NxpTml                  vendor.nxp.nxpnfc@1.0-service        D  PN54X - Posting Fresh Write message.....
2026-03-25 13:54:04.886   355-1634  NxpTml                  vendor.nxp.nxpnfc@1.0-service        D  PN54X - Tml Writer Thread Running................
2026-03-25 13:54:04.887   355-1636  NxpHal                  vendor.nxp.nxpnfc@1.0-service        E  write error status = 0x1ff
2026-03-25 13:54:04.887   355-355   NxpHal                  vendor.nxp.nxpnfc@1.0-service        E  write_unlocked failed - PN54X Maybe in Standby Mode (max count = 0x6)
2026-03-25 13:54:04.887   355-355   NxpTml                  vendor.nxp.nxpnfc@1.0-service        D  phTmlNfc_i2c_reset(), VEN level 0
2026-03-25 13:54:04.887   335-16335 AudioALSAStreamIn       and...re.audio@2.0-service-mediatek  D  addAudioEffect(), 0xb0a18d10
2026-03-25 13:54:04.887   335-16335 AudioALSAStreamIn       and...re.audio@2.0-service-mediatek  D  addAudioEffect(), effect name:Acoustic Echo Canceler, BackupCount=0
2026-03-25 13:54:04.887   335-16335 AudioALSAStreamIn       and...re.audio@2.0-service-mediatek  D  addAudioEffect(), AECOn, need reopen the capture handle
2026-03-25 13:54:04.887   335-16335 AudioALSAStreamIn       and...re.audio@2.0-service-mediatek  D  addAudioEffect()-
2026-03-25 13:54:04.888   335-29736 AudioALSAStreamIn       and...re.audio@2.0-service-mediatek  D  addAudioEffect(), 0xaf58fdc0
2026-03-25 13:54:04.888   335-29736 AudioALSAStreamIn       and...re.audio@2.0-service-mediatek  D  addAudioEffect(), effect name:Noise Suppression, BackupCount=1
2026-03-25 13:54:04.888   335-29736 AudioALSAStreamIn       and...re.audio@2.0-service-mediatek  D  addAudioEffect()-
2026-03-25 13:54:04.890   335-31784 AudioALSAStreamIn       and...re.audio@2.0-service-mediatek  D  open()
2026-03-25 13:54:04.890   335-31784 AudioALSAStreamManager  and...re.audio@2.0-service-mediatek  D  +createCaptureHandler(), mAudioMode = 0, input_source = 7, input_device = 0x80000004, mBypassDualMICProcessUL=0, sample_rate=16000
2026-03-25 13:54:04.890   335-31784 NVRAM                   and...re.audio@2.0-service-mediatek  D  getNumMicSupport(), dualMicFlag 1, numMicString 2
2026-03-25 13:54:04.890   335-31784 NVRAM                   and...re.audio@2.0-service-mediatek  D  QueryFeatureSupportInfo(), feature support bit 0x1a097c57 
2026-03-25 13:54:04.890   335-31784 AudioALSAStreamManager  and...re.audio@2.0-service-mediatek  D  -EnableBesRecord(), 1
2026-03-25 13:54:04.890   335-31784 AudioALSAC...andlerBase and...re.audio@2.0-service-mediatek  D  AudioALSACaptureHandlerBase()
2026-03-25 13:54:04.890   335-31784 AudioALSAC...HandlerAEC and...re.audio@2.0-service-mediatek  D  AudioALSACaptureHandlerAEC()
2026-03-25 13:54:04.891   335-31784 AudioALSAC...HandlerAEC and...re.audio@2.0-service-mediatek  D  +open(), input_device = 0x80000004, input_source = 0x7, sample_rate=16000, num_channels=1, output_devices=0x1
2026-03-25 13:54:04.891 30781-31757 AudioRecord             com.reedersystems.commandcomms       D  start return status 0
2026-03-25 13:54:04.891   335-31784 AudioALSAC...DataClient and...re.audio@2.0-service-mediatek  D  AudioALSACaptureDataClient()
2026-03-25 13:54:04.891   335-31784 AudioSPELayer           and...re.audio@2.0-service-mediatek  D  SPELayer+
2026-03-25 13:54:04.891   335-31784 AudioSPELayer           and...re.audio@2.0-service-mediatek  D  GetVoIPJitterTime JitterTime=0,ret=1
2026-03-25 13:54:04.891 30781-31757 [RadioState]            com.reedersystems.commandcomms       D  State transition: IDLE -> TRANSMITTING
2026-03-25 13:54:04.895   364-374   HWComposer              surfaceflinger                       W  Ignoring duplicate VSYNC event from HWC (t=0)
2026-03-25 13:54:04.900 30781-30817 [FloorCtrl]             com.reedersystems.commandcomms       D  Channel idle
2026-03-25 13:54:04.902 30781-31757 [RadioEngine]           com.reedersystems.commandcomms       D  TX started — audio capture active
2026-03-25 13:54:04.906   387-16985 AudioFlinger            audioserver                          D  track(0xa9f6a400): mIsOut 1, mFrameCount 6615, mSampleRate 44100, mFormat 1, mChannelCount 1, mTrackCount 225, thread 0xa9703b80, sessionId 2233
2026-03-25 13:54:04.907   387-16985 AudioFlinger            audioserver                          D  track(0xa9f6a400): mFastIndex -1, mStreamType 8, mName 4098
2026-03-25 13:54:04.909   335-31784 AudioSPELayer           and...re.audio@2.0-service-mediatek  D  SPELayer-
2026-03-25 13:54:04.909   335-31784 AudioMTKGainController  and...re.audio@2.0-service-mediatek  D  +SetCaptureGain(), mode=0, source=7, input device=0x80000004, output device=0x1
2026-03-25 13:54:04.909   335-31784 NVRAM                   and...re.audio@2.0-service-mediatek  D  getNumMicSupport(), dualMicFlag 1, numMicString 2
2026-03-25 13:54:04.909   335-31784 NVRAM                   and...re.audio@2.0-service-mediatek  D  QueryFeatureSupportInfo(), feature support bit 0x1a097c57 
2026-03-25 13:54:04.909   335-31784 AudioSpeechEnhanceInfo  and...re.audio@2.0-service-mediatek  D  IsAPDMNRTuningEnable(), 0
2026-03-25 13:54:04.909 30781-30819 AudioTrack              com.reedersystems.commandcomms       D  createTrack_l: 0x8d7f9780, mCblk = 0x8b6c58e0, mLatency = 202, mAfLatency = 52, frameCount = 6615, mSampleRate = 44100, mFlags = 0, mReqFrameCount = 6615, mNotificationFramesAct = 0
2026-03-25 13:54:04.909   335-31784 AudioUtility            and...re.audio@2.0-service-mediatek  D  IsAudioSupportFeature AUDIO_SUPPORT_DMIC bSupportFlg[0]
2026-03-25 13:54:04.909   335-31784 AudioMTKGainController  and...re.audio@2.0-service-mediatek  D  ApplyMicGain(), mSceneIndex = 0, _mic_mode = 0, _gain_device = 2, mode = 0, micgain = 20, mULTotalGain = 152, mBand = 0, mNetwork = 0, analogidx = 2
2026-03-25 13:54:04.909   335-31784 AudioALSAC...DataClient and...re.audio@2.0-service-mediatek  D  AudioALSACaptureDataClient(), besrecord_enable=1, besrecord_scene=-1
2026-03-25 13:54:04.909   335-31784 AudioSPELayer           and...re.audio@2.0-service-mediatek  D  SetVMDumpEnable(), 0
2026-03-25 13:54:04.909   335-31784 AudioSPELayer           and...re.audio@2.0-service-mediatek  D  SetVMDumpFileName()+, VMFileName=
2026-03-25 13:54:04.909   335-31784 AudioSPELayer           and...re.audio@2.0-service-mediatek  D  SetVMDumpFileName()-, VMFileName=, mVMDumpFileName=
2026-03-25 13:54:04.909   335-31784 AudioSPELayer           and...re.audio@2.0-service-mediatek  D  SetPlatfromTimeOffset, old=0, new=-4
2026-03-25 13:54:04.909   335-31784 AudioALSAC...DataClient and...re.audio@2.0-service-mediatek  D  CheckBesRecordBypass() 0
2026-03-25 13:54:04.909   335-31784 AudioALSAC...DataClient and...re.audio@2.0-service-mediatek  D  +ConfigBesRecordParams()
2026-03-25 13:54:04.910   335-31784 AudioALSAC...DataClient and...re.audio@2.0-service-mediatek  D  +GetBesRecordRoutePath(), output device = 0x1, input device = 0x80000004
2026-03-25 13:54:04.910   335-31784 AudioALSAC...DataClient and...re.audio@2.0-service-mediatek  D  ConfigBesRecordParams(), categoryPath = Profile,Handset no 2mic NR, mBesRecordStereoMode = 0, input_source = 7, input_devices = 80000004, bVoIPEnable = 1, bypassDualProcess = 0
2026-03-25 13:54:04.910   335-31784 AudioSPELayer           and...re.audio@2.0-service-mediatek  D  SetCompFilter, SPE_MODE=2
2026-03-25 13:54:04.910   335-31784 NVRAM                   and...re.audio@2.0-service-mediatek  D  getNumMicSupport(), dualMicFlag 1, numMicString 2
2026-03-25 13:54:04.910   335-31784 NVRAM                   and...re.audio@2.0-service-mediatek  D  QueryFeatureSupportInfo(), feature support bit 0x1a097c57 
2026-03-25 13:54:04.910   335-31784 NVRAM                   and...re.audio@2.0-service-mediatek  D  getNumMicSupport(), dualMicFlag 1, numMicString 2
2026-03-25 13:54:04.910   335-31784 NVRAM                   and...re.audio@2.0-service-mediatek  D  QueryFeatureSupportInfo(), feature support bit 0x1a097c57 
2026-03-25 13:54:04.910   335-31784 AudioALSAC...DataClient and...re.audio@2.0-service-mediatek  D  SetDMNREnable(), type=1, bypassDMNR=0
2026-03-25 13:54:04.910   335-31784 NVRAM                   and...re.audio@2.0-service-mediatek  D  getNumMicSupport(), dualMicFlag 1, numMicString 2
2026-03-25 13:54:04.910   335-31784 NVRAM                   and...re.audio@2.0-service-mediatek  D  QueryFeatureSupportInfo(), feature support bit 0x1a097c57 
2026-03-25 13:54:04.910   335-31784 NVRAM                   and...re.audio@2.0-service-mediatek  D  getNumMicSupport(), dualMicFlag 1, numMicString 2
2026-03-25 13:54:04.910   335-31784 NVRAM                   and...re.audio@2.0-service-mediatek  D  QueryFeatureSupportInfo(), feature support bit 0x1a097c57 
2026-03-25 13:54:04.910   335-31784 AudioSPELayer           and...re.audio@2.0-service-mediatek  D  SetDynamicFuncCtrl(), SetDynamicFuncCtrl ffffffff(2), enable(1) == current_state(1)
2026-03-25 13:54:04.910   335-31784 AudioSPELayer           and...re.audio@2.0-service-mediatek  D  SetDynamicFuncCtrl(), SetDynamicFuncCtrl ffffffbf
2026-03-25 13:54:04.910   335-31784 AudioSPELayer           and...re.audio@2.0-service-mediatek  D  SetRoute, 0
2026-03-25 13:54:04.910   335-31784 AudioSPELayer           and...re.audio@2.0-service-mediatek  D  SetMICDigitalGain, MIC_DG, SPE_MODE=2, gain=12
2026-03-25 13:54:04.910   335-31784 AudioSPELayer           and...re.audio@2.0-service-mediatek  D  SetUpLinkTotalGain, SPE_MODE=2, gain=152
2026-03-25 13:54:04.910   335-31784 AudioALSAC...DataClient and...re.audio@2.0-service-mediatek  D  -ConfigBesRecordParams()
2026-03-25 13:54:04.910   335-31784 AudioALSAC...DataClient and...re.audio@2.0-service-mediatek  D  +StartBesRecord()
2026-03-25 13:54:04.910   335-31784 AudioSPELayer           and...re.audio@2.0-service-mediatek  D  GetVoIPLatencyTime LatencyTime=0,ret=1
2026-03-25 13:54:04.910   335-31784 AudioSPELayer           and...re.audio@2.0-service-mediatek  D  mLatencyTime=4,mLatencyDir=0
2026-03-25 13:54:04.910   335-31784 AudioSPELayer           and...re.audio@2.0-service-mediatek  D  Start, SWIP ver = 10.2
2026-03-25 13:54:04.911   335-31784 AudioSPELayer           and...re.audio@2.0-service-mediatek  D  Start, going to configure,mSphCtrlBuffer=0xae345ac0,mem_size=226672
2026-03-25 13:54:04.911   335-31784 AudioSPELayer           and...re.audio@2.0-service-mediatek  D  dump, State=0, mode=0
2026-03-25 13:54:04.911   335-31784 AudioSPELayer           and...re.audio@2.0-service-mediatek  D  Record:Samplerate = 48000, FrameRate=20,App_table=8, Fea_Cfg_table=1ff
2026-03-25 13:54:04.911   335-31784 AudioSPELayer           and...re.audio@2.0-service-mediatek  D  Record:EnhanceParas
2026-03-25 13:54:04.911   335-31784 AudioSPELayer           and...re.audio@2.0-service-mediatek  D  [index 0] 96,253,16388,32796,49415,0,400
2026-03-25 13:54:04.911   335-31784 AudioSPELayer           and...re.audio@2.0-service-mediatek  D  [index 1] 0,272,4325,99,0,0,0
2026-03-25 13:54:04.911   335-31784 AudioSPELayer           and...re.audio@2.0-service-mediatek  D  [index 2] 0,8192,0,0,0,10752,32769
2026-03-25 13:54:04.911   335-31784 AudioSPELayer           and...re.audio@2.0-service-mediatek  D  [index 3] 0,0,0,0,0,0,0
2026-03-25 13:54:04.911   335-31784 AudioSPELayer           and...re.audio@2.0-service-mediatek  D  [index 4] 0,0,0,0,0,0,0
2026-03-25 13:54:04.911   335-31784 AudioSPELayer           and...re.audio@2.0-service-mediatek  D  [index 5] 0,0,0,0,0,0,0
2026-03-25 13:54:04.911   335-31784 AudioSPELayer           and...re.audio@2.0-service-mediatek  D  [index 6] 0,0,0,0,0,0,0
2026-03-25 13:54:04.911   335-31784 AudioSPELayer           and...re.audio@2.0-service-mediatek  D  [index 7] 0,0,0,0,0,0,0
2026-03-25 13:54:04.911   335-31784 AudioSPELayer           and...re.audio@2.0-service-mediatek  D  Using:Samplerate = 16000, FrameRate=20,MIC_DG=12, App_table=2, Fea_Cfg_table=1ff, MMI_table=ffffffbf, Device_mode=0, MMI_MIC_GAIN=152
2026-03-25 13:54:04.912   335-31784 AudioSPELayer           and...re.audio@2.0-service-mediatek  D  Using:EnhanceParas
2026-03-25 13:54:04.912   335-31784 AudioSPELayer           and...re.audio@2.0-service-mediatek  D  [index 0] 128,253,6212,31,57351,31,0
2026-03-25 13:54:04.912   335-31784 AudioSPELayer           and...re.audio@2.0-service-mediatek  D  [index 1] 32,80,197,611,0,13066,0
2026-03-25 13:54:04.912   335-31784 AudioSPELayer           and...re.audio@2.0-service-mediatek  D  [index 2] 0,0,0,0,0,0,0
2026-03-25 13:54:04.912   335-31784 AudioSPELayer           and...re.audio@2.0-service-mediatek  D  [index 3] 0,0,0,0,0,0,0
2026-03-25 13:54:04.912   335-31784 AudioSPELayer           and...re.audio@2.0-service-mediatek  D  [index 4] 0,0,0,0,0,0,0
2026-03-25 13:54:04.912   335-31784 AudioSPELayer           and...re.audio@2.0-service-mediatek  D  [index 5] 0,0,0,0,0,0,0
2026-03-25 13:54:04.912   335-31784 AudioSPELayer           and...re.audio@2.0-service-mediatek  D  [index 6] 0,0,0,0,0,0,0
2026-03-25 13:54:04.912   335-31784 AudioSPELayer           and...re.audio@2.0-service-mediatek  D  [index 7] 55997,31000,10752,32769,0,0,0
2026-03-25 13:54:04.912   335-31784 AudioSPELayer           and...re.audio@2.0-service-mediatek  D  Using:DMNRCalData
2026-03-25 13:54:04.912   335-31784 AudioSPELayer           and...re.audio@2.0-service-mediatek  D  [index 0] 0,0,0,0,0,0,0,0,0,0,0,0,0,0,0,0,0,0,0
2026-03-25 13:54:04.912   335-31784 AudioSPELayer           and...re.audio@2.0-service-mediatek  D  [index 1] 0,0,0,0,0,0,0,0,0,0,0,0,0,0,0,0,0,0,0
2026-03-25 13:54:04.912   335-31784 AudioSPELayer           and...re.audio@2.0-service-mediatek  D  [index 2] 0,0,0,0,0,0,0,0,0,0,0,0,0,0,0,0,0,0,0
2026-03-25 13:54:04.912   335-31784 AudioSPELayer           and...re.audio@2.0-service-mediatek  D  [index 3] 0,0,0,0,0,0,0,0,0,0,0,0,0,0,0,0,0,0,0
2026-03-25 13:54:04.912   335-31784 AudioSPELayer           and...re.audio@2.0-service-mediatek  D  mSph_Enh_ctrl.frame_rate 20
2026-03-25 13:54:04.912   335-31784 AudioSPELayer           and...re.audio@2.0-service-mediatek  D  mNsecPerSample=62500
2026-03-25 13:54:04.912   335-31784 AudioSPELayer           and...re.audio@2.0-service-mediatek  D  mSPEProcessBufSize=1280
2026-03-25 13:54:04.912   335-31784 AudioALSAC...DataClient and...re.audio@2.0-service-mediatek  D  -StartBesRecord()
2026-03-25 13:54:04.912   335-31784 AudioALSAC...DataClient and...re.audio@2.0-service-mediatek  D  IsLowLatencyCapture(), low_latency_on: 0, voip_on: 1
2026-03-25 13:54:04.912   335-31784 chatty                  and...re.audio@2.0-service-mediatek  I  uid=1041(audioserver) reader identical 2 lines
2026-03-25 13:54:04.912   335-31784 AudioALSAC...DataClient and...re.audio@2.0-service-mediatek  D  IsLowLatencyCapture(), low_latency_on: 0, voip_on: 1
2026-03-25 13:54:04.912   335-31784 AudioALSAC...DataClient and...re.audio@2.0-service-mediatek  D  sample rate = 16000, drop ms = 25, channels = 1, byts per sample = 2, dropBesRecordDataSize = 1280
2026-03-25 13:54:04.913   335-31784 AudioPreProcess         and...re.audio@2.0-service-mediatek  D  AudioPreProcess()+
2026-03-25 13:54:04.913   335-31784 AudioPreProcess         and...re.audio@2.0-service-mediatek  D  AudioPreProcess()-
2026-03-25 13:54:04.913   335-31784 AudioALSAC...DataClient and...re.audio@2.0-service-mediatek  D  +CheckNativeEffect() 2
2026-03-25 13:54:04.913   335-31784 AudioPreProcess         and...re.audio@2.0-service-mediatek  D  CheckNativeEffect()+ 0 using
2026-03-25 13:54:04.913   335-31784 AudioPreProcess         and...re.audio@2.0-service-mediatek  D  PreProcessEffect_Count 2
2026-03-25 13:54:04.913   335-31784 AudioPreProcess         and...re.audio@2.0-service-mediatek  D  addAudioEffect()+ 0xb0a18d10
2026-03-25 13:54:04.913   335-31784 AudioPreProcess         and...re.audio@2.0-service-mediatek  D  find AEC: 0x0
2026-03-25 13:54:04.913   335-31784 AudioPreProcess         and...re.audio@2.0-service-mediatek  D  open AEC even record is already start
2026-03-25 13:54:04.913   335-31784 AudioPreProcess         and...re.audio@2.0-service-mediatek  D  start_echo_reference()+ channel_count=1,sampling_rate=16000,mEcho_Reference=0x0
2026-03-25 13:54:04.913   335-31784 AudioPreProcess         and...re.audio@2.0-service-mediatek  D  clear_echo_reference()+ 0x0
2026-03-25 13:54:04.913   335-31784 AudioPreProcess         and...re.audio@2.0-service-mediatek  D  clear_echo_reference()-
2026-03-25 13:54:04.913   335-31784 AudioPreProcess         and...re.audio@2.0-service-mediatek  D  start_echo_reference,wr_channel_count=2,wr_sampling_rate=16000
2026-03-25 13:54:04.913   335-31784 AudioPreProcess         and...re.audio@2.0-service-mediatek  D  start_echo_reference(),wr_channel_count=2,wr_sampling_rate=16000
2026-03-25 13:54:04.913   335-31784 AudioPreProcess         and...re.audio@2.0-service-mediatek  D  add_echo_reference()+, reference=0xaf4bae80
2026-03-25 13:54:04.913   335-31784 AudioPreProcess         and...re.audio@2.0-service-mediatek  D  add_echo_reference()-
2026-03-25 13:54:04.913   335-31784 AudioPreProcess         and...re.audio@2.0-service-mediatek  D  start_echo_reference()-
2026-03-25 13:54:04.913   335-31784 AudioPreProcess         and...re.audio@2.0-service-mediatek  D  in_configure_reverse()+
2026-03-25 13:54:04.913   335-31784 AudioPreProcess         and...re.audio@2.0-service-mediatek  D  in_configure_reverse()-, status=0
2026-03-25 13:54:04.913   335-31784 AudioPreProcess         and...re.audio@2.0-service-mediatek  D  addAudioEffect(), effect type: 7b491460, effect name:Acoustic Echo Canceler
2026-03-25 13:54:04.913   335-31784 AudioPreProcess         and...re.audio@2.0-service-mediatek  D  addAudioEffect(), StreamInAttributeinfo num_channels=1, audio_channel_mask=10, sample_rate=16000
