2026-03-25 13:54:02.522   355-355   NxpFwDnld               vendor.nxp.nxpnfc@1.0-service        E  Freeing Mem for Dnld Context..
2026-03-25 13:54:02.522   355-355   NxpHal                  vendor.nxp.nxpnfc@1.0-service        D  Chip Version Middleware Version mismatch!!!!
2026-03-25 13:54:02.523   355-1634  NxpTml                  vendor.nxp.nxpnfc@1.0-service        D  PN54X - Write requested.....
2026-03-25 13:54:02.523   355-1634  NxpTml                  vendor.nxp.nxpnfc@1.0-service        D  PN54X - Invoking I2C Write.....
2026-03-25 13:54:02.535   364-374   HWComposer              surfaceflinger                       W  Ignoring duplicate VSYNC event from HWC (t=0)
2026-03-25 13:54:02.544   355-1634  NxpTml                  vendor.nxp.nxpnfc@1.0-service        E  _i2c_write() errno : 5
2026-03-25 13:54:02.544   355-1634  NxpTml                  vendor.nxp.nxpnfc@1.0-service        E  PN54X - Error in I2C Write.....
2026-03-25 13:54:02.544   355-1634  NxpTml                  vendor.nxp.nxpnfc@1.0-service        D  PN54X - Posting Fresh Write message.....
2026-03-25 13:54:02.545   355-1634  NxpTml                  vendor.nxp.nxpnfc@1.0-service        D  PN54X - Tml Writer Thread Running................
2026-03-25 13:54:02.545   355-1636  NxpHal                  vendor.nxp.nxpnfc@1.0-service        E  write error status = 0x1ff
2026-03-25 13:54:02.545   355-355   NxpHal                  vendor.nxp.nxpnfc@1.0-service        E  write_unlocked failed - PN54X Maybe in Standby Mode - Retry
2026-03-25 13:54:02.555   355-1634  NxpTml                  vendor.nxp.nxpnfc@1.0-service        D  PN54X - Write requested.....
2026-03-25 13:54:02.556   355-1634  NxpTml                  vendor.nxp.nxpnfc@1.0-service        D  PN54X - Invoking I2C Write.....
2026-03-25 13:54:02.558   364-374   HWComposer              surfaceflinger                       W  Ignoring duplicate VSYNC event from HWC (t=0)
2026-03-25 13:54:02.577   355-1634  NxpTml                  vendor.nxp.nxpnfc@1.0-service        E  _i2c_write() errno : 5
2026-03-25 13:54:02.578   355-1634  NxpTml                  vendor.nxp.nxpnfc@1.0-service        E  PN54X - Error in I2C Write.....
2026-03-25 13:54:02.578   355-1634  NxpTml                  vendor.nxp.nxpnfc@1.0-service        D  PN54X - Posting Fresh Write message.....
2026-03-25 13:54:02.578   355-1634  NxpTml                  vendor.nxp.nxpnfc@1.0-service        D  PN54X - Tml Writer Thread Running................
2026-03-25 13:54:02.578   355-1636  NxpHal                  vendor.nxp.nxpnfc@1.0-service        E  write error status = 0x1ff
2026-03-25 13:54:02.578   355-355   NxpHal                  vendor.nxp.nxpnfc@1.0-service        E  write_unlocked failed - PN54X Maybe in Standby Mode - Retry
2026-03-25 13:54:02.581   364-374   HWComposer              surfaceflinger                       W  Ignoring duplicate VSYNC event from HWC (t=0)
2026-03-25 13:54:02.589   355-1634  NxpTml                  vendor.nxp.nxpnfc@1.0-service        D  PN54X - Write requested.....
2026-03-25 13:54:02.589   355-1634  NxpTml                  vendor.nxp.nxpnfc@1.0-service        D  PN54X - Invoking I2C Write.....
2026-03-25 13:54:02.605   364-374   HWComposer              surfaceflinger                       W  Ignoring duplicate VSYNC event from HWC (t=0)
2026-03-25 13:54:02.611   355-1634  NxpTml                  vendor.nxp.nxpnfc@1.0-service        E  _i2c_write() errno : 5
2026-03-25 13:54:02.611   355-1634  NxpTml                  vendor.nxp.nxpnfc@1.0-service        E  PN54X - Error in I2C Write.....
2026-03-25 13:54:02.611   355-1634  NxpTml                  vendor.nxp.nxpnfc@1.0-service        D  PN54X - Posting Fresh Write message.....
2026-03-25 13:54:02.611   355-1634  NxpTml                  vendor.nxp.nxpnfc@1.0-service        D  PN54X - Tml Writer Thread Running................
2026-03-25 13:54:02.612   355-1636  NxpHal                  vendor.nxp.nxpnfc@1.0-service        E  write error status = 0x1ff
2026-03-25 13:54:02.612   355-355   NxpHal                  vendor.nxp.nxpnfc@1.0-service        E  write_unlocked failed - PN54X Maybe in Standby Mode - Retry
2026-03-25 13:54:02.622   355-1634  NxpTml                  vendor.nxp.nxpnfc@1.0-service        D  PN54X - Write requested.....
2026-03-25 13:54:02.623   355-1634  NxpTml                  vendor.nxp.nxpnfc@1.0-service        D  PN54X - Invoking I2C Write.....
2026-03-25 13:54:02.628   364-374   HWComposer              surfaceflinger                       W  Ignoring duplicate VSYNC event from HWC (t=0)
2026-03-25 13:54:02.644   355-1634  NxpTml                  vendor.nxp.nxpnfc@1.0-service        E  _i2c_write() errno : 5
2026-03-25 13:54:02.644   355-1634  NxpTml                  vendor.nxp.nxpnfc@1.0-service        E  PN54X - Error in I2C Write.....
2026-03-25 13:54:02.644   355-1634  NxpTml                  vendor.nxp.nxpnfc@1.0-service        D  PN54X - Posting Fresh Write message.....
2026-03-25 13:54:02.645   355-1634  NxpTml                  vendor.nxp.nxpnfc@1.0-service        D  PN54X - Tml Writer Thread Running................
2026-03-25 13:54:02.645   355-1636  NxpHal                  vendor.nxp.nxpnfc@1.0-service        E  write error status = 0x1ff
2026-03-25 13:54:02.645   355-355   NxpHal                  vendor.nxp.nxpnfc@1.0-service        E  write_unlocked failed - PN54X Maybe in Standby Mode - Retry
2026-03-25 13:54:02.651   364-374   HWComposer              surfaceflinger                       W  Ignoring duplicate VSYNC event from HWC (t=0)
2026-03-25 13:54:02.655   355-1634  NxpTml                  vendor.nxp.nxpnfc@1.0-service        D  PN54X - Write requested.....
2026-03-25 13:54:02.656   355-1634  NxpTml                  vendor.nxp.nxpnfc@1.0-service        D  PN54X - Invoking I2C Write.....
2026-03-25 13:54:02.671   353-385   powerd                  merged_hal_service                   I  [powerd_req] POWER_MSG_QUERY_INFO: cmd:6, param:0
2026-03-25 13:54:02.675   364-374   HWComposer              surfaceflinger                       W  Ignoring duplicate VSYNC event from HWC (t=0)
2026-03-25 13:54:02.678   355-1634  NxpTml                  vendor.nxp.nxpnfc@1.0-service        E  _i2c_write() errno : 5
2026-03-25 13:54:02.679   355-1634  NxpTml                  vendor.nxp.nxpnfc@1.0-service        E  PN54X - Error in I2C Write.....
2026-03-25 13:54:02.679   355-1634  NxpTml                  vendor.nxp.nxpnfc@1.0-service        D  PN54X - Posting Fresh Write message.....
2026-03-25 13:54:02.679   355-1634  NxpTml                  vendor.nxp.nxpnfc@1.0-service        D  PN54X - Tml Writer Thread Running................
2026-03-25 13:54:02.679   355-1636  NxpHal                  vendor.nxp.nxpnfc@1.0-service        E  write error status = 0x1ff
2026-03-25 13:54:02.679   355-355   NxpHal                  vendor.nxp.nxpnfc@1.0-service        E  write_unlocked failed - PN54X Maybe in Standby Mode - Retry
2026-03-25 13:54:02.690   355-1634  NxpTml                  vendor.nxp.nxpnfc@1.0-service        D  PN54X - Write requested.....
2026-03-25 13:54:02.690   355-1634  NxpTml                  vendor.nxp.nxpnfc@1.0-service        D  PN54X - Invoking I2C Write.....
2026-03-25 13:54:02.698   364-374   HWComposer              surfaceflinger                       W  Ignoring duplicate VSYNC event from HWC (t=0)
2026-03-25 13:54:02.711   355-1634  NxpTml                  vendor.nxp.nxpnfc@1.0-service        E  _i2c_write() errno : 5
2026-03-25 13:54:02.711   355-1634  NxpTml                  vendor.nxp.nxpnfc@1.0-service        E  PN54X - Error in I2C Write.....
2026-03-25 13:54:02.711   355-1634  NxpTml                  vendor.nxp.nxpnfc@1.0-service        D  PN54X - Posting Fresh Write message.....
2026-03-25 13:54:02.711   355-1634  NxpTml                  vendor.nxp.nxpnfc@1.0-service        D  PN54X - Tml Writer Thread Running................
2026-03-25 13:54:02.712   355-1636  NxpHal                  vendor.nxp.nxpnfc@1.0-service        E  write error status = 0x1ff
2026-03-25 13:54:02.712   355-355   NxpHal                  vendor.nxp.nxpnfc@1.0-service        E  write_unlocked failed - PN54X Maybe in Standby Mode (max count = 0x6)
2026-03-25 13:54:02.712   355-355   NxpTml                  vendor.nxp.nxpnfc@1.0-service        D  phTmlNfc_i2c_reset(), VEN level 0
2026-03-25 13:54:02.725   364-374   HWComposer              surfaceflinger                       W  Ignoring duplicate VSYNC event from HWC (t=0)
2026-03-25 13:54:02.748   364-374   chatty                  surfaceflinger                       I  uid=1000(system) HwBinder:364_1 identical 1 line
2026-03-25 13:54:02.772   364-374   HWComposer              surfaceflinger                       W  Ignoring duplicate VSYNC event from HWC (t=0)
2026-03-25 13:54:02.775   355-355   NxpTml                  vendor.nxp.nxpnfc@1.0-service        D  phTmlNfc_i2c_reset(), VEN level 1
2026-03-25 13:54:02.795   364-374   HWComposer              surfaceflinger                       W  Ignoring duplicate VSYNC event from HWC (t=0)
2026-03-25 13:54:02.865   364-374   chatty                  surfaceflinger                       I  uid=1000(system) HwBinder:364_1 identical 3 lines
2026-03-25 13:54:02.888   364-374   HWComposer              surfaceflinger                       W  Ignoring duplicate VSYNC event from HWC (t=0)
2026-03-25 13:54:02.888   355-355   NxpHal                  vendor.nxp.nxpnfc@1.0-service        D  PN54X Reset - SUCCESS
2026-03-25 13:54:02.888   355-355   NxpHal                  vendor.nxp.nxpnfc@1.0-service        D  phNxpNciHal_write failed for hal ext
2026-03-25 13:54:02.889   355-355   NxpHal                  vendor.nxp.nxpnfc@1.0-service        E  NFCC not coming out from Standby
2026-03-25 13:54:02.889   355-355   NxpHal                  vendor.nxp.nxpnfc@1.0-service        E  Trying Force FW download
2026-03-25 13:54:02.889   355-355   NxpHal                  vendor.nxp.nxpnfc@1.0-service        D  Found Valid Firmware Type
2026-03-25 13:54:02.889   355-355   NxpExtns                vendor.nxp.nxpnfc@1.0-service        D  find found NXP_SYS_CLK_SRC_SEL=(0x2)
2026-03-25 13:54:02.889   355-355   NxpExtns                vendor.nxp.nxpnfc@1.0-service        D  find found NXP_SYS_CLK_FREQ_SEL=(0x4)
2026-03-25 13:54:02.889   355-355   NxpExtns                vendor.nxp.nxpnfc@1.0-service        D  find found NXP_SYS_CLOCK_TO_CFG=(0x1)
2026-03-25 13:54:02.889   355-355   NxpFwDnld               vendor.nxp.nxpnfc@1.0-service        D  gphNxpNciHal_fw_IoctlCtx.bClkSrcVal = 0x2
2026-03-25 13:54:02.889   355-355   NxpFwDnld               vendor.nxp.nxpnfc@1.0-service        D  gphNxpNciHal_fw_IoctlCtx.bClkFreqVal = 0x4
2026-03-25 13:54:02.890   355-355   NxpFwDnld               vendor.nxp.nxpnfc@1.0-service        D  gphNxpNciHal_fw_IoctlCtx.bClkFreqVal = 0x1
2026-03-25 13:54:02.890   355-355   NxpTml                  vendor.nxp.nxpnfc@1.0-service        D  phTmlNfc_i2c_reset(), VEN level 2
2026-03-25 13:54:02.911   364-374   HWComposer              surfaceflinger                       W  Ignoring duplicate VSYNC event from HWC (t=0)
2026-03-25 13:54:03.028   364-374   chatty                  surfaceflinger                       I  uid=1000(system) HwBinder:364_1 identical 5 lines
2026-03-25 13:54:03.052   364-374   HWComposer              surfaceflinger                       W  Ignoring duplicate VSYNC event from HWC (t=0)
2026-03-25 13:54:03.068   355-355   NxpFwDnld               vendor.nxp.nxpnfc@1.0-service        D  Allocating Mem for Dnld Context..
2026-03-25 13:54:03.069   355-355   NxpHal                  vendor.nxp.nxpnfc@1.0-service        D  Calling Seq handler for FW Download 
2026-03-25 13:54:03.069   355-355   NxpExtns                vendor.nxp.nxpnfc@1.0-service        D  find found NXP_FW_NAME=libpn553_fw.so
2026-03-25 13:54:03.071   355-355   NxpFwDnld               vendor.nxp.nxpnfc@1.0-service        D  @@@/system/vendor/firmware/libpn553_fw.so
2026-03-25 13:54:03.071   355-355   NxpFwDnld               vendor.nxp.nxpnfc@1.0-service        E  FW Image Length - ImageInfoLen 34358
2026-03-25 13:54:03.071   355-355   NxpFwDnld               vendor.nxp.nxpnfc@1.0-service        E  FW Image Info Pointer - pImageInfo 0xa95532d0
2026-03-25 13:54:03.071   355-355   NxpFwDnld               vendor.nxp.nxpnfc@1.0-service        E  FW Major Version Num - 1
2026-03-25 13:54:03.071   355-355   NxpFwDnld               vendor.nxp.nxpnfc@1.0-service        E  FW Minor Version Num - 16
2026-03-25 13:54:03.072   355-355   NxpFwDnld               vendor.nxp.nxpnfc@1.0-service        E  FW Image Length - 34358
2026-03-25 13:54:03.072   355-355   NxpFwDnld               vendor.nxp.nxpnfc@1.0-service        E  FW Image Info Pointer - 0xa95532d0
2026-03-25 13:54:03.072   355-355   NxpFwDnld               vendor.nxp.nxpnfc@1.0-service        D  phDnldNfc_InitImgInfo:SUCCESS
2026-03-25 13:54:03.072   355-355   NxpFwDnld               vendor.nxp.nxpnfc@1.0-service        D  Processing R/W Sequence..
2026-03-25 13:54:03.073   355-355   NxpFwDnld               vendor.nxp.nxpnfc@1.0-service        D  Response Timer Created Successfully
2026-03-25 13:54:03.073   355-355   NxpFwDnld               vendor.nxp.nxpnfc@1.0-service        D  Inserting FrameId ..
2026-03-25 13:54:03.073   355-355   NxpFwDnld               vendor.nxp.nxpnfc@1.0-service        D  Frame created successfully
2026-03-25 13:54:03.073   355-355   NxpFwDnld               vendor.nxp.nxpnfc@1.0-service        D  Force Command Request submitted successfully
2026-03-25 13:54:03.073   355-1634  NxpTml                  vendor.nxp.nxpnfc@1.0-service        D  PN54X - Write requested.....
2026-03-25 13:54:03.073   355-1634  NxpTml                  vendor.nxp.nxpnfc@1.0-service        D  PN54X - Invoking I2C Write.....
2026-03-25 13:54:03.075   364-374   HWComposer              surfaceflinger                       W  Ignoring duplicate VSYNC event from HWC (t=0)
2026-03-25 13:54:03.094   355-1634  NxpTml                  vendor.nxp.nxpnfc@1.0-service        E  _i2c_write() errno : 5
2026-03-25 13:54:03.095   355-1634  NxpHal                  vendor.nxp.nxpnfc@1.0-service        E  PN54X - Error in I2C Write  - Retry 0x1
2026-03-25 13:54:03.098   364-374   HWComposer              surfaceflinger                       W  Ignoring duplicate VSYNC event from HWC (t=0)
2026-03-25 13:54:03.105   355-1634  NxpTml                  vendor.nxp.nxpnfc@1.0-service        D  PN54X - Invoking I2C Write.....
2026-03-25 13:54:03.122   364-374   HWComposer              surfaceflinger                       W  Ignoring duplicate VSYNC event from HWC (t=0)
2026-03-25 13:54:03.128   355-1634  NxpTml                  vendor.nxp.nxpnfc@1.0-service        E  _i2c_write() errno : 5
2026-03-25 13:54:03.128   355-1634  NxpHal                  vendor.nxp.nxpnfc@1.0-service        E  PN54X - Error in I2C Write  - Retry 0x2
2026-03-25 13:54:03.139   355-1634  NxpTml                  vendor.nxp.nxpnfc@1.0-service        D  PN54X - Invoking I2C Write.....
2026-03-25 13:54:03.145   364-374   HWComposer              surfaceflinger                       W  Ignoring duplicate VSYNC event from HWC (t=0)
2026-03-25 13:54:03.161   355-1634  NxpTml                  vendor.nxp.nxpnfc@1.0-service        E  _i2c_write() errno : 5
2026-03-25 13:54:03.161   355-1634  NxpHal                  vendor.nxp.nxpnfc@1.0-service        E  PN54X - Error in I2C Write  - Retry 0x3
2026-03-25 13:54:03.168   364-374   HWComposer              surfaceflinger                       W  Ignoring duplicate VSYNC event from HWC (t=0)
2026-03-25 13:54:03.172   355-1634  NxpTml                  vendor.nxp.nxpnfc@1.0-service        D  PN54X - Invoking I2C Write.....
2026-03-25 13:54:03.192   364-374   HWComposer              surfaceflinger                       W  Ignoring duplicate VSYNC event from HWC (t=0)
2026-03-25 13:54:03.192   757-919   zhouzhe                 system_server                        D  keyCode111 = 230
2026-03-25 13:54:03.195   757-919   tyd                     system_server                        D  sendBroadcast: android.intent.action.PTT.down
2026-03-25 13:54:03.195   355-1634  NxpTml                  vendor.nxp.nxpnfc@1.0-service        E  _i2c_write() errno : 5
2026-03-25 13:54:03.195   355-1634  NxpTml                  vendor.nxp.nxpnfc@1.0-service        E  PN54X - Error in I2C Write.....
2026-03-25 13:54:03.195   355-1634  NxpTml                  vendor.nxp.nxpnfc@1.0-service        D  PN54X - Posting Fresh Write message.....
--------- beginning of system
2026-03-25 13:54:03.196   355-1634  NxpTml                  vendor.nxp.nxpnfc@1.0-service        D  PN54X - Tml Writer Thread Running................
2026-03-25 13:54:03.196   757-919   ContextImpl             system_server                        W  Calling a method in the system process without a qualified user: android.app.ContextImpl.sendBroadcast:967 com.android.server.policy.PhoneWindowManager.sendBC:6496 com.android.server.policy.PhoneWindowManager.interceptKeyBeforeQueueing:6843 com.freeme.server.policy.FreemePhoneWindowManager.interceptKeyBeforeQueueing:301 com.android.server.wm.InputMonitor.interceptKeyBeforeQueueing:449 
2026-03-25 13:54:03.197   355-1636  NxpFwDnld               vendor.nxp.nxpnfc@1.0-service        E  Tml Write error!!
2026-03-25 13:54:03.197   355-1636  NxpFwDnld               vendor.nxp.nxpnfc@1.0-service        E  phNxpNciHal_fw_dnld_normal_cb - Request Failed!!
2026-03-25 13:54:03.197   355-355   NxpFwDnld               vendor.nxp.nxpnfc@1.0-service        D  Processing R/W Sequence..
2026-03-25 13:54:03.198   355-355   NxpFwDnld               vendor.nxp.nxpnfc@1.0-service        D  Response Timer Created Successfully
2026-03-25 13:54:03.198   355-355   NxpFwDnld               vendor.nxp.nxpnfc@1.0-service        D  Inserting FrameId ..
2026-03-25 13:54:03.198   355-355   NxpFwDnld               vendor.nxp.nxpnfc@1.0-service        D  Frame created successfully
2026-03-25 13:54:03.199   355-355   NxpFwDnld               vendor.nxp.nxpnfc@1.0-service        D  Force Command Request submitted successfully
2026-03-25 13:54:03.199   757-919   ActivityManager         system_server                        E  Sending non-protected broadcast android.intent.action.PTT.down from system 757:system/1000 pkg android (Explain with AI)
                                                                                                    java.lang.Throwable
                                                                                                    	at com.android.server.am.ActivityManagerService.checkBroadcastFromSystem(ActivityManagerService.java:19307)
                                                                                                    	at com.android.server.am.ActivityManagerService.broadcastIntentLocked(ActivityManagerService.java:19827)
                                                                                                    	at com.android.server.am.ActivityManagerService.broadcastIntent(ActivityManagerService.java:20062)
                                                                                                    	at android.app.ContextImpl.sendBroadcast(ContextImpl.java:971)
                                                                                                    	at com.android.server.policy.PhoneWindowManager.sendBC(PhoneWindowManager.java:6496)
                                                                                                    	at com.android.server.policy.PhoneWindowManager.interceptKeyBeforeQueueing(PhoneWindowManager.java:6843)
                                                                                                    	at com.freeme.server.policy.FreemePhoneWindowManager.interceptKeyBeforeQueueing(FreemePhoneWindowManager.java:301)
                                                                                                    	at com.android.server.wm.InputMonitor.interceptKeyBeforeQueueing(InputMonitor.java:449)
                                                                                                    	at com.android.server.input.InputManagerService.interceptKeyBeforeQueueing(InputManagerService.java:1975)
2026-03-25 13:54:03.199   355-1634  NxpTml                  vendor.nxp.nxpnfc@1.0-service        D  PN54X - Write requested.....
2026-03-25 13:54:03.199   355-1634  NxpTml                  vendor.nxp.nxpnfc@1.0-service        D  PN54X - Invoking I2C Write.....
2026-03-25 13:54:03.209   757-919   AES                     system_server                        W  Exception Log handling...
2026-03-25 13:54:03.215   364-374   HWComposer              surfaceflinger                       W  Ignoring duplicate VSYNC event from HWC (t=0)
2026-03-25 13:54:03.217   757-919   AES                     system_server                        D  ExceptionLog: notify aed (process:system_server pid:757 cause:system_server_wtf )
2026-03-25 13:54:03.217   757-919   AEE_LIBAEE              system_server                        D  shell: raise_exp(11, 757, -1361051648, system_server, 0x0x960a9d40, 0x0x0)
2026-03-25 13:54:03.219   757-919   AEE_LIBAEE              system_server                        D  com.mtk.aee.aedshell: connected with AED OK
2026-03-25 13:54:03.221   690-690   AEE_AED                 aee_aed                              D  $===AEE===AEE===AEE===$
2026-03-25 13:54:03.222   690-690   AEE_AED                 aee_aed                              D  p 1 poll events 1 revents 1
2026-03-25 13:54:03.222   355-1634  NxpTml                  vendor.nxp.nxpnfc@1.0-service        E  _i2c_write() errno : 5
2026-03-25 13:54:03.222   355-1634  NxpHal                  vendor.nxp.nxpnfc@1.0-service        E  PN54X - Error in I2C Write  - Retry 0x1
2026-03-25 13:54:03.223   690-690   AEE_AED                 aee_aed                              D  PPM cpu cores:4, online:4
2026-03-25 13:54:03.229   690-690   AEE_AED                 aee_aed                              D  aed_main_fork_worker: generator 0xaec09440, worker 0xbee7c798, recv_fd 10
2026-03-25 13:54:03.233   355-1634  NxpTml                  vendor.nxp.nxpnfc@1.0-service        D  PN54X - Invoking I2C Write.....
2026-03-25 13:54:03.234 31734-31734 AEE_AED                 pid-31734                            D  read success, handling msg (Ind, AE_IND_WRN_RAISED)
2026-03-25 13:54:03.236 31734-31734 AEE_AED                 pid-31734                            I  [preset_info] pid: 757, tid: -1361051648, name: UNKNOWN  >>> system_server <<<
2026-03-25 13:54:03.236 31734-31734 AEE_AED                 pid-31734                            D  u:r:system_server:s0
2026-03-25 13:54:03.236 31734-31734 AEE_AED                 pid-31734                            V  dashboard_record_update() : rec->module = system_server 
2026-03-25 13:54:03.237 31734-31734 AEE_AED                 pid-31734                            D  Skip duplicated exception ! 
2026-03-25 13:54:03.237 31734-31734 AEE_AED                 pid-31734                            D  Exception Class: 11 
2026-03-25 13:54:03.237 31734-31734 AEE_AED                 pid-31734                            D  Module: system_server 
2026-03-25 13:54:03.237 31734-31734 AEE_AED                 pid-31734                            D  Count: 483 
2026-03-25 13:54:03.237 31734-31734 AEE_AED                 pid-31734                            D  Last exception time: 1774461194 
                                                                                                     
2026-03-25 13:54:03.237 31734-31734 AEE_AED                 pid-31734                            V  process session - skipped 
2026-03-25 13:54:03.237   757-919   AEE_LIBAEE              system_server                        D  shell: got the request (cmd:Ind,AE_IND_LOG_CLOSE)
2026-03-25 13:54:03.238   757-919   AEE_LIBAEE              system_server                        D  shell: Got session close ind from AED
2026-03-25 13:54:03.238   364-374   HWComposer              surfaceflinger                       W  Ignoring duplicate VSYNC event from HWC (t=0)
2026-03-25 13:54:03.239   757-919   ActivityManager         system_server                        E  Sending non-protected broadcast android.intent.action.PTT.down from system 757:system/1000 pkg android (Explain with AI)
                                                                                                    java.lang.Throwable
                                                                                                    	at com.android.server.am.ActivityManagerService.checkBroadcastFromSystem(ActivityManagerService.java:19307)
                                                                                                    	at com.android.server.am.ActivityManagerService.broadcastIntentLocked(ActivityManagerService.java:19920)
                                                                                                    	at com.android.server.am.ActivityManagerService.broadcastIntent(ActivityManagerService.java:20062)
                                                                                                    	at android.app.ContextImpl.sendBroadcast(ContextImpl.java:971)
                                                                                                    	at com.android.server.policy.PhoneWindowManager.sendBC(PhoneWindowManager.java:6496)
                                                                                                    	at com.android.server.policy.PhoneWindowManager.interceptKeyBeforeQueueing(PhoneWindowManager.java:6843)
                                                                                                    	at com.freeme.server.policy.FreemePhoneWindowManager.interceptKeyBeforeQueueing(FreemePhoneWindowManager.java:301)
                                                                                                    	at com.android.server.wm.InputMonitor.interceptKeyBeforeQueueing(InputMonitor.java:449)
                                                                                                    	at com.android.server.input.InputManagerService.interceptKeyBeforeQueueing(InputManagerService.java:1975)
2026-03-25 13:54:03.240   690-690   AEE_AED                 aee_aed                              D  clear ppm settings
2026-03-25 13:54:03.241   690-690   AEE_AED                 aee_aed                              D  $===AEE===AEE===AEE===$
2026-03-25 13:54:03.247   757-919   AES                     system_server                        W  Exception Log handling...
2026-03-25 13:54:03.251   757-919   AES                     system_server                        D  ExceptionLog: notify aed (process:system_server pid:757 cause:system_server_wtf )
2026-03-25 13:54:03.251   757-919   AEE_LIBAEE              system_server                        D  shell: raise_exp(11, 757, -1361051648, system_server, 0x0x960a9f80, 0x0x0)
2026-03-25 13:54:03.252   757-919   AEE_LIBAEE              system_server                        D  com.mtk.aee.aedshell: connected with AED OK
2026-03-25 13:54:03.253   690-690   AEE_AED                 aee_aed                              D  $===AEE===AEE===AEE===$
2026-03-25 13:54:03.254   690-690   AEE_AED                 aee_aed                              D  p 1 poll events 1 revents 1
2026-03-25 13:54:03.254   355-1634  NxpTml                  vendor.nxp.nxpnfc@1.0-service        E  _i2c_write() errno : 5
2026-03-25 13:54:03.254   355-1634  NxpHal                  vendor.nxp.nxpnfc@1.0-service        E  PN54X - Error in I2C Write  - Retry 0x2
2026-03-25 13:54:03.254   690-690   AEE_AED                 aee_aed                              D  PPM cpu cores:4, online:4
2026-03-25 13:54:03.258   690-690   AEE_AED                 aee_aed                              D  aed_main_fork_worker: generator 0xaec09440, worker 0xbee7c798, recv_fd 10
2026-03-25 13:54:03.261 31735-31735 AEE_AED                 pid-31735                            D  read success, handling msg (Ind, AE_IND_WRN_RAISED)
2026-03-25 13:54:03.262   364-374   HWComposer              surfaceflinger                       W  Ignoring duplicate VSYNC event from HWC (t=0)
2026-03-25 13:54:03.262 31735-31735 AEE_AED                 pid-31735                            I  [preset_info] pid: 757, tid: -1361051648, name: UNKNOWN  >>> system_server <<<
2026-03-25 13:54:03.262 31735-31735 AEE_AED                 pid-31735                            D  u:r:system_server:s0
2026-03-25 13:54:03.262 31735-31735 AEE_AED                 pid-31735                            V  dashboard_record_update() : rec->module = system_server 
2026-03-25 13:54:03.262 31735-31735 AEE_AED                 pid-31735                            D  Skip duplicated exception ! 
2026-03-25 13:54:03.262 31735-31735 AEE_AED                 pid-31735                            D  Exception Class: 11 
2026-03-25 13:54:03.262 31735-31735 AEE_AED                 pid-31735                            D  Module: system_server 
2026-03-25 13:54:03.262 31735-31735 AEE_AED                 pid-31735                            D  Count: 484 
2026-03-25 13:54:03.262 31735-31735 AEE_AED                 pid-31735                            D  Last exception time: 1774461243 
                                                                                                     
2026-03-25 13:54:03.262 31735-31735 AEE_AED                 pid-31735                            V  process session - skipped 
2026-03-25 13:54:03.263   757-919   AEE_LIBAEE              system_server                        D  shell: got the request (cmd:Ind,AE_IND_LOG_CLOSE)
2026-03-25 13:54:03.263   757-919   AEE_LIBAEE              system_server                        D  shell: Got session close ind from AED
2026-03-25 13:54:03.265   690-690   AEE_AED                 aee_aed                              D  clear ppm settings
2026-03-25 13:54:03.266   355-1634  NxpTml                  vendor.nxp.nxpnfc@1.0-service        D  PN54X - Invoking I2C Write.....
2026-03-25 13:54:03.266   757-836   BroadcastQueue          system_server                        W  Background execution not allowed: receiving Intent { act=android.intent.action.DROPBOX_ENTRY_ADDED flg=0x10 (has extras) } to com.google.android.gms/.stats.service.DropBoxEntryAddedReceiver
2026-03-25 13:54:03.267 30781-30781 [PTT-DIAG]              com.reedersystems.commandcomms       D  PttHardwareReceiver.onReceive action=android.intent.action.PTT.down extras=null
2026-03-25 13:54:03.267 30781-30781 [PTT-DIAG]              com.reedersystems.commandcomms       D  PttHardwareReceiver: mapped action=android.intent.action.PTT.down -> svcAction=com.reedersystems.commandcomms.SVC_PTT_DOWN
2026-03-25 13:54:03.268   757-918   zhouzhe                 system_server                        D  keyCode222 = 230
2026-03-25 13:54:03.268   690-690   AEE_AED                 aee_aed                              D  $===AEE===AEE===AEE===$
2026-03-25 13:54:03.270 30781-30781 [PTT-DIAG]              com.reedersystems.commandcomms       D  PttHardwareReceiver: WakeLock acquired (auto-releases in 5000ms)
2026-03-25 13:54:03.280 30781-30781 [PTT-DIAG]              com.reedersystems.commandcomms       D  handleRadioPttDown pttState=IDLE signaling=true
2026-03-25 13:54:03.285   364-374   HWComposer              surfaceflinger                       W  Ignoring duplicate VSYNC event from HWC (t=0)
2026-03-25 13:54:03.286   355-1634  NxpTml                  vendor.nxp.nxpnfc@1.0-service        E  _i2c_write() errno : 5
2026-03-25 13:54:03.286   355-1634  NxpHal                  vendor.nxp.nxpnfc@1.0-service        E  PN54X - Error in I2C Write  - Retry 0x3
2026-03-25 13:54:03.288   757-930   WifiStateMachine        system_server                        D   MtkL2ConnectedState { when=-3ms what=131155 arg1=12 target=com.android.internal.util.StateMachine$SmHandler } 12 0, mShouldDeferDisableWifi = false, mState = MONITORING
2026-03-25 13:54:03.296   355-1634  NxpTml                  vendor.nxp.nxpnfc@1.0-service        D  PN54X - Invoking I2C Write.....
2026-03-25 13:54:03.308   364-374   HWComposer              surfaceflinger                       W  Ignoring duplicate VSYNC event from HWC (t=0)
2026-03-25 13:54:03.309   969-969   StatusBar               com.android.systemui                 D  onNotificationPosted: StatusBarNotification(pkg=com.reedersystems.commandcomms user=UserHandle{0} id=1001 tag=null key=0|com.reedersystems.commandcomms|1001|null|10138: Notification(channel=ptt_service pri=-1 contentView=null vibrate=null sound=null defaults=0x0 flags=0x62 color=0x00000000 vis=PRIVATE))
2026-03-25 13:54:03.317   355-1634  NxpTml                  vendor.nxp.nxpnfc@1.0-service        E  _i2c_write() errno : 5
2026-03-25 13:54:03.317   355-1634  NxpTml                  vendor.nxp.nxpnfc@1.0-service        E  PN54X - Error in I2C Write.....
2026-03-25 13:54:03.317   355-1634  NxpTml                  vendor.nxp.nxpnfc@1.0-service        D  PN54X - Posting Fresh Write message.....
2026-03-25 13:54:03.317   355-1634  NxpTml                  vendor.nxp.nxpnfc@1.0-service        D  PN54X - Tml Writer Thread Running................
2026-03-25 13:54:03.318   355-1636  NxpFwDnld               vendor.nxp.nxpnfc@1.0-service        E  Tml Write error!!
2026-03-25 13:54:03.318   355-1636  NxpFwDnld               vendor.nxp.nxpnfc@1.0-service        E  phNxpNciHal_fw_dnld_normal_cb - Request Failed!!
2026-03-25 13:54:03.319   355-355   NxpFwDnld               vendor.nxp.nxpnfc@1.0-service        D  Processing Normal Sequence..
2026-03-25 13:54:03.319   355-355   NxpFwDnld               vendor.nxp.nxpnfc@1.0-service        D  Initializing Sequence..
2026-03-25 13:54:03.320   355-355   NxpFwDnld               vendor.nxp.nxpnfc@1.0-service        D  Response Timer Created Successfully
2026-03-25 13:54:03.320   355-355   NxpFwDnld               vendor.nxp.nxpnfc@1.0-service        D  Inserting FrameId ..
2026-03-25 13:54:03.320   355-355   NxpFwDnld               vendor.nxp.nxpnfc@1.0-service        D  Frame created successfully
2026-03-25 13:54:03.320   355-355   NxpFwDnld               vendor.nxp.nxpnfc@1.0-service        D  GetSessionState Request submitted successfully
2026-03-25 13:54:03.320   355-1634  NxpTml                  vendor.nxp.nxpnfc@1.0-service        D  PN54X - Write requested.....
2026-03-25 13:54:03.320   355-1634  NxpTml                  vendor.nxp.nxpnfc@1.0-service        D  PN54X - Invoking I2C Write.....
2026-03-25 13:54:03.326 30781-30781 [PTT-DIAG]              com.reedersystems.commandcomms       D  MainActivity PTT DOWN source=MainActivity code=230 action=DOWN repeat=0 ts=1774461243325
2026-03-25 13:54:03.326 30781-30781 [PTT-DIAG]              com.reedersystems.commandcomms       D  MainActivity PTT DOWN — forwarding to BackgroundAudioService (signaling=true)
2026-03-25 13:54:03.328   969-969   StatusBar               com.android.systemui                 D  No peeking: unimportant notification: 0|com.reedersystems.commandcomms|1001|null|10138
2026-03-25 13:54:03.331   364-374   HWComposer              surfaceflinger                       W  Ignoring duplicate VSYNC event from HWC (t=0)
2026-03-25 13:54:03.333 30781-30781 [PTT-DIAG]              com.reedersystems.commandcomms       D  handleRadioPttDown pttState=CONNECTING signaling=true
2026-03-25 13:54:03.340   398-1101  DrmMtkUtil/DrmUtil      mediaserver                          E  checkDcf: not dcf type, dcf version value [80]
2026-03-25 13:54:03.340   398-1101  Cta5File                mediaserver                          E  Cta5File::isCta5NormalFile false, bad magic:PK
2026-03-25 13:54:03.340   398-1101  Cta5File                mediaserver                          E  Cta5File::isCta5MultimediaFile false, bad magic:
2026-03-25 13:54:03.340   398-1101  NuPlayerDriver          mediaserver                          D  NuPlayerDriver(0xaada53f0) created, clientPid(30781)
2026-03-25 13:54:03.342   355-1634  NxpTml                  vendor.nxp.nxpnfc@1.0-service        E  _i2c_write() errno : 5
2026-03-25 13:54:03.342   355-1634  NxpHal                  vendor.nxp.nxpnfc@1.0-service        E  PN54X - Error in I2C Write  - Retry 0x1
2026-03-25 13:54:03.272   757-836   BroadcastQueue          system_server                        W  Background execution not allowed: receiving Intent { act=android.intent.action.DROPBOX_ENTRY_ADDED flg=0x10 (has extras) } to com.google.android.gms/.stats.service.DropBoxEntryAddedReceiver
2026-03-25 13:54:03.342   757-848   DuraSpeed/...eedService system_server                        D  [onPlaybackConfigChanged], play music packageNames:[]
2026-03-25 13:54:03.343   757-848   DuraSpeed/...icyFactory system_server                        D  packageName: com.reedersystems.commandcomms, delay about 217735ms by now
2026-03-25 13:54:03.346   364-711   BufferQueueProducer     surfaceflinger                       I  [StatusBar#0](this:0xa60db000,id:4,api:1,p:969,c:364) queueBuffer: fps=0.91 dur=3299.36 max=3252.37 min=18.43
2026-03-25 13:54:03.351   398-31743 GenericSource           mediaserver                          D  FileSource remote
2026-03-25 13:54:03.352   355-1634  NxpTml                  vendor.nxp.nxpnfc@1.0-service        D  PN54X - Invoking I2C Write.....
2026-03-25 13:54:03.354   364-374   HWComposer              surfaceflinger                       W  Ignoring duplicate VSYNC event from HWC (t=0)
2026-03-25 13:54:03.358   397-1000  MediaExtractor          media.extractor                      D  Autodetected media content as 'audio/x-wav' with confidence 0.30
2026-03-25 13:54:03.362   397-17102 MediaBufferGroup        media.extractor                      D  creating MemoryDealer
2026-03-25 13:54:03.363   397-1000  MediaAnalyticsItem      media.extractor                      W  Unable to record: (extractor:0:-1:-11:0:3:android.media.mediaextractor.fmt=WAVExtractor:android.media.mediaextractor.ntrk=1:android.media.mediaextractor.mime=audio/x-wav:) [forcenew=0]
2026-03-25 13:54:03.363   351-532   hwcomposer              and...graphics.composer@2.1-service  W  [JOB] (2) copyvds is ture but vir buffer format is not HAL_PIXEL_FORMAT_YV12  
2026-03-25 13:54:03.365   364-364   DisplayDevice           surfaceflinger                       I  [Built-in Screen (type:0)] fps:0.909781,dur:3297.50,max:3247.19,min:18.65
2026-03-25 13:54:03.365   364-364   DisplayDevice           surfaceflinger                       I  [studio.screen.sharing:0 (type:2)] fps:0.909816,dur:3297.37,max:3247.27,min:18.38
2026-03-25 13:54:03.367   404-1129  BufferQueueProducer     media.codec                          I  [GraphicBufferSource](this:0xaa806000,id:6,api:1,p:404,c:404) queueBuffer: fps=0.91 dur=3293.47 max=3247.23 min=14.60
2026-03-25 13:54:03.367   398-31742 NuPlayerDriver          mediaserver                          D  notifyListener_l(0xaada53f0), (1, 0, 0, -1), loop setting(0, 0)
2026-03-25 13:54:03.368 30781-30781 MediaPlayer             com.reedersystems.commandcomms       D  handleMessage msg:(1, 0, 0)
2026-03-25 13:54:03.367   404-404   gle.vp8.encoder         media.codec                          W  type=1400 audit(0.0:31295): avc: denied { getattr } for path="/dev/sw_sync" dev="tmpfs" ino=236 scontext=u:r:mediacodec:s0 tcontext=u:object_r:sw_sync_device:s0 tclass=chr_file permissive=0
2026-03-25 13:54:03.374   355-1634  NxpTml                  vendor.nxp.nxpnfc@1.0-service        E  _i2c_write() errno : 5
2026-03-25 13:54:03.374   355-1634  NxpHal                  vendor.nxp.nxpnfc@1.0-service        E  PN54X - Error in I2C Write  - Retry 0x2
2026-03-25 13:54:03.378   364-374   HWComposer              surfaceflinger                       W  Ignoring duplicate VSYNC event from HWC (t=0)
2026-03-25 13:54:03.380   351-532   hwcomposer              and...graphics.composer@2.1-service  W  [JOB] (2) copyvds is ture but vir buffer format is not HAL_PIXEL_FORMAT_YV12  
2026-03-25 13:54:03.385   355-1634  NxpTml                  vendor.nxp.nxpnfc@1.0-service        D  PN54X - Invoking I2C Write.....
2026-03-25 13:54:03.389   757-3126  MediaRouterService      system_server                        V  restoreBluetoothA2dp(false)
2026-03-25 13:54:03.387   404-404   gle.vp8.encoder         media.codec                          W  type=1400 audit(0.0:31296): avc: denied { getattr } for path="/dev/sw_sync" dev="tmpfs" ino=236 scontext=u:r:mediacodec:s0 tcontext=u:object_r:sw_sync_device:s0 tclass=chr_file permissive=0
2026-03-25 13:54:03.391   757-848   DuraSpeed/...eedService system_server                        D  [onPlaybackConfigChanged], play music packageNames:[com.reedersystems.commandcomms]
2026-03-25 13:54:03.396   351-532   hwcomposer              and...graphics.composer@2.1-service  W  [JOB] (2) copyvds is ture but vir buffer format is not HAL_PIXEL_FORMAT_YV12  
2026-03-25 13:54:03.401   364-374   HWComposer              surfaceflinger                       W  Ignoring duplicate VSYNC event from HWC (t=0)
2026-03-25 13:54:03.402   398-1101  NuPlayerDriver          mediaserver                          D  start(0xaada53f0), state is 4, eos is 0
2026-03-25 13:54:03.402   398-31742 GenericSource           mediaserver                          I  start
2026-03-25 13:54:03.405   757-4403  SettingsProvider        system_server                        V  packageValueForCallResult, name = null, value : Bundle[{_track_generation=android.util.MemoryIntArray@5e, value=null, _generation_index=1, _generation=14}]
2026-03-25 13:54:03.405   398-31742 Utils_MTK               mediaserver                          D  kKeyBitWidth in utils is 16
2026-03-25 13:54:03.405   398-31742 Utils_MTK               mediaserver                          D  kKeyEndian in utils is 2
2026-03-25 13:54:03.406   398-31742 Utils_MTK               mediaserver                          D  kKeyNumericalType in utils is 1
2026-03-25 13:54:03.406   398-31742 Utils_MTK               mediaserver                          D  kKeyPCMType in utils is 1
2026-03-25 13:54:03.406   355-1634  NxpTml                  vendor.nxp.nxpnfc@1.0-service        E  _i2c_write() errno : 5
2026-03-25 13:54:03.406   355-1634  NxpHal                  vendor.nxp.nxpnfc@1.0-service        E  PN54X - Error in I2C Write  - Retry 0x3
2026-03-25 13:54:03.410   398-31742 Utils_MTK               mediaserver                          D  kKeyBitWidth in utils is 16
2026-03-25 13:54:03.410   398-31742 Utils_MTK               mediaserver                          D  kKeyEndian in utils is 2
2026-03-25 13:54:03.411   398-31742 Utils_MTK               mediaserver                          D  kKeyNumericalType in utils is 1
2026-03-25 13:54:03.411   398-31742 Utils_MTK               mediaserver                          D  kKeyPCMType in utils is 1
2026-03-25 13:54:03.413   351-532   hwcomposer              and...graphics.composer@2.1-service  W  [JOB] (2) copyvds is ture but vir buffer format is not HAL_PIXEL_FORMAT_YV12  
2026-03-25 13:54:03.417   355-1634  NxpTml                  vendor.nxp.nxpnfc@1.0-service        D  PN54X - Invoking I2C Write.....
2026-03-25 13:54:03.417   404-404   gle.vp8.encoder         media.codec                          W  type=1400 audit(0.0:31297): avc: denied { getattr } for path="/dev/sw_sync" dev="tmpfs" ino=236 scontext=u:r:mediacodec:s0 tcontext=u:object_r:sw_sync_device:s0 tclass=chr_file permissive=0
2026-03-25 13:54:03.423   398-31747 OMXClient               mediaserver                          I  Treble IOmx obtained
2026-03-25 13:54:03.423   404-1129  OMXMaster               media.codec                          I  makeComponentInstance(OMX.MTK.AUDIO.DECODER.RAW) in omx@1.0-service process
2026-03-25 13:54:03.424   404-1129  MtkOmxRawDec            media.codec                          D  MtkOmxComponentCreate +++ !!!
2026-03-25 13:54:03.425   404-1129  MtkOmxRawDec            media.codec                          D  MtkOmxRawDec Construct !!!
2026-03-25 13:54:03.425   404-1129  MtkOmxRawDec            media.codec                          D  fileTableSize is 55
2026-03-25 13:54:03.425   404-1129  MtkOmxRawDec            media.codec                          D  Init Audio(Raw PCM) Params!!!
2026-03-25 13:54:03.425   364-374   HWComposer              surfaceflinger                       W  Ignoring duplicate VSYNC event from HWC (t=0)
2026-03-25 13:54:03.430   404-404   gle.vp8.encoder         media.codec                          W  type=1400 audit(0.0:31298): avc: denied { getattr } for path="/dev/sw_sync" dev="tmpfs" ino=236 scontext=u:r:mediacodec:s0 tcontext=u:object_r:sw_sync_device:s0 tclass=chr_file permissive=0
2026-03-25 13:54:03.432   398-31747 ACodec                  mediaserver                          D  endian is 2, bitWidth is 16, pcmType is 1, channelAssignment is 0, numericalType is 1
2026-03-25 13:54:03.433   398-31747 ACodec                  mediaserver                          D  Config raw codec, pcmType is 1
2026-03-25 13:54:03.435   404-14881 MtkOmxRawDec            media.codec                          D  checkInputParameter !
2026-03-25 13:54:03.435   355-1634  NxpTml                  vendor.nxp.nxpnfc@1.0-service        E  _i2c_write() errno : 5
2026-03-25 13:54:03.435   355-1634  NxpTml                  vendor.nxp.nxpnfc@1.0-service        E  PN54X - Error in I2C Write.....
2026-03-25 13:54:03.435   355-1634  NxpTml                  vendor.nxp.nxpnfc@1.0-service        D  PN54X - Posting Fresh Write message.....
2026-03-25 13:54:03.435   355-1634  NxpTml                  vendor.nxp.nxpnfc@1.0-service        D  PN54X - Tml Writer Thread Running................
2026-03-25 13:54:03.436   355-1636  NxpFwDnld               vendor.nxp.nxpnfc@1.0-service        E  Tml Write error!!
2026-03-25 13:54:03.436   355-1636  NxpFwDnld               vendor.nxp.nxpnfc@1.0-service        E  phNxpNciHal_fw_dnld_get_sessn_state_cb - Request Failed!!
2026-03-25 13:54:03.436   355-355   NxpFwDnld               vendor.nxp.nxpnfc@1.0-service        E  phDnldNfc_GetSessionState cb failed
2026-03-25 13:54:03.436   355-355   NxpFwDnld               vendor.nxp.nxpnfc@1.0-service        E   phNxpNciHal_fw_seq_handler : FAILED
2026-03-25 13:54:03.436   355-355   NxpFwDnld               vendor.nxp.nxpnfc@1.0-service        D  phNxpNciHal_fw_dnld_complete: Download Status = 0xff
2026-03-25 13:54:03.436   355-355   NxpFwDnld               vendor.nxp.nxpnfc@1.0-service        E  Fw Download Failed!!
2026-03-25 13:54:03.436   355-355   NxpTml                  vendor.nxp.nxpnfc@1.0-service        D  phTmlNfc_i2c_reset(), VEN level 0
2026-03-25 13:54:03.437   404-497   OMXNodeInstance         media.codec                          E  setConfig(0xaaf84404:MTK.DECODER.RAW, ConfigPriority(0x6f800002)) ERROR: Undefined(0x80001001)
2026-03-25 13:54:03.437   398-31747 ACodec                  mediaserver                          I  codec does not support config priority (err -2147483648)
2026-03-25 13:54:03.438   404-1328  OMXNodeInstance         media.codec                          E  getConfig(0xaaf84404:MTK.DECODER.RAW, ConfigAndroidVendorExtension(0x6f100004)) ERROR: Undefined(0x80001001)
2026-03-25 13:54:03.439   398-31747 MediaCodec              mediaserver                          I  MediaCodec will operate in async mode
2026-03-25 13:54:03.440   404-31748 MtkOmxAudioDecBase      media.codec                          D  # Got general command (OMX_CommandStateSet)
2026-03-25 13:54:03.441   404-31748 MtkOmxAudioDecBase      media.codec                          D  wait on mInPortAllocDoneSem(0), mOutPortAllocDoneSem(0)!!
2026-03-25 13:54:03.444   331-331   /system/bi....0-service android.hidl.allocator@1.0-service   W  ashmem_create_region(65536) returning hidl_memory(0xb3418300, 65536)
2026-03-25 13:54:03.446   331-331   chatty                  android.hidl.allocator@1.0-service   I  uid=1000(system) allocator@1.0-s identical 1 line
2026-03-25 13:54:03.447   331-331   /system/bi....0-service android.hidl.allocator@1.0-service   W  ashmem_create_region(65536) returning hidl_memory(0xb3418300, 65536)
2026-03-25 13:54:03.448   364-374   HWComposer              surfaceflinger                       W  Ignoring duplicate VSYNC event from HWC (t=0)
2026-03-25 13:54:03.449   331-331   /system/bi....0-service android.hidl.allocator@1.0-service   W  ashmem_create_region(65536) returning hidl_memory(0xb3418300, 65536)
2026-03-25 13:54:03.468   331-331   chatty                  android.hidl.allocator@1.0-service   I  uid=1000(system) allocator@1.0-s identical 14 lines
2026-03-25 13:54:03.469   331-331   /system/bi....0-service android.hidl.allocator@1.0-service   W  ashmem_create_region(65536) returning hidl_memory(0xb3418300, 65536)
2026-03-25 13:54:03.470   404-31748 MtkOmxAudioDecBase      media.codec                          D  # Got general command (OMX_CommandStateSet)
2026-03-25 13:54:03.471   404-31748 MtkOmxAudioDecBase      media.codec                          D  state changes to OMX_StateExecuting
2026-03-25 13:54:03.471   364-374   HWComposer              surfaceflinger                       W  Ignoring duplicate VSYNC event from HWC (t=0)
2026-03-25 13:54:03.481   398-31746 NuPlayerDecoder         mediaserver                          I  [audio] saw output EOS
2026-03-25 13:54:03.482   398-31745 AudioTrack              mediaserver                          D  set(): 0xa8eb2000, streamType 8, sampleRate 44100, format 0x1, channelMask 0x1, frameCount 22560, flags #0, notificationFrames 0, sessionId 0, transferType 0, uid 10138, pid 30781
2026-03-25 13:54:03.482   398-31745 AudioTrack              mediaserver                          D  Building AudioTrack with attributes: usage = 3, content = 4, flags = 0x0, tags = []
2026-03-25 13:54:03.485   387-16181 AudioFlinger            audioserver                          D  track(0xa9f69c80): mIsOut 1, mFrameCount 22560, mSampleRate 44100, mFormat 1, mChannelCount 1, mTrackCount 221, thread 0xa9703b80, sessionId 2201
