2026-04-09 08:10:22.777   365-434   chatty                  surfaceflinger                       I  uid=1000(system) HwBinder:365_1 identical 1 line
2026-04-09 08:10:22.800   365-434   HWComposer              surfaceflinger                       W  Ignoring duplicate VSYNC event from HWC (t=0)
2026-04-09 08:10:22.807   356-356   NxpTml                  vendor.nxp.nxpnfc@1.0-service        D  phTmlNfc_i2c_reset(), VEN level 1
2026-04-09 08:10:22.807   737-928   WifiStateMachine        system_server                        D   MtkL2ConnectedState { when=-2ms what=131155 arg1=54 target=com.android.internal.util.StateMachine$SmHandler } 54 0, mShouldDeferDisableWifi = false, mState = MONITORING
2026-04-09 08:10:22.823   365-434   HWComposer              surfaceflinger                       W  Ignoring duplicate VSYNC event from HWC (t=0)
2026-04-09 08:10:22.893   365-434   chatty                  surfaceflinger                       I  uid=1000(system) HwBinder:365_1 identical 3 lines
2026-04-09 08:10:22.917   365-434   HWComposer              surfaceflinger                       W  Ignoring duplicate VSYNC event from HWC (t=0)
2026-04-09 08:10:22.920   356-356   NxpHal                  vendor.nxp.nxpnfc@1.0-service        D  PN54X Reset - SUCCESS
2026-04-09 08:10:22.920   356-356   NxpHal                  vendor.nxp.nxpnfc@1.0-service        D  phNxpNciHal_write failed for hal ext
2026-04-09 08:10:22.920   356-356   NxpHal                  vendor.nxp.nxpnfc@1.0-service        E  NFCC not coming out from Standby
2026-04-09 08:10:22.920   356-356   NxpHal                  vendor.nxp.nxpnfc@1.0-service        E  Trying Force FW download
2026-04-09 08:10:22.920   356-356   NxpHal                  vendor.nxp.nxpnfc@1.0-service        D  Found Valid Firmware Type
2026-04-09 08:10:22.920   356-356   NxpExtns                vendor.nxp.nxpnfc@1.0-service        D  find found NXP_SYS_CLK_SRC_SEL=(0x2)
2026-04-09 08:10:22.920   356-356   NxpExtns                vendor.nxp.nxpnfc@1.0-service        D  find found NXP_SYS_CLK_FREQ_SEL=(0x4)
2026-04-09 08:10:22.920   356-356   NxpExtns                vendor.nxp.nxpnfc@1.0-service        D  find found NXP_SYS_CLOCK_TO_CFG=(0x1)
2026-04-09 08:10:22.920   356-356   NxpFwDnld               vendor.nxp.nxpnfc@1.0-service        D  gphNxpNciHal_fw_IoctlCtx.bClkSrcVal = 0x2
2026-04-09 08:10:22.920   356-356   NxpFwDnld               vendor.nxp.nxpnfc@1.0-service        D  gphNxpNciHal_fw_IoctlCtx.bClkFreqVal = 0x4
2026-04-09 08:10:22.920   356-356   NxpFwDnld               vendor.nxp.nxpnfc@1.0-service        D  gphNxpNciHal_fw_IoctlCtx.bClkFreqVal = 0x1
2026-04-09 08:10:22.920   356-356   NxpTml                  vendor.nxp.nxpnfc@1.0-service        D  phTmlNfc_i2c_reset(), VEN level 2
2026-04-09 08:10:22.940   365-434   HWComposer              surfaceflinger                       W  Ignoring duplicate VSYNC event from HWC (t=0)
2026-04-09 08:10:23.010   365-434   chatty                  surfaceflinger                       I  uid=1000(system) HwBinder:365_1 identical 3 lines
2026-04-09 08:10:23.033   365-434   HWComposer              surfaceflinger                       W  Ignoring duplicate VSYNC event from HWC (t=0)
2026-04-09 08:10:23.051 31550-7734  [RadioEngine]           com.reedersystems.commandcomms       D  RX_DIAG rxTotal=0 rxNew=0 jbSize=0 jbDepth=3 jbPlaying=false channelIdx=535 t=135065ms
2026-04-09 08:10:23.057   365-434   HWComposer              surfaceflinger                       W  Ignoring duplicate VSYNC event from HWC (t=0)
2026-04-09 08:10:23.080   365-434   HWComposer              surfaceflinger                       W  Ignoring duplicate VSYNC event from HWC (t=0)
2026-04-09 08:10:23.100   356-356   NxpFwDnld               vendor.nxp.nxpnfc@1.0-service        D  Allocating Mem for Dnld Context..
2026-04-09 08:10:23.100   356-356   NxpHal                  vendor.nxp.nxpnfc@1.0-service        D  Calling Seq handler for FW Download 
2026-04-09 08:10:23.100   356-356   NxpExtns                vendor.nxp.nxpnfc@1.0-service        D  find found NXP_FW_NAME=libpn553_fw.so
2026-04-09 08:10:23.101   356-356   NxpFwDnld               vendor.nxp.nxpnfc@1.0-service        D  @@@/system/vendor/firmware/libpn553_fw.so
2026-04-09 08:10:23.101   356-356   NxpFwDnld               vendor.nxp.nxpnfc@1.0-service        E  FW Image Length - ImageInfoLen 34358
2026-04-09 08:10:23.101   356-356   NxpFwDnld               vendor.nxp.nxpnfc@1.0-service        E  FW Image Info Pointer - pImageInfo 0xb0c602d0
2026-04-09 08:10:23.101   356-356   NxpFwDnld               vendor.nxp.nxpnfc@1.0-service        E  FW Major Version Num - 1
2026-04-09 08:10:23.101   356-356   NxpFwDnld               vendor.nxp.nxpnfc@1.0-service        E  FW Minor Version Num - 16
2026-04-09 08:10:23.101   356-356   NxpFwDnld               vendor.nxp.nxpnfc@1.0-service        E  FW Image Length - 34358
2026-04-09 08:10:23.101   356-356   NxpFwDnld               vendor.nxp.nxpnfc@1.0-service        E  FW Image Info Pointer - 0xb0c602d0
2026-04-09 08:10:23.101   356-356   NxpFwDnld               vendor.nxp.nxpnfc@1.0-service        D  phDnldNfc_InitImgInfo:SUCCESS
2026-04-09 08:10:23.101   356-356   NxpFwDnld               vendor.nxp.nxpnfc@1.0-service        D  Processing R/W Sequence..
2026-04-09 08:10:23.102   356-356   NxpFwDnld               vendor.nxp.nxpnfc@1.0-service        D  Response Timer Created Successfully
2026-04-09 08:10:23.102   356-356   NxpFwDnld               vendor.nxp.nxpnfc@1.0-service        D  Inserting FrameId ..
2026-04-09 08:10:23.102   356-356   NxpFwDnld               vendor.nxp.nxpnfc@1.0-service        D  Frame created successfully
2026-04-09 08:10:23.102   356-356   NxpFwDnld               vendor.nxp.nxpnfc@1.0-service        D  Force Command Request submitted successfully
2026-04-09 08:10:23.102   356-1663  NxpTml                  vendor.nxp.nxpnfc@1.0-service        D  PN54X - Write requested.....
2026-04-09 08:10:23.102   356-1663  NxpTml                  vendor.nxp.nxpnfc@1.0-service        D  PN54X - Invoking I2C Write.....
2026-04-09 08:10:23.103   365-434   HWComposer              surfaceflinger                       W  Ignoring duplicate VSYNC event from HWC (t=0)
2026-04-09 08:10:23.121   356-1663  NxpTml                  vendor.nxp.nxpnfc@1.0-service        E  _i2c_write() errno : 5
2026-04-09 08:10:23.121   356-1663  NxpHal                  vendor.nxp.nxpnfc@1.0-service        E  PN54X - Error in I2C Write  - Retry 0x1
2026-04-09 08:10:23.127   365-434   HWComposer              surfaceflinger                       W  Ignoring duplicate VSYNC event from HWC (t=0)
2026-04-09 08:10:23.131   356-1663  NxpTml                  vendor.nxp.nxpnfc@1.0-service        D  PN54X - Invoking I2C Write.....
2026-04-09 08:10:23.150   365-434   HWComposer              surfaceflinger                       W  Ignoring duplicate VSYNC event from HWC (t=0)
2026-04-09 08:10:23.151   356-1663  NxpTml                  vendor.nxp.nxpnfc@1.0-service        E  _i2c_write() errno : 5
2026-04-09 08:10:23.151   356-1663  NxpHal                  vendor.nxp.nxpnfc@1.0-service        E  PN54X - Error in I2C Write  - Retry 0x2
2026-04-09 08:10:23.161   356-1663  NxpTml                  vendor.nxp.nxpnfc@1.0-service        D  PN54X - Invoking I2C Write.....
2026-04-09 08:10:23.173   365-434   HWComposer              surfaceflinger                       W  Ignoring duplicate VSYNC event from HWC (t=0)
2026-04-09 08:10:23.181   356-1663  NxpTml                  vendor.nxp.nxpnfc@1.0-service        E  _i2c_write() errno : 5
2026-04-09 08:10:23.181   356-1663  NxpHal                  vendor.nxp.nxpnfc@1.0-service        E  PN54X - Error in I2C Write  - Retry 0x3
2026-04-09 08:10:23.185  1482-1482  ADB_SERVICES            adbd                                 I  g_pending_list length=1
2026-04-09 08:10:23.189  1482-1482  ADB_SERVICES            adbd                                 I  +read_data=602535 local_socket_list_len=8
2026-04-09 08:10:23.191   356-1663  NxpTml                  vendor.nxp.nxpnfc@1.0-service        D  PN54X - Invoking I2C Write.....
2026-04-09 08:10:23.197   365-434   HWComposer              surfaceflinger                       W  Ignoring duplicate VSYNC event from HWC (t=0)
2026-04-09 08:10:23.211   356-1663  NxpTml                  vendor.nxp.nxpnfc@1.0-service        E  _i2c_write() errno : 5
2026-04-09 08:10:23.211   356-1663  NxpTml                  vendor.nxp.nxpnfc@1.0-service        E  PN54X - Error in I2C Write.....
2026-04-09 08:10:23.211   356-1663  NxpTml                  vendor.nxp.nxpnfc@1.0-service        D  PN54X - Posting Fresh Write message.....
2026-04-09 08:10:23.211   356-1665  NxpFwDnld               vendor.nxp.nxpnfc@1.0-service        E  Tml Write error!!
2026-04-09 08:10:23.211   356-1665  NxpFwDnld               vendor.nxp.nxpnfc@1.0-service        E  phNxpNciHal_fw_dnld_normal_cb - Request Failed!!
2026-04-09 08:10:23.212   356-356   NxpFwDnld               vendor.nxp.nxpnfc@1.0-service        D  Processing R/W Sequence..
2026-04-09 08:10:23.212   356-356   NxpFwDnld               vendor.nxp.nxpnfc@1.0-service        D  Response Timer Created Successfully
2026-04-09 08:10:23.212   356-356   NxpFwDnld               vendor.nxp.nxpnfc@1.0-service        D  Inserting FrameId ..
2026-04-09 08:10:23.212   356-356   NxpFwDnld               vendor.nxp.nxpnfc@1.0-service        D  Frame created successfully
2026-04-09 08:10:23.212   356-356   NxpFwDnld               vendor.nxp.nxpnfc@1.0-service        D  Force Command Request submitted successfully
2026-04-09 08:10:23.212   356-1663  NxpTml                  vendor.nxp.nxpnfc@1.0-service        D  PN54X - Tml Writer Thread Running................
2026-04-09 08:10:23.212   356-1663  NxpTml                  vendor.nxp.nxpnfc@1.0-service        D  PN54X - Write requested.....
2026-04-09 08:10:23.212   356-1663  NxpTml                  vendor.nxp.nxpnfc@1.0-service        D  PN54X - Invoking I2C Write.....
2026-04-09 08:10:23.220   365-434   HWComposer              surfaceflinger                       W  Ignoring duplicate VSYNC event from HWC (t=0)
2026-04-09 08:10:23.231   356-1663  NxpTml                  vendor.nxp.nxpnfc@1.0-service        E  _i2c_write() errno : 5
2026-04-09 08:10:23.231   356-1663  NxpHal                  vendor.nxp.nxpnfc@1.0-service        E  PN54X - Error in I2C Write  - Retry 0x1
2026-04-09 08:10:23.241   356-1663  NxpTml                  vendor.nxp.nxpnfc@1.0-service        D  PN54X - Invoking I2C Write.....
2026-04-09 08:10:23.243   365-434   HWComposer              surfaceflinger                       W  Ignoring duplicate VSYNC event from HWC (t=0)
2026-04-09 08:10:23.261   356-1663  NxpTml                  vendor.nxp.nxpnfc@1.0-service        E  _i2c_write() errno : 5
2026-04-09 08:10:23.261   356-1663  NxpHal                  vendor.nxp.nxpnfc@1.0-service        E  PN54X - Error in I2C Write  - Retry 0x2
2026-04-09 08:10:23.263   737-8537  MtkDhcpClient           system_server                        D  Received packet: 00:5f:c9:8e:fc:b4 ACK: your new IP /192.168.137.138, netmask /255.255.255.0, gateways [/192.168.137.1] DNS servers: /192.168.137.1 , lease time 604800
2026-04-09 08:10:23.264   737-8533  MtkDhcpClient           system_server                        D  DhcpRequestingState 0 CMD_RECEIVED_PACKET 0 0 00:5f:c9:8e:fc:b4 ACK: your new IP /192.168.137.138, netmask /255.255.255.0, gateways [/192.168.137.1] DNS servers: /192.168.137.1 , lease time 604800
2026-04-09 08:10:23.264   737-8533  MtkDhcpClient           system_server                        D  Confirmed lease: IP address 192.168.137.138/24 Gateway 192.168.137.1  DNS servers: [ 192.168.137.1 ] Domains mshome.net DHCP server /192.168.137.1 Vendor info null lease 604800 seconds
2026-04-09 08:10:23.268   365-434   HWComposer              surfaceflinger                       W  Ignoring duplicate VSYNC event from HWC (t=0)
2026-04-09 08:10:23.271   737-5214  tydtech                 system_server                        D  Sending ACTION_BATTERY_CHANGED.  level:45, scale:100, status:2, health:2, present:true, voltage: 3846, temperature: 310, technology: Li-ion, AC powered:false, USB powered:true, Wireless powered:false, icon:17303460, invalid charger:0, maxChargingCurrent:5000000, maxChargingVoltage:500000, chargeCounter:52, chargeCURRENT:0
2026-04-09 08:10:23.271   356-1663  NxpTml                  vendor.nxp.nxpnfc@1.0-service        D  PN54X - Invoking I2C Write.....
2026-04-09 08:10:23.271   737-5214  tydtech                 system_server                        I  updateLightsLocked ,  level = 45 , mLowBatteryWarningLevel = 15  mLightflag: false
2026-04-09 08:10:23.275   737-927   WifiController          system_server                        D  DeviceActiveState CMD_BATTERY_CHANGED{ when=0 what=155652 arg1=2 target=com.android.internal.util.StateMachine$SmHandler }
2026-04-09 08:10:23.275   737-927   WifiController          system_server                        D  StaEnabledState CMD_BATTERY_CHANGED{ when=0 what=155652 arg1=2 target=com.android.internal.util.StateMachine$SmHandler }
2026-04-09 08:10:23.275   737-927   WifiController          system_server                        D  DefaultState CMD_BATTERY_CHANGED{ when=0 what=155652 arg1=2 target=com.android.internal.util.StateMachine$SmHandler }
2026-04-09 08:10:23.275   737-927   WifiController          system_server                        D  battery changed pluggedType: 2
2026-04-09 08:10:23.277   967-967   nowtemp                 com.android.systemui                 D  powerUI nowtemp is 310
2026-04-09 08:10:23.278   967-967   nowtemp                 com.android.systemui                 D  powerUI BatteryLevel is 45
2026-04-09 08:10:23.278   737-928   WifiStateMachine        system_server                        D   MtkL2ConnectedState { when=-2ms what=196612 target=com.android.internal.util.StateMachine$SmHandler } 0 0, mShouldDeferDisableWifi = false, mState = MONITORING
2026-04-09 08:10:23.280   737-8533  WifiService             system_server                        I  getConnectionInfo uid=1000
2026-04-09 08:10:23.280   737-8533  WifiService             system_server                        I  getConfiguredNetworks uid=1000
2026-04-09 08:10:23.281   737-934   WifiP2pService          system_server                        D  InactiveState{ when=0 what=143375 target=com.android.internal.util.StateMachine$SmHandler }
2026-04-09 08:10:23.281   737-934   WifiP2pService          system_server                        D  P2pEnabledState{ when=0 what=143375 target=com.android.internal.util.StateMachine$SmHandler }
2026-04-09 08:10:23.282   737-928   WifiStateMachine        system_server                        D   MtkL2ConnectedState { when=-4ms what=131272 obj=IP address 192.168.137.138/24 Gateway 192.168.137.1  DNS servers: [ 192.168.137.1 ] Domains mshome.net DHCP server /192.168.137.1 Vendor info null lease 604800 seconds target=com.android.internal.util.StateMachine$SmHandler } 0 0, mShouldDeferDisableWifi = false, mState = MONITORING
2026-04-09 08:10:23.289  1108-1124  MtkPhoneIntfMgrEx       com.android.phone                    E  isImsRegistered(-2)=false
2026-04-09 08:10:23.289   737-928   WifiStateMachine        system_server                        D   MtkL2ConnectedState { when=-6ms what=131212 obj={InterfaceName: wlan0 LinkAddresses: [fe80::cffe:3be0:18f3:b9ff/64,]  Routes: [fe80::/64 -> :: wlan0,192.168.137.0/24 -> 0.0.0.0 wlan0,0.0.0.0/0 -> 192.168.137.1 wlan0,] DnsAddresses: [] Domains: mshome.net MTU: 0 TcpBufferSizes: 524288,1048576,2097152,262144,524288,1048576} target=com.android.internal.util.StateMachine$SmHandler } 0 0, mShouldDeferDisableWifi = false, mState = MONITORING
2026-04-09 08:10:23.290   365-434   HWComposer              surfaceflinger                       W  Ignoring duplicate VSYNC event from HWC (t=0)
2026-04-09 08:10:23.291   737-928   WifiStateMachine        system_server                        D   MtkL2ConnectedState { when=-10ms what=131131 arg1=1000 target=com.android.internal.util.StateMachine$SmHandler } 1000 0, mShouldDeferDisableWifi = false, mState = MONITORING
2026-04-09 08:10:23.291   356-1663  NxpTml                  vendor.nxp.nxpnfc@1.0-service        E  _i2c_write() errno : 5
2026-04-09 08:10:23.291   356-1663  NxpHal                  vendor.nxp.nxpnfc@1.0-service        E  PN54X - Error in I2C Write  - Retry 0x3
2026-04-09 08:10:23.291   737-8533  MtkDhcpClient           system_server                        D  IP recover: record put-->"CTCO-702"WPA_PSK with IP address 192.168.137.138/24 Gateway 192.168.137.1  DNS servers: [ 192.168.137.1 ] Domains mshome.net DHCP server /192.168.137.1 Vendor info null lease 604800 seconds
2026-04-09 08:10:23.293   737-8533  MtkDhcpClient           system_server                        D  Entering state ConfiguringInterfaceState
2026-04-09 08:10:23.293   737-929   NetworkManagement       system_server                        D  Enter setInterfaceConfig, iface=wlan0
2026-04-09 08:10:23.294   325-347   CommandListener         netd                                 D  Setting iface cfg
2026-04-09 08:10:23.295   596-610   [BIP]                   bip                                  I   [BIP NL] event newaddr match dev 0
2026-04-09 08:10:23.295   596-610   [BIP]                   bip                                  I   [BIP NL] IPv4: *.*.*.*
2026-04-09 08:10:23.295   596-610   [BIP]                   bip                                  I   [BIP NL] the addr status of interface(index:0) changes to 3
2026-04-09 08:10:23.295   596-610   [BIP]                   bip                                  I   [BIP NL] addr state is 3, ipv4=*.*.*.*, ipv6=*:*:*:*:*:*:*:*
2026-04-09 08:10:23.295   596-610   [BIP]                   bip                                  I   [BIP NL] IPv4: *.*.*.*
2026-04-09 08:10:23.295   596-610   [BIP]                   bip                                  I   [BIP NL] event newroute match dev 0
2026-04-09 08:10:23.295   596-610   [BIP]                   bip                                  I   [BIP NL] route state is 3, ipv4=*.*.*.*, ipv6=*:*:*:*:*:*:*:*
2026-04-09 08:10:23.295   596-610   [BIP]                   bip                                  I   [BIP NL] IPv4: *.*.*.*
2026-04-09 08:10:23.295   596-610   [BIP]                   bip                                  I   [BIP NL] event newroute match dev 0
2026-04-09 08:10:23.295   596-610   [BIP]                   bip                                  I   [BIP NL] route state is 3, ipv4=*.*.*.*, ipv6=*:*:*:*:*:*:*:*
2026-04-09 08:10:23.295   596-610   [BIP]                   bip                                  I   [BIP NL] IPv4: *.*.*.*
2026-04-09 08:10:23.295   596-610   [BIP]                   bip                                  I   [BIP NL] event newroute match dev 0
2026-04-09 08:10:23.295   596-610   [BIP]                   bip                                  I   [BIP NL] route state is 3, ipv4=*.*.*.*, ipv6=*:*:*:*:*:*:*:*
2026-04-09 08:10:23.295   596-610   [BIP]                   bip                                  I   [BIP NL] IPv4: *.*.*.*
2026-04-09 08:10:23.296   596-610   [BIP]                   bip                                  I   [BIP NL] event newroute match dev 0
2026-04-09 08:10:23.296   596-610   [BIP]                   bip                                  I   [BIP NL] route state is 3, ipv4=*.*.*.*, ipv6=*:*:*:*:*:*:*:*
2026-04-09 08:10:23.297   737-840   NetworkManagement       system_server                        D  InterfaceAddressChange no valid field
2026-04-09 08:10:23.297   737-840   NetlinkTracker/wlan0    system_server                        D  addressUpdated: 192.168.137.138/24 on wlan0 flags 128 scope 0
2026-04-09 08:10:23.298   737-8533  MtkDhcpClient           system_server                        D  ConfiguringInterfaceState 0 EVENT_LINKADDRESS_CONFIGURED 0 0 null
2026-04-09 08:10:23.298   737-8533  MtkDhcpClient           system_server                        D  Entering state DhcpBoundState
2026-04-09 08:10:23.302   356-1663  NxpTml                  vendor.nxp.nxpnfc@1.0-service        D  PN54X - Invoking I2C Write.....
2026-04-09 08:10:23.307   737-928   WifiStateMachine        system_server                        D   MtkL2ConnectedState { when=0 what=131212 obj={InterfaceName: wlan0 LinkAddresses: [fe80::cffe:3be0:18f3:b9ff/64,192.168.137.138/24,]  Routes: [fe80::/64 -> :: wlan0,192.168.137.0/24 -> 0.0.0.0 wlan0,0.0.0.0/0 -> 192.168.137.1 wlan0,] DnsAddresses: [192.168.137.1,] Domains: mshome.net MTU: 0 TcpBufferSizes: 524288,1048576,2097152,262144,524288,1048576} target=com.android.internal.util.StateMachine$SmHandler } 0 0, mShouldDeferDisableWifi = false, mState = MONITORING
2026-04-09 08:10:23.308  1207-8107  DatabaseProcessor       com.google.android.gms.persistent    W  processLocalDevices: failed to get the network info with non-null networkId.
2026-04-09 08:10:23.309   365-461   BufferQueueProducer     surfaceflinger                       I  [StatusBar#0](this:0xaf6db000,id:4,api:1,p:967,c:365) queueBuffer: fps=0.06 dur=15826.60 max=15826.60 min=15826.60
2026-04-09 08:10:23.312   737-928   WifiStateMachine        system_server                        D   MtkL2ConnectedState { when=0 what=131210 target=com.android.internal.util.StateMachine$SmHandler } 0 0, mShouldDeferDisableWifi = false, mState = MONITORING
2026-04-09 08:10:23.314   365-434   HWComposer              surfaceflinger                       W  Ignoring duplicate VSYNC event from HWC (t=0)
2026-04-09 08:10:23.316   737-935   MtkConnectivityService  system_server                        D  NetworkAgentInfo [WIFI () - 149] EVENT_NETWORK_INFO_CHANGED, going from CONNECTING to CONNECTED
2026-04-09 08:10:23.319   737-935   MtkConnectivityService  system_server                        D  Adding iface wlan0 to network 149
2026-04-09 08:10:23.321   737-8533  MtkDhcpClient           system_server                        D  Scheduling renewal in 302399s
2026-04-09 08:10:23.321   737-8533  MtkDhcpClient           system_server                        D  Scheduling rebind in 529199s
2026-04-09 08:10:23.321   737-8533  MtkDhcpClient           system_server                        D  Scheduling expiry in 604799s
2026-04-09 08:10:23.327   737-5214  WifiService             system_server                        I  getConnectionInfo uid=10004
2026-04-09 08:10:23.332   352-541   hwcomposer              and...graphics.composer@2.1-service  W  [JOB] (2) copyvds is ture but vir buffer format is not HAL_PIXEL_FORMAT_YV12  
2026-04-09 08:10:23.334   365-365   DisplayDevice           surfaceflinger                       I  [studio.screen.sharing:0 (type:2)] fps:0.063189,dur:15825.47,max:15825.47,min:15825.47
2026-04-09 08:10:23.335   365-365   DisplayDevice           surfaceflinger                       I  [Built-in Screen (type:0)] fps:0.063189,dur:15825.52,max:15825.52,min:15825.52
2026-04-09 08:10:23.335   737-5214  WifiService             system_server                        I  getConnectionInfo uid=10004
2026-04-09 08:10:23.335   397-8358  BufferQueueProducer     media.codec                          I  [GraphicBufferSource](this:0xaa88a000,id:96,api:1,p:397,c:397) queueBuffer: fps=0.06 dur=15825.36 max=15825.36 min=15825.36
2026-04-09 08:10:23.336  1108-1124  MtkPhoneIntfMgrEx       com.android.phone                    E  isImsRegistered(-2)=false
2026-04-09 08:10:23.337   737-737   System.err              system_server                        W  java.lang.Throwable
2026-04-09 08:10:23.337   737-737   System.err              system_server                        W  	at com.mediatek.server.wifi.MtkOpFwkExtManager$AutoConnectManager.setDisconnectOperation(MtkOpFwkExtManager.java:349)
2026-04-09 08:10:23.338   737-737   System.err              system_server                        W  	at com.mediatek.server.wifi.MtkOpFwkExtManager$AutoConnectManager.-wrap1(Unknown Source:0)
2026-04-09 08:10:23.338   737-737   System.err              system_server                        W  	at com.mediatek.server.wifi.MtkOpFwkExtManager$MtkWifiOpReceiver.onReceive(MtkOpFwkExtManager.java:180)
2026-04-09 08:10:23.338   737-737   System.err              system_server                        W  	at android.app.LoadedApk$ReceiverDispatcher$Args.lambda$-android_app_LoadedApk$ReceiverDispatcher$Args_53174(LoadedApk.java:1328)
2026-04-09 08:10:23.338   737-737   System.err              system_server                        W  	at android.app.-$Lambda$aS31cHIhRx41653CMnd4gZqshIQ.$m$7(Unknown Source:4)
2026-04-09 08:10:23.338   737-737   System.err              system_server                        W  	at android.app.-$Lambda$aS31cHIhRx41653CMnd4gZqshIQ.run(Unknown Source:39)
2026-04-09 08:10:23.338   737-737   System.err              system_server                        W  	at android.os.Handler.handleCallback(Handler.java:790)
2026-04-09 08:10:23.338   737-737   System.err              system_server                        W  	at android.os.Handler.dispatchMessage(Handler.java:99)
2026-04-09 08:10:23.338   737-737   System.err              system_server                        W  	at android.os.Looper.loop(Looper.java:164)
2026-04-09 08:10:23.338   737-737   System.err              system_server                        W  	at com.android.server.SystemServer.run(SystemServer.java:460)
2026-04-09 08:10:23.338   737-737   System.err              system_server                        W  	at com.android.server.SystemServer.main(SystemServer.java:286)
2026-04-09 08:10:23.338   737-737   System.err              system_server                        W  	at java.lang.reflect.Method.invoke(Native Method)
2026-04-09 08:10:23.338   737-737   System.err              system_server                        W  	at com.android.internal.os.RuntimeInit$MethodAndArgsCaller.run(RuntimeInit.java:438)
2026-04-09 08:10:23.338   737-737   System.err              system_server                        W  	at com.android.internal.os.ZygoteInit.main(ZygoteInit.java:845)
2026-04-09 08:10:23.339   365-434   HWComposer              surfaceflinger                       W  Ignoring duplicate VSYNC event from HWC (t=0)
2026-04-09 08:10:23.341   356-1663  NxpTml                  vendor.nxp.nxpnfc@1.0-service        E  _i2c_write() errno : 5
2026-04-09 08:10:23.341   356-1663  NxpTml                  vendor.nxp.nxpnfc@1.0-service        E  PN54X - Error in I2C Write.....
2026-04-09 08:10:23.341   356-1663  NxpTml                  vendor.nxp.nxpnfc@1.0-service        D  PN54X - Posting Fresh Write message.....
2026-04-09 08:10:23.341   356-1663  NxpTml                  vendor.nxp.nxpnfc@1.0-service        D  PN54X - Tml Writer Thread Running................
2026-04-09 08:10:23.342   596-610   [BIP]                   bip                                  I   [BIP NL] IPv6: *:*:*:*:*:*:*:*
2026-04-09 08:10:23.342   596-610   [BIP]                   bip                                  I   [BIP NL] event newroute match dev 0
2026-04-09 08:10:23.342   596-610   [BIP]                   bip                                  I   [BIP NL] route state is 3, ipv4=*.*.*.*, ipv6=*:*:*:*:*:*:*:*
2026-04-09 08:10:23.342   356-1665  NxpFwDnld               vendor.nxp.nxpnfc@1.0-service        E  Tml Write error!!
2026-04-09 08:10:23.343   356-1665  NxpFwDnld               vendor.nxp.nxpnfc@1.0-service        E  phNxpNciHal_fw_dnld_normal_cb - Request Failed!!
2026-04-09 08:10:23.343   356-356   NxpFwDnld               vendor.nxp.nxpnfc@1.0-service        D  Processing Normal Sequence..
2026-04-09 08:10:23.343   356-356   NxpFwDnld               vendor.nxp.nxpnfc@1.0-service        D  Initializing Sequence..
2026-04-09 08:10:23.343   356-356   NxpFwDnld               vendor.nxp.nxpnfc@1.0-service        D  Response Timer Created Successfully
2026-04-09 08:10:23.343   356-356   NxpFwDnld               vendor.nxp.nxpnfc@1.0-service        D  Inserting FrameId ..
2026-04-09 08:10:23.343   356-356   NxpFwDnld               vendor.nxp.nxpnfc@1.0-service        D  Frame created successfully
2026-04-09 08:10:23.343   356-356   NxpFwDnld               vendor.nxp.nxpnfc@1.0-service        D  GetSessionState Request submitted successfully
2026-04-09 08:10:23.343   356-1663  NxpTml                  vendor.nxp.nxpnfc@1.0-service        D  PN54X - Write requested.....
2026-04-09 08:10:23.343   356-1663  NxpTml                  vendor.nxp.nxpnfc@1.0-service        D  PN54X - Invoking I2C Write.....
2026-04-09 08:10:23.347   737-737   System.err              system_server                        W  java.lang.Throwable
2026-04-09 08:10:23.347   737-737   System.err              system_server                        W  	at com.mediatek.server.wifi.MtkOpFwkExtManager$AutoConnectManager.setDisconnectOperation(MtkOpFwkExtManager.java:349)
2026-04-09 08:10:23.347   737-737   System.err              system_server                        W  	at com.mediatek.server.wifi.MtkOpFwkExtManager$AutoConnectManager.-wrap1(Unknown Source:0)
2026-04-09 08:10:23.348   737-737   System.err              system_server                        W  	at com.mediatek.server.wifi.MtkOpFwkExtManager$MtkWifiOpReceiver.onReceive(MtkOpFwkExtManager.java:180)
2026-04-09 08:10:23.348   737-737   System.err              system_server                        W  	at android.app.LoadedApk$ReceiverDispatcher$Args.lambda$-android_app_LoadedApk$ReceiverDispatcher$Args_53174(LoadedApk.java:1328)
2026-04-09 08:10:23.348   737-737   System.err              system_server                        W  	at android.app.-$Lambda$aS31cHIhRx41653CMnd4gZqshIQ.$m$7(Unknown Source:4)
2026-04-09 08:10:23.348   737-737   System.err              system_server                        W  	at android.app.-$Lambda$aS31cHIhRx41653CMnd4gZqshIQ.run(Unknown Source:39)
2026-04-09 08:10:23.348   737-737   System.err              system_server                        W  	at android.os.Handler.handleCallback(Handler.java:790)
2026-04-09 08:10:23.348   737-737   System.err              system_server                        W  	at android.os.Handler.dispatchMessage(Handler.java:99)
2026-04-09 08:10:23.348   737-737   System.err              system_server                        W  	at android.os.Looper.loop(Looper.java:164)
2026-04-09 08:10:23.348   737-737   System.err              system_server                        W  	at com.android.server.SystemServer.run(SystemServer.java:460)
2026-04-09 08:10:23.348   737-737   System.err              system_server                        W  	at com.android.server.SystemServer.main(SystemServer.java:286)
2026-04-09 08:10:23.348   737-737   System.err              system_server                        W  	at java.lang.reflect.Method.invoke(Native Method)
2026-04-09 08:10:23.348   737-737   System.err              system_server                        W  	at com.android.internal.os.RuntimeInit$MethodAndArgsCaller.run(RuntimeInit.java:438)
2026-04-09 08:10:23.348   737-737   System.err              system_server                        W  	at com.android.internal.os.ZygoteInit.main(ZygoteInit.java:845)
2026-04-09 08:10:23.353   352-541   hwcomposer              and...graphics.composer@2.1-service  W  [JOB] (2) copyvds is ture but vir buffer format is not HAL_PIXEL_FORMAT_YV12  
2026-04-09 08:10:23.354   596-610   [BIP]                   bip                                  I   [BIP NL] IPv4: *.*.*.*
2026-04-09 08:10:23.356   737-928   WifiConnectivityManager system_server                        D  handleConnectionStateChanged: state=connected
2026-04-09 08:10:23.356   737-928   WifiConnectivityManager system_server                        D  startConnectivityScan: screenOn=true wifiState=connected scanImmediately=false wifiEnabled=true wifiConnectivityManagerEnabled=true
2026-04-09 08:10:23.357   737-928   WifiConnectivityManager system_server                        D  Last periodic single scan started 15845ms ago, defer this new scan request.
2026-04-09 08:10:23.357   596-610   [BIP]                   bip                                  I   [BIP NL] event newroute match dev 0
2026-04-09 08:10:23.357   596-610   [BIP]                   bip                                  I   [BIP NL] route state is 3, ipv4=*.*.*.*, ipv6=*:*:*:*:*:*:*:*
2026-04-09 08:10:23.357   737-928   WifiConnectivityManager system_server                        D  schedulePeriodicScanTimer, intervalMs: 4155
2026-04-09 08:10:23.361   365-434   HWComposer              surfaceflinger                       W  Ignoring duplicate VSYNC event from HWC (t=0)
2026-04-09 08:10:23.361  1108-1751  MtkPhoneIntfMgrEx       com.android.phone                    E  isImsRegistered(-2)=false
2026-04-09 08:10:23.362   737-935   MtkConnectivityService  system_server                        D  add default dns/8.8.8.8
2026-04-09 08:10:23.363   737-935   MtkConnectivityService  system_server                        D  Setting DNS servers for network 149 to [/192.168.137.1, /8.8.8.8]
2026-04-09 08:10:23.364   356-1663  NxpTml                  vendor.nxp.nxpnfc@1.0-service        E  _i2c_write() errno : 5
2026-04-09 08:10:23.364   356-1663  NxpHal                  vendor.nxp.nxpnfc@1.0-service        E  PN54X - Error in I2C Write  - Retry 0x1
2026-04-09 08:10:23.367   737-3027  WifiService             system_server                        I  getConnectionInfo uid=10004
2026-04-09 08:10:23.374   737-3027  WifiService             system_server                        I  getConnectionInfo uid=10004
2026-04-09 08:10:23.375   356-1663  NxpTml                  vendor.nxp.nxpnfc@1.0-service        D  PN54X - Invoking I2C Write.....
2026-04-09 08:10:23.376   352-7901  MDP                     and...graphics.composer@2.1-service  W  DpAsyncBlitStream: 0xab085820, 33 ms
2026-04-09 08:10:23.379  1207-8107  FrewleTileCacheManagerV com.google.android.gms.persistent    I  (REDACTED) Fetched %d AP models from cache
2026-04-09 08:10:23.381  1207-8383  DatabaseProcessor       com.google.android.gms.persistent    W  processLocalDevices: failed to get the network info with non-null networkId.
2026-04-09 08:10:23.373   397-397   gle.vp8.encoder         media.codec                          W  type=1400 audit(0.0:53812): avc: denied { getattr } for path="/dev/sw_sync" dev="tmpfs" ino=266 scontext=u:r:mediacodec:s0 tcontext=u:object_r:sw_sync_device:s0 tclass=chr_file permissive=0
2026-04-09 08:10:23.383   365-434   HWComposer              surfaceflinger                       W  Ignoring duplicate VSYNC event from HWC (t=0)
2026-04-09 08:10:23.384  1207-8107  FrewleTileCacheManagerV com.google.android.gms.persistent    I  (REDACTED) Fetched %d AP models from cache
2026-04-09 08:10:23.395   352-541   hwcomposer              and...graphics.composer@2.1-service  W  [JOB] (2) copyvds is ture but vir buffer format is not HAL_PIXEL_FORMAT_YV12  
2026-04-09 08:10:23.393   397-397   gle.vp8.encoder         media.codec                          W  type=1400 audit(0.0:53813): avc: denied { getattr } for path="/dev/sw_sync" dev="tmpfs" ino=266 scontext=u:r:mediacodec:s0 tcontext=u:object_r:sw_sync_device:s0 tclass=chr_file permissive=0
2026-04-09 08:10:23.399   356-1663  NxpTml                  vendor.nxp.nxpnfc@1.0-service        E  _i2c_write() errno : 5
2026-04-09 08:10:23.399   356-1663  NxpHal                  vendor.nxp.nxpnfc@1.0-service        E  PN54X - Error in I2C Write  - Retry 0x2
2026-04-09 08:10:23.407   365-434   HWComposer              surfaceflinger                       W  Ignoring duplicate VSYNC event from HWC (t=0)
2026-04-09 08:10:23.409   356-1663  NxpTml                  vendor.nxp.nxpnfc@1.0-service        D  PN54X - Invoking I2C Write.....
2026-04-09 08:10:23.415   352-541   hwcomposer              and...graphics.composer@2.1-service  W  [JOB] (2) copyvds is ture but vir buffer format is not HAL_PIXEL_FORMAT_YV12  
2026-04-09 08:10:23.417   737-838   WifiService             system_server                        I  requestActivityInfo uid=1000
2026-04-09 08:10:23.417   737-838   WifiService             system_server                        I  reportActivityInfo uid=1000
2026-04-09 08:10:23.418   737-838   WifiService             system_server                        I  getSupportedFeatures uid=1000
2026-04-09 08:10:23.418   737-928   WifiStateMachine        system_server                        D   MtkL2ConnectedState { when=-1ms what=131133 target=com.android.internal.util.StateMachine$SmHandler } 0 0, mShouldDeferDisableWifi = false, mState = MONITORING
2026-04-09 08:10:23.425   353-353   WifiHAL                 android.hardware.wifi@1.0-service    I  [WIFI HAL]wifi_get_supported_feature_set: handle=0xb0b09530, feature_set=0x80101a
2026-04-09 08:10:23.426   353-353   WifiHAL                 android.hardware.wifi@1.0-service    I  [WIFI HAL]wifi_get_supported_feature_set: handle=0xb0b09530, feature_set=0x80101a
2026-04-09 08:10:23.430   356-1663  NxpTml                  vendor.nxp.nxpnfc@1.0-service        E  _i2c_write() errno : 5
2026-04-09 08:10:23.430   356-1663  NxpHal                  vendor.nxp.nxpnfc@1.0-service        E  PN54X - Error in I2C Write  - Retry 0x3
2026-04-09 08:10:23.430   365-434   HWComposer              surfaceflinger                       W  Ignoring duplicate VSYNC event from HWC (t=0)
2026-04-09 08:10:23.432  1207-8383  DatabaseProcessor       com.google.android.gms.persistent    W  processLocalDevices: failed to get the network info with non-null networkId.
2026-04-09 08:10:23.433   397-397   gle.vp8.encoder         media.codec                          W  type=1400 audit(0.0:53814): avc: denied { getattr } for path="/dev/sw_sync" dev="tmpfs" ino=266 scontext=u:r:mediacodec:s0 tcontext=u:object_r:sw_sync_device:s0 tclass=chr_file permissive=0
2026-04-09 08:10:23.440   356-1663  NxpTml                  vendor.nxp.nxpnfc@1.0-service        D  PN54X - Invoking I2C Write.....
2026-04-09 08:10:23.441   737-838   BatteryExt...tatsWorker system_server                        E  no controller energy info supplied for wifi
2026-04-09 08:10:23.445   737-935   NetworkStatsRecorder    system_server                        W  unknown interfaces [wlan0, lo], ignoring those stats
2026-04-09 08:10:23.446   737-935   NetworkStatsRecorder    system_server                        W  unknown interfaces [wlan0, lo], ignoring those stats
2026-04-09 08:10:23.447   737-935   NetworkStatsRecorder    system_server                        D  vpnArray:[Lcom.android.internal.net.VpnInfo;@2f9395c
2026-04-09 08:10:23.448   737-935   NetworkStatsRecorder    system_server                        W  unknown interfaces [wlan0, lo], ignoring those stats
2026-04-09 08:10:23.449   737-935   NetworkStatsRecorder    system_server                        D  vpnArray:[Lcom.android.internal.net.VpnInfo;@2f9395c
2026-04-09 08:10:23.449   737-935   NetworkStatsRecorder    system_server                        W  unknown interfaces [wlan0, lo], ignoring those stats
2026-04-09 08:10:23.454   365-434   HWComposer              surfaceflinger                       W  Ignoring duplicate VSYNC event from HWC (t=0)
2026-04-09 08:10:23.457   352-541   hwcomposer              and...graphics.composer@2.1-service  W  [JOB] (2) copyvds is ture but vir buffer format is not HAL_PIXEL_FORMAT_YV12  
2026-04-09 08:10:23.461   737-935   MtkNetworkStatsService  system_server                        D  rebuildActiveSubscriberSubIdMap
2026-04-09 08:10:23.462   737-935   WifiService             system_server                        I  getConnectionInfo uid=1000
2026-04-09 08:10:23.463   737-935   NetworkStats            system_server                        I  NetworkIdentity: {type=WIFI, subType=COMBINED, networkId="CTCO-702", metered=false}
2026-04-09 08:10:23.464   356-1663  NxpTml                  vendor.nxp.nxpnfc@1.0-service        E  _i2c_write() errno : 5
2026-04-09 08:10:23.464   356-1663  NxpTml                  vendor.nxp.nxpnfc@1.0-service        E  PN54X - Error in I2C Write.....
2026-04-09 08:10:23.464   356-1663  NxpTml                  vendor.nxp.nxpnfc@1.0-service        D  PN54X - Posting Fresh Write message.....
2026-04-09 08:10:23.464   356-1663  NxpTml                  vendor.nxp.nxpnfc@1.0-service        D  PN54X - Tml Writer Thread Running................
2026-04-09 08:10:23.464   356-1665  NxpFwDnld               vendor.nxp.nxpnfc@1.0-service        E  Tml Write error!!
2026-04-09 08:10:23.464   356-1665  NxpFwDnld               vendor.nxp.nxpnfc@1.0-service        E  phNxpNciHal_fw_dnld_get_sessn_state_cb - Request Failed!!
2026-04-09 08:10:23.465   356-356   NxpFwDnld               vendor.nxp.nxpnfc@1.0-service        E  phDnldNfc_GetSessionState cb failed
2026-04-09 08:10:23.465   356-356   NxpFwDnld               vendor.nxp.nxpnfc@1.0-service        E   phNxpNciHal_fw_seq_handler : FAILED
2026-04-09 08:10:23.465   356-356   NxpFwDnld               vendor.nxp.nxpnfc@1.0-service        D  phNxpNciHal_fw_dnld_complete: Download Status = 0xff
2026-04-09 08:10:23.465   356-356   NxpFwDnld               vendor.nxp.nxpnfc@1.0-service        E  Fw Download Failed!!
2026-04-09 08:10:23.465   356-356   NxpTml                  vendor.nxp.nxpnfc@1.0-service        D  phTmlNfc_i2c_reset(), VEN level 0
2026-04-09 08:10:23.466   737-935   NetworkStats            system_server                        I  state.networkCapabilities: [ Transports: WIFI Capabilities: NOT_METERED&INTERNET&NOT_RESTRICTED&TRUSTED&NOT_VPN&FOREGROUND LinkUpBandwidth>=1048576Kbps LinkDnBandwidth>=1048576Kbps SignalStrength: -40]
2026-04-09 08:10:23.466   737-935   NetworkStats            system_server                        I  iface:wlan0
2026-04-09 08:10:23.466   737-935   NetworkStats            system_server                        I  ident:{type=WIFI, subType=COMBINED, networkId="CTCO-702", metered=false}
2026-04-09 08:10:23.467   397-397   gle.vp8.encoder         media.codec                          W  type=1400 audit(0.0:53815): avc: denied { getattr } for path="/dev/sw_sync" dev="tmpfs" ino=266 scontext=u:r:mediacodec:s0 tcontext=u:object_r:sw_sync_device:s0 tclass=chr_file permissive=0
2026-04-09 08:10:23.477   365-434   HWComposer              surfaceflinger                       W  Ignoring duplicate VSYNC event from HWC (t=0)
2026-04-09 08:10:23.487   737-935   NetworkStatsRecorder    system_server                        W  unknown interfaces [lo], ignoring those stats
2026-04-09 08:10:23.483   397-397   gle.vp8.encoder         media.codec                          W  type=1400 audit(0.0:53816): avc: denied { getattr } for path="/dev/sw_sync" dev="tmpfs" ino=266 scontext=u:r:mediacodec:s0 tcontext=u:object_r:sw_sync_device:s0 tclass=chr_file permissive=0
2026-04-09 08:10:23.487   737-935   NetworkStatsRecorder    system_server                        W  unknown interfaces [lo], ignoring those stats
2026-04-09 08:10:23.488   737-935   NetworkStatsRecorder    system_server                        D  vpnArray:[Lcom.android.internal.net.VpnInfo;@ccdf53a
2026-04-09 08:10:23.489   737-935   NetworkStatsRecorder    system_server                        W  unknown interfaces [lo], ignoring those stats
2026-04-09 08:10:23.489   737-935   NetworkStatsRecorder    system_server                        D  vpnArray:[Lcom.android.internal.net.VpnInfo;@ccdf53a
2026-04-09 08:10:23.490   737-935   NetworkStatsRecorder    system_server                        W  unknown interfaces [lo], ignoring those stats
2026-04-09 08:10:23.500   365-434   HWComposer              surfaceflinger                       W  Ignoring duplicate VSYNC event from HWC (t=0)
2026-04-09 08:10:23.502   737-935   MtkNetworkStatsService  system_server                        D  rebuildActiveSubscriberSubIdMap
2026-04-09 08:10:23.505   737-935   WifiService             system_server                        I  getConnectionInfo uid=1000
2026-04-09 08:10:23.505   737-935   NetworkStats            system_server                        I  NetworkIdentity: {type=WIFI, subType=COMBINED, networkId="CTCO-702", metered=false}
2026-04-09 08:10:23.506   737-935   NetworkStats            system_server                        I  state.networkCapabilities: [ Transports: WIFI Capabilities: NOT_METERED&INTERNET&NOT_RESTRICTED&TRUSTED&NOT_VPN&FOREGROUND LinkUpBandwidth>=1048576Kbps LinkDnBandwidth>=1048576Kbps SignalStrength: -40]
2026-04-09 08:10:23.506   737-935   NetworkStats            system_server                        I  iface:wlan0
2026-04-09 08:10:23.506   737-935   NetworkStats            system_server                        I  ident:{type=WIFI, subType=COMBINED, networkId="CTCO-702", metered=false}
2026-04-09 08:10:23.508   737-928   WifiNetworkAgent        system_server                        D  NetworkAgent: Received signal strength thresholds: []
2026-04-09 08:10:23.508   737-928   WifiStateMachine        system_server                        D   MtkL2ConnectedState { when=-1ms what=131235 arg1=-40 target=com.android.internal.util.StateMachine$SmHandler } -40 0, mShouldDeferDisableWifi = false, mState = MONITORING
2026-04-09 08:10:23.513   737-928   WifiVendorHal           system_server                        E  stopRssiMonitoring(l.2156) failed {.code = ERROR_NOT_AVAILABLE, .description = }
2026-04-09 08:10:23.513   325-8605  libc-netbsd             netd                                 D  [getaddrinfo]: netid=149; mark=983189; ai_flags=1024; ai_family=0
2026-04-09 08:10:23.514   325-8605  libc-netbsd             netd                                 D  default dns: query_ipv6=0, query_ipv4=1
2026-04-09 08:10:23.515   737-935   MtkConnectivityService  system_server                        D  Switching to new default network: NetworkAgentInfo{ ni{[type: WIFI[], state: CONNECTED/CONNECTED, reason: (unspecified), extra: "CTCO-702", failover: false, available: true, roaming: false]}  network{149}  nethandle{639966563038}  lp{{InterfaceName: wlan0 LinkAddresses: [fe80::cffe:3be0:18f3:b9ff/64,192.168.137.138/24,]  Routes: [fe80::/64 -> :: wlan0,192.168.137.0/24 -> 0.0.0.0 wlan0,0.0.0.0/0 -> 192.168.137.1 wlan0,] DnsAddresses: [192.168.137.1,] Domains: mshome.net MTU: 0 TcpBufferSizes: 524288,1048576,2097152,262144,524288,1048576}}  nc{[ Transports: WIFI Capabilities: NOT_METERED&INTERNET&NOT_RESTRICTED&TRUSTED&NOT_VPN&FOREGROUND LinkUpBandwidth>=1048576Kbps LinkDnBandwidth>=1048576Kbps SignalStrength: -40]}  Score{20}  everValidated{false}  lastValidated{false}  created{true} lingering{false} explicitlySelected{false} acceptUnvalidated{false} everCaptivePortalDetected{false} lastCaptivePortalDetected{false} clat{null} }
2026-04-09 08:10:23.523   365-434   HWComposer              surfaceflinger                       W  Ignoring duplicate VSYNC event from HWC (t=0)
2026-04-09 08:10:23.530  1207-1670  NearbyPresence          com.google.android.gms.persistent    I  (REDACTED) NetworkMonitorImpl onAvailable %s
2026-04-09 08:10:23.531   356-356   NxpTml                  vendor.nxp.nxpnfc@1.0-service        D  phTmlNfc_i2c_reset(), VEN level 1
2026-04-09 08:10:23.557   397-397   gle.vp8.encoder         media.codec                          W  type=1400 audit(0.0:53817): avc: denied { getattr } for path="/dev/sw_sync" dev="tmpfs" ino=266 scontext=u:r:mediacodec:s0 tcontext=u:object_r:sw_sync_device:s0 tclass=chr_file permissive=0
2026-04-09 08:10:23.533   737-947   GnssLocationProvider    system_server                        I  WakeLock acquired by sendMessage(UPDATE_NETWORK_STATE, 0, 149)
2026-04-09 08:10:23.539   737-1089  NetworkTim...ateService system_server                        D  New default network 149; checking time.
2026-04-09 08:10:23.539   737-1089  NetworkTim...ateService system_server                        D  onPollNetworkTime start
2026-04-09 08:10:23.539   737-1089  NetworkTim...ateService system_server                        D  isAutomaticTimeRequested() = True
2026-04-09 08:10:23.540   737-1089  NetworkTim...ateService system_server                        D  mNitzTimeSetTime: -1,refTime: 36432389
2026-04-09 08:10:23.540   737-1089  NetworkTim...ateService system_server                        D  System time = 1775736623540
2026-04-09 08:10:23.544   737-935   MtkConnectivityService  system_server                        D  Adding agent NetworkAgentInfo{ ni{[type: WIFI[], state: CONNECTED/CONNECTED, reason: (unspecified), extra: "CTCO-702", failover: false, available: true, roaming: false]}  network{149}  nethandle{639966563038}  lp{{InterfaceName: wlan0 LinkAddresses: [fe80::cffe:3be0:18f3:b9ff/64,192.168.137.138/24,]  Routes: [fe80::/64 -> :: wlan0,192.168.137.0/24 -> 0.0.0.0 wlan0,0.0.0.0/0 -> 192.168.137.1 wlan0,] DnsAddresses: [192.168.137.1,] Domains: mshome.net MTU: 0 TcpBufferSizes: 524288,1048576,2097152,262144,524288,1048576}}  nc{[ Transports: WIFI Capabilities: NOT_METERED&INTERNET&NOT_RESTRICTED&TRUSTED&NOT_VPN&FOREGROUND LinkUpBandwidth>=1048576Kbps LinkDnBandwidth>=1048576Kbps SignalStrength: -40]}  Score{20}  everValidated{false}  lastValidated{false}  created{true} lingering{false} explicitlySelected{false} acceptUnvalidated{false} everCaptivePortalDetected{false} lastCaptivePortalDetected{false} clat{null} } for legacy network type 1
2026-04-09 08:10:23.544   737-935   MtkConnectivityService  system_server                        D  Sending CONNECTED broadcast for type 1 NetworkAgentInfo [WIFI () - 149] isDefaultNetwork=true
2026-04-09 08:10:23.550   737-737   tydtech                 system_server                        D  ===type==1
2026-04-09 08:10:23.550   737-737   tydtech                 system_server                        D  ====isNetworkConnected=====true===action===android.net.conn.CONNECTIVITY_CHANGE
2026-04-09 08:10:23.550   737-737   tydtech                 system_server                        I  updateLightsLocked ,  level = 45 , mLowBatteryWarningLevel = 15  mLightflag: false
2026-04-09 08:10:23.558   737-925   WifiService             system_server                        I  getConnectionInfo uid=1000
2026-04-09 08:10:23.559   737-925   NetworkStatsRecorder    system_server                        V  setPersistThreshold() with 2097152
