2026-03-30 20:21:38.522   355-355   NxpFwDnld               vendor.nxp.nxpnfc@1.0-service        E  FW Image Info Pointer - pImageInfo 0xa95722d0
2026-03-30 20:21:38.522   355-355   NxpFwDnld               vendor.nxp.nxpnfc@1.0-service        E  FW Major Version Num - 1
2026-03-30 20:21:38.522   355-355   NxpFwDnld               vendor.nxp.nxpnfc@1.0-service        E  FW Minor Version Num - 16
2026-03-30 20:21:38.522   355-355   NxpFwDnld               vendor.nxp.nxpnfc@1.0-service        E  FW Image Length - 34358
2026-03-30 20:21:38.522   355-355   NxpFwDnld               vendor.nxp.nxpnfc@1.0-service        E  FW Image Info Pointer - 0xa95722d0
2026-03-30 20:21:38.522   355-355   NxpFwDnld               vendor.nxp.nxpnfc@1.0-service        D  phDnldNfc_InitImgInfo:SUCCESS
2026-03-30 20:21:38.522   355-355   NxpFwDnld               vendor.nxp.nxpnfc@1.0-service        D  Processing R/W Sequence..
2026-03-30 20:21:38.523   355-355   NxpFwDnld               vendor.nxp.nxpnfc@1.0-service        D  Response Timer Created Successfully
2026-03-30 20:21:38.523   355-355   NxpFwDnld               vendor.nxp.nxpnfc@1.0-service        D  Inserting FrameId ..
2026-03-30 20:21:38.523   355-355   NxpFwDnld               vendor.nxp.nxpnfc@1.0-service        D  Frame created successfully
2026-03-30 20:21:38.523   355-1634  NxpTml                  vendor.nxp.nxpnfc@1.0-service        D  PN54X - Write requested.....
2026-03-30 20:21:38.523   355-1634  NxpTml                  vendor.nxp.nxpnfc@1.0-service        D  PN54X - Invoking I2C Write.....
2026-03-30 20:21:38.525 12086-12200 [RadioEngine]           com.reedersystems.commandcomms       D  Dropping RX frame for other channel packetChannel=0 local=TESTING__TESTING 1
2026-03-30 20:21:38.525 12086-12200 [UdpTransport]          com.reedersystems.commandcomms       D  OPUS_RX_FRAME_RECEIVED seq=426 sender=ADMIN payload=115
2026-03-30 20:21:38.525   355-355   NxpFwDnld               vendor.nxp.nxpnfc@1.0-service        D  Force Command Request submitted successfully
2026-03-30 20:21:38.539 12086-12200 [RadioEngine]           com.reedersystems.commandcomms       D  Dropping RX frame for other channel packetChannel=0 local=TESTING__TESTING 1
2026-03-30 20:21:38.539 12086-12200 [UdpTransport]          com.reedersystems.commandcomms       D  OPUS_RX_FRAME_RECEIVED seq=427 sender=ADMIN payload=110
2026-03-30 20:21:38.540   364-374   HWComposer              surfaceflinger                       W  Ignoring duplicate VSYNC event from HWC (t=0)
2026-03-30 20:21:38.544 12086-12200 [RadioEngine]           com.reedersystems.commandcomms       D  Dropping RX frame for other channel packetChannel=0 local=TESTING__TESTING 1
2026-03-30 20:21:38.544 12086-12200 [UdpTransport]          com.reedersystems.commandcomms       D  OPUS_RX_FRAME_RECEIVED seq=428 sender=ADMIN payload=109
2026-03-30 20:21:38.546   355-1634  NxpTml                  vendor.nxp.nxpnfc@1.0-service        E  _i2c_write() errno : 5
2026-03-30 20:21:38.546   355-1634  NxpHal                  vendor.nxp.nxpnfc@1.0-service        E  PN54X - Error in I2C Write  - Retry 0x1
2026-03-30 20:21:38.557   355-1634  NxpTml                  vendor.nxp.nxpnfc@1.0-service        D  PN54X - Invoking I2C Write.....
2026-03-30 20:21:38.563   364-374   HWComposer              surfaceflinger                       W  Ignoring duplicate VSYNC event from HWC (t=0)
2026-03-30 20:21:38.578   355-1634  NxpTml                  vendor.nxp.nxpnfc@1.0-service        E  _i2c_write() errno : 5
2026-03-30 20:21:38.578   355-1634  NxpHal                  vendor.nxp.nxpnfc@1.0-service        E  PN54X - Error in I2C Write  - Retry 0x2
2026-03-30 20:21:38.587   364-374   HWComposer              surfaceflinger                       W  Ignoring duplicate VSYNC event from HWC (t=0)
2026-03-30 20:21:38.589   355-1634  NxpTml                  vendor.nxp.nxpnfc@1.0-service        D  PN54X - Invoking I2C Write.....
2026-03-30 20:21:38.608   355-1634  NxpTml                  vendor.nxp.nxpnfc@1.0-service        E  _i2c_write() errno : 5
2026-03-30 20:21:38.608   355-1634  NxpHal                  vendor.nxp.nxpnfc@1.0-service        E  PN54X - Error in I2C Write  - Retry 0x3
2026-03-30 20:21:38.607 25998-25998 gle.vp8.encoder         media.codec                          W  type=1400 audit(0.0:264168): avc: denied { getattr } for path="/dev/sw_sync" dev="tmpfs" ino=236 scontext=u:r:mediacodec:s0 tcontext=u:object_r:sw_sync_device:s0 tclass=chr_file permissive=0
2026-03-30 20:21:38.611   364-374   HWComposer              surfaceflinger                       W  Ignoring duplicate VSYNC event from HWC (t=0)
2026-03-30 20:21:38.619   355-1634  NxpTml                  vendor.nxp.nxpnfc@1.0-service        D  PN54X - Invoking I2C Write.....
2026-03-30 20:21:38.633   364-374   HWComposer              surfaceflinger                       W  Ignoring duplicate VSYNC event from HWC (t=0)
2026-03-30 20:21:38.638   355-1634  NxpTml                  vendor.nxp.nxpnfc@1.0-service        E  _i2c_write() errno : 5
2026-03-30 20:21:38.639   355-1634  NxpTml                  vendor.nxp.nxpnfc@1.0-service        E  PN54X - Error in I2C Write.....
2026-03-30 20:21:38.639   355-1634  NxpTml                  vendor.nxp.nxpnfc@1.0-service        D  PN54X - Posting Fresh Write message.....
2026-03-30 20:21:38.639   355-1634  NxpTml                  vendor.nxp.nxpnfc@1.0-service        D  PN54X - Tml Writer Thread Running................
2026-03-30 20:21:38.639   355-1636  NxpFwDnld               vendor.nxp.nxpnfc@1.0-service        E  Tml Write error!!
2026-03-30 20:21:38.639   355-1636  NxpFwDnld               vendor.nxp.nxpnfc@1.0-service        E  phNxpNciHal_fw_dnld_normal_cb - Request Failed!!
2026-03-30 20:21:38.639   355-355   NxpFwDnld               vendor.nxp.nxpnfc@1.0-service        D  Processing R/W Sequence..
2026-03-30 20:21:38.640   355-355   NxpFwDnld               vendor.nxp.nxpnfc@1.0-service        D  Response Timer Created Successfully
2026-03-30 20:21:38.640   355-355   NxpFwDnld               vendor.nxp.nxpnfc@1.0-service        D  Inserting FrameId ..
2026-03-30 20:21:38.640   355-355   NxpFwDnld               vendor.nxp.nxpnfc@1.0-service        D  Frame created successfully
2026-03-30 20:21:38.640   355-355   NxpFwDnld               vendor.nxp.nxpnfc@1.0-service        D  Force Command Request submitted successfully
2026-03-30 20:21:38.640   355-1634  NxpTml                  vendor.nxp.nxpnfc@1.0-service        D  PN54X - Write requested.....
2026-03-30 20:21:38.640   355-1634  NxpTml                  vendor.nxp.nxpnfc@1.0-service        D  PN54X - Invoking I2C Write.....
2026-03-30 20:21:38.645 12086-12200 [RadioEngine]           com.reedersystems.commandcomms       D  Dropping RX frame for other channel packetChannel=0 local=TESTING__TESTING 1
2026-03-30 20:21:38.645 12086-12200 [UdpTransport]          com.reedersystems.commandcomms       D  OPUS_RX_FRAME_RECEIVED seq=429 sender=ADMIN payload=105
2026-03-30 20:21:38.648 12086-12200 [RadioEngine]           com.reedersystems.commandcomms       D  Dropping RX frame for other channel packetChannel=0 local=TESTING__TESTING 1
2026-03-30 20:21:38.648 12086-12200 [UdpTransport]          com.reedersystems.commandcomms       D  OPUS_RX_FRAME_RECEIVED seq=430 sender=ADMIN payload=103
2026-03-30 20:21:38.651 12086-12200 [RadioEngine]           com.reedersystems.commandcomms       D  Dropping RX frame for other channel packetChannel=0 local=TESTING__TESTING 1
2026-03-30 20:21:38.651 12086-12200 [UdpTransport]          com.reedersystems.commandcomms       D  OPUS_RX_FRAME_RECEIVED seq=431 sender=ADMIN payload=117
2026-03-30 20:21:38.657   364-374   HWComposer              surfaceflinger                       W  Ignoring duplicate VSYNC event from HWC (t=0)
2026-03-30 20:21:38.662   355-1634  NxpTml                  vendor.nxp.nxpnfc@1.0-service        E  _i2c_write() errno : 5
2026-03-30 20:21:38.662   355-1634  NxpHal                  vendor.nxp.nxpnfc@1.0-service        E  PN54X - Error in I2C Write  - Retry 0x1
2026-03-30 20:21:38.668 12086-12200 [RadioEngine]           com.reedersystems.commandcomms       D  Dropping RX frame for other channel packetChannel=0 local=TESTING__TESTING 1
2026-03-30 20:21:38.668 12086-12200 [UdpTransport]          com.reedersystems.commandcomms       D  OPUS_RX_FRAME_RECEIVED seq=432 sender=ADMIN payload=114
2026-03-30 20:21:38.672   355-1634  NxpTml                  vendor.nxp.nxpnfc@1.0-service        D  PN54X - Invoking I2C Write.....
2026-03-30 20:21:38.680   364-374   HWComposer              surfaceflinger                       W  Ignoring duplicate VSYNC event from HWC (t=0)
2026-03-30 20:21:38.692   355-1634  NxpTml                  vendor.nxp.nxpnfc@1.0-service        E  _i2c_write() errno : 5
2026-03-30 20:21:38.692   355-1634  NxpHal                  vendor.nxp.nxpnfc@1.0-service        E  PN54X - Error in I2C Write  - Retry 0x2
2026-03-30 20:21:38.702   355-1634  NxpTml                  vendor.nxp.nxpnfc@1.0-service        D  PN54X - Invoking I2C Write.....
2026-03-30 20:21:38.704   364-374   HWComposer              surfaceflinger                       W  Ignoring duplicate VSYNC event from HWC (t=0)
2026-03-30 20:21:38.707 25998-25998 gle.vp8.encoder         media.codec                          W  type=1400 audit(0.0:264169): avc: denied { getattr } for path="/dev/sw_sync" dev="tmpfs" ino=236 scontext=u:r:mediacodec:s0 tcontext=u:object_r:sw_sync_device:s0 tclass=chr_file permissive=0
2026-03-30 20:21:38.722   355-1634  NxpTml                  vendor.nxp.nxpnfc@1.0-service        E  _i2c_write() errno : 5
2026-03-30 20:21:38.722   355-1634  NxpHal                  vendor.nxp.nxpnfc@1.0-service        E  PN54X - Error in I2C Write  - Retry 0x3
2026-03-30 20:21:38.727   364-374   HWComposer              surfaceflinger                       W  Ignoring duplicate VSYNC event from HWC (t=0)
2026-03-30 20:21:38.732   355-1634  NxpTml                  vendor.nxp.nxpnfc@1.0-service        D  PN54X - Invoking I2C Write.....
2026-03-30 20:21:38.750   364-374   HWComposer              surfaceflinger                       W  Ignoring duplicate VSYNC event from HWC (t=0)
2026-03-30 20:21:38.752   355-1634  NxpTml                  vendor.nxp.nxpnfc@1.0-service        E  _i2c_write() errno : 5
2026-03-30 20:21:38.752   355-1634  NxpTml                  vendor.nxp.nxpnfc@1.0-service        E  PN54X - Error in I2C Write.....
2026-03-30 20:21:38.752   355-1634  NxpTml                  vendor.nxp.nxpnfc@1.0-service        D  PN54X - Posting Fresh Write message.....
2026-03-30 20:21:38.752   355-1636  NxpFwDnld               vendor.nxp.nxpnfc@1.0-service        E  Tml Write error!!
2026-03-30 20:21:38.752   355-1636  NxpFwDnld               vendor.nxp.nxpnfc@1.0-service        E  phNxpNciHal_fw_dnld_normal_cb - Request Failed!!
2026-03-30 20:21:38.753   355-355   NxpFwDnld               vendor.nxp.nxpnfc@1.0-service        D  Processing Normal Sequence..
2026-03-30 20:21:38.753   355-355   NxpFwDnld               vendor.nxp.nxpnfc@1.0-service        D  Initializing Sequence..
2026-03-30 20:21:38.754   355-355   NxpFwDnld               vendor.nxp.nxpnfc@1.0-service        D  Response Timer Created Successfully
2026-03-30 20:21:38.754   355-355   NxpFwDnld               vendor.nxp.nxpnfc@1.0-service        D  Inserting FrameId ..
2026-03-30 20:21:38.754   355-355   NxpFwDnld               vendor.nxp.nxpnfc@1.0-service        D  Frame created successfully
2026-03-30 20:21:38.754   355-355   NxpFwDnld               vendor.nxp.nxpnfc@1.0-service        D  GetSessionState Request submitted successfully
2026-03-30 20:21:38.754   355-1634  NxpTml                  vendor.nxp.nxpnfc@1.0-service        D  PN54X - Tml Writer Thread Running................
2026-03-30 20:21:38.755   355-1634  NxpTml                  vendor.nxp.nxpnfc@1.0-service        D  PN54X - Write requested.....
2026-03-30 20:21:38.755   355-1634  NxpTml                  vendor.nxp.nxpnfc@1.0-service        D  PN54X - Invoking I2C Write.....
2026-03-30 20:21:38.759 12086-12200 [RadioEngine]           com.reedersystems.commandcomms       D  Dropping RX frame for other channel packetChannel=0 local=TESTING__TESTING 1
2026-03-30 20:21:38.759 12086-12200 [UdpTransport]          com.reedersystems.commandcomms       D  OPUS_RX_FRAME_RECEIVED seq=433 sender=ADMIN payload=89
2026-03-30 20:21:38.761 12086-12200 [RadioEngine]           com.reedersystems.commandcomms       D  Dropping RX frame for other channel packetChannel=0 local=TESTING__TESTING 1
2026-03-30 20:21:38.761 12086-12200 [UdpTransport]          com.reedersystems.commandcomms       D  OPUS_RX_FRAME_RECEIVED seq=434 sender=ADMIN payload=109
2026-03-30 20:21:38.766 12086-12200 [RadioEngine]           com.reedersystems.commandcomms       D  Dropping RX frame for other channel packetChannel=0 local=TESTING__TESTING 1
2026-03-30 20:21:38.767 12086-12200 [UdpTransport]          com.reedersystems.commandcomms       D  OPUS_RX_FRAME_RECEIVED seq=435 sender=ADMIN payload=111
2026-03-30 20:21:38.769 12086-12200 [RadioEngine]           com.reedersystems.commandcomms       D  Dropping RX frame for other channel packetChannel=0 local=TESTING__TESTING 1
2026-03-30 20:21:38.770 12086-12200 [UdpTransport]          com.reedersystems.commandcomms       D  OPUS_RX_FRAME_RECEIVED seq=436 sender=ADMIN payload=112
2026-03-30 20:21:38.771 12086-12200 [RadioEngine]           com.reedersystems.commandcomms       D  Dropping RX frame for other channel packetChannel=0 local=TESTING__TESTING 1
2026-03-30 20:21:38.772 12086-12200 [UdpTransport]          com.reedersystems.commandcomms       D  OPUS_RX_FRAME_RECEIVED seq=437 sender=ADMIN payload=108
2026-03-30 20:21:38.774   364-374   HWComposer              surfaceflinger                       W  Ignoring duplicate VSYNC event from HWC (t=0)
2026-03-30 20:21:38.775   355-1634  NxpTml                  vendor.nxp.nxpnfc@1.0-service        E  _i2c_write() errno : 5
2026-03-30 20:21:38.775   355-1634  NxpHal                  vendor.nxp.nxpnfc@1.0-service        E  PN54X - Error in I2C Write  - Retry 0x1
2026-03-30 20:21:38.778 12086-12200 [RadioEngine]           com.reedersystems.commandcomms       D  Dropping RX frame for other channel packetChannel=0 local=TESTING__TESTING 1
2026-03-30 20:21:38.778 12086-12200 [UdpTransport]          com.reedersystems.commandcomms       D  OPUS_RX_FRAME_RECEIVED seq=438 sender=ADMIN payload=127
2026-03-30 20:21:38.787   355-1634  NxpTml                  vendor.nxp.nxpnfc@1.0-service        D  PN54X - Invoking I2C Write.....
2026-03-30 20:21:38.797   364-374   HWComposer              surfaceflinger                       W  Ignoring duplicate VSYNC event from HWC (t=0)
2026-03-30 20:21:38.799 12086-12200 [RadioEngine]           com.reedersystems.commandcomms       D  Dropping RX frame for other channel packetChannel=0 local=TESTING__TESTING 1
2026-03-30 20:21:38.799 12086-12200 [UdpTransport]          com.reedersystems.commandcomms       D  OPUS_RX_FRAME_RECEIVED seq=439 sender=ADMIN payload=116
2026-03-30 20:21:38.801 12086-12200 [RadioEngine]           com.reedersystems.commandcomms       D  Dropping RX frame for other channel packetChannel=0 local=TESTING__TESTING 1
2026-03-30 20:21:38.801 12086-12200 [UdpTransport]          com.reedersystems.commandcomms       D  OPUS_RX_FRAME_RECEIVED seq=440 sender=ADMIN payload=126
2026-03-30 20:21:38.809   355-1634  NxpTml                  vendor.nxp.nxpnfc@1.0-service        E  _i2c_write() errno : 5
2026-03-30 20:21:38.809   355-1634  NxpHal                  vendor.nxp.nxpnfc@1.0-service        E  PN54X - Error in I2C Write  - Retry 0x2
2026-03-30 20:21:38.807 25998-25998 gle.vp8.encoder         media.codec                          W  type=1400 audit(0.0:264170): avc: denied { getattr } for path="/dev/sw_sync" dev="tmpfs" ino=236 scontext=u:r:mediacodec:s0 tcontext=u:object_r:sw_sync_device:s0 tclass=chr_file permissive=0
2026-03-30 20:21:38.819   355-1634  NxpTml                  vendor.nxp.nxpnfc@1.0-service        D  PN54X - Invoking I2C Write.....
2026-03-30 20:21:38.820   364-374   HWComposer              surfaceflinger                       W  Ignoring duplicate VSYNC event from HWC (t=0)
2026-03-30 20:21:38.838 12086-12200 [RadioEngine]           com.reedersystems.commandcomms       D  Dropping RX frame for other channel packetChannel=0 local=TESTING__TESTING 1
2026-03-30 20:21:38.839 12086-12200 [UdpTransport]          com.reedersystems.commandcomms       D  OPUS_RX_FRAME_RECEIVED seq=441 sender=ADMIN payload=134
2026-03-30 20:21:38.839   355-1634  NxpTml                  vendor.nxp.nxpnfc@1.0-service        E  _i2c_write() errno : 5
2026-03-30 20:21:38.839   355-1634  NxpHal                  vendor.nxp.nxpnfc@1.0-service        E  PN54X - Error in I2C Write  - Retry 0x3
2026-03-30 20:21:38.844   364-374   HWComposer              surfaceflinger                       W  Ignoring duplicate VSYNC event from HWC (t=0)
2026-03-30 20:21:38.850   355-1634  NxpTml                  vendor.nxp.nxpnfc@1.0-service        D  PN54X - Invoking I2C Write.....
2026-03-30 20:21:38.867   364-374   HWComposer              surfaceflinger                       W  Ignoring duplicate VSYNC event from HWC (t=0)
2026-03-30 20:21:38.872   355-1634  NxpTml                  vendor.nxp.nxpnfc@1.0-service        E  _i2c_write() errno : 5
2026-03-30 20:21:38.872   355-1634  NxpTml                  vendor.nxp.nxpnfc@1.0-service        E  PN54X - Error in I2C Write.....
2026-03-30 20:21:38.872   355-1634  NxpTml                  vendor.nxp.nxpnfc@1.0-service        D  PN54X - Posting Fresh Write message.....
2026-03-30 20:21:38.872   355-1634  NxpTml                  vendor.nxp.nxpnfc@1.0-service        D  PN54X - Tml Writer Thread Running................
2026-03-30 20:21:38.872   355-1636  NxpFwDnld               vendor.nxp.nxpnfc@1.0-service        E  Tml Write error!!
2026-03-30 20:21:38.872   355-1636  NxpFwDnld               vendor.nxp.nxpnfc@1.0-service        E  phNxpNciHal_fw_dnld_get_sessn_state_cb - Request Failed!!
2026-03-30 20:21:38.872   355-355   NxpFwDnld               vendor.nxp.nxpnfc@1.0-service        E  phDnldNfc_GetSessionState cb failed
2026-03-30 20:21:38.872   355-355   NxpFwDnld               vendor.nxp.nxpnfc@1.0-service        E   phNxpNciHal_fw_seq_handler : FAILED
2026-03-30 20:21:38.873   355-355   NxpFwDnld               vendor.nxp.nxpnfc@1.0-service        D  phNxpNciHal_fw_dnld_complete: Download Status = 0xff
2026-03-30 20:21:38.873   355-355   NxpFwDnld               vendor.nxp.nxpnfc@1.0-service        E  Fw Download Failed!!
2026-03-30 20:21:38.873   355-355   NxpTml                  vendor.nxp.nxpnfc@1.0-service        D  phTmlNfc_i2c_reset(), VEN level 0
2026-03-30 20:21:38.874 12086-12200 [RadioEngine]           com.reedersystems.commandcomms       D  Dropping RX frame for other channel packetChannel=0 local=TESTING__TESTING 1
2026-03-30 20:21:38.875 12086-12200 [UdpTransport]          com.reedersystems.commandcomms       D  OPUS_RX_FRAME_RECEIVED seq=442 sender=ADMIN payload=129
2026-03-30 20:21:38.877 12086-12200 [RadioEngine]           com.reedersystems.commandcomms       D  Dropping RX frame for other channel packetChannel=0 local=TESTING__TESTING 1
2026-03-30 20:21:38.879 12086-12200 [UdpTransport]          com.reedersystems.commandcomms       D  OPUS_RX_FRAME_RECEIVED seq=443 sender=ADMIN payload=125
2026-03-30 20:21:38.880 12086-12200 [RadioEngine]           com.reedersystems.commandcomms       D  Dropping RX frame for other channel packetChannel=0 local=TESTING__TESTING 1
2026-03-30 20:21:38.881 12086-12200 [UdpTransport]          com.reedersystems.commandcomms       D  OPUS_RX_FRAME_RECEIVED seq=444 sender=ADMIN payload=133
2026-03-30 20:21:38.907 25998-25998 gle.vp8.encoder         media.codec                          W  type=1400 audit(0.0:264171): avc: denied { getattr } for path="/dev/sw_sync" dev="tmpfs" ino=236 scontext=u:r:mediacodec:s0 tcontext=u:object_r:sw_sync_device:s0 tclass=chr_file permissive=0
2026-03-30 20:21:38.890   364-374   HWComposer              surfaceflinger                       W  Ignoring duplicate VSYNC event from HWC (t=0)
2026-03-30 20:21:38.917   364-374   HWComposer              surfaceflinger                       W  Ignoring duplicate VSYNC event from HWC (t=0)
2026-03-30 20:21:38.933 12086-12200 [RadioEngine]           com.reedersystems.commandcomms       D  Dropping RX frame for other channel packetChannel=0 local=TESTING__TESTING 1
2026-03-30 20:21:38.934   355-355   NxpTml                  vendor.nxp.nxpnfc@1.0-service        D  phTmlNfc_i2c_reset(), VEN level 1
2026-03-30 20:21:38.934 12086-12200 [UdpTransport]          com.reedersystems.commandcomms       D  OPUS_RX_FRAME_RECEIVED seq=445 sender=ADMIN payload=146
2026-03-30 20:21:38.937   364-374   HWComposer              surfaceflinger                       W  Ignoring duplicate VSYNC event from HWC (t=0)
2026-03-30 20:21:38.960   364-374   HWComposer              surfaceflinger                       W  Ignoring duplicate VSYNC event from HWC (t=0)
2026-03-30 20:21:38.974 12086-12200 [RadioEngine]           com.reedersystems.commandcomms       D  Dropping RX frame for other channel packetChannel=0 local=TESTING__TESTING 1
2026-03-30 20:21:38.974 12086-12200 [UdpTransport]          com.reedersystems.commandcomms       D  OPUS_RX_FRAME_RECEIVED seq=446 sender=ADMIN payload=121
2026-03-30 20:21:38.979 12086-12200 [RadioEngine]           com.reedersystems.commandcomms       D  Dropping RX frame for other channel packetChannel=0 local=TESTING__TESTING 1
2026-03-30 20:21:38.979 12086-12200 [UdpTransport]          com.reedersystems.commandcomms       D  OPUS_RX_FRAME_RECEIVED seq=447 sender=ADMIN payload=114
2026-03-30 20:21:38.984   364-374   HWComposer              surfaceflinger                       W  Ignoring duplicate VSYNC event from HWC (t=0)
2026-03-30 20:21:39.007   364-374   HWComposer              surfaceflinger                       W  Ignoring duplicate VSYNC event from HWC (t=0)
2026-03-30 20:21:39.011 25998-25998 gle.vp8.encoder         media.codec                          W  type=1400 audit(0.0:264172): avc: denied { getattr } for path="/dev/sw_sync" dev="tmpfs" ino=236 scontext=u:r:mediacodec:s0 tcontext=u:object_r:sw_sync_device:s0 tclass=chr_file permissive=0
2026-03-30 20:21:39.014 12086-12200 [RadioEngine]           com.reedersystems.commandcomms       D  Dropping RX frame for other channel packetChannel=0 local=TESTING__TESTING 1
2026-03-30 20:21:39.014 12086-12200 [UdpTransport]          com.reedersystems.commandcomms       D  OPUS_RX_FRAME_RECEIVED seq=448 sender=ADMIN payload=112
2026-03-30 20:21:39.015 12086-12200 [RadioEngine]           com.reedersystems.commandcomms       D  Dropping RX frame for other channel packetChannel=0 local=TESTING__TESTING 1
2026-03-30 20:21:39.016 12086-12200 [UdpTransport]          com.reedersystems.commandcomms       D  OPUS_RX_FRAME_RECEIVED seq=449 sender=ADMIN payload=111
2026-03-30 20:21:39.029 12086-12200 [RadioEngine]           com.reedersystems.commandcomms       D  Dropping RX frame for other channel packetChannel=0 local=TESTING__TESTING 1
2026-03-30 20:21:39.029 12086-12200 [UdpTransport]          com.reedersystems.commandcomms       D  OPUS_RX_FRAME_RECEIVED seq=450 sender=ADMIN payload=116
2026-03-30 20:21:39.030   364-374   HWComposer              surfaceflinger                       W  Ignoring duplicate VSYNC event from HWC (t=0)
2026-03-30 20:21:39.033 12086-12200 [RadioEngine]           com.reedersystems.commandcomms       D  Dropping RX frame for other channel packetChannel=0 local=TESTING__TESTING 1
2026-03-30 20:21:39.033 12086-12200 [UdpTransport]          com.reedersystems.commandcomms       D  OPUS_RX_FRAME_RECEIVED seq=451 sender=ADMIN payload=115
2026-03-30 20:21:39.047   355-355   NxpFwDnld               vendor.nxp.nxpnfc@1.0-service        E  free library SUCCESS !!
2026-03-30 20:21:39.047   355-355   NxpFwDnld               vendor.nxp.nxpnfc@1.0-service        E  Freeing Mem for Dnld Context..
2026-03-30 20:21:39.047   355-355   NxpHal                  vendor.nxp.nxpnfc@1.0-service        D  Chip Version Middleware Version mismatch!!!!
2026-03-30 20:21:39.048   355-1634  NxpTml                  vendor.nxp.nxpnfc@1.0-service        D  PN54X - Write requested.....
2026-03-30 20:21:39.048   355-1634  NxpTml                  vendor.nxp.nxpnfc@1.0-service        D  PN54X - Invoking I2C Write.....
2026-03-30 20:21:39.048 12086-12200 [RadioEngine]           com.reedersystems.commandcomms       D  Dropping RX frame for other channel packetChannel=0 local=TESTING__TESTING 1
2026-03-30 20:21:39.049 12086-12200 [UdpTransport]          com.reedersystems.commandcomms       D  OPUS_RX_FRAME_RECEIVED seq=452 sender=ADMIN payload=124
2026-03-30 20:21:39.054   364-374   HWComposer              surfaceflinger                       W  Ignoring duplicate VSYNC event from HWC (t=0)
2026-03-30 20:21:39.068   355-1634  NxpTml                  vendor.nxp.nxpnfc@1.0-service        E  _i2c_write() errno : 5
2026-03-30 20:21:39.068   355-1634  NxpTml                  vendor.nxp.nxpnfc@1.0-service        E  PN54X - Error in I2C Write.....
2026-03-30 20:21:39.068   355-1634  NxpTml                  vendor.nxp.nxpnfc@1.0-service        D  PN54X - Posting Fresh Write message.....
2026-03-30 20:21:39.069   355-1634  NxpTml                  vendor.nxp.nxpnfc@1.0-service        D  PN54X - Tml Writer Thread Running................
2026-03-30 20:21:39.069   355-1636  NxpHal                  vendor.nxp.nxpnfc@1.0-service        E  write error status = 0x1ff
2026-03-30 20:21:39.069   355-355   NxpHal                  vendor.nxp.nxpnfc@1.0-service        E  write_unlocked failed - PN54X Maybe in Standby Mode - Retry
2026-03-30 20:21:39.077   364-374   HWComposer              surfaceflinger                       W  Ignoring duplicate VSYNC event from HWC (t=0)
2026-03-30 20:21:39.079   355-1634  NxpTml                  vendor.nxp.nxpnfc@1.0-service        D  PN54X - Write requested.....
2026-03-30 20:21:39.080   355-1634  NxpTml                  vendor.nxp.nxpnfc@1.0-service        D  PN54X - Invoking I2C Write.....
2026-03-30 20:21:39.088 12086-12200 [RadioEngine]           com.reedersystems.commandcomms       D  Dropping RX frame for other channel packetChannel=0 local=TESTING__TESTING 1
2026-03-30 20:21:39.088 12086-12200 [UdpTransport]          com.reedersystems.commandcomms       D  OPUS_RX_FRAME_RECEIVED seq=453 sender=ADMIN payload=139
2026-03-30 20:21:39.098   355-1634  NxpTml                  vendor.nxp.nxpnfc@1.0-service        E  _i2c_write() errno : 5
2026-03-30 20:21:39.098   355-1634  NxpTml                  vendor.nxp.nxpnfc@1.0-service        E  PN54X - Error in I2C Write.....
2026-03-30 20:21:39.098   355-1634  NxpTml                  vendor.nxp.nxpnfc@1.0-service        D  PN54X - Posting Fresh Write message.....
2026-03-30 20:21:39.099   355-1634  NxpTml                  vendor.nxp.nxpnfc@1.0-service        D  PN54X - Tml Writer Thread Running................
2026-03-30 20:21:39.099   355-1636  NxpHal                  vendor.nxp.nxpnfc@1.0-service        E  write error status = 0x1ff
2026-03-30 20:21:39.099   355-355   NxpHal                  vendor.nxp.nxpnfc@1.0-service        E  write_unlocked failed - PN54X Maybe in Standby Mode - Retry
2026-03-30 20:21:39.100   351-520   hwcomposer              and...graphics.composer@2.1-service  W  [JOB] (2) copyvds is ture but vir buffer format is not HAL_PIXEL_FORMAT_YV12  
2026-03-30 20:21:39.100   364-374   HWComposer              surfaceflinger                       W  Ignoring duplicate VSYNC event from HWC (t=0)
2026-03-30 20:21:39.102   364-364   DisplayDevice           surfaceflinger                       I  [studio.screen.sharing:0 (type:2)] fps:2.340034,dur:1282.03,max:999.79,min:33.38
2026-03-30 20:21:39.102   364-364   DisplayDevice           surfaceflinger                       I  [Built-in Screen (type:0)] fps:2.340075,dur:1282.01,max:1000.00,min:33.25
2026-03-30 20:21:39.104 25998-7984  BufferQueueProducer     media.codec                          I  [GraphicBufferSource](this:0xa5275000,id:95,api:1,p:25998,c:25998) queueBuffer: fps=2.34 dur=1279.60 max=997.47 min=30.71
2026-03-30 20:21:39.101 25998-25998 gle.vp8.encoder         media.codec                          W  type=1400 audit(0.0:264173): avc: denied { getattr } for path="/dev/sw_sync" dev="tmpfs" ino=236 scontext=u:r:mediacodec:s0 tcontext=u:object_r:sw_sync_device:s0 tclass=chr_file permissive=0
2026-03-30 20:21:39.112   355-1634  NxpTml                  vendor.nxp.nxpnfc@1.0-service        D  PN54X - Write requested.....
2026-03-30 20:21:39.112   355-1634  NxpTml                  vendor.nxp.nxpnfc@1.0-service        D  PN54X - Invoking I2C Write.....
2026-03-30 20:21:39.117 12086-12200 [RadioEngine]           com.reedersystems.commandcomms       D  Dropping RX frame for other channel packetChannel=0 local=TESTING__TESTING 1
2026-03-30 20:21:39.117 12086-12200 [UdpTransport]          com.reedersystems.commandcomms       D  OPUS_RX_FRAME_RECEIVED seq=454 sender=ADMIN payload=127
2026-03-30 20:21:39.119 12086-12200 [RadioEngine]           com.reedersystems.commandcomms       D  Dropping RX frame for other channel packetChannel=0 local=TESTING__TESTING 1
2026-03-30 20:21:39.119 12086-12200 [UdpTransport]          com.reedersystems.commandcomms       D  OPUS_RX_FRAME_RECEIVED seq=455 sender=ADMIN payload=130
2026-03-30 20:21:39.124   364-374   HWComposer              surfaceflinger                       W  Ignoring duplicate VSYNC event from HWC (t=0)
2026-03-30 20:21:39.133   355-1634  NxpTml                  vendor.nxp.nxpnfc@1.0-service        E  _i2c_write() errno : 5
2026-03-30 20:21:39.133   355-1634  NxpTml                  vendor.nxp.nxpnfc@1.0-service        E  PN54X - Error in I2C Write.....
2026-03-30 20:21:39.133   355-1634  NxpTml                  vendor.nxp.nxpnfc@1.0-service        D  PN54X - Posting Fresh Write message.....
2026-03-30 20:21:39.133   355-1634  NxpTml                  vendor.nxp.nxpnfc@1.0-service        D  PN54X - Tml Writer Thread Running................
2026-03-30 20:21:39.133   355-1636  NxpHal                  vendor.nxp.nxpnfc@1.0-service        E  write error status = 0x1ff
2026-03-30 20:21:39.133   355-355   NxpHal                  vendor.nxp.nxpnfc@1.0-service        E  write_unlocked failed - PN54X Maybe in Standby Mode - Retry
2026-03-30 20:21:39.143   355-1634  NxpTml                  vendor.nxp.nxpnfc@1.0-service        D  PN54X - Write requested.....
2026-03-30 20:21:39.143   355-1634  NxpTml                  vendor.nxp.nxpnfc@1.0-service        D  PN54X - Invoking I2C Write.....
2026-03-30 20:21:39.147   364-374   HWComposer              surfaceflinger                       W  Ignoring duplicate VSYNC event from HWC (t=0)
2026-03-30 20:21:39.152 12086-12200 [RadioEngine]           com.reedersystems.commandcomms       D  Dropping RX frame for other channel packetChannel=0 local=TESTING__TESTING 1
2026-03-30 20:21:39.153 12086-12200 [UdpTransport]          com.reedersystems.commandcomms       D  OPUS_RX_FRAME_RECEIVED seq=456 sender=ADMIN payload=119
2026-03-30 20:21:39.154 12086-12200 [RadioEngine]           com.reedersystems.commandcomms       D  Dropping RX frame for other channel packetChannel=0 local=TESTING__TESTING 1
2026-03-30 20:21:39.155 12086-12200 [UdpTransport]          com.reedersystems.commandcomms       D  OPUS_RX_FRAME_RECEIVED seq=457 sender=ADMIN payload=110
2026-03-30 20:21:39.165   355-1634  NxpTml                  vendor.nxp.nxpnfc@1.0-service        E  _i2c_write() errno : 5
2026-03-30 20:21:39.165   355-1634  NxpTml                  vendor.nxp.nxpnfc@1.0-service        E  PN54X - Error in I2C Write.....
2026-03-30 20:21:39.165   355-1634  NxpTml                  vendor.nxp.nxpnfc@1.0-service        D  PN54X - Posting Fresh Write message.....
2026-03-30 20:21:39.165   355-1634  NxpTml                  vendor.nxp.nxpnfc@1.0-service        D  PN54X - Tml Writer Thread Running................
2026-03-30 20:21:39.166   355-1636  NxpHal                  vendor.nxp.nxpnfc@1.0-service        E  write error status = 0x1ff
2026-03-30 20:21:39.166   355-355   NxpHal                  vendor.nxp.nxpnfc@1.0-service        E  write_unlocked failed - PN54X Maybe in Standby Mode - Retry
2026-03-30 20:21:39.170   364-374   HWComposer              surfaceflinger                       W  Ignoring duplicate VSYNC event from HWC (t=0)
2026-03-30 20:21:39.174 12086-12200 [RadioEngine]           com.reedersystems.commandcomms       D  Dropping RX frame for other channel packetChannel=0 local=TESTING__TESTING 1
2026-03-30 20:21:39.174 12086-12200 [UdpTransport]          com.reedersystems.commandcomms       D  OPUS_RX_FRAME_RECEIVED seq=458 sender=ADMIN payload=122
2026-03-30 20:21:39.176   355-1634  NxpTml                  vendor.nxp.nxpnfc@1.0-service        D  PN54X - Write requested.....
2026-03-30 20:21:39.176   355-1634  NxpTml                  vendor.nxp.nxpnfc@1.0-service        D  PN54X - Invoking I2C Write.....
2026-03-30 20:21:39.194   364-374   HWComposer              surfaceflinger                       W  Ignoring duplicate VSYNC event from HWC (t=0)
2026-03-30 20:21:39.195   355-1634  NxpTml                  vendor.nxp.nxpnfc@1.0-service        E  _i2c_write() errno : 5
2026-03-30 20:21:39.195   355-1634  NxpTml                  vendor.nxp.nxpnfc@1.0-service        E  PN54X - Error in I2C Write.....
2026-03-30 20:21:39.195   355-1634  NxpTml                  vendor.nxp.nxpnfc@1.0-service        D  PN54X - Posting Fresh Write message.....
2026-03-30 20:21:39.195   355-1634  NxpTml                  vendor.nxp.nxpnfc@1.0-service        D  PN54X - Tml Writer Thread Running................
2026-03-30 20:21:39.195   355-1636  NxpHal                  vendor.nxp.nxpnfc@1.0-service        E  write error status = 0x1ff
2026-03-30 20:21:39.196   355-355   NxpHal                  vendor.nxp.nxpnfc@1.0-service        E  write_unlocked failed - PN54X Maybe in Standby Mode - Retry
2026-03-30 20:21:39.206   355-1634  NxpTml                  vendor.nxp.nxpnfc@1.0-service        D  PN54X - Write requested.....
2026-03-30 20:21:39.206   355-1634  NxpTml                  vendor.nxp.nxpnfc@1.0-service        D  PN54X - Invoking I2C Write.....
2026-03-30 20:21:39.208 12086-12200 [RadioEngine]           com.reedersystems.commandcomms       D  Dropping RX frame for other channel packetChannel=0 local=TESTING__TESTING 1
2026-03-30 20:21:39.208 12086-12200 [UdpTransport]          com.reedersystems.commandcomms       D  OPUS_RX_FRAME_RECEIVED seq=459 sender=ADMIN payload=118
2026-03-30 20:21:39.201 25998-25998 gle.vp8.encoder         media.codec                          W  type=1400 audit(0.0:264174): avc: denied { getattr } for path="/dev/sw_sync" dev="tmpfs" ino=236 scontext=u:r:mediacodec:s0 tcontext=u:object_r:sw_sync_device:s0 tclass=chr_file permissive=0
2026-03-30 20:21:39.213 12086-12200 [RadioEngine]           com.reedersystems.commandcomms       D  Dropping RX frame for other channel packetChannel=0 local=TESTING__TESTING 1
2026-03-30 20:21:39.213 12086-12200 [UdpTransport]          com.reedersystems.commandcomms       D  OPUS_RX_FRAME_RECEIVED seq=460 sender=ADMIN payload=119
2026-03-30 20:21:39.217   364-374   HWComposer              surfaceflinger                       W  Ignoring duplicate VSYNC event from HWC (t=0)
2026-03-30 20:21:39.229   355-1634  NxpTml                  vendor.nxp.nxpnfc@1.0-service        E  _i2c_write() errno : 5
2026-03-30 20:21:39.229   355-1634  NxpTml                  vendor.nxp.nxpnfc@1.0-service        E  PN54X - Error in I2C Write.....
2026-03-30 20:21:39.229   355-1634  NxpTml                  vendor.nxp.nxpnfc@1.0-service        D  PN54X - Posting Fresh Write message.....
2026-03-30 20:21:39.229   355-1634  NxpTml                  vendor.nxp.nxpnfc@1.0-service        D  PN54X - Tml Writer Thread Running................
2026-03-30 20:21:39.229   355-1636  NxpHal                  vendor.nxp.nxpnfc@1.0-service        E  write error status = 0x1ff
2026-03-30 20:21:39.229   355-355   NxpHal                  vendor.nxp.nxpnfc@1.0-service        E  write_unlocked failed - PN54X Maybe in Standby Mode (max count = 0x6)
2026-03-30 20:21:39.229   355-355   NxpTml                  vendor.nxp.nxpnfc@1.0-service        D  phTmlNfc_i2c_reset(), VEN level 0
2026-03-30 20:21:39.234 12086-12200 [RadioEngine]           com.reedersystems.commandcomms       D  Dropping RX frame for other channel packetChannel=0 local=TESTING__TESTING 1
2026-03-30 20:21:39.234 12086-12200 [UdpTransport]          com.reedersystems.commandcomms       D  OPUS_RX_FRAME_RECEIVED seq=461 sender=ADMIN payload=127
2026-03-30 20:21:39.240   364-374   HWComposer              surfaceflinger                       W  Ignoring duplicate VSYNC event from HWC (t=0)
2026-03-30 20:21:39.252 12086-12200 [RadioEngine]           com.reedersystems.commandcomms       D  Dropping RX frame for other channel packetChannel=0 local=TESTING__TESTING 1
2026-03-30 20:21:39.252 12086-12200 [UdpTransport]          com.reedersystems.commandcomms       D  OPUS_RX_FRAME_RECEIVED seq=462 sender=ADMIN payload=127
2026-03-30 20:21:39.263   364-374   HWComposer              surfaceflinger                       W  Ignoring duplicate VSYNC event from HWC (t=0)
2026-03-30 20:21:39.287   364-374   HWComposer              surfaceflinger                       W  Ignoring duplicate VSYNC event from HWC (t=0)
2026-03-30 20:21:39.290   355-355   NxpTml                  vendor.nxp.nxpnfc@1.0-service        D  phTmlNfc_i2c_reset(), VEN level 1
2026-03-30 20:21:39.301 25998-25998 gle.vp8.encoder         media.codec                          W  type=1400 audit(0.0:264175): avc: denied { getattr } for path="/dev/sw_sync" dev="tmpfs" ino=236 scontext=u:r:mediacodec:s0 tcontext=u:object_r:sw_sync_device:s0 tclass=chr_file permissive=0
2026-03-30 20:21:39.310   364-374   HWComposer              surfaceflinger                       W  Ignoring duplicate VSYNC event from HWC (t=0)
2026-03-30 20:21:39.337   364-374   chatty                  surfaceflinger                       I  uid=1000(system) HwBinder:364_1 identical 1 line
2026-03-30 20:21:39.360   364-374   HWComposer              surfaceflinger                       W  Ignoring duplicate VSYNC event from HWC (t=0)
2026-03-30 20:21:39.362 12086-12200 [RadioEngine]           com.reedersystems.commandcomms       D  Dropping RX frame for other channel packetChannel=0 local=TESTING__TESTING 1
2026-03-30 20:21:39.363 12086-12200 [UdpTransport]          com.reedersystems.commandcomms       D  OPUS_RX_FRAME_RECEIVED seq=463 sender=ADMIN payload=128
2026-03-30 20:21:39.364 12086-12200 [RadioEngine]           com.reedersystems.commandcomms       D  Dropping RX frame for other channel packetChannel=0 local=TESTING__TESTING 1
2026-03-30 20:21:39.364 12086-12200 [UdpTransport]          com.reedersystems.commandcomms       D  OPUS_RX_FRAME_RECEIVED seq=464 sender=ADMIN payload=134
2026-03-30 20:21:39.366 12086-12200 [RadioEngine]           com.reedersystems.commandcomms       D  Dropping RX frame for other channel packetChannel=0 local=TESTING__TESTING 1
2026-03-30 20:21:39.367 12086-12200 [UdpTransport]          com.reedersystems.commandcomms       D  OPUS_RX_FRAME_RECEIVED seq=465 sender=ADMIN payload=125
2026-03-30 20:21:39.383   364-374   HWComposer              surfaceflinger                       W  Ignoring duplicate VSYNC event from HWC (t=0)
2026-03-30 20:21:39.387 12086-12200 [RadioEngine]           com.reedersystems.commandcomms       D  Dropping RX frame for other channel packetChannel=0 local=TESTING__TESTING 1
2026-03-30 20:21:39.388 12086-12200 [UdpTransport]          com.reedersystems.commandcomms       D  OPUS_RX_FRAME_RECEIVED seq=466 sender=ADMIN payload=129
2026-03-30 20:21:39.389 12086-12200 [RadioEngine]           com.reedersystems.commandcomms       D  Dropping RX frame for other channel packetChannel=0 local=TESTING__TESTING 1
2026-03-30 20:21:39.389 12086-12200 [UdpTransport]          com.reedersystems.commandcomms       D  OPUS_RX_FRAME_RECEIVED seq=467 sender=ADMIN payload=125
2026-03-30 20:21:39.391 12086-12200 [RadioEngine]           com.reedersystems.commandcomms       D  Dropping RX frame for other channel packetChannel=0 local=TESTING__TESTING 1
2026-03-30 20:21:39.392 12086-12200 [UdpTransport]          com.reedersystems.commandcomms       D  OPUS_RX_FRAME_RECEIVED seq=468 sender=ADMIN payload=128
2026-03-30 20:21:39.403   355-355   NxpHal                  vendor.nxp.nxpnfc@1.0-service        D  PN54X Reset - SUCCESS
2026-03-30 20:21:39.404   355-355   NxpHal                  vendor.nxp.nxpnfc@1.0-service        D  phNxpNciHal_write failed for hal ext
2026-03-30 20:21:39.404   355-355   NxpHal                  vendor.nxp.nxpnfc@1.0-service        E  NFCC not coming out from Standby
2026-03-30 20:21:39.404   355-355   NxpHal                  vendor.nxp.nxpnfc@1.0-service        E  Trying Force FW download
2026-03-30 20:21:39.404 25998-25998 gle.vp8.encoder         media.codec                          W  type=1400 audit(0.0:264176): avc: denied { getattr } for path="/dev/sw_sync" dev="tmpfs" ino=236 scontext=u:r:mediacodec:s0 tcontext=u:object_r:sw_sync_device:s0 tclass=chr_file permissive=0
2026-03-30 20:21:39.404   355-355   NxpHal                  vendor.nxp.nxpnfc@1.0-service        D  Found Valid Firmware Type
2026-03-30 20:21:39.404   355-355   NxpExtns                vendor.nxp.nxpnfc@1.0-service        D  find found NXP_SYS_CLK_SRC_SEL=(0x2)
2026-03-30 20:21:39.404   355-355   NxpExtns                vendor.nxp.nxpnfc@1.0-service        D  find found NXP_SYS_CLK_FREQ_SEL=(0x4)
2026-03-30 20:21:39.404   355-355   NxpExtns                vendor.nxp.nxpnfc@1.0-service        D  find found NXP_SYS_CLOCK_TO_CFG=(0x1)
2026-03-30 20:21:39.404   355-355   NxpFwDnld               vendor.nxp.nxpnfc@1.0-service        D  gphNxpNciHal_fw_IoctlCtx.bClkSrcVal = 0x2
2026-03-30 20:21:39.404   355-355   NxpFwDnld               vendor.nxp.nxpnfc@1.0-service        D  gphNxpNciHal_fw_IoctlCtx.bClkFreqVal = 0x4
2026-03-30 20:21:39.404   355-355   NxpFwDnld               vendor.nxp.nxpnfc@1.0-service        D  gphNxpNciHal_fw_IoctlCtx.bClkFreqVal = 0x1
2026-03-30 20:21:39.404   355-355   NxpTml                  vendor.nxp.nxpnfc@1.0-service        D  phTmlNfc_i2c_reset(), VEN level 2
2026-03-30 20:21:39.410   364-374   HWComposer              surfaceflinger                       W  Ignoring duplicate VSYNC event from HWC (t=0)
2026-03-30 20:21:39.420 12086-12200 [RadioEngine]           com.reedersystems.commandcomms       D  Dropping RX frame for other channel packetChannel=0 local=TESTING__TESTING 1
2026-03-30 20:21:39.420 12086-12200 [UdpTransport]          com.reedersystems.commandcomms       D  OPUS_RX_FRAME_RECEIVED seq=469 sender=ADMIN payload=127
2026-03-30 20:21:39.421 12086-12200 [RadioEngine]           com.reedersystems.commandcomms       D  Dropping RX frame for other channel packetChannel=0 local=TESTING__TESTING 1
2026-03-30 20:21:39.422 12086-12200 [UdpTransport]          com.reedersystems.commandcomms       D  OPUS_RX_FRAME_RECEIVED seq=470 sender=ADMIN payload=121
2026-03-30 20:21:39.428 12086-12200 [RadioEngine]           com.reedersystems.commandcomms       D  Dropping RX frame for other channel packetChannel=0 local=TESTING__TESTING 1
2026-03-30 20:21:39.429 12086-12200 [UdpTransport]          com.reedersystems.commandcomms       D  OPUS_RX_FRAME_RECEIVED seq=471 sender=ADMIN payload=133
2026-03-30 20:21:39.430   364-374   HWComposer              surfaceflinger                       W  Ignoring duplicate VSYNC event from HWC (t=0)
2026-03-30 20:21:39.453   364-374   HWComposer              surfaceflinger                       W  Ignoring duplicate VSYNC event from HWC (t=0)
2026-03-30 20:21:39.469 12086-12200 [RadioEngine]           com.reedersystems.commandcomms       D  Dropping RX frame for other channel packetChannel=0 local=TESTING__TESTING 1
2026-03-30 20:21:39.469 12086-12200 [UdpTransport]          com.reedersystems.commandcomms       D  OPUS_RX_FRAME_RECEIVED seq=472 sender=ADMIN payload=137
2026-03-30 20:21:39.471 12086-12200 [RadioEngine]           com.reedersystems.commandcomms       D  Dropping RX frame for other channel packetChannel=0 local=TESTING__TESTING 1
2026-03-30 20:21:39.472 12086-12200 [UdpTransport]          com.reedersystems.commandcomms       D  OPUS_RX_FRAME_RECEIVED seq=473 sender=ADMIN payload=133
2026-03-30 20:21:39.477   364-374   HWComposer              surfaceflinger                       W  Ignoring duplicate VSYNC event from HWC (t=0)
2026-03-30 20:21:39.495 12086-12200 [RadioEngine]           com.reedersystems.commandcomms       D  Dropping RX frame for other channel packetChannel=0 local=TESTING__TESTING 1
2026-03-30 20:21:39.495 12086-12200 [UdpTransport]          com.reedersystems.commandcomms       D  OPUS_RX_FRAME_RECEIVED seq=474 sender=ADMIN payload=116
2026-03-30 20:21:39.500   364-374   HWComposer              surfaceflinger                       W  Ignoring duplicate VSYNC event from HWC (t=0)
2026-03-30 20:21:39.504 25998-25998 gle.vp8.encoder         media.codec                          W  type=1400 audit(0.0:264177): avc: denied { getattr } for path="/dev/sw_sync" dev="tmpfs" ino=236 scontext=u:r:mediacodec:s0 tcontext=u:object_r:sw_sync_device:s0 tclass=chr_file permissive=0
2026-03-30 20:21:39.524   364-374   HWComposer              surfaceflinger                       W  Ignoring duplicate VSYNC event from HWC (t=0)
2026-03-30 20:21:39.528 12086-12200 [RadioEngine]           com.reedersystems.commandcomms       D  Dropping RX frame for other channel packetChannel=0 local=TESTING__TESTING 1
2026-03-30 20:21:39.529 12086-12200 [UdpTransport]          com.reedersystems.commandcomms       D  OPUS_RX_FRAME_RECEIVED seq=475 sender=ADMIN payload=118
2026-03-30 20:21:39.547   364-374   HWComposer              surfaceflinger                       W  Ignoring duplicate VSYNC event from HWC (t=0)
2026-03-30 20:21:39.563 12086-12200 [RadioEngine]           com.reedersystems.commandcomms       D  Dropping RX frame for other channel packetChannel=0 local=TESTING__TESTING 1
2026-03-30 20:21:39.563 12086-12200 [UdpTransport]          com.reedersystems.commandcomms       D  OPUS_RX_FRAME_RECEIVED seq=476 sender=ADMIN payload=120
2026-03-30 20:21:39.567 12086-12200 [RadioEngine]           com.reedersystems.commandcomms       D  Dropping RX frame for other channel packetChannel=0 local=TESTING__TESTING 1
2026-03-30 20:21:39.568 12086-12200 [UdpTransport]          com.reedersystems.commandcomms       D  OPUS_RX_FRAME_RECEIVED seq=477 sender=ADMIN payload=118
2026-03-30 20:21:39.570   364-374   HWComposer              surfaceflinger                       W  Ignoring duplicate VSYNC event from HWC (t=0)
2026-03-30 20:21:39.583 12086-12200 [RadioEngine]           com.reedersystems.commandcomms       D  Dropping RX frame for other channel packetChannel=0 local=TESTING__TESTING 1
2026-03-30 20:21:39.583   355-355   NxpFwDnld               vendor.nxp.nxpnfc@1.0-service        D  Allocating Mem for Dnld Context..
2026-03-30 20:21:39.584   355-355   NxpHal                  vendor.nxp.nxpnfc@1.0-service        D  Calling Seq handler for FW Download 
2026-03-30 20:21:39.584   355-355   NxpExtns                vendor.nxp.nxpnfc@1.0-service        D  find found NXP_FW_NAME=libpn553_fw.so
2026-03-30 20:21:39.585   355-355   NxpFwDnld               vendor.nxp.nxpnfc@1.0-service        D  @@@/system/vendor/firmware/libpn553_fw.so
2026-03-30 20:21:39.585   355-355   NxpFwDnld               vendor.nxp.nxpnfc@1.0-service        E  FW Image Length - ImageInfoLen 34358
2026-03-30 20:21:39.585   355-355   NxpFwDnld               vendor.nxp.nxpnfc@1.0-service        E  FW Image Info Pointer - pImageInfo 0xa95762d0
2026-03-30 20:21:39.585   355-355   NxpFwDnld               vendor.nxp.nxpnfc@1.0-service        E  FW Major Version Num - 1
2026-03-30 20:21:39.585   355-355   NxpFwDnld               vendor.nxp.nxpnfc@1.0-service        E  FW Minor Version Num - 16
2026-03-30 20:21:39.585   355-355   NxpFwDnld               vendor.nxp.nxpnfc@1.0-service        E  FW Image Length - 34358
2026-03-30 20:21:39.585   355-355   NxpFwDnld               vendor.nxp.nxpnfc@1.0-service        E  FW Image Info Pointer - 0xa95762d0
2026-03-30 20:21:39.585   355-355   NxpFwDnld               vendor.nxp.nxpnfc@1.0-service        D  phDnldNfc_InitImgInfo:SUCCESS
2026-03-30 20:21:39.585   355-355   NxpFwDnld               vendor.nxp.nxpnfc@1.0-service        D  Processing R/W Sequence..
2026-03-30 20:21:39.586   355-355   NxpFwDnld               vendor.nxp.nxpnfc@1.0-service        D  Response Timer Created Successfully
2026-03-30 20:21:39.586   355-355   NxpFwDnld               vendor.nxp.nxpnfc@1.0-service        D  Inserting FrameId ..
2026-03-30 20:21:39.586   355-355   NxpFwDnld               vendor.nxp.nxpnfc@1.0-service        D  Frame created successfully
2026-03-30 20:21:39.586   355-355   NxpFwDnld               vendor.nxp.nxpnfc@1.0-service        D  Force Command Request submitted successfully
2026-03-30 20:21:39.586   355-1634  NxpTml                  vendor.nxp.nxpnfc@1.0-service        D  PN54X - Write requested.....
2026-03-30 20:21:39.586   355-1634  NxpTml                  vendor.nxp.nxpnfc@1.0-service        D  PN54X - Invoking I2C Write.....
2026-03-30 20:21:39.583 12086-12200 [UdpTransport]          com.reedersystems.commandcomms       D  OPUS_RX_FRAME_RECEIVED seq=478 sender=ADMIN payload=124
2026-03-30 20:21:39.594   364-374   HWComposer              surfaceflinger                       W  Ignoring duplicate VSYNC event from HWC (t=0)
2026-03-30 20:21:39.606   355-1634  NxpTml                  vendor.nxp.nxpnfc@1.0-service        E  _i2c_write() errno : 5
