2026-03-20 19:35:50.091   366-403   HWComposer              surfaceflinger                       W  Ignoring duplicate VSYNC event from HWC (t=0)
2026-03-20 19:35:50.099   356-1664  NxpTml                  vendor.nxp.nxpnfc@1.0-service        D  PN54X - Write requested.....
2026-03-20 19:35:50.099   356-1664  NxpTml                  vendor.nxp.nxpnfc@1.0-service        D  PN54X - Invoking I2C Write.....
2026-03-20 19:35:50.114   366-403   HWComposer              surfaceflinger                       W  Ignoring duplicate VSYNC event from HWC (t=0)
2026-03-20 19:35:50.118   356-1664  NxpTml                  vendor.nxp.nxpnfc@1.0-service        E  _i2c_write() errno : 5
2026-03-20 19:35:50.118   356-1664  NxpTml                  vendor.nxp.nxpnfc@1.0-service        E  PN54X - Error in I2C Write.....
2026-03-20 19:35:50.118   356-1664  NxpTml                  vendor.nxp.nxpnfc@1.0-service        D  PN54X - Posting Fresh Write message.....
2026-03-20 19:35:50.119   356-1664  NxpTml                  vendor.nxp.nxpnfc@1.0-service        D  PN54X - Tml Writer Thread Running................
2026-03-20 19:35:50.119   356-1666  NxpHal                  vendor.nxp.nxpnfc@1.0-service        E  write error status = 0x1ff
2026-03-20 19:35:50.119   356-356   NxpHal                  vendor.nxp.nxpnfc@1.0-service        E  write_unlocked failed - PN54X Maybe in Standby Mode - Retry
2026-03-20 19:35:50.129   356-1664  NxpTml                  vendor.nxp.nxpnfc@1.0-service        D  PN54X - Write requested.....
2026-03-20 19:35:50.129   356-1664  NxpTml                  vendor.nxp.nxpnfc@1.0-service        D  PN54X - Invoking I2C Write.....
2026-03-20 19:35:50.138   366-403   HWComposer              surfaceflinger                       W  Ignoring duplicate VSYNC event from HWC (t=0)
2026-03-20 19:35:50.148   356-1664  NxpTml                  vendor.nxp.nxpnfc@1.0-service        E  _i2c_write() errno : 5
2026-03-20 19:35:50.148   356-1664  NxpTml                  vendor.nxp.nxpnfc@1.0-service        E  PN54X - Error in I2C Write.....
2026-03-20 19:35:50.149   356-1664  NxpTml                  vendor.nxp.nxpnfc@1.0-service        D  PN54X - Posting Fresh Write message.....
2026-03-20 19:35:50.149   356-1664  NxpTml                  vendor.nxp.nxpnfc@1.0-service        D  PN54X - Tml Writer Thread Running................
2026-03-20 19:35:50.149   356-1666  NxpHal                  vendor.nxp.nxpnfc@1.0-service        E  write error status = 0x1ff
2026-03-20 19:35:50.149   356-356   NxpHal                  vendor.nxp.nxpnfc@1.0-service        E  write_unlocked failed - PN54X Maybe in Standby Mode - Retry
2026-03-20 19:35:50.159   356-1664  NxpTml                  vendor.nxp.nxpnfc@1.0-service        D  PN54X - Write requested.....
2026-03-20 19:35:50.159   356-1664  NxpTml                  vendor.nxp.nxpnfc@1.0-service        D  PN54X - Invoking I2C Write.....
2026-03-20 19:35:50.161   366-403   HWComposer              surfaceflinger                       W  Ignoring duplicate VSYNC event from HWC (t=0)
2026-03-20 19:35:50.178   356-1664  NxpTml                  vendor.nxp.nxpnfc@1.0-service        E  _i2c_write() errno : 5
2026-03-20 19:35:50.178   356-1664  NxpTml                  vendor.nxp.nxpnfc@1.0-service        E  PN54X - Error in I2C Write.....
2026-03-20 19:35:50.179   356-1664  NxpTml                  vendor.nxp.nxpnfc@1.0-service        D  PN54X - Posting Fresh Write message.....
2026-03-20 19:35:50.179   356-1664  NxpTml                  vendor.nxp.nxpnfc@1.0-service        D  PN54X - Tml Writer Thread Running................
2026-03-20 19:35:50.179   356-1666  NxpHal                  vendor.nxp.nxpnfc@1.0-service        E  write error status = 0x1ff
2026-03-20 19:35:50.179   356-356   NxpHal                  vendor.nxp.nxpnfc@1.0-service        E  write_unlocked failed - PN54X Maybe in Standby Mode - Retry
2026-03-20 19:35:50.184   366-403   HWComposer              surfaceflinger                       W  Ignoring duplicate VSYNC event from HWC (t=0)
2026-03-20 19:35:50.189   356-1664  NxpTml                  vendor.nxp.nxpnfc@1.0-service        D  PN54X - Write requested.....
2026-03-20 19:35:50.189   356-1664  NxpTml                  vendor.nxp.nxpnfc@1.0-service        D  PN54X - Invoking I2C Write.....
2026-03-20 19:35:50.208   366-403   HWComposer              surfaceflinger                       W  Ignoring duplicate VSYNC event from HWC (t=0)
2026-03-20 19:35:50.209   356-1664  NxpTml                  vendor.nxp.nxpnfc@1.0-service        E  _i2c_write() errno : 5
2026-03-20 19:35:50.209   356-1664  NxpTml                  vendor.nxp.nxpnfc@1.0-service        E  PN54X - Error in I2C Write.....
2026-03-20 19:35:50.209   356-1664  NxpTml                  vendor.nxp.nxpnfc@1.0-service        D  PN54X - Posting Fresh Write message.....
2026-03-20 19:35:50.209   356-1666  NxpHal                  vendor.nxp.nxpnfc@1.0-service        E  write error status = 0x1ff
2026-03-20 19:35:50.209   356-356   NxpHal                  vendor.nxp.nxpnfc@1.0-service        E  write_unlocked failed - PN54X Maybe in Standby Mode - Retry
2026-03-20 19:35:50.209   356-1664  NxpTml                  vendor.nxp.nxpnfc@1.0-service        D  PN54X - Tml Writer Thread Running................
2026-03-20 19:35:50.219   356-1664  NxpTml                  vendor.nxp.nxpnfc@1.0-service        D  PN54X - Write requested.....
2026-03-20 19:35:50.219   356-1664  NxpTml                  vendor.nxp.nxpnfc@1.0-service        D  PN54X - Invoking I2C Write.....
2026-03-20 19:35:50.231   366-403   HWComposer              surfaceflinger                       W  Ignoring duplicate VSYNC event from HWC (t=0)
2026-03-20 19:35:50.238   356-1664  NxpTml                  vendor.nxp.nxpnfc@1.0-service        E  _i2c_write() errno : 5
2026-03-20 19:35:50.238   356-1664  NxpTml                  vendor.nxp.nxpnfc@1.0-service        E  PN54X - Error in I2C Write.....
2026-03-20 19:35:50.239   356-1664  NxpTml                  vendor.nxp.nxpnfc@1.0-service        D  PN54X - Posting Fresh Write message.....
2026-03-20 19:35:50.239   356-1664  NxpTml                  vendor.nxp.nxpnfc@1.0-service        D  PN54X - Tml Writer Thread Running................
2026-03-20 19:35:50.239   356-1666  NxpHal                  vendor.nxp.nxpnfc@1.0-service        E  write error status = 0x1ff
2026-03-20 19:35:50.239   356-356   NxpHal                  vendor.nxp.nxpnfc@1.0-service        E  write_unlocked failed - PN54X Maybe in Standby Mode (max count = 0x6)
2026-03-20 19:35:50.239   356-356   NxpTml                  vendor.nxp.nxpnfc@1.0-service        D  phTmlNfc_i2c_reset(), VEN level 0
2026-03-20 19:35:50.254   366-403   HWComposer              surfaceflinger                       W  Ignoring duplicate VSYNC event from HWC (t=0)
2026-03-20 19:35:50.278   366-403   HWComposer              surfaceflinger                       W  Ignoring duplicate VSYNC event from HWC (t=0)
2026-03-20 19:35:50.301   356-356   NxpTml                  vendor.nxp.nxpnfc@1.0-service        D  phTmlNfc_i2c_reset(), VEN level 1
2026-03-20 19:35:50.301   366-403   HWComposer              surfaceflinger                       W  Ignoring duplicate VSYNC event from HWC (t=0)
2026-03-20 19:35:50.371   366-403   chatty                  surfaceflinger                       I  uid=1000(system) HwBinder:366_1 identical 3 lines
2026-03-20 19:35:50.394   366-403   HWComposer              surfaceflinger                       W  Ignoring duplicate VSYNC event from HWC (t=0)
2026-03-20 19:35:50.414   356-356   NxpHal                  vendor.nxp.nxpnfc@1.0-service        D  PN54X Reset - SUCCESS
2026-03-20 19:35:50.414   356-356   NxpHal                  vendor.nxp.nxpnfc@1.0-service        D  phNxpNciHal_write failed for hal ext
2026-03-20 19:35:50.414   356-356   NxpHal                  vendor.nxp.nxpnfc@1.0-service        E  NFCC not coming out from Standby
2026-03-20 19:35:50.414   356-356   NxpHal                  vendor.nxp.nxpnfc@1.0-service        E  Trying Force FW download
2026-03-20 19:35:50.414   356-356   NxpHal                  vendor.nxp.nxpnfc@1.0-service        D  Found Valid Firmware Type
2026-03-20 19:35:50.414   356-356   NxpExtns                vendor.nxp.nxpnfc@1.0-service        D  find found NXP_SYS_CLK_SRC_SEL=(0x2)
2026-03-20 19:35:50.415   356-356   NxpExtns                vendor.nxp.nxpnfc@1.0-service        D  find found NXP_SYS_CLK_FREQ_SEL=(0x4)
2026-03-20 19:35:50.415   356-356   NxpExtns                vendor.nxp.nxpnfc@1.0-service        D  find found NXP_SYS_CLOCK_TO_CFG=(0x1)
2026-03-20 19:35:50.415   356-356   NxpFwDnld               vendor.nxp.nxpnfc@1.0-service        D  gphNxpNciHal_fw_IoctlCtx.bClkSrcVal = 0x2
2026-03-20 19:35:50.415   356-356   NxpFwDnld               vendor.nxp.nxpnfc@1.0-service        D  gphNxpNciHal_fw_IoctlCtx.bClkFreqVal = 0x4
2026-03-20 19:35:50.415   356-356   NxpFwDnld               vendor.nxp.nxpnfc@1.0-service        D  gphNxpNciHal_fw_IoctlCtx.bClkFreqVal = 0x1
2026-03-20 19:35:50.415   356-356   NxpTml                  vendor.nxp.nxpnfc@1.0-service        D  phTmlNfc_i2c_reset(), VEN level 2
2026-03-20 19:35:50.418   366-403   HWComposer              surfaceflinger                       W  Ignoring duplicate VSYNC event from HWC (t=0)
2026-03-20 19:35:50.441   366-403   chatty                  surfaceflinger                       I  uid=1000(system) HwBinder:366_1 identical 1 line
2026-03-20 19:35:50.464   366-403   HWComposer              surfaceflinger                       W  Ignoring duplicate VSYNC event from HWC (t=0)
2026-03-20 19:35:50.475   736-958   WifiStateMachine        system_server                        D   MtkL2ConnectedState { when=-3ms what=131155 arg1=86 target=com.android.internal.util.StateMachine$SmHandler } 86 0, mShouldDeferDisableWifi = false, mState = MONITORING
2026-03-20 19:35:50.488   366-403   HWComposer              surfaceflinger                       W  Ignoring duplicate VSYNC event from HWC (t=0)
2026-03-20 19:35:50.558   366-403   chatty                  surfaceflinger                       I  uid=1000(system) HwBinder:366_1 identical 3 lines
2026-03-20 19:35:50.581   366-403   HWComposer              surfaceflinger                       W  Ignoring duplicate VSYNC event from HWC (t=0)
2026-03-20 19:35:50.594   356-356   NxpFwDnld               vendor.nxp.nxpnfc@1.0-service        D  Allocating Mem for Dnld Context..
2026-03-20 19:35:50.595   356-356   NxpHal                  vendor.nxp.nxpnfc@1.0-service        D  Calling Seq handler for FW Download 
2026-03-20 19:35:50.595   356-356   NxpExtns                vendor.nxp.nxpnfc@1.0-service        D  find found NXP_FW_NAME=libpn553_fw.so
2026-03-20 19:35:50.595   356-356   NxpFwDnld               vendor.nxp.nxpnfc@1.0-service        D  @@@/system/vendor/firmware/libpn553_fw.so
2026-03-20 19:35:50.595   356-356   NxpFwDnld               vendor.nxp.nxpnfc@1.0-service        E  FW Image Length - ImageInfoLen 34358
2026-03-20 19:35:50.595   356-356   NxpFwDnld               vendor.nxp.nxpnfc@1.0-service        E  FW Image Info Pointer - pImageInfo 0xb415e2d0
2026-03-20 19:35:50.595   356-356   NxpFwDnld               vendor.nxp.nxpnfc@1.0-service        E  FW Major Version Num - 1
2026-03-20 19:35:50.595   356-356   NxpFwDnld               vendor.nxp.nxpnfc@1.0-service        E  FW Minor Version Num - 16
2026-03-20 19:35:50.596   356-356   NxpFwDnld               vendor.nxp.nxpnfc@1.0-service        E  FW Image Length - 34358
2026-03-20 19:35:50.596   356-356   NxpFwDnld               vendor.nxp.nxpnfc@1.0-service        E  FW Image Info Pointer - 0xb415e2d0
2026-03-20 19:35:50.596   356-356   NxpFwDnld               vendor.nxp.nxpnfc@1.0-service        D  phDnldNfc_InitImgInfo:SUCCESS
2026-03-20 19:35:50.596   356-356   NxpFwDnld               vendor.nxp.nxpnfc@1.0-service        D  Processing R/W Sequence..
2026-03-20 19:35:50.596   356-356   NxpFwDnld               vendor.nxp.nxpnfc@1.0-service        D  Response Timer Created Successfully
2026-03-20 19:35:50.596   356-356   NxpFwDnld               vendor.nxp.nxpnfc@1.0-service        D  Inserting FrameId ..
2026-03-20 19:35:50.596   356-356   NxpFwDnld               vendor.nxp.nxpnfc@1.0-service        D  Frame created successfully
2026-03-20 19:35:50.596   356-356   NxpFwDnld               vendor.nxp.nxpnfc@1.0-service        D  Force Command Request submitted successfully
2026-03-20 19:35:50.596   356-1664  NxpTml                  vendor.nxp.nxpnfc@1.0-service        D  PN54X - Write requested.....
2026-03-20 19:35:50.596   356-1664  NxpTml                  vendor.nxp.nxpnfc@1.0-service        D  PN54X - Invoking I2C Write.....
2026-03-20 19:35:50.604   366-403   HWComposer              surfaceflinger                       W  Ignoring duplicate VSYNC event from HWC (t=0)
2026-03-20 19:35:50.613   380-30752 MPE                     mnld                                 D  mtk_gps_mnl_trigger_mpe: mpemsg len=24
2026-03-20 19:35:50.613   380-30752 MPE                     mnld                                 D  mtk_gps_mnl_trigger_mpe: MPE not enable
2026-03-20 19:35:50.615   356-1664  NxpTml                  vendor.nxp.nxpnfc@1.0-service        E  _i2c_write() errno : 5
2026-03-20 19:35:50.615   356-1664  NxpHal                  vendor.nxp.nxpnfc@1.0-service        E  PN54X - Error in I2C Write  - Retry 0x1
2026-03-20 19:35:50.626   356-1664  NxpTml                  vendor.nxp.nxpnfc@1.0-service        D  PN54X - Invoking I2C Write.....
2026-03-20 19:35:50.628   366-403   HWComposer              surfaceflinger                       W  Ignoring duplicate VSYNC event from HWC (t=0)
2026-03-20 19:35:50.631   380-30752 MPE                     mnld                                 D  mtk_gps_mnl_trigger_mpe: mpemsg len=24
2026-03-20 19:35:50.631   380-30752 MPE                     mnld                                 D  mtk_gps_mnl_trigger_mpe: MPE not enable
2026-03-20 19:35:50.633   414-434   agps                    mtk_agpsd                            D  [agps][n][AGPS] [MNL] write  pmtk  [$PMTK680,1,FFFFF605*78
                                                                                                     ]
2026-03-20 19:35:50.633   380-30752 pseudo                  mnld                                 D  mtk_gps_sys_nmea_output_to_mnld: received 1044 bytes:
2026-03-20 19:35:50.635   380-30752 pseudo                  mnld                                 D  mtk_gps_sys_nmea_output_to_app: len:1044, [NMEA]$GNGGA,233551.00...
2026-03-20 19:35:50.635   380-509   MNLD                    mnld                                 D  mnld_main_thread: main_event_hdlr msg
2026-03-20 19:35:50.635   380-30752 gps_controlller         mnld                                 D  mtk_gps_sys_gps_mnl_callback: msg:0
2026-03-20 19:35:50.635   380-30752 gps_controlller         mnld                                 D  send_active_notify: send clean nmea timer cmd!
2026-03-20 19:35:50.635   380-509   MNLD                    mnld                                 W  main_event_hdlr: GPS2MAIN_EVENT_UPDATE_LOCATION  lat=39.926150 lng=-75.140762 acc=2.000000
2026-03-20 19:35:50.635   380-509   MNLD                    mnld                                 D  main_event_hdlr: wait_first_location=0
2026-03-20 19:35:50.635   380-30752 gps_controlller         mnld                                 D  mtk_gps_sys_gps_mnl_callback: MTK_GPS_MSG_FIX_READY,GET_RTC_FAIL
2026-03-20 19:35:50.635   380-499   gps_controlller         mnld                                 D  gps_control_thread: gps_control_thread wait
2026-03-20 19:35:50.635   380-509   MNLD                    mnld                                 D  main_event_hdlr: location_sync done
2026-03-20 19:35:50.635   380-30752 pseudo                  mnld                                 D  mtk_gps_sys_nmea_output_to_app: len:46, [vAGPS_Auto_Req]:g_FirstDbtt:0,u2BitMap:0x100
2026-03-20 19:35:50.637   414-434   agps                    mtk_agpsd                            D  Xed[V_8;|(7C0x)+x\HWcp=;h[Zi=R7&%D`L;2$5=8=-2LG1C`L-5q0,''+('&%pL:5d*$,#%$'-(rA$&`/rA-@q.yu !!#    yiSBDG5(b.yO5AFp.qN:<m-pS83ABAo-y
2026-03-20 19:35:50.643   736-857   LocationManagerService  system_server                        D  incoming location from: gps
2026-03-20 19:35:50.644   736-857   LocationManagerService  system_server                        D  incoming location from: gps
2026-03-20 19:35:50.645   356-1664  NxpTml                  vendor.nxp.nxpnfc@1.0-service        E  _i2c_write() errno : 5
2026-03-20 19:35:50.645   356-1664  NxpHal                  vendor.nxp.nxpnfc@1.0-service        E  PN54X - Error in I2C Write  - Retry 0x2
2026-03-20 19:35:50.651   366-403   HWComposer              surfaceflinger                       W  Ignoring duplicate VSYNC event from HWC (t=0)
2026-03-20 19:35:50.656   356-1664  NxpTml                  vendor.nxp.nxpnfc@1.0-service        D  PN54X - Invoking I2C Write.....
2026-03-20 19:35:50.674   366-403   HWComposer              surfaceflinger                       W  Ignoring duplicate VSYNC event from HWC (t=0)
2026-03-20 19:35:50.676   356-1664  NxpTml                  vendor.nxp.nxpnfc@1.0-service        E  _i2c_write() errno : 5
2026-03-20 19:35:50.676   356-1664  NxpHal                  vendor.nxp.nxpnfc@1.0-service        E  PN54X - Error in I2C Write  - Retry 0x3
2026-03-20 19:35:50.686   356-1664  NxpTml                  vendor.nxp.nxpnfc@1.0-service        D  PN54X - Invoking I2C Write.....
2026-03-20 19:35:50.698   366-403   HWComposer              surfaceflinger                       W  Ignoring duplicate VSYNC event from HWC (t=0)
2026-03-20 19:35:50.705   356-1664  NxpTml                  vendor.nxp.nxpnfc@1.0-service        E  _i2c_write() errno : 5
2026-03-20 19:35:50.705   356-1664  NxpTml                  vendor.nxp.nxpnfc@1.0-service        E  PN54X - Error in I2C Write.....
2026-03-20 19:35:50.705   356-1664  NxpTml                  vendor.nxp.nxpnfc@1.0-service        D  PN54X - Posting Fresh Write message.....
2026-03-20 19:35:50.706   356-1664  NxpTml                  vendor.nxp.nxpnfc@1.0-service        D  PN54X - Tml Writer Thread Running................
2026-03-20 19:35:50.706   356-1666  NxpFwDnld               vendor.nxp.nxpnfc@1.0-service        E  Tml Write error!!
2026-03-20 19:35:50.706   356-1666  NxpFwDnld               vendor.nxp.nxpnfc@1.0-service        E  phNxpNciHal_fw_dnld_normal_cb - Request Failed!!
2026-03-20 19:35:50.706   356-356   NxpFwDnld               vendor.nxp.nxpnfc@1.0-service        D  Processing R/W Sequence..
2026-03-20 19:35:50.707   356-356   NxpFwDnld               vendor.nxp.nxpnfc@1.0-service        D  Response Timer Created Successfully
2026-03-20 19:35:50.707   356-356   NxpFwDnld               vendor.nxp.nxpnfc@1.0-service        D  Inserting FrameId ..
2026-03-20 19:35:50.707   356-356   NxpFwDnld               vendor.nxp.nxpnfc@1.0-service        D  Frame created successfully
2026-03-20 19:35:50.707   356-356   NxpFwDnld               vendor.nxp.nxpnfc@1.0-service        D  Force Command Request submitted successfully
2026-03-20 19:35:50.707   356-1664  NxpTml                  vendor.nxp.nxpnfc@1.0-service        D  PN54X - Write requested.....
2026-03-20 19:35:50.707   356-1664  NxpTml                  vendor.nxp.nxpnfc@1.0-service        D  PN54X - Invoking I2C Write.....
2026-03-20 19:35:50.721   366-403   HWComposer              surfaceflinger                       W  Ignoring duplicate VSYNC event from HWC (t=0)
2026-03-20 19:35:50.725   356-1664  NxpTml                  vendor.nxp.nxpnfc@1.0-service        E  _i2c_write() errno : 5
2026-03-20 19:35:50.725   356-1664  NxpHal                  vendor.nxp.nxpnfc@1.0-service        E  PN54X - Error in I2C Write  - Retry 0x1
2026-03-20 19:35:50.735   356-1664  NxpTml                  vendor.nxp.nxpnfc@1.0-service        D  PN54X - Invoking I2C Write.....
2026-03-20 19:35:50.744   366-403   HWComposer              surfaceflinger                       W  Ignoring duplicate VSYNC event from HWC (t=0)
2026-03-20 19:35:50.755   356-1664  NxpTml                  vendor.nxp.nxpnfc@1.0-service        E  _i2c_write() errno : 5
2026-03-20 19:35:50.755   356-1664  NxpHal                  vendor.nxp.nxpnfc@1.0-service        E  PN54X - Error in I2C Write  - Retry 0x2
2026-03-20 19:35:50.765   356-1664  NxpTml                  vendor.nxp.nxpnfc@1.0-service        D  PN54X - Invoking I2C Write.....
2026-03-20 19:35:50.768   366-403   HWComposer              surfaceflinger                       W  Ignoring duplicate VSYNC event from HWC (t=0)
2026-03-20 19:35:50.779   411-411   thermal_repeater        thermal                              I  [recvMdThermalInfo] ret=34, strLen=127,  3, 47, -127, 25232, 32767, -28551
2026-03-20 19:35:50.785   356-1664  NxpTml                  vendor.nxp.nxpnfc@1.0-service        E  _i2c_write() errno : 5
2026-03-20 19:35:50.785   356-1664  NxpHal                  vendor.nxp.nxpnfc@1.0-service        E  PN54X - Error in I2C Write  - Retry 0x3
2026-03-20 19:35:50.791   366-403   HWComposer              surfaceflinger                       W  Ignoring duplicate VSYNC event from HWC (t=0)
2026-03-20 19:35:50.795   356-1664  NxpTml                  vendor.nxp.nxpnfc@1.0-service        D  PN54X - Invoking I2C Write.....
2026-03-20 19:35:50.814   366-403   HWComposer              surfaceflinger                       W  Ignoring duplicate VSYNC event from HWC (t=0)
2026-03-20 19:35:50.815   356-1664  NxpTml                  vendor.nxp.nxpnfc@1.0-service        E  _i2c_write() errno : 5
2026-03-20 19:35:50.815   356-1664  NxpTml                  vendor.nxp.nxpnfc@1.0-service        E  PN54X - Error in I2C Write.....
2026-03-20 19:35:50.815   356-1664  NxpTml                  vendor.nxp.nxpnfc@1.0-service        D  PN54X - Posting Fresh Write message.....
2026-03-20 19:35:50.815   356-1664  NxpTml                  vendor.nxp.nxpnfc@1.0-service        D  PN54X - Tml Writer Thread Running................
2026-03-20 19:35:50.815   356-1666  NxpFwDnld               vendor.nxp.nxpnfc@1.0-service        E  Tml Write error!!
2026-03-20 19:35:50.816   356-1666  NxpFwDnld               vendor.nxp.nxpnfc@1.0-service        E  phNxpNciHal_fw_dnld_normal_cb - Request Failed!!
2026-03-20 19:35:50.816   356-356   NxpFwDnld               vendor.nxp.nxpnfc@1.0-service        D  Processing Normal Sequence..
2026-03-20 19:35:50.816   356-356   NxpFwDnld               vendor.nxp.nxpnfc@1.0-service        D  Initializing Sequence..
2026-03-20 19:35:50.816   356-356   NxpFwDnld               vendor.nxp.nxpnfc@1.0-service        D  Response Timer Created Successfully
2026-03-20 19:35:50.816   356-356   NxpFwDnld               vendor.nxp.nxpnfc@1.0-service        D  Inserting FrameId ..
2026-03-20 19:35:50.816   356-356   NxpFwDnld               vendor.nxp.nxpnfc@1.0-service        D  Frame created successfully
2026-03-20 19:35:50.816   356-356   NxpFwDnld               vendor.nxp.nxpnfc@1.0-service        D  GetSessionState Request submitted successfully
2026-03-20 19:35:50.816   356-1664  NxpTml                  vendor.nxp.nxpnfc@1.0-service        D  PN54X - Write requested.....
2026-03-20 19:35:50.816   356-1664  NxpTml                  vendor.nxp.nxpnfc@1.0-service        D  PN54X - Invoking I2C Write.....
2026-03-20 19:35:50.835   356-1664  NxpTml                  vendor.nxp.nxpnfc@1.0-service        E  _i2c_write() errno : 5
2026-03-20 19:35:50.835   356-1664  NxpHal                  vendor.nxp.nxpnfc@1.0-service        E  PN54X - Error in I2C Write  - Retry 0x1
2026-03-20 19:35:50.838   366-403   HWComposer              surfaceflinger                       W  Ignoring duplicate VSYNC event from HWC (t=0)
2026-03-20 19:35:50.845   356-1664  NxpTml                  vendor.nxp.nxpnfc@1.0-service        D  PN54X - Invoking I2C Write.....
2026-03-20 19:35:50.861   366-403   HWComposer              surfaceflinger                       W  Ignoring duplicate VSYNC event from HWC (t=0)
2026-03-20 19:35:50.865   356-1664  NxpTml                  vendor.nxp.nxpnfc@1.0-service        E  _i2c_write() errno : 5
2026-03-20 19:35:50.865   356-1664  NxpHal                  vendor.nxp.nxpnfc@1.0-service        E  PN54X - Error in I2C Write  - Retry 0x2
2026-03-20 19:35:50.875   356-1664  NxpTml                  vendor.nxp.nxpnfc@1.0-service        D  PN54X - Invoking I2C Write.....
2026-03-20 19:35:50.884   366-403   HWComposer              surfaceflinger                       W  Ignoring duplicate VSYNC event from HWC (t=0)
2026-03-20 19:35:50.895   356-1664  NxpTml                  vendor.nxp.nxpnfc@1.0-service        E  _i2c_write() errno : 5
2026-03-20 19:35:50.895   356-1664  NxpHal                  vendor.nxp.nxpnfc@1.0-service        E  PN54X - Error in I2C Write  - Retry 0x3
2026-03-20 19:35:50.905   356-1664  NxpTml                  vendor.nxp.nxpnfc@1.0-service        D  PN54X - Invoking I2C Write.....
2026-03-20 19:35:50.908   366-403   HWComposer              surfaceflinger                       W  Ignoring duplicate VSYNC event from HWC (t=0)
2026-03-20 19:35:50.925   356-1664  NxpTml                  vendor.nxp.nxpnfc@1.0-service        E  _i2c_write() errno : 5
2026-03-20 19:35:50.925   356-1664  NxpTml                  vendor.nxp.nxpnfc@1.0-service        E  PN54X - Error in I2C Write.....
2026-03-20 19:35:50.925   356-1664  NxpTml                  vendor.nxp.nxpnfc@1.0-service        D  PN54X - Posting Fresh Write message.....
2026-03-20 19:35:50.925   356-1664  NxpTml                  vendor.nxp.nxpnfc@1.0-service        D  PN54X - Tml Writer Thread Running................
2026-03-20 19:35:50.925   356-1666  NxpFwDnld               vendor.nxp.nxpnfc@1.0-service        E  Tml Write error!!
2026-03-20 19:35:50.925   356-1666  NxpFwDnld               vendor.nxp.nxpnfc@1.0-service        E  phNxpNciHal_fw_dnld_get_sessn_state_cb - Request Failed!!
2026-03-20 19:35:50.925   356-356   NxpFwDnld               vendor.nxp.nxpnfc@1.0-service        E  phDnldNfc_GetSessionState cb failed
2026-03-20 19:35:50.926   356-356   NxpFwDnld               vendor.nxp.nxpnfc@1.0-service        E   phNxpNciHal_fw_seq_handler : FAILED
2026-03-20 19:35:50.926   356-356   NxpFwDnld               vendor.nxp.nxpnfc@1.0-service        D  phNxpNciHal_fw_dnld_complete: Download Status = 0xff
2026-03-20 19:35:50.926   356-356   NxpFwDnld               vendor.nxp.nxpnfc@1.0-service        E  Fw Download Failed!!
2026-03-20 19:35:50.926   356-356   NxpTml                  vendor.nxp.nxpnfc@1.0-service        D  phTmlNfc_i2c_reset(), VEN level 0
2026-03-20 19:35:50.931   366-403   HWComposer              surfaceflinger                       W  Ignoring duplicate VSYNC event from HWC (t=0)
2026-03-20 19:35:50.954   366-403   chatty                  surfaceflinger                       I  uid=1000(system) HwBinder:366_1 identical 1 line
2026-03-20 19:35:50.981   366-403   HWComposer              surfaceflinger                       W  Ignoring duplicate VSYNC event from HWC (t=0)
2026-03-20 19:35:50.988   356-356   NxpTml                  vendor.nxp.nxpnfc@1.0-service        D  phTmlNfc_i2c_reset(), VEN level 1
2026-03-20 19:35:51.008   366-403   HWComposer              surfaceflinger                       W  Ignoring duplicate VSYNC event from HWC (t=0)
2026-03-20 19:35:51.078   366-403   chatty                  surfaceflinger                       I  uid=1000(system) HwBinder:366_1 identical 3 lines
2026-03-20 19:35:51.101   366-403   HWComposer              surfaceflinger                       W  Ignoring duplicate VSYNC event from HWC (t=0)
2026-03-20 19:35:51.101   356-356   NxpFwDnld               vendor.nxp.nxpnfc@1.0-service        E  free library SUCCESS !!
2026-03-20 19:35:51.101   356-356   NxpFwDnld               vendor.nxp.nxpnfc@1.0-service        E  Freeing Mem for Dnld Context..
2026-03-20 19:35:51.101   356-356   NxpHal                  vendor.nxp.nxpnfc@1.0-service        D  Chip Version Middleware Version mismatch!!!!
2026-03-20 19:35:51.101   356-1664  NxpTml                  vendor.nxp.nxpnfc@1.0-service        D  PN54X - Write requested.....
2026-03-20 19:35:51.102   356-1664  NxpTml                  vendor.nxp.nxpnfc@1.0-service        D  PN54X - Invoking I2C Write.....
2026-03-20 19:35:51.122   356-1664  NxpTml                  vendor.nxp.nxpnfc@1.0-service        E  _i2c_write() errno : 5
2026-03-20 19:35:51.122   356-1664  NxpTml                  vendor.nxp.nxpnfc@1.0-service        E  PN54X - Error in I2C Write.....
2026-03-20 19:35:51.122   356-1664  NxpTml                  vendor.nxp.nxpnfc@1.0-service        D  PN54X - Posting Fresh Write message.....
2026-03-20 19:35:51.122   356-1664  NxpTml                  vendor.nxp.nxpnfc@1.0-service        D  PN54X - Tml Writer Thread Running................
2026-03-20 19:35:51.122   356-1666  NxpHal                  vendor.nxp.nxpnfc@1.0-service        E  write error status = 0x1ff
2026-03-20 19:35:51.122   356-356   NxpHal                  vendor.nxp.nxpnfc@1.0-service        E  write_unlocked failed - PN54X Maybe in Standby Mode - Retry
2026-03-20 19:35:51.124   366-403   HWComposer              surfaceflinger                       W  Ignoring duplicate VSYNC event from HWC (t=0)
2026-03-20 19:35:51.132   356-1664  NxpTml                  vendor.nxp.nxpnfc@1.0-service        D  PN54X - Write requested.....
2026-03-20 19:35:51.132   356-1664  NxpTml                  vendor.nxp.nxpnfc@1.0-service        D  PN54X - Invoking I2C Write.....
2026-03-20 19:35:51.148   366-403   HWComposer              surfaceflinger                       W  Ignoring duplicate VSYNC event from HWC (t=0)
2026-03-20 19:35:51.152   356-1664  NxpTml                  vendor.nxp.nxpnfc@1.0-service        E  _i2c_write() errno : 5
2026-03-20 19:35:51.152   356-1664  NxpTml                  vendor.nxp.nxpnfc@1.0-service        E  PN54X - Error in I2C Write.....
2026-03-20 19:35:51.152   356-1664  NxpTml                  vendor.nxp.nxpnfc@1.0-service        D  PN54X - Posting Fresh Write message.....
2026-03-20 19:35:51.152   356-1666  NxpHal                  vendor.nxp.nxpnfc@1.0-service        E  write error status = 0x1ff
2026-03-20 19:35:51.152   356-356   NxpHal                  vendor.nxp.nxpnfc@1.0-service        E  write_unlocked failed - PN54X Maybe in Standby Mode - Retry
2026-03-20 19:35:51.152   356-1664  NxpTml                  vendor.nxp.nxpnfc@1.0-service        D  PN54X - Tml Writer Thread Running................
2026-03-20 19:35:51.162   356-1664  NxpTml                  vendor.nxp.nxpnfc@1.0-service        D  PN54X - Write requested.....
2026-03-20 19:35:51.162   356-1664  NxpTml                  vendor.nxp.nxpnfc@1.0-service        D  PN54X - Invoking I2C Write.....
2026-03-20 19:35:51.171   366-403   HWComposer              surfaceflinger                       W  Ignoring duplicate VSYNC event from HWC (t=0)
2026-03-20 19:35:51.182   356-1664  NxpTml                  vendor.nxp.nxpnfc@1.0-service        E  _i2c_write() errno : 5
2026-03-20 19:35:51.182   356-1664  NxpTml                  vendor.nxp.nxpnfc@1.0-service        E  PN54X - Error in I2C Write.....
2026-03-20 19:35:51.182   356-1664  NxpTml                  vendor.nxp.nxpnfc@1.0-service        D  PN54X - Posting Fresh Write message.....
2026-03-20 19:35:51.182   356-1664  NxpTml                  vendor.nxp.nxpnfc@1.0-service        D  PN54X - Tml Writer Thread Running................
2026-03-20 19:35:51.182   356-1666  NxpHal                  vendor.nxp.nxpnfc@1.0-service        E  write error status = 0x1ff
2026-03-20 19:35:51.182   356-356   NxpHal                  vendor.nxp.nxpnfc@1.0-service        E  write_unlocked failed - PN54X Maybe in Standby Mode - Retry
2026-03-20 19:35:51.192   356-1664  NxpTml                  vendor.nxp.nxpnfc@1.0-service        D  PN54X - Write requested.....
2026-03-20 19:35:51.192   356-1664  NxpTml                  vendor.nxp.nxpnfc@1.0-service        D  PN54X - Invoking I2C Write.....
2026-03-20 19:35:51.194   366-403   HWComposer              surfaceflinger                       W  Ignoring duplicate VSYNC event from HWC (t=0)
2026-03-20 19:35:51.212   356-1664  NxpTml                  vendor.nxp.nxpnfc@1.0-service        E  _i2c_write() errno : 5
2026-03-20 19:35:51.212   356-1664  NxpTml                  vendor.nxp.nxpnfc@1.0-service        E  PN54X - Error in I2C Write.....
2026-03-20 19:35:51.212   356-1664  NxpTml                  vendor.nxp.nxpnfc@1.0-service        D  PN54X - Posting Fresh Write message.....
2026-03-20 19:35:51.212   356-1664  NxpTml                  vendor.nxp.nxpnfc@1.0-service        D  PN54X - Tml Writer Thread Running................
2026-03-20 19:35:51.212   356-1666  NxpHal                  vendor.nxp.nxpnfc@1.0-service        E  write error status = 0x1ff
2026-03-20 19:35:51.212   356-356   NxpHal                  vendor.nxp.nxpnfc@1.0-service        E  write_unlocked failed - PN54X Maybe in Standby Mode - Retry
2026-03-20 19:35:51.218   366-403   HWComposer              surfaceflinger                       W  Ignoring duplicate VSYNC event from HWC (t=0)
2026-03-20 19:35:51.222   356-1664  NxpTml                  vendor.nxp.nxpnfc@1.0-service        D  PN54X - Write requested.....
2026-03-20 19:35:51.222   356-1664  NxpTml                  vendor.nxp.nxpnfc@1.0-service        D  PN54X - Invoking I2C Write.....
2026-03-20 19:35:51.241   366-403   HWComposer              surfaceflinger                       W  Ignoring duplicate VSYNC event from HWC (t=0)
2026-03-20 19:35:51.242   356-1664  NxpTml                  vendor.nxp.nxpnfc@1.0-service        E  _i2c_write() errno : 5
2026-03-20 19:35:51.242   356-1664  NxpTml                  vendor.nxp.nxpnfc@1.0-service        E  PN54X - Error in I2C Write.....
2026-03-20 19:35:51.242   356-1664  NxpTml                  vendor.nxp.nxpnfc@1.0-service        D  PN54X - Posting Fresh Write message.....
2026-03-20 19:35:51.242   356-1664  NxpTml                  vendor.nxp.nxpnfc@1.0-service        D  PN54X - Tml Writer Thread Running................
2026-03-20 19:35:51.242   356-1666  NxpHal                  vendor.nxp.nxpnfc@1.0-service        E  write error status = 0x1ff
2026-03-20 19:35:51.242   356-356   NxpHal                  vendor.nxp.nxpnfc@1.0-service        E  write_unlocked failed - PN54X Maybe in Standby Mode - Retry
2026-03-20 19:35:51.252   356-1664  NxpTml                  vendor.nxp.nxpnfc@1.0-service        D  PN54X - Write requested.....
2026-03-20 19:35:51.252   356-1664  NxpTml                  vendor.nxp.nxpnfc@1.0-service        D  PN54X - Invoking I2C Write.....
2026-03-20 19:35:51.264   366-403   HWComposer              surfaceflinger                       W  Ignoring duplicate VSYNC event from HWC (t=0)
2026-03-20 19:35:51.272   356-1664  NxpTml                  vendor.nxp.nxpnfc@1.0-service        E  _i2c_write() errno : 5
2026-03-20 19:35:51.272   356-1664  NxpTml                  vendor.nxp.nxpnfc@1.0-service        E  PN54X - Error in I2C Write.....
2026-03-20 19:35:51.272   356-1664  NxpTml                  vendor.nxp.nxpnfc@1.0-service        D  PN54X - Posting Fresh Write message.....
2026-03-20 19:35:51.272   356-1664  NxpTml                  vendor.nxp.nxpnfc@1.0-service        D  PN54X - Tml Writer Thread Running................
2026-03-20 19:35:51.272   356-1666  NxpHal                  vendor.nxp.nxpnfc@1.0-service        E  write error status = 0x1ff
2026-03-20 19:35:51.272   356-356   NxpHal                  vendor.nxp.nxpnfc@1.0-service        E  write_unlocked failed - PN54X Maybe in Standby Mode (max count = 0x6)
2026-03-20 19:35:51.272   356-356   NxpTml                  vendor.nxp.nxpnfc@1.0-service        D  phTmlNfc_i2c_reset(), VEN level 0
2026-03-20 19:35:51.288   366-403   HWComposer              surfaceflinger                       W  Ignoring duplicate VSYNC event from HWC (t=0)
2026-03-20 19:35:51.311   366-403   HWComposer              surfaceflinger                       W  Ignoring duplicate VSYNC event from HWC (t=0)
2026-03-20 19:35:51.334   356-356   NxpTml                  vendor.nxp.nxpnfc@1.0-service        D  phTmlNfc_i2c_reset(), VEN level 1
2026-03-20 19:35:51.334   366-403   HWComposer              surfaceflinger                       W  Ignoring duplicate VSYNC event from HWC (t=0)
2026-03-20 19:35:51.358   366-403   HWComposer              surfaceflinger                       W  Ignoring duplicate VSYNC event from HWC (t=0)
2026-03-20 19:35:51.366   354-374   libPerfService          merged_hal_service                   I  13: legacy set freq: -1 -1
2026-03-20 19:35:51.382   366-403   HWComposer              surfaceflinger                       W  Ignoring duplicate VSYNC event from HWC (t=0)
2026-03-20 19:35:51.404   366-404   BufferQueueProducer     surfaceflinger                       I  [StatusBar#0](this:0xadede000,id:5,api:1,p:997,c:366) queueBuffer: fps=2.49 dur=1606.46 max=1017.43 min=20.49
2026-03-20 19:35:51.405   366-403   HWComposer              surfaceflinger                       W  Ignoring duplicate VSYNC event from HWC (t=0)
2026-03-20 19:35:51.417   366-366   DisplayDevice           surfaceflinger                       I  [Built-in Screen (type:0)] fps:7.438967,dur:2016.41,max:1017.12,min:16.29
2026-03-20 19:35:51.428   366-403   HWComposer              surfaceflinger                       W  Ignoring duplicate VSYNC event from HWC (t=0)
2026-03-20 19:35:51.451   356-356   NxpHal                  vendor.nxp.nxpnfc@1.0-service        D  PN54X Reset - SUCCESS
2026-03-20 19:35:51.451   356-356   NxpHal                  vendor.nxp.nxpnfc@1.0-service        D  phNxpNciHal_write failed for hal ext
2026-03-20 19:35:51.451   356-356   NxpHal                  vendor.nxp.nxpnfc@1.0-service        E  NFCC not coming out from Standby
2026-03-20 19:35:51.451   356-356   NxpHal                  vendor.nxp.nxpnfc@1.0-service        E  Trying Force FW download
2026-03-20 19:35:51.451   356-356   NxpHal                  vendor.nxp.nxpnfc@1.0-service        D  Found Valid Firmware Type
2026-03-20 19:35:51.451   356-356   NxpExtns                vendor.nxp.nxpnfc@1.0-service        D  find found NXP_SYS_CLK_SRC_SEL=(0x2)
2026-03-20 19:35:51.451   356-356   NxpExtns                vendor.nxp.nxpnfc@1.0-service        D  find found NXP_SYS_CLK_FREQ_SEL=(0x4)
2026-03-20 19:35:51.451   356-356   NxpExtns                vendor.nxp.nxpnfc@1.0-service        D  find found NXP_SYS_CLOCK_TO_CFG=(0x1)
2026-03-20 19:35:51.451   356-356   NxpFwDnld               vendor.nxp.nxpnfc@1.0-service        D  gphNxpNciHal_fw_IoctlCtx.bClkSrcVal = 0x2
2026-03-20 19:35:51.451   356-356   NxpFwDnld               vendor.nxp.nxpnfc@1.0-service        D  gphNxpNciHal_fw_IoctlCtx.bClkFreqVal = 0x4
2026-03-20 19:35:51.451   356-356   NxpFwDnld               vendor.nxp.nxpnfc@1.0-service        D  gphNxpNciHal_fw_IoctlCtx.bClkFreqVal = 0x1
2026-03-20 19:35:51.451   356-356   NxpTml                  vendor.nxp.nxpnfc@1.0-service        D  phTmlNfc_i2c_reset(), VEN level 2
2026-03-20 19:35:51.454   366-403   HWComposer              surfaceflinger                       W  Ignoring duplicate VSYNC event from HWC (t=0)
2026-03-20 19:35:51.571   366-403   chatty                  surfaceflinger                       I  uid=1000(system) HwBinder:366_1 identical 5 lines
2026-03-20 19:35:51.594   366-403   HWComposer              surfaceflinger                       W  Ignoring duplicate VSYNC event from HWC (t=0)
2026-03-20 19:35:51.617   380-30752 MPE                     mnld                                 D  mtk_gps_mnl_trigger_mpe: mpemsg len=24
2026-03-20 19:35:51.617   380-30752 MPE                     mnld                                 D  mtk_gps_mnl_trigger_mpe: MPE not enable
2026-03-20 19:35:51.618   366-403   HWComposer              surfaceflinger                       W  Ignoring duplicate VSYNC event from HWC (t=0)
2026-03-20 19:35:51.631   356-356   NxpFwDnld               vendor.nxp.nxpnfc@1.0-service        D  Allocating Mem for Dnld Context..
2026-03-20 19:35:51.631   356-356   NxpHal                  vendor.nxp.nxpnfc@1.0-service        D  Calling Seq handler for FW Download 
2026-03-20 19:35:51.631   356-356   NxpExtns                vendor.nxp.nxpnfc@1.0-service        D  find found NXP_FW_NAME=libpn553_fw.so
2026-03-20 19:35:51.632   356-356   NxpFwDnld               vendor.nxp.nxpnfc@1.0-service        D  @@@/system/vendor/firmware/libpn553_fw.so
2026-03-20 19:35:51.632   356-356   NxpFwDnld               vendor.nxp.nxpnfc@1.0-service        E  FW Image Length - ImageInfoLen 34358
2026-03-20 19:35:51.632   356-356   NxpFwDnld               vendor.nxp.nxpnfc@1.0-service        E  FW Image Info Pointer - pImageInfo 0xb41732d0
2026-03-20 19:35:51.632   356-356   NxpFwDnld               vendor.nxp.nxpnfc@1.0-service        E  FW Major Version Num - 1
2026-03-20 19:35:51.632   356-356   NxpFwDnld               vendor.nxp.nxpnfc@1.0-service        E  FW Minor Version Num - 16
2026-03-20 19:35:51.632   356-356   NxpFwDnld               vendor.nxp.nxpnfc@1.0-service        E  FW Image Length - 34358
2026-03-20 19:35:51.632   356-356   NxpFwDnld               vendor.nxp.nxpnfc@1.0-service        E  FW Image Info Pointer - 0xb41732d0
2026-03-20 19:35:51.632   356-356   NxpFwDnld               vendor.nxp.nxpnfc@1.0-service        D  phDnldNfc_InitImgInfo:SUCCESS
2026-03-20 19:35:51.632   356-356   NxpFwDnld               vendor.nxp.nxpnfc@1.0-service        D  Processing R/W Sequence..
2026-03-20 19:35:51.633   356-356   NxpFwDnld               vendor.nxp.nxpnfc@1.0-service        D  Response Timer Created Successfully
2026-03-20 19:35:51.633   356-356   NxpFwDnld               vendor.nxp.nxpnfc@1.0-service        D  Inserting FrameId ..
2026-03-20 19:35:51.633   356-356   NxpFwDnld               vendor.nxp.nxpnfc@1.0-service        D  Frame created successfully
2026-03-20 19:35:51.633   356-356   NxpFwDnld               vendor.nxp.nxpnfc@1.0-service        D  Force Command Request submitted successfully
2026-03-20 19:35:51.633   356-1664  NxpTml                  vendor.nxp.nxpnfc@1.0-service        D  PN54X - Write requested.....
2026-03-20 19:35:51.633   356-1664  NxpTml                  vendor.nxp.nxpnfc@1.0-service        D  PN54X - Invoking I2C Write.....
2026-03-20 19:35:51.635   380-30752 MPE                     mnld                                 D  mtk_gps_mnl_trigger_mpe: mpemsg len=24
2026-03-20 19:35:51.636   380-30752 MPE                     mnld                                 D  mtk_gps_mnl_trigger_mpe: MPE not enable
2026-03-20 19:35:51.638   380-30752 pseudo                  mnld                                 D  mtk_gps_sys_nmea_output_to_mnld: received 1039 bytes:
2026-03-20 19:35:51.639   380-30752 pseudo                  mnld                                 D  mtk_gps_sys_nmea_output_to_app: len:1039, [NMEA]$GNGGA,233552.00...
2026-03-20 19:35:51.640   380-30752 gps_controlller         mnld                                 D  mtk_gps_sys_gps_mnl_callback: msg:0
2026-03-20 19:35:51.640   380-30752 gps_controlller         mnld                                 D  send_active_notify: send clean nmea timer cmd!
2026-03-20 19:35:51.640   380-30752 gps_controlller         mnld                                 D  mtk_gps_sys_gps_mnl_callback: MTK_GPS_MSG_FIX_READY, GET_RTC_OK, -0.049, 0.008
2026-03-20 19:35:51.640   380-30752 gps_controlller         mnld                                 D  mtk_gps_sys_gps_mnl_callback: Age = 2, RTCDiff = 30, Time_interval = 10
2026-03-20 19:35:51.640   380-509   MNLD                    mnld                                 D  mnld_main_thread: main_event_hdlr msg
2026-03-20 19:35:51.640   380-30752 pseudo                  mnld                                 D  mtk_gps_sys_nmea_output_to_app: len:46, [vAGPS_Auto_Req]:g_FirstDbtt:0,u2BitMap:0x100
2026-03-20 19:35:51.640   380-499   gps_controlller         mnld                                 D  gps_control_thread: gps_control_thread wait
2026-03-20 19:35:51.640   380-509   MNLD                    mnld                                 W  main_event_hdlr: GPS2MAIN_EVENT_UPDATE_LOCATION  lat=39.926150 lng=-75.140762 acc=2.100000
2026-03-20 19:35:51.640   380-509   MNLD                    mnld                                 D  main_event_hdlr: wait_first_location=0
2026-03-20 19:35:51.640   380-509   MNLD                    mnld                                 D  main_event_hdlr: location_sync done
2026-03-20 19:35:51.640   414-434   agps                    mtk_agpsd                            D  Xed[V_8;|(7C0x)+x\HWcp=;h[Zi=R7&%D`L;2$5=8=-2LG1C`L-5q0,''+('&%pL:5d*$,#%$'-(rA$&`/rA-@q.yu !!#    yiSBDG5(b.yO5AFp.qN:<m-pS83ABAo-y
2026-03-20 19:35:51.640   414-434   agps                    mtk_agpsd                            D  Xed[V_8;|(7C0x)+x^Sm=;hQcPN=WI;=9E`C3bQ4I=5+2832#+;2$5=8=-2LG1CL-5`X:5d0,''+('&%|y$,#%$'-(rA$&`/rSE5`-hi
2026-03-20 19:35:51.641   366-403   HWComposer              surfaceflinger                       W  Ignoring duplicate VSYNC event from HWC (t=0)
2026-03-20 19:35:51.642   414-434   agps                    mtk_agpsd                            D  [agps][n][AGPS] [MNL] write  pmtk  [$PMTK680,1,FFFFF605*78
                                                                                                     ]
2026-03-20 19:35:51.647   736-857   LocationManagerService  system_server                        D  incoming location from: gps
2026-03-20 19:35:51.648   736-857   LocationManagerService  system_server                        D  incoming location from: gps
2026-03-20 19:35:51.653   356-1664  NxpTml                  vendor.nxp.nxpnfc@1.0-service        E  _i2c_write() errno : 5
2026-03-20 19:35:51.653   356-1664  NxpHal                  vendor.nxp.nxpnfc@1.0-service        E  PN54X - Error in I2C Write  - Retry 0x1
2026-03-20 19:35:51.664   356-1664  NxpTml                  vendor.nxp.nxpnfc@1.0-service        D  PN54X - Invoking I2C Write.....
2026-03-20 19:35:51.664   366-403   HWComposer              surfaceflinger                       W  Ignoring duplicate VSYNC event from HWC (t=0)
2026-03-20 19:35:51.680 30351-31882 NearbyPresence          com.google.android.gms.persistent    I  (REDACTED) %s verified [==] new request %s equals to the old request
2026-03-20 19:35:51.682   356-1664  NxpTml                  vendor.nxp.nxpnfc@1.0-service        E  _i2c_write() errno : 5
2026-03-20 19:35:51.682   356-1664  NxpHal                  vendor.nxp.nxpnfc@1.0-service        E  PN54X - Error in I2C Write  - Retry 0x2
2026-03-20 19:35:51.688   366-403   HWComposer              surfaceflinger                       W  Ignoring duplicate VSYNC event from HWC (t=0)
2026-03-20 19:35:51.692   356-1664  NxpTml                  vendor.nxp.nxpnfc@1.0-service        D  PN54X - Invoking I2C Write.....
2026-03-20 19:35:51.711   366-403   HWComposer              surfaceflinger                       W  Ignoring duplicate VSYNC event from HWC (t=0)
2026-03-20 19:35:51.712   356-1664  NxpTml                  vendor.nxp.nxpnfc@1.0-service        E  _i2c_write() errno : 5
2026-03-20 19:35:51.712   356-1664  NxpHal                  vendor.nxp.nxpnfc@1.0-service        E  PN54X - Error in I2C Write  - Retry 0x3
2026-03-20 19:35:51.722   356-1664  NxpTml                  vendor.nxp.nxpnfc@1.0-service        D  PN54