2026-03-30 20:41:40.239 26078-29085 AudioALSAP...dlerNormal and...re.audio@2.0-service-mediatek  D  AudioALSAPlaybackHandlerNormal()
2026-03-30 20:41:40.239 26078-29085 AudioALSAP...dlerNormal and...re.audio@2.0-service-mediatek  D  +setFilterMng() mAudioFilterManagerHandler [0xae716290]
2026-03-30 20:41:40.239 26078-29085 AudioALSAP...dlerNormal and...re.audio@2.0-service-mediatek  D  +open(), flag 6, mDevice = 0x2
2026-03-30 20:41:40.240 26078-29085 AudioALSADeviceParser   and...re.audio@2.0-service-mediatek  D  compare pcm success = 7, stringpair = I2S0DL1_PLayback
2026-03-30 20:41:40.240 26078-29085 <no-tag>                and...re.audio@2.0-service-mediatek  D  -AssignDRAM() retval 0
2026-03-30 20:41:40.240 26078-29085 AudioALSAP...andlerBase and...re.audio@2.0-service-mediatek  D  transferAudioFormatToPcmFormat(), audio_format(0x4) => pcm_format(0x1)
2026-03-30 20:41:40.240 26078-29085 AudioALSAP...dlerNormal and...re.audio@2.0-service-mediatek  D  open(), mConfig: channels = 2, rate = 48000, period_size = 256, period_count = 2, format = 1 avail_min = 256
2026-03-30 20:41:40.240 26078-29085 AudioALSADriverUtility  and...re.audio@2.0-service-mediatek  D  GetPropertyValue key = af.resouce.extdac_support value = 0
2026-03-30 20:41:40.240 26078-29085 AudioALSAP...dlerNormal and...re.audio@2.0-service-mediatek  D  SetLowJitterMode(), bypass low jitter mode, bEnable = 1, device = 0x2, SampleRate = 48000
2026-03-30 20:41:40.240 26078-29085 AudioALSAP...andlerBase and...re.audio@2.0-service-mediatek  D  openPcmDriverWithFlag(), pcm device = 7 flag = 0x8
2026-03-30 20:41:40.241 26078-29085 AudioALSAP...andlerBase and...re.audio@2.0-service-mediatek  D  initBitConverter(), audio_format: 0x3 => 0x4, bcv_pcm_format = 0x3
2026-03-30 20:41:40.242 26078-29085 MtkAudioBitConverter    and...re.audio@2.0-service-mediatek  D  +open(), format 3, CH 2, SR 48000
2026-03-30 20:41:40.242 26078-29085 MtkAudioBitConverter    and...re.audio@2.0-service-mediatek  D  +resetBuffer()
2026-03-30 20:41:40.242 26078-29085 AudioALSAH...rceManager and...re.audio@2.0-service-mediatek  D  +startOutputDevice(), new_devices = 0x2, mOutputDevices = 0x0, mStartOutputDevicesCount = 0 SampleRate = 48000
2026-03-30 20:41:40.242 26078-29085 AudioALSADriverUtility  and...re.audio@2.0-service-mediatek  D  GetPropertyValue key = af.resouce.extdac_support value = 0
2026-03-30 20:41:40.242 26078-29085 AudioALSAD...figManager and...re.audio@2.0-service-mediatek  D  ApplyDeviceTurnonSequenceByName() DeviceName = speaker_output descriptor->DeviceStatusCounte = 0
2026-03-30 20:41:40.243 26078-29085 AudioALSAD...figManager and...re.audio@2.0-service-mediatek  D  ApplyDeviceTurnonSequenceByName() DeviceName = ext_speaker_output descriptor->DeviceStatusCounte = 0
2026-03-30 20:41:40.249 26078-29085 AudioVoiceUIDL          and...re.audio@2.0-service-mediatek  D  [GetSRCInputParameter] mOutputSampleRate 16000,  mInputSampleRate 48000, mInChannel 2, mOutChannel, 0 format 4
2026-03-30 20:41:40.250 26078-29085 AudioVoiceUIDL          and...re.audio@2.0-service-mediatek  D  [GetSRCInputParameter] create SRC handle fail
2026-03-30 20:41:40.250 26078-29085 AudioALSAP...dlerNormal and...re.audio@2.0-service-mediatek  D  -open()
2026-03-30 20:41:40.321 25998-25998 gle.vp8.encoder         media.codec                          W  type=1400 audit(0.0:268015): avc: denied { getattr } for path="/dev/sw_sync" dev="tmpfs" ino=236 scontext=u:r:mediacodec:s0 tcontext=u:object_r:sw_sync_device:s0 tclass=chr_file permissive=0
2026-03-30 20:41:40.417 17343-19174 AudioTrack              com.reedersystems.commandcomms       D  stop(): 0x8c548300, mState = 0
2026-03-30 20:41:40.417 17343-19174 AudioTrack              com.reedersystems.commandcomms       D  audiotrack 0x8c548300 stop done
2026-03-30 20:41:40.418 17343-19174 AudioTrack              com.reedersystems.commandcomms       D  stop(): 0x8c548300, mState = 1
2026-03-30 20:41:40.419 17343-19174 AudioTrack              com.reedersystems.commandcomms       D  ~AudioTrack(): 0x8c548300
2026-03-30 20:41:40.420 17343-19174 AudioTrack              com.reedersystems.commandcomms       D  stop(): 0x8c548300, mState = 1
2026-03-30 20:41:40.425 25998-25998 gle.vp8.encoder         media.codec                          W  type=1400 audit(0.0:268016): avc: denied { getattr } for path="/dev/sw_sync" dev="tmpfs" ino=236 scontext=u:r:mediacodec:s0 tcontext=u:object_r:sw_sync_device:s0 tclass=chr_file permissive=0
2026-03-30 20:41:40.503 26072-26112 APM_AudioPolicyManager  audioserver                          D  stopOutput() output 13, stream 8, session 2361
2026-03-30 20:41:40.503 26072-26112 APM::Audio...Descriptor audioserver                          V  changeRefCount() stream 8, count 0
2026-03-30 20:41:40.525 25998-25998 gle.vp8.encoder         media.codec                          W  type=1400 audit(0.0:268017): avc: denied { getattr } for path="/dev/sw_sync" dev="tmpfs" ino=236 scontext=u:r:mediacodec:s0 tcontext=u:object_r:sw_sync_device:s0 tclass=chr_file permissive=0
2026-03-30 20:41:40.625 25998-25998 gle.vp8.encoder         media.codec                          W  type=1400 audit(0.0:268018): avc: denied { getattr } for path="/dev/sw_sync" dev="tmpfs" ino=236 scontext=u:r:mediacodec:s0 tcontext=u:object_r:sw_sync_device:s0 tclass=chr_file permissive=0
2026-03-30 20:41:40.725 25998-25998 gle.vp8.encoder         media.codec                          W  type=1400 audit(0.0:268019): avc: denied { getattr } for path="/dev/sw_sync" dev="tmpfs" ino=236 scontext=u:r:mediacodec:s0 tcontext=u:object_r:sw_sync_device:s0 tclass=chr_file permissive=0
2026-03-30 20:41:40.828 25998-25998 gle.vp8.encoder         media.codec                          W  type=1400 audit(0.0:268020): avc: denied { getattr } for path="/dev/sw_sync" dev="tmpfs" ino=236 scontext=u:r:mediacodec:s0 tcontext=u:object_r:sw_sync_device:s0 tclass=chr_file permissive=0
2026-03-30 20:41:40.928 25998-25998 gle.vp8.encoder         media.codec                          W  type=1400 audit(0.0:268021): avc: denied { getattr } for path="/dev/sw_sync" dev="tmpfs" ino=236 scontext=u:r:mediacodec:s0 tcontext=u:object_r:sw_sync_device:s0 tclass=chr_file permissive=0
2026-03-30 20:41:40.978 17343-17343 [PTT-DIAG]              com.reedersystems.commandcomms       D  MainActivity PTT DOWN — forwarding to BackgroundAudioService (signaling=true)
2026-03-30 20:41:41.021 25998-25998 gle.vp8.encoder         media.codec                          W  type=1400 audit(0.0:268022): avc: denied { getattr } for path="/dev/sw_sync" dev="tmpfs" ino=236 scontext=u:r:mediacodec:s0 tcontext=u:object_r:sw_sync_device:s0 tclass=chr_file permissive=0
2026-03-30 20:41:41.041   397-19304 MediaExtractor          media.extractor                      D  Autodetected media content as 'audio/x-wav' with confidence 0.30
2026-03-30 20:41:41.045   397-19304 MediaAnalyticsItem      media.extractor                      W  Unable to record: (extractor:0:-1:-11:0:3:android.media.mediaextractor.fmt=WAVExtractor:android.media.mediaextractor.ntrk=1:android.media.mediaextractor.mime=audio/x-wav:) [forcenew=0]
2026-03-30 20:41:41.051 25998-25998 gle.vp8.encoder         media.codec                          W  type=1400 audit(0.0:268023): avc: denied { getattr } for path="/dev/sw_sync" dev="tmpfs" ino=236 scontext=u:r:mediacodec:s0 tcontext=u:object_r:sw_sync_device:s0 tclass=chr_file permissive=0
2026-03-30 20:41:41.093 25998-27809 OMXMaster               media.codec                          I  makeComponentInstance(OMX.MTK.AUDIO.DECODER.RAW) in omx@1.0-service process
2026-03-30 20:41:41.094 25998-27809 MtkOmxRawDec            media.codec                          D  Init Audio(Raw PCM) Params!!!
2026-03-30 20:41:41.101 25998-25998 gle.vp8.encoder         media.codec                          W  type=1400 audit(0.0:268024): avc: denied { getattr } for path="/dev/sw_sync" dev="tmpfs" ino=236 scontext=u:r:mediacodec:s0 tcontext=u:object_r:sw_sync_device:s0 tclass=chr_file permissive=0
2026-03-30 20:41:41.119 25998-19377 MtkOmxAudioDecBase      media.codec                          D  # Got general command (OMX_CommandStateSet)
2026-03-30 20:41:41.119 25998-19377 MtkOmxAudioDecBase      media.codec                          D  wait on mInPortAllocDoneSem(0), mOutPortAllocDoneSem(0)!!
2026-03-30 20:41:41.125 25998-25998 gle.vp8.encoder         media.codec                          W  type=1400 audit(0.0:268025): avc: denied { getattr } for path="/dev/sw_sync" dev="tmpfs" ino=236 scontext=u:r:mediacodec:s0 tcontext=u:object_r:sw_sync_device:s0 tclass=chr_file permissive=0
2026-03-30 20:41:41.163 25998-19377 MtkOmxAudioDecBase      media.codec                          D  # Got general command (OMX_CommandStateSet)
2026-03-30 20:41:41.164 25998-19377 MtkOmxAudioDecBase      media.codec                          D  state changes to OMX_StateExecuting
2026-03-30 20:41:41.174 26075-19374 NuPlayerDecoder         mediaserver                          I  [audio] saw output EOS
2026-03-30 20:41:41.175 26075-19373 AudioTrack              mediaserver                          D  set(): 0xac729000, streamType 8, sampleRate 44100, format 0x1, channelMask 0x1, frameCount 22560, flags #0, notificationFrames 0, sessionId 0, transferType 0, uid 10161, pid 17343
2026-03-30 20:41:41.175 26075-19373 AudioTrack              mediaserver                          D  Building AudioTrack with attributes: usage = 3, content = 4, flags = 0x0, tags = []
2026-03-30 20:41:41.177 26072-26072 AudioFlinger            audioserver                          D  track(0xab4e9800): mIsOut 1, mFrameCount 22560, mSampleRate 44100, mFormat 1, mChannelCount 1, mTrackCount 246, thread 0xaac83140, sessionId 2377
2026-03-30 20:41:41.178 26072-26072 AudioFlinger            audioserver                          D  track(0xab4e9800): mFastIndex -1, mStreamType 8, mName 4099
2026-03-30 20:41:41.179 26075-19373 AudioTrack              mediaserver                          D  Client defaulted notificationFrames to 7520 for frameCount 22560
2026-03-30 20:41:41.179 26075-19373 AudioTrack              mediaserver                          D  createTrack_l: 0xac729000, mCblk = 0xabf170e0, mLatency = 563, mAfLatency = 52, frameCount = 22560, mSampleRate = 44100, mFlags = 0, mReqFrameCount = 22560, mNotificationFramesAct = 7520
2026-03-30 20:41:41.181 26075-19373 AudioTrack              mediaserver                          D  start(): 0xac729000, mState = 1
2026-03-30 20:41:41.181 26072-26072 APM_AudioPolicyManager  audioserver                          D  startOutput() output 13, stream 8, session 2377
2026-03-30 20:41:41.181 26072-26072 APM::Audio...Descriptor audioserver                          V  changeRefCount() stream 8, count 1
2026-03-30 20:41:41.184 26075-19373 AudioTrack              mediaserver                          D  stop(): 0xac729000, mState = 0
2026-03-30 20:41:41.185 26075-19373 AudioTrack              mediaserver                          D  stop() called with 11944 frames delivered
2026-03-30 20:41:41.185 26075-19373 AudioTrack              mediaserver                          D  audiotrack 0xac729000 stop done
2026-03-30 20:41:41.218 25998-25998 gle.vp8.encoder         media.codec                          W  type=1400 audit(0.0:268026): avc: denied { getattr } for path="/dev/sw_sync" dev="tmpfs" ino=236 scontext=u:r:mediacodec:s0 tcontext=u:object_r:sw_sync_device:s0 tclass=chr_file permissive=0
2026-03-30 20:41:41.315 17343-19174 AudioRecord             com.reedersystems.commandcomms       D  set(): 0x8be7fc00, inputSource 7, sampleRate 48000, format 0x1, channelMask 0x10, frameCount 3840, notificationFrames 0, sessionId 0, transferType 0, flags 0, opPackageName com.reedersystems.commandcomms uid -1, pid -1
2026-03-30 20:41:41.319 26072-26072 APM_AudioPolicyManager  audioserver                          D  getInputForAttr() source 7, samplingRate 48000, format 1, channelMask 10,session 2385, flags 0
2026-03-30 20:41:41.320 26078-13805 AudioALSAStreamManager  and...re.audio@2.0-service-mediatek  D  openInputStream(), devices = 0x80000004, format = 0x1, channels = 0x10, sampleRate = 48000, status = 382, acoustics = 0x0
2026-03-30 20:41:41.320 26078-13805 AudioALSAStreamIn       and...re.audio@2.0-service-mediatek  D  AudioALSAStreamIn()
2026-03-30 20:41:41.320 26078-13805 AudioALSAStreamIn       and...re.audio@2.0-service-mediatek  D  set(), devices = 0x80000004, format = 0x1, channels = 0x10, sampleRate = 48000, acoustics = 0x0, flags = 0
2026-03-30 20:41:41.320 26078-13805 AudioALSAStreamIn       and...re.audio@2.0-service-mediatek  D  CheckBesRecordInfo()
2026-03-30 20:41:41.320 26078-13805 AudioSpeechEnhanceInfo  and...re.audio@2.0-service-mediatek  D  GetBesRecScene() -1
2026-03-30 20:41:41.320 26078-13805 AudioSpeechEnhanceInfo  and...re.audio@2.0-service-mediatek  D  IsBesRecTuningEnable()- 0
2026-03-30 20:41:41.320 26078-13805 NVRAM                   and...re.audio@2.0-service-mediatek  D  getNumMicSupport(), dualMicFlag 1, numMicString 2
2026-03-30 20:41:41.320 26078-13805 NVRAM                   and...re.audio@2.0-service-mediatek  D  QueryFeatureSupportInfo(), feature support bit 0x1a097c57 
2026-03-30 20:41:41.320 26078-13805 AudioSpeechEnhanceInfo  and...re.audio@2.0-service-mediatek  D  IsAPDMNRTuningEnable(), 0
2026-03-30 20:41:41.321 26078-13805 NVRAM                   and...re.audio@2.0-service-mediatek  D  getNumMicSupport(), dualMicFlag 1, numMicString 2
2026-03-30 20:41:41.321 26078-13805 NVRAM                   and...re.audio@2.0-service-mediatek  D  QueryFeatureSupportInfo(), feature support bit 0x1a097c57 
2026-03-30 20:41:41.321 26078-13805 AudioSpeechEnhanceInfo  and...re.audio@2.0-service-mediatek  D  GetForceMagiASRState(), feature_support=1a097c57, 400, mForceMagiASR=0
2026-03-30 20:41:41.321 26078-13805 AudioSpeechEnhanceInfo  and...re.audio@2.0-service-mediatek  D  GetForceAECRecState(), mForceAECRec=0
2026-03-30 20:41:41.321 26078-13805 AudioALSAStreamIn       and...re.audio@2.0-service-mediatek  D  set() done, sampleRate = 48000, num_channels = 1, buffer_size=1920, tempDebugflag = 0
2026-03-30 20:41:41.321 26078-13805 AudioALSAStreamManager  and...re.audio@2.0-service-mediatek  D  -openInputStream(), in = 0xae76aa00, status = 0x0, mStreamInVector.size() = 1
2026-03-30 20:41:41.321 26078-13805 AudioALSAStreamIn       and...re.audio@2.0-service-mediatek  D  +setParameters(): input_source=7
2026-03-30 20:41:41.321 26078-13805 AudioALSAStreamIn       and...re.audio@2.0-service-mediatek  D  -setParameters(): input_source=7 
2026-03-30 20:41:41.321 25998-25998 gle.vp8.encoder         media.codec                          W  type=1400 audit(0.0:268027): avc: denied { getattr } for path="/dev/sw_sync" dev="tmpfs" ino=236 scontext=u:r:mediacodec:s0 tcontext=u:object_r:sw_sync_device:s0 tclass=chr_file permissive=0
2026-03-30 20:41:41.332 26072-19386 AudioFlinger_Threads    audioserver                          I  AudioFlinger's thread 0xaa483680 tid=19386 ready to run
2026-03-30 20:41:41.333 26078-13805 AudioALSAStreamIn       and...re.audio@2.0-service-mediatek  D  +standby()
2026-03-30 20:41:41.333 26078-13805 AudioALSAStreamIn       and...re.audio@2.0-service-mediatek  D  -standby()
2026-03-30 20:41:41.334 26078-13805 AudioALSAStreamIn       and...re.audio@2.0-service-mediatek  D  +standby()
2026-03-30 20:41:41.334 26078-13805 AudioALSAStreamIn       and...re.audio@2.0-service-mediatek  D  -standby()
2026-03-30 20:41:41.367 26072-26072 AudioFlinger            audioserver                          D  track(0xaab72fc0): mIsOut 0, mFrameCount 3840, mSampleRate 48000, mFormat 1, mChannelCount 1, mTrackCount 247, thread 0xaa483680, sessionId 2385
2026-03-30 20:41:41.367 17343-19174 AudioRecord             com.reedersystems.commandcomms       D  openRecord_l: 0x8be7fc00, mCblk = 0x846141c0
2026-03-30 20:41:41.368 17343-19174 AudioRecord             com.reedersystems.commandcomms       D  start: 0x8be7fc00, sync event 0 trigger session 0
2026-03-30 20:41:41.368 26072-26072 APM_AudioPolicyManager  audioserver                          D  startInput() input 382
2026-03-30 20:41:41.370 26078-26078 AudioALSAHardware       and...re.audio@2.0-service-mediatek  D  +routing createAudioPatch 80000004->Mixer Src 7
2026-03-30 20:41:41.371 26078-26078 AudioALSAStreamManager  and...re.audio@2.0-service-mediatek  D  +setParameters(), IOport = 382, keyValuePairs = input_source=7;routing=-2147483644
2026-03-30 20:41:41.371 26078-26078 AudioALSAStreamIn       and...re.audio@2.0-service-mediatek  D  +setParameters(): input_source=7;routing=-2147483644
2026-03-30 20:41:41.371 26078-26078 AudioALSAStreamManager  and...re.audio@2.0-service-mediatek  D  +routingInputDevice(), input_device: 0x80000004 => 0x80000004
2026-03-30 20:41:41.371 26078-26078 AudioALSAStreamManager  and...re.audio@2.0-service-mediatek  W  -routingInputDevice(), input_device == current_input_device(0x80000004), return
2026-03-30 20:41:41.371 26078-26078 AudioALSAStreamIn       and...re.audio@2.0-service-mediatek  D  -setParameters(): input_source=7;routing=-2147483644 
2026-03-30 20:41:41.373 17343-19174 AudioRecord             com.reedersystems.commandcomms       D  start return status 0
2026-03-30 20:41:41.385 26078-26078 AudioALSAStreamIn       and...re.audio@2.0-service-mediatek  D  addAudioEffect(), 0xae718d60
2026-03-30 20:41:41.385 26078-26078 AudioALSAStreamIn       and...re.audio@2.0-service-mediatek  D  addAudioEffect(), effect name:Acoustic Echo Canceler, BackupCount=0
2026-03-30 20:41:41.385 26078-26078 AudioALSAStreamIn       and...re.audio@2.0-service-mediatek  D  addAudioEffect(), AECOn, need reopen the capture handle
2026-03-30 20:41:41.385 26078-26078 AudioALSAStreamIn       and...re.audio@2.0-service-mediatek  D  addAudioEffect()-
2026-03-30 20:41:41.389 26078-26078 AudioALSAStreamIn       and...re.audio@2.0-service-mediatek  D  addAudioEffect(), 0xad28fdc0
2026-03-30 20:41:41.389 26078-26078 AudioALSAStreamIn       and...re.audio@2.0-service-mediatek  D  addAudioEffect(), effect name:Noise Suppression, BackupCount=1
2026-03-30 20:41:41.389 26078-26078 AudioALSAStreamIn       and...re.audio@2.0-service-mediatek  D  addAudioEffect()-
2026-03-30 20:41:41.400 26078-19387 AudioALSAStreamIn       and...re.audio@2.0-service-mediatek  D  open()
2026-03-30 20:41:41.401 26078-19387 AudioALSAStreamManager  and...re.audio@2.0-service-mediatek  D  +createCaptureHandler(), mAudioMode = 0, input_source = 7, input_device = 0x80000004, mBypassDualMICProcessUL=0, sample_rate=48000
2026-03-30 20:41:41.402 26078-19387 NVRAM                   and...re.audio@2.0-service-mediatek  D  getNumMicSupport(), dualMicFlag 1, numMicString 2
2026-03-30 20:41:41.405 26078-19387 NVRAM                   and...re.audio@2.0-service-mediatek  D  QueryFeatureSupportInfo(), feature support bit 0x1a097c57 
2026-03-30 20:41:41.406 26078-19387 AudioALSAStreamManager  and...re.audio@2.0-service-mediatek  D  -EnableBesRecord(), 1
2026-03-30 20:41:41.407 26078-19387 AudioALSAC...andlerBase and...re.audio@2.0-service-mediatek  D  AudioALSACaptureHandlerBase()
2026-03-30 20:41:41.409 26078-19387 AudioALSAC...HandlerAEC and...re.audio@2.0-service-mediatek  D  AudioALSACaptureHandlerAEC()
2026-03-30 20:41:41.409 26078-19387 AudioALSAC...HandlerAEC and...re.audio@2.0-service-mediatek  D  +open(), input_device = 0x80000004, input_source = 0x7, sample_rate=48000, num_channels=1, output_devices=0x2
2026-03-30 20:41:41.409 26078-19387 AudioALSAC...DataClient and...re.audio@2.0-service-mediatek  D  AudioALSACaptureDataClient()
2026-03-30 20:41:41.409 26078-19387 AudioSPELayer           and...re.audio@2.0-service-mediatek  D  SPELayer+
2026-03-30 20:41:41.410 26078-19387 AudioSPELayer           and...re.audio@2.0-service-mediatek  D  GetVoIPJitterTime JitterTime=0,ret=1
2026-03-30 20:41:41.416 26078-19387 AudioSPELayer           and...re.audio@2.0-service-mediatek  D  SPELayer-
2026-03-30 20:41:41.416 26078-19387 AudioMTKGainController  and...re.audio@2.0-service-mediatek  D  +SetCaptureGain(), mode=0, source=7, input device=0x80000004, output device=0x2
2026-03-30 20:41:41.416 26078-19387 NVRAM                   and...re.audio@2.0-service-mediatek  D  getNumMicSupport(), dualMicFlag 1, numMicString 2
2026-03-30 20:41:41.416 26078-19387 NVRAM                   and...re.audio@2.0-service-mediatek  D  QueryFeatureSupportInfo(), feature support bit 0x1a097c57 
2026-03-30 20:41:41.416 26078-19387 AudioSpeechEnhanceInfo  and...re.audio@2.0-service-mediatek  D  IsAPDMNRTuningEnable(), 0
2026-03-30 20:41:41.416 26078-19387 AudioUtility            and...re.audio@2.0-service-mediatek  D  IsAudioSupportFeature AUDIO_SUPPORT_DMIC bSupportFlg[0]
2026-03-30 20:41:41.416 26078-19387 AudioMTKGainController  and...re.audio@2.0-service-mediatek  D  ApplyMicGain(), mSceneIndex = 0, _mic_mode = 0, _gain_device = 2, mode = 0, micgain = 20, mULTotalGain = 152, mBand = 0, mNetwork = 0, analogidx = 2
2026-03-30 20:41:41.417 26078-19387 AudioALSAC...DataClient and...re.audio@2.0-service-mediatek  D  AudioALSACaptureDataClient(), besrecord_enable=1, besrecord_scene=-1
2026-03-30 20:41:41.417 26078-19387 AudioSPELayer           and...re.audio@2.0-service-mediatek  D  SetVMDumpEnable(), 0
2026-03-30 20:41:41.417 26078-19387 AudioSPELayer           and...re.audio@2.0-service-mediatek  D  SetVMDumpFileName()+, VMFileName=
2026-03-30 20:41:41.417 26078-19387 AudioSPELayer           and...re.audio@2.0-service-mediatek  D  SetVMDumpFileName()-, VMFileName=, mVMDumpFileName=
2026-03-30 20:41:41.417 26078-19387 AudioSPELayer           and...re.audio@2.0-service-mediatek  D  SetPlatfromTimeOffset, old=0, new=-4
2026-03-30 20:41:41.417 26078-19387 AudioALSAC...DataClient and...re.audio@2.0-service-mediatek  D  CheckBesRecordBypass() 0
2026-03-30 20:41:41.417 26078-19387 AudioALSAC...DataClient and...re.audio@2.0-service-mediatek  D  +ConfigBesRecordParams()
2026-03-30 20:41:41.417 26078-19387 AudioALSAC...DataClient and...re.audio@2.0-service-mediatek  D  +GetBesRecordRoutePath(), output device = 0x2, input device = 0x80000004
2026-03-30 20:41:41.417 26078-19387 AudioALSAC...DataClient and...re.audio@2.0-service-mediatek  D  ConfigBesRecordParams(), categoryPath = Profile,Hands-free no 1mic NR, mBesRecordStereoMode = 0, input_source = 7, input_devices = 80000004, bVoIPEnable = 1, bypassDualProcess = 0
2026-03-30 20:41:41.417 26078-19387 AudioSPELayer           and...re.audio@2.0-service-mediatek  D  SetCompFilter, SPE_MODE=2
2026-03-30 20:41:41.417 26078-19387 NVRAM                   and...re.audio@2.0-service-mediatek  D  getNumMicSupport(), dualMicFlag 1, numMicString 2
2026-03-30 20:41:41.417 26078-19387 NVRAM                   and...re.audio@2.0-service-mediatek  D  QueryFeatureSupportInfo(), feature support bit 0x1a097c57 
2026-03-30 20:41:41.417 26078-19387 NVRAM                   and...re.audio@2.0-service-mediatek  D  getNumMicSupport(), dualMicFlag 1, numMicString 2
2026-03-30 20:41:41.417 26078-19387 NVRAM                   and...re.audio@2.0-service-mediatek  D  QueryFeatureSupportInfo(), feature support bit 0x1a097c57 
2026-03-30 20:41:41.417 26078-19387 AudioALSAC...DataClient and...re.audio@2.0-service-mediatek  D  SetDMNREnable(), type=2, bypassDMNR=0
2026-03-30 20:41:41.417 26078-19387 NVRAM                   and...re.audio@2.0-service-mediatek  D  getNumMicSupport(), dualMicFlag 1, numMicString 2
2026-03-30 20:41:41.417 26078-19387 NVRAM                   and...re.audio@2.0-service-mediatek  D  QueryFeatureSupportInfo(), feature support bit 0x1a097c57 
2026-03-30 20:41:41.417 26078-19387 NVRAM                   and...re.audio@2.0-service-mediatek  D  getNumMicSupport(), dualMicFlag 1, numMicString 2
2026-03-30 20:41:41.417 26078-19387 NVRAM                   and...re.audio@2.0-service-mediatek  D  QueryFeatureSupportInfo(), feature support bit 0x1a097c57 
2026-03-30 20:41:41.417 26078-19387 AudioSPELayer           and...re.audio@2.0-service-mediatek  D  SetDynamicFuncCtrl(), SetDynamicFuncCtrl ffffffff(40), enable(1) == current_state(1)
2026-03-30 20:41:41.417 26078-19387 AudioSPELayer           and...re.audio@2.0-service-mediatek  D  SetDynamicFuncCtrl(), SetDynamicFuncCtrl fffffffd
2026-03-30 20:41:41.417 26078-19387 AudioSPELayer           and...re.audio@2.0-service-mediatek  D  SetRoute, 2
2026-03-30 20:41:41.417 26078-19387 AudioSPELayer           and...re.audio@2.0-service-mediatek  D  SetMICDigitalGain, MIC_DG, SPE_MODE=2, gain=12
2026-03-30 20:41:41.417 26078-19387 AudioSPELayer           and...re.audio@2.0-service-mediatek  D  SetUpLinkTotalGain, SPE_MODE=2, gain=152
2026-03-30 20:41:41.417 26078-19387 AudioALSAC...DataClient and...re.audio@2.0-service-mediatek  D  -ConfigBesRecordParams()
2026-03-30 20:41:41.418 26078-19387 AudioALSAC...DataClient and...re.audio@2.0-service-mediatek  D  +StartBesRecord()
2026-03-30 20:41:41.418 26078-19387 AudioSPELayer           and...re.audio@2.0-service-mediatek  D  GetVoIPLatencyTime LatencyTime=0,ret=1
2026-03-30 20:41:41.418 26078-19387 AudioSPELayer           and...re.audio@2.0-service-mediatek  D  mLatencyTime=4,mLatencyDir=0
2026-03-30 20:41:41.418 26078-19387 AudioSPELayer           and...re.audio@2.0-service-mediatek  D  Start, SWIP ver = 10.2
2026-03-30 20:41:41.418 26078-19387 AudioSPELayer           and...re.audio@2.0-service-mediatek  D  Start, going to configure,mSphCtrlBuffer=0xac4c5900,mem_size=226672
2026-03-30 20:41:41.418 26078-19387 AudioSPELayer           and...re.audio@2.0-service-mediatek  D  dump, State=0, mode=0
2026-03-30 20:41:41.418 26078-19387 AudioSPELayer           and...re.audio@2.0-service-mediatek  D  Record:Samplerate = 48000, FrameRate=20,App_table=8, Fea_Cfg_table=1ff
2026-03-30 20:41:41.418 26078-19387 AudioSPELayer           and...re.audio@2.0-service-mediatek  D  Record:EnhanceParas
2026-03-30 20:41:41.418 26078-19387 AudioSPELayer           and...re.audio@2.0-service-mediatek  D  [index 0] 96,253,16388,32796,49415,0,400
2026-03-30 20:41:41.418 26078-19387 AudioSPELayer           and...re.audio@2.0-service-mediatek  D  [index 1] 0,272,4325,99,0,0,0
2026-03-30 20:41:41.418 26078-19387 AudioSPELayer           and...re.audio@2.0-service-mediatek  D  [index 2] 0,8192,0,0,0,10752,32769
2026-03-30 20:41:41.418 26078-19387 AudioSPELayer           and...re.audio@2.0-service-mediatek  D  [index 3] 0,0,0,0,0,0,0
2026-03-30 20:41:41.418 26078-19387 AudioSPELayer           and...re.audio@2.0-service-mediatek  D  [index 4] 0,0,0,0,0,0,0
2026-03-30 20:41:41.418 26078-19387 AudioSPELayer           and...re.audio@2.0-service-mediatek  D  [index 5] 0,0,0,0,0,0,0
2026-03-30 20:41:41.418 26078-19387 AudioSPELayer           and...re.audio@2.0-service-mediatek  D  [index 6] 0,0,0,0,0,0,0
2026-03-30 20:41:41.419 26078-19387 AudioSPELayer           and...re.audio@2.0-service-mediatek  D  [index 7] 0,0,0,0,0,0,0
2026-03-30 20:41:41.419 26078-19387 AudioSPELayer           and...re.audio@2.0-service-mediatek  D  Using:Samplerate = 16000, FrameRate=20,MIC_DG=12, App_table=2, Fea_Cfg_table=1ff, MMI_table=fffffffd, Device_mode=2, MMI_MIC_GAIN=152
2026-03-30 20:41:41.419 26078-19387 AudioSPELayer           and...re.audio@2.0-service-mediatek  D  Using:EnhanceParas
2026-03-30 20:41:41.419 26078-19387 AudioSPELayer           and...re.audio@2.0-service-mediatek  D  [index 0] 192,224,2218,29,57351,24607,0
2026-03-30 20:41:41.419 26078-19387 AudioSPELayer           and...re.audio@2.0-service-mediatek  D  [index 1] 4,276,197,611,0,13066,0
2026-03-30 20:41:41.419 26078-19387 AudioSPELayer           and...re.audio@2.0-service-mediatek  D  [index 2] 0,0,0,0,0,0,0
2026-03-30 20:41:41.419 26078-19387 AudioSPELayer           and...re.audio@2.0-service-mediatek  D  [index 3] 0,0,0,0,0,0,0
2026-03-30 20:41:41.419 26078-19387 AudioSPELayer           and...re.audio@2.0-service-mediatek  D  [index 4] 0,0,0,0,0,0,0
2026-03-30 20:41:41.419 26078-19387 AudioSPELayer           and...re.audio@2.0-service-mediatek  D  [index 5] 0,0,0,0,0,0,0
2026-03-30 20:41:41.419 26078-19387 AudioSPELayer           and...re.audio@2.0-service-mediatek  D  [index 6] 0,0,0,0,0,0,0
2026-03-30 20:41:41.419 26078-19387 AudioSPELayer           and...re.audio@2.0-service-mediatek  D  [index 7] 55997,31000,10752,32769,0,0,0
2026-03-30 20:41:41.419 26078-19387 AudioSPELayer           and...re.audio@2.0-service-mediatek  D  Using:DMNRCalData
2026-03-30 20:41:41.419 26078-19387 AudioSPELayer           and...re.audio@2.0-service-mediatek  D  [index 0] 0,0,0,0,0,0,0,0,0,0,0,0,0,0,0,0,0,0,0
2026-03-30 20:41:41.419 26078-19387 AudioSPELayer           and...re.audio@2.0-service-mediatek  D  [index 1] 0,0,0,0,0,0,0,0,0,0,0,0,0,0,0,0,0,0,0
2026-03-30 20:41:41.419 26078-19387 AudioSPELayer           and...re.audio@2.0-service-mediatek  D  [index 2] 0,0,0,0,0,0,0,0,0,0,0,0,0,0,0,0,0,0,0
2026-03-30 20:41:41.419 26078-19387 AudioSPELayer           and...re.audio@2.0-service-mediatek  D  [index 3] 0,0,0,0,0,0,0,0,0,0,0,0,0,0,0,0,0,0,0
2026-03-30 20:41:41.419 26078-19387 AudioSPELayer           and...re.audio@2.0-service-mediatek  D  mSph_Enh_ctrl.frame_rate 20
2026-03-30 20:41:41.419 26078-19387 AudioSPELayer           and...re.audio@2.0-service-mediatek  D  mNsecPerSample=62500
2026-03-30 20:41:41.419 26078-19387 AudioSPELayer           and...re.audio@2.0-service-mediatek  D  mSPEProcessBufSize=1280
2026-03-30 20:41:41.421 25998-25998 gle.vp8.encoder         media.codec                          W  type=1400 audit(0.0:268028): avc: denied { getattr } for path="/dev/sw_sync" dev="tmpfs" ino=236 scontext=u:r:mediacodec:s0 tcontext=u:object_r:sw_sync_device:s0 tclass=chr_file permissive=0
2026-03-30 20:41:41.419 26078-19387 AudioALSAC...DataClient and...re.audio@2.0-service-mediatek  D  -StartBesRecord()
2026-03-30 20:41:41.419 26078-19387 AudioALSAC...DataClient and...re.audio@2.0-service-mediatek  D  IsLowLatencyCapture(), low_latency_on: 0, voip_on: 1
2026-03-30 20:41:41.419 26078-19387 chatty                  and...re.audio@2.0-service-mediatek  I  uid=1041(audioserver) reader identical 2 lines
2026-03-30 20:41:41.419 26078-19387 AudioALSAC...DataClient and...re.audio@2.0-service-mediatek  D  IsLowLatencyCapture(), low_latency_on: 0, voip_on: 1
2026-03-30 20:41:41.419 26078-19387 AudioALSAC...DataClient and...re.audio@2.0-service-mediatek  D  sample rate = 48000, drop ms = 25, channels = 1, byts per sample = 2, dropBesRecordDataSize = 3840
2026-03-30 20:41:41.419 26078-19387 AudioPreProcess         and...re.audio@2.0-service-mediatek  D  AudioPreProcess()+
2026-03-30 20:41:41.420 26078-19387 AudioPreProcess         and...re.audio@2.0-service-mediatek  D  AudioPreProcess()-
2026-03-30 20:41:41.420 26078-19387 AudioALSAC...DataClient and...re.audio@2.0-service-mediatek  D  +CheckNativeEffect() 2
2026-03-30 20:41:41.420 26078-19387 AudioPreProcess         and...re.audio@2.0-service-mediatek  D  CheckNativeEffect()+ 0 using
2026-03-30 20:41:41.420 26078-19387 AudioPreProcess         and...re.audio@2.0-service-mediatek  D  PreProcessEffect_Count 2
2026-03-30 20:41:41.420 26078-19387 AudioPreProcess         and...re.audio@2.0-service-mediatek  D  addAudioEffect()+ 0xae718d60
2026-03-30 20:41:41.420 26078-19387 AudioPreProcess         and...re.audio@2.0-service-mediatek  D  find AEC: 0x0
2026-03-30 20:41:41.420 26078-19387 AudioPreProcess         and...re.audio@2.0-service-mediatek  D  open AEC even record is already start
2026-03-30 20:41:41.420 26078-19387 AudioPreProcess         and...re.audio@2.0-service-mediatek  D  start_echo_reference()+ channel_count=1,sampling_rate=48000,mEcho_Reference=0x0
2026-03-30 20:41:41.420 26078-19387 AudioPreProcess         and...re.audio@2.0-service-mediatek  D  clear_echo_reference()+ 0x0
2026-03-30 20:41:41.420 26078-19387 AudioPreProcess         and...re.audio@2.0-service-mediatek  D  clear_echo_reference()-
2026-03-30 20:41:41.420 26078-19387 AudioPreProcess         and...re.audio@2.0-service-mediatek  D  start_echo_reference,wr_channel_count=2,wr_sampling_rate=48000
2026-03-30 20:41:41.420 26078-19387 AudioPreProcess         and...re.audio@2.0-service-mediatek  D  start_echo_reference(),wr_channel_count=2,wr_sampling_rate=48000
2026-03-30 20:41:41.420 26078-19387 AudioPreProcess         and...re.audio@2.0-service-mediatek  D  add_echo_reference()+, reference=0xad1a2d80
2026-03-30 20:41:41.420 26078-19387 AudioPreProcess         and...re.audio@2.0-service-mediatek  D  add_echo_reference()-
2026-03-30 20:41:41.420 26078-19387 AudioPreProcess         and...re.audio@2.0-service-mediatek  D  start_echo_reference()-
2026-03-30 20:41:41.420 26078-19387 AudioPreProcess         and...re.audio@2.0-service-mediatek  D  in_configure_reverse()+
2026-03-30 20:41:41.420 26078-19387 AudioPreProcess         and...re.audio@2.0-service-mediatek  D  in_configure_reverse()-, status=0
2026-03-30 20:41:41.420 26078-19387 AudioPreProcess         and...re.audio@2.0-service-mediatek  D  addAudioEffect(), effect type: 7b491460, effect name:Acoustic Echo Canceler
2026-03-30 20:41:41.420 26078-19387 AudioPreProcess         and...re.audio@2.0-service-mediatek  D  addAudioEffect(), StreamInAttributeinfo num_channels=1, audio_channel_mask=10, sample_rate=48000
2026-03-30 20:41:41.420 26078-19387 AudioPreProcess         and...re.audio@2.0-service-mediatek  D  addAudioEffect()-, RetStatus=0
2026-03-30 20:41:41.420 26078-19387 AudioPreProcess         and...re.audio@2.0-service-mediatek  D  addAudioEffect()+ 0xad28fdc0
2026-03-30 20:41:41.420 26078-19387 AudioPreProcess         and...re.audio@2.0-service-mediatek  D  addAudioEffect(), effect type: 58b4b260, effect name:Noise Suppression
2026-03-30 20:41:41.420 26078-19387 AudioPreProcess         and...re.audio@2.0-service-mediatek  D  addAudioEffect(), StreamInAttributeinfo num_channels=1, audio_channel_mask=10, sample_rate=48000
2026-03-30 20:41:41.420 26078-19387 AudioPreProcess         and...re.audio@2.0-service-mediatek  D  addAudioEffect()-, RetStatus=0
2026-03-30 20:41:41.420 26078-19387 AudioPreProcess         and...re.audio@2.0-service-mediatek  D  CheckNativeEffect()-
2026-03-30 20:41:41.420 26078-19387 AudioALSAC...DataClient and...re.audio@2.0-service-mediatek  D  -CheckNativeEffect()
2026-03-30 20:41:41.420 26078-19387 AudioALSAC...oviderBase and...re.audio@2.0-service-mediatek  D  configStreamAttribute(), audio_mode: 0 => 0, input_device: 0x80000004 => 0x80000004, flag: 0x0 => 0x0, input_source: 7->7
2026-03-30 20:41:41.420 26078-19387 AudioALSAC...oviderBase and...re.audio@2.0-service-mediatek  D  attach(), 0xad31df00, mCaptureDataClientVector.size()=0, Identity=0xae77d980
2026-03-30 20:41:41.420 26078-19387 AudioALSADeviceParser   and...re.audio@2.0-service-mediatek  D  compare pcm success = 1, stringpair = MultiMedia1_Capture
2026-03-30 20:41:41.420 26078-19387 AudioALSAC...iderNormal and...re.audio@2.0-service-mediatek  D  open(+), audiomode=0, cardindex = 0, pcmindex = 1
2026-03-30 20:41:41.421 26078-19387 AudioSpeechEnhanceInfo  and...re.audio@2.0-service-mediatek  D  GetHifiRecord, mHiFiRecordEnable=0
2026-03-30 20:41:41.421 26078-19387 AudioALSAC...iderNormal and...re.audio@2.0-service-mediatek  D  buffersizemax: 49152, bHifiRecord: 0, btempDebug: 0
2026-03-30 20:41:41.421 26078-19387 AudioALSAC...DataClient and...re.audio@2.0-service-mediatek  D  IsLowLatencyCapture(), low_latency_on: 0, voip_on: 1
2026-03-30 20:41:41.422 26078-19387 AudioALSAC...iderNormal and...re.audio@2.0-service-mediatek  D  mConfig format: 1, channels: 2, rate: 48000, period_size: 960, period_count: 6, latency: 20, kReadBufferSize: 7680, mCaptureDropSize: 0
2026-03-30 20:41:41.422 26078-19387 AudioALSADeviceParser   and...re.audio@2.0-service-mediatek  D  compare pcm success = 1, stringpair = MultiMedia1_Capture
2026-03-30 20:41:41.422 26078-19387 AudioALSAH...rceManager and...re.audio@2.0-service-mediatek  D  +startInputDevice(), new_device = 0x80000004, mInputDevice = 0x0, mStartInputDeviceCount = 0, mMicInverse = 0, mNumPhoneMicSupport = 2
2026-03-30 20:41:41.422 26078-19387 AudioALSAD...figManager and...re.audio@2.0-service-mediatek  D  ApplyDeviceSettingByName() DeviceName = Mic1TypeACCMode descriptor->DeviceStatusCounter = 0
2026-03-30 20:41:41.422 26078-19387 AudioALSAD...figManager and...re.audio@2.0-service-mediatek  D  ApplyDeviceSettingByName() DeviceName = Mic2TypeACCMode descriptor->DeviceStatusCounter = 0
2026-03-30 20:41:41.423 26078-19387 AudioUtility            and...re.audio@2.0-service-mediatek  D  IsAudioSupportFeature AUDIO_SUPPORT_DMIC bSupportFlg[0]
2026-03-30 20:41:41.423 26078-19387 AudioALSAD...figManager and...re.audio@2.0-service-mediatek  D  ApplyDeviceTurnonSequenceByName() DeviceName = builtin_Mic_DualMic descriptor->DeviceStatusCounte = 0
2026-03-30 20:41:41.424 26078-19387 AudioALSAC...iderNormal and...re.audio@2.0-service-mediatek  D  open(-)
2026-03-30 20:41:41.424 26078-19387 AudioSPELayer           and...re.audio@2.0-service-mediatek  D  SetUPLinkDropTime, 0
2026-03-30 20:41:41.424 26078-19387 AudioALSAC...DataClient and...re.audio@2.0-service-mediatek  D  CheckNeedBesRecordSRC(), mStreamAttributeSource->sample_rate=48000, mStreamAttributeSource->num_channels=2, mStreamAttributeTarget->sample_rate=48000,mStreamAttributeTarget->num_channels=1, BesRecord_usingsamplerate=16000
2026-03-30 20:41:41.424 26078-19387 MtkAudioSrc             and...re.audio@2.0-service-mediatek  D  open(), SR 48000, CH 2; out SR 16000, CH 2; format 0, mState = 2
2026-03-30 20:41:41.424 26078-19387 MtkAudioSrc             and...re.audio@2.0-service-mediatek  D  open(), SR 16000, CH 2; out SR 48000, CH 2; format 0, mState = 2
2026-03-30 20:41:41.424 26078-19387 AudioALSAC...DataClient and...re.audio@2.0-service-mediatek  D  CheckNeedBesRecordSRC(), 1, 16000, mBesRecSRCSizeFactor=1
2026-03-30 20:41:41.424 26078-19387 AudioALSAC...DataClient and...re.audio@2.0-service-mediatek  D  CheckChannelRemixOp(), ch 2->1 (mBesRecordStereoMode = 0, BesRecord enable = 1), ChannelRemixOp = 4
2026-03-30 20:41:41.424 26078-19387 AudioALSAC...DataClient and...re.audio@2.0-service-mediatek  D  +AddEchoRefDataProvider()
2026-03-30 20:41:41.424 26078-19387 AudioALSAC...DataClient and...re.audio@2.0-service-mediatek  D  AddEchoRefDataProvider(), mCaptureDataProviderEchoRef=0xad31e900
2026-03-30 20:41:41.424 26078-19387 AudioALSAC...oviderBase and...re.audio@2.0-service-mediatek  D  attach(), 0xad31e900, mCaptureDataClientVector.size()=0, Identity=0xae77d980
2026-03-30 20:41:41.424 26078-19387 AudioALSAC...derEchoRef and...re.audio@2.0-service-mediatek  D  open()
2026-03-30 20:41:41.424 26078-19387 AudioALSAC...DataClient and...re.audio@2.0-service-mediatek  D  IsLowLatencyCapture(), low_latency_on: 0, voip_on: 1
2026-03-30 20:41:41.424 26078-19387 AudioALSAC...derEchoRef and...re.audio@2.0-service-mediatek  D  open(), audio_format = 1, audio_channel_mask=c, num_channels=2, sample_rate=48000, buf_total_latency=120ms
2026-03-30 20:41:41.425 26078-19387 AudioALSAC...derEchoRef and...re.audio@2.0-service-mediatek  D  open(), format = 0, channels=2, rate=48000, period_size=240, period_count=24,latency=5,kReadBufferSize=960
2026-03-30 20:41:41.425 26078-19387 AudioALSADeviceParser   and...re.audio@2.0-service-mediatek  D  compare pcm success = 9, stringpair = DL1_AWB_Record
2026-03-30 20:41:41.425 26078-19387 MtkAudioSrc             and...re.audio@2.0-service-mediatek  D  open(), SR 48000, CH 2; out SR 16000, CH 1; format 0, mState = 2
2026-03-30 20:41:41.425 26078-19387 AudioSPELayer           and...re.audio@2.0-service-mediatek  D  SetDownLinkLatencyTime, 120
2026-03-30 20:41:41.426 26078-19389 AudioALSAC...DataClient and...re.audio@2.0-service-mediatek  D  IsLowLatencyCapture(), low_latency_on: 0, voip_on: 1
2026-03-30 20:41:41.426 26078-19389 AudioALSAC...derEchoRef and...re.audio@2.0-service-mediatek  D  +readThread(), pid: 26078, tid: 19389, kReadBufferSize=3c0
2026-03-30 20:41:41.434 26078-19388 AudioALSAC...DataClient and...re.audio@2.0-service-mediatek  D  IsLowLatencyCapture(), low_latency_on: 0, voip_on: 1
2026-03-30 20:41:41.434 26078-19388 AudioALSAC...iderNormal and...re.audio@2.0-service-mediatek  D  +readThread(), pid: 26078, tid: 19388, kReadBufferSize=0x1e00, open_index=45, UPLINK_SET_AMICDCC_BUFFER_TIME_MS = 80, counter=1 
2026-03-30 20:41:41.436 26078-19387 AudioALSAC...DataClient and...re.audio@2.0-service-mediatek  D  readthread all ready! pcm start
2026-03-30 20:41:41.436 26078-19387 AudioSPELayer           and...re.audio@2.0-service-mediatek  D  resync the latency delay time
2026-03-30 20:41:41.436 26078-19387 AudioALSAC...DataClient and...re.audio@2.0-service-mediatek  D  AddEchoRefDataProvider(), Source sample_rate=48000, num_channels=2, audio_format=1
2026-03-30 20:41:41.436 26078-19388 AudioALSAC...oviderBase and...re.audio@2.0-service-mediatek  D  pcm_start
2026-03-30 20:41:41.436 26078-19387 AudioALSAC...DataClient and...re.audio@2.0-service-mediatek  D  AddEchoRefDataProvider(), Target sample_rate=48000, num_channels=2, audio_format=1
2026-03-30 20:41:41.436 26078-19387 AudioALSAC...DataClient and...re.audio@2.0-service-mediatek  D  -AddEchoRefDataProvider()
2026-03-30 20:41:41.436 26078-19387 AudioALSAC...HandlerAEC and...re.audio@2.0-service-mediatek  D  -open()
2026-03-30 20:41:41.443 26078-19389 AudioALSAC...oviderBase and...re.audio@2.0-service-mediatek  D  pcm_start
2026-03-30 20:41:41.451 26075-19373 AudioTrack              mediaserver                          D  pause(): 0xac729000, mState = 1
2026-03-30 20:41:41.455 26075-19373 AudioTrack              mediaserver                          D  pause(): 0xac729000, mState = 1
2026-03-30 20:41:41.455 26075-19373 AudioTrack              mediaserver                          D  stop(): 0xac729000, mState = 4
2026-03-30 20:41:41.455 25998-19377 MtkOmxAudioDecBase      media.codec                          D  # Got general command (OMX_CommandFlush)
2026-03-30 20:41:41.458 25998-19377 MtkOmxAudioDecBase      media.codec                          D  # Got general command (OMX_CommandStateSet)
2026-03-30 20:41:41.459 25998-19377 MtkOmxAudioDecBase      media.codec                          D  # Got general command (OMX_CommandStateSet)
2026-03-30 20:41:41.474 26075-19374 MediaAnalyticsItem      mediaserver                          W  Unable to record: (codec:0:-1:-11:0:6:android.media.mediacodec.mime=audio/raw:android.media.mediacodec.mode=audio:android.media.mediacodec.encoder=0:android.media.mediacodec.codec=OMX.MTK.AUDIO.DECODER.RAW:android.media.mediacodec.secure=0:android.media.mediacodec.bytesin=23888:) [forcenew=0]
2026-03-30 20:41:41.474 26075-19369 NuPlayer                mediaserver                          D  audio shutdown completed
2026-03-30 20:41:41.477 26078-19388 AudioSPELayer           and...re.audio@2.0-service-mediatek  D  PrepareProcessData+
2026-03-30 20:41:41.477 26078-19388 AudioSPELayer           and...re.audio@2.0-service-mediatek  D  no downlink data, no need to sync
2026-03-30 20:41:41.477 26078-19388 AudioSPELayer           and...re.audio@2.0-service-mediatek  D  no DL buffer, need compensate 1, tmpSPEProcessBufSize=1280
2026-03-30 20:41:41.477 26078-19388 AudioSPELayer           and...re.audio@2.0-service-mediatek  D  CompensateBuffer, BufLength=640, sec=477474, nsec=625672121
2026-03-30 20:41:41.482 26075-26750 AudioTrack              mediaserver                          D  ~AudioTrack(): 0xac729000
2026-03-30 20:41:41.482 26075-26750 AudioTrack              mediaserver                          D  stop(): 0xac729000, mState = 4
2026-03-30 20:41:41.485 25998-25998 gle.vp8.encoder         media.codec                          W  type=1400 audit(0.0:268029): avc: denied { getattr } for path="/dev/sw_sync" dev="tmpfs" ino=236 scontext=u:r:mediacodec:s0 tcontext=u:object_r:sw_sync_device:s0 tclass=chr_file permissive=0
2026-03-30 20:41:41.497 26078-19388 AudioSPELayer           and...re.audio@2.0-service-mediatek  D  PrepareProcessData+
2026-03-30 20:41:41.497 26078-19388 AudioSPELayer           and...re.audio@2.0-service-mediatek  D  mDLInBufferQ i=0, length=160, 0xad304cc0, Sec=477474, NSec=643627563
2026-03-30 20:41:41.497 26078-19388 AudioSPELayer           and...re.audio@2.0-service-mediatek  D  mDLInBufferQ i=1, length=160, 0xad304d60, Sec=477474, NSec=648641762
2026-03-30 20:41:41.497 26078-19388 AudioSPELayer           and...re.audio@2.0-service-mediatek  D  mDLInBufferQ i=2, length=160, 0xad304e00, Sec=477474, NSec=653668592
2026-03-30 20:41:41.497 26078-19388 AudioSPELayer           and...re.audio@2.0-service-mediatek  D  mDLInBufferQ i=3, length=160, 0xad304ea0, Sec=477474, NSec=658614492
2026-03-30 20:41:41.497 26078-19388 AudioSPELayer           and...re.audio@2.0-service-mediatek  D  PrepareProcessData, time_stamp_estimate, mULInBufferQ[0].sec=477474, mULInBufferQ[0].nsec=645672121
2026-03-30 20:41:41.497 26078-19388 AudioSPELayer           and...re.audio@2.0-service-mediatek  D  PrepareProcessData, time_stamp_estimate, mDLInBufferQ[0].sec=477474, mDLInBufferQ[0].nsec=643627563
2026-03-30 20:41:41.497 26078-19388 AudioSPELayer           and...re.audio@2.0-service-mediatek  D  TimeStampCompare, bRet=1
2026-03-30 20:41:41.497 26078-19388 AudioSPELayer           and...re.audio@2.0-service-mediatek  D  TimeStampCompare, bRet=0
2026-03-30 20:41:41.497 26078-19388 AudioSPELayer           and...re.audio@2.0-service-mediatek  D  TimeStampCompare, bRet=1
2026-03-30 20:41:41.497 26078-19388 AudioSPELayer           and...re.audio@2.0-service-mediatek  D  PrepareProcessData, calculate drop downlink data time
2026-03-30 20:41:41.501 25998-25998 gle.vp8.encoder         media.codec                          W  type=1400 audit(0.0:268030): avc: denied { getattr } for path="/dev/sw_sync" dev="tmpfs" ino=236 scontext=u:r:mediacodec:s0 tcontext=u:object_r:sw_sync_device:s0 tclass=chr_file permissive=0
2026-03-30 20:41:41.497 26078-19388 AudioSPELayer           and...re.audio@2.0-service-mediatek  D  PrepareProcessData, bULlate 1, deltaSec=0, deltaNSec=2044558
2026-03-30 20:41:41.497 26078-19388 AudioSPELayer           and...re.audio@2.0-service-mediatek  D  PrepareProcessData, diffnsec 2044558, diffSample=32, diffBufLength=64
2026-03-30 20:41:41.497 26078-19388 AudioSPELayer           and...re.audio@2.0-service-mediatek  D  PrepareProcessData, drop DL data diffBufLength=64, mDLInBufferQ.size()=4, mDLInBufferQ[0]->BufLen=160!!!
2026-03-30 20:41:41.497 26078-19388 AudioSPELayer           and...re.audio@2.0-service-mediatek  D  PrepareProcessData, mDLInBufferQ[0]->pRead=0xad304cc0 , mDLInBufferQ[0]->BufLen=160, sec 477474, nsec 643627563
2026-03-30 20:41:41.497 26078-19388 AudioSPELayer           and...re.audio@2.0-service-mediatek  D  PrepareProcessData, after mDLInBufferQ[0]->pRead=0xad304d00, mDLInBufferQ[0]->BufLen=96, updatensecdiff=2000000, sec=477474, nsec=645627563
2026-03-30 20:41:41.497 26078-19388 AudioSPELayer           and...re.audio@2.0-service-mediatek  D  PrepareProcessData, drop DL Delay data droplength=64, mDLDelayBufferQ.size()=4, mDLDelayBufferQ[0]->BufLen4Delay=160!!!
2026-03-30 20:41:41.497 26078-19388 AudioSPELayer           and...re.audio@2.0-service-mediatek  D  PrepareProcessData, mDLDelayBufferQ[0]->pRead=0xad304cc0
2026-03-30 20:41:41.497 26078-19388 AudioSPELayer           and...re.audio@2.0-service-mediatek  D  PrepareProcessData, after mDLDelayBufferQ[0]->pRead=0xad304d00, mDLDelayBufferQ[0]->BufLen=96
2026-03-30 20:41:41.497 26078-19388 AudioSPELayer           and...re.audio@2.0-service-mediatek  D  PrepareProcessData, finish, mDLInBufferQ.size = 4, mDLInBufQLenTotal=576, mULInBufferQ.size = 2, mULInBufQLenTotal=1280
2026-03-30 20:41:41.498 26078-19388 AudioSPELayer           and...re.audio@2.0-service-mediatek  D  PrepareProcessData, finish, mDLInBufferQ[0]->pRead=0xad304d00 , mDLInBufferQ[0]->BufLen=96, sec = 477474, nsec = 645627563
2026-03-30 20:41:41.498 26078-19388 AudioSPELayer           and...re.audio@2.0-service-mediatek  D  PrepareProcessData, finish, mULInBufferQ[0]->pRead=0xae705800 , mULInBufferQ[0]->BufLen=0, sec = 477474, nsec = 645672121
2026-03-30 20:41:41.498 26078-19388 AudioSPELayer           and...re.audio@2.0-service-mediatek  D  PrepareProcessData, adjust downlink data mLatencyDir=0,mLatencySampleCount=64
2026-03-30 20:41:41.498 26078-19388 AudioSPELayer           and...re.audio@2.0-service-mediatek  D  adjust downlink data drop DL data diffBufLength=0, mDLInBufferQ.size()=4, mDLInBufferQ[0]->BufLen=96!!!
2026-03-30 20:41:41.498 26078-19388 AudioSPELayer           and...re.audio@2.0-service-mediatek  D  adjust downlink data drop DL Delay data droplength=96, mDLDelayBufferQ.size()=4, mDLDelayBufferQ[0]->BufLen4Delay=96!!!
2026-03-30 20:41:41.498 26078-19388 AudioSPELayer           and...re.audio@2.0-service-mediatek  D  adjust downlink data drop DL data diffBufLength=0, mDLInBufferQ.size()=3, mDLInBufferQ[0]->BufLen=160!!!
2026-03-30 20:41:41.498 26078-19388 AudioSPELayer           and...re.audio@2.0-service-mediatek  D  adjust downlink data mDLInBufferQ[0]->pRead=0xad304d60 , mDLInBufferQ[0]->BufLen=160, sec 477474, nsec 648641762
2026-03-30 20:41:41.498 26078-19388 AudioSPELayer           and...re.audio@2.0-service-mediatek  D  adjust downlink data after mDLInBufferQ[0]->pRead=0xad304d80, mDLInBufferQ[0]->BufLen=128, updatensecdiff=1000000, sec=477474, nsec=649641762
2026-03-30 20:41:41.498 26078-19388 AudioSPELayer           and...re.audio@2.0-service-mediatek  D  adjust downlink data drop DL Delay data droplength=32, mDLDelayBufferQ.size()=3, mDLDelayBufferQ[0]->BufLen4Delay=160!!!
2026-03-30 20:41:41.498 26078-19388 AudioSPELayer           and...re.audio@2.0-service-mediatek  D  adjust downlink data mDLDelayBufferQ[0]->pRead=0xad304d60
2026-03-30 20:41:41.498 26078-19388 AudioSPELayer           and...re.audio@2.0-service-mediatek  D  adjust downlink data after mDLDelayBufferQ[0]->pRead=0xad304d80, mDLDelayBufferQ[0]->BufLen=128
2026-03-30 20:41:41.516 26078-19388 AudioSPELayer           and...re.audio@2.0-service-mediatek  D  WaitforDownlinkData pthread_cond_timedwait_relative_np timeout
