2026-04-10 22:07:31.385  6608-6666  [AudioDSP]              com.reedersystems.commandcomms       D  DSP_FRAME frame=1 pre=[samples=320 min=-6 max=4 rms=1.3 silent=true zeros=149] post=[samples=320 min=0 max=0 rms=0.0 silent=true zeros=320] gate=closed gateEnv=-91.6dB gateThreshold=-50.0dB t=246ms
2026-04-10 22:07:31.386  6608-6666  [AudioCapture]          com.reedersystems.commandcomms       D  PCM_FRAME frame=2 readRet=640 samples=320 min=-39 max=33 rms=11.4 silent=true zeros=19 downmix=false source=VOICE_COMMUNICATION sampleRate=16000 channels=1 t=247ms
2026-04-10 22:07:31.386  6608-6975  [RadioError]            com.reedersystems.commandcomms       E  OPUS_ENCODE_ASSERTION_FAILURE frame=0 source=VOICE_COMMUNICATION samples=320 bytes=640 expectedBytes=640 sampleRate=16000 frameSize=320 consecutiveFailures=1 assertionFailures=1 method=encode
2026-04-10 22:07:31.388  6608-6975  [OpusCodec]             com.reedersystems.commandcomms       D  Encoder re-initialized after assertion failure (sampleRate=16000 frameSize=320 complexity=5 VBR=false bitrate=64000) t=249ms
2026-04-10 22:07:31.388  6608-6975  [AudioDSP]              com.reedersystems.commandcomms       D  DSP_STATE_RESET_PENDING reason=encoder_reinitialized frame=0 t=249ms
2026-04-10 22:07:31.391  6608-6666  [AudioDSP]              com.reedersystems.commandcomms       D  DSP_FRAME frame=2 pre=[samples=320 min=-39 max=33 rms=11.4 silent=true zeros=19] post=[samples=320 min=0 max=0 rms=0.0 silent=true zeros=320] gate=closed gateEnv=-67.2dB gateThreshold=-50.0dB t=252ms
2026-04-10 22:07:31.394  6608-6975  [RadioError]            com.reedersystems.commandcomms       E  OPUS_ENCODE_ASSERTION_FAILURE frame=0 source=VOICE_COMMUNICATION samples=320 bytes=640 expectedBytes=640 sampleRate=16000 frameSize=320 consecutiveFailures=2 assertionFailures=2 method=encode
2026-04-10 22:07:31.395  6608-6975  [OpusCodec]             com.reedersystems.commandcomms       D  Encoder re-initialized after assertion failure (sampleRate=16000 frameSize=320 complexity=5 VBR=false bitrate=64000) t=256ms
2026-04-10 22:07:31.395  6608-6975  [AudioDSP]              com.reedersystems.commandcomms       D  DSP_STATE_RESET_PENDING reason=encoder_reinitialized frame=1 t=256ms
2026-04-10 22:07:31.405  6608-6666  [AudioCapture]          com.reedersystems.commandcomms       D  PCM_FRAME frame=3 readRet=640 samples=320 min=-6 max=7 rms=2.5 silent=true zeros=40 downmix=false source=VOICE_COMMUNICATION sampleRate=16000 channels=1 t=265ms
2026-04-10 22:07:31.405  6608-6666  [AudioDSP]              com.reedersystems.commandcomms       D  DSP_STATE_RESET reason=encoder_reinitialized frame=3 t=266ms
2026-04-10 22:07:31.408  6608-6666  [AudioDSP]              com.reedersystems.commandcomms       D  DSP_FRAME frame=3 pre=[samples=320 min=-6 max=7 rms=2.5 silent=true zeros=40] post=[samples=320 min=0 max=0 rms=0.0 silent=true zeros=320] gate=closed gateEnv=-84.6dB gateThreshold=-50.0dB t=269ms
2026-04-10 22:07:31.410  6608-6975  [RadioError]            com.reedersystems.commandcomms       E  OPUS_ENCODE_BACKOFF_STARTED consecutiveFailures=3 totalAssertionFailures=3 backoffFrames=5 frame=0 source=VOICE_COMMUNICATION — skipping 5 frames then re-init method=encode
2026-04-10 22:07:31.424  6608-6666  [AudioCapture]          com.reedersystems.commandcomms       D  PCM_FRAME frame=4 readRet=640 samples=320 min=-31 max=31 rms=13.9 silent=true zeros=6 downmix=false source=VOICE_COMMUNICATION sampleRate=16000 channels=1 t=285ms
2026-04-10 22:07:31.428  6608-7727  [AudioPlay]             com.reedersystems.commandcomms       D  PLC frame for seq=20256 (total=19881) jbSize=1 t=289ms
2026-04-10 22:07:31.446  6608-6666  [AudioCapture]          com.reedersystems.commandcomms       D  PCM_FRAME frame=5 readRet=640 samples=320 min=-41 max=28 rms=12.8 silent=true zeros=8 downmix=false source=VOICE_COMMUNICATION sampleRate=16000 channels=1 t=306ms
2026-04-10 22:07:31.464  6608-6666  [AudioCapture]          com.reedersystems.commandcomms       D  PCM_FRAME frame=6 readRet=640 samples=320 min=-33 max=29 rms=11.9 silent=true zeros=16 downmix=false source=VOICE_COMMUNICATION sampleRate=16000 channels=1 t=325ms
2026-04-10 22:07:31.484  6608-6666  [AudioCapture]          com.reedersystems.commandcomms       D  PCM_FRAME frame=7 readRet=640 samples=320 min=-42 max=41 rms=19.2 silent=true zeros=10 downmix=false source=VOICE_COMMUNICATION sampleRate=16000 channels=1 t=345ms
2026-04-10 22:07:31.487  6608-7727  [OpusCodec]             com.reedersystems.commandcomms       D  DECODE_SUMMARY frames=49 totalFrames=20491 totalOpusBytes=97910 totalPcmBytes=13114240 plcCount=19884 t=348ms
2026-04-10 22:07:31.504  6608-6666  [AudioCapture]          com.reedersystems.commandcomms       D  PCM_FRAME frame=8 readRet=640 samples=320 min=-34 max=48 rms=16.0 silent=true zeros=14 downmix=false source=VOICE_COMMUNICATION sampleRate=16000 channels=1 t=365ms
2026-04-10 22:07:31.507  6608-11102 [PTT-DIAG]              com.reedersystems.commandcomms       D  [FloorCtrl] SIGNALING_FLOOR_GRANTED channelId=DISPATCH__DISPATCH senderUnitId=INDIANA-1
2026-04-10 22:07:31.508  6608-6975  [OpusCodec]             com.reedersystems.commandcomms       D  ENCODE_BACKOFF_COMPLETE — re-initializing encoder and resuming t=369ms
2026-04-10 22:07:31.509  6608-6975  [OpusCodec]             com.reedersystems.commandcomms       D  Encoder re-initialized after assertion failure (sampleRate=16000 frameSize=320 complexity=5 VBR=false bitrate=64000) t=369ms
2026-04-10 22:07:31.509  6608-6975  [AudioDSP]              com.reedersystems.commandcomms       D  DSP_STATE_RESET_PENDING reason=encoder_reinitialized frame=7 t=370ms
2026-04-10 22:07:31.511  6608-6667  [PTT-DIAG]              com.reedersystems.commandcomms       D  RADIO_PTT_GRANTED channelId=DISPATCH__DISPATCH senderUnitId=INDIANA-1
2026-04-10 22:07:31.511  6608-6667  [FloorCtrl]             com.reedersystems.commandcomms       D  Floor GRANTED channelKey=DISPATCH__DISPATCH latencyMs=170 t=372ms
2026-04-10 22:07:31.513  6608-6608  [PTT-DIAG]              com.reedersystems.commandcomms       D  RadioState updated: TRANSMITTING
2026-04-10 22:07:31.513  6608-6667  [RadioState]            com.reedersystems.commandcomms       D  State transition: REQUESTING_FLOOR -> TRANSMITTING reason=floor_granted activeChannel=DISPATCH__DISPATCH txPipeline=false rxPipeline=true t=373ms
2026-04-10 22:07:31.515  6608-7135  [PTT-DIAG]              com.reedersystems.commandcomms       D  Floor GRANTED — promoting pre-capture to live TX
2026-04-10 22:07:31.517  6608-7135  [RadioEngine]           com.reedersystems.commandcomms       D  PRE_BUFFER_FLUSHED flushedFrames=8 durationMs=160 — live TX active t=378ms
2026-04-10 22:07:31.518  6608-9704  [UdpTransport]          com.reedersystems.commandcomms       D  TX_PACKET seq=6618 payloadBytes=641 framedBytes=663 dest=comms.reeder-systems.com:5100 channelIdx=169 t=379ms
2026-04-10 22:07:31.518  6608-7135  [PTT-DIAG]              com.reedersystems.commandcomms       D  PTT_STATE CONNECTING -> TRANSMITTING channelKey=DISPATCH__DISPATCH
2026-04-10 22:07:31.518  6608-9704  [UdpTransport]          com.reedersystems.commandcomms       D  TX_PACKET seq=6618 payloadBytes=641 framedBytes=663 dest=comms.reeder-systems.com:5100 channelIdx=169 t=379ms
2026-04-10 22:07:31.519  6608-9704  [UdpTransport]          com.reedersystems.commandcomms       D  TX_PACKET seq=6618 payloadBytes=641 framedBytes=663 dest=comms.reeder-systems.com:5100 channelIdx=169 t=380ms
2026-04-10 22:07:31.519  6608-9704  [UdpTransport]          com.reedersystems.commandcomms       D  TX_PACKET seq=6618 payloadBytes=641 framedBytes=663 dest=comms.reeder-systems.com:5100 channelIdx=169 t=380ms
2026-04-10 22:07:31.523  6608-9704  [UdpTransport]          com.reedersystems.commandcomms       D  TX_PACKET seq=6618 payloadBytes=641 framedBytes=663 dest=comms.reeder-systems.com:5100 channelIdx=169 t=381ms
2026-04-10 22:07:31.523  6608-9704  [UdpTransport]          com.reedersystems.commandcomms       D  TX_SUMMARY packets=6 totalPkts=6617 totalBytes=3443349 failures=0 dest=comms.reeder-systems.com:5100 t=384ms
2026-04-10 22:07:31.527  6608-6666  [AudioCapture]          com.reedersystems.commandcomms       D  PCM_FRAME frame=9 readRet=640 samples=320 min=-40 max=35 rms=14.7 silent=true zeros=9 downmix=false source=VOICE_COMMUNICATION sampleRate=16000 channels=1 t=388ms
2026-04-10 22:07:31.528  6608-6666  [AudioDSP]              com.reedersystems.commandcomms       D  DSP_STATE_RESET reason=encoder_reinitialized frame=9 t=388ms
2026-04-10 22:07:31.531  6608-7134  [FloorCtrl]             com.reedersystems.commandcomms       D  Channel busy — transmitting unit: INDIANA-1 state=TRANSMITTING t=392ms
2026-04-10 22:07:31.531  6608-7135  [PTT-DIAG]              com.reedersystems.commandcomms       D  Sending PTT_TX_STARTED broadcast
2026-04-10 22:07:31.541  6608-6975  [RadioError]            com.reedersystems.commandcomms       E  OPUS_ENCODE_ASSERTION_FAILURE frame=0 source=VOICE_COMMUNICATION samples=320 bytes=640 expectedBytes=640 sampleRate=16000 frameSize=320 consecutiveFailures=1 assertionFailures=4 method=encode
2026-04-10 22:07:31.541  6608-6608  [PTT-DIAG]              com.reedersystems.commandcomms       D  PTT_TX_STARTED received — setting pttState = TRANSMITTING
2026-04-10 22:07:31.541  6608-6975  [OpusCodec]             com.reedersystems.commandcomms       D  Encoder re-initialized after assertion failure (sampleRate=16000 frameSize=320 complexity=5 VBR=false bitrate=64000) t=402ms
2026-04-10 22:07:31.542  6608-6975  [AudioDSP]              com.reedersystems.commandcomms       D  DSP_STATE_RESET_PENDING reason=encoder_reinitialized frame=8 t=402ms
2026-04-10 22:07:31.548  6608-6666  [AudioCapture]          com.reedersystems.commandcomms       D  PCM_FRAME frame=10 readRet=640 samples=320 min=-196 max=160 rms=53.3 silent=false zeros=21 downmix=false source=VOICE_COMMUNICATION sampleRate=16000 channels=1 t=409ms
2026-04-10 22:07:31.548  6608-6666  [AudioDSP]              com.reedersystems.commandcomms       D  DSP_STATE_RESET reason=encoder_reinitialized frame=10 t=409ms
2026-04-10 22:07:31.567  6608-6666  [AudioCapture]          com.reedersystems.commandcomms       D  PCM_SUMMARY frames=11 totalFrames=11 silentFrames=10 partials=0 zeros=0 t=428ms
2026-04-10 22:07:31.575  6608-6975  [RadioError]            com.reedersystems.commandcomms       E  OPUS_ENCODE_ASSERTION_FAILURE frame=0 source=VOICE_COMMUNICATION samples=320 bytes=640 expectedBytes=640 sampleRate=16000 frameSize=320 consecutiveFailures=2 assertionFailures=5 method=encode
2026-04-10 22:07:31.592  6608-6666  [AudioDSP]              com.reedersystems.commandcomms       D  TX_GATE OPEN envelope=-32.8dB threshold=-50.0dB frame=12 t=453ms
2026-04-10 22:07:31.598  6608-6975  [OpusCodec]             com.reedersystems.commandcomms       D  Encoder re-initialized after assertion failure (sampleRate=16000 frameSize=320 complexity=5 VBR=false bitrate=64000) t=459ms
2026-04-10 22:07:31.598  6608-6975  [AudioDSP]              com.reedersystems.commandcomms       D  DSP_STATE_RESET_PENDING reason=encoder_reinitialized frame=9 t=459ms
2026-04-10 22:07:31.613  6608-6666  [AudioDSP]              com.reedersystems.commandcomms       D  DSP_STATE_RESET reason=encoder_reinitialized frame=13 t=474ms
2026-04-10 22:07:31.615  6608-6666  [AudioDSP]              com.reedersystems.commandcomms       D  TX_GATE OPEN envelope=-43.2dB threshold=-50.0dB frame=13 t=475ms
2026-04-10 22:07:31.642  6608-6975  [OpusCodec]             com.reedersystems.commandcomms       D  ENCODE frame=1 pcmBytes=640 encodedBytes=160 seq=1 t=503ms
2026-04-10 22:07:31.646  6608-6608  MediaPlayer             com.reedersystems.commandcomms       D  handleMessage msg:(2, 0, 0)
2026-04-10 22:07:31.650  6608-6608  MediaPlayer             com.reedersystems.commandcomms       V  resetDrmState:  mDrmInfo=null mDrmProvisioningThread=null mPrepareDrmInProgress=false mActiveDrmScheme=false
2026-04-10 22:07:31.650  6608-6608  MediaPlayer             com.reedersystems.commandcomms       V  cleanDrmObj: mDrmObj=null mDrmSessionId=null
2026-04-10 22:07:31.689  6608-7727  [AudioPlay]             com.reedersystems.commandcomms       D  PLC frame for seq=20266 (total=19891) jbSize=1 t=550ms
2026-04-10 22:07:31.690  6608-6975  [OpusCodec]             com.reedersystems.commandcomms       D  ENCODE frame=2 pcmBytes=640 encodedBytes=160 seq=2 t=550ms
2026-04-10 22:07:31.731  6608-6975  [OpusCodec]             com.reedersystems.commandcomms       D  ENCODE frame=3 pcmBytes=640 encodedBytes=160 seq=3 t=592ms
2026-04-10 22:07:31.746  6608-6666  [AudioDSP]              com.reedersystems.commandcomms       D  TX_GATE CLOSED envelope=-73.7dB threshold=-50.0dB frame=20 t=607ms
2026-04-10 22:07:31.794  6608-6975  [OpusCodec]             com.reedersystems.commandcomms       D  ENCODE frame=4 pcmBytes=640 encodedBytes=160 seq=4 t=654ms
2026-04-10 22:07:31.823  6608-6975  [OpusCodec]             com.reedersystems.commandcomms       D  ENCODE frame=5 pcmBytes=640 encodedBytes=160 seq=5 t=684ms
2026-04-10 22:07:31.837  6608-6975  [OpusCodec]             com.reedersystems.commandcomms       D  ENCODE_SUMMARY frames=6 totalFrames=6 totalPcmBytes=3840 totalEncodedBytes=960 t=698ms
2026-04-10 22:07:31.911  6608-7727  [AudioPlay]             com.reedersystems.commandcomms       D  PLC frame for seq=20276 (total=19901) jbSize=1 t=772ms
2026-04-10 22:07:31.979  6608-6975  [RadioError]            com.reedersystems.commandcomms       E  OPUS_ENCODE_ASSERTION_FAILURE frame=16 source=VOICE_COMMUNICATION samples=320 bytes=640 expectedBytes=640 sampleRate=16000 frameSize=320 consecutiveFailures=1 assertionFailures=6 method=encode
2026-04-10 22:07:31.980  6608-6975  [OpusCodec]             com.reedersystems.commandcomms       D  Encoder re-initialized after assertion failure (sampleRate=16000 frameSize=320 complexity=5 VBR=false bitrate=64000) t=841ms
2026-04-10 22:07:31.980  6608-6975  [AudioDSP]              com.reedersystems.commandcomms       D  DSP_STATE_RESET_PENDING reason=encoder_reinitialized frame=26 t=841ms
2026-04-10 22:07:31.985  6608-6666  [AudioDSP]              com.reedersystems.commandcomms       D  DSP_STATE_RESET reason=encoder_reinitialized frame=32 t=846ms
2026-04-10 22:07:32.016  6608-6666  [AudioDSP]              com.reedersystems.commandcomms       D  TX_GATE OPEN envelope=-50.3dB threshold=-50.0dB frame=33 t=876ms
2026-04-10 22:07:32.090  6608-7727  [AudioPlay]             com.reedersystems.commandcomms       D  PLC frame for seq=20286 (total=19911) jbSize=1 t=951ms
2026-04-10 22:07:32.213  6608-7135  [RadioEngine]           com.reedersystems.commandcomms       D  RX_DIAG rxTotal=616 rxNew=0 jbSize=1 jbDepth=2 jbPlaying=true channelIdx=169 t=1074ms
2026-04-10 22:07:32.290  6608-7134  [AudioPlay]             com.reedersystems.commandcomms       D  PLC frame for seq=20296 (total=19921) jbSize=1 t=1151ms
2026-04-10 22:07:32.488  6608-9705  [AudioPlay]             com.reedersystems.commandcomms       D  PLC frame for seq=20306 (total=19931) jbSize=1 t=1349ms
2026-04-10 22:07:32.506  6608-7136  [OpusCodec]             com.reedersystems.commandcomms       D  DECODE_SUMMARY frames=48 totalFrames=20539 totalOpusBytes=97910 totalPcmBytes=13144960 plcCount=19932 t=1367ms
2026-04-10 22:07:32.535  6608-7136  [UdpTransport]          com.reedersystems.commandcomms       D  TX_SUMMARY packets=52 totalPkts=6669 totalBytes=3455218 failures=0 dest=comms.reeder-systems.com:5100 t=1396ms
2026-04-10 22:07:32.585  6608-6666  [AudioCapture]          com.reedersystems.commandcomms       D  PCM_SUMMARY frames=51 totalFrames=62 silentFrames=30 partials=0 zeros=0 t=1446ms
2026-04-10 22:07:32.695  6608-9730  [AudioPlay]             com.reedersystems.commandcomms       D  PLC frame for seq=20316 (total=19941) jbSize=1 t=1556ms
2026-04-10 22:07:32.841  6608-6975  [OpusCodec]             com.reedersystems.commandcomms       D  ENCODE_SUMMARY frames=55 totalFrames=61 totalPcmBytes=39040 totalEncodedBytes=9760 t=1702ms
2026-04-10 22:07:32.888  6608-7136  [AudioPlay]             com.reedersystems.commandcomms       D  PLC frame for seq=20326 (total=19951) jbSize=1 t=1749ms
2026-04-10 22:07:33.115  6608-7134  [AudioPlay]             com.reedersystems.commandcomms       D  PLC frame for seq=20336 (total=19961) jbSize=1 t=1976ms
2026-04-10 22:07:33.136  6608-6608  [PTT-DIAG]              com.reedersystems.commandcomms       D  PttHardwareReceiver.onReceive action=android.intent.action.PTT.longpress extras=null source=broadcast
2026-04-10 22:07:33.136  6608-6608  [PTT-DIAG]              com.reedersystems.commandcomms       D  PttHardwareReceiver: longpress consumed action=android.intent.action.PTT.longpress ordered=false — suppressing T320 default beep
2026-04-10 22:07:33.137  6608-6608  [PTT-DIAG]              com.reedersystems.commandcomms       W  PttHardwareReceiver: longpress is NORMAL broadcast (not ordered) — abortBroadcast not possible for action=android.intent.action.PTT.longpress
2026-04-10 22:07:33.141  6608-6608  [PTT-DIAG]              com.reedersystems.commandcomms       D  PttHardwareReceiver.onReceive action=android.intent.action.PTT.longpress extras=null source=broadcast
2026-04-10 22:07:33.141  6608-6608  [PTT-DIAG]              com.reedersystems.commandcomms       D  PttHardwareReceiver: longpress consumed action=android.intent.action.PTT.longpress ordered=false — suppressing T320 default beep
2026-04-10 22:07:33.141  6608-6608  [PTT-DIAG]              com.reedersystems.commandcomms       W  PttHardwareReceiver: longpress is NORMAL broadcast (not ordered) — abortBroadcast not possible for action=android.intent.action.PTT.longpress
2026-04-10 22:07:33.287  6608-6666  [AudioDSP]              com.reedersystems.commandcomms       D  TX_GATE CLOSED envelope=-56.0dB threshold=-50.0dB frame=97 t=2147ms
2026-04-10 22:07:33.318  6608-9705  [AudioPlay]             com.reedersystems.commandcomms       D  PLC frame for seq=20346 (total=19971) jbSize=1 t=2178ms
2026-04-10 22:07:33.516  6608-9730  [OpusCodec]             com.reedersystems.commandcomms       D  DECODE_SUMMARY frames=49 totalFrames=20588 totalOpusBytes=97910 totalPcmBytes=13176320 plcCount=19981 t=2377ms
2026-04-10 22:07:33.518  6608-9730  [AudioPlay]             com.reedersystems.commandcomms       D  PLC frame for seq=20356 (total=19981) jbSize=1 t=2379ms
2026-04-10 22:07:33.527  6608-6666  [AudioDSP]              com.reedersystems.commandcomms       D  TX_GATE OPEN envelope=-49.5dB threshold=-50.0dB frame=109 t=2388ms
2026-04-10 22:07:33.551  6608-9730  [UdpTransport]          com.reedersystems.commandcomms       D  TX_SUMMARY packets=51 totalPkts=6720 totalBytes=3464500 failures=0 dest=comms.reeder-systems.com:5100 t=2412ms
2026-04-10 22:07:33.588  6608-6666  [AudioCapture]          com.reedersystems.commandcomms       D  PCM_SUMMARY frames=50 totalFrames=112 silentFrames=54 partials=0 zeros=0 t=2449ms
2026-04-10 22:07:33.646  6608-6666  [AudioDSP]              com.reedersystems.commandcomms       D  TX_GATE CLOSED envelope=-58.8dB threshold=-50.0dB frame=115 t=2507ms
2026-04-10 22:07:33.706  6608-6666  [AudioDSP]              com.reedersystems.commandcomms       D  TX_GATE OPEN envelope=-50.8dB threshold=-50.0dB frame=118 t=2566ms
2026-04-10 22:07:33.716  6608-7727  [AudioPlay]             com.reedersystems.commandcomms       D  PLC frame for seq=20366 (total=19991) jbSize=1 t=2577ms
2026-04-10 22:07:33.806  6608-6666  [AudioDSP]              com.reedersystems.commandcomms       D  TX_GATE CLOSED envelope=-52.3dB threshold=-50.0dB frame=123 t=2666ms
2026-04-10 22:07:33.851  6608-6666  [AudioDSP]              com.reedersystems.commandcomms       D  TX_GATE OPEN envelope=-49.1dB threshold=-50.0dB frame=125 t=2711ms
2026-04-10 22:07:33.854  6608-6975  [OpusCodec]             com.reedersystems.commandcomms       D  ENCODE_SUMMARY frames=52 totalFrames=113 totalPcmBytes=72320 totalEncodedBytes=18080 t=2715ms
2026-04-10 22:07:33.916  6608-9730  [AudioPlay]             com.reedersystems.commandcomms       D  PLC frame for seq=20376 (total=20001) jbSize=1 t=2777ms
2026-04-10 22:07:34.115  6608-7727  [AudioPlay]             com.reedersystems.commandcomms       D  PLC frame for seq=20386 (total=20011) jbSize=1 t=2976ms
2026-04-10 22:07:34.126  6608-6666  [AudioDSP]              com.reedersystems.commandcomms       D  TX_GATE CLOSED envelope=-58.8dB threshold=-50.0dB frame=139 t=2987ms
2026-04-10 22:07:34.318  6608-7134  [AudioPlay]             com.reedersystems.commandcomms       D  PLC frame for seq=20396 (total=20021) jbSize=1 t=3179ms
2026-04-10 22:07:34.516  6608-7727  [AudioPlay]             com.reedersystems.commandcomms       D  PLC frame for seq=20406 (total=20031) jbSize=1 t=3377ms
2026-04-10 22:07:34.530  6608-6975  [RadioError]            com.reedersystems.commandcomms       E  OPUS_ENCODE_ASSERTION_FAILURE frame=147 source=VOICE_COMMUNICATION samples=320 bytes=640 expectedBytes=640 sampleRate=16000 frameSize=320 consecutiveFailures=1 assertionFailures=7 method=encode
2026-04-10 22:07:34.531  6608-6975  [OpusCodec]             com.reedersystems.commandcomms       D  Encoder re-initialized after assertion failure (sampleRate=16000 frameSize=320 complexity=5 VBR=false bitrate=64000) t=3392ms
2026-04-10 22:07:34.531  6608-9705  [OpusCodec]             com.reedersystems.commandcomms       D  DECODE_SUMMARY frames=51 totalFrames=20639 totalOpusBytes=97910 totalPcmBytes=13208960 plcCount=20032 t=3391ms
2026-04-10 22:07:34.531  6608-6975  [AudioDSP]              com.reedersystems.commandcomms       D  DSP_STATE_RESET_PENDING reason=encoder_reinitialized frame=158 t=3392ms
2026-04-10 22:07:34.544  6608-6666  [AudioDSP]              com.reedersystems.commandcomms       D  DSP_STATE_RESET reason=encoder_reinitialized frame=160 t=3405ms
2026-04-10 22:07:34.550  6608-6975  [RadioError]            com.reedersystems.commandcomms       E  OPUS_ENCODE_ASSERTION_FAILURE frame=147 source=VOICE_COMMUNICATION samples=320 bytes=640 expectedBytes=640 sampleRate=16000 frameSize=320 consecutiveFailures=2 assertionFailures=8 method=encode
2026-04-10 22:07:34.551  6608-6975  [OpusCodec]             com.reedersystems.commandcomms       D  Encoder re-initialized after assertion failure (sampleRate=16000 frameSize=320 complexity=5 VBR=false bitrate=64000) t=3412ms
2026-04-10 22:07:34.551  6608-6975  [AudioDSP]              com.reedersystems.commandcomms       D  DSP_STATE_RESET_PENDING reason=encoder_reinitialized frame=159 t=3412ms
2026-04-10 22:07:34.553  6608-7727  [UdpTransport]          com.reedersystems.commandcomms       D  TX_SUMMARY packets=51 totalPkts=6771 totalBytes=3474744 failures=0 dest=comms.reeder-systems.com:5100 t=3414ms
2026-04-10 22:07:34.564  6608-6666  [AudioDSP]              com.reedersystems.commandcomms       D  DSP_STATE_RESET reason=encoder_reinitialized frame=161 t=3425ms
2026-04-10 22:07:34.590  6608-6975  [RadioError]            com.reedersystems.commandcomms       E  OPUS_ENCODE_ASSERTION_FAILURE frame=148 source=VOICE_COMMUNICATION samples=320 bytes=640 expectedBytes=640 sampleRate=16000 frameSize=320 consecutiveFailures=1 assertionFailures=9 method=encode
2026-04-10 22:07:34.591  6608-6975  [OpusCodec]             com.reedersystems.commandcomms       D  Encoder re-initialized after assertion failure (sampleRate=16000 frameSize=320 complexity=5 VBR=false bitrate=64000) t=3451ms
2026-04-10 22:07:34.591  6608-6975  [AudioDSP]              com.reedersystems.commandcomms       D  DSP_STATE_RESET_PENDING reason=encoder_reinitialized frame=161 t=3452ms
2026-04-10 22:07:34.604  6608-6666  [AudioCapture]          com.reedersystems.commandcomms       D  PCM_SUMMARY frames=51 totalFrames=163 silentFrames=92 partials=0 zeros=0 t=3465ms
2026-04-10 22:07:34.604  6608-6666  [AudioDSP]              com.reedersystems.commandcomms       D  DSP_STATE_RESET reason=encoder_reinitialized frame=163 t=3465ms
2026-04-10 22:07:34.669  6608-6975  [RadioError]            com.reedersystems.commandcomms       E  OPUS_ENCODE_CIRCUIT_BREAKER_TRIPPED totalAssertionFailures=10 consecutiveFailures=1 frame=151 source=VOICE_COMMUNICATION — encoding disabled, PCM fallback for remainder of TX session method=encode
2026-04-10 22:07:34.687  6608-6975  [OpusCodec]             com.reedersystems.commandcomms       D  ENCODE_PCM_FALLBACK reason=circuit_breaker_tripped pcmBytes=640 frame=151 t=3548ms
2026-04-10 22:07:34.708  6608-6975  [OpusCodec]             com.reedersystems.commandcomms       D  ENCODE_PCM_FALLBACK reason=circuit_breaker_tripped pcmBytes=640 frame=151 t=3569ms
2026-04-10 22:07:34.713  6608-9730  [AudioPlay]             com.reedersystems.commandcomms       D  PLC frame for seq=20416 (total=20041) jbSize=1 t=3574ms
2026-04-10 22:07:34.727  6608-6975  [OpusCodec]             com.reedersystems.commandcomms       D  ENCODE_PCM_FALLBACK reason=circuit_breaker_tripped pcmBytes=640 frame=151 t=3588ms
2026-04-10 22:07:34.747  6608-6975  [OpusCodec]             com.reedersystems.commandcomms       D  ENCODE_PCM_FALLBACK reason=circuit_breaker_tripped pcmBytes=640 frame=151 t=3608ms
2026-04-10 22:07:34.767  6608-6975  [OpusCodec]             com.reedersystems.commandcomms       D  ENCODE_PCM_FALLBACK reason=circuit_breaker_tripped pcmBytes=640 frame=151 t=3628ms
2026-04-10 22:07:34.787  6608-6975  [OpusCodec]             com.reedersystems.commandcomms       D  ENCODE_PCM_FALLBACK reason=circuit_breaker_tripped pcmBytes=640 frame=151 t=3648ms
2026-04-10 22:07:34.807  6608-6975  [OpusCodec]             com.reedersystems.commandcomms       D  ENCODE_PCM_FALLBACK reason=circuit_breaker_tripped pcmBytes=640 frame=151 t=3668ms
2026-04-10 22:07:34.827  6608-6975  [OpusCodec]             com.reedersystems.commandcomms       D  ENCODE_PCM_FALLBACK reason=circuit_breaker_tripped pcmBytes=640 frame=151 t=3688ms
2026-04-10 22:07:34.847  6608-6975  [OpusCodec]             com.reedersystems.commandcomms       D  ENCODE_PCM_FALLBACK reason=circuit_breaker_tripped pcmBytes=640 frame=151 t=3708ms
2026-04-10 22:07:34.867  6608-6975  [OpusCodec]             com.reedersystems.commandcomms       D  ENCODE_PCM_FALLBACK reason=circuit_breaker_tripped pcmBytes=640 frame=151 t=3728ms
2026-04-10 22:07:34.887  6608-6975  [OpusCodec]             com.reedersystems.commandcomms       D  ENCODE_PCM_FALLBACK reason=circuit_breaker_tripped pcmBytes=640 frame=151 t=3748ms
2026-04-10 22:07:34.908  6608-6975  [OpusCodec]             com.reedersystems.commandcomms       D  ENCODE_PCM_FALLBACK reason=circuit_breaker_tripped pcmBytes=640 frame=151 t=3769ms
2026-04-10 22:07:34.913  6608-7134  [AudioPlay]             com.reedersystems.commandcomms       D  PLC frame for seq=20426 (total=20051) jbSize=1 t=3774ms
2026-04-10 22:07:34.929  6608-6975  [OpusCodec]             com.reedersystems.commandcomms       D  ENCODE_PCM_FALLBACK reason=circuit_breaker_tripped pcmBytes=640 frame=151 t=3790ms
2026-04-10 22:07:34.947  6608-6975  [OpusCodec]             com.reedersystems.commandcomms       D  ENCODE_PCM_FALLBACK reason=circuit_breaker_tripped pcmBytes=640 frame=151 t=3808ms
2026-04-10 22:07:34.967  6608-6975  [OpusCodec]             com.reedersystems.commandcomms       D  ENCODE_PCM_FALLBACK reason=circuit_breaker_tripped pcmBytes=640 frame=151 t=3828ms
2026-04-10 22:07:34.987  6608-6975  [OpusCodec]             com.reedersystems.commandcomms       D  ENCODE_PCM_FALLBACK reason=circuit_breaker_tripped pcmBytes=640 frame=151 t=3848ms
2026-04-10 22:07:35.008  6608-6975  [OpusCodec]             com.reedersystems.commandcomms       D  ENCODE_PCM_FALLBACK reason=circuit_breaker_tripped pcmBytes=640 frame=151 t=3869ms
2026-04-10 22:07:35.028  6608-6975  [OpusCodec]             com.reedersystems.commandcomms       D  ENCODE_PCM_FALLBACK reason=circuit_breaker_tripped pcmBytes=640 frame=151 t=3888ms
2026-04-10 22:07:35.048  6608-6975  [OpusCodec]             com.reedersystems.commandcomms       D  ENCODE_PCM_FALLBACK reason=circuit_breaker_tripped pcmBytes=640 frame=151 t=3909ms
2026-04-10 22:07:35.069  6608-6975  [OpusCodec]             com.reedersystems.commandcomms       D  ENCODE_PCM_FALLBACK reason=circuit_breaker_tripped pcmBytes=640 frame=151 t=3930ms
2026-04-10 22:07:35.087  6608-6975  [OpusCodec]             com.reedersystems.commandcomms       D  ENCODE_PCM_FALLBACK reason=circuit_breaker_tripped pcmBytes=640 frame=151 t=3948ms
2026-04-10 22:07:35.108  6608-6975  [OpusCodec]             com.reedersystems.commandcomms       D  ENCODE_PCM_FALLBACK reason=circuit_breaker_tripped pcmBytes=640 frame=151 t=3968ms
2026-04-10 22:07:35.115  6608-7134  [AudioPlay]             com.reedersystems.commandcomms       D  PLC frame for seq=20436 (total=20061) jbSize=1 t=3976ms
2026-04-10 22:07:35.127  6608-6975  [OpusCodec]             com.reedersystems.commandcomms       D  ENCODE_PCM_FALLBACK reason=circuit_breaker_tripped pcmBytes=640 frame=151 t=3988ms
2026-04-10 22:07:35.147  6608-6975  [OpusCodec]             com.reedersystems.commandcomms       D  ENCODE_PCM_FALLBACK reason=circuit_breaker_tripped pcmBytes=640 frame=151 t=4008ms
2026-04-10 22:07:35.167  6608-6975  [OpusCodec]             com.reedersystems.commandcomms       D  ENCODE_PCM_FALLBACK reason=circuit_breaker_tripped pcmBytes=640 frame=151 t=4028ms
2026-04-10 22:07:35.187  6608-6975  [OpusCodec]             com.reedersystems.commandcomms       D  ENCODE_PCM_FALLBACK reason=circuit_breaker_tripped pcmBytes=640 frame=151 t=4048ms
2026-04-10 22:07:35.207  6608-6975  [OpusCodec]             com.reedersystems.commandcomms       D  ENCODE_PCM_FALLBACK reason=circuit_breaker_tripped pcmBytes=640 frame=151 t=4068ms
2026-04-10 22:07:35.227  6608-6975  [OpusCodec]             com.reedersystems.commandcomms       D  ENCODE_PCM_FALLBACK reason=circuit_breaker_tripped pcmBytes=640 frame=151 t=4088ms
2026-04-10 22:07:35.247  6608-6975  [OpusCodec]             com.reedersystems.commandcomms       D  ENCODE_PCM_FALLBACK reason=circuit_breaker_tripped pcmBytes=640 frame=151 t=4108ms
2026-04-10 22:07:35.267  6608-6975  [OpusCodec]             com.reedersystems.commandcomms       D  ENCODE_PCM_FALLBACK reason=circuit_breaker_tripped pcmBytes=640 frame=151 t=4128ms
2026-04-10 22:07:35.287  6608-6975  [OpusCodec]             com.reedersystems.commandcomms       D  ENCODE_PCM_FALLBACK reason=circuit_breaker_tripped pcmBytes=640 frame=151 t=4148ms
2026-04-10 22:07:35.309  6608-6975  [OpusCodec]             com.reedersystems.commandcomms       D  ENCODE_PCM_FALLBACK reason=circuit_breaker_tripped pcmBytes=640 frame=151 t=4169ms
2026-04-10 22:07:35.314  6608-7727  [AudioPlay]             com.reedersystems.commandcomms       D  PLC frame for seq=20446 (total=20071) jbSize=1 t=4175ms
2026-04-10 22:07:35.327  6608-6975  [OpusCodec]             com.reedersystems.commandcomms       D  ENCODE_PCM_FALLBACK reason=circuit_breaker_tripped pcmBytes=640 frame=151 t=4188ms
2026-04-10 22:07:35.347  6608-6975  [OpusCodec]             com.reedersystems.commandcomms       D  ENCODE_PCM_FALLBACK reason=circuit_breaker_tripped pcmBytes=640 frame=151 t=4208ms
2026-04-10 22:07:35.367  6608-6975  [OpusCodec]             com.reedersystems.commandcomms       D  ENCODE_PCM_FALLBACK reason=circuit_breaker_tripped pcmBytes=640 frame=151 t=4228ms
2026-04-10 22:07:35.387  6608-6975  [OpusCodec]             com.reedersystems.commandcomms       D  ENCODE_PCM_FALLBACK reason=circuit_breaker_tripped pcmBytes=640 frame=151 t=4248ms
2026-04-10 22:07:35.407  6608-6975  [OpusCodec]             com.reedersystems.commandcomms       D  ENCODE_PCM_FALLBACK reason=circuit_breaker_tripped pcmBytes=640 frame=151 t=4268ms
2026-04-10 22:07:35.427  6608-6975  [OpusCodec]             com.reedersystems.commandcomms       D  ENCODE_PCM_FALLBACK reason=circuit_breaker_tripped pcmBytes=640 frame=151 t=4288ms
2026-04-10 22:07:35.448  6608-6975  [OpusCodec]             com.reedersystems.commandcomms       D  ENCODE_PCM_FALLBACK reason=circuit_breaker_tripped pcmBytes=640 frame=151 t=4308ms
2026-04-10 22:07:35.466  6608-6666  [AudioDSP]              com.reedersystems.commandcomms       D  TX_GATE OPEN envelope=-50.5dB threshold=-50.0dB frame=206 t=4327ms
2026-04-10 22:07:35.469  6608-6975  [OpusCodec]             com.reedersystems.commandcomms       D  ENCODE_PCM_FALLBACK reason=circuit_breaker_tripped pcmBytes=640 frame=151 t=4330ms
2026-04-10 22:07:35.487  6608-6975  [OpusCodec]             com.reedersystems.commandcomms       D  ENCODE_PCM_FALLBACK reason=circuit_breaker_tripped pcmBytes=640 frame=151 t=4348ms
2026-04-10 22:07:35.508  6608-6975  [OpusCodec]             com.reedersystems.commandcomms       D  ENCODE_PCM_FALLBACK reason=circuit_breaker_tripped pcmBytes=640 frame=151 t=4369ms
2026-04-10 22:07:35.514  6608-7727  [AudioPlay]             com.reedersystems.commandcomms       D  PLC frame for seq=20456 (total=20081) jbSize=1 t=4375ms
2026-04-10 22:07:35.528  6608-6975  [OpusCodec]             com.reedersystems.commandcomms       D  ENCODE_PCM_FALLBACK reason=circuit_breaker_tripped pcmBytes=640 frame=151 t=4389ms
2026-04-10 22:07:35.531  6608-7134  [OpusCodec]             com.reedersystems.commandcomms       D  DECODE_SUMMARY frames=50 totalFrames=20689 totalOpusBytes=97910 totalPcmBytes=13240960 plcCount=20082 t=4391ms
2026-04-10 22:07:35.547  6608-6975  [OpusCodec]             com.reedersystems.commandcomms       D  ENCODE_PCM_FALLBACK reason=circuit_breaker_tripped pcmBytes=640 frame=151 t=4408ms
2026-04-10 22:07:35.567  6608-6666  [AudioDSP]              com.reedersystems.commandcomms       D  TX_GATE CLOSED envelope=-55.9dB threshold=-50.0dB frame=211 t=4427ms
2026-04-10 22:07:35.569  6608-6975  [OpusCodec]             com.reedersystems.commandcomms       D  ENCODE_PCM_FALLBACK reason=circuit_breaker_tripped pcmBytes=640 frame=151 t=4430ms
2026-04-10 22:07:35.571  6608-7134  [UdpTransport]          com.reedersystems.commandcomms       D  TX_SUMMARY packets=51 totalPkts=6822 totalBytes=3506633 failures=0 dest=comms.reeder-systems.com:5100 t=4432ms
2026-04-10 22:07:35.588  6608-6975  [OpusCodec]             com.reedersystems.commandcomms       D  ENCODE_PCM_FALLBACK reason=circuit_breaker_tripped pcmBytes=640 frame=151 t=4449ms
2026-04-10 22:07:35.607  6608-6975  [OpusCodec]             com.reedersystems.commandcomms       D  ENCODE_PCM_FALLBACK reason=circuit_breaker_tripped pcmBytes=640 frame=151 t=4468ms
2026-04-10 22:07:35.624  6608-6666  [AudioCapture]          com.reedersystems.commandcomms       D  PCM_SUMMARY frames=51 totalFrames=214 silentFrames=133 partials=0 zeros=0 t=4485ms
2026-04-10 22:07:35.628  6608-6975  [OpusCodec]             com.reedersystems.commandcomms       D  ENCODE_PCM_FALLBACK reason=circuit_breaker_tripped pcmBytes=640 frame=151 t=4488ms
2026-04-10 22:07:35.647  6608-6975  [OpusCodec]             com.reedersystems.commandcomms       D  ENCODE_PCM_FALLBACK reason=circuit_breaker_tripped pcmBytes=640 frame=151 t=4508ms
2026-04-10 22:07:35.668  6608-6975  [OpusCodec]             com.reedersystems.commandcomms       D  ENCODE_PCM_FALLBACK reason=circuit_breaker_tripped pcmBytes=640 frame=151 t=4529ms
2026-04-10 22:07:35.687  6608-6975  [OpusCodec]             com.reedersystems.commandcomms       D  ENCODE_PCM_FALLBACK reason=circuit_breaker_tripped pcmBytes=640 frame=151 t=4548ms
2026-04-10 22:07:35.707  6608-6975  [OpusCodec]             com.reedersystems.commandcomms       D  ENCODE_PCM_FALLBACK reason=circuit_breaker_tripped pcmBytes=640 frame=151 t=4568ms
2026-04-10 22:07:35.715  6608-9730  [AudioPlay]             com.reedersystems.commandcomms       D  PLC frame for seq=20466 (total=20091) jbSize=1 t=4576ms
2026-04-10 22:07:35.727  6608-6975  [OpusCodec]             com.reedersystems.commandcomms       D  ENCODE_PCM_FALLBACK reason=circuit_breaker_tripped pcmBytes=640 frame=151 t=4588ms
2026-04-10 22:07:35.747  6608-6975  [OpusCodec]             com.reedersystems.commandcomms       D  ENCODE_PCM_FALLBACK reason=circuit_breaker_tripped pcmBytes=640 frame=151 t=4608ms
2026-04-10 22:07:35.767  6608-6975  [OpusCodec]             com.reedersystems.commandcomms       D  ENCODE_PCM_FALLBACK reason=circuit_breaker_tripped pcmBytes=640 frame=151 t=4628ms
2026-04-10 22:07:35.787  6608-6975  [OpusCodec]             com.reedersystems.commandcomms       D  ENCODE_PCM_FALLBACK reason=circuit_breaker_tripped pcmBytes=640 frame=151 t=4648ms
2026-04-10 22:07:35.807  6608-6975  [OpusCodec]             com.reedersystems.commandcomms       D  ENCODE_PCM_FALLBACK reason=circuit_breaker_tripped pcmBytes=640 frame=151 t=4668ms
2026-04-10 22:07:35.827  6608-6975  [OpusCodec]             com.reedersystems.commandcomms       D  ENCODE_PCM_FALLBACK reason=circuit_breaker_tripped pcmBytes=640 frame=151 t=4688ms
2026-04-10 22:07:35.847  6608-6975  [OpusCodec]             com.reedersystems.commandcomms       D  ENCODE_PCM_FALLBACK reason=circuit_breaker_tripped pcmBytes=640 frame=151 t=4708ms
2026-04-10 22:07:35.867  6608-6975  [OpusCodec]             com.reedersystems.commandcomms       D  ENCODE_PCM_FALLBACK reason=circuit_breaker_tripped pcmBytes=640 frame=151 t=4728ms
2026-04-10 22:07:35.887  6608-6975  [OpusCodec]             com.reedersystems.commandcomms       D  ENCODE_PCM_FALLBACK reason=circuit_breaker_tripped pcmBytes=640 frame=151 t=4748ms
2026-04-10 22:07:35.907  6608-6975  [OpusCodec]             com.reedersystems.commandcomms       D  ENCODE_PCM_FALLBACK reason=circuit_breaker_tripped pcmBytes=640 frame=151 t=4768ms
2026-04-10 22:07:35.916  6608-7727  [AudioPlay]             com.reedersystems.commandcomms       D  PLC frame for seq=20476 (total=20101) jbSize=1 t=4776ms
2026-04-10 22:07:35.927  6608-6975  [OpusCodec]             com.reedersystems.commandcomms       D  ENCODE_PCM_FALLBACK reason=circuit_breaker_tripped pcmBytes=640 frame=151 t=4788ms
2026-04-10 22:07:35.947  6608-6975  [OpusCodec]             com.reedersystems.commandcomms       D  ENCODE_PCM_FALLBACK reason=circuit_breaker_tripped pcmBytes=640 frame=151 t=4808ms
2026-04-10 22:07:35.968  6608-6975  [OpusCodec]             com.reedersystems.commandcomms       D  ENCODE_PCM_FALLBACK reason=circuit_breaker_tripped pcmBytes=640 frame=151 t=4829ms
2026-04-10 22:07:35.987  6608-6975  [OpusCodec]             com.reedersystems.commandcomms       D  ENCODE_PCM_FALLBACK reason=circuit_breaker_tripped pcmBytes=640 frame=151 t=4848ms
2026-04-10 22:07:36.007  6608-6975  [OpusCodec]             com.reedersystems.commandcomms       D  ENCODE_PCM_FALLBACK reason=circuit_breaker_tripped pcmBytes=640 frame=151 t=4868ms
2026-04-10 22:07:36.028  6608-6975  [OpusCodec]             com.reedersystems.commandcomms       D  ENCODE_PCM_FALLBACK reason=circuit_breaker_tripped pcmBytes=640 frame=151 t=4889ms
2026-04-10 22:07:36.048  6608-6975  [OpusCodec]             com.reedersystems.commandcomms       D  ENCODE_PCM_FALLBACK reason=circuit_breaker_tripped pcmBytes=640 frame=151 t=4908ms
2026-04-10 22:07:36.067  6608-6975  [OpusCodec]             com.reedersystems.commandcomms       D  ENCODE_PCM_FALLBACK reason=circuit_breaker_tripped pcmBytes=640 frame=151 t=4928ms
2026-04-10 22:07:36.087  6608-6975  [OpusCodec]             com.reedersystems.commandcomms       D  ENCODE_PCM_FALLBACK reason=circuit_breaker_tripped pcmBytes=640 frame=151 t=4948ms
2026-04-10 22:07:36.107  6608-6975  [OpusCodec]             com.reedersystems.commandcomms       D  ENCODE_PCM_FALLBACK reason=circuit_breaker_tripped pcmBytes=640 frame=151 t=4968ms
2026-04-10 22:07:36.114  6608-7134  [AudioPlay]             com.reedersystems.commandcomms       D  PLC frame for seq=20486 (total=20111) jbSize=1 t=4975ms
2026-04-10 22:07:36.127  6608-6975  [OpusCodec]             com.reedersystems.commandcomms       D  ENCODE_PCM_FALLBACK reason=circuit_breaker_tripped pcmBytes=640 frame=151 t=4988ms
2026-04-10 22:07:36.148  6608-6975  [OpusCodec]             com.reedersystems.commandcomms       D  ENCODE_PCM_FALLBACK reason=circuit_breaker_tripped pcmBytes=640 frame=151 t=5008ms
2026-04-10 22:07:36.169  6608-6975  [OpusCodec]             com.reedersystems.commandcomms       D  ENCODE_PCM_FALLBACK reason=circuit_breaker_tripped pcmBytes=640 frame=151 t=5030ms
2026-04-10 22:07:36.187  6608-6975  [OpusCodec]             com.reedersystems.commandcomms       D  ENCODE_PCM_FALLBACK reason=circuit_breaker_tripped pcmBytes=640 frame=151 t=5047ms
2026-04-10 22:07:36.207  6608-6975  [OpusCodec]             com.reedersystems.commandcomms       D  ENCODE_PCM_FALLBACK reason=circuit_breaker_tripped pcmBytes=640 frame=151 t=5068ms
2026-04-10 22:07:36.215  6608-7727  [UdpTransport]          com.reedersystems.commandcomms       D  {"event":"UDP_KEEPALIVE_SENT","dest":"comms.reeder-systems.com:5100","fast":false,"intervalMs":8000}
2026-04-10 22:07:36.227  6608-6975  [OpusCodec]             com.reedersystems.commandcomms       D  ENCODE_PCM_FALLBACK reason=circuit_breaker_tripped pcmBytes=640 frame=151 t=5088ms
2026-04-10 22:07:36.247  6608-6975  [OpusCodec]             com.reedersystems.commandcomms       D  ENCODE_PCM_FALLBACK reason=circuit_breaker_tripped pcmBytes=640 frame=151 t=5108ms
2026-04-10 22:07:36.268  6608-6975  [OpusCodec]             com.reedersystems.commandcomms       D  ENCODE_PCM_FALLBACK reason=circuit_breaker_tripped pcmBytes=640 frame=151 t=5129ms
2026-04-10 22:07:36.287  6608-6975  [OpusCodec]             com.reedersystems.commandcomms       D  ENCODE_PCM_FALLBACK reason=circuit_breaker_tripped pcmBytes=640 frame=151 t=5148ms
2026-04-10 22:07:36.308  6608-6975  [OpusCodec]             com.reedersystems.commandcomms       D  ENCODE_PCM_FALLBACK reason=circuit_breaker_tripped pcmBytes=640 frame=151 t=5168ms
2026-04-10 22:07:36.314  6608-9730  [AudioPlay]             com.reedersystems.commandcomms       D  PLC frame for seq=20496 (total=20121) jbSize=1 t=5175ms
2026-04-10 22:07:36.327  6608-6975  [OpusCodec]             com.reedersystems.commandcomms       D  ENCODE_PCM_FALLBACK reason=circuit_breaker_tripped pcmBytes=640 frame=151 t=5188ms
2026-04-10 22:07:36.347  6608-6975  [OpusCodec]             com.reedersystems.commandcomms       D  ENCODE_PCM_FALLBACK reason=circuit_breaker_tripped pcmBytes=640 frame=151 t=5208ms
2026-04-10 22:07:36.367  6608-6975  [OpusCodec]             com.reedersystems.commandcomms       D  ENCODE_PCM_FALLBACK reason=circuit_breaker_tripped pcmBytes=640 frame=151 t=5228ms
2026-04-10 22:07:36.387  6608-6975  [OpusCodec]             com.reedersystems.commandcomms       D  ENCODE_PCM_FALLBACK reason=circuit_breaker_tripped pcmBytes=640 frame=151 t=5248ms
2026-04-10 22:07:36.407  6608-6975  [OpusCodec]             com.reedersystems.commandcomms       D  ENCODE_PCM_FALLBACK reason=circuit_breaker_tripped pcmBytes=640 frame=151 t=5268ms
2026-04-10 22:07:36.429  6608-6975  [OpusCodec]             com.reedersystems.commandcomms       D  ENCODE_PCM_FALLBACK reason=circuit_breaker_tripped pcmBytes=640 frame=151 t=5289ms
2026-04-10 22:07:36.447  6608-6975  [OpusCodec]             com.reedersystems.commandcomms       D  ENCODE_PCM_FALLBACK reason=circuit_breaker_tripped pcmBytes=640 frame=151 t=5308ms
2026-04-10 22:07:36.467  6608-6975  [OpusCodec]             com.reedersystems.commandcomms       D  ENCODE_PCM_FALLBACK reason=circuit_breaker_tripped pcmBytes=640 frame=151 t=5328ms
2026-04-10 22:07:36.487  6608-6975  [OpusCodec]             com.reedersystems.commandcomms       D  ENCODE_PCM_FALLBACK reason=circuit_breaker_tripped pcmBytes=640 frame=151 t=5348ms
2026-04-10 22:07:36.510  6608-6975  [OpusCodec]             com.reedersystems.commandcomms       D  ENCODE_PCM_FALLBACK reason=circuit_breaker_tripped pcmBytes=640 frame=151 t=5371ms
2026-04-10 22:07:36.515  6608-9730  [AudioPlay]             com.reedersystems.commandcomms       D  PLC frame for seq=20506 (total=20131) jbSize=1 t=5376ms
2026-04-10 22:07:36.527  6608-6975  [OpusCodec]             com.reedersystems.commandcomms       D  ENCODE_PCM_FALLBACK reason=circuit_breaker_tripped pcmBytes=640 frame=151 t=5388ms
2026-04-10 22:07:36.531  6608-9730  [OpusCodec]             com.reedersystems.commandcomms       D  DECODE_SUMMARY frames=50 totalFrames=20739 totalOpusBytes=97910 totalPcmBytes=13272960 plcCount=20132 t=5392ms
2026-04-10 22:07:36.547  6608-6975  [OpusCodec]             com.reedersystems.commandcomms       D  ENCODE_PCM_FALLBACK reason=circuit_breaker_tripped pcmBytes=640 frame=151 t=5408ms
2026-04-10 22:07:36.567  6608-6975  [OpusCodec]             com.reedersystems.commandcomms       D  ENCODE_PCM_FALLBACK reason=circuit_breaker_tripped pcmBytes=640 frame=151 t=5428ms
2026-04-10 22:07:36.588  6608-6975  [OpusCodec]             com.reedersystems.commandcomms       D  ENCODE_PCM_FALLBACK reason=circuit_breaker_tripped pcmBytes=640 frame=151 t=5449ms
2026-04-10 22:07:36.589  6608-7727  [UdpTransport]          com.reedersystems.commandcomms       D  TX_SUMMARY packets=51 totalPkts=6873 totalBytes=3540446 failures=0 dest=comms.reeder-systems.com:5100 t=5450ms
2026-04-10 22:07:36.607  6608-6975  [OpusCodec]             com.reedersystems.commandcomms       D  ENCODE_PCM_FALLBACK reason=circuit_breaker_tripped pcmBytes=640 frame=151 t=5468ms
2026-04-10 22:07:36.624  6608-6666  [AudioCapture]          com.reedersystems.commandcomms       D  PCM_SUMMARY frames=50 totalFrames=264 silentFrames=175 partials=0 zeros=0 t=5485ms
2026-04-10 22:07:36.627  6608-6975  [OpusCodec]             com.reedersystems.commandcomms       D  ENCODE_PCM_FALLBACK reason=circuit_breaker_tripped pcmBytes=640 frame=151 t=5488ms
2026-04-10 22:07:36.647  6608-6975  [OpusCodec]             com.reedersystems.commandcomms       D  ENCODE_PCM_FALLBACK reason=circuit_breaker_tripped pcmBytes=640 frame=151 t=5508ms
2026-04-10 22:07:36.667  6608-6975  [OpusCodec]             com.reedersystems.commandcomms       D  ENCODE_PCM_FALLBACK reason=circuit_breaker_tripped pcmBytes=640 frame=151 t=5528ms
2026-04-10 22:07:36.687  6608-6975  [OpusCodec]             com.reedersystems.commandcomms       D  ENCODE_PCM_FALLBACK reason=circuit_breaker_tripped pcmBytes=640 frame=151 t=5548ms
2026-04-10 22:07:36.707  6608-6975  [OpusCodec]             com.reedersystems.commandcomms       D  ENCODE_PCM_FALLBACK reason=circuit_breaker_tripped pcmBytes=640 frame=151 t=5568ms
2026-04-10 22:07:36.713  6608-7134  [AudioPlay]             com.reedersystems.commandcomms       D  PLC frame for seq=20516 (total=20141) jbSize=1 t=5574ms
2026-04-10 22:07:36.728  6608-6975  [OpusCodec]             com.reedersystems.commandcomms       D  ENCODE_PCM_FALLBACK reason=circuit_breaker_tripped pcmBytes=640 frame=151 t=5589ms
2026-04-10 22:07:36.747  6608-6975  [OpusCodec]             com.reedersystems.commandcomms       D  ENCODE_PCM_FALLBACK reason=circuit_breaker_tripped pcmBytes=640 frame=151 t=5608ms
2026-04-10 22:07:36.767  6608-6975  [OpusCodec]             com.reedersystems.commandcomms       D  ENCODE_PCM_FALLBACK reason=circuit_breaker_tripped pcmBytes=640 frame=151 t=5628ms
2026-04-10 22:07:36.787  6608-6975  [OpusCodec]             com.reedersystems.commandcomms       D  ENCODE_PCM_FALLBACK reason=circuit_breaker_tripped pcmBytes=640 frame=151 t=5648ms
2026-04-10 22:07:36.807  6608-6975  [OpusCodec]             com.reedersystems.commandcomms       D  ENCODE_PCM_FALLBACK reason=circuit_breaker_tripped pcmBytes=640 frame=151 t=5668ms
2026-04-10 22:07:36.827  6608-6975  [OpusCodec]             com.reedersystems.commandcomms       D  ENCODE_PCM_FALLBACK reason=circuit_breaker_tripped pcmBytes=640 frame=151 t=5688ms
2026-04-10 22:07:36.847  6608-6975  [OpusCodec]             com.reedersystems.commandcomms       D  ENCODE_PCM_FALLBACK reason=circuit_breaker_tripped pcmBytes=640 frame=151 t=5708ms
2026-04-10 22:07:36.867  6608-6975  [OpusCodec]             com.reedersystems.commandcomms       D  ENCODE_PCM_FALLBACK reason=circuit_breaker_tripped pcmBytes=640 frame=151 t=5728ms
2026-04-10 22:07:36.887  6608-6975  [OpusCodec]             com.reedersystems.commandcomms       D  ENCODE_PCM_FALLBACK reason=circuit_breaker_tripped pcmBytes=640 frame=151 t=5748ms
2026-04-10 22:07:36.907  6608-6975  [OpusCodec]             com.reedersystems.commandcomms       D  ENCODE_PCM_FALLBACK reason=circuit_breaker_tripped pcmBytes=640 frame=151 t=5768ms
2026-04-10 22: