                                                                                                    	at com.android.server.am.ActivityManagerService.checkBroadcastFromSystem(ActivityManagerService.java:19307)
                                                                                                    	at com.android.server.am.ActivityManagerService.broadcastIntentLocked(ActivityManagerService.java:19920)
                                                                                                    	at com.android.server.am.ActivityManagerService.broadcastIntent(ActivityManagerService.java:20062)
                                                                                                    	at android.app.ContextImpl.sendBroadcast(ContextImpl.java:971)
                                                                                                    	at com.android.server.policy.PhoneWindowManager.sendBC(PhoneWindowManager.java:6496)
                                                                                                    	at com.android.server.policy.PhoneWindowManager.interceptKeyBeforeQueueing(PhoneWindowManager.java:6843)
                                                                                                    	at com.freeme.server.policy.FreemePhoneWindowManager.interceptKeyBeforeQueueing(FreemePhoneWindowManager.java:301)
                                                                                                    	at com.android.server.wm.InputMonitor.interceptKeyBeforeQueueing(InputMonitor.java:449)
                                                                                                    	at com.android.server.input.InputManagerService.interceptKeyBeforeQueueing(InputManagerService.java:1975)
2026-03-30 19:38:54.875   690-690   AEE_AED                 aee_aed                              D  clear ppm settings
2026-03-30 19:38:54.876   690-690   AEE_AED                 aee_aed                              D  $===AEE===AEE===AEE===$
2026-03-30 19:38:54.880 26159-26275 AES                     system_server                        W  Exception Log handling...
2026-03-30 19:38:54.881   355-1634  NxpTml                  vendor.nxp.nxpnfc@1.0-service        E  _i2c_write() errno : 5
2026-03-30 19:38:54.881   355-1634  NxpTml                  vendor.nxp.nxpnfc@1.0-service        E  PN54X - Error in I2C Write.....
2026-03-30 19:38:54.881   355-1634  NxpTml                  vendor.nxp.nxpnfc@1.0-service        D  PN54X - Posting Fresh Write message.....
2026-03-30 19:38:54.881   355-1634  NxpTml                  vendor.nxp.nxpnfc@1.0-service        D  PN54X - Tml Writer Thread Running................
2026-03-30 19:38:54.882   355-1636  NxpFwDnld               vendor.nxp.nxpnfc@1.0-service        E  Tml Write error!!
2026-03-30 19:38:54.882   355-1636  NxpFwDnld               vendor.nxp.nxpnfc@1.0-service        E  phNxpNciHal_fw_dnld_get_sessn_state_cb - Request Failed!!
2026-03-30 19:38:54.882   355-355   NxpFwDnld               vendor.nxp.nxpnfc@1.0-service        E  phDnldNfc_GetSessionState cb failed
2026-03-30 19:38:54.882   355-355   NxpFwDnld               vendor.nxp.nxpnfc@1.0-service        E   phNxpNciHal_fw_seq_handler : FAILED
2026-03-30 19:38:54.882   355-355   NxpFwDnld               vendor.nxp.nxpnfc@1.0-service        D  phNxpNciHal_fw_dnld_complete: Download Status = 0xff
2026-03-30 19:38:54.882   355-355   NxpFwDnld               vendor.nxp.nxpnfc@1.0-service        E  Fw Download Failed!!
2026-03-30 19:38:54.882   355-355   NxpTml                  vendor.nxp.nxpnfc@1.0-service        D  phTmlNfc_i2c_reset(), VEN level 0
2026-03-30 19:38:54.882 26159-26275 AES                     system_server                        D  ExceptionLog: notify aed (process:system_server pid:26159 cause:system_server_wtf )
2026-03-30 19:38:54.883 26159-26275 AEE_LIBAEE              system_server                        D  shell: raise_exp(11, 26159, -1361051648, system_server, 0x0x8d5c77c0, 0x0x0)
2026-03-30 19:38:54.883 26159-26275 AEE_LIBAEE              system_server                        D  com.mtk.aee.aedshell: connected with AED OK
2026-03-30 19:38:54.884   690-690   AEE_AED                 aee_aed                              D  $===AEE===AEE===AEE===$
2026-03-30 19:38:54.884   690-690   AEE_AED                 aee_aed                              D  p 1 poll events 1 revents 1
2026-03-30 19:38:54.885   690-690   AEE_AED                 aee_aed                              D  PPM cpu cores:4, online:4
2026-03-30 19:38:54.886   690-690   AEE_AED                 aee_aed                              D  aed_main_fork_worker: generator 0xaec09440, worker 0xbee7c798, recv_fd 10
2026-03-30 19:38:54.888 32436-32436 AEE_AED                 pid-32436                            D  read success, handling msg (Ind, AE_IND_WRN_RAISED)
2026-03-30 19:38:54.888 32436-32436 AEE_AED                 pid-32436                            I  [preset_info] pid: 26159, tid: -1361051648, name: UNKNOWN  >>> system_server <<<
2026-03-30 19:38:54.889 32436-32436 AEE_AED                 pid-32436                            D  u:r:system_server:s0
2026-03-30 19:38:54.889 32436-32436 AEE_AED                 pid-32436                            V  dashboard_record_update() : rec->module = system_server 
2026-03-30 19:38:54.889 32436-32436 AEE_AED                 pid-32436                            D  Skip duplicated exception ! 
2026-03-30 19:38:54.889 32436-32436 AEE_AED                 pid-32436                            D  Exception Class: 11 
2026-03-30 19:38:54.889 32436-32436 AEE_AED                 pid-32436                            D  Module: system_server 
2026-03-30 19:38:54.889 32436-32436 AEE_AED                 pid-32436                            D  Count: 4050 
2026-03-30 19:38:54.889 32436-32436 AEE_AED                 pid-32436                            D  Last exception time: 1774913934 
                                                                                                     
2026-03-30 19:38:54.889 32436-32436 AEE_AED                 pid-32436                            V  process session - skipped 
2026-03-30 19:38:54.889 26159-26275 AEE_LIBAEE              system_server                        D  shell: got the request (cmd:Ind,AE_IND_LOG_CLOSE)
2026-03-30 19:38:54.889 26159-26275 AEE_LIBAEE              system_server                        D  shell: Got session close ind from AED
2026-03-30 19:38:54.890   690-690   AEE_AED                 aee_aed                              D  clear ppm settings
2026-03-30 19:38:54.891 26159-26274 zhouzhe                 system_server                        D  keyCode222 = 230
2026-03-30 19:38:54.892 26159-26175 BroadcastQueue          system_server                        W  Background execution not allowed: receiving Intent { act=android.intent.action.DROPBOX_ENTRY_ADDED flg=0x10 (has extras) } to com.google.android.gms/.stats.service.DropBoxEntryAddedReceiver
2026-03-30 19:38:54.894   690-690   AEE_AED                 aee_aed                              D  $===AEE===AEE===AEE===$
2026-03-30 19:38:54.894 30744-30744 [PTT-DIAG]              com.reedersystems.commandcomms       D  MainActivity PTT DOWN source=MainActivity code=230 action=DOWN repeat=0 ts=1774913934893
2026-03-30 19:38:54.894 30744-30744 [PTT-DIAG]              com.reedersystems.commandcomms       D  MainActivity PTT DOWN — forwarding to BackgroundAudioService (signaling=true)
2026-03-30 19:38:54.894   364-374   HWComposer              surfaceflinger                       W  Ignoring duplicate VSYNC event from HWC (t=0)
2026-03-30 19:38:54.897 30744-30744 [PTT-DIAG]              com.reedersystems.commandcomms       D  PttHardwareReceiver.onReceive action=android.intent.action.PTT.down extras=null
2026-03-30 19:38:54.897 30744-30744 [PTT-DIAG]              com.reedersystems.commandcomms       D  PttHardwareReceiver: mapped action=android.intent.action.PTT.down -> svcAction=com.reedersystems.commandcomms.SVC_PTT_DOWN
2026-03-30 19:38:54.899 30744-30744 [PTT-DIAG]              com.reedersystems.commandcomms       D  PttHardwareReceiver: WakeLock acquired (auto-releases in 5000ms)
2026-03-30 19:38:54.902 30744-30744 [PTT-DIAG]              com.reedersystems.commandcomms       D  handleRadioPttDown pttState=IDLE signaling=true
2026-03-30 19:38:54.902 30744-30744 [PTT-DIAG]              com.reedersystems.commandcomms       D  RADIO_PTT_DOWN
2026-03-30 19:38:54.902 30744-30744 [PTT-DIAG]              com.reedersystems.commandcomms       D  RADIO_READY_FOR_PTT roomKey=TESTING__TESTING 1 signaling=true
2026-03-30 19:38:54.902 30744-30744 [PTT-DIAG]              com.reedersystems.commandcomms       D  RADIO_STATE_CONNECTING_ENTER
2026-03-30 19:38:54.917 30744-30744 [PTT-DIAG]              com.reedersystems.commandcomms       D  handleRadioPttDown pttState=CONNECTING signaling=true
2026-03-30 19:38:54.918 30744-30744 [PTT-DIAG]              com.reedersystems.commandcomms       D  RADIO_PTT_DOWN
2026-03-30 19:38:54.918 30744-30744 [PTT-DIAG]              com.reedersystems.commandcomms       D  Radio PTT DOWN ignored: pttState=CONNECTING
2026-03-30 19:38:54.919   364-374   HWComposer              surfaceflinger                       W  Ignoring duplicate VSYNC event from HWC (t=0)
2026-03-30 19:38:54.922 26333-26333 StatusBar               com.android.systemui                 D  onNotificationPosted: StatusBarNotification(pkg=com.reedersystems.commandcomms user=UserHandle{0} id=1001 tag=null key=0|com.reedersystems.commandcomms|1001|null|10158: Notification(channel=ptt_service pri=-1 contentView=null vibrate=null sound=null defaults=0x0 flags=0x62 color=0x00000000 vis=PRIVATE))
2026-03-30 19:38:54.934 26333-26333 StatusBar               com.android.systemui                 D  No peeking: unimportant notification: 0|com.reedersystems.commandcomms|1001|null|10158
2026-03-30 19:38:54.892 26159-26175 BroadcastQueue          system_server                        W  Background execution not allowed: receiving Intent { act=android.intent.action.DROPBOX_ENTRY_ADDED flg=0x10 (has extras) } to com.google.android.gms/.stats.service.DropBoxEntryAddedReceiver
2026-03-30 19:38:54.939 26159-26185 DuraSpeed/...eedService system_server                        D  [onPlaybackConfigChanged], play music packageNames:[com.reedersystems.commandcomms]
2026-03-30 19:38:54.940   364-374   HWComposer              surfaceflinger                       W  Ignoring duplicate VSYNC event from HWC (t=0)
2026-03-30 19:38:54.942 26075-26750 DrmMtkUtil/DrmUtil      mediaserver                          E  checkDcf: not dcf type, dcf version value [80]
2026-03-30 19:38:54.942 26075-26750 Cta5File                mediaserver                          E  Cta5File::isCta5NormalFile false, bad magic:PK
2026-03-30 19:38:54.942 26075-26750 Cta5File                mediaserver                          E  Cta5File::isCta5MultimediaFile false, bad magic:
2026-03-30 19:38:54.943 26075-26750 NuPlayerDriver          mediaserver                          D  NuPlayerDriver(0xae6253f0) created, clientPid(30744)
2026-03-30 19:38:54.944   355-355   NxpTml                  vendor.nxp.nxpnfc@1.0-service        D  phTmlNfc_i2c_reset(), VEN level 1
2026-03-30 19:38:54.955 26075-32439 GenericSource           mediaserver                          D  FileSource remote
2026-03-30 19:38:54.962   397-17102 MediaExtractor          media.extractor                      D  Autodetected media content as 'audio/x-wav' with confidence 0.30
2026-03-30 19:38:54.964   364-374   HWComposer              surfaceflinger                       W  Ignoring duplicate VSYNC event from HWC (t=0)
2026-03-30 19:38:54.965   364-376   BufferQueueProducer     surfaceflinger                       I  [StatusBar#0](this:0xa5e75000,id:1126,api:1,p:26333,c:364) queueBuffer: fps=0.32 dur=6292.01 max=5292.08 min=999.93
2026-03-30 19:38:54.965   397-12753 MediaBufferGroup        media.extractor                      D  creating MemoryDealer
2026-03-30 19:38:54.966   397-16180 MediaAnalyticsItem      media.extractor                      W  Unable to record: (extractor:0:-1:-11:0:3:android.media.mediaextractor.fmt=WAVExtractor:android.media.mediaextractor.ntrk=1:android.media.mediaextractor.mime=audio/x-wav:) [forcenew=0]
2026-03-30 19:38:54.966 26075-32438 NuPlayerDriver          mediaserver                          D  notifyListener_l(0xae6253f0), (1, 0, 0, -1), loop setting(0, 0)
2026-03-30 19:38:54.967 30744-30744 MediaPlayer             com.reedersystems.commandcomms       D  handleMessage msg:(1, 0, 0)
2026-03-30 19:38:54.973 26075-26118 NuPlayerDriver          mediaserver                          D  start(0xae6253f0), state is 4, eos is 0
2026-03-30 19:38:54.973 26159-30080 MediaRouterService      system_server                        V  restoreBluetoothA2dp(false)
2026-03-30 19:38:54.974 26075-32438 GenericSource           mediaserver                          I  start
2026-03-30 19:38:54.976 26159-26185 DuraSpeed/...eedService system_server                        D  [onPlaybackConfigChanged], play music packageNames:[com.reedersystems.commandcomms, com.reedersystems.commandcomms]
2026-03-30 19:38:54.977 26075-32438 Utils_MTK               mediaserver                          D  kKeyBitWidth in utils is 16
2026-03-30 19:38:54.977 26075-32438 Utils_MTK               mediaserver                          D  kKeyEndian in utils is 2
2026-03-30 19:38:54.977 26075-32438 Utils_MTK               mediaserver                          D  kKeyNumericalType in utils is 1
2026-03-30 19:38:54.977 26075-32438 Utils_MTK               mediaserver                          D  kKeyPCMType in utils is 1
2026-03-30 19:38:54.979 26075-32438 Utils_MTK               mediaserver                          D  kKeyBitWidth in utils is 16
2026-03-30 19:38:54.979 26075-32438 Utils_MTK               mediaserver                          D  kKeyEndian in utils is 2
2026-03-30 19:38:54.979 26075-32438 Utils_MTK               mediaserver                          D  kKeyNumericalType in utils is 1
2026-03-30 19:38:54.979 26075-32438 Utils_MTK               mediaserver                          D  kKeyPCMType in utils is 1
2026-03-30 19:38:54.984 26075-32447 OMXClient               mediaserver                          I  Treble IOmx obtained
2026-03-30 19:38:54.985 25998-10723 OMXMaster               media.codec                          I  makeComponentInstance(OMX.MTK.AUDIO.DECODER.RAW) in omx@1.0-service process
2026-03-30 19:38:54.985 25998-10723 MtkOmxRawDec            media.codec                          D  MtkOmxComponentCreate +++ !!!
2026-03-30 19:38:54.986 25998-10723 MtkOmxRawDec            media.codec                          D  MtkOmxRawDec Construct !!!
2026-03-30 19:38:54.986 25998-10723 MtkOmxRawDec            media.codec                          D  fileTableSize is 55
2026-03-30 19:38:54.986 25998-10723 MtkOmxRawDec            media.codec                          D  Init Audio(Raw PCM) Params!!!
2026-03-30 19:38:54.987   364-374   HWComposer              surfaceflinger                       W  Ignoring duplicate VSYNC event from HWC (t=0)
2026-03-30 19:38:54.988 26075-32447 ACodec                  mediaserver                          D  endian is 2, bitWidth is 16, pcmType is 1, channelAssignment is 0, numericalType is 1
2026-03-30 19:38:54.988 26075-32447 ACodec                  mediaserver                          D  Config raw codec, pcmType is 1
2026-03-30 19:38:54.988 25998-14329 MtkOmxRawDec            media.codec                          D  checkInputParameter !
2026-03-30 19:38:54.989 25998-14329 OMXNodeInstance         media.codec                          E  setConfig(0xa5258004:MTK.DECODER.RAW, ConfigPriority(0x6f800002)) ERROR: Undefined(0x80001001)
2026-03-30 19:38:54.989 26075-32447 ACodec                  mediaserver                          I  codec does not support config priority (err -2147483648)
2026-03-30 19:38:54.990 25998-26009 OMXNodeInstance         media.codec                          E  getConfig(0xa5258004:MTK.DECODER.RAW, ConfigAndroidVendorExtension(0x6f100004)) ERROR: Undefined(0x80001001)
2026-03-30 19:38:54.992 26075-32447 MediaCodec              mediaserver                          I  MediaCodec will operate in async mode
2026-03-30 19:38:54.992 25998-32448 MtkOmxAudioDecBase      media.codec                          D  # Got general command (OMX_CommandStateSet)
2026-03-30 19:38:54.992 25998-32448 MtkOmxAudioDecBase      media.codec                          D  wait on mInPortAllocDoneSem(0), mOutPortAllocDoneSem(0)!!
2026-03-30 19:38:54.997   331-331   /system/bi....0-service android.hidl.allocator@1.0-service   W  ashmem_create_region(65536) returning hidl_memory(0xb3418300, 65536)
2026-03-30 19:38:54.999   331-331   /system/bi....0-service android.hidl.allocator@1.0-service   W  ashmem_create_region(65536) returning hidl_memory(0xb3418300, 65536)
2026-03-30 19:38:55.000   364-364   DisplayDevice           surfaceflinger                       I  [studio.screen.sharing:0 (type:2)] fps:0.317956,dur:6290.17,max:5290.53,min:999.65
2026-03-30 19:38:55.001   364-364   DisplayDevice           surfaceflinger                       I  [Built-in Screen (type:0)] fps:0.317960,dur:6290.09,max:5290.73,min:999.36
2026-03-30 19:38:55.001   331-331   /system/bi....0-service android.hidl.allocator@1.0-service   W  ashmem_create_region(65536) returning hidl_memory(0xb3418300, 65536)
2026-03-30 19:38:55.002   351-520   hwcomposer              and...graphics.composer@2.1-service  W  [JOB] (2) copyvds is ture but vir buffer format is not HAL_PIXEL_FORMAT_YV12  
2026-03-30 19:38:55.004 25998-26009 BufferQueueProducer     media.codec                          I  [GraphicBufferSource](this:0xa5237000,id:78,api:1,p:25998,c:25998) queueBuffer: fps=0.32 dur=6292.42 max=5292.97 min=999.45
2026-03-30 19:38:55.005   331-331   /system/bi....0-service android.hidl.allocator@1.0-service   W  ashmem_create_region(65536) returning hidl_memory(0xb3418300, 65536)
2026-03-30 19:38:55.008   331-331   chatty                  android.hidl.allocator@1.0-service   I  uid=1000(system) allocator@1.0-s identical 2 lines
2026-03-30 19:38:55.009   331-331   /system/bi....0-service android.hidl.allocator@1.0-service   W  ashmem_create_region(65536) returning hidl_memory(0xb3418300, 65536)
2026-03-30 19:38:55.010   364-374   HWComposer              surfaceflinger                       W  Ignoring duplicate VSYNC event from HWC (t=0)
2026-03-30 19:38:55.011   331-331   /system/bi....0-service android.hidl.allocator@1.0-service   W  ashmem_create_region(65536) returning hidl_memory(0xb3418300, 65536)
2026-03-30 19:38:55.026   331-331   chatty                  android.hidl.allocator@1.0-service   I  uid=1000(system) allocator@1.0-s identical 10 lines
2026-03-30 19:38:55.027   331-331   /system/bi....0-service android.hidl.allocator@1.0-service   W  ashmem_create_region(65536) returning hidl_memory(0xb3418300, 65536)
2026-03-30 19:38:55.028 25998-32448 MtkOmxAudioDecBase      media.codec                          D  # Got general command (OMX_CommandStateSet)
2026-03-30 19:38:55.028 25998-32448 MtkOmxAudioDecBase      media.codec                          D  state changes to OMX_StateExecuting
2026-03-30 19:38:55.034   364-374   HWComposer              surfaceflinger                       W  Ignoring duplicate VSYNC event from HWC (t=0)
2026-03-30 19:38:55.036   351-520   hwcomposer              and...graphics.composer@2.1-service  W  [JOB] (2) copyvds is ture but vir buffer format is not HAL_PIXEL_FORMAT_YV12  
2026-03-30 19:38:55.043 26075-32446 NuPlayerDecoder         mediaserver                          I  [audio] saw output EOS
2026-03-30 19:38:55.043 26075-32445 AudioTrack              mediaserver                          D  set(): 0xac70a000, streamType 8, sampleRate 44100, format 0x1, channelMask 0x1, frameCount 22560, flags #0, notificationFrames 0, sessionId 0, transferType 0, uid 10158, pid 30744
2026-03-30 19:38:55.044 26075-32445 AudioTrack              mediaserver                          D  Building AudioTrack with attributes: usage = 3, content = 4, flags = 0x0, tags = []
2026-03-30 19:38:55.045 26072-26115 AudioFlinger            audioserver                          D  track(0xab4e9680): mIsOut 1, mFrameCount 22560, mSampleRate 44100, mFormat 1, mChannelCount 1, mTrackCount 213, thread 0xaac83140, sessionId 2033
2026-03-30 19:38:55.045 26072-26115 AudioFlinger            audioserver                          D  track(0xab4e9680): mFastIndex -1, mStreamType 8, mName 4099
2026-03-30 19:38:55.047 26075-32445 AudioTrack              mediaserver                          D  Client defaulted notificationFrames to 7520 for frameCount 22560
2026-03-30 19:38:55.047 26075-32445 AudioTrack              mediaserver                          D  createTrack_l: 0xac70a000, mCblk = 0xabf170e0, mLatency = 563, mAfLatency = 52, frameCount = 22560, mSampleRate = 44100, mFlags = 0, mReqFrameCount = 22560, mNotificationFramesAct = 7520
2026-03-30 19:38:55.048 26075-32445 AudioTrack              mediaserver                          D  start(): 0xac70a000, mState = 1
2026-03-30 19:38:55.048 26072-20354 APM_AudioPolicyManager  audioserver                          D  startOutput() output 13, stream 8, session 2033
2026-03-30 19:38:55.048 26072-20354 APM::Audio...Descriptor audioserver                          V  changeRefCount() stream 8, count 1
2026-03-30 19:38:55.050 26075-32445 AudioTrack              mediaserver                          D  stop(): 0xac70a000, mState = 0
2026-03-30 19:38:55.050 26075-32445 AudioTrack              mediaserver                          D  stop() called with 11944 frames delivered
2026-03-30 19:38:55.050 26075-32438 NuPlayerDriver          mediaserver                          D  notifyListener_l(0xae6253f0), (6, 0, 0, -1), loop setting(0, 0)
2026-03-30 19:38:55.050   351-30355 MDP                     and...graphics.composer@2.1-service  W  DpDriver::waitFramedone takes 42ms
2026-03-30 19:38:55.051   351-30355 MDP                     and...graphics.composer@2.1-service  W  DpAsyncBlitStream: 0xa8785820, 42 ms
2026-03-30 19:38:55.051 30744-30744 MediaPlayer             com.reedersystems.commandcomms       D  handleMessage msg:(6, 0, 0)
2026-03-30 19:38:55.052 26078-29085 AudioALSAStreamManager  and...re.audio@2.0-service-mediatek  D  +syncSharedOutDevice(), routingSharedOutDevice: 2
2026-03-30 19:38:55.052 26078-29085 AudioALSAStreamManager  and...re.audio@2.0-service-mediatek  D  setMasterVolume(), volume = 1.000000
2026-03-30 19:38:55.052 26078-29085 AudioMTKGainController  and...re.audio@2.0-service-mediatek  D  setNormalVolume(), mSceneIndex = 0, stream 8, devices 0x2, index 14, mode 0x0
2026-03-30 19:38:55.052 26078-29085 AudioMTKGainController  and...re.audio@2.0-service-mediatek  D  setSpeakerGain(), gain = 8, spkAnaType = 3, spkLMixerName = Lineout_PGAL_GAIN, spkRMixerName = Lineout_PGAR_GAIN
2026-03-30 19:38:55.052 26075-32445 AudioTrack              mediaserver                          D  audiotrack 0xac70a000 stop done
2026-03-30 19:38:55.052 26078-29085 AudioALSAStreamOut      and...re.audio@2.0-service-mediatek  D  open(), flags 6
2026-03-30 19:38:55.052 26078-29085 AudioUtility            and...re.audio@2.0-service-mediatek  D  power_hal_hint - custPowerHint 0, data 268435455
2026-03-30 19:38:55.052 26078-29085 AudioALSAStreamManager  and...re.audio@2.0-service-mediatek  D  +createPlaybackHandler(), mAudioMode = 0, output_devices = 0x2
2026-03-30 19:38:55.053 26078-29085 NVRAM                   and...re.audio@2.0-service-mediatek  D  getNumMicSupport(), dualMicFlag 1, numMicString 2
2026-03-30 19:38:55.053 26078-29085 NVRAM                   and...re.audio@2.0-service-mediatek  D  QueryFeatureSupportInfo(), feature support bit 0x1a097c57 
2026-03-30 19:38:55.053 26078-29085 AudioSpeechEnhanceInfo  and...re.audio@2.0-service-mediatek  D  IsAPDMNRTuningEnable(), 0
2026-03-30 19:38:55.053 26078-29085 AudioALSAP...dlerNormal and...re.audio@2.0-service-mediatek  D  AudioALSAPlaybackHandlerNormal()
2026-03-30 19:38:55.053 26078-29085 AudioALSAP...dlerNormal and...re.audio@2.0-service-mediatek  D  +setFilterMng() mAudioFilterManagerHandler [0xae716290]
2026-03-30 19:38:55.053 26078-29085 AudioALSAP...dlerNormal and...re.audio@2.0-service-mediatek  D  +open(), flag 6, mDevice = 0x2
2026-03-30 19:38:55.053 26078-29085 AudioALSADeviceParser   and...re.audio@2.0-service-mediatek  D  compare pcm success = 7, stringpair = I2S0DL1_PLayback
2026-03-30 19:38:55.047 25998-25998 gle.vp8.encoder         media.codec                          W  type=1400 audit(0.0:252435): avc: denied { getattr } for path="/dev/sw_sync" dev="tmpfs" ino=236 scontext=u:r:mediacodec:s0 tcontext=u:object_r:sw_sync_device:s0 tclass=chr_file permissive=0
2026-03-30 19:38:55.054 26078-29085 <no-tag>                and...re.audio@2.0-service-mediatek  D  -AssignDRAM() retval 0
2026-03-30 19:38:55.054 26078-29085 AudioALSAP...andlerBase and...re.audio@2.0-service-mediatek  D  transferAudioFormatToPcmFormat(), audio_format(0x4) => pcm_format(0x1)
2026-03-30 19:38:55.054   353-13317 vendor.med...r@1.1-impl merged_hal_service                   I  mtkCusPowerHint hint:0, data:268435455
2026-03-30 19:38:55.054 26078-29085 AudioALSAP...dlerNormal and...re.audio@2.0-service-mediatek  D  open(), mConfig: channels = 2, rate = 48000, period_size = 256, period_count = 2, format = 1 avail_min = 256
2026-03-30 19:38:55.054 26078-29085 AudioALSADriverUtility  and...re.audio@2.0-service-mediatek  D  GetPropertyValue key = af.resouce.extdac_support value = 0
2026-03-30 19:38:55.054 26078-29085 AudioALSAP...dlerNormal and...re.audio@2.0-service-mediatek  D  SetLowJitterMode(), bypass low jitter mode, bEnable = 1, device = 0x2, SampleRate = 48000
2026-03-30 19:38:55.054 26078-29085 AudioALSAP...andlerBase and...re.audio@2.0-service-mediatek  D  openPcmDriverWithFlag(), pcm device = 7 flag = 0x8
2026-03-30 19:38:55.055   353-385   powerd                  merged_hal_service                   I  [powerd_req] POWER_MSG_MTK_CUS_HINT: hint:0, hdl:36, data:268435455
2026-03-30 19:38:55.055   353-385   libPerfService          merged_hal_service                   I  perfCusUserScnEnable - handle:36
2026-03-30 19:38:55.055 26078-29085 AudioALSAP...andlerBase and...re.audio@2.0-service-mediatek  D  initBitConverter(), audio_format: 0x3 => 0x4, bcv_pcm_format = 0x3
2026-03-30 19:38:55.055 26078-29085 MtkAudioBitConverter    and...re.audio@2.0-service-mediatek  D  +open(), format 3, CH 2, SR 48000
2026-03-30 19:38:55.055 26078-29085 MtkAudioBitConverter    and...re.audio@2.0-service-mediatek  D  +resetBuffer()
2026-03-30 19:38:55.055 26078-29085 AudioALSAH...rceManager and...re.audio@2.0-service-mediatek  D  +startOutputDevice(), new_devices = 0x2, mOutputDevices = 0x0, mStartOutputDevicesCount = 0 SampleRate = 48000
2026-03-30 19:38:55.055 26078-29085 AudioALSADriverUtility  and...re.audio@2.0-service-mediatek  D  GetPropertyValue key = af.resouce.extdac_support value = 0
2026-03-30 19:38:55.055 26078-29085 AudioALSAD...figManager and...re.audio@2.0-service-mediatek  D  ApplyDeviceTurnonSequenceByName() DeviceName = speaker_output descriptor->DeviceStatusCounte = 0
2026-03-30 19:38:55.057 26078-29085 AudioALSAD...figManager and...re.audio@2.0-service-mediatek  D  ApplyDeviceTurnonSequenceByName() DeviceName = ext_speaker_output descriptor->DeviceStatusCounte = 0
2026-03-30 19:38:55.057   355-355   NxpFwDnld               vendor.nxp.nxpnfc@1.0-service        E  free library SUCCESS !!
2026-03-30 19:38:55.057   355-355   NxpFwDnld               vendor.nxp.nxpnfc@1.0-service        E  Freeing Mem for Dnld Context..
2026-03-30 19:38:55.057   355-355   NxpHal                  vendor.nxp.nxpnfc@1.0-service        D  Chip Version Middleware Version mismatch!!!!
2026-03-30 19:38:55.058   355-1634  NxpTml                  vendor.nxp.nxpnfc@1.0-service        D  PN54X - Write requested.....
2026-03-30 19:38:55.058   364-374   HWComposer              surfaceflinger                       W  Ignoring duplicate VSYNC event from HWC (t=0)
2026-03-30 19:38:55.058   355-1634  NxpTml                  vendor.nxp.nxpnfc@1.0-service        D  PN54X - Invoking I2C Write.....
2026-03-30 19:38:55.061 26078-29085 AudioVoiceUIDL          and...re.audio@2.0-service-mediatek  D  [GetSRCInputParameter] mOutputSampleRate 16000,  mInputSampleRate 48000, mInChannel 2, mOutChannel, 0 format 4
2026-03-30 19:38:55.061 26078-29085 AudioVoiceUIDL          and...re.audio@2.0-service-mediatek  D  [GetSRCInputParameter] create SRC handle fail
2026-03-30 19:38:55.061 26078-29085 AudioALSAP...dlerNormal and...re.audio@2.0-service-mediatek  D  -open()
2026-03-30 19:38:55.063 25998-25998 gle.vp8.encoder         media.codec                          W  type=1400 audit(0.0:252436): avc: denied { getattr } for path="/dev/sw_sync" dev="tmpfs" ino=236 scontext=u:r:mediacodec:s0 tcontext=u:object_r:sw_sync_device:s0 tclass=chr_file permissive=0
2026-03-30 19:38:55.072   351-520   hwcomposer              and...graphics.composer@2.1-service  W  [JOB] (2) copyvds is ture but vir buffer format is not HAL_PIXEL_FORMAT_YV12  
2026-03-30 19:38:55.078   355-1634  NxpTml                  vendor.nxp.nxpnfc@1.0-service        E  _i2c_write() errno : 5
2026-03-30 19:38:55.078   355-1634  NxpTml                  vendor.nxp.nxpnfc@1.0-service        E  PN54X - Error in I2C Write.....
2026-03-30 19:38:55.078   355-1634  NxpTml                  vendor.nxp.nxpnfc@1.0-service        D  PN54X - Posting Fresh Write message.....
2026-03-30 19:38:55.078   355-1634  NxpTml                  vendor.nxp.nxpnfc@1.0-service        D  PN54X - Tml Writer Thread Running................
2026-03-30 19:38:55.078   355-1636  NxpHal                  vendor.nxp.nxpnfc@1.0-service        E  write error status = 0x1ff
2026-03-30 19:38:55.078   355-355   NxpHal                  vendor.nxp.nxpnfc@1.0-service        E  write_unlocked failed - PN54X Maybe in Standby Mode - Retry
2026-03-30 19:38:55.080   364-374   HWComposer              surfaceflinger                       W  Ignoring duplicate VSYNC event from HWC (t=0)
2026-03-30 19:38:55.088   355-1634  NxpTml                  vendor.nxp.nxpnfc@1.0-service        D  PN54X - Write requested.....
2026-03-30 19:38:55.088   355-1634  NxpTml                  vendor.nxp.nxpnfc@1.0-service        D  PN54X - Invoking I2C Write.....
2026-03-30 19:38:55.083 25998-25998 gle.vp8.encoder         media.codec                          W  type=1400 audit(0.0:252437): avc: denied { getattr } for path="/dev/sw_sync" dev="tmpfs" ino=236 scontext=u:r:mediacodec:s0 tcontext=u:object_r:sw_sync_device:s0 tclass=chr_file permissive=0
2026-03-30 19:38:55.104   364-374   HWComposer              surfaceflinger                       W  Ignoring duplicate VSYNC event from HWC (t=0)
2026-03-30 19:38:55.108   355-1634  NxpTml                  vendor.nxp.nxpnfc@1.0-service        E  _i2c_write() errno : 5
2026-03-30 19:38:55.108   355-1634  NxpTml                  vendor.nxp.nxpnfc@1.0-service        E  PN54X - Error in I2C Write.....
2026-03-30 19:38:55.108   355-1634  NxpTml                  vendor.nxp.nxpnfc@1.0-service        D  PN54X - Posting Fresh Write message.....
2026-03-30 19:38:55.108   355-1634  NxpTml                  vendor.nxp.nxpnfc@1.0-service        D  PN54X - Tml Writer Thread Running................
2026-03-30 19:38:55.108   355-1636  NxpHal                  vendor.nxp.nxpnfc@1.0-service        E  write error status = 0x1ff
2026-03-30 19:38:55.108   355-355   NxpHal                  vendor.nxp.nxpnfc@1.0-service        E  write_unlocked failed - PN54X Maybe in Standby Mode - Retry
2026-03-30 19:38:55.118   355-1634  NxpTml                  vendor.nxp.nxpnfc@1.0-service        D  PN54X - Write requested.....
2026-03-30 19:38:55.118   355-1634  NxpTml                  vendor.nxp.nxpnfc@1.0-service        D  PN54X - Invoking I2C Write.....
2026-03-30 19:38:55.122 30744-30847 [PTT-DIAG]              com.reedersystems.commandcomms       D  emitPttPre TESTING__TESTING 1
2026-03-30 19:38:55.124 30744-30847 [PTT-DIAG]              com.reedersystems.commandcomms       D  Radio PTT: transmitPre sent for roomKey TESTING__TESTING 1
2026-03-30 19:38:55.124 30744-30847 [PTT-DIAG]              com.reedersystems.commandcomms       D  PTT_REQUEST_SENT channelId=TESTING__TESTING 1
2026-03-30 19:38:55.124 30744-30847 [PTT-DIAG]              com.reedersystems.commandcomms       D  RADIO_PTT_REQUEST_SENT channelId=TESTING__TESTING 1
2026-03-30 19:38:55.124 30744-30847 [FloorCtrl]             com.reedersystems.commandcomms       D  requestFloor channelKey=TESTING__TESTING 1
2026-03-30 19:38:55.125 30744-30847 [RadioState]            com.reedersystems.commandcomms       D  State transition: IDLE -> REQUESTING_FLOOR
2026-03-30 19:38:55.125 30744-30744 [PTT-DIAG]              com.reedersystems.commandcomms       D  RadioState updated: REQUESTING_FLOOR
2026-03-30 19:38:55.127   364-374   HWComposer              surfaceflinger                       W  Ignoring duplicate VSYNC event from HWC (t=0)
2026-03-30 19:38:55.132 30744-30847 [RadioSigGW]            com.reedersystems.commandcomms       D  requestFloor channelKey=TESTING__TESTING 1
2026-03-30 19:38:55.132 30744-30847 [PTT-DIAG]              com.reedersystems.commandcomms       D  emitRadioPttRequest TESTING__TESTING 1
2026-03-30 19:38:55.138   355-1634  NxpTml                  vendor.nxp.nxpnfc@1.0-service        E  _i2c_write() errno : 5
2026-03-30 19:38:55.138   355-1634  NxpTml                  vendor.nxp.nxpnfc@1.0-service        E  PN54X - Error in I2C Write.....
2026-03-30 19:38:55.138   355-1634  NxpTml                  vendor.nxp.nxpnfc@1.0-service        D  PN54X - Posting Fresh Write message.....
2026-03-30 19:38:55.138   355-1634  NxpTml                  vendor.nxp.nxpnfc@1.0-service        D  PN54X - Tml Writer Thread Running................
2026-03-30 19:38:55.140   355-1636  NxpHal                  vendor.nxp.nxpnfc@1.0-service        E  write error status = 0x1ff
2026-03-30 19:38:55.141   355-355   NxpHal                  vendor.nxp.nxpnfc@1.0-service        E  write_unlocked failed - PN54X Maybe in Standby Mode - Retry
2026-03-30 19:38:55.150   364-374   HWComposer              surfaceflinger                       W  Ignoring duplicate VSYNC event from HWC (t=0)
2026-03-30 19:38:55.151   355-1634  NxpTml                  vendor.nxp.nxpnfc@1.0-service        D  PN54X - Write requested.....
2026-03-30 19:38:55.151   355-1634  NxpTml                  vendor.nxp.nxpnfc@1.0-service        D  PN54X - Invoking I2C Write.....
2026-03-30 19:38:55.171   355-1634  NxpTml                  vendor.nxp.nxpnfc@1.0-service        E  _i2c_write() errno : 5
2026-03-30 19:38:55.171   355-1634  NxpTml                  vendor.nxp.nxpnfc@1.0-service        E  PN54X - Error in I2C Write.....
2026-03-30 19:38:55.171   355-1634  NxpTml                  vendor.nxp.nxpnfc@1.0-service        D  PN54X - Posting Fresh Write message.....
2026-03-30 19:38:55.171   355-1634  NxpTml                  vendor.nxp.nxpnfc@1.0-service        D  PN54X - Tml Writer Thread Running................
2026-03-30 19:38:55.171   355-1636  NxpHal                  vendor.nxp.nxpnfc@1.0-service        E  write error status = 0x1ff
2026-03-30 19:38:55.171   355-355   NxpHal                  vendor.nxp.nxpnfc@1.0-service        E  write_unlocked failed - PN54X Maybe in Standby Mode - Retry
2026-03-30 19:38:55.174   364-374   HWComposer              surfaceflinger                       W  Ignoring duplicate VSYNC event from HWC (t=0)
2026-03-30 19:38:55.170 25998-25998 gle.vp8.encoder         media.codec                          W  type=1400 audit(0.0:252438): avc: denied { getattr } for path="/dev/sw_sync" dev="tmpfs" ino=236 scontext=u:r:mediacodec:s0 tcontext=u:object_r:sw_sync_device:s0 tclass=chr_file permissive=0
2026-03-30 19:38:55.182   355-1634  NxpTml                  vendor.nxp.nxpnfc@1.0-service        D  PN54X - Write requested.....
2026-03-30 19:38:55.182   355-1634  NxpTml                  vendor.nxp.nxpnfc@1.0-service        D  PN54X - Invoking I2C Write.....
2026-03-30 19:38:55.197   364-374   HWComposer              surfaceflinger                       W  Ignoring duplicate VSYNC event from HWC (t=0)
2026-03-30 19:38:55.201   355-1634  NxpTml                  vendor.nxp.nxpnfc@1.0-service        E  _i2c_write() errno : 5
2026-03-30 19:38:55.201   355-1634  NxpTml                  vendor.nxp.nxpnfc@1.0-service        E  PN54X - Error in I2C Write.....
2026-03-30 19:38:55.201   355-1634  NxpTml                  vendor.nxp.nxpnfc@1.0-service        D  PN54X - Posting Fresh Write message.....
2026-03-30 19:38:55.201   355-1634  NxpTml                  vendor.nxp.nxpnfc@1.0-service        D  PN54X - Tml Writer Thread Running................
2026-03-30 19:38:55.201   355-1636  NxpHal                  vendor.nxp.nxpnfc@1.0-service        E  write error status = 0x1ff
2026-03-30 19:38:55.201   355-355   NxpHal                  vendor.nxp.nxpnfc@1.0-service        E  write_unlocked failed - PN54X Maybe in Standby Mode - Retry
2026-03-30 19:38:55.212   355-1634  NxpTml                  vendor.nxp.nxpnfc@1.0-service        D  PN54X - Write requested.....
2026-03-30 19:38:55.212   355-1634  NxpTml                  vendor.nxp.nxpnfc@1.0-service        D  PN54X - Invoking I2C Write.....
2026-03-30 19:38:55.213 30744-32454 [PTT-DIAG]              com.reedersystems.commandcomms       D  RADIO_TOKEN_EVENT_RECEIVED channelId=TESTING__TESTING 1 roomKey=TESTING__TESTING 1 tokenPresent=yes
2026-03-30 19:38:55.217 30744-31208 [PTT-DIAG]              com.reedersystems.commandcomms       D  RADIO_TOKEN_EVENT_RECEIVED channelId=TESTING__TESTING 1 roomKey=TESTING__TESTING 1 tokenPresent=yes
2026-03-30 19:38:55.217 30744-31208 [PTT-DIAG]              com.reedersystems.commandcomms       D  RADIO_TOKEN_ACCEPTED_FOR_ACTIVE_CHANNEL activeChannel=TESTING__TESTING 1 tokenChannel=TESTING__TESTING 1
2026-03-30 19:38:55.217 30744-31208 [PTT-DIAG]              com.reedersystems.commandcomms       D  RADIO_SESSION_TOKEN_RECEIVED channelId=TESTING__TESTING 1
2026-03-30 19:38:55.218 30744-31208 [UdpTransport]          com.reedersystems.commandcomms       D  Session token set (16 bytes)
2026-03-30 19:38:55.220   364-374   HWComposer              surfaceflinger                       W  Ignoring duplicate VSYNC event from HWC (t=0)
2026-03-30 19:38:55.222 30744-31208 [PTT-DIAG]              com.reedersystems.commandcomms       D  RADIO_PTT_GRANTED channelId=TESTING__TESTING 1 senderUnitId=INDIANA-1
2026-03-30 19:38:55.222 30744-31208 [FloorCtrl]             com.reedersystems.commandcomms       D  Floor GRANTED
2026-03-30 19:38:55.223 30744-30744 [PTT-DIAG]              com.reedersystems.commandcomms       D  RadioState updated: TRANSMITTING
2026-03-30 19:38:55.223 30744-31208 [RadioState]            com.reedersystems.commandcomms       D  State transition: REQUESTING_FLOOR -> TRANSMITTING
2026-03-30 19:38:55.228 30744-30844 [PTT-DIAG]              com.reedersystems.commandcomms       D  Floor GRANTED — starting TX
2026-03-30 19:38:55.230 30744-31212 [FloorCtrl]             com.reedersystems.commandcomms       D  Channel busy — transmitting unit: INDIANA-1
2026-03-30 19:38:55.230 30744-30844 AudioRecord             com.reedersystems.commandcomms       D  set(): 0x86dc2600, inputSource 7, sampleRate 48000, format 0x1, channelMask 0x10, frameCount 3840, notificationFrames 0, sessionId 0, transferType 0, flags 0, opPackageName com.reedersystems.commandcomms uid -1, pid -1
2026-03-30 19:38:55.231 26072-24566 APM_AudioPolicyManager  audioserver                          D  getInputForAttr() source 7, samplingRate 48000, format 1, channelMask 10,session 2041, flags 0
2026-03-30 19:38:55.232 26078-26142 AudioALSAStreamManager  and...re.audio@2.0-service-mediatek  D  openInputStream(), devices = 0x80000004, format = 0x1, channels = 0x10, sampleRate = 48000, status = 302, acoustics = 0x0
2026-03-30 19:38:55.232 26078-26142 AudioALSAStreamIn       and...re.audio@2.0-service-mediatek  D  AudioALSAStreamIn()
2026-03-30 19:38:55.232 26078-26142 AudioALSAStreamIn       and...re.audio@2.0-service-mediatek  D  set(), devices = 0x80000004, format = 0x1, channels = 0x10, sampleRate = 48000, acoustics = 0x0, flags = 0
2026-03-30 19:38:55.232 26078-26142 AudioALSAStreamIn       and...re.audio@2.0-service-mediatek  D  CheckBesRecordInfo()
2026-03-30 19:38:55.232 26078-26142 AudioSpeechEnhanceInfo  and...re.audio@2.0-service-mediatek  D  GetBesRecScene() -1
2026-03-30 19:38:55.232 26078-26142 AudioSpeechEnhanceInfo  and...re.audio@2.0-service-mediatek  D  IsBesRecTuningEnable()- 0
2026-03-30 19:38:55.232 26078-26142 NVRAM                   and...re.audio@2.0-service-mediatek  D  getNumMicSupport(), dualMicFlag 1, numMicString 2
2026-03-30 19:38:55.232 26078-26142 NVRAM                   and...re.audio@2.0-service-mediatek  D  QueryFeatureSupportInfo(), feature support bit 0x1a097c57 
2026-03-30 19:38:55.232 26078-26142 AudioSpeechEnhanceInfo  and...re.audio@2.0-service-mediatek  D  IsAPDMNRTuningEnable(), 0
2026-03-30 19:38:55.232   355-1634  NxpTml                  vendor.nxp.nxpnfc@1.0-service        E  _i2c_write() errno : 5
2026-03-30 19:38:55.232   355-1634  NxpTml                  vendor.nxp.nxpnfc@1.0-service        E  PN54X - Error in I2C Write.....
2026-03-30 19:38:55.232 26078-26142 NVRAM                   and...re.audio@2.0-service-mediatek  D  getNumMicSupport(), dualMicFlag 1, numMicString 2
2026-03-30 19:38:55.232   355-1634  NxpTml                  vendor.nxp.nxpnfc@1.0-service        D  PN54X - Posting Fresh Write message.....
2026-03-30 19:38:55.232 26078-26142 NVRAM                   and...re.audio@2.0-service-mediatek  D  QueryFeatureSupportInfo(), feature support bit 0x1a097c57 
2026-03-30 19:38:55.232 26078-26142 AudioSpeechEnhanceInfo  and...re.audio@2.0-service-mediatek  D  GetForceMagiASRState(), feature_support=1a097c57, 400, mForceMagiASR=0
2026-03-30 19:38:55.232   355-1634  NxpTml                  vendor.nxp.nxpnfc@1.0-service        D  PN54X - Tml Writer Thread Running................
2026-03-30 19:38:55.232 26078-26142 AudioSpeechEnhanceInfo  and...re.audio@2.0-service-mediatek  D  GetForceAECRecState(), mForceAECRec=0
2026-03-30 19:38:55.232 26078-26142 AudioALSAStreamIn       and...re.audio@2.0-service-mediatek  D  set() done, sampleRate = 48000, num_channels = 1, buffer_size=1920, tempDebugflag = 0
2026-03-30 19:38:55.232 26078-26142 AudioALSAStreamManager  and...re.audio@2.0-service-mediatek  D  -openInputStream(), in = 0xae76aa00, status = 0x0, mStreamInVector.size() = 1
2026-03-30 19:38:55.232   355-1636  NxpHal                  vendor.nxp.nxpnfc@1.0-service        E  write error status = 0x1ff
2026-03-30 19:38:55.232 26078-26142 AudioALSAStreamIn       and...re.audio@2.0-service-mediatek  D  +setParameters(): input_source=7
2026-03-30 19:38:55.232   355-355   NxpHal                  vendor.nxp.nxpnfc@1.0-service        E  write_unlocked failed - PN54X Maybe in Standby Mode (max count = 0x6)
2026-03-30 19:38:55.232 26078-26142 AudioALSAStreamIn       and...re.audio@2.0-service-mediatek  D  -setParameters(): input_source=7 
2026-03-30 19:38:55.232   355-355   NxpTml                  vendor.nxp.nxpnfc@1.0-service        D  phTmlNfc_i2c_reset(), VEN level 0
2026-03-30 19:38:55.236 26072-32458 AudioFlinger_Threads    audioserver                          I  AudioFlinger's thread 0xaa4836c0 tid=32458 ready to run
2026-03-30 19:38:55.237 26078-26142 AudioALSAStreamIn       and...re.audio@2.0-service-mediatek  D  +standby()
2026-03-30 19:38:55.237 26078-26142 AudioALSAStreamIn       and...re.audio@2.0-service-mediatek  D  -standby()
2026-03-30 19:38:55.240 26078-24807 AudioALSAStreamIn       and...re.audio@2.0-service-mediatek  D  +standby()
2026-03-30 19:38:55.241 26078-24807 AudioALSAStreamIn       and...re.audio@2.0-service-mediatek  D  -standby()
2026-03-30 19:38:55.244   364-374   HWComposer              surfaceflinger                       W  Ignoring duplicate VSYNC event from HWC (t=0)
2026-03-30 19:38:55.263 26072-24566 AudioFlinger            audioserver                          D  track(0xaab726c0): mIsOut 0, mFrameCount 3840, mSampleRate 48000, mFormat 1, mChannelCount 1, mTrackCount 214, thread 0xaa4836c0, sessionId 2041
2026-03-30 19:38:55.264 30744-30844 AudioRecord             com.reedersystems.commandcomms       D  openRecord_l: 0x86dc2600, mCblk = 0x841c71c0
2026-03-30 19:38:55.264 30744-30844 AudioRecord             com.reedersystems.commandcomms       D  start: 0x86dc2600, sync event 0 trigger session 0
2026-03-30 19:38:55.265 26072-24566 APM_AudioPolicyManager  audioserver                          D  startInput() input 302
2026-03-30 19:38:55.266 26078-24661 AudioALSAHardware       and...re.audio@2.0-service-mediatek  D  +routing createAudioPatch 80000004->Mixer Src 7
2026-03-30 19:38:55.266 26078-24661 AudioALSAStreamManager  and...re.audio@2.0-service-mediatek  D  +setParameters(), IOport = 302, keyValuePairs = input_source=7;routing=-2147483644
2026-03-30 19:38:55.266 26078-24661 AudioALSAStreamIn       and...re.audio@2.0-service-mediatek  D  +setParameters(): input_source=7;routing=-2147483644
2026-03-30 19:38:55.266 26078-24661 AudioALSAStreamManager  and...re.audio@2.0-service-mediatek  D  +routingInputDevice(), input_device: 0x80000004 => 0x80000004
2026-03-30 19:38:55.267 26078-24661 AudioALSAStreamManager  and...re.audio@2.0-service-mediatek  W  -routingInputDevice(), input_device == current_input_device(0x80000004), return
2026-03-30 19:38:55.267 26078-24661 AudioALSAStreamIn       and...re.audio@2.0-service-mediatek  D  -setParameters(): input_source=7;routing=-2147483644 
2026-03-30 19:38:55.267   364-374   HWComposer              surfaceflinger                       W  Ignoring duplicate VSYNC event from HWC (t=0)
2026-03-30 19:38:55.268 30744-30844 AudioRecord             com.reedersystems.commandcomms       D  start return status 0
2026-03-30 19:38:55.270 26078-24807 AudioALSAStreamIn       and...re.audio@2.0-service-mediatek  D  addAudioEffect(), 0xae718d60
2026-03-30 19:38:55.270 26078-24807 AudioALSAStreamIn       and...re.audio@2.0-service-mediatek  D  addAudioEffect(), effect name:Acoustic Echo Canceler, BackupCount=0
2026-03-30 19:38:55.270 26078-24807 AudioALSAStreamIn       and...re.audio@2.0-service-mediatek  D  addAudioEffect(), AECOn, need reopen the capture handle
2026-03-30 19:38:55.270 26078-24807 AudioALSAStreamIn       and...re.audio@2.0-service-mediatek  D  addAudioEffect()-
2026-03-30 19:38:55.270 26078-13805 AudioALSAStreamIn       and...re.audio@2.0-service-mediatek  D  addAudioEffect(), 0xad28fdc0
2026-03-30 19:38:55.270 26078-13805 AudioALSAStreamIn       and...re.audio@2.0-service-mediatek  D  addAudioEffect(), effect name:Noise Suppression, BackupCount=1
2026-03-30 19:38:55.270 26078-13805 AudioALSAStreamIn       and...re.audio@2.0-service-mediatek  D  addAudioEffect()-
2026-03-30 19:38:55.273 26078-32459 AudioALSAStreamIn       and...re.audio@2.0-service-mediatek  D  open()
2026-03-30 19:38:55.273 26078-32459 AudioALSAStreamManager  and...re.audio@2.0-service-mediatek  D  +createCaptureHandler(), mAudioMode = 0, input_source = 7, input_device = 0x80000004, mBypassDualMICProcessUL=0, sample_rate=48000
2026-03-30 19:38:55.273 26078-32459 NVRAM                   and...re.audio@2.0-service-mediatek  D  getNumMicSupport(), dualMicFlag 1, numMicString 2
2026-03-30 19:38:55.274 26078-32459 NVRAM                   and...re.audio@2.0-service-mediatek  D  QueryFeatureSupportInfo(), feature support bit 0x1a097c57 
2026-03-30 19:38:55.274 26078-32459 AudioALSAStreamManager  and...re.audio@2.0-service-mediatek  D  -EnableBesRecord(), 1
2026-03-30 19:38:55.274 26078-32459 AudioALSAC...andlerBase and...re.audio@2.0-service-mediatek  D  AudioALSACaptureHandlerBase()
2026-03-30 19:38:55.274 26078-32459 AudioALSAC...HandlerAEC and...re.audio@2.0-service-mediatek  D  AudioALSACaptureHandlerAEC()
2026-03-30 19:38:55.274 26078-32459 AudioALSAC...HandlerAEC and...re.audio@2.0-service-mediatek  D  +open(), input_device = 0x80000004, input_source = 0x7, sample_rate=48000, num_channels=1, output_devices=0x2
2026-03-30 19:38:55.274 26078-32459 AudioALSAC...DataClient and...re.audio@2.0-service-mediatek  D  AudioALSACaptureDataClient()
2026-03-30 19:38:55.274 26078-32459 AudioSPELayer           and...re.audio@2.0-service-mediatek  D  SPELayer+
2026-03-30 19:38:55.274 26078-32459 AudioSPELayer           and...re.audio@2.0-service-mediatek  D  GetVoIPJitterTime JitterTime=0,ret=1
2026-03-30 19:38:55.270 25998-25998 gle.vp8.encoder         media.codec                          W  type=1400 audit(0.0:252439): avc: denied { getattr } for path="/dev/sw_sync" dev="tmpfs" ino=236 scontext=u:r:mediacodec:s0 tcontext=u:object_r:sw_sync_device:s0 tclass=chr_file permissive=0
2026-03-30 19:38:55.280 26078-32459 AudioSPELayer           and...re.audio@2.0-service-mediatek  D  SPELayer-
2026-03-30 19:38:55.280 26078-32459 AudioMTKGainController  and...re.audio@2.0-service-mediatek  D  +SetCaptureGain(), mode=0, source=7, input device=0x80000004, output device=0x2
2026-03-30 19:38:55.281 30744-30844 [RadioEngine]           com.reedersystems.commandcomms       D  NoiseSuppressor attached: true
2026-03-30 19:38:55.281 26078-32459 NVRAM                   and...re.audio@2.0-service-mediatek  D  getNumMicSupport(), dualMicFlag 1, numMicString 2
2026-03-30 19:38:55.281 26078-32459 NVRAM                   and...re.audio@2.0-service-mediatek  D  QueryFeatureSupportInfo(), feature support bit 0x1a097c57 
2026-03-30 19:38:55.281 26078-32459 AudioSpeechEnhanceInfo  and...re.audio@2.0-service-mediatek  D  IsAPDMNRTuningEnable(), 0
2026-03-30 19:38:55.281 26078-32459 AudioUtility            and...re.audio@2.0-service-mediatek  D  IsAudioSupportFeature AUDIO_SUPPORT_DMIC bSupportFlg[0]
