--------- beginning of system
2026-03-30 18:12:16.440 26159-31229 ActivityManager         system_server                        I  Start proc 10073:com.mediatek.engineermode/1001 for broadcast com.mediatek.engineermode/.nsiot.UsbStateReceiverNsiot
2026-03-30 19:27:43.327 26458-26458 TelecomFramework        com.android.phone                    I  PstnIncomingCallNotifier: Unregistering: Handler (com.mediatek.internal.telephony.MtkGsmCdmaPhone) {15a75de}
2026-03-30 19:27:43.327 26458-26458 TelecomFramework        com.android.phone                    I  PstnNoAccountUnknownCallNotifier: Unregistering: Handler (com.mediatek.internal.telephony.MtkGsmCdmaPhone) {c839f81}
2026-03-30 19:27:43.453 26458-26458 TelecomFramework        com.android.phone                    I  PstnIncomingCallNotifier: Registering: Handler (com.mediatek.internal.telephony.MtkGsmCdmaPhone) {15a75de}
2026-03-30 19:27:43.453 26458-26458 TelecomFramework        com.android.phone                    I  PstnNoAccountUnknownCallNotifier: Registering: Handler (com.mediatek.internal.telephony.MtkGsmCdmaPhone) {c839f81}
2026-03-30 19:32:04.633 26159-26193 PackageManager          system_server                        W  Privileged permission android.permission.MEDIA_CONTENT_CONTROL for package com.google.android.gms - not in privapp-permissions whitelist
2026-03-30 19:32:05.675 26159-26175 BroadcastQueue          system_server                        W  Background execution not allowed: receiving Intent { act=android.intent.action.PACKAGE_REMOVED dat=package:com.reedersystems.commandcomms flg=0x4000010 (has extras) } to com.mediatek.duraspeed/.view.RunningBoosterAppReceiver
2026-03-30 19:32:12.471 26159-26185 DuraSpeed/AWSManager    system_server                        V  kill start [com.android.documentsui, com.mediatek.engineermode, com.android.defcontainer, com.android.keychain, com.google.android.packageinstaller, com.google.android.tts]
2026-03-30 19:32:12.472 26159-26185 DuraSpeed/AWSManager    system_server                        V  Killing process, pid:10073, (com.mediatek.engineermode), adj:906
2026-03-30 19:32:12.565 26159-32013 ActivityManager         system_server                        I  Process com.mediatek.engineermode (pid 10073) has died: cch+4CEM 
2026-03-30 19:33:31.225 26159-26193 PackageManager          system_server                        W  Privileged permission android.permission.MEDIA_CONTENT_CONTROL for package com.google.android.gms - not in privapp-permissions whitelist
2026-03-30 19:33:55.477 26159-26485 ActivityManager         system_server                        W  Slow operation: 122ms so far, now at attachApplicationLocked: immediately before bindApplication
2026-03-30 19:33:55.478 26159-26485 ActivityManager         system_server                        W  Slow operation: 123ms so far, now at attachApplicationLocked: immediately after bindApplication
2026-03-30 19:33:59.249 26159-26175 BroadcastQueue          system_server                        W  Background execution not allowed: receiving Intent { act=android.intent.action.PACKAGE_ADDED dat=package:com.reedersystems.commandcomms flg=0x4000010 (has extras) } to com.mediatek.duraspeed/.view.RunningBoosterAppReceiver
2026-03-30 19:35:02.600 26159-26485 MediaRouterService      system_server                        V  restoreBluetoothA2dp(false)
2026-03-30 19:35:22.428 26159-26485 MediaRouterService      system_server                        V  restoreBluetoothA2dp(false)
2026-03-30 19:35:22.453 25998-26009 MtkOmxRawDec            media.codec                          D  MtkOmxComponentCreate +++ !!!
2026-03-30 19:35:22.453 25998-26009 MtkOmxRawDec            media.codec                          D  MtkOmxRawDec Construct !!!
2026-03-30 19:35:22.453 25998-26009 MtkOmxRawDec            media.codec                          D  fileTableSize is 55
2026-03-30 19:35:22.453 25998-26009 MtkOmxRawDec            media.codec                          D  Init Audio(Raw PCM) Params!!!
2026-03-30 19:35:22.457 25998-26009 MtkOmxRawDec            media.codec                          D  checkInputParameter !
2026-03-30 19:35:22.795 26159-26485 MediaRouterService      system_server                        V  restoreBluetoothA2dp(false)
2026-03-30 19:35:22.811 25998-25463 MtkOmxRawDec            media.codec                          D  MtkOmxRawDec Deconstruct !!!
2026-03-30 19:35:27.792 26159-27184 MediaRouterService      system_server                        V  restoreBluetoothA2dp(false)
2026-03-30 19:35:27.965 26159-27184 MediaRouterService      system_server                        V  restoreBluetoothA2dp(false)
2026-03-30 19:35:31.235 26159-30080 MediaRouterService      system_server                        V  restoreBluetoothA2dp(false)
2026-03-30 19:35:31.264 25998-25463 MtkOmxRawDec            media.codec                          D  MtkOmxComponentCreate +++ !!!
2026-03-30 19:35:31.264 25998-25463 MtkOmxRawDec            media.codec                          D  MtkOmxRawDec Construct !!!
2026-03-30 19:35:31.265 25998-25463 MtkOmxRawDec            media.codec                          D  fileTableSize is 55
2026-03-30 19:35:31.265 25998-25463 MtkOmxRawDec            media.codec                          D  Init Audio(Raw PCM) Params!!!
2026-03-30 19:35:31.269 25998-25463 MtkOmxRawDec            media.codec                          D  checkInputParameter !
2026-03-30 19:35:31.630 26159-30080 MediaRouterService      system_server                        V  restoreBluetoothA2dp(false)
2026-03-30 19:35:31.650 25998-25463 MtkOmxRawDec            media.codec                          D  MtkOmxRawDec Deconstruct !!!
2026-03-30 19:35:34.908 26159-4646  MediaRouterService      system_server                        V  restoreBluetoothA2dp(false)
2026-03-30 19:35:35.101 26159-4646  MediaRouterService      system_server                        V  restoreBluetoothA2dp(false)
2026-03-30 19:35:51.462 26159-1832  MediaRouterService      system_server                        V  restoreBluetoothA2dp(false)
2026-03-30 19:35:51.479 25998-26010 MtkOmxRawDec            media.codec                          D  MtkOmxComponentCreate +++ !!!
2026-03-30 19:35:51.479 25998-26010 MtkOmxRawDec            media.codec                          D  MtkOmxRawDec Construct !!!
2026-03-30 19:35:51.479 25998-26010 MtkOmxRawDec            media.codec                          D  fileTableSize is 55
2026-03-30 19:35:51.479 25998-26010 MtkOmxRawDec            media.codec                          D  Init Audio(Raw PCM) Params!!!
2026-03-30 19:35:51.486 25998-26010 MtkOmxRawDec            media.codec                          D  checkInputParameter !
2026-03-30 19:35:51.833 26159-30642 MediaRouterService      system_server                        V  restoreBluetoothA2dp(false)
2026-03-30 19:35:51.849 25998-26009 MtkOmxRawDec            media.codec                          D  MtkOmxRawDec Deconstruct !!!
2026-03-30 19:35:53.396 26159-30642 MediaRouterService      system_server                        V  restoreBluetoothA2dp(false)
2026-03-30 19:35:53.565 26159-1832  MediaRouterService      system_server                        V  restoreBluetoothA2dp(false)
2026-03-30 19:36:23.641 26159-26170 MediaRouterService      system_server                        V  restoreBluetoothA2dp(false)
2026-03-30 19:36:23.663 25998-24165 MtkOmxRawDec            media.codec                          D  MtkOmxComponentCreate +++ !!!
2026-03-30 19:36:23.663 25998-24165 MtkOmxRawDec            media.codec                          D  MtkOmxRawDec Construct !!!
2026-03-30 19:36:23.663 25998-24165 MtkOmxRawDec            media.codec                          D  fileTableSize is 55
2026-03-30 19:36:23.663 25998-24165 MtkOmxRawDec            media.codec                          D  Init Audio(Raw PCM) Params!!!
2026-03-30 19:36:23.685 25998-26009 MtkOmxRawDec            media.codec                          D  checkInputParameter !
2026-03-30 19:36:24.022 26159-4646  MediaRouterService      system_server                        V  restoreBluetoothA2dp(false)
2026-03-30 19:36:24.037 25998-25463 MtkOmxRawDec            media.codec                          D  MtkOmxRawDec Deconstruct !!!
2026-03-30 19:36:25.232 26159-30642 MediaRouterService      system_server                        V  restoreBluetoothA2dp(false)
2026-03-30 19:36:25.402 26159-30642 MediaRouterService      system_server                        V  restoreBluetoothA2dp(false)
2026-03-30 19:36:44.306 26159-1832  MediaRouterService      system_server                        V  restoreBluetoothA2dp(false)
2026-03-30 19:36:44.338 25998-25463 MtkOmxRawDec            media.codec                          D  MtkOmxComponentCreate +++ !!!
2026-03-30 19:36:44.338 25998-25463 MtkOmxRawDec            media.codec                          D  MtkOmxRawDec Construct !!!
2026-03-30 19:36:44.338 25998-25463 MtkOmxRawDec            media.codec                          D  fileTableSize is 55
2026-03-30 19:36:44.339 25998-25463 MtkOmxRawDec            media.codec                          D  Init Audio(Raw PCM) Params!!!
2026-03-30 19:36:44.369 25998-25463 MtkOmxRawDec            media.codec                          D  checkInputParameter !
2026-03-30 19:36:44.744 26159-1832  MediaRouterService      system_server                        V  restoreBluetoothA2dp(false)
2026-03-30 19:36:44.765 25998-26010 MtkOmxRawDec            media.codec                          D  MtkOmxRawDec Deconstruct !!!
2026-03-30 19:36:50.539 26159-26170 MediaRouterService      system_server                        V  restoreBluetoothA2dp(false)
2026-03-30 19:36:50.709 26159-1832  MediaRouterService      system_server                        V  restoreBluetoothA2dp(false)
2026-03-30 19:37:41.810 26159-2210  MediaRouterService      system_server                        V  restoreBluetoothA2dp(false)
2026-03-30 19:37:41.850 25998-26009 MtkOmxRawDec            media.codec                          D  MtkOmxComponentCreate +++ !!!
2026-03-30 19:37:41.850 25998-26009 MtkOmxRawDec            media.codec                          D  MtkOmxRawDec Construct !!!
2026-03-30 19:37:41.851 25998-26009 MtkOmxRawDec            media.codec                          D  fileTableSize is 55
2026-03-30 19:37:41.851 25998-26009 MtkOmxRawDec            media.codec                          D  Init Audio(Raw PCM) Params!!!
2026-03-30 19:37:41.854 25998-12742 MtkOmxRawDec            media.codec                          D  checkInputParameter !
2026-03-30 19:37:42.199 26159-26170 MediaRouterService      system_server                        V  restoreBluetoothA2dp(false)
2026-03-30 19:37:42.213 25998-14329 MtkOmxRawDec            media.codec                          D  MtkOmxRawDec Deconstruct !!!
2026-03-30 19:37:45.245 26159-26170 MediaRouterService      system_server                        V  restoreBluetoothA2dp(false)
2026-03-30 19:37:45.423 26159-2210  MediaRouterService      system_server                        V  restoreBluetoothA2dp(false)
2026-03-30 19:37:58.392 26159-29351 MediaRouterService      system_server                        V  restoreBluetoothA2dp(false)
2026-03-30 19:37:58.409 25998-14329 MtkOmxRawDec            media.codec                          D  MtkOmxComponentCreate +++ !!!
2026-03-30 19:37:58.409 25998-14329 MtkOmxRawDec            media.codec                          D  MtkOmxRawDec Construct !!!
2026-03-30 19:37:58.409 25998-14329 MtkOmxRawDec            media.codec                          D  fileTableSize is 55
2026-03-30 19:37:58.409 25998-14329 MtkOmxRawDec            media.codec                          D  Init Audio(Raw PCM) Params!!!
2026-03-30 19:37:58.413 25998-14329 MtkOmxRawDec            media.codec                          D  checkInputParameter !
2026-03-30 19:37:58.767 26159-29351 MediaRouterService      system_server                        V  restoreBluetoothA2dp(false)
2026-03-30 19:37:58.779 25998-10723 MtkOmxRawDec            media.codec                          D  MtkOmxRawDec Deconstruct !!!
2026-03-30 19:38:02.317 26159-29731 MediaRouterService      system_server                        V  restoreBluetoothA2dp(false)
2026-03-30 19:38:02.488 26159-29731 MediaRouterService      system_server                        V  restoreBluetoothA2dp(false)
--------- beginning of main
2026-03-30 19:38:42.810 25998-25998 gle.vp8.encoder         media.codec                          W  type=1400 audit(0.0:252364): avc: denied { getattr } for path="/dev/sw_sync" dev="tmpfs" ino=236 scontext=u:r:mediacodec:s0 tcontext=u:object_r:sw_sync_device:s0 tclass=chr_file permissive=0
2026-03-30 19:38:42.910 25998-25998 gle.vp8.encoder         media.codec                          W  type=1400 audit(0.0:252365): avc: denied { getattr } for path="/dev/sw_sync" dev="tmpfs" ino=236 scontext=u:r:mediacodec:s0 tcontext=u:object_r:sw_sync_device:s0 tclass=chr_file permissive=0
2026-03-30 19:38:43.010 25998-25998 gle.vp8.encoder         media.codec                          W  type=1400 audit(0.0:252366): avc: denied { getattr } for path="/dev/sw_sync" dev="tmpfs" ino=236 scontext=u:r:mediacodec:s0 tcontext=u:object_r:sw_sync_device:s0 tclass=chr_file permissive=0
2026-03-30 19:38:43.110 25998-25998 gle.vp8.encoder         media.codec                          W  type=1400 audit(0.0:252367): avc: denied { getattr } for path="/dev/sw_sync" dev="tmpfs" ino=236 scontext=u:r:mediacodec:s0 tcontext=u:object_r:sw_sync_device:s0 tclass=chr_file permissive=0
2026-03-30 19:38:43.210 25998-25998 gle.vp8.encoder         media.codec                          W  type=1400 audit(0.0:252368): avc: denied { getattr } for path="/dev/sw_sync" dev="tmpfs" ino=236 scontext=u:r:mediacodec:s0 tcontext=u:object_r:sw_sync_device:s0 tclass=chr_file permissive=0
2026-03-30 19:38:43.310 25998-25998 gle.vp8.encoder         media.codec                          W  type=1400 audit(0.0:252369): avc: denied { getattr } for path="/dev/sw_sync" dev="tmpfs" ino=236 scontext=u:r:mediacodec:s0 tcontext=u:object_r:sw_sync_device:s0 tclass=chr_file permissive=0
2026-03-30 19:38:43.410 25998-25998 gle.vp8.encoder         media.codec                          W  type=1400 audit(0.0:252370): avc: denied { getattr } for path="/dev/sw_sync" dev="tmpfs" ino=236 scontext=u:r:mediacodec:s0 tcontext=u:object_r:sw_sync_device:s0 tclass=chr_file permissive=0
2026-03-30 19:38:43.513 25998-25998 gle.vp8.encoder         media.codec                          W  type=1400 audit(0.0:252371): avc: denied { getattr } for path="/dev/sw_sync" dev="tmpfs" ino=236 scontext=u:r:mediacodec:s0 tcontext=u:object_r:sw_sync_device:s0 tclass=chr_file permissive=0
2026-03-30 19:38:43.613 25998-25998 gle.vp8.encoder         media.codec                          W  type=1400 audit(0.0:252372): avc: denied { getattr } for path="/dev/sw_sync" dev="tmpfs" ino=236 scontext=u:r:mediacodec:s0 tcontext=u:object_r:sw_sync_device:s0 tclass=chr_file permissive=0
2026-03-30 19:38:43.707 25998-25998 gle.vp8.encoder         media.codec                          W  type=1400 audit(0.0:252373): avc: denied { getattr } for path="/dev/sw_sync" dev="tmpfs" ino=236 scontext=u:r:mediacodec:s0 tcontext=u:object_r:sw_sync_device:s0 tclass=chr_file permissive=0
2026-03-30 19:38:43.807 25998-25998 gle.vp8.encoder         media.codec                          W  type=1400 audit(0.0:252374): avc: denied { getattr } for path="/dev/sw_sync" dev="tmpfs" ino=236 scontext=u:r:mediacodec:s0 tcontext=u:object_r:sw_sync_device:s0 tclass=chr_file permissive=0
2026-03-30 19:38:43.907 25998-25998 gle.vp8.encoder         media.codec                          W  type=1400 audit(0.0:252375): avc: denied { getattr } for path="/dev/sw_sync" dev="tmpfs" ino=236 scontext=u:r:mediacodec:s0 tcontext=u:object_r:sw_sync_device:s0 tclass=chr_file permissive=0
2026-03-30 19:38:44.007 25998-25998 gle.vp8.encoder         media.codec                          W  type=1400 audit(0.0:252376): avc: denied { getattr } for path="/dev/sw_sync" dev="tmpfs" ino=236 scontext=u:r:mediacodec:s0 tcontext=u:object_r:sw_sync_device:s0 tclass=chr_file permissive=0
2026-03-30 19:38:44.110 25998-25998 gle.vp8.encoder         media.codec                          W  type=1400 audit(0.0:252377): avc: denied { getattr } for path="/dev/sw_sync" dev="tmpfs" ino=236 scontext=u:r:mediacodec:s0 tcontext=u:object_r:sw_sync_device:s0 tclass=chr_file permissive=0
2026-03-30 19:38:44.210 25998-25998 gle.vp8.encoder         media.codec                          W  type=1400 audit(0.0:252378): avc: denied { getattr } for path="/dev/sw_sync" dev="tmpfs" ino=236 scontext=u:r:mediacodec:s0 tcontext=u:object_r:sw_sync_device:s0 tclass=chr_file permissive=0
2026-03-30 19:38:44.310 25998-25998 gle.vp8.encoder         media.codec                          W  type=1400 audit(0.0:252379): avc: denied { getattr } for path="/dev/sw_sync" dev="tmpfs" ino=236 scontext=u:r:mediacodec:s0 tcontext=u:object_r:sw_sync_device:s0 tclass=chr_file permissive=0
2026-03-30 19:38:44.410 25998-25998 gle.vp8.encoder         media.codec                          W  type=1400 audit(0.0:252380): avc: denied { getattr } for path="/dev/sw_sync" dev="tmpfs" ino=236 scontext=u:r:mediacodec:s0 tcontext=u:object_r:sw_sync_device:s0 tclass=chr_file permissive=0
2026-03-30 19:38:44.510 25998-25998 gle.vp8.encoder         media.codec                          W  type=1400 audit(0.0:252381): avc: denied { getattr } for path="/dev/sw_sync" dev="tmpfs" ino=236 scontext=u:r:mediacodec:s0 tcontext=u:object_r:sw_sync_device:s0 tclass=chr_file permissive=0
2026-03-30 19:38:44.610 25998-25998 gle.vp8.encoder         media.codec                          W  type=1400 audit(0.0:252382): avc: denied { getattr } for path="/dev/sw_sync" dev="tmpfs" ino=236 scontext=u:r:mediacodec:s0 tcontext=u:object_r:sw_sync_device:s0 tclass=chr_file permissive=0
2026-03-30 19:38:44.641   397-12753 MediaAnalyticsItem      media.extractor                      W  Unable to record: (extractor:0:-1:-11:0:3:android.media.mediaextractor.fmt=OggExtractor:android.media.mediaextractor.ntrk=1:android.media.mediaextractor.mime=application/ogg:) [forcenew=0]
2026-03-30 19:38:44.712 25998-10723 BufferQueueProducer     media.codec                          I  [GraphicBufferSource](this:0xa5237000,id:78,api:1,p:25998,c:25998) queueBuffer: fps=1.00 dur=1999.84 max=1001.08 min=998.77
2026-03-30 19:38:44.707 25998-25998 gle.vp8.encoder         media.codec                          W  type=1400 audit(0.0:252383): avc: denied { getattr } for path="/dev/sw_sync" dev="tmpfs" ino=236 scontext=u:r:mediacodec:s0 tcontext=u:object_r:sw_sync_device:s0 tclass=chr_file permissive=0
2026-03-30 19:38:44.748 25998-10723 BufferQueueProducer     media.codec                          D  [GraphicBufferSource](this:0xa5237000,id:78,api:1,p:25998,c:25998) cancelBuffer: slot 1
2026-03-30 19:38:44.810 25998-25998 gle.vp8.encoder         media.codec                          W  type=1400 audit(0.0:252384): avc: denied { getattr } for path="/dev/sw_sync" dev="tmpfs" ino=236 scontext=u:r:mediacodec:s0 tcontext=u:object_r:sw_sync_device:s0 tclass=chr_file permissive=0
2026-03-30 19:38:44.910 25998-25998 gle.vp8.encoder         media.codec                          W  type=1400 audit(0.0:252385): avc: denied { getattr } for path="/dev/sw_sync" dev="tmpfs" ino=236 scontext=u:r:mediacodec:s0 tcontext=u:object_r:sw_sync_device:s0 tclass=chr_file permissive=0
2026-03-30 19:38:45.010 25998-25998 gle.vp8.encoder         media.codec                          W  type=1400 audit(0.0:252386): avc: denied { getattr } for path="/dev/sw_sync" dev="tmpfs" ino=236 scontext=u:r:mediacodec:s0 tcontext=u:object_r:sw_sync_device:s0 tclass=chr_file permissive=0
2026-03-30 19:38:45.019 32357-32357 SoundPool               pid-32357                            W  See the documentation of SoundPool() for what to use instead with android.media.AudioAttributes to qualify your playback use case
2026-03-30 19:38:45.030 32357-32378 NuMediaExtractor        pid-32357                            V  setDataSource fd=47 (/system/app/NfcNci/NfcNci.apk), offset=66620, length=7437
2026-03-30 19:38:45.042   397-17102 MediaExtractor          media.extractor                      D  Autodetected media content as 'application/ogg' with confidence 0.20
2026-03-30 19:38:45.047 32357-32378 NuMediaExtractor        pid-32357                            V  track of type 'audio/vorbis' does not publish bitrate
2026-03-30 19:38:45.054 25998-10723 OMXMaster               media.codec                          I  makeComponentInstance(OMX.google.vorbis.decoder) in omx@1.0-service process
2026-03-30 19:38:45.057 25998-10723 OMXNodeInstance         media.codec                          E  getConfig(0xa6c22220:google.vorbis.decoder, ConfigAndroidVendorExtension(0x6f100004)) ERROR: Undefined(0x80001001)
2026-03-30 19:38:45.110 25998-25998 gle.vp8.encoder         media.codec                          W  type=1400 audit(0.0:252387): avc: denied { getattr } for path="/dev/sw_sync" dev="tmpfs" ino=236 scontext=u:r:mediacodec:s0 tcontext=u:object_r:sw_sync_device:s0 tclass=chr_file permissive=0
2026-03-30 19:38:45.213 32357-32378 MediaAnalyticsItem      pid-32357                            W  Unable to record: (codec:0:-1:-11:0:6:android.media.mediacodec.mime=audio/vorbis:android.media.mediacodec.mode=audio:android.media.mediacodec.encoder=0:android.media.mediacodec.codec=OMX.google.vorbis.decoder:android.media.mediacodec.secure=0:android.media.mediacodec.bytesin=7418:) [forcenew=0]
2026-03-30 19:38:45.214 32357-32378 NuMediaExtractor        pid-32357                            V  setDataSource fd=48 (/system/app/NfcNci/NfcNci.apk), offset=53684, length=6641
2026-03-30 19:38:45.210 25998-25998 gle.vp8.encoder         media.codec                          W  type=1400 audit(0.0:252388): avc: denied { getattr } for path="/dev/sw_sync" dev="tmpfs" ino=236 scontext=u:r:mediacodec:s0 tcontext=u:object_r:sw_sync_device:s0 tclass=chr_file permissive=0
2026-03-30 19:38:45.215   397-17102 MediaAnalyticsItem      media.extractor                      W  Unable to record: (extractor:0:-1:-11:0:3:android.media.mediaextractor.fmt=OggExtractor:android.media.mediaextractor.ntrk=1:android.media.mediaextractor.mime=application/ogg:) [forcenew=0]
2026-03-30 19:38:45.224   397-17102 MediaExtractor          media.extractor                      D  Autodetected media content as 'application/ogg' with confidence 0.20
2026-03-30 19:38:45.229 32357-32378 NuMediaExtractor        pid-32357                            V  track of type 'audio/vorbis' does not publish bitrate
2026-03-30 19:38:45.239 25998-10723 OMXMaster               media.codec                          I  makeComponentInstance(OMX.google.vorbis.decoder) in omx@1.0-service process
2026-03-30 19:38:45.242 25998-10723 OMXNodeInstance         media.codec                          E  getConfig(0xa6c22220:google.vorbis.decoder, ConfigAndroidVendorExtension(0x6f100004)) ERROR: Undefined(0x80001001)
2026-03-30 19:38:45.310 25998-25998 gle.vp8.encoder         media.codec                          W  type=1400 audit(0.0:252389): avc: denied { getattr } for path="/dev/sw_sync" dev="tmpfs" ino=236 scontext=u:r:mediacodec:s0 tcontext=u:object_r:sw_sync_device:s0 tclass=chr_file permissive=0
2026-03-30 19:38:45.352 32357-32378 MediaAnalyticsItem      pid-32357                            W  Unable to record: (codec:0:-1:-11:0:6:android.media.mediacodec.mime=audio/vorbis:android.media.mediacodec.mode=audio:android.media.mediacodec.encoder=0:android.media.mediacodec.codec=OMX.google.vorbis.decoder:android.media.mediacodec.secure=0:android.media.mediacodec.bytesin=6565:) [forcenew=0]
2026-03-30 19:38:45.353 32357-32378 NuMediaExtractor        pid-32357                            V  setDataSource fd=49 (/system/app/NfcNci/NfcNci.apk), offset=60380, length=6185
2026-03-30 19:38:45.354   397-17102 MediaAnalyticsItem      media.extractor                      W  Unable to record: (extractor:0:-1:-11:0:3:android.media.mediaextractor.fmt=OggExtractor:android.media.mediaextractor.ntrk=1:android.media.mediaextractor.mime=application/ogg:) [forcenew=0]
2026-03-30 19:38:45.360   397-17102 MediaExtractor          media.extractor                      D  Autodetected media content as 'application/ogg' with confidence 0.20
2026-03-30 19:38:45.365 32357-32378 NuMediaExtractor        pid-32357                            V  track of type 'audio/vorbis' does not publish bitrate
2026-03-30 19:38:45.371 25998-14329 OMXMaster               media.codec                          I  makeComponentInstance(OMX.google.vorbis.decoder) in omx@1.0-service process
2026-03-30 19:38:45.375 25998-14329 OMXNodeInstance         media.codec                          E  getConfig(0xa6c22220:google.vorbis.decoder, ConfigAndroidVendorExtension(0x6f100004)) ERROR: Undefined(0x80001001)
2026-03-30 19:38:45.410 25998-25998 gle.vp8.encoder         media.codec                          W  type=1400 audit(0.0:252390): avc: denied { getattr } for path="/dev/sw_sync" dev="tmpfs" ino=236 scontext=u:r:mediacodec:s0 tcontext=u:object_r:sw_sync_device:s0 tclass=chr_file permissive=0
2026-03-30 19:38:45.493 32357-32378 MediaAnalyticsItem      pid-32357                            W  Unable to record: (codec:0:-1:-11:0:6:android.media.mediacodec.mime=audio/vorbis:android.media.mediacodec.mode=audio:android.media.mediacodec.encoder=0:android.media.mediacodec.codec=OMX.google.vorbis.decoder:android.media.mediacodec.secure=0:android.media.mediacodec.bytesin=6112:) [forcenew=0]
2026-03-30 19:38:45.513 25998-25998 gle.vp8.encoder         media.codec                          W  type=1400 audit(0.0:252391): avc: denied { getattr } for path="/dev/sw_sync" dev="tmpfs" ino=236 scontext=u:r:mediacodec:s0 tcontext=u:object_r:sw_sync_device:s0 tclass=chr_file permissive=0
2026-03-30 19:38:45.613 25998-25998 gle.vp8.encoder         media.codec                          W  type=1400 audit(0.0:252392): avc: denied { getattr } for path="/dev/sw_sync" dev="tmpfs" ino=236 scontext=u:r:mediacodec:s0 tcontext=u:object_r:sw_sync_device:s0 tclass=chr_file permissive=0
2026-03-30 19:38:45.707 25998-25998 gle.vp8.encoder         media.codec                          W  type=1400 audit(0.0:252393): avc: denied { getattr } for path="/dev/sw_sync" dev="tmpfs" ino=236 scontext=u:r:mediacodec:s0 tcontext=u:object_r:sw_sync_device:s0 tclass=chr_file permissive=0
2026-03-30 19:38:45.807 25998-25998 gle.vp8.encoder         media.codec                          W  type=1400 audit(0.0:252394): avc: denied { getattr } for path="/dev/sw_sync" dev="tmpfs" ino=236 scontext=u:r:mediacodec:s0 tcontext=u:object_r:sw_sync_device:s0 tclass=chr_file permissive=0
2026-03-30 19:38:45.910 25998-25998 gle.vp8.encoder         media.codec                          W  type=1400 audit(0.0:252395): avc: denied { getattr } for path="/dev/sw_sync" dev="tmpfs" ino=236 scontext=u:r:mediacodec:s0 tcontext=u:object_r:sw_sync_device:s0 tclass=chr_file permissive=0
2026-03-30 19:38:46.010 25998-25998 gle.vp8.encoder         media.codec                          W  type=1400 audit(0.0:252396): avc: denied { getattr } for path="/dev/sw_sync" dev="tmpfs" ino=236 scontext=u:r:mediacodec:s0 tcontext=u:object_r:sw_sync_device:s0 tclass=chr_file permissive=0
2026-03-30 19:38:46.110 25998-25998 gle.vp8.encoder         media.codec                          W  type=1400 audit(0.0:252397): avc: denied { getattr } for path="/dev/sw_sync" dev="tmpfs" ino=236 scontext=u:r:mediacodec:s0 tcontext=u:object_r:sw_sync_device:s0 tclass=chr_file permissive=0
2026-03-30 19:38:46.210 25998-25998 gle.vp8.encoder         media.codec                          W  type=1400 audit(0.0:252398): avc: denied { getattr } for path="/dev/sw_sync" dev="tmpfs" ino=236 scontext=u:r:mediacodec:s0 tcontext=u:object_r:sw_sync_device:s0 tclass=chr_file permissive=0
2026-03-30 19:38:46.310 25998-25998 gle.vp8.encoder         media.codec                          W  type=1400 audit(0.0:252399): avc: denied { getattr } for path="/dev/sw_sync" dev="tmpfs" ino=236 scontext=u:r:mediacodec:s0 tcontext=u:object_r:sw_sync_device:s0 tclass=chr_file permissive=0
2026-03-30 19:38:46.410 25998-25998 gle.vp8.encoder         media.codec                          W  type=1400 audit(0.0:252400): avc: denied { getattr } for path="/dev/sw_sync" dev="tmpfs" ino=236 scontext=u:r:mediacodec:s0 tcontext=u:object_r:sw_sync_device:s0 tclass=chr_file permissive=0
2026-03-30 19:38:46.510 25998-25998 gle.vp8.encoder         media.codec                          W  type=1400 audit(0.0:252401): avc: denied { getattr } for path="/dev/sw_sync" dev="tmpfs" ino=236 scontext=u:r:mediacodec:s0 tcontext=u:object_r:sw_sync_device:s0 tclass=chr_file permissive=0
2026-03-30 19:38:46.613 25998-25998 gle.vp8.encoder         media.codec                          W  type=1400 audit(0.0:252402): avc: denied { getattr } for path="/dev/sw_sync" dev="tmpfs" ino=236 scontext=u:r:mediacodec:s0 tcontext=u:object_r:sw_sync_device:s0 tclass=chr_file permissive=0
2026-03-30 19:38:46.711 25998-10723 BufferQueueProducer     media.codec                          I  [GraphicBufferSource](this:0xa5237000,id:78,api:1,p:25998,c:25998) queueBuffer: fps=1.00 dur=1998.95 max=999.88 min=999.07
2026-03-30 19:38:46.707 25998-25998 gle.vp8.encoder         media.codec                          W  type=1400 audit(0.0:252403): avc: denied { getattr } for path="/dev/sw_sync" dev="tmpfs" ino=236 scontext=u:r:mediacodec:s0 tcontext=u:object_r:sw_sync_device:s0 tclass=chr_file permissive=0
2026-03-30 19:38:46.807 25998-25998 gle.vp8.encoder         media.codec                          W  type=1400 audit(0.0:252404): avc: denied { getattr } for path="/dev/sw_sync" dev="tmpfs" ino=236 scontext=u:r:mediacodec:s0 tcontext=u:object_r:sw_sync_device:s0 tclass=chr_file permissive=0
2026-03-30 19:38:46.907 25998-25998 gle.vp8.encoder         media.codec                          W  type=1400 audit(0.0:252405): avc: denied { getattr } for path="/dev/sw_sync" dev="tmpfs" ino=236 scontext=u:r:mediacodec:s0 tcontext=u:object_r:sw_sync_device:s0 tclass=chr_file permissive=0
2026-03-30 19:38:47.010 25998-25998 gle.vp8.encoder         media.codec                          W  type=1400 audit(0.0:252406): avc: denied { getattr } for path="/dev/sw_sync" dev="tmpfs" ino=236 scontext=u:r:mediacodec:s0 tcontext=u:object_r:sw_sync_device:s0 tclass=chr_file permissive=0
2026-03-30 19:38:47.110 25998-25998 gle.vp8.encoder         media.codec                          W  type=1400 audit(0.0:252407): avc: denied { getattr } for path="/dev/sw_sync" dev="tmpfs" ino=236 scontext=u:r:mediacodec:s0 tcontext=u:object_r:sw_sync_device:s0 tclass=chr_file permissive=0
2026-03-30 19:38:47.210 25998-25998 gle.vp8.encoder         media.codec                          W  type=1400 audit(0.0:252408): avc: denied { getattr } for path="/dev/sw_sync" dev="tmpfs" ino=236 scontext=u:r:mediacodec:s0 tcontext=u:object_r:sw_sync_device:s0 tclass=chr_file permissive=0
2026-03-30 19:38:47.310 25998-25998 gle.vp8.encoder         media.codec                          W  type=1400 audit(0.0:252409): avc: denied { getattr } for path="/dev/sw_sync" dev="tmpfs" ino=236 scontext=u:r:mediacodec:s0 tcontext=u:object_r:sw_sync_device:s0 tclass=chr_file permissive=0
2026-03-30 19:38:47.410 25998-25998 gle.vp8.encoder         media.codec                          W  type=1400 audit(0.0:252410): avc: denied { getattr } for path="/dev/sw_sync" dev="tmpfs" ino=236 scontext=u:r:mediacodec:s0 tcontext=u:object_r:sw_sync_device:s0 tclass=chr_file permissive=0
2026-03-30 19:38:47.510 25998-25998 gle.vp8.encoder         media.codec                          W  type=1400 audit(0.0:252411): avc: denied { getattr } for path="/dev/sw_sync" dev="tmpfs" ino=236 scontext=u:r:mediacodec:s0 tcontext=u:object_r:sw_sync_device:s0 tclass=chr_file permissive=0
2026-03-30 19:38:47.610 25998-25998 gle.vp8.encoder         media.codec                          W  type=1400 audit(0.0:252412): avc: denied { getattr } for path="/dev/sw_sync" dev="tmpfs" ino=236 scontext=u:r:mediacodec:s0 tcontext=u:object_r:sw_sync_device:s0 tclass=chr_file permissive=0
2026-03-30 19:38:47.713 25998-25998 gle.vp8.encoder         media.codec                          W  type=1400 audit(0.0:252413): avc: denied { getattr } for path="/dev/sw_sync" dev="tmpfs" ino=236 scontext=u:r:mediacodec:s0 tcontext=u:object_r:sw_sync_device:s0 tclass=chr_file permissive=0
2026-03-30 19:38:48.711 25998-10723 BufferQueueProducer     media.codec                          I  [GraphicBufferSource](this:0xa5237000,id:78,api:1,p:25998,c:25998) queueBuffer: fps=0.50 dur=2000.12 max=2000.12 min=2000.12
2026-03-30 19:38:48.707 25998-25998 gle.vp8.encoder         media.codec                          W  type=1400 audit(0.0:252414): avc: denied { getattr } for path="/dev/sw_sync" dev="tmpfs" ino=236 scontext=u:r:mediacodec:s0 tcontext=u:object_r:sw_sync_device:s0 tclass=chr_file permissive=0
2026-03-30 19:38:48.807 25998-25998 gle.vp8.encoder         media.codec                          W  type=1400 audit(0.0:252415): avc: denied { getattr } for path="/dev/sw_sync" dev="tmpfs" ino=236 scontext=u:r:mediacodec:s0 tcontext=u:object_r:sw_sync_device:s0 tclass=chr_file permissive=0
2026-03-30 19:38:48.907 25998-25998 gle.vp8.encoder         media.codec                          W  type=1400 audit(0.0:252416): avc: denied { getattr } for path="/dev/sw_sync" dev="tmpfs" ino=236 scontext=u:r:mediacodec:s0 tcontext=u:object_r:sw_sync_device:s0 tclass=chr_file permissive=0
2026-03-30 19:38:49.010 25998-25998 gle.vp8.encoder         media.codec                          W  type=1400 audit(0.0:252417): avc: denied { getattr } for path="/dev/sw_sync" dev="tmpfs" ino=236 scontext=u:r:mediacodec:s0 tcontext=u:object_r:sw_sync_device:s0 tclass=chr_file permissive=0
2026-03-30 19:38:49.110 25998-25998 gle.vp8.encoder         media.codec                          W  type=1400 audit(0.0:252418): avc: denied { getattr } for path="/dev/sw_sync" dev="tmpfs" ino=236 scontext=u:r:mediacodec:s0 tcontext=u:object_r:sw_sync_device:s0 tclass=chr_file permissive=0
2026-03-30 19:38:49.210 25998-25998 gle.vp8.encoder         media.codec                          W  type=1400 audit(0.0:252419): avc: denied { getattr } for path="/dev/sw_sync" dev="tmpfs" ino=236 scontext=u:r:mediacodec:s0 tcontext=u:object_r:sw_sync_device:s0 tclass=chr_file permissive=0
2026-03-30 19:38:49.310 25998-25998 gle.vp8.encoder         media.codec                          W  type=1400 audit(0.0:252420): avc: denied { getattr } for path="/dev/sw_sync" dev="tmpfs" ino=236 scontext=u:r:mediacodec:s0 tcontext=u:object_r:sw_sync_device:s0 tclass=chr_file permissive=0
2026-03-30 19:38:49.410 25998-25998 gle.vp8.encoder         media.codec                          W  type=1400 audit(0.0:252421): avc: denied { getattr } for path="/dev/sw_sync" dev="tmpfs" ino=236 scontext=u:r:mediacodec:s0 tcontext=u:object_r:sw_sync_device:s0 tclass=chr_file permissive=0
2026-03-30 19:38:49.510 25998-25998 gle.vp8.encoder         media.codec                          W  type=1400 audit(0.0:252422): avc: denied { getattr } for path="/dev/sw_sync" dev="tmpfs" ino=236 scontext=u:r:mediacodec:s0 tcontext=u:object_r:sw_sync_device:s0 tclass=chr_file permissive=0
2026-03-30 19:38:49.610 25998-25998 gle.vp8.encoder         media.codec                          W  type=1400 audit(0.0:252423): avc: denied { getattr } for path="/dev/sw_sync" dev="tmpfs" ino=236 scontext=u:r:mediacodec:s0 tcontext=u:object_r:sw_sync_device:s0 tclass=chr_file permissive=0
2026-03-30 19:38:49.707 25998-25998 gle.vp8.encoder         media.codec                          W  type=1400 audit(0.0:252424): avc: denied { getattr } for path="/dev/sw_sync" dev="tmpfs" ino=236 scontext=u:r:mediacodec:s0 tcontext=u:object_r:sw_sync_device:s0 tclass=chr_file permissive=0
2026-03-30 19:38:49.807 25998-25998 gle.vp8.encoder         media.codec                          W  type=1400 audit(0.0:252425): avc: denied { getattr } for path="/dev/sw_sync" dev="tmpfs" ino=236 scontext=u:r:mediacodec:s0 tcontext=u:object_r:sw_sync_device:s0 tclass=chr_file permissive=0
2026-03-30 19:38:49.907 25998-25998 gle.vp8.encoder         media.codec                          W  type=1400 audit(0.0:252426): avc: denied { getattr } for path="/dev/sw_sync" dev="tmpfs" ino=236 scontext=u:r:mediacodec:s0 tcontext=u:object_r:sw_sync_device:s0 tclass=chr_file permissive=0
2026-03-30 19:38:50.007 25998-25998 gle.vp8.encoder         media.codec                          W  type=1400 audit(0.0:252427): avc: denied { getattr } for path="/dev/sw_sync" dev="tmpfs" ino=236 scontext=u:r:mediacodec:s0 tcontext=u:object_r:sw_sync_device:s0 tclass=chr_file permissive=0
2026-03-30 19:38:50.107 25998-25998 gle.vp8.encoder         media.codec                          W  type=1400 audit(0.0:252428): avc: denied { getattr } for path="/dev/sw_sync" dev="tmpfs" ino=236 scontext=u:r:mediacodec:s0 tcontext=u:object_r:sw_sync_device:s0 tclass=chr_file permissive=0
2026-03-30 19:38:50.210 25998-25998 gle.vp8.encoder         media.codec                          W  type=1400 audit(0.0:252429): avc: denied { getattr } for path="/dev/sw_sync" dev="tmpfs" ino=236 scontext=u:r:mediacodec:s0 tcontext=u:object_r:sw_sync_device:s0 tclass=chr_file permissive=0
2026-03-30 19:38:50.310 25998-25998 gle.vp8.encoder         media.codec                          W  type=1400 audit(0.0:252430): avc: denied { getattr } for path="/dev/sw_sync" dev="tmpfs" ino=236 scontext=u:r:mediacodec:s0 tcontext=u:object_r:sw_sync_device:s0 tclass=chr_file permissive=0
2026-03-30 19:38:50.410 25998-25998 gle.vp8.encoder         media.codec                          W  type=1400 audit(0.0:252431): avc: denied { getattr } for path="/dev/sw_sync" dev="tmpfs" ino=236 scontext=u:r:mediacodec:s0 tcontext=u:object_r:sw_sync_device:s0 tclass=chr_file permissive=0
2026-03-30 19:38:50.510 25998-25998 gle.vp8.encoder         media.codec                          W  type=1400 audit(0.0:252432): avc: denied { getattr } for path="/dev/sw_sync" dev="tmpfs" ino=236 scontext=u:r:mediacodec:s0 tcontext=u:object_r:sw_sync_device:s0 tclass=chr_file permissive=0
2026-03-30 19:38:50.610 25998-25998 gle.vp8.encoder         media.codec                          W  type=1400 audit(0.0:252433): avc: denied { getattr } for path="/dev/sw_sync" dev="tmpfs" ino=236 scontext=u:r:mediacodec:s0 tcontext=u:object_r:sw_sync_device:s0 tclass=chr_file permissive=0
2026-03-30 19:38:50.710 25998-25998 gle.vp8.encoder         media.codec                          W  type=1400 audit(0.0:252434): avc: denied { getattr } for path="/dev/sw_sync" dev="tmpfs" ino=236 scontext=u:r:mediacodec:s0 tcontext=u:object_r:sw_sync_device:s0 tclass=chr_file permissive=0
2026-03-30 19:38:54.942 26075-26750 DrmMtkUtil/DrmUtil      mediaserver                          E  checkDcf: not dcf type, dcf version value [80]
2026-03-30 19:38:54.942 26075-26750 Cta5File                mediaserver                          E  Cta5File::isCta5NormalFile false, bad magic:PK
2026-03-30 19:38:54.942 26075-26750 Cta5File                mediaserver                          E  Cta5File::isCta5MultimediaFile false, bad magic:
2026-03-30 19:38:54.943 26075-26750 NuPlayerDriver          mediaserver                          D  NuPlayerDriver(0xae6253f0) created, clientPid(30744)
2026-03-30 19:38:54.955 26075-32439 GenericSource           mediaserver                          D  FileSource remote
2026-03-30 19:38:54.962   397-17102 MediaExtractor          media.extractor                      D  Autodetected media content as 'audio/x-wav' with confidence 0.30
2026-03-30 19:38:54.965   397-12753 MediaBufferGroup        media.extractor                      D  creating MemoryDealer
2026-03-30 19:38:54.966   397-16180 MediaAnalyticsItem      media.extractor                      W  Unable to record: (extractor:0:-1:-11:0:3:android.media.mediaextractor.fmt=WAVExtractor:android.media.mediaextractor.ntrk=1:android.media.mediaextractor.mime=audio/x-wav:) [forcenew=0]
2026-03-30 19:38:54.966 26075-32438 NuPlayerDriver          mediaserver                          D  notifyListener_l(0xae6253f0), (1, 0, 0, -1), loop setting(0, 0)
2026-03-30 19:38:54.967 30744-30744 MediaPlayer             com.reedersystems.commandcomms       D  handleMessage msg:(1, 0, 0)
2026-03-30 19:38:54.973 26075-26118 NuPlayerDriver          mediaserver                          D  start(0xae6253f0), state is 4, eos is 0
2026-03-30 19:38:54.973 26159-30080 MediaRouterService      system_server                        V  restoreBluetoothA2dp(false)
2026-03-30 19:38:54.974 26075-32438 GenericSource           mediaserver                          I  start
2026-03-30 19:38:54.977 26075-32438 Utils_MTK               mediaserver                          D  kKeyBitWidth in utils is 16
2026-03-30 19:38:54.977 26075-32438 Utils_MTK               mediaserver                          D  kKeyEndian in utils is 2
2026-03-30 19:38:54.977 26075-32438 Utils_MTK               mediaserver                          D  kKeyNumericalType in utils is 1
2026-03-30 19:38:54.977 26075-32438 Utils_MTK               mediaserver                          D  kKeyPCMType in utils is 1
2026-03-30 19:38:54.979 26075-32438 Utils_MTK               mediaserver                          D  kKeyBitWidth in utils is 16
2026-03-30 19:38:54.979 26075-32438 Utils_MTK               mediaserver                          D  kKeyEndian in utils is 2
2026-03-30 19:38:54.979 26075-32438 Utils_MTK               mediaserver                          D  kKeyNumericalType in utils is 1
2026-03-30 19:38:54.979 26075-32438 Utils_MTK               mediaserver                          D  kKeyPCMType in utils is 1
2026-03-30 19:38:54.984 26075-32447 OMXClient               mediaserver                          I  Treble IOmx obtained
2026-03-30 19:38:54.985 25998-10723 OMXMaster               media.codec                          I  makeComponentInstance(OMX.MTK.AUDIO.DECODER.RAW) in omx@1.0-service process
2026-03-30 19:38:54.985 25998-10723 MtkOmxRawDec            media.codec                          D  MtkOmxComponentCreate +++ !!!
2026-03-30 19:38:54.986 25998-10723 MtkOmxRawDec            media.codec                          D  MtkOmxRawDec Construct !!!
2026-03-30 19:38:54.986 25998-10723 MtkOmxRawDec            media.codec                          D  fileTableSize is 55
2026-03-30 19:38:54.986 25998-10723 MtkOmxRawDec            media.codec                          D  Init Audio(Raw PCM) Params!!!
2026-03-30 19:38:54.988 26075-32447 ACodec                  mediaserver                          D  endian is 2, bitWidth is 16, pcmType is 1, channelAssignment is 0, numericalType is 1
2026-03-30 19:38:54.988 26075-32447 ACodec                  mediaserver                          D  Config raw codec, pcmType is 1
2026-03-30 19:38:54.988 25998-14329 MtkOmxRawDec            media.codec                          D  checkInputParameter !
2026-03-30 19:38:54.989 25998-14329 OMXNodeInstance         media.codec                          E  setConfig(0xa5258004:MTK.DECODER.RAW, ConfigPriority(0x6f800002)) ERROR: Undefined(0x80001001)
2026-03-30 19:38:54.989 26075-32447 ACodec                  mediaserver                          I  codec does not support config priority (err -2147483648)
2026-03-30 19:38:54.990 25998-26009 OMXNodeInstance         media.codec                          E  getConfig(0xa5258004:MTK.DECODER.RAW, ConfigAndroidVendorExtension(0x6f100004)) ERROR: Undefined(0x80001001)
2026-03-30 19:38:54.992 26075-32447 MediaCodec              mediaserver                          I  MediaCodec will operate in async mode
2026-03-30 19:38:54.992 25998-32448 MtkOmxAudioDecBase      media.codec                          D  # Got general command (OMX_CommandStateSet)
2026-03-30 19:38:54.992 25998-32448 MtkOmxAudioDecBase      media.codec                          D  wait on mInPortAllocDoneSem(0), mOutPortAllocDoneSem(0)!!
2026-03-30 19:38:55.004 25998-26009 BufferQueueProducer     media.codec                          I  [GraphicBufferSource](this:0xa5237000,id:78,api:1,p:25998,c:25998) queueBuffer: fps=0.32 dur=6292.42 max=5292.97 min=999.45
2026-03-30 19:38:55.028 25998-32448 MtkOmxAudioDecBase      media.codec                          D  # Got general command (OMX_CommandStateSet)
2026-03-30 19:38:55.028 25998-32448 MtkOmxAudioDecBase      media.codec                          D  state changes to OMX_StateExecuting
2026-03-30 19:38:55.043 26075-32446 NuPlayerDecoder         mediaserver                          I  [audio] saw output EOS
2026-03-30 19:38:55.043 26075-32445 AudioTrack              mediaserver                          D  set(): 0xac70a000, streamType 8, sampleRate 44100, format 0x1, channelMask 0x1, frameCount 22560, flags #0, notificationFrames 0, sessionId 0, transferType 0, uid 10158, pid 30744
2026-03-30 19:38:55.044 26075-32445 AudioTrack              mediaserver                          D  Building AudioTrack with attributes: usage = 3, content = 4, flags = 0x0, tags = []
2026-03-30 19:38:55.047 26075-32445 AudioTrack              mediaserver                          D  Client defaulted notificationFrames to 7520 for frameCount 22560
2026-03-30 19:38:55.047 26075-32445 AudioTrack              mediaserver                          D  createTrack_l: 0xac70a000, mCblk = 0xabf170e0, mLatency = 563, mAfLatency = 52, frameCount = 22560, mSampleRate = 44100, mFlags = 0, mReqFrameCount = 22560, mNotificationFramesAct = 7520
2026-03-30 19:38:55.048 26075-32445 AudioTrack              mediaserver                          D  start(): 0xac70a000, mState = 1
2026-03-30 19:38:55.050 26075-32445 AudioTrack              mediaserver                          D  stop(): 0xac70a000, mState = 0
2026-03-30 19:38:55.050 26075-32445 AudioTrack              mediaserver                          D  stop() called with 11944 frames delivered
2026-03-30 19:38:55.050 26075-32438 NuPlayerDriver          mediaserver                          D  notifyListener_l(0xae6253f0), (6, 0, 0, -1), loop setting(0, 0)
2026-03-30 19:38:55.051 30744-30744 MediaPlayer             com.reedersystems.commandcomms       D  handleMessage msg:(6, 0, 0)
2026-03-30 19:38:55.052 26078-29085 AudioALSAStreamManager  and...re.audio@2.0-service-mediatek  D  +syncSharedOutDevice(), routingSharedOutDevice: 2
2026-03-30 19:38:55.052 26078-29085 AudioALSAStreamManager  and...re.audio@2.0-service-mediatek  D  setMasterVolume(), volume = 1.000000
2026-03-30 19:38:55.052 26078-29085 AudioMTKGainController  and...re.audio@2.0-service-mediatek  D  setNormalVolume(), mSceneIndex = 0, stream 8, devices 0x2, index 14, mode 0x0
2026-03-30 19:38:55.052 26078-29085 AudioMTKGainController  and...re.audio@2.0-service-mediatek  D  setSpeakerGain(), gain = 8, spkAnaType = 3, spkLMixerName = Lineout_PGAL_GAIN, spkRMixerName = Lineout_PGAR_GAIN
2026-03-30 19:38:55.052 26075-32445 AudioTrack              mediaserver                          D  audiotrack 0xac70a000 stop done
2026-03-30 19:38:55.052 26078-29085 AudioALSAStreamOut      and...re.audio@2.0-service-mediatek  D  open(), flags 6
2026-03-30 19:38:55.052 26078-29085 AudioUtility            and...re.audio@2.0-service-mediatek  D  power_hal_hint - custPowerHint 0, data 268435455
2026-03-30 19:38:55.052 26078-29085 AudioALSAStreamManager  and...re.audio@2.0-service-mediatek  D  +createPlaybackHandler(), mAudioMode = 0, output_devices = 0x2
2026-03-30 19:38:55.053 26078-29085 NVRAM                   and...re.audio@2.0-service-mediatek  D  getNumMicSupport(), dualMicFlag 1, numMicString 2
2026-03-30 19:38:55.053 26078-29085 NVRAM                   and...re.audio@2.0-service-mediatek  D  QueryFeatureSupportInfo(), feature support bit 0x1a097c57 
2026-03-30 19:38:55.053 26078-29085 AudioSpeechEnhanceInfo  and...re.audio@2.0-service-mediatek  D  IsAPDMNRTuningEnable(), 0
2026-03-30 19:38:55.053 26078-29085 AudioALSAP...dlerNormal and...re.audio@2.0-service-mediatek  D  AudioALSAPlaybackHandlerNormal()
2026-03-30 19:38:55.053 26078-29085 AudioALSAP...dlerNormal and...re.audio@2.0-service-mediatek  D  +setFilterMng() mAudioFilterManagerHandler [0xae716290]
2026-03-30 19:38:55.053 26078-29085 AudioALSAP...dlerNormal and...re.audio@2.0-service-mediatek  D  +open(), flag 6, mDevice = 0x2
2026-03-30 19:38:55.053 26078-29085 AudioALSADeviceParser   and...re.audio@2.0-service-mediatek  D  compare pcm success = 7, stringpair = I2S0DL1_PLayback
2026-03-30 19:38:55.047 25998-25998 gle.vp8.encoder         media.codec                          W  type=1400 audit(0.0:252435): avc: denied { getattr } for path="/dev/sw_sync" dev="tmpfs" ino=236 scontext=u:r:mediacodec:s0 tcontext=u:object_r:sw_sync_device:s0 tclass=chr_file permissive=0
2026-03-30 19:38:55.054 26078-29085 <no-tag>                and...re.audio@2.0-service-mediatek  D  -AssignDRAM() retval 0
2026-03-30 19:38:55.054 26078-29085 AudioALSAP...andlerBase and...re.audio@2.0-service-mediatek  D  transferAudioFormatToPcmFormat(), audio_format(0x4) => pcm_format(0x1)
2026-03-30 19:38:55.054   353-13317 vendor.med...r@1.1-impl merged_hal_service                   I  mtkCusPowerHint hint:0, data:268435455
2026-03-30 19:38:55.054 26078-29085 AudioALSAP...dlerNormal and...re.audio@2.0-service-mediatek  D  open(), mConfig: channels = 2, rate = 48000, period_size = 256, period_count = 2, format = 1 avail_min = 256
2026-03-30 19:38:55.054 26078-29085 AudioALSADriverUtility  and...re.audio@2.0-service-mediatek  D  GetPropertyValue key = af.resouce.extdac_support value = 0
2026-03-30 19:38:55.054 26078-29085 AudioALSAP...dlerNormal and...re.audio@2.0-service-mediatek  D  SetLowJitterMode(), bypass low jitter mode, bEnable = 1, device = 0x2, SampleRate = 48000
2026-03-30 19:38:55.054 26078-29085 AudioALSAP...andlerBase and...re.audio@2.0-service-mediatek  D  openPcmDriverWithFlag(), pcm device = 7 flag = 0x8
