2026-03-30 20:41:41.516 26078-19388 AudioSPELayer           and...re.audio@2.0-service-mediatek  D  no new DL buffer queue, process directly
2026-03-30 20:41:41.516 26078-19388 AudioSPELayer           and...re.audio@2.0-service-mediatek  D  no DL buffer, need compensate 1, tmpSPEProcessBufSize=64
2026-03-30 20:41:41.516 26078-19388 AudioSPELayer           and...re.audio@2.0-service-mediatek  D  CompensateBuffer, BufLength=32, sec=477474, nsec=668649099
2026-03-30 20:41:41.516 26078-19388 AudioSPELayer           and...re.audio@2.0-service-mediatek  D  CompensateBuffer, mCompensatedBufferSize=32
2026-03-30 20:41:41.554 17343-19174 [RadioEngine]           com.reedersystems.commandcomms       D  TX started — audio capture active (buffer=7680, bitrate=16000)
2026-03-30 20:41:41.569 26078-13805 AudioALSAStreamIn       and...re.audio@2.0-service-mediatek  D  addAudioEffect(), 0xad28fee0
2026-03-30 20:41:41.570 26078-13805 AudioALSAStreamIn       and...re.audio@2.0-service-mediatek  D  addAudioEffect(), effect name:Automatic Gain Control, BackupCount=2
2026-03-30 20:41:41.570 26078-13805 AudioALSAStreamIn       and...re.audio@2.0-service-mediatek  D  addAudioEffect()-
2026-03-30 20:41:41.571 26078-19387 AudioALSAC...DataClient and...re.audio@2.0-service-mediatek  D  +CheckNativeEffect() 3
2026-03-30 20:41:41.571 26078-19387 AudioPreProcess         and...re.audio@2.0-service-mediatek  D  CheckNativeEffect()+ 2 using
2026-03-30 20:41:41.571 26078-19387 AudioPreProcess         and...re.audio@2.0-service-mediatek  D  PreProcessEffect_Count 3
2026-03-30 20:41:41.571 26078-19387 AudioPreProcess         and...re.audio@2.0-service-mediatek  D  CheckNativeEffect(), find effect need add
2026-03-30 20:41:41.571 26078-19387 AudioPreProcess         and...re.audio@2.0-service-mediatek  D  addAudioEffect()+ 0xad28fee0
2026-03-30 20:41:41.571 26078-19387 AudioPreProcess         and...re.audio@2.0-service-mediatek  D  addAudioEffect(), effect type: 0a8abfe0, effect name:Automatic Gain Control
2026-03-30 20:41:41.571 26078-19387 AudioPreProcess         and...re.audio@2.0-service-mediatek  D  addAudioEffect(), StreamInAttributeinfo num_channels=1, audio_channel_mask=10, sample_rate=48000
2026-03-30 20:41:41.571 26078-19387 AudioPreProcess         and...re.audio@2.0-service-mediatek  D  addAudioEffect()-, RetStatus=0
2026-03-30 20:41:41.571 26078-19387 AudioPreProcess         and...re.audio@2.0-service-mediatek  D  CheckNativeEffect()-
2026-03-30 20:41:41.571 26078-19387 AudioALSAC...DataClient and...re.audio@2.0-service-mediatek  D  -CheckNativeEffect()
2026-03-30 20:41:41.576 26072-26112 APM_AudioPolicyManager  audioserver                          D  stopOutput() output 13, stream 8, session 2377
2026-03-30 20:41:41.576 26072-26112 APM::Audio...Descriptor audioserver                          V  changeRefCount() stream 8, count 0
2026-03-30 20:41:41.598 25998-25998 gle.vp8.encoder         media.codec                          W  type=1400 audit(0.0:268031): avc: denied { getattr } for path="/dev/sw_sync" dev="tmpfs" ino=236 scontext=u:r:mediacodec:s0 tcontext=u:object_r:sw_sync_device:s0 tclass=chr_file permissive=0
2026-03-30 20:41:41.668 25998-25998 gle.vp8.encoder         media.codec                          W  type=1400 audit(0.0:268032): avc: denied { getattr } for path="/dev/sw_sync" dev="tmpfs" ino=236 scontext=u:r:mediacodec:s0 tcontext=u:object_r:sw_sync_device:s0 tclass=chr_file permissive=0
2026-03-30 20:41:41.705 25998-25998 gle.vp8.encoder         media.codec                          W  type=1400 audit(0.0:268033): avc: denied { getattr } for path="/dev/sw_sync" dev="tmpfs" ino=236 scontext=u:r:mediacodec:s0 tcontext=u:object_r:sw_sync_device:s0 tclass=chr_file permissive=0
2026-03-30 20:41:41.741 25998-25998 gle.vp8.encoder         media.codec                          W  type=1400 audit(0.0:268034): avc: denied { getattr } for path="/dev/sw_sync" dev="tmpfs" ino=236 scontext=u:r:mediacodec:s0 tcontext=u:object_r:sw_sync_device:s0 tclass=chr_file permissive=0
2026-03-30 20:41:41.805 25998-25998 gle.vp8.encoder         media.codec                          W  type=1400 audit(0.0:268035): avc: denied { getattr } for path="/dev/sw_sync" dev="tmpfs" ino=236 scontext=u:r:mediacodec:s0 tcontext=u:object_r:sw_sync_device:s0 tclass=chr_file permissive=0
2026-03-30 20:41:41.821 25998-25998 gle.vp8.encoder         media.codec                          W  type=1400 audit(0.0:268036): avc: denied { getattr } for path="/dev/sw_sync" dev="tmpfs" ino=236 scontext=u:r:mediacodec:s0 tcontext=u:object_r:sw_sync_device:s0 tclass=chr_file permissive=0
2026-03-30 20:41:41.901 25998-25998 gle.vp8.encoder         media.codec                          W  type=1400 audit(0.0:268037): avc: denied { getattr } for path="/dev/sw_sync" dev="tmpfs" ino=236 scontext=u:r:mediacodec:s0 tcontext=u:object_r:sw_sync_device:s0 tclass=chr_file permissive=0
2026-03-30 20:41:42.005 25998-25998 gle.vp8.encoder         media.codec                          W  type=1400 audit(0.0:268038): avc: denied { getattr } for path="/dev/sw_sync" dev="tmpfs" ino=236 scontext=u:r:mediacodec:s0 tcontext=u:object_r:sw_sync_device:s0 tclass=chr_file permissive=0
2026-03-30 20:41:42.105 25998-25998 gle.vp8.encoder         media.codec                          W  type=1400 audit(0.0:268039): avc: denied { getattr } for path="/dev/sw_sync" dev="tmpfs" ino=236 scontext=u:r:mediacodec:s0 tcontext=u:object_r:sw_sync_device:s0 tclass=chr_file permissive=0
2026-03-30 20:41:42.208 25998-25998 gle.vp8.encoder         media.codec                          W  type=1400 audit(0.0:268040): avc: denied { getattr } for path="/dev/sw_sync" dev="tmpfs" ino=236 scontext=u:r:mediacodec:s0 tcontext=u:object_r:sw_sync_device:s0 tclass=chr_file permissive=0
2026-03-30 20:41:42.308 25998-25998 gle.vp8.encoder         media.codec                          W  type=1400 audit(0.0:268041): avc: denied { getattr } for path="/dev/sw_sync" dev="tmpfs" ino=236 scontext=u:r:mediacodec:s0 tcontext=u:object_r:sw_sync_device:s0 tclass=chr_file permissive=0
2026-03-30 20:41:42.408 25998-25998 gle.vp8.encoder         media.codec                          W  type=1400 audit(0.0:268042): avc: denied { getattr } for path="/dev/sw_sync" dev="tmpfs" ino=236 scontext=u:r:mediacodec:s0 tcontext=u:object_r:sw_sync_device:s0 tclass=chr_file permissive=0
2026-03-30 20:41:42.508 25998-25998 gle.vp8.encoder         media.codec                          W  type=1400 audit(0.0:268043): avc: denied { getattr } for path="/dev/sw_sync" dev="tmpfs" ino=236 scontext=u:r:mediacodec:s0 tcontext=u:object_r:sw_sync_device:s0 tclass=chr_file permissive=0
2026-03-30 20:41:42.608 25998-25998 gle.vp8.encoder         media.codec                          W  type=1400 audit(0.0:268044): avc: denied { getattr } for path="/dev/sw_sync" dev="tmpfs" ino=236 scontext=u:r:mediacodec:s0 tcontext=u:object_r:sw_sync_device:s0 tclass=chr_file permissive=0
2026-03-30 20:41:42.708 25998-25998 gle.vp8.encoder         media.codec                          W  type=1400 audit(0.0:268045): avc: denied { getattr } for path="/dev/sw_sync" dev="tmpfs" ino=236 scontext=u:r:mediacodec:s0 tcontext=u:object_r:sw_sync_device:s0 tclass=chr_file permissive=0
2026-03-30 20:41:42.811 25998-25998 gle.vp8.encoder         media.codec                          W  type=1400 audit(0.0:268046): avc: denied { getattr } for path="/dev/sw_sync" dev="tmpfs" ino=236 scontext=u:r:mediacodec:s0 tcontext=u:object_r:sw_sync_device:s0 tclass=chr_file permissive=0
2026-03-30 20:41:42.947 17343-17343 [PTT-DIAG]              com.reedersystems.commandcomms       D  MainActivity PTT UP — forwarding to BackgroundAudioService (signaling=true)
2026-03-30 20:41:43.007 26078-26078 AudioALSAStreamIn       and...re.audio@2.0-service-mediatek  D  removeAudioEffect(), 0xad28fee0
2026-03-30 20:41:43.007 26078-26078 AudioALSAStreamIn       and...re.audio@2.0-service-mediatek  D  removeAudioEffect(), effect name:Automatic Gain Control, BackupCount=3
2026-03-30 20:41:43.007 26078-26078 AudioALSAStreamIn       and...re.audio@2.0-service-mediatek  D  removeAudioEffect() found fx at index 2, 0xad28fee0
2026-03-30 20:41:43.007 26078-26078 AudioALSAStreamIn       and...re.audio@2.0-service-mediatek  D  removeAudioEffect()-
2026-03-30 20:41:43.008 26078-26078 AudioALSAStreamIn       and...re.audio@2.0-service-mediatek  D  removeAudioEffect(), 0xad28fee0
2026-03-30 20:41:43.008 26078-26078 AudioALSAStreamIn       and...re.audio@2.0-service-mediatek  D  removeAudioEffect(), effect name:Automatic Gain Control, BackupCount=2
2026-03-30 20:41:43.008 26078-26078 AudioALSAStreamIn       and...re.audio@2.0-service-mediatek  D  removeAudioEffect() no effect found in backup queue
2026-03-30 20:41:43.009 26078-19387 AudioALSAC...DataClient and...re.audio@2.0-service-mediatek  D  +CheckNativeEffect() 2
2026-03-30 20:41:43.010 26078-19387 AudioPreProcess         and...re.audio@2.0-service-mediatek  D  CheckNativeEffect()+ 3 using
2026-03-30 20:41:43.010 26078-19387 AudioPreProcess         and...re.audio@2.0-service-mediatek  D  PreProcessEffect_Count 2
2026-03-30 20:41:43.010 26078-19387 AudioPreProcess         and...re.audio@2.0-service-mediatek  D  CheckNativeEffect(), find effect need remove
2026-03-30 20:41:43.010 26078-19387 AudioPreProcess         and...re.audio@2.0-service-mediatek  D  removeAudioEffect()+ 0xad28fee0
2026-03-30 20:41:43.010 26078-19387 AudioPreProcess         and...re.audio@2.0-service-mediatek  D  removeAudioEffect() found fx at index 2
2026-03-30 20:41:43.010 26078-19387 AudioPreProcess         and...re.audio@2.0-service-mediatek  D  removeAudioEffect()-, RetStatus=0
2026-03-30 20:41:43.010 26078-19387 AudioPreProcess         and...re.audio@2.0-service-mediatek  D  CheckNativeEffect()-
2026-03-30 20:41:43.010 26078-19387 AudioALSAC...DataClient and...re.audio@2.0-service-mediatek  D  -CheckNativeEffect()
2026-03-30 20:41:43.010 17343-19172 AudioRecord             com.reedersystems.commandcomms       D  stop: 0x8be7fc00
2026-03-30 20:41:43.028 26078-26078 AudioALSAStreamIn       and...re.audio@2.0-service-mediatek  D  +standby()
2026-03-30 20:41:43.028 26078-26078 AudioALSAStreamIn       and...re.audio@2.0-service-mediatek  D  standby(), keep the mStandbyFrameCount = 75840, ret = 0
2026-03-30 20:41:43.028 26078-26078 AudioALSAStreamIn       and...re.audio@2.0-service-mediatek  D  close()
2026-03-30 20:41:43.028 26078-26078 AudioALSAC...HandlerAEC and...re.audio@2.0-service-mediatek  D  +close()
2026-03-30 20:41:43.028 26078-26078 AudioALSAC...DataClient and...re.audio@2.0-service-mediatek  D  ~AudioALSACaptureDataClient()
2026-03-30 20:41:43.028 26078-26078 AudioALSAC...DataClient and...re.audio@2.0-service-mediatek  D  ~AudioALSACaptureDataClient(), remove EchoRef data provider,mCaptureDataProviderEchoRef=0xad31e900
2026-03-30 20:41:43.028 26078-26078 AudioALSAC...oviderBase and...re.audio@2.0-service-mediatek  D  detach(), 0xad31e900, mCaptureDataClientVector.size()=1, Identity=0xae77d980
2026-03-30 20:41:43.028 26078-26078 AudioALSAC...derEchoRef and...re.audio@2.0-service-mediatek  D  close()
2026-03-30 20:41:43.032 26078-19389 AudioALSAC...derEchoRef and...re.audio@2.0-service-mediatek  D  -readThread(), pid: 26078, tid: 19389
2026-03-30 20:41:43.032 26078-26078 AudioALSAC...derEchoRef and...re.audio@2.0-service-mediatek  D  pthread_join hReadThread done
2026-03-30 20:41:43.035 25998-25998 gle.vp8.encoder         media.codec                          W  type=1400 audit(0.0:268047): avc: denied { getattr } for path="/dev/sw_sync" dev="tmpfs" ino=236 scontext=u:r:mediacodec:s0 tcontext=u:object_r:sw_sync_device:s0 tclass=chr_file permissive=0
2026-03-30 20:41:43.037 26078-26078 MtkAudioSrc             and...re.audio@2.0-service-mediatek  D  close(), mState = 1
2026-03-30 20:41:43.037 26078-26078 AudioALSAC...oviderBase and...re.audio@2.0-service-mediatek  D  detach(), 0xad31df00, mCaptureDataClientVector.size()=1, Identity=0xae77d980
2026-03-30 20:41:43.037 26078-26078 AudioALSAH...rceManager and...re.audio@2.0-service-mediatek  D  +stopInputDevice(), mInputDevice = 0x80000004, stop_device = 0x80000004, mStartInputDeviceCount = 1, mMicInverse = 0, mNumPhoneMicSupport = 2
2026-03-30 20:41:43.037 26078-26078 AudioUtility            and...re.audio@2.0-service-mediatek  D  IsAudioSupportFeature AUDIO_SUPPORT_DMIC bSupportFlg[0]
2026-03-30 20:41:43.037 26078-26078 AudioALSAD...figManager and...re.audio@2.0-service-mediatek  D  ApplyDeviceSettingByName() DeviceName = Mic1TypeACCMode descriptor->DeviceStatusCounter = 0
2026-03-30 20:41:43.037 26078-26078 AudioALSAD...figManager and...re.audio@2.0-service-mediatek  D  ApplyDeviceSettingByName() DeviceName = Mic2TypeACCMode descriptor->DeviceStatusCounter = 0
2026-03-30 20:41:43.037 26078-26078 AudioALSAD...figManager and...re.audio@2.0-service-mediatek  D  ApplyDeviceTurnoffSequenceByName(), DeviceName = builtin_Mic_DualMic descriptor->DeviceStatusCounter = 1
2026-03-30 20:41:43.038 26078-26078 AudioALSAC...iderNormal and...re.audio@2.0-service-mediatek  D  close()
2026-03-30 20:41:43.054 26078-19388 AudioALSAC...iderNormal and...re.audio@2.0-service-mediatek  D  -readThread(), pid: 26078, tid: 19388
2026-03-30 20:41:43.054 26078-26078 AudioALSAC...iderNormal and...re.audio@2.0-service-mediatek  D  pthread_join hReadThread done
2026-03-30 20:41:43.056 26078-26078 AudioALSAC...iderNormal and...re.audio@2.0-service-mediatek  D  -close()
2026-03-30 20:41:43.057 26078-26078 AudioALSAC...DataClient and...re.audio@2.0-service-mediatek  D  +StopBesRecord()
2026-03-30 20:41:43.057 26078-26078 AudioSPELayer           and...re.audio@2.0-service-mediatek  D  Stop
2026-03-30 20:41:43.057 26078-26078 AudioSPELayer           and...re.audio@2.0-service-mediatek  D  Clear
2026-03-30 20:41:43.057 26078-26078 AudioSPELayer           and...re.audio@2.0-service-mediatek  D  free mSphCtrlBuffer 0xac4c5900
2026-03-30 20:41:43.057 26078-26078 AudioSPELayer           and...re.audio@2.0-service-mediatek  D  ~free mSphCtrlBuffer
2026-03-30 20:41:43.057 26078-26078 AudioSPELayer           and...re.audio@2.0-service-mediatek  D  ~Clear
2026-03-30 20:41:43.057 26078-26078 AudioALSAC...DataClient and...re.audio@2.0-service-mediatek  D  -StopBesRecord()
2026-03-30 20:41:43.057 26078-26078 MtkAudioSrc             and...re.audio@2.0-service-mediatek  D  close(), mState = 1
2026-03-30 20:41:43.057 26078-26078 MtkAudioSrc             and...re.audio@2.0-service-mediatek  D  close(), mState = 1
2026-03-30 20:41:43.057 26078-26078 AudioSPELayer           and...re.audio@2.0-service-mediatek  D  ~SPELayer+
2026-03-30 20:41:43.057 26078-26078 AudioSPELayer           and...re.audio@2.0-service-mediatek  D  Clear
2026-03-30 20:41:43.057 26078-26078 AudioSPELayer           and...re.audio@2.0-service-mediatek  D  ~Clear
2026-03-30 20:41:43.057 26078-26078 AudioSPELayer           and...re.audio@2.0-service-mediatek  D  FlushBufferQ+
2026-03-30 20:41:43.057 26078-26078 AudioSPELayer           and...re.audio@2.0-service-mediatek  D  FlushBufferQ mULOutBufferQ size=1,mULInBufferQ.size=1,mDLOutBufferQ.size()=0,mDLInBufferQ.size()=1,mDLDelayBufferQ.size()=1
2026-03-30 20:41:43.057 26078-26078 AudioSPELayer           and...re.audio@2.0-service-mediatek  D  mDLInBufferQ::pBufBase=0xad304cc0
2026-03-30 20:41:43.057 26078-26078 AudioSPELayer           and...re.audio@2.0-service-mediatek  D  mDLInBufferQ::done, free at DLDelay buffer
2026-03-30 20:41:43.057 26078-26078 AudioSPELayer           and...re.audio@2.0-service-mediatek  D  mDLDelayBufferQ::pBufBase=0xad304cc0
2026-03-30 20:41:43.057 26078-26078 AudioSPELayer           and...re.audio@2.0-service-mediatek  D  mDLDelayBufferQ::free
2026-03-30 20:41:43.057 26078-26078 AudioSPELayer           and...re.audio@2.0-service-mediatek  D  mDLDelayBufferQ::delete
2026-03-30 20:41:43.057 26078-26078 AudioSPELayer           and...re.audio@2.0-service-mediatek  D  mDLDelayBufferQ::done
2026-03-30 20:41:43.057 26078-26078 AudioSPELayer           and...re.audio@2.0-service-mediatek  D  FlushBufferQ-
2026-03-30 20:41:43.058 26078-26078 AudioSPELayer           and...re.audio@2.0-service-mediatek  D  ~SPELayer-
2026-03-30 20:41:43.058 26078-26078 AudioPreProcess         and...re.audio@2.0-service-mediatek  D  ~AudioPreProcess()+
2026-03-30 20:41:43.058 26078-26078 AudioPreProcess         and...re.audio@2.0-service-mediatek  D  stop_echo_reference()+
2026-03-30 20:41:43.058 26078-26078 AudioPreProcess         and...re.audio@2.0-service-mediatek  D  clear_echo_reference()+ 0xad1a2d80
2026-03-30 20:41:43.058 26078-26078 AudioPreProcess         and...re.audio@2.0-service-mediatek  D  remove_echo_reference()+ 0xad1a2d80
2026-03-30 20:41:43.058 26078-26078 AudioPreProcess         and...re.audio@2.0-service-mediatek  D  remove_echo_reference()-
2026-03-30 20:41:43.058 26078-26078 AudioPreProcess         and...re.audio@2.0-service-mediatek  D  clear_echo_reference()-
2026-03-30 20:41:43.058 26078-26078 AudioPreProcess         and...re.audio@2.0-service-mediatek  D  stop_echo_reference()-
2026-03-30 20:41:43.058 26078-26078 AudioPreProcess         and...re.audio@2.0-service-mediatek  D  ~AudioPreProcess()-
2026-03-30 20:41:43.058 26078-26078 AudioALSAC...DataClient and...re.audio@2.0-service-mediatek  D  -~AudioALSACaptureDataClient()
2026-03-30 20:41:43.058 26078-26078 AudioALSAC...HandlerAEC and...re.audio@2.0-service-mediatek  D  -close()
2026-03-30 20:41:43.058 26078-26078 AudioALSAC...HandlerAEC and...re.audio@2.0-service-mediatek  D  ~AudioALSACaptureHandlerAEC()
2026-03-30 20:41:43.058 26078-26078 AudioALSAC...andlerBase and...re.audio@2.0-service-mediatek  D  ~AudioALSACaptureHandlerBase()
2026-03-30 20:41:43.058 26078-26078 AudioALSAStreamManager  and...re.audio@2.0-service-mediatek  D  -destroyCaptureHandler(), mCaptureHandlerVector.size() = 0
2026-03-30 20:41:43.058 26078-26078 AudioALSAStreamIn       and...re.audio@2.0-service-mediatek  D  -standby()
2026-03-30 20:41:43.059 26072-26072 APM_AudioPolicyManager  audioserver                          D  stopInput() input 382
2026-03-30 20:41:43.071 25998-25998 gle.vp8.encoder         media.codec                          W  type=1400 audit(0.0:268048): avc: denied { getattr } for path="/dev/sw_sync" dev="tmpfs" ino=236 scontext=u:r:mediacodec:s0 tcontext=u:object_r:sw_sync_device:s0 tclass=chr_file permissive=0
2026-03-30 20:41:43.086 26078-13805 AudioALSAHardware       and...re.audio@2.0-service-mediatek  D  -releaseAudioPatch handle [0x2f]
2026-03-30 20:41:43.086 26078-13805 AudioALSAHardware       and...re.audio@2.0-service-mediatek  D  +routing releaseAudioPatch 80000004->Mixer
2026-03-30 20:41:43.087 26078-13805 AudioALSAStreamManager  and...re.audio@2.0-service-mediatek  D  +setParameters(), IOport = 382, keyValuePairs = routing=0
2026-03-30 20:41:43.087 26078-13805 AudioALSAStreamIn       and...re.audio@2.0-service-mediatek  D  +setParameters(): routing=0
2026-03-30 20:41:43.087 26078-13805 AudioALSAStreamManager  and...re.audio@2.0-service-mediatek  D  +routingInputDevice(), input_device: 0x80000004 => 0x0
2026-03-30 20:41:43.087 26078-13805 AudioALSAStreamManager  and...re.audio@2.0-service-mediatek  W  -routingInputDevice(), input_device == AUDIO_DEVICE_NONE(0x0), return
2026-03-30 20:41:43.087 26078-13805 AudioALSAStreamIn       and...re.audio@2.0-service-mediatek  D  -setParameters(): routing=0 
2026-03-30 20:41:43.087 26078-13805 AudioALSAHardware       and...re.audio@2.0-service-mediatek  D  handlecheck releaseAudioPatch remove handle [2f] OK
2026-03-30 20:41:43.087 26078-13805 AudioALSAHardware       and...re.audio@2.0-service-mediatek  D  -releaseAudioPatch handle [0x2f] status [0]
2026-03-30 20:41:43.088 17343-19172 AudioRecord             com.reedersystems.commandcomms       D  stop done
2026-03-30 20:41:43.089 17343-19172 AudioRecord             com.reedersystems.commandcomms       D  stop: 0x8be7fc00
2026-03-30 20:41:43.089 17343-19172 AudioRecord             com.reedersystems.commandcomms       D  stop: 0x8be7fc00
2026-03-30 20:41:43.090 26078-26078 AudioALSAStreamIn       and...re.audio@2.0-service-mediatek  D  removeAudioEffect(), 0xae718d60
2026-03-30 20:41:43.090 26078-26078 AudioALSAStreamIn       and...re.audio@2.0-service-mediatek  D  removeAudioEffect(), effect name:Acoustic Echo Canceler, BackupCount=2
2026-03-30 20:41:43.090 26078-26078 AudioALSAStreamIn       and...re.audio@2.0-service-mediatek  D  removeAudioEffect() found fx at index 0, 0xae718d60
2026-03-30 20:41:43.090 26078-26078 AudioALSAStreamIn       and...re.audio@2.0-service-mediatek  D  removeAudioEffect() moving fx from 1 to 0
2026-03-30 20:41:43.090 26078-26078 AudioALSAStreamIn       and...re.audio@2.0-service-mediatek  D  removeAudioEffect()-
2026-03-30 20:41:43.097 26078-13805 AudioALSAStreamIn       and...re.audio@2.0-service-mediatek  D  removeAudioEffect(), 0xad28fdc0
2026-03-30 20:41:43.097 26078-13805 AudioALSAStreamIn       and...re.audio@2.0-service-mediatek  D  removeAudioEffect(), effect name:Noise Suppression, BackupCount=1
2026-03-30 20:41:43.097 26078-13805 AudioALSAStreamIn       and...re.audio@2.0-service-mediatek  D  removeAudioEffect() found fx at index 0, 0xad28fdc0
2026-03-30 20:41:43.097 26078-13805 AudioALSAStreamIn       and...re.audio@2.0-service-mediatek  D  removeAudioEffect()-
2026-03-30 20:41:43.098 26078-13805 AudioALSAStreamIn       and...re.audio@2.0-service-mediatek  D  removeAudioEffect(), 0xad28fdc0
2026-03-30 20:41:43.098 26078-13805 AudioALSAStreamIn       and...re.audio@2.0-service-mediatek  D  removeAudioEffect(), mPreProcessEffectBackupCount wrong
2026-03-30 20:41:43.104 26078-13805 AudioALSAStreamManager  and...re.audio@2.0-service-mediatek  D  +closeInputStream(), in = 0xae76aa00, size() = 1
2026-03-30 20:41:43.104 26078-13805 AudioALSAStreamIn       and...re.audio@2.0-service-mediatek  D  ~AudioALSAStreamIn()
2026-03-30 20:41:43.104 26078-13805 AudioALSAStreamManager  and...re.audio@2.0-service-mediatek  D  -closeInputStream(), mStreamInVector.size() = 0
2026-03-30 20:41:43.118 25998-25998 gle.vp8.encoder         media.codec                          W  type=1400 audit(0.0:268049): avc: denied { getattr } for path="/dev/sw_sync" dev="tmpfs" ino=236 scontext=u:r:mediacodec:s0 tcontext=u:object_r:sw_sync_device:s0 tclass=chr_file permissive=0
2026-03-30 20:41:43.141 25998-25998 gle.vp8.encoder         media.codec                          W  type=1400 audit(0.0:268050): avc: denied { getattr } for path="/dev/sw_sync" dev="tmpfs" ino=236 scontext=u:r:mediacodec:s0 tcontext=u:object_r:sw_sync_device:s0 tclass=chr_file permissive=0
2026-03-30 20:41:43.159 17343-19174 AudioTrack              com.reedersystems.commandcomms       D  set(): 0x8c548300, streamType -1, sampleRate 44100, format 0x1, channelMask 0x1, frameCount 6615, flags #0, notificationFrames 0, sessionId 0, transferType 4, uid -1, pid -1
2026-03-30 20:41:43.159 17343-19174 AudioTrack              com.reedersystems.commandcomms       D  Building AudioTrack with attributes: usage = 3, content = 4, flags = 0x0, tags = []
2026-03-30 20:41:43.161 17343-19174 AudioTrack              com.reedersystems.commandcomms       D  set: Create AudioTrackThread, tid = 19396
2026-03-30 20:41:43.166 26072-24566 AudioFlinger            audioserver                          D  track(0xab4e9800): mIsOut 1, mFrameCount 6615, mSampleRate 44100, mFormat 1, mChannelCount 1, mTrackCount 248, thread 0xaac83140, sessionId 2393
2026-03-30 20:41:43.166 26072-24566 AudioFlinger            audioserver                          D  track(0xab4e9800): mFastIndex -1, mStreamType 8, mName 4099
2026-03-30 20:41:43.178 17343-19174 AudioTrack              com.reedersystems.commandcomms       D  createTrack_l: 0x8c548300, mCblk = 0x846040e0, mLatency = 202, mAfLatency = 52, frameCount = 6615, mSampleRate = 44100, mFlags = 0, mReqFrameCount = 6615, mNotificationFramesAct = 0
2026-03-30 20:41:43.191 25998-25998 gle.vp8.encoder         media.codec                          W  type=1400 audit(0.0:268051): avc: denied { getattr } for path="/dev/sw_sync" dev="tmpfs" ino=236 scontext=u:r:mediacodec:s0 tcontext=u:object_r:sw_sync_device:s0 tclass=chr_file permissive=0
2026-03-30 20:41:43.196 17343-19174 AudioTrack              com.reedersystems.commandcomms       D  start(): 0x8c548300, mState = 1
2026-03-30 20:41:43.196 26072-24566 APM_AudioPolicyManager  audioserver                          D  startOutput() output 13, stream 8, session 2393
2026-03-30 20:41:43.196 26072-24566 APM::Audio...Descriptor audioserver                          V  changeRefCount() stream 8, count 1
2026-03-30 20:41:43.285 25998-25998 gle.vp8.encoder         media.codec                          W  type=1400 audit(0.0:268052): avc: denied { getattr } for path="/dev/sw_sync" dev="tmpfs" ino=236 scontext=u:r:mediacodec:s0 tcontext=u:object_r:sw_sync_device:s0 tclass=chr_file permissive=0
2026-03-30 20:41:43.368 17343-17424 AudioTrack              com.reedersystems.commandcomms       D  stop(): 0x8c548300, mState = 0
2026-03-30 20:41:43.368 17343-17424 AudioTrack              com.reedersystems.commandcomms       D  audiotrack 0x8c548300 stop done
2026-03-30 20:41:43.369 17343-17424 AudioTrack              com.reedersystems.commandcomms       D  stop(): 0x8c548300, mState = 1
2026-03-30 20:41:43.370 17343-17424 AudioTrack              com.reedersystems.commandcomms       D  ~AudioTrack(): 0x8c548300
2026-03-30 20:41:43.371 17343-17424 AudioTrack              com.reedersystems.commandcomms       D  stop(): 0x8c548300, mState = 1
2026-03-30 20:41:43.385 25998-25998 gle.vp8.encoder         media.codec                          W  type=1400 audit(0.0:268053): avc: denied { getattr } for path="/dev/sw_sync" dev="tmpfs" ino=236 scontext=u:r:mediacodec:s0 tcontext=u:object_r:sw_sync_device:s0 tclass=chr_file permissive=0
2026-03-30 20:41:43.447 26072-26112 APM_AudioPolicyManager  audioserver                          D  stopOutput() output 13, stream 8, session 2393
2026-03-30 20:41:43.447 26072-26112 APM::Audio...Descriptor audioserver                          V  changeRefCount() stream 8, count 0
2026-03-30 20:41:43.485 25998-25998 gle.vp8.encoder         media.codec                          W  type=1400 audit(0.0:268054): avc: denied { getattr } for path="/dev/sw_sync" dev="tmpfs" ino=236 scontext=u:r:mediacodec:s0 tcontext=u:object_r:sw_sync_device:s0 tclass=chr_file permissive=0
2026-03-30 20:41:43.588 25998-25998 gle.vp8.encoder         media.codec                          W  type=1400 audit(0.0:268055): avc: denied { getattr } for path="/dev/sw_sync" dev="tmpfs" ino=236 scontext=u:r:mediacodec:s0 tcontext=u:object_r:sw_sync_device:s0 tclass=chr_file permissive=0
2026-03-30 20:41:43.688 25998-25998 gle.vp8.encoder         media.codec                          W  type=1400 audit(0.0:268056): avc: denied { getattr } for path="/dev/sw_sync" dev="tmpfs" ino=236 scontext=u:r:mediacodec:s0 tcontext=u:object_r:sw_sync_device:s0 tclass=chr_file permissive=0
2026-03-30 20:41:43.788 25998-25998 gle.vp8.encoder         media.codec                          W  type=1400 audit(0.0:268057): avc: denied { getattr } for path="/dev/sw_sync" dev="tmpfs" ino=236 scontext=u:r:mediacodec:s0 tcontext=u:object_r:sw_sync_device:s0 tclass=chr_file permissive=0
2026-03-30 20:41:43.888 25998-25998 gle.vp8.encoder         media.codec                          W  type=1400 audit(0.0:268058): avc: denied { getattr } for path="/dev/sw_sync" dev="tmpfs" ino=236 scontext=u:r:mediacodec:s0 tcontext=u:object_r:sw_sync_device:s0 tclass=chr_file permissive=0
2026-03-30 20:41:43.988 25998-25998 gle.vp8.encoder         media.codec                          W  type=1400 audit(0.0:268059): avc: denied { getattr } for path="/dev/sw_sync" dev="tmpfs" ino=236 scontext=u:r:mediacodec:s0 tcontext=u:object_r:sw_sync_device:s0 tclass=chr_file permissive=0
2026-03-30 20:41:44.088 25998-25998 gle.vp8.encoder         media.codec                          W  type=1400 audit(0.0:268060): avc: denied { getattr } for path="/dev/sw_sync" dev="tmpfs" ino=236 scontext=u:r:mediacodec:s0 tcontext=u:object_r:sw_sync_device:s0 tclass=chr_file permissive=0
2026-03-30 20:41:44.105 25998-25998 gle.vp8.encoder         media.codec                          W  type=1400 audit(0.0:268061): avc: denied { getattr } for path="/dev/sw_sync" dev="tmpfs" ino=236 scontext=u:r:mediacodec:s0 tcontext=u:object_r:sw_sync_device:s0 tclass=chr_file permissive=0
2026-03-30 20:41:44.201 25998-25998 gle.vp8.encoder         media.codec                          W  type=1400 audit(0.0:268062): avc: denied { getattr } for path="/dev/sw_sync" dev="tmpfs" ino=236 scontext=u:r:mediacodec:s0 tcontext=u:object_r:sw_sync_device:s0 tclass=chr_file permissive=0
2026-03-30 20:41:44.301 25998-25998 gle.vp8.encoder         media.codec                          W  type=1400 audit(0.0:268063): avc: denied { getattr } for path="/dev/sw_sync" dev="tmpfs" ino=236 scontext=u:r:mediacodec:s0 tcontext=u:object_r:sw_sync_device:s0 tclass=chr_file permissive=0
2026-03-30 20:41:44.401 25998-25998 gle.vp8.encoder         media.codec                          W  type=1400 audit(0.0:268064): avc: denied { getattr } for path="/dev/sw_sync" dev="tmpfs" ino=236 scontext=u:r:mediacodec:s0 tcontext=u:object_r:sw_sync_device:s0 tclass=chr_file permissive=0
2026-03-30 20:41:44.501 25998-25998 gle.vp8.encoder         media.codec                          W  type=1400 audit(0.0:268065): avc: denied { getattr } for path="/dev/sw_sync" dev="tmpfs" ino=236 scontext=u:r:mediacodec:s0 tcontext=u:object_r:sw_sync_device:s0 tclass=chr_file permissive=0
2026-03-30 20:41:44.601 25998-25998 gle.vp8.encoder         media.codec                          W  type=1400 audit(0.0:268066): avc: denied { getattr } for path="/dev/sw_sync" dev="tmpfs" ino=236 scontext=u:r:mediacodec:s0 tcontext=u:object_r:sw_sync_device:s0 tclass=chr_file permissive=0
2026-03-30 20:41:44.701 25998-25998 gle.vp8.encoder         media.codec                          W  type=1400 audit(0.0:268067): avc: denied { getattr } for path="/dev/sw_sync" dev="tmpfs" ino=236 scontext=u:r:mediacodec:s0 tcontext=u:object_r:sw_sync_device:s0 tclass=chr_file permissive=0
2026-03-30 20:41:44.805 25998-25998 gle.vp8.encoder         media.codec                          W  type=1400 audit(0.0:268068): avc: denied { getattr } for path="/dev/sw_sync" dev="tmpfs" ino=236 scontext=u:r:mediacodec:s0 tcontext=u:object_r:sw_sync_device:s0 tclass=chr_file permissive=0
2026-03-30 20:41:44.905 25998-25998 gle.vp8.encoder         media.codec                          W  type=1400 audit(0.0:268069): avc: denied { getattr } for path="/dev/sw_sync" dev="tmpfs" ino=236 scontext=u:r:mediacodec:s0 tcontext=u:object_r:sw_sync_device:s0 tclass=chr_file permissive=0
2026-03-30 20:41:45.005 25998-25998 gle.vp8.encoder         media.codec                          W  type=1400 audit(0.0:268070): avc: denied { getattr } for path="/dev/sw_sync" dev="tmpfs" ino=236 scontext=u:r:mediacodec:s0 tcontext=u:object_r:sw_sync_device:s0 tclass=chr_file permissive=0
2026-03-30 20:41:45.105 25998-25998 gle.vp8.encoder         media.codec                          W  type=1400 audit(0.0:268071): avc: denied { getattr } for path="/dev/sw_sync" dev="tmpfs" ino=236 scontext=u:r:mediacodec:s0 tcontext=u:object_r:sw_sync_device:s0 tclass=chr_file permissive=0
2026-03-30 20:41:45.448 25998-25998 gle.vp8.encoder         media.codec                          W  type=1400 audit(0.0:268072): avc: denied { getattr } for path="/dev/sw_sync" dev="tmpfs" ino=236 scontext=u:r:mediacodec:s0 tcontext=u:object_r:sw_sync_device:s0 tclass=chr_file permissive=0
2026-03-30 20:41:45.548 25998-25998 gle.vp8.encoder         media.codec                          W  type=1400 audit(0.0:268073): avc: denied { getattr } for path="/dev/sw_sync" dev="tmpfs" ino=236 scontext=u:r:mediacodec:s0 tcontext=u:object_r:sw_sync_device:s0 tclass=chr_file permissive=0
2026-03-30 20:41:45.651 25998-25998 gle.vp8.encoder         media.codec                          W  type=1400 audit(0.0:268074): avc: denied { getattr } for path="/dev/sw_sync" dev="tmpfs" ino=236 scontext=u:r:mediacodec:s0 tcontext=u:object_r:sw_sync_device:s0 tclass=chr_file permissive=0
2026-03-30 20:41:45.751 25998-25998 gle.vp8.encoder         media.codec                          W  type=1400 audit(0.0:268075): avc: denied { getattr } for path="/dev/sw_sync" dev="tmpfs" ino=236 scontext=u:r:mediacodec:s0 tcontext=u:object_r:sw_sync_device:s0 tclass=chr_file permissive=0
2026-03-30 20:41:45.851 25998-25998 gle.vp8.encoder         media.codec                          W  type=1400 audit(0.0:268076): avc: denied { getattr } for path="/dev/sw_sync" dev="tmpfs" ino=236 scontext=u:r:mediacodec:s0 tcontext=u:object_r:sw_sync_device:s0 tclass=chr_file permissive=0
2026-03-30 20:41:45.951 25998-25998 gle.vp8.encoder         media.codec                          W  type=1400 audit(0.0:268077): avc: denied { getattr } for path="/dev/sw_sync" dev="tmpfs" ino=236 scontext=u:r:mediacodec:s0 tcontext=u:object_r:sw_sync_device:s0 tclass=chr_file permissive=0
2026-03-30 20:41:46.051 25998-25998 gle.vp8.encoder         media.codec                          W  type=1400 audit(0.0:268078): avc: denied { getattr } for path="/dev/sw_sync" dev="tmpfs" ino=236 scontext=u:r:mediacodec:s0 tcontext=u:object_r:sw_sync_device:s0 tclass=chr_file permissive=0
2026-03-30 20:41:46.115 25998-25998 gle.vp8.encoder         media.codec                          W  type=1400 audit(0.0:268079): avc: denied { getattr } for path="/dev/sw_sync" dev="tmpfs" ino=236 scontext=u:r:mediacodec:s0 tcontext=u:object_r:sw_sync_device:s0 tclass=chr_file permissive=0
2026-03-30 20:41:46.215 25998-25998 gle.vp8.encoder         media.codec                          W  type=1400 audit(0.0:268080): avc: denied { getattr } for path="/dev/sw_sync" dev="tmpfs" ino=236 scontext=u:r:mediacodec:s0 tcontext=u:object_r:sw_sync_device:s0 tclass=chr_file permissive=0
2026-03-30 20:41:46.315 25998-25998 gle.vp8.encoder         media.codec                          W  type=1400 audit(0.0:268081): avc: denied { getattr } for path="/dev/sw_sync" dev="tmpfs" ino=236 scontext=u:r:mediacodec:s0 tcontext=u:object_r:sw_sync_device:s0 tclass=chr_file permissive=0
2026-03-30 20:41:46.364 26078-13805 AudioALSAStreamOut      and...re.audio@2.0-service-mediatek  D  standby(), flag 6
2026-03-30 20:41:46.364 26078-13805 AudioALSAStreamOut      and...re.audio@2.0-service-mediatek  D  standbyStreamOut(), flag 6
2026-03-30 20:41:46.365 26078-13805 AudioALSAStreamOut      and...re.audio@2.0-service-mediatek  D  close(), flags 6, mMixerOutInUse 0
2026-03-30 20:41:46.365 26078-13805 AudioALSAP...dlerNormal and...re.audio@2.0-service-mediatek  D  +close(), flag 6, mDevice = 0x2
2026-03-30 20:41:46.365 26078-13805 AudioVoiceUIDL          and...re.audio@2.0-service-mediatek  D  [SetInputStandBy] ReadRefFromRing to exit? (0) 
2026-03-30 20:41:46.365 26078-13805 AudioALSAH...rceManager and...re.audio@2.0-service-mediatek  D  +stopOutputDevice(), mOutputDevices = 0x2, mStartOutputDevicesCount = 1
2026-03-30 20:41:46.365 26078-13805 AudioALSAD...figManager and...re.audio@2.0-service-mediatek  D  ApplyDeviceTurnoffSequenceByName(), DeviceName = ext_speaker_output descriptor->DeviceStatusCounter = 1
2026-03-30 20:41:46.365 26078-13805 AudioALSAD...figManager and...re.audio@2.0-service-mediatek  D  ApplyDeviceTurnoffSequenceByName(), DeviceName = speaker_output descriptor->DeviceStatusCounter = 1
2026-03-30 20:41:46.365 26078-13805 AudioALSADriverUtility  and...re.audio@2.0-service-mediatek  D  GetPropertyValue key = af.resouce.extdac_support value = 0
2026-03-30 20:41:46.366 26078-13805 AudioALSAP...andlerBase and...re.audio@2.0-service-mediatek  D  closePcmDriver(), mPcm = 0xae728c40
2026-03-30 20:41:46.366 26078-13805 AudioALSADriverUtility  and...re.audio@2.0-service-mediatek  D  GetPropertyValue key = af.resouce.extdac_support value = 0
2026-03-30 20:41:46.366 26078-13805 AudioALSAP...dlerNormal and...re.audio@2.0-service-mediatek  D  SetLowJitterMode(), bypass low jitter mode, bEnable = 0, device = 0x2, SampleRate = 48000
2026-03-30 20:41:46.366 26078-13805 MtkAudioBitConverter    and...re.audio@2.0-service-mediatek  D  +close()
2026-03-30 20:41:46.366 26078-13805 AudioALSAP...andlerBase and...re.audio@2.0-service-mediatek  D  DeinitDataPending
2026-03-30 20:41:46.366 26078-13805 AudioALSAP...dlerNormal and...re.audio@2.0-service-mediatek  D  -close()
2026-03-30 20:41:46.366 26078-13805 AudioALSAStreamManager  and...re.audio@2.0-service-mediatek  D  -destroyPlaybackHandler(), mode = 0, pPlaybackHandler = 0xad112300, mPlaybackHandlerVector.size() = 0
2026-03-30 20:41:46.366 26078-13805 AudioALSAStreamOut      and...re.audio@2.0-service-mediatek  D  setMuteForRouting(), mute 0, flags 6
2026-03-30 20:41:46.366 26078-13805 AudioUtility            and...re.audio@2.0-service-mediatek  D  power_hal_hint - custPowerHint 0, data 0
2026-03-30 20:41:46.418 25998-25998 gle.vp8.encoder         media.codec                          W  type=1400 audit(0.0:268082): avc: denied { getattr } for path="/dev/sw_sync" dev="tmpfs" ino=236 scontext=u:r:mediacodec:s0 tcontext=u:object_r:sw_sync_device:s0 tclass=chr_file permissive=0
2026-03-30 20:41:46.518 25998-25998 gle.vp8.encoder         media.codec                          W  type=1400 audit(0.0:268083): avc: denied { getattr } for path="/dev/sw_sync" dev="tmpfs" ino=236 scontext=u:r:mediacodec:s0 tcontext=u:object_r:sw_sync_device:s0 tclass=chr_file permissive=0
2026-03-30 20:41:46.618 25998-25998 gle.vp8.encoder         media.codec                          W  type=1400 audit(0.0:268084): avc: denied { getattr } for path="/dev/sw_sync" dev="tmpfs" ino=236 scontext=u:r:mediacodec:s0 tcontext=u:object_r:sw_sync_device:s0 tclass=chr_file permissive=0
2026-03-30 20:41:46.718 25998-25998 gle.vp8.encoder         media.codec                          W  type=1400 audit(0.0:268085): avc: denied { getattr } for path="/dev/sw_sync" dev="tmpfs" ino=236 scontext=u:r:mediacodec:s0 tcontext=u:object_r:sw_sync_device:s0 tclass=chr_file permissive=0
2026-03-30 20:41:46.818 25998-25998 gle.vp8.encoder         media.codec                          W  type=1400 audit(0.0:268086): avc: denied { getattr } for path="/dev/sw_sync" dev="tmpfs" ino=236 scontext=u:r:mediacodec:s0 tcontext=u:object_r:sw_sync_device:s0 tclass=chr_file permissive=0
2026-03-30 20:41:46.918 25998-25998 gle.vp8.encoder         media.codec                          W  type=1400 audit(0.0:268087): avc: denied { getattr } for path="/dev/sw_sync" dev="tmpfs" ino=236 scontext=u:r:mediacodec:s0 tcontext=u:object_r:sw_sync_device:s0 tclass=chr_file permissive=0
2026-03-30 20:41:47.018 25998-25998 gle.vp8.encoder         media.codec                          W  type=1400 audit(0.0:268088): avc: denied { getattr } for path="/dev/sw_sync" dev="tmpfs" ino=236 scontext=u:r:mediacodec:s0 tcontext=u:object_r:sw_sync_device:s0 tclass=chr_file permissive=0
2026-03-30 20:41:47.118 25998-25998 gle.vp8.encoder         media.codec                          W  type=1400 audit(0.0:268089): avc: denied { getattr } for path="/dev/sw_sync" dev="tmpfs" ino=236 scontext=u:r:mediacodec:s0 tcontext=u:object_r:sw_sync_device:s0 tclass=chr_file permissive=0
2026-03-30 20:41:48.115 25998-25998 gle.vp8.encoder         media.codec                          W  type=1400 audit(0.0:268090): avc: denied { getattr } for path="/dev/sw_sync" dev="tmpfs" ino=236 scontext=u:r:mediacodec:s0 tcontext=u:object_r:sw_sync_device:s0 tclass=chr_file permissive=0
2026-03-30 20:41:48.215 25998-25998 gle.vp8.encoder         media.codec                          W  type=1400 audit(0.0:268091): avc: denied { getattr } for path="/dev/sw_sync" dev="tmpfs" ino=236 scontext=u:r:mediacodec:s0 tcontext=u:object_r:sw_sync_device:s0 tclass=chr_file permissive=0
2026-03-30 20:41:48.318 25998-25998 gle.vp8.encoder         media.codec                          W  type=1400 audit(0.0:268092): avc: denied { getattr } for path="/dev/sw_sync" dev="tmpfs" ino=236 scontext=u:r:mediacodec:s0 tcontext=u:object_r:sw_sync_device:s0 tclass=chr_file permissive=0
2026-03-30 20:41:48.418 25998-25998 gle.vp8.encoder         media.codec                          W  type=1400 audit(0.0:268093): avc: denied { getattr } for path="/dev/sw_sync" dev="tmpfs" ino=236 scontext=u:r:mediacodec:s0 tcontext=u:object_r:sw_sync_device:s0 tclass=chr_file permissive=0
2026-03-30 20:41:48.465 25998-25998 gle.vp8.encoder         media.codec                          W  type=1400 audit(0.0:268094): avc: denied { getattr } for path="/dev/sw_sync" dev="tmpfs" ino=236 scontext=u:r:mediacodec:s0 tcontext=u:object_r:sw_sync_device:s0 tclass=chr_file permissive=0
2026-03-30 20:41:48.565 25998-25998 gle.vp8.encoder         media.codec                          W  type=1400 audit(0.0:268095): avc: denied { getattr } for path="/dev/sw_sync" dev="tmpfs" ino=236 scontext=u:r:mediacodec:s0 tcontext=u:object_r:sw_sync_device:s0 tclass=chr_file permissive=0
2026-03-30 20:41:48.665 25998-25998 gle.vp8.encoder         media.codec                          W  type=1400 audit(0.0:268096): avc: denied { getattr } for path="/dev/sw_sync" dev="tmpfs" ino=236 scontext=u:r:mediacodec:s0 tcontext=u:object_r:sw_sync_device:s0 tclass=chr_file permissive=0
2026-03-30 20:41:48.765 25998-25998 gle.vp8.encoder         media.codec                          W  type=1400 audit(0.0:268097): avc: denied { getattr } for path="/dev/sw_sync" dev="tmpfs" ino=236 scontext=u:r:mediacodec:s0 tcontext=u:object_r:sw_sync_device:s0 tclass=chr_file permissive=0
2026-03-30 20:41:48.868 25998-25998 gle.vp8.encoder         media.codec                          W  type=1400 audit(0.0:268098): avc: denied { getattr } for path="/dev/sw_sync" dev="tmpfs" ino=236 scontext=u:r:mediacodec:s0 tcontext=u:object_r:sw_sync_device:s0 tclass=chr_file permissive=0
2026-03-30 20:41:48.968 25998-25998 gle.vp8.encoder         media.codec                          W  type=1400 audit(0.0:268099): avc: denied { getattr } for path="/dev/sw_sync" dev="tmpfs" ino=236 scontext=u:r:mediacodec:s0 tcontext=u:object_r:sw_sync_device:s0 tclass=chr_file permissive=0
2026-03-30 20:41:49.068 25998-25998 gle.vp8.encoder         media.codec                          W  type=1400 audit(0.0:268100): avc: denied { getattr } for path="/dev/sw_sync" dev="tmpfs" ino=236 scontext=u:r:mediacodec:s0 tcontext=u:object_r:sw_sync_device:s0 tclass=chr_file permissive=0
2026-03-30 20:41:49.168 25998-25998 gle.vp8.encoder         media.codec                          W  type=1400 audit(0.0:268101): avc: denied { getattr } for path="/dev/sw_sync" dev="tmpfs" ino=236 scontext=u:r:mediacodec:s0 tcontext=u:object_r:sw_sync_device:s0 tclass=chr_file permissive=0
2026-03-30 20:41:49.268 25998-25998 gle.vp8.encoder         media.codec                          W  type=1400 audit(0.0:268102): avc: denied { getattr } for path="/dev/sw_sync" dev="tmpfs" ino=236 scontext=u:r:mediacodec:s0 tcontext=u:object_r:sw_sync_device:s0 tclass=chr_file permissive=0
2026-03-30 20:41:49.368 25998-25998 gle.vp8.encoder         media.codec                          W  type=1400 audit(0.0:268103): avc: denied { getattr } for path="/dev/sw_sync" dev="tmpfs" ino=236 scontext=u:r:mediacodec:s0 tcontext=u:object_r:sw_sync_device:s0 tclass=chr_file permissive=0
2026-03-30 20:41:49.468 25998-25998 gle.vp8.encoder         media.codec                          W  type=1400 audit(0.0:268104): avc: denied { getattr } for path="/dev/sw_sync" dev="tmpfs" ino=236 scontext=u:r:mediacodec:s0 tcontext=u:object_r:sw_sync_device:s0 tclass=chr_file permissive=0
2026-03-30 20:41:50.115 25998-25998 gle.vp8.encoder         media.codec                          W  type=1400 audit(0.0:268105): avc: denied { getattr } for path="/dev/sw_sync" dev="tmpfs" ino=236 scontext=u:r:mediacodec:s0 tcontext=u:object_r:sw_sync_device:s0 tclass=chr_file permissive=0
2026-03-30 20:41:50.215 25998-25998 gle.vp8.encoder         media.codec                          W  type=1400 audit(0.0:268106): avc: denied { getattr } for path="/dev/sw_sync" dev="tmpfs" ino=236 scontext=u:r:mediacodec:s0 tcontext=u:object_r:sw_sync_device:s0 tclass=chr_file permissive=0
2026-03-30 20:41:50.315 25998-25998 gle.vp8.encoder         media.codec                          W  type=1400 audit(0.0:268107): avc: denied { getattr } for path="/dev/sw_sync" dev="tmpfs" ino=236 scontext=u:r:mediacodec:s0 tcontext=u:object_r:sw_sync_device:s0 tclass=chr_file permissive=0
2026-03-30 20:41:50.418 25998-25998 gle.vp8.encoder         media.codec                          W  type=1400 audit(0.0:268108): avc: denied { getattr } for path="/dev/sw_sync" dev="tmpfs" ino=236 scontext=u:r:mediacodec:s0 tcontext=u:object_r:sw_sync_device:s0 tclass=chr_file permissive=0
2026-03-30 20:41:50.518 25998-25998 gle.vp8.encoder         media.codec                          W  type=1400 audit(0.0:268109): avc: denied { getattr } for path="/dev/sw_sync" dev="tmpfs" ino=236 scontext=u:r:mediacodec:s0 tcontext=u:object_r:sw_sync_device:s0 tclass=chr_file permissive=0
2026-03-30 20:41:50.618 25998-25998 gle.vp8.encoder         media.codec                          W  type=1400 audit(0.0:268110): avc: denied { getattr } for path="/dev/sw_sync" dev="tmpfs" ino=236 scontext=u:r:mediacodec:s0 tcontext=u:object_r:sw_sync_device:s0 tclass=chr_file permissive=0
2026-03-30 20:41:50.718 25998-25998 gle.vp8.encoder         media.codec                          W  type=1400 audit(0.0:268111): avc: denied { getattr } for path="/dev/sw_sync" dev="tmpfs" ino=236 scontext=u:r:mediacodec:s0 tcontext=u:object_r:sw_sync_device:s0 tclass=chr_file permissive=0
2026-03-30 20:41:50.818 25998-25998 gle.vp8.encoder         media.codec                          W  type=1400 audit(0.0:268112): avc: denied { getattr } for path="/dev/sw_sync" dev="tmpfs" ino=236 scontext=u:r:mediacodec:s0 tcontext=u:object_r:sw_sync_device:s0 tclass=chr_file permissive=0
2026-03-30 20:41:50.918 25998-25998 gle.vp8.encoder         media.codec                          W  type=1400 audit(0.0:268113): avc: denied { getattr } for path="/dev/sw_sync" dev="tmpfs" ino=236 scontext=u:r:mediacodec:s0 tcontext=u:object_r:sw_sync_device:s0 tclass=chr_file permissive=0
2026-03-30 20:41:51.018 25998-25998 gle.vp8.encoder         media.codec                          W  type=1400 audit(0.0:268114): avc: denied { getattr } for path="/dev/sw_sync" dev="tmpfs" ino=236 scontext=u:r:mediacodec:s0 tcontext=u:object_r:sw_sync_device:s0 tclass=chr_file permissive=0
2026-03-30 20:41:51.118 25998-25998 gle.vp8.encoder         media.codec                          W  type=1400 audit(0.0:268115): avc: denied { getattr } for path="/dev/sw_sync" dev="tmpfs" ino=236 scontext=u:r:mediacodec:s0 tcontext=u:object_r:sw_sync_device:s0 tclass=chr_file permissive=0
2026-03-30 20:41:54.161 25998-25998 gle.vp8.encoder         media.codec                          W  type=1400 audit(0.0:268116): avc: denied { getattr } for path="/dev/sw_sync" dev="tmpfs" ino=236 scontext=u:r:mediacodec:s0 tcontext=u:object_r:sw_sync_device:s0 tclass=chr_file permissive=0
2026-03-30 20:41:54.215 25998-25998 gle.vp8.encoder         media.codec                          W  type=1400 audit(0.0:268117): avc: denied { getattr } for path="/dev/sw_sync" dev="tmpfs" ino=236 scontext=u:r:mediacodec:s0 tcontext=u:object_r:sw_sync_device:s0 tclass=chr_file permissive=0
2026-03-30 20:41:54.315 25998-25998 gle.vp8.encoder         media.codec                          W  type=1400 audit(0.0:268118): avc: denied { getattr } for path="/dev/sw_sync" dev="tmpfs" ino=236 scontext=u:r:mediacodec:s0 tcontext=u:object_r:sw_sync_device:s0 tclass=chr_file permissive=0
2026-03-30 20:41:54.418 25998-25998 gle.vp8.encoder         media.codec                          W  type=1400 audit(0.0:268119): avc: denied { getattr } for path="/dev/sw_sync" dev="tmpfs" ino=236 scontext=u:r:mediacodec:s0 tcontext=u:object_r:sw_sync_device:s0 tclass=chr_file permissive=0
2026-03-30 20:41:54.518 25998-25998 gle.vp8.encoder         media.codec                          W  type=1400 audit(0.0:268120): avc: denied { getattr } for path="/dev/sw_sync" dev="tmpfs" ino=236 scontext=u:r:mediacodec:s0 tcontext=u:object_r:sw_sync_device:s0 tclass=chr_file permissive=0
2026-03-30 20:41:54.618 25998-25998 gle.vp8.encoder         media.codec                          W  type=1400 audit(0.0:268121): avc: denied { getattr } for path="/dev/sw_sync" dev="tmpfs" ino=236 scontext=u:r:mediacodec:s0 tcontext=u:object_r:sw_sync_device:s0 tclass=chr_file permissive=0
2026-03-30 20:41:54.718 25998-25998 gle.vp8.encoder         media.codec                          W  type=1400 audit(0.0:268122): avc: denied { getattr } for path="/dev/sw_sync" dev="tmpfs" ino=236 scontext=u:r:mediacodec:s0 tcontext=u:object_r:sw_sync_device:s0 tclass=chr_file permissive=0
2026-03-30 20:41:54.818 25998-25998 gle.vp8.encoder         media.codec                          W  type=1400 audit(0.0:268123): avc: denied { getattr } for path="/dev/sw_sync" dev="tmpfs" ino=236 scontext=u:r:mediacodec:s0 tcontext=u:object_r:sw_sync_device:s0 tclass=chr_file permissive=0
2026-03-30 20:41:54.918 25998-25998 gle.vp8.encoder         media.codec                          W  type=1400 audit(0.0:268124): avc: denied { getattr } for path="/dev/sw_sync" dev="tmpfs" ino=236 scontext=u:r:mediacodec:s0 tcontext=u:object_r:sw_sync_device:s0 tclass=chr_file permissive=0
2026-03-30 20:41:55.018 25998-25998 gle.vp8.encoder         media.codec                          W  type=1400 audit(0.0:268125): avc: denied { getattr } for path="/dev/sw_sync" dev="tmpfs" ino=236 scontext=u:r:mediacodec:s0 tcontext=u:object_r:sw_sync_device:s0 tclass=chr_file permissive=0
