2026-03-25 13:54:05.083   335-31784 AudioSPELayer           and...re.audio@2.0-service-mediatek  D  [index 3] 0,0,0,0,0,0,0
2026-03-25 13:54:05.083   335-31784 AudioSPELayer           and...re.audio@2.0-service-mediatek  D  [index 4] 0,0,0,0,0,0,0
2026-03-25 13:54:05.083   335-31784 AudioSPELayer           and...re.audio@2.0-service-mediatek  D  [index 5] 0,0,0,0,0,0,0
2026-03-25 13:54:05.083   335-31784 AudioSPELayer           and...re.audio@2.0-service-mediatek  D  [index 6] 0,0,0,0,0,0,0
2026-03-25 13:54:05.083   335-31784 AudioSPELayer           and...re.audio@2.0-service-mediatek  D  [index 7] 0,0,0,0,0,0,0
2026-03-25 13:54:05.083   335-31784 AudioSPELayer           and...re.audio@2.0-service-mediatek  D  Using:Samplerate = 16000, FrameRate=20,MIC_DG=12, App_table=2, Fea_Cfg_table=1ff, MMI_table=fffffffd, Device_mode=2, MMI_MIC_GAIN=152
2026-03-25 13:54:05.083   335-31784 AudioSPELayer           and...re.audio@2.0-service-mediatek  D  Using:EnhanceParas
2026-03-25 13:54:05.083   335-31784 AudioSPELayer           and...re.audio@2.0-service-mediatek  D  [index 0] 192,224,2218,29,57351,24607,0
2026-03-25 13:54:05.083   335-31784 AudioSPELayer           and...re.audio@2.0-service-mediatek  D  [index 1] 4,276,197,611,0,13066,0
2026-03-25 13:54:05.083   335-31784 AudioSPELayer           and...re.audio@2.0-service-mediatek  D  [index 2] 0,0,0,0,0,0,0
2026-03-25 13:54:05.083   335-31784 AudioSPELayer           and...re.audio@2.0-service-mediatek  D  [index 3] 0,0,0,0,0,0,0
2026-03-25 13:54:05.083   335-31784 AudioSPELayer           and...re.audio@2.0-service-mediatek  D  [index 4] 0,0,0,0,0,0,0
2026-03-25 13:54:05.083   335-31784 AudioSPELayer           and...re.audio@2.0-service-mediatek  D  [index 5] 0,0,0,0,0,0,0
2026-03-25 13:54:05.083   335-31784 AudioSPELayer           and...re.audio@2.0-service-mediatek  D  [index 6] 0,0,0,0,0,0,0
2026-03-25 13:54:05.083   335-31784 AudioSPELayer           and...re.audio@2.0-service-mediatek  D  [index 7] 55997,31000,10752,32769,0,0,0
2026-03-25 13:54:05.083   335-31784 AudioSPELayer           and...re.audio@2.0-service-mediatek  D  Using:DMNRCalData
2026-03-25 13:54:05.083   335-31784 AudioSPELayer           and...re.audio@2.0-service-mediatek  D  [index 0] 0,0,0,0,0,0,0,0,0,0,0,0,0,0,0,0,0,0,0
2026-03-25 13:54:05.083   335-31784 AudioSPELayer           and...re.audio@2.0-service-mediatek  D  [index 1] 0,0,0,0,0,0,0,0,0,0,0,0,0,0,0,0,0,0,0
2026-03-25 13:54:05.083   335-31784 AudioSPELayer           and...re.audio@2.0-service-mediatek  D  [index 2] 0,0,0,0,0,0,0,0,0,0,0,0,0,0,0,0,0,0,0
2026-03-25 13:54:05.083   335-31784 AudioSPELayer           and...re.audio@2.0-service-mediatek  D  [index 3] 0,0,0,0,0,0,0,0,0,0,0,0,0,0,0,0,0,0,0
2026-03-25 13:54:05.084   335-31784 AudioSPELayer           and...re.audio@2.0-service-mediatek  D  mSph_Enh_ctrl.frame_rate 20
2026-03-25 13:54:05.084   335-31784 AudioSPELayer           and...re.audio@2.0-service-mediatek  D  mNsecPerSample=62500
2026-03-25 13:54:05.084   335-31784 AudioSPELayer           and...re.audio@2.0-service-mediatek  D  mSPEProcessBufSize=1280
2026-03-25 13:54:05.084   335-31784 AudioALSAC...DataClient and...re.audio@2.0-service-mediatek  D  -StartBesRecord()
2026-03-25 13:54:05.084   335-31784 AudioALSAC...DataClient and...re.audio@2.0-service-mediatek  D  IsLowLatencyCapture(), low_latency_on: 0, voip_on: 1
2026-03-25 13:54:05.084   335-31784 chatty                  and...re.audio@2.0-service-mediatek  I  uid=1041(audioserver) reader identical 2 lines
2026-03-25 13:54:05.084   335-31784 AudioALSAC...DataClient and...re.audio@2.0-service-mediatek  D  IsLowLatencyCapture(), low_latency_on: 0, voip_on: 1
2026-03-25 13:54:05.084   335-31784 AudioALSAC...DataClient and...re.audio@2.0-service-mediatek  D  sample rate = 16000, drop ms = 25, channels = 1, byts per sample = 2, dropBesRecordDataSize = 1280
2026-03-25 13:54:05.084   335-31784 AudioPreProcess         and...re.audio@2.0-service-mediatek  D  AudioPreProcess()+
2026-03-25 13:54:05.084   335-31784 AudioPreProcess         and...re.audio@2.0-service-mediatek  D  AudioPreProcess()-
2026-03-25 13:54:05.084   335-31784 AudioALSAC...oviderBase and...re.audio@2.0-service-mediatek  D  configStreamAttribute(), audio_mode: 0 => 0, input_device: 0x80000004 => 0x80000004, flag: 0x0 => 0x0, input_source: 7->7
2026-03-25 13:54:05.084   335-31784 AudioALSAC...oviderBase and...re.audio@2.0-service-mediatek  D  attach(), 0xaf61e400, mCaptureDataClientVector.size()=0, Identity=0xb0a7d980
2026-03-25 13:54:05.084   335-31784 AudioALSADeviceParser   and...re.audio@2.0-service-mediatek  D  compare pcm success = 1, stringpair = MultiMedia1_Capture
2026-03-25 13:54:05.084   335-31784 AudioALSAC...iderNormal and...re.audio@2.0-service-mediatek  D  open(+), audiomode=0, cardindex = 0, pcmindex = 1
2026-03-25 13:54:05.085   364-374   HWComposer              surfaceflinger                       W  Ignoring duplicate VSYNC event from HWC (t=0)
2026-03-25 13:54:05.087   335-31784 AudioSpeechEnhanceInfo  and...re.audio@2.0-service-mediatek  D  GetHifiRecord, mHiFiRecordEnable=0
2026-03-25 13:54:05.087   335-31784 AudioALSAC...iderNormal and...re.audio@2.0-service-mediatek  D  buffersizemax: 49152, bHifiRecord: 0, btempDebug: 0
2026-03-25 13:54:05.087   335-31784 AudioALSAC...DataClient and...re.audio@2.0-service-mediatek  D  IsLowLatencyCapture(), low_latency_on: 0, voip_on: 1
2026-03-25 13:54:05.087   335-31784 AudioALSAC...iderNormal and...re.audio@2.0-service-mediatek  D  mConfig format: 1, channels: 2, rate: 48000, period_size: 960, period_count: 6, latency: 20, kReadBufferSize: 7680, mCaptureDropSize: 0
2026-03-25 13:54:05.087   335-31784 AudioALSADeviceParser   and...re.audio@2.0-service-mediatek  D  compare pcm success = 1, stringpair = MultiMedia1_Capture
2026-03-25 13:54:05.089   335-31784 AudioALSAH...rceManager and...re.audio@2.0-service-mediatek  D  +startInputDevice(), new_device = 0x80000004, mInputDevice = 0x0, mStartInputDeviceCount = 0, mMicInverse = 0, mNumPhoneMicSupport = 2
2026-03-25 13:54:05.089   335-31784 AudioALSAD...figManager and...re.audio@2.0-service-mediatek  D  ApplyDeviceSettingByName() DeviceName = Mic1TypeACCMode descriptor->DeviceStatusCounter = 0
2026-03-25 13:54:05.089   335-31784 AudioALSAD...figManager and...re.audio@2.0-service-mediatek  D  ApplyDeviceSettingByName() DeviceName = Mic2TypeACCMode descriptor->DeviceStatusCounter = 0
2026-03-25 13:54:05.089   335-31784 AudioUtility            and...re.audio@2.0-service-mediatek  D  IsAudioSupportFeature AUDIO_SUPPORT_DMIC bSupportFlg[0]
2026-03-25 13:54:05.089   335-31784 AudioALSAD...figManager and...re.audio@2.0-service-mediatek  D  ApplyDeviceTurnonSequenceByName() DeviceName = builtin_Mic_DualMic descriptor->DeviceStatusCounte = 0
2026-03-25 13:54:05.089   335-31784 AudioALSAC...iderNormal and...re.audio@2.0-service-mediatek  D  open(-)
2026-03-25 13:54:05.090   335-31784 AudioSPELayer           and...re.audio@2.0-service-mediatek  D  SetUPLinkDropTime, 0
2026-03-25 13:54:05.090   335-31784 AudioALSAC...DataClient and...re.audio@2.0-service-mediatek  D  sample_rate: 48000 => 16000, num_channels: 2 => 2, audio_format: 0x4 => 0x1
2026-03-25 13:54:05.090   335-31784 MtkAudioSrc             and...re.audio@2.0-service-mediatek  D  open(), SR 48000, CH 2; out SR 16000, CH 2; format 0, mState = 2
2026-03-25 13:54:05.090   335-31784 AudioALSAC...DataClient and...re.audio@2.0-service-mediatek  D  CheckNeedBesRecordSRC(), mStreamAttributeSource->sample_rate=48000, mStreamAttributeSource->num_channels=2, mStreamAttributeTarget->sample_rate=16000,mStreamAttributeTarget->num_channels=1, BesRecord_usingsamplerate=16000
2026-03-25 13:54:05.090   335-31784 MtkAudioSrc             and...re.audio@2.0-service-mediatek  D  open(), SR 48000, CH 2; out SR 16000, CH 2; format 0, mState = 2
2026-03-25 13:54:05.090   335-31784 AudioALSAC...DataClient and...re.audio@2.0-service-mediatek  D  CheckNeedBesRecordSRC(), 1, 16000, mBesRecSRCSizeFactor=1
2026-03-25 13:54:05.090   335-31784 AudioALSAC...DataClient and...re.audio@2.0-service-mediatek  D  CheckChannelRemixOp(), ch 2->1 (mBesRecordStereoMode = 0, BesRecord enable = 1), ChannelRemixOp = 4
2026-03-25 13:54:05.090   335-31784 AudioALSAC...DataClient and...re.audio@2.0-service-mediatek  D  +AddEchoRefDataProvider()
2026-03-25 13:54:05.090   335-31784 AudioALSAC...DataClient and...re.audio@2.0-service-mediatek  D  AddEchoRefDataProvider(), mCaptureDataProviderEchoRef=0xaf61e680
2026-03-25 13:54:05.090   335-31784 AudioALSAC...oviderBase and...re.audio@2.0-service-mediatek  D  attach(), 0xaf61e680, mCaptureDataClientVector.size()=0, Identity=0xb0a7d980
2026-03-25 13:54:05.090   335-31784 AudioALSAC...derEchoRef and...re.audio@2.0-service-mediatek  D  open()
2026-03-25 13:54:05.090   335-31784 AudioALSAC...DataClient and...re.audio@2.0-service-mediatek  D  IsLowLatencyCapture(), low_latency_on: 0, voip_on: 1
2026-03-25 13:54:05.090   335-31784 AudioALSAC...derEchoRef and...re.audio@2.0-service-mediatek  D  open(), audio_format = 1, audio_channel_mask=c, num_channels=2, sample_rate=48000, buf_total_latency=120ms
2026-03-25 13:54:05.090   335-31784 AudioALSAC...derEchoRef and...re.audio@2.0-service-mediatek  D  open(), format = 0, channels=2, rate=48000, period_size=240, period_count=24,latency=5,kReadBufferSize=960
2026-03-25 13:54:05.091   335-31784 AudioALSADeviceParser   and...re.audio@2.0-service-mediatek  D  compare pcm success = 9, stringpair = DL1_AWB_Record
2026-03-25 13:54:05.091   335-16239 AudioALSAStreamOut      and...re.audio@2.0-service-mediatek  D  +setParameters(): flag 6, volumeDevice=2;volumeIndex=13;volumeStreamType=8
2026-03-25 13:54:05.091   335-31784 MtkAudioSrc             and...re.audio@2.0-service-mediatek  D  open(), SR 48000, CH 2; out SR 16000, CH 2; format 0, mState = 2
2026-03-25 13:54:05.091   335-31784 MtkAudioSrc             and...re.audio@2.0-service-mediatek  D  open(), SR 16000, CH 2; out SR 16000, CH 1; format 0, mState = 2
2026-03-25 13:54:05.091   335-31784 AudioSPELayer           and...re.audio@2.0-service-mediatek  D  SetDownLinkLatencyTime, 120
2026-03-25 13:54:05.091   335-16239 AudioMTKGainController  and...re.audio@2.0-service-mediatek  D  setNormalVolume(), mSceneIndex = 0, stream 8, devices 0x2, index 13, mode 0x0
2026-03-25 13:54:05.091   335-16239 AudioMTKGainController  and...re.audio@2.0-service-mediatek  D  setSpeakerGain(), gain = 8, spkAnaType = 3, spkLMixerName = Lineout_PGAL_GAIN, spkRMixerName = Lineout_PGAR_GAIN
2026-03-25 13:54:05.105   335-31789 AudioALSAC...DataClient and...re.audio@2.0-service-mediatek  D  IsLowLatencyCapture(), low_latency_on: 0, voip_on: 1
2026-03-25 13:54:05.106   335-31789 AudioALSAC...iderNormal and...re.audio@2.0-service-mediatek  D  +readThread(), pid: 335, tid: 31789, kReadBufferSize=0x1e00, open_index=107, UPLINK_SET_AMICDCC_BUFFER_TIME_MS = 80, counter=1 
2026-03-25 13:54:05.106   335-31790 AudioALSAC...DataClient and...re.audio@2.0-service-mediatek  D  IsLowLatencyCapture(), low_latency_on: 0, voip_on: 1
2026-03-25 13:54:05.106   335-31790 AudioALSAC...derEchoRef and...re.audio@2.0-service-mediatek  D  +readThread(), pid: 335, tid: 31790, kReadBufferSize=3c0
2026-03-25 13:54:05.108   364-374   HWComposer              surfaceflinger                       W  Ignoring duplicate VSYNC event from HWC (t=0)
2026-03-25 13:54:05.108   335-31784 AudioALSAC...DataClient and...re.audio@2.0-service-mediatek  D  readthread all ready! pcm start
2026-03-25 13:54:05.108   335-31784 AudioSPELayer           and...re.audio@2.0-service-mediatek  D  resync the latency delay time
2026-03-25 13:54:05.109   335-31784 AudioALSAC...DataClient and...re.audio@2.0-service-mediatek  D  AddEchoRefDataProvider(), Source sample_rate=48000, num_channels=2, audio_format=1
2026-03-25 13:54:05.109   335-31784 AudioALSAC...DataClient and...re.audio@2.0-service-mediatek  D  AddEchoRefDataProvider(), Target sample_rate=16000, num_channels=2, audio_format=1
2026-03-25 13:54:05.109   335-31784 AudioALSAC...DataClient and...re.audio@2.0-service-mediatek  D  -AddEchoRefDataProvider()
2026-03-25 13:54:05.109   335-31784 AudioALSAC...HandlerAEC and...re.audio@2.0-service-mediatek  D  -open()
2026-03-25 13:54:05.110   404-404   gle.vp8.encoder         media.codec                          W  type=1400 audit(0.0:31322): avc: denied { getattr } for path="/dev/sw_sync" dev="tmpfs" ino=236 scontext=u:r:mediacodec:s0 tcontext=u:object_r:sw_sync_device:s0 tclass=chr_file permissive=0
2026-03-25 13:54:05.121   335-31790 AudioALSAC...oviderBase and...re.audio@2.0-service-mediatek  D  pcm_start
2026-03-25 13:54:05.121 30781-30819 [FloorCtrl]             com.reedersystems.commandcomms       D  Floor GRANTED but PTT already released — ignoring
2026-03-25 13:54:05.122 30781-30819 [RadioSigGW]            com.reedersystems.commandcomms       D  releaseFloor channelKey=DISPATCH__DISPATCH
2026-03-25 13:54:05.122 30781-30819 [PTT-DIAG]              com.reedersystems.commandcomms       D  emitRadioTxStop DISPATCH__DISPATCH
2026-03-25 13:54:05.122 30781-30819 [RadioState]            com.reedersystems.commandcomms       D  State transition: TRANSMITTING -> IDLE
2026-03-25 13:54:05.124   335-31789 AudioALSAC...oviderBase and...re.audio@2.0-service-mediatek  D  pcm_start
2026-03-25 13:54:05.131   364-374   HWComposer              surfaceflinger                       W  Ignoring duplicate VSYNC event from HWC (t=0)
2026-03-25 13:54:05.137   404-404   gle.vp8.encoder         media.codec                          W  type=1400 audit(0.0:31323): avc: denied { getattr } for path="/dev/sw_sync" dev="tmpfs" ino=236 scontext=u:r:mediacodec:s0 tcontext=u:object_r:sw_sync_device:s0 tclass=chr_file permissive=0
2026-03-25 13:54:05.146   351-532   hwcomposer              and...graphics.composer@2.1-service  W  [JOB] (2) copyvds is ture but vir buffer format is not HAL_PIXEL_FORMAT_YV12  
2026-03-25 13:54:05.155   364-374   HWComposer              surfaceflinger                       W  Ignoring duplicate VSYNC event from HWC (t=0)
2026-03-25 13:54:05.157   404-404   gle.vp8.encoder         media.codec                          W  type=1400 audit(0.0:31324): avc: denied { getattr } for path="/dev/sw_sync" dev="tmpfs" ino=236 scontext=u:r:mediacodec:s0 tcontext=u:object_r:sw_sync_device:s0 tclass=chr_file permissive=0
2026-03-25 13:54:05.165   335-31789 AudioSPELayer           and...re.audio@2.0-service-mediatek  D  PrepareProcessData+
2026-03-25 13:54:05.165   335-31789 AudioSPELayer           and...re.audio@2.0-service-mediatek  D  mDLInBufferQ i=0, length=160, 0xaf604c20, Sec=21475, NSec=453691774
2026-03-25 13:54:05.166   335-31789 AudioSPELayer           and...re.audio@2.0-service-mediatek  D  mDLInBufferQ i=1, length=160, 0xaf604cc0, Sec=21475, NSec=458700338
2026-03-25 13:54:05.166   335-31789 AudioSPELayer           and...re.audio@2.0-service-mediatek  D  mDLInBufferQ i=2, length=160, 0xaf604d60, Sec=21475, NSec=463668363
2026-03-25 13:54:05.166   335-31789 AudioSPELayer           and...re.audio@2.0-service-mediatek  D  mDLInBufferQ i=3, length=160, 0xaf604ea0, Sec=21475, NSec=468682550
2026-03-25 13:54:05.166   335-31789 AudioSPELayer           and...re.audio@2.0-service-mediatek  D  mDLInBufferQ i=4, length=160, 0xaf604f40, Sec=21475, NSec=473691663
2026-03-25 13:54:05.166   335-31789 AudioSPELayer           and...re.audio@2.0-service-mediatek  D  mDLInBufferQ i=5, length=160, 0xaf604fe0, Sec=21475, NSec=478676988
2026-03-25 13:54:05.166   335-31789 AudioSPELayer           and...re.audio@2.0-service-mediatek  D  PrepareProcessData, time_stamp_estimate, mULInBufferQ[0].sec=21475, mULInBufferQ[0].nsec=468315884
2026-03-25 13:54:05.166   364-846   BufferQueueProducer     surfaceflinger                       I  [com.reedersystems.commandcomms/com.reedersystems.commandcomms.MainActivity#0](this:0xa54ff000,id:170,api:1,p:30781,c:364) queueBuffer: fps=2.91 dur=1030.05 max=837.54 min=8.65
2026-03-25 13:54:05.166   335-31789 AudioSPELayer           and...re.audio@2.0-service-mediatek  D  PrepareProcessData, time_stamp_estimate, mDLInBufferQ[0].sec=21475, mDLInBufferQ[0].nsec=453691774
2026-03-25 13:54:05.166   335-31789 AudioSPELayer           and...re.audio@2.0-service-mediatek  D  TimeStampCompare, bRet=1
2026-03-25 13:54:05.166   335-31789 AudioSPELayer           and...re.audio@2.0-service-mediatek  D  TimeStampCompare, bRet=1
2026-03-25 13:54:05.166   335-31789 AudioSPELayer           and...re.audio@2.0-service-mediatek  D  PrepareProcessData, 1 drop DL Delay data droplength=160, mDLDelayBufferQ.size()=6, mDLDelayBufferQ[0]->BufLen4Delay=160!!!
2026-03-25 13:54:05.166   335-31789 AudioSPELayer           and...re.audio@2.0-service-mediatek  D  TimeStampCompare, bRet=1
2026-03-25 13:54:05.166   335-31789 AudioSPELayer           and...re.audio@2.0-service-mediatek  D  PrepareProcessData, 1 drop DL Delay data droplength=160, mDLDelayBufferQ.size()=5, mDLDelayBufferQ[0]->BufLen4Delay=160!!!
2026-03-25 13:54:05.166   335-31789 AudioSPELayer           and...re.audio@2.0-service-mediatek  D  TimeStampCompare, bRet=0
2026-03-25 13:54:05.166   335-31789 AudioSPELayer           and...re.audio@2.0-service-mediatek  D  TimeStampCompare, bRet=1
2026-03-25 13:54:05.166   335-31789 AudioSPELayer           and...re.audio@2.0-service-mediatek  D  PrepareProcessData, calculate drop downlink data time
2026-03-25 13:54:05.166   335-31789 AudioSPELayer           and...re.audio@2.0-service-mediatek  D  PrepareProcessData, bULlate 1, deltaSec=0, deltaNSec=4647521
2026-03-25 13:54:05.166   335-31789 AudioSPELayer           and...re.audio@2.0-service-mediatek  D  PrepareProcessData, diffnsec 4647521, diffSample=74, diffBufLength=148
2026-03-25 13:54:05.166   335-31789 AudioSPELayer           and...re.audio@2.0-service-mediatek  D  PrepareProcessData, drop DL data diffBufLength=148, mDLInBufferQ.size()=4, mDLInBufferQ[0]->BufLen=160!!!
2026-03-25 13:54:05.166   335-31789 AudioSPELayer           and...re.audio@2.0-service-mediatek  D  PrepareProcessData, mDLInBufferQ[0]->pRead=0xaf604d60 , mDLInBufferQ[0]->BufLen=160, sec 21475, nsec 463668363
2026-03-25 13:54:05.166   335-31789 AudioSPELayer           and...re.audio@2.0-service-mediatek  D  PrepareProcessData, after mDLInBufferQ[0]->pRead=0xaf604df4, mDLInBufferQ[0]->BufLen=12, updatensecdiff=4625000, sec=21475, nsec=468293363
2026-03-25 13:54:05.166   335-31789 AudioSPELayer           and...re.audio@2.0-service-mediatek  D  PrepareProcessData, drop DL Delay data droplength=148, mDLDelayBufferQ.size()=4, mDLDelayBufferQ[0]->BufLen4Delay=160!!!
2026-03-25 13:54:05.166   335-31789 AudioSPELayer           and...re.audio@2.0-service-mediatek  D  PrepareProcessData, mDLDelayBufferQ[0]->pRead=0xaf604d60
2026-03-25 13:54:05.166   335-31789 AudioSPELayer           and...re.audio@2.0-service-mediatek  D  PrepareProcessData, after mDLDelayBufferQ[0]->pRead=0xaf604df4, mDLDelayBufferQ[0]->BufLen=12
2026-03-25 13:54:05.166   335-31789 AudioSPELayer           and...re.audio@2.0-service-mediatek  D  PrepareProcessData, finish, mDLInBufferQ.size = 4, mDLInBufQLenTotal=492, mULInBufferQ.size = 1, mULInBufQLenTotal=1280
2026-03-25 13:54:05.166   335-31789 AudioSPELayer           and...re.audio@2.0-service-mediatek  D  PrepareProcessData, finish, mDLInBufferQ[0]->pRead=0xaf604df4 , mDLInBufferQ[0]->BufLen=12, sec = 21475, nsec = 468293363
2026-03-25 13:54:05.166   335-31789 AudioSPELayer           and...re.audio@2.0-service-mediatek  D  PrepareProcessData, finish, mULInBufferQ[0]->pRead=0xb0a05300 , mULInBufferQ[0]->BufLen=1280, sec = 21475, nsec = 468315884
2026-03-25 13:54:05.166   335-31789 AudioSPELayer           and...re.audio@2.0-service-mediatek  D  PrepareProcessData, adjust downlink data mLatencyDir=0,mLatencySampleCount=64
2026-03-25 13:54:05.166   335-31789 AudioSPELayer           and...re.audio@2.0-service-mediatek  D  adjust downlink data drop DL data diffBufLength=0, mDLInBufferQ.size()=4, mDLInBufferQ[0]->BufLen=12!!!
2026-03-25 13:54:05.166   335-31789 AudioSPELayer           and...re.audio@2.0-service-mediatek  D  adjust downlink data drop DL Delay data droplength=12, mDLDelayBufferQ.size()=4, mDLDelayBufferQ[0]->BufLen4Delay=12!!!
2026-03-25 13:54:05.166   335-31789 AudioSPELayer           and...re.audio@2.0-service-mediatek  D  adjust downlink data drop DL data diffBufLength=0, mDLInBufferQ.size()=3, mDLInBufferQ[0]->BufLen=160!!!
2026-03-25 13:54:05.166   335-31789 AudioSPELayer           and...re.audio@2.0-service-mediatek  D  adjust downlink data mDLInBufferQ[0]->pRead=0xaf604ea0 , mDLInBufferQ[0]->BufLen=160, sec 21475, nsec 468682550
2026-03-25 13:54:05.166   335-31789 AudioSPELayer           and...re.audio@2.0-service-mediatek  D  adjust downlink data after mDLInBufferQ[0]->pRead=0xaf604f14, mDLInBufferQ[0]->BufLen=44, updatensecdiff=3625000, sec=21475, nsec=472307550
2026-03-25 13:54:05.167   335-31789 AudioSPELayer           and...re.audio@2.0-service-mediatek  D  adjust downlink data drop DL Delay data droplength=116, mDLDelayBufferQ.size()=3, mDLDelayBufferQ[0]->BufLen4Delay=160!!!
2026-03-25 13:54:05.167   335-31789 AudioSPELayer           and...re.audio@2.0-service-mediatek  D  adjust downlink data mDLDelayBufferQ[0]->pRead=0xaf604ea0
2026-03-25 13:54:05.167   335-31789 AudioSPELayer           and...re.audio@2.0-service-mediatek  D  adjust downlink data after mDLDelayBufferQ[0]->pRead=0xaf604f14, mDLDelayBufferQ[0]->BufLen=44
2026-03-25 13:54:05.167 30781-30781 [PTT-DIAG]              com.reedersystems.commandcomms       D  RadioState updated: IDLE
2026-03-25 13:54:05.180   364-374   HWComposer              surfaceflinger                       W  Ignoring duplicate VSYNC event from HWC (t=0)
2026-03-25 13:54:05.185   351-532   hwcomposer              and...graphics.composer@2.1-service  W  [JOB] (2) copyvds is ture but vir buffer format is not HAL_PIXEL_FORMAT_YV12  
2026-03-25 13:54:05.201   364-374   HWComposer              surfaceflinger                       W  Ignoring duplicate VSYNC event from HWC (t=0)
2026-03-25 13:54:05.203   351-532   hwcomposer              and...graphics.composer@2.1-service  W  [JOB] (2) copyvds is ture but vir buffer format is not HAL_PIXEL_FORMAT_YV12  
2026-03-25 13:54:05.220   404-404   gle.vp8.encoder         media.codec                          W  type=1400 audit(0.0:31325): avc: denied { getattr } for path="/dev/sw_sync" dev="tmpfs" ino=236 scontext=u:r:mediacodec:s0 tcontext=u:object_r:sw_sync_device:s0 tclass=chr_file permissive=0
2026-03-25 13:54:05.225   364-374   HWComposer              surfaceflinger                       W  Ignoring duplicate VSYNC event from HWC (t=0)
2026-03-25 13:54:05.232   351-532   hwcomposer              and...graphics.composer@2.1-service  W  [JOB] (2) copyvds is ture but vir buffer format is not HAL_PIXEL_FORMAT_YV12  
2026-03-25 13:54:05.241   355-355   NxpFwDnld               vendor.nxp.nxpnfc@1.0-service        D  Allocating Mem for Dnld Context..
2026-03-25 13:54:05.241   355-355   NxpHal                  vendor.nxp.nxpnfc@1.0-service        D  Calling Seq handler for FW Download 
2026-03-25 13:54:05.241   355-355   NxpExtns                vendor.nxp.nxpnfc@1.0-service        D  find found NXP_FW_NAME=libpn553_fw.so
2026-03-25 13:54:05.246   355-355   NxpFwDnld               vendor.nxp.nxpnfc@1.0-service        D  @@@/system/vendor/firmware/libpn553_fw.so
2026-03-25 13:54:05.246   355-355   NxpFwDnld               vendor.nxp.nxpnfc@1.0-service        E  FW Image Length - ImageInfoLen 34358
2026-03-25 13:54:05.246   355-355   NxpFwDnld               vendor.nxp.nxpnfc@1.0-service        E  FW Image Info Pointer - pImageInfo 0xa955e2d0
2026-03-25 13:54:05.246   355-355   NxpFwDnld               vendor.nxp.nxpnfc@1.0-service        E  FW Major Version Num - 1
2026-03-25 13:54:05.246   355-355   NxpFwDnld               vendor.nxp.nxpnfc@1.0-service        E  FW Minor Version Num - 16
2026-03-25 13:54:05.246   355-355   NxpFwDnld               vendor.nxp.nxpnfc@1.0-service        E  FW Image Length - 34358
2026-03-25 13:54:05.246   355-355   NxpFwDnld               vendor.nxp.nxpnfc@1.0-service        E  FW Image Info Pointer - 0xa955e2d0
2026-03-25 13:54:05.246   355-355   NxpFwDnld               vendor.nxp.nxpnfc@1.0-service        D  phDnldNfc_InitImgInfo:SUCCESS
2026-03-25 13:54:05.246   355-355   NxpFwDnld               vendor.nxp.nxpnfc@1.0-service        D  Processing R/W Sequence..
2026-03-25 13:54:05.247   355-355   NxpFwDnld               vendor.nxp.nxpnfc@1.0-service        D  Response Timer Created Successfully
2026-03-25 13:54:05.247   355-355   NxpFwDnld               vendor.nxp.nxpnfc@1.0-service        D  Inserting FrameId ..
2026-03-25 13:54:05.247   355-355   NxpFwDnld               vendor.nxp.nxpnfc@1.0-service        D  Frame created successfully
2026-03-25 13:54:05.247   355-355   NxpFwDnld               vendor.nxp.nxpnfc@1.0-service        D  Force Command Request submitted successfully
2026-03-25 13:54:05.247   355-1634  NxpTml                  vendor.nxp.nxpnfc@1.0-service        D  PN54X - Write requested.....
2026-03-25 13:54:05.247   355-1634  NxpTml                  vendor.nxp.nxpnfc@1.0-service        D  PN54X - Invoking I2C Write.....
2026-03-25 13:54:05.248   364-374   HWComposer              surfaceflinger                       W  Ignoring duplicate VSYNC event from HWC (t=0)
2026-03-25 13:54:05.250   404-404   gle.vp8.encoder         media.codec                          W  type=1400 audit(0.0:31326): avc: denied { getattr } for path="/dev/sw_sync" dev="tmpfs" ino=236 scontext=u:r:mediacodec:s0 tcontext=u:object_r:sw_sync_device:s0 tclass=chr_file permissive=0
2026-03-25 13:54:05.265 30781-30821 AudioTrack              com.reedersystems.commandcomms       D  stop(): 0x8d7f9780, mState = 0
2026-03-25 13:54:05.267 30781-30821 AudioTrack              com.reedersystems.commandcomms       D  audiotrack 0x8d7f9780 stop done
2026-03-25 13:54:05.267 30781-30821 AudioTrack              com.reedersystems.commandcomms       D  stop(): 0x8d7f9780, mState = 1
2026-03-25 13:54:05.268   757-3126  MediaRouterService      system_server                        V  restoreBluetoothA2dp(false)
2026-03-25 13:54:05.269 30781-30821 AudioTrack              com.reedersystems.commandcomms       D  ~AudioTrack(): 0x8d7f9780
2026-03-25 13:54:05.269   355-1634  NxpTml                  vendor.nxp.nxpnfc@1.0-service        E  _i2c_write() errno : 5
2026-03-25 13:54:05.269 30781-30821 AudioTrack              com.reedersystems.commandcomms       D  stop(): 0x8d7f9780, mState = 1
2026-03-25 13:54:05.269   355-1634  NxpHal                  vendor.nxp.nxpnfc@1.0-service        E  PN54X - Error in I2C Write  - Retry 0x1
2026-03-25 13:54:05.271   364-374   HWComposer              surfaceflinger                       W  Ignoring duplicate VSYNC event from HWC (t=0)
2026-03-25 13:54:05.273   757-848   DuraSpeed/...eedService system_server                        D  [onPlaybackConfigChanged], play music packageNames:[]
2026-03-25 13:54:05.280   355-1634  NxpTml                  vendor.nxp.nxpnfc@1.0-service        D  PN54X - Invoking I2C Write.....
2026-03-25 13:54:05.283   404-404   gle.vp8.encoder         media.codec                          W  type=1400 audit(0.0:31327): avc: denied { getattr } for path="/dev/sw_sync" dev="tmpfs" ino=236 scontext=u:r:mediacodec:s0 tcontext=u:object_r:sw_sync_device:s0 tclass=chr_file permissive=0
2026-03-25 13:54:05.298   364-374   HWComposer              surfaceflinger                       W  Ignoring duplicate VSYNC event from HWC (t=0)
2026-03-25 13:54:05.301   355-1634  NxpTml                  vendor.nxp.nxpnfc@1.0-service        E  _i2c_write() errno : 5
2026-03-25 13:54:05.301   355-1634  NxpHal                  vendor.nxp.nxpnfc@1.0-service        E  PN54X - Error in I2C Write  - Retry 0x2
2026-03-25 13:54:05.311   355-1634  NxpTml                  vendor.nxp.nxpnfc@1.0-service        D  PN54X - Invoking I2C Write.....
2026-03-25 13:54:05.321 30781-31756 [FloorCtrl]             com.reedersystems.commandcomms       D  Channel idle
2026-03-25 13:54:05.321   364-374   HWComposer              surfaceflinger                       W  Ignoring duplicate VSYNC event from HWC (t=0)
2026-03-25 13:54:05.321 30781-31756 [AudioPlay]             com.reedersystems.commandcomms       D  AudioPlayback stopped
2026-03-25 13:54:05.321 30781-31756 [JitterBuf]             com.reedersystems.commandcomms       D  JitterBuffer stopped
2026-03-25 13:54:05.321 30781-31756 [RadioEngine]           com.reedersystems.commandcomms       D  RX stopped
2026-03-25 13:54:05.332   355-1634  NxpTml                  vendor.nxp.nxpnfc@1.0-service        E  _i2c_write() errno : 5
2026-03-25 13:54:05.333   355-1634  NxpHal                  vendor.nxp.nxpnfc@1.0-service        E  PN54X - Error in I2C Write  - Retry 0x3
2026-03-25 13:54:05.333   404-404   gle.vp8.encoder         media.codec                          W  type=1400 audit(0.0:31328): avc: denied { getattr } for path="/dev/sw_sync" dev="tmpfs" ino=236 scontext=u:r:mediacodec:s0 tcontext=u:object_r:sw_sync_device:s0 tclass=chr_file permissive=0
2026-03-25 13:54:05.343   355-1634  NxpTml                  vendor.nxp.nxpnfc@1.0-service        D  PN54X - Invoking I2C Write.....
2026-03-25 13:54:05.345   364-374   HWComposer              surfaceflinger                       W  Ignoring duplicate VSYNC event from HWC (t=0)
2026-03-25 13:54:05.354   387-527   APM_AudioPolicyManager  audioserver                          D  stopOutput() output 13, stream 8, session 2233
2026-03-25 13:54:05.355   387-527   APM::Audio...Descriptor audioserver                          V  changeRefCount() stream 8, count 0
2026-03-25 13:54:05.362   355-1634  NxpTml                  vendor.nxp.nxpnfc@1.0-service        E  _i2c_write() errno : 5
2026-03-25 13:54:05.362   355-1634  NxpTml                  vendor.nxp.nxpnfc@1.0-service        E  PN54X - Error in I2C Write.....
2026-03-25 13:54:05.362   355-1634  NxpTml                  vendor.nxp.nxpnfc@1.0-service        D  PN54X - Posting Fresh Write message.....
2026-03-25 13:54:05.362   355-1634  NxpTml                  vendor.nxp.nxpnfc@1.0-service        D  PN54X - Tml Writer Thread Running................
2026-03-25 13:54:05.362   355-1636  NxpFwDnld               vendor.nxp.nxpnfc@1.0-service        E  Tml Write error!!
2026-03-25 13:54:05.362   355-1636  NxpFwDnld               vendor.nxp.nxpnfc@1.0-service        E  phNxpNciHal_fw_dnld_normal_cb - Request Failed!!
2026-03-25 13:54:05.363   355-355   NxpFwDnld               vendor.nxp.nxpnfc@1.0-service        D  Processing R/W Sequence..
2026-03-25 13:54:05.363   355-355   NxpFwDnld               vendor.nxp.nxpnfc@1.0-service        D  Response Timer Created Successfully
2026-03-25 13:54:05.363   355-355   NxpFwDnld               vendor.nxp.nxpnfc@1.0-service        D  Inserting FrameId ..
2026-03-25 13:54:05.363   355-355   NxpFwDnld               vendor.nxp.nxpnfc@1.0-service        D  Frame created successfully
2026-03-25 13:54:05.363   355-355   NxpFwDnld               vendor.nxp.nxpnfc@1.0-service        D  Force Command Request submitted successfully
2026-03-25 13:54:05.363   355-1634  NxpTml                  vendor.nxp.nxpnfc@1.0-service        D  PN54X - Write requested.....
2026-03-25 13:54:05.363   355-1634  NxpTml                  vendor.nxp.nxpnfc@1.0-service        D  PN54X - Invoking I2C Write.....
2026-03-25 13:54:05.368   364-374   HWComposer              surfaceflinger                       W  Ignoring duplicate VSYNC event from HWC (t=0)
2026-03-25 13:54:05.383   355-1634  NxpTml                  vendor.nxp.nxpnfc@1.0-service        E  _i2c_write() errno : 5
2026-03-25 13:54:05.383   355-1634  NxpHal                  vendor.nxp.nxpnfc@1.0-service        E  PN54X - Error in I2C Write  - Retry 0x1
2026-03-25 13:54:05.391   364-374   HWComposer              surfaceflinger                       W  Ignoring duplicate VSYNC event from HWC (t=0)
2026-03-25 13:54:05.393   355-1634  NxpTml                  vendor.nxp.nxpnfc@1.0-service        D  PN54X - Invoking I2C Write.....
2026-03-25 13:54:05.398   387-31781 AudioFlinger_Threads    audioserver                          W  RecordThread: buffer overflow
2026-03-25 13:54:05.413   355-1634  NxpTml                  vendor.nxp.nxpnfc@1.0-service        E  _i2c_write() errno : 5
2026-03-25 13:54:05.413   355-1634  NxpHal                  vendor.nxp.nxpnfc@1.0-service        E  PN54X - Error in I2C Write  - Retry 0x2
2026-03-25 13:54:05.414   364-374   HWComposer              surfaceflinger                       W  Ignoring duplicate VSYNC event from HWC (t=0)
2026-03-25 13:54:05.423   355-1634  NxpTml                  vendor.nxp.nxpnfc@1.0-service        D  PN54X - Invoking I2C Write.....
2026-03-25 13:54:05.433   404-404   gle.vp8.encoder         media.codec                          W  type=1400 audit(0.0:31329): avc: denied { getattr } for path="/dev/sw_sync" dev="tmpfs" ino=236 scontext=u:r:mediacodec:s0 tcontext=u:object_r:sw_sync_device:s0 tclass=chr_file permissive=0
2026-03-25 13:54:05.438   364-374   HWComposer              surfaceflinger                       W  Ignoring duplicate VSYNC event from HWC (t=0)
2026-03-25 13:54:05.442   355-1634  NxpTml                  vendor.nxp.nxpnfc@1.0-service        E  _i2c_write() errno : 5
2026-03-25 13:54:05.442   355-1634  NxpHal                  vendor.nxp.nxpnfc@1.0-service        E  PN54X - Error in I2C Write  - Retry 0x3
2026-03-25 13:54:05.452   355-1634  NxpTml                  vendor.nxp.nxpnfc@1.0-service        D  PN54X - Invoking I2C Write.....
2026-03-25 13:54:05.461   364-374   HWComposer              surfaceflinger                       W  Ignoring duplicate VSYNC event from HWC (t=0)
2026-03-25 13:54:05.472   355-1634  NxpTml                  vendor.nxp.nxpnfc@1.0-service        E  _i2c_write() errno : 5
2026-03-25 13:54:05.472   355-1634  NxpTml                  vendor.nxp.nxpnfc@1.0-service        E  PN54X - Error in I2C Write.....
2026-03-25 13:54:05.472   355-1634  NxpTml                  vendor.nxp.nxpnfc@1.0-service        D  PN54X - Posting Fresh Write message.....
2026-03-25 13:54:05.472   355-1634  NxpTml                  vendor.nxp.nxpnfc@1.0-service        D  PN54X - Tml Writer Thread Running................
2026-03-25 13:54:05.472   355-1636  NxpFwDnld               vendor.nxp.nxpnfc@1.0-service        E  Tml Write error!!
2026-03-25 13:54:05.472   355-1636  NxpFwDnld               vendor.nxp.nxpnfc@1.0-service        E  phNxpNciHal_fw_dnld_normal_cb - Request Failed!!
2026-03-25 13:54:05.472   355-355   NxpFwDnld               vendor.nxp.nxpnfc@1.0-service        D  Processing Normal Sequence..
2026-03-25 13:54:05.473   355-355   NxpFwDnld               vendor.nxp.nxpnfc@1.0-service        D  Initializing Sequence..
2026-03-25 13:54:05.474   355-355   NxpFwDnld               vendor.nxp.nxpnfc@1.0-service        D  Response Timer Created Successfully
2026-03-25 13:54:05.474   355-355   NxpFwDnld               vendor.nxp.nxpnfc@1.0-service        D  Inserting FrameId ..
2026-03-25 13:54:05.474   355-355   NxpFwDnld               vendor.nxp.nxpnfc@1.0-service        D  Frame created successfully
2026-03-25 13:54:05.474   355-355   NxpFwDnld               vendor.nxp.nxpnfc@1.0-service        D  GetSessionState Request submitted successfully
2026-03-25 13:54:05.478   355-1634  NxpTml                  vendor.nxp.nxpnfc@1.0-service        D  PN54X - Write requested.....
2026-03-25 13:54:05.478   355-1634  NxpTml                  vendor.nxp.nxpnfc@1.0-service        D  PN54X - Invoking I2C Write.....
2026-03-25 13:54:05.484   364-374   HWComposer              surfaceflinger                       W  Ignoring duplicate VSYNC event from HWC (t=0)
2026-03-25 13:54:05.499   355-1634  NxpTml                  vendor.nxp.nxpnfc@1.0-service        E  _i2c_write() errno : 5
2026-03-25 13:54:05.499   355-1634  NxpHal                  vendor.nxp.nxpnfc@1.0-service        E  PN54X - Error in I2C Write  - Retry 0x1
2026-03-25 13:54:05.508   364-374   HWComposer              surfaceflinger                       W  Ignoring duplicate VSYNC event from HWC (t=0)
2026-03-25 13:54:05.509   355-1634  NxpTml                  vendor.nxp.nxpnfc@1.0-service        D  PN54X - Invoking I2C Write.....
2026-03-25 13:54:05.529   355-1634  NxpTml                  vendor.nxp.nxpnfc@1.0-service        E  _i2c_write() errno : 5
2026-03-25 13:54:05.529   355-1634  NxpHal                  vendor.nxp.nxpnfc@1.0-service        E  PN54X - Error in I2C Write  - Retry 0x2
2026-03-25 13:54:05.531   364-374   HWComposer              surfaceflinger                       W  Ignoring duplicate VSYNC event from HWC (t=0)
2026-03-25 13:54:05.533   404-404   gle.vp8.encoder         media.codec                          W  type=1400 audit(0.0:31330): avc: denied { getattr } for path="/dev/sw_sync" dev="tmpfs" ino=236 scontext=u:r:mediacodec:s0 tcontext=u:object_r:sw_sync_device:s0 tclass=chr_file permissive=0
2026-03-25 13:54:05.539   355-1634  NxpTml                  vendor.nxp.nxpnfc@1.0-service        D  PN54X - Invoking I2C Write.....
2026-03-25 13:54:05.555   364-374   HWComposer              surfaceflinger                       W  Ignoring duplicate VSYNC event from HWC (t=0)
2026-03-25 13:54:05.561   355-1634  NxpTml                  vendor.nxp.nxpnfc@1.0-service        E  _i2c_write() errno : 5
2026-03-25 13:54:05.561   355-1634  NxpHal                  vendor.nxp.nxpnfc@1.0-service        E  PN54X - Error in I2C Write  - Retry 0x3
2026-03-25 13:54:05.572   355-1634  NxpTml                  vendor.nxp.nxpnfc@1.0-service        D  PN54X - Invoking I2C Write.....
2026-03-25 13:54:05.580   364-374   HWComposer              surfaceflinger                       W  Ignoring duplicate VSYNC event from HWC (t=0)
2026-03-25 13:54:05.599   355-1634  NxpTml                  vendor.nxp.nxpnfc@1.0-service        E  _i2c_write() errno : 5
2026-03-25 13:54:05.599   355-1634  NxpTml                  vendor.nxp.nxpnfc@1.0-service        E  PN54X - Error in I2C Write.....
2026-03-25 13:54:05.599   355-1634  NxpTml                  vendor.nxp.nxpnfc@1.0-service        D  PN54X - Posting Fresh Write message.....
2026-03-25 13:54:05.599   355-1636  NxpFwDnld               vendor.nxp.nxpnfc@1.0-service        E  Tml Write error!!
2026-03-25 13:54:05.599   355-1636  NxpFwDnld               vendor.nxp.nxpnfc@1.0-service        E  phNxpNciHal_fw_dnld_get_sessn_state_cb - Request Failed!!
2026-03-25 13:54:05.599   355-355   NxpFwDnld               vendor.nxp.nxpnfc@1.0-service        E  phDnldNfc_GetSessionState cb failed
2026-03-25 13:54:05.599   355-355   NxpFwDnld               vendor.nxp.nxpnfc@1.0-service        E   phNxpNciHal_fw_seq_handler : FAILED
2026-03-25 13:54:05.599   355-355   NxpFwDnld               vendor.nxp.nxpnfc@1.0-service        D  phNxpNciHal_fw_dnld_complete: Download Status = 0xff
2026-03-25 13:54:05.599   355-355   NxpFwDnld               vendor.nxp.nxpnfc@1.0-service        E  Fw Download Failed!!
2026-03-25 13:54:05.599   355-355   NxpTml                  vendor.nxp.nxpnfc@1.0-service        D  phTmlNfc_i2c_reset(), VEN level 0
2026-03-25 13:54:05.600   355-1634  NxpTml                  vendor.nxp.nxpnfc@1.0-service        D  PN54X - Tml Writer Thread Running................
2026-03-25 13:54:05.601   364-374   HWComposer              surfaceflinger                       W  Ignoring duplicate VSYNC event from HWC (t=0)
2026-03-25 13:54:05.624   364-374   HWComposer              surfaceflinger                       W  Ignoring duplicate VSYNC event from HWC (t=0)
2026-03-25 13:54:05.633   404-404   gle.vp8.encoder         media.codec                          W  type=1400 audit(0.0:31331): avc: denied { getattr } for path="/dev/sw_sync" dev="tmpfs" ino=236 scontext=u:r:mediacodec:s0 tcontext=u:object_r:sw_sync_device:s0 tclass=chr_file permissive=0
2026-03-25 13:54:05.648   364-374   HWComposer              surfaceflinger                       W  Ignoring duplicate VSYNC event from HWC (t=0)
2026-03-25 13:54:05.662   355-355   NxpTml                  vendor.nxp.nxpnfc@1.0-service        D  phTmlNfc_i2c_reset(), VEN level 1
2026-03-25 13:54:05.671   364-374   HWComposer              surfaceflinger                       W  Ignoring duplicate VSYNC event from HWC (t=0)
2026-03-25 13:54:05.679   324-31796 libc-netbsd             netd                                 D  [getaddrinfo]: netid=100; mark=262244; ai_flags=1024; ai_family=0
2026-03-25 13:54:05.681   324-31796 libc-netbsd             netd                                 D  default dns: query_ipv6=1, query_ipv4=1
2026-03-25 13:54:05.695   364-374   HWComposer              surfaceflinger                       W  Ignoring duplicate VSYNC event from HWC (t=0)
2026-03-25 13:54:05.718   364-374   HWComposer              surfaceflinger                       W  Ignoring duplicate VSYNC event from HWC (t=0)
2026-03-25 13:54:05.719   324-31796 libc-netbsd             netd                                 D  res_queryN succeed
2026-03-25 13:54:05.720 30781-30817 libc-netbsd             com.reedersystems.commandcomms       D  getaddrinfo: get result from proxy gai_error = 0
2026-03-25 13:54:05.722   324-31797 libc-netbsd             netd                                 D  [getaddrinfo]: netid=100; mark=262244; ai_flags=1024; ai_family=0
2026-03-25 13:54:05.723   324-31797 libc-netbsd             netd                                 D  default dns: query_ipv6=1, query_ipv4=1
2026-03-25 13:54:05.738   324-31797 libc-netbsd             netd                                 D  res_queryN succeed
2026-03-25 13:54:05.739 30781-31758 libc-netbsd             com.reedersystems.commandcomms       D  getaddrinfo: get result from proxy gai_error = 0
2026-03-25 13:54:05.741   364-374   HWComposer              surfaceflinger                       W  Ignoring duplicate VSYNC event from HWC (t=0)
2026-03-25 13:54:05.740   404-404   gle.vp8.encoder         media.codec                          W  type=1400 audit(0.0:31332): avc: denied { getattr } for path="/dev/sw_sync" dev="tmpfs" ino=236 scontext=u:r:mediacodec:s0 tcontext=u:object_r:sw_sync_device:s0 tclass=chr_file permissive=0
2026-03-25 13:54:05.765   364-374   HWComposer              surfaceflinger                       W  Ignoring duplicate VSYNC event from HWC (t=0)
2026-03-25 13:54:05.775   355-355   NxpFwDnld               vendor.nxp.nxpnfc@1.0-service        E  free library SUCCESS !!
2026-03-25 13:54:05.775   355-355   NxpFwDnld               vendor.nxp.nxpnfc@1.0-service        E  Freeing Mem for Dnld Context..
2026-03-25 13:54:05.775   355-355   NxpHal                  vendor.nxp.nxpnfc@1.0-service        D  Chip Version Middleware Version mismatch!!!!
2026-03-25 13:54:05.775   355-1634  NxpTml                  vendor.nxp.nxpnfc@1.0-service        D  PN54X - Write requested.....
2026-03-25 13:54:05.775   355-1634  NxpTml                  vendor.nxp.nxpnfc@1.0-service        D  PN54X - Invoking I2C Write.....
2026-03-25 13:54:05.788   364-374   HWComposer              surfaceflinger                       W  Ignoring duplicate VSYNC event from HWC (t=0)
2026-03-25 13:54:05.795   757-919   zhouzhe                 system_server                        D  keyCode111 = 230
2026-03-25 13:54:05.796   757-919   tyd                     system_server                        D  sendBroadcast: android.intent.action.PTT.down
2026-03-25 13:54:05.797   757-919   ContextImpl             system_server                        W  Calling a method in the system process without a qualified user: android.app.ContextImpl.sendBroadcast:967 com.android.server.policy.PhoneWindowManager.sendBC:6496 com.android.server.policy.PhoneWindowManager.interceptKeyBeforeQueueing:6843 com.freeme.server.policy.FreemePhoneWindowManager.interceptKeyBeforeQueueing:301 com.android.server.wm.InputMonitor.interceptKeyBeforeQueueing:449 
2026-03-25 13:54:05.798   757-919   ActivityManager         system_server                        E  Sending non-protected broadcast android.intent.action.PTT.down from system 757:system/1000 pkg android (Explain with AI)
                                                                                                    java.lang.Throwable
                                                                                                    	at com.android.server.am.ActivityManagerService.checkBroadcastFromSystem(ActivityManagerService.java:19307)
                                                                                                    	at com.android.server.am.ActivityManagerService.broadcastIntentLocked(ActivityManagerService.java:19827)
                                                                                                    	at com.android.server.am.ActivityManagerService.broadcastIntent(ActivityManagerService.java:20062)
                                                                                                    	at android.app.ContextImpl.sendBroadcast(ContextImpl.java:971)
                                                                                                    	at com.android.server.policy.PhoneWindowManager.sendBC(PhoneWindowManager.java:6496)
                                                                                                    	at com.android.server.policy.PhoneWindowManager.interceptKeyBeforeQueueing(PhoneWindowManager.java:6843)
                                                                                                    	at com.freeme.server.policy.FreemePhoneWindowManager.interceptKeyBeforeQueueing(FreemePhoneWindowManager.java:301)
                                                                                                    	at com.android.server.wm.InputMonitor.interceptKeyBeforeQueueing(InputMonitor.java:449)
                                                                                                    	at com.android.server.input.InputManagerService.interceptKeyBeforeQueueing(InputManagerService.java:1975)
2026-03-25 13:54:05.807   355-1634  NxpTml                  vendor.nxp.nxpnfc@1.0-service        E  _i2c_write() errno : 5
2026-03-25 13:54:05.807   355-1634  NxpTml                  vendor.nxp.nxpnfc@1.0-service        E  PN54X - Error in I2C Write.....
2026-03-25 13:54:05.807   355-1634  NxpTml                  vendor.nxp.nxpnfc@1.0-service        D  PN54X - Posting Fresh Write message.....
2026-03-25 13:54:05.807   355-1634  NxpTml                  vendor.nxp.nxpnfc@1.0-service        D  PN54X - Tml Writer Thread Running................
2026-03-25 13:54:05.808   355-1636  NxpHal                  vendor.nxp.nxpnfc@1.0-service        E  write error status = 0x1ff
2026-03-25 13:54:05.808   355-355   NxpHal                  vendor.nxp.nxpnfc@1.0-service        E  write_unlocked failed - PN54X Maybe in Standby Mode - Retry
2026-03-25 13:54:05.809   757-919   AES                     system_server                        W  Exception Log handling...
2026-03-25 13:54:05.811   364-374   HWComposer              surfaceflinger                       W  Ignoring duplicate VSYNC event from HWC (t=0)
2026-03-25 13:54:05.812   757-919   AES                     system_server                        D  ExceptionLog: notify aed (process:system_server pid:757 cause:system_server_wtf )
2026-03-25 13:54:05.814   757-919   AEE_LIBAEE              system_server                        D  shell: raise_exp(11, 757, -1361051648, system_server, 0x0x9381bc60, 0x0x0)
2026-03-25 13:54:05.815   757-919   AEE_LIBAEE              system_server                        D  com.mtk.aee.aedshell: connected with AED OK
2026-03-25 13:54:05.815   690-690   AEE_AED                 aee_aed                              D  $===AEE===AEE===AEE===$
2026-03-25 13:54:05.816   690-690   AEE_AED                 aee_aed                              D  p 1 poll events 1 revents 1
2026-03-25 13:54:05.816   690-690   AEE_AED                 aee_aed                              D  PPM cpu cores:4, online:4
2026-03-25 13:54:05.818   690-690   AEE_AED                 aee_aed                              D  aed_main_fork_worker: generator 0xaec09440, worker 0xbee7c798, recv_fd 10
2026-03-25 13:54:05.818   355-1634  NxpTml                  vendor.nxp.nxpnfc@1.0-service        D  PN54X - Write requested.....
2026-03-25 13:54:05.818   355-1634  NxpTml                  vendor.nxp.nxpnfc@1.0-service        D  PN54X - Invoking I2C Write.....
2026-03-25 13:54:05.819 31798-31798 AEE_AED                 pid-31798                            D  read success, handling msg (Ind, AE_IND_WRN_RAISED)
2026-03-25 13:54:05.820 31798-31798 AEE_AED                 pid-31798                            I  [preset_info] pid: 757, tid: -1361051648, name: UNKNOWN  >>> system_server <<<
2026-03-25 13:54:05.820 31798-31798 AEE_AED                 pid-31798                            D  u:r:system_server:s0
2026-03-25 13:54:05.820 31798-31798 AEE_AED                 pid-31798                            V  dashboard_record_update() : rec->module = system_server 
2026-03-25 13:54:05.820 31798-31798 AEE_AED                 pid-31798                            D  Skip duplicated exception ! 
2026-03-25 13:54:05.820 31798-31798 AEE_AED                 pid-31798                            D  Exception Class: 11 
2026-03-25 13:54:05.820 31798-31798 AEE_AED                 pid-31798                            D  Module: system_server 
2026-03-25 13:54:05.820 31798-31798 AEE_AED                 pid-31798                            D  Count: 487 
2026-03-25 13:54:05.820 31798-31798 AEE_AED                 pid-31798                            D  Last exception time: 1774461244 
                                                                                                     
2026-03-25 13:54:05.820 31798-31798 AEE_AED                 pid-31798                            V  process session - skipped 
