2026-04-10 18:08:06.383   332-28130 AudioSPELayer           and...re.audio@2.0-service-mediatek  D  [index 3] 0,0,0,0,0,0,0
2026-04-10 18:08:06.383   332-28130 AudioSPELayer           and...re.audio@2.0-service-mediatek  D  [index 4] 0,0,0,0,0,0,0
2026-04-10 18:08:06.383   332-28130 AudioSPELayer           and...re.audio@2.0-service-mediatek  D  [index 5] 0,0,0,0,0,0,0
2026-04-10 18:08:06.383   332-28130 AudioSPELayer           and...re.audio@2.0-service-mediatek  D  [index 6] 0,0,0,0,0,0,0
2026-04-10 18:08:06.383   332-28130 AudioSPELayer           and...re.audio@2.0-service-mediatek  D  [index 7] 55997,31000,10752,32769,0,0,0
2026-04-10 18:08:06.383   332-28130 AudioSPELayer           and...re.audio@2.0-service-mediatek  D  Using:DMNRCalData
2026-04-10 18:08:06.383   332-28130 AudioSPELayer           and...re.audio@2.0-service-mediatek  D  [index 0] 0,0,0,0,0,0,0,0,0,0,0,0,0,0,0,0,0,0,0
2026-04-10 18:08:06.383   332-28130 AudioSPELayer           and...re.audio@2.0-service-mediatek  D  [index 1] 0,0,0,0,0,0,0,0,0,0,0,0,0,0,0,0,0,0,0
2026-04-10 18:08:06.383   332-28130 AudioSPELayer           and...re.audio@2.0-service-mediatek  D  [index 2] 0,0,0,0,0,0,0,0,0,0,0,0,0,0,0,0,0,0,0
2026-04-10 18:08:06.383   332-28130 AudioSPELayer           and...re.audio@2.0-service-mediatek  D  [index 3] 0,0,0,0,0,0,0,0,0,0,0,0,0,0,0,0,0,0,0
2026-04-10 18:08:06.383   332-28130 AudioSPELayer           and...re.audio@2.0-service-mediatek  D  mSph_Enh_ctrl.frame_rate 20
2026-04-10 18:08:06.383   332-28130 AudioSPELayer           and...re.audio@2.0-service-mediatek  D  mNsecPerSample=62500
2026-04-10 18:08:06.383   332-28130 AudioSPELayer           and...re.audio@2.0-service-mediatek  D  mSPEProcessBufSize=1280
2026-04-10 18:08:06.383   332-28130 AudioALSAC...DataClient and...re.audio@2.0-service-mediatek  D  -StartBesRecord()
2026-04-10 18:08:06.383   332-28130 AudioALSAC...DataClient and...re.audio@2.0-service-mediatek  D  IsLowLatencyCapture(), low_latency_on: 0, voip_on: 1
2026-04-10 18:08:06.383   332-28130 chatty                  and...re.audio@2.0-service-mediatek  I  uid=1041(audioserver) reader identical 2 lines
2026-04-10 18:08:06.383   332-28130 AudioALSAC...DataClient and...re.audio@2.0-service-mediatek  D  IsLowLatencyCapture(), low_latency_on: 0, voip_on: 1
2026-04-10 18:08:06.383   332-28130 AudioALSAC...DataClient and...re.audio@2.0-service-mediatek  D  sample rate = 16000, drop ms = 25, channels = 1, byts per sample = 2, dropBesRecordDataSize = 1280
2026-04-10 18:08:06.383   332-28130 AudioPreProcess         and...re.audio@2.0-service-mediatek  D  AudioPreProcess()+
2026-04-10 18:08:06.384   332-28130 AudioPreProcess         and...re.audio@2.0-service-mediatek  D  AudioPreProcess()-
2026-04-10 18:08:06.384   332-28130 AudioALSAC...DataClient and...re.audio@2.0-service-mediatek  D  +CheckNativeEffect() 2
2026-04-10 18:08:06.384   332-28130 AudioPreProcess         and...re.audio@2.0-service-mediatek  D  CheckNativeEffect()+ 0 using
2026-04-10 18:08:06.384   332-28130 AudioPreProcess         and...re.audio@2.0-service-mediatek  D  PreProcessEffect_Count 2
2026-04-10 18:08:06.384   332-28130 AudioPreProcess         and...re.audio@2.0-service-mediatek  D  addAudioEffect()+ 0xb5d18d60
2026-04-10 18:08:06.384   332-28130 AudioPreProcess         and...re.audio@2.0-service-mediatek  D  find AEC: 0x0
2026-04-10 18:08:06.385   397-397   gle.vp8.encoder         media.codec                          W  type=1400 audit(0.0:266354): avc: denied { getattr } for path="/dev/sw_sync" dev="tmpfs" ino=266 scontext=u:r:mediacodec:s0 tcontext=u:object_r:sw_sync_device:s0 tclass=chr_file permissive=0
2026-04-10 18:08:06.384   332-28130 AudioPreProcess         and...re.audio@2.0-service-mediatek  D  open AEC even record is already start
2026-04-10 18:08:06.384   332-28130 AudioPreProcess         and...re.audio@2.0-service-mediatek  D  start_echo_reference()+ channel_count=1,sampling_rate=16000,mEcho_Reference=0x0
2026-04-10 18:08:06.384   332-28130 AudioPreProcess         and...re.audio@2.0-service-mediatek  D  clear_echo_reference()+ 0x0
2026-04-10 18:08:06.384   332-28130 AudioPreProcess         and...re.audio@2.0-service-mediatek  D  clear_echo_reference()-
2026-04-10 18:08:06.384   332-28130 AudioPreProcess         and...re.audio@2.0-service-mediatek  D  start_echo_reference,wr_channel_count=2,wr_sampling_rate=16000
2026-04-10 18:08:06.384   332-28130 AudioPreProcess         and...re.audio@2.0-service-mediatek  D  start_echo_reference(),wr_channel_count=2,wr_sampling_rate=16000
2026-04-10 18:08:06.384   332-28130 AudioPreProcess         and...re.audio@2.0-service-mediatek  D  add_echo_reference()+, reference=0xb47a2e80
2026-04-10 18:08:06.384   332-28130 AudioPreProcess         and...re.audio@2.0-service-mediatek  D  add_echo_reference()-
2026-04-10 18:08:06.384   332-28130 AudioPreProcess         and...re.audio@2.0-service-mediatek  D  start_echo_reference()-
2026-04-10 18:08:06.384   332-28130 AudioPreProcess         and...re.audio@2.0-service-mediatek  D  in_configure_reverse()+
2026-04-10 18:08:06.384   332-28130 AudioPreProcess         and...re.audio@2.0-service-mediatek  D  in_configure_reverse()-, status=0
2026-04-10 18:08:06.384   332-28130 AudioPreProcess         and...re.audio@2.0-service-mediatek  D  addAudioEffect(), effect type: 7b491460, effect name:Acoustic Echo Canceler
2026-04-10 18:08:06.384   332-28130 AudioPreProcess         and...re.audio@2.0-service-mediatek  D  addAudioEffect(), StreamInAttributeinfo num_channels=1, audio_channel_mask=10, sample_rate=16000
2026-04-10 18:08:06.384   332-28130 AudioPreProcess         and...re.audio@2.0-service-mediatek  D  addAudioEffect()-, RetStatus=0
2026-04-10 18:08:06.384   332-28130 AudioPreProcess         and...re.audio@2.0-service-mediatek  D  addAudioEffect()+ 0xb488fdc0
2026-04-10 18:08:06.384   332-28130 AudioPreProcess         and...re.audio@2.0-service-mediatek  D  addAudioEffect(), effect type: 58b4b260, effect name:Noise Suppression
2026-04-10 18:08:06.384   332-28130 AudioPreProcess         and...re.audio@2.0-service-mediatek  D  addAudioEffect(), StreamInAttributeinfo num_channels=1, audio_channel_mask=10, sample_rate=16000
2026-04-10 18:08:06.384   332-28130 AudioPreProcess         and...re.audio@2.0-service-mediatek  D  addAudioEffect()-, RetStatus=0
2026-04-10 18:08:06.384   332-28130 AudioPreProcess         and...re.audio@2.0-service-mediatek  D  CheckNativeEffect()-
2026-04-10 18:08:06.384   332-28130 AudioALSAC...DataClient and...re.audio@2.0-service-mediatek  D  -CheckNativeEffect()
2026-04-10 18:08:06.384   332-28130 AudioALSAC...oviderBase and...re.audio@2.0-service-mediatek  D  configStreamAttribute(), audio_mode: 3 => 3, input_device: 0x80000004 => 0x80000004, flag: 0x0 => 0x0, input_source: 7->7
2026-04-10 18:08:06.384   332-28130 AudioALSAC...oviderBase and...re.audio@2.0-service-mediatek  D  attach(), 0xb491dc80, mCaptureDataClientVector.size()=0, Identity=0xb5d7d980
2026-04-10 18:08:06.384   332-28130 AudioALSADeviceParser   and...re.audio@2.0-service-mediatek  D  compare pcm success = 1, stringpair = MultiMedia1_Capture
2026-04-10 18:08:06.384   332-28130 AudioALSAC...iderNormal and...re.audio@2.0-service-mediatek  D  open(+), audiomode=0, cardindex = 0, pcmindex = 1
2026-04-10 18:08:06.386   332-28130 AudioSpeechEnhanceInfo  and...re.audio@2.0-service-mediatek  D  GetHifiRecord, mHiFiRecordEnable=0
2026-04-10 18:08:06.386   332-28130 AudioALSAC...iderNormal and...re.audio@2.0-service-mediatek  D  buffersizemax: 49152, bHifiRecord: 0, btempDebug: 0
2026-04-10 18:08:06.386   332-28130 AudioALSAC...DataClient and...re.audio@2.0-service-mediatek  D  IsLowLatencyCapture(), low_latency_on: 0, voip_on: 1
2026-04-10 18:08:06.386   332-28130 AudioALSAC...iderNormal and...re.audio@2.0-service-mediatek  D  mConfig format: 1, channels: 2, rate: 48000, period_size: 960, period_count: 6, latency: 20, kReadBufferSize: 7680, mCaptureDropSize: 0
2026-04-10 18:08:06.386   332-28130 AudioALSADeviceParser   and...re.audio@2.0-service-mediatek  D  compare pcm success = 1, stringpair = MultiMedia1_Capture
2026-04-10 18:08:06.398   397-8690  OMXNodeInstance         media.codec                          E  getConfig(0xab266e04:MTK.DECODER.RAW, ConfigAndroidVendorExtension(0x6f100004)) ERROR: Undefined(0x80001001)
2026-04-10 18:08:06.398   352-352   hwcomposer              and...graphics.composer@2.1-service  W  [JOB] (2) copyvds is ture but vir buffer format is not HAL_PIXEL_FORMAT_YV12  
2026-04-10 18:08:06.398   332-28130 AudioALSAH...rceManager and...re.audio@2.0-service-mediatek  D  +startInputDevice(), new_device = 0x80000004, mInputDevice = 0x0, mStartInputDeviceCount = 0, mMicInverse = 0, mNumPhoneMicSupport = 2
2026-04-10 18:08:06.398   332-28130 AudioALSAD...figManager and...re.audio@2.0-service-mediatek  D  ApplyDeviceSettingByName() DeviceName = Mic1TypeACCMode descriptor->DeviceStatusCounter = 0
2026-04-10 18:08:06.399   332-28130 AudioALSAD...figManager and...re.audio@2.0-service-mediatek  D  ApplyDeviceSettingByName() DeviceName = Mic2TypeACCMode descriptor->DeviceStatusCounter = 0
2026-04-10 18:08:06.402   332-28130 AudioUtility            and...re.audio@2.0-service-mediatek  D  IsAudioSupportFeature AUDIO_SUPPORT_DMIC bSupportFlg[0]
2026-04-10 18:08:06.402   332-28130 AudioALSAD...figManager and...re.audio@2.0-service-mediatek  D  ApplyDeviceTurnonSequenceByName() DeviceName = builtin_Mic_DualMic descriptor->DeviceStatusCounte = 0
2026-04-10 18:08:06.402   332-28130 AudioALSAC...iderNormal and...re.audio@2.0-service-mediatek  D  open(-)
2026-04-10 18:08:06.402   332-28130 AudioSPELayer           and...re.audio@2.0-service-mediatek  D  SetUPLinkDropTime, 0
2026-04-10 18:08:06.402   332-28130 AudioALSAC...DataClient and...re.audio@2.0-service-mediatek  D  sample_rate: 48000 => 16000, num_channels: 2 => 2, audio_format: 0x4 => 0x1
2026-04-10 18:08:06.404   332-28131 AudioALSAC...DataClient and...re.audio@2.0-service-mediatek  D  IsLowLatencyCapture(), low_latency_on: 0, voip_on: 1
2026-04-10 18:08:06.404   332-28131 AudioALSAC...iderNormal and...re.audio@2.0-service-mediatek  D  +readThread(), pid: 332, tid: 28131, kReadBufferSize=0x1e00, open_index=395, UPLINK_SET_AMICDCC_BUFFER_TIME_MS = 80, counter=1 
2026-04-10 18:08:06.404   332-28130 MtkAudioSrc             and...re.audio@2.0-service-mediatek  D  open(), SR 48000, CH 2; out SR 16000, CH 2; format 0, mState = 2
2026-04-10 18:08:06.404   332-28130 AudioALSAC...DataClient and...re.audio@2.0-service-mediatek  D  CheckNeedBesRecordSRC(), mStreamAttributeSource->sample_rate=48000, mStreamAttributeSource->num_channels=2, mStreamAttributeTarget->sample_rate=16000,mStreamAttributeTarget->num_channels=1, BesRecord_usingsamplerate=16000
2026-04-10 18:08:06.404   332-28130 MtkAudioSrc             and...re.audio@2.0-service-mediatek  D  open(), SR 48000, CH 2; out SR 16000, CH 2; format 0, mState = 2
2026-04-10 18:08:06.404   332-28130 AudioALSAC...DataClient and...re.audio@2.0-service-mediatek  D  CheckNeedBesRecordSRC(), 1, 16000, mBesRecSRCSizeFactor=1
2026-04-10 18:08:06.404   332-28130 AudioALSAC...DataClient and...re.audio@2.0-service-mediatek  D  CheckChannelRemixOp(), ch 2->1 (mBesRecordStereoMode = 0, BesRecord enable = 1), ChannelRemixOp = 4
2026-04-10 18:08:06.405   332-28130 AudioALSAC...DataClient and...re.audio@2.0-service-mediatek  D  +AddEchoRefDataProvider()
2026-04-10 18:08:06.405   332-28130 AudioALSAC...DataClient and...re.audio@2.0-service-mediatek  D  AddEchoRefDataProvider(), mCaptureDataProviderEchoRef=0xb491df00
2026-04-10 18:08:06.405   332-28130 AudioALSAC...oviderBase and...re.audio@2.0-service-mediatek  D  attach(), 0xb491df00, mCaptureDataClientVector.size()=0, Identity=0xb5d7d980
2026-04-10 18:08:06.405   332-28130 AudioALSAC...derEchoRef and...re.audio@2.0-service-mediatek  D  open()
2026-04-10 18:08:06.405   332-28130 AudioALSAC...DataClient and...re.audio@2.0-service-mediatek  D  IsLowLatencyCapture(), low_latency_on: 0, voip_on: 1
2026-04-10 18:08:06.405   332-28130 AudioALSAC...derEchoRef and...re.audio@2.0-service-mediatek  D  open(), audio_format = 1, audio_channel_mask=c, num_channels=2, sample_rate=48000, buf_total_latency=120ms
2026-04-10 18:08:06.405   332-28130 AudioALSAC...derEchoRef and...re.audio@2.0-service-mediatek  D  open(), format = 0, channels=2, rate=48000, period_size=240, period_count=24,latency=5,kReadBufferSize=960
2026-04-10 18:08:06.405   332-28130 AudioALSADeviceParser   and...re.audio@2.0-service-mediatek  D  compare pcm success = 9, stringpair = DL1_AWB_Record
2026-04-10 18:08:06.406   356-356   NxpExtns                vendor.nxp.nxpnfc@1.0-service        D  find found NXP_FW_NAME=libpn553_fw.so
2026-04-10 18:08:06.408   390-28126 MediaCodec              mediaserver                          I  MediaCodec will operate in async mode
2026-04-10 18:08:06.408   332-28132 AudioALSAC...DataClient and...re.audio@2.0-service-mediatek  D  IsLowLatencyCapture(), low_latency_on: 0, voip_on: 1
2026-04-10 18:08:06.408   332-28132 AudioALSAC...derEchoRef and...re.audio@2.0-service-mediatek  D  +readThread(), pid: 332, tid: 28132, kReadBufferSize=3c0
2026-04-10 18:08:06.409   397-28127 MtkOmxAudioDecBase      media.codec                          D  # Got general command (OMX_CommandStateSet)
2026-04-10 18:08:06.409   397-28127 MtkOmxAudioDecBase      media.codec                          D  wait on mInPortAllocDoneSem(0), mOutPortAllocDoneSem(0)!!
2026-04-10 18:08:06.410   332-28130 MtkAudioSrc             and...re.audio@2.0-service-mediatek  D  open(), SR 48000, CH 2; out SR 16000, CH 2; format 0, mState = 2
2026-04-10 18:08:06.410   332-28130 MtkAudioSrc             and...re.audio@2.0-service-mediatek  D  open(), SR 16000, CH 2; out SR 16000, CH 1; format 0, mState = 2
2026-04-10 18:08:06.410   332-28130 AudioSPELayer           and...re.audio@2.0-service-mediatek  D  SetDownLinkLatencyTime, 120
2026-04-10 18:08:06.410   332-28130 AudioALSAC...DataClient and...re.audio@2.0-service-mediatek  D  readthread all ready! pcm start
2026-04-10 18:08:06.411   332-28130 AudioSPELayer           and...re.audio@2.0-service-mediatek  D  resync the latency delay time
2026-04-10 18:08:06.411   332-28132 AudioALSAC...oviderBase and...re.audio@2.0-service-mediatek  D  pcm_start
2026-04-10 18:08:06.411   332-28130 AudioALSAC...DataClient and...re.audio@2.0-service-mediatek  D  AddEchoRefDataProvider(), Source sample_rate=48000, num_channels=2, audio_format=1
2026-04-10 18:08:06.411   332-28130 AudioALSAC...DataClient and...re.audio@2.0-service-mediatek  D  AddEchoRefDataProvider(), Target sample_rate=16000, num_channels=2, audio_format=1
2026-04-10 18:08:06.411   332-28130 AudioALSAC...DataClient and...re.audio@2.0-service-mediatek  D  -AddEchoRefDataProvider()
2026-04-10 18:08:06.411   332-28130 AudioALSAC...HandlerAEC and...re.audio@2.0-service-mediatek  D  -open()
2026-04-10 18:08:06.422   397-397   gle.vp8.encoder         media.codec                          W  type=1400 audit(0.0:266355): avc: denied { getattr } for path="/dev/sw_sync" dev="tmpfs" ino=266 scontext=u:r:mediacodec:s0 tcontext=u:object_r:sw_sync_device:s0 tclass=chr_file permissive=0
2026-04-10 18:08:06.413   332-28131 AudioALSAC...oviderBase and...re.audio@2.0-service-mediatek  D  pcm_start
2026-04-10 18:08:06.416   330-330   /system/bi....0-service android.hidl.allocator@1.0-service   W  ashmem_create_region(65536) returning hidl_memory(0xb2998300, 65536)
2026-04-10 18:08:06.418   330-330   /system/bi....0-service android.hidl.allocator@1.0-service   W  ashmem_create_region(65536) returning hidl_memory(0xb2998300, 65536)
2026-04-10 18:08:06.420   330-330   /system/bi....0-service android.hidl.allocator@1.0-service   W  ashmem_create_region(65536) returning hidl_memory(0xb2998300, 65536)
2026-04-10 18:08:06.422   330-330   /system/bi....0-service android.hidl.allocator@1.0-service   W  ashmem_create_region(65536) returning hidl_memory(0xb2998300, 65536)
2026-04-10 18:08:06.429   330-330   /system/bi....0-service android.hidl.allocator@1.0-service   W  ashmem_create_region(65536) returning hidl_memory(0xb2998300, 65536)
2026-04-10 18:08:06.437   330-330   chatty                  android.hidl.allocator@1.0-service   I  uid=1000(system) allocator@1.0-s identical 3 lines
2026-04-10 18:08:06.438   330-330   /system/bi....0-service android.hidl.allocator@1.0-service   W  ashmem_create_region(65536) returning hidl_memory(0xb2998300, 65536)
2026-04-10 18:08:06.439   330-330   /system/bi....0-service android.hidl.allocator@1.0-service   W  ashmem_create_region(65536) returning hidl_memory(0xb2998300, 65536)
2026-04-10 18:08:06.444   330-330   /system/bi....0-service android.hidl.allocator@1.0-service   W  ashmem_create_region(65536) returning hidl_memory(0xb2998300, 65536)
2026-04-10 18:08:06.454   330-330   chatty                  android.hidl.allocator@1.0-service   I  uid=1000(system) allocator@1.0-s identical 7 lines
2026-04-10 18:08:06.455   330-330   /system/bi....0-service android.hidl.allocator@1.0-service   W  ashmem_create_region(65536) returning hidl_memory(0xb2998300, 65536)
2026-04-10 18:08:06.456   332-28131 AudioSPELayer           and...re.audio@2.0-service-mediatek  D  PrepareProcessData+
2026-04-10 18:08:06.456   332-28131 AudioSPELayer           and...re.audio@2.0-service-mediatek  D  mDLInBufferQ i=0, length=160, 0xb4904c20, Sec=158695, NSec=267836803
2026-04-10 18:08:06.456   332-28131 AudioSPELayer           and...re.audio@2.0-service-mediatek  D  mDLInBufferQ i=1, length=160, 0xb4904cc0, Sec=158695, NSec=272896730
2026-04-10 18:08:06.456   332-28131 AudioSPELayer           and...re.audio@2.0-service-mediatek  D  mDLInBufferQ i=2, length=160, 0xb4904d60, Sec=158695, NSec=277892010
2026-04-10 18:08:06.456   332-28131 AudioSPELayer           and...re.audio@2.0-service-mediatek  D  mDLInBufferQ i=3, length=160, 0xb4904e00, Sec=158695, NSec=282838650
2026-04-10 18:08:06.456   332-28131 AudioSPELayer           and...re.audio@2.0-service-mediatek  D  mDLInBufferQ i=4, length=160, 0xb4904ea0, Sec=158695, NSec=287854805
2026-04-10 18:08:06.456   332-28131 AudioSPELayer           and...re.audio@2.0-service-mediatek  D  mDLInBufferQ i=5, length=160, 0xb4904f40, Sec=158695, NSec=292854858
2026-04-10 18:08:06.456   332-28131 AudioSPELayer           and...re.audio@2.0-service-mediatek  D  mDLInBufferQ i=6, length=160, 0xb4904fe0, Sec=158695, NSec=297840036
2026-04-10 18:08:06.456   332-28131 AudioSPELayer           and...re.audio@2.0-service-mediatek  D  PrepareProcessData, time_stamp_estimate, mULInBufferQ[0].sec=158695, mULInBufferQ[0].nsec=283032185
2026-04-10 18:08:06.456   332-28131 AudioSPELayer           and...re.audio@2.0-service-mediatek  D  PrepareProcessData, time_stamp_estimate, mDLInBufferQ[0].sec=158695, mDLInBufferQ[0].nsec=267836803
2026-04-10 18:08:06.456   332-28131 AudioSPELayer           and...re.audio@2.0-service-mediatek  D  TimeStampCompare, bRet=1
2026-04-10 18:08:06.456   332-28131 AudioSPELayer           and...re.audio@2.0-service-mediatek  D  TimeStampCompare, bRet=1
2026-04-10 18:08:06.456   332-28131 AudioSPELayer           and...re.audio@2.0-service-mediatek  D  PrepareProcessData, 1 drop DL Delay data droplength=160, mDLDelayBufferQ.size()=7, mDLDelayBufferQ[0]->BufLen4Delay=160!!!
2026-04-10 18:08:06.456   332-28131 AudioSPELayer           and...re.audio@2.0-service-mediatek  D  TimeStampCompare, bRet=1
2026-04-10 18:08:06.456   332-28131 AudioSPELayer           and...re.audio@2.0-service-mediatek  D  PrepareProcessData, 1 drop DL Delay data droplength=160, mDLDelayBufferQ.size()=6, mDLDelayBufferQ[0]->BufLen4Delay=160!!!
2026-04-10 18:08:06.456   332-28131 AudioSPELayer           and...re.audio@2.0-service-mediatek  D  TimeStampCompare, bRet=1
2026-04-10 18:08:06.456   332-28131 AudioSPELayer           and...re.audio@2.0-service-mediatek  D  PrepareProcessData, 1 drop DL Delay data droplength=160, mDLDelayBufferQ.size()=5, mDLDelayBufferQ[0]->BufLen4Delay=160!!!
2026-04-10 18:08:06.456   332-28131 AudioSPELayer           and...re.audio@2.0-service-mediatek  D  TimeStampCompare, bRet=0
2026-04-10 18:08:06.456   332-28131 AudioSPELayer           and...re.audio@2.0-service-mediatek  D  TimeStampCompare, bRet=1
2026-04-10 18:08:06.456   332-28131 AudioSPELayer           and...re.audio@2.0-service-mediatek  D  PrepareProcessData, calculate drop downlink data time
2026-04-10 18:08:06.456   332-28131 AudioSPELayer           and...re.audio@2.0-service-mediatek  D  PrepareProcessData, bULlate 1, deltaSec=0, deltaNSec=193535
2026-04-10 18:08:06.456   332-28131 AudioSPELayer           and...re.audio@2.0-service-mediatek  D  PrepareProcessData, diffnsec 193535, diffSample=3, diffBufLength=6
2026-04-10 18:08:06.457   332-28131 AudioSPELayer           and...re.audio@2.0-service-mediatek  D  PrepareProcessData, drop DL data diffBufLength=6, mDLInBufferQ.size()=4, mDLInBufferQ[0]->BufLen=160!!!
2026-04-10 18:08:06.457   332-28131 AudioSPELayer           and...re.audio@2.0-service-mediatek  D  PrepareProcessData, mDLInBufferQ[0]->pRead=0xb4904e00 , mDLInBufferQ[0]->BufLen=160, sec 158695, nsec 282838650
2026-04-10 18:08:06.457   332-28131 AudioSPELayer           and...re.audio@2.0-service-mediatek  D  PrepareProcessData, after mDLInBufferQ[0]->pRead=0xb4904e06, mDLInBufferQ[0]->BufLen=154, updatensecdiff=187500, sec=158695, nsec=283026150
2026-04-10 18:08:06.457   332-28131 AudioSPELayer           and...re.audio@2.0-service-mediatek  D  PrepareProcessData, drop DL Delay data droplength=6, mDLDelayBufferQ.size()=4, mDLDelayBufferQ[0]->BufLen4Delay=160!!!
2026-04-10 18:08:06.457   332-28131 AudioSPELayer           and...re.audio@2.0-service-mediatek  D  PrepareProcessData, mDLDelayBufferQ[0]->pRead=0xb4904e00
2026-04-10 18:08:06.457   332-28131 AudioSPELayer           and...re.audio@2.0-service-mediatek  D  PrepareProcessData, after mDLDelayBufferQ[0]->pRead=0xb4904e06, mDLDelayBufferQ[0]->BufLen=154
2026-04-10 18:08:06.457   332-28131 AudioSPELayer           and...re.audio@2.0-service-mediatek  D  PrepareProcessData, finish, mDLInBufferQ.size = 4, mDLInBufQLenTotal=634, mULInBufferQ.size = 1, mULInBufQLenTotal=1280
2026-04-10 18:08:06.457   332-28131 AudioSPELayer           and...re.audio@2.0-service-mediatek  D  PrepareProcessData, finish, mDLInBufferQ[0]->pRead=0xb4904e06 , mDLInBufferQ[0]->BufLen=154, sec = 158695, nsec = 283026150
2026-04-10 18:08:06.457   332-28131 AudioSPELayer           and...re.audio@2.0-service-mediatek  D  PrepareProcessData, finish, mULInBufferQ[0]->pRead=0xb5d05300 , mULInBufferQ[0]->BufLen=1280, sec = 158695, nsec = 283032185
2026-04-10 18:08:06.457   332-28131 AudioSPELayer           and...re.audio@2.0-service-mediatek  D  PrepareProcessData, adjust downlink data mLatencyDir=0,mLatencySampleCount=64
2026-04-10 18:08:06.457   332-28131 AudioSPELayer           and...re.audio@2.0-service-mediatek  D  adjust downlink data drop DL data diffBufLength=0, mDLInBufferQ.size()=4, mDLInBufferQ[0]->BufLen=154!!!
2026-04-10 18:08:06.457   332-28131 AudioSPELayer           and...re.audio@2.0-service-mediatek  D  adjust downlink data mDLInBufferQ[0]->pRead=0xb4904e06 , mDLInBufferQ[0]->BufLen=154, sec 158695, nsec 283026150
2026-04-10 18:08:06.457   332-28131 AudioSPELayer           and...re.audio@2.0-service-mediatek  D  adjust downlink data after mDLInBufferQ[0]->pRead=0xb4904e86, mDLInBufferQ[0]->BufLen=26, updatensecdiff=4000000, sec=158695, nsec=287026150
2026-04-10 18:08:06.457   332-28131 AudioSPELayer           and...re.audio@2.0-service-mediatek  D  adjust downlink data drop DL Delay data droplength=128, mDLDelayBufferQ.size()=4, mDLDelayBufferQ[0]->BufLen4Delay=154!!!
2026-04-10 18:08:06.457   332-28131 AudioSPELayer           and...re.audio@2.0-service-mediatek  D  adjust downlink data mDLDelayBufferQ[0]->pRead=0xb4904e06
2026-04-10 18:08:06.457   332-28131 AudioSPELayer           and...re.audio@2.0-service-mediatek  D  adjust downlink data after mDLDelayBufferQ[0]->pRead=0xb4904e86, mDLDelayBufferQ[0]->BufLen=26
2026-04-10 18:08:06.458   397-28127 MtkOmxAudioDecBase      media.codec                          D  # Got general command (OMX_CommandStateSet)
2026-04-10 18:08:06.458   397-28127 MtkOmxAudioDecBase      media.codec                          D  state changes to OMX_StateExecuting
2026-04-10 18:08:06.467   390-28125 NuPlayerDecoder         mediaserver                          I  [audio] saw output EOS
2026-04-10 18:08:06.468   390-28124 AudioTrack              mediaserver                          D  set(): 0xaf930000, streamType 8, sampleRate 44100, format 0x1, channelMask 0x1, frameCount 22560, flags #0, notificationFrames 0, sessionId 0, transferType 0, uid 10182, pid 22731
2026-04-10 18:08:06.468   390-28124 AudioTrack              mediaserver                          D  Building AudioTrack with attributes: usage = 3, content = 4, flags = 0x0, tags = []
2026-04-10 18:08:06.497 22731-26426 [PTT-DIAG]              com.reedersystems.commandcomms       D  emitPttPre DISPATCH__DISPATCH
2026-04-10 18:08:06.499 22731-26426 [PTT-DIAG]              com.reedersystems.commandcomms       D  Radio PTT: transmitPre sent for roomKey DISPATCH__DISPATCH
2026-04-10 18:08:06.500 22731-26426 [PTT-DIAG]              com.reedersystems.commandcomms       D  PTT_REQUEST_SENT channelId=DISPATCH__DISPATCH
2026-04-10 18:08:06.500 22731-26426 [PTT-DIAG]              com.reedersystems.commandcomms       D  RADIO_PTT_REQUEST_SENT channelId=DISPATCH__DISPATCH
2026-04-10 18:08:06.499   397-397   gle.vp8.encoder         media.codec                          W  type=1400 audit(0.0:266356): avc: denied { getattr } for path="/dev/sw_sync" dev="tmpfs" ino=266 scontext=u:r:mediacodec:s0 tcontext=u:object_r:sw_sync_device:s0 tclass=chr_file permissive=0
2026-04-10 18:08:06.509   381-6418  AudioFlinger            audioserver                          D  track(0xa86f5180): mIsOut 1, mFrameCount 22560, mSampleRate 44100, mFormat 1, mChannelCount 1, mTrackCount 738, thread 0xa8803c00, sessionId 8217
2026-04-10 18:08:06.509   381-6418  AudioFlinger            audioserver                          D  track(0xa86f5180): mFastIndex -1, mStreamType 8, mName 4101
2026-04-10 18:08:06.510   390-28124 AudioTrack              mediaserver                          D  Client defaulted notificationFrames to 7520 for frameCount 22560
2026-04-10 18:08:06.511   390-28124 AudioTrack              mediaserver                          D  createTrack_l: 0xaf930000, mCblk = 0xaf1386c0, mLatency = 563, mAfLatency = 52, frameCount = 22560, mSampleRate = 44100, mFlags = 0, mReqFrameCount = 22560, mNotificationFramesAct = 7520
2026-04-10 18:08:06.512   390-28124 AudioTrack              mediaserver                          D  start(): 0xaf930000, mState = 1
2026-04-10 18:08:06.512   381-538   APM_AudioPolicyManager  audioserver                          D  startOutput() output 13, stream 8, session 8217
2026-04-10 18:08:06.512   381-538   APM::Audio...Descriptor audioserver                          V  changeRefCount() stream 8, count 1
2026-04-10 18:08:06.513   390-28124 AudioTrack              mediaserver                          D  stop(): 0xaf930000, mState = 0
2026-04-10 18:08:06.513   332-2693  AudioALSAStreamManager  and...re.audio@2.0-service-mediatek  D  +syncSharedOutDevice(), routingSharedOutDevice: 2
2026-04-10 18:08:06.513   390-28124 AudioTrack              mediaserver                          D  stop() called with 11944 frames delivered
2026-04-10 18:08:06.513   332-2693  AudioALSAStreamManager  and...re.audio@2.0-service-mediatek  D  setMasterVolume(), volume = 1.000000
2026-04-10 18:08:06.513   332-2693  AudioMTKGainController  and...re.audio@2.0-service-mediatek  D  setNormalVolume(), mSceneIndex = 0, stream 0, devices 0x2, index 6, mode 0x3
2026-04-10 18:08:06.513   390-28115 NuPlayerDriver          mediaserver                          D  notifyListener_l(0xb18253f0), (6, 0, 0, -1), loop setting(0, 0)
2026-04-10 18:08:06.513   332-2693  AudioMTKGainController  and...re.audio@2.0-service-mediatek  D  setSpeakerGain(), gain = 9, spkAnaType = 3, spkLMixerName = Lineout_PGAL_GAIN, spkRMixerName = Lineout_PGAR_GAIN
2026-04-10 18:08:06.513   332-2693  AudioALSAStreamOut      and...re.audio@2.0-service-mediatek  D  open(), flags 6
2026-04-10 18:08:06.514   390-28124 AudioTrack              mediaserver                          D  audiotrack 0xaf930000 stop done
2026-04-10 18:08:06.514   332-2693  AudioUtility            and...re.audio@2.0-service-mediatek  D  power_hal_hint - custPowerHint 0, data 268435455
2026-04-10 18:08:06.514   332-2693  AudioALSAStreamManager  and...re.audio@2.0-service-mediatek  D  +createPlaybackHandler(), mAudioMode = 3, output_devices = 0x2
2026-04-10 18:08:06.514   332-2693  NVRAM                   and...re.audio@2.0-service-mediatek  D  getNumMicSupport(), dualMicFlag 1, numMicString 2
2026-04-10 18:08:06.514   332-2693  NVRAM                   and...re.audio@2.0-service-mediatek  D  QueryFeatureSupportInfo(), feature support bit 0x1a097c57 
2026-04-10 18:08:06.514   332-2693  AudioSpeechEnhanceInfo  and...re.audio@2.0-service-mediatek  D  IsAPDMNRTuningEnable(), 0
2026-04-10 18:08:06.514   332-2693  AudioALSAP...dlerNormal and...re.audio@2.0-service-mediatek  D  AudioALSAPlaybackHandlerNormal()
2026-04-10 18:08:06.514   332-2693  AudioALSAP...dlerNormal and...re.audio@2.0-service-mediatek  D  +setFilterMng() mAudioFilterManagerHandler [0xb5d16260]
2026-04-10 18:08:06.514   332-2693  AudioALSAP...dlerNormal and...re.audio@2.0-service-mediatek  D  +open(), flag 6, mDevice = 0x2
2026-04-10 18:08:06.514   332-2693  AudioALSADeviceParser   and...re.audio@2.0-service-mediatek  D  compare pcm success = 7, stringpair = I2S0DL1_PLayback
2026-04-10 18:08:06.514   354-565   vendor.med...r@1.1-impl merged_hal_service                   I  mtkCusPowerHint hint:0, data:268435455
2026-04-10 18:08:06.515   332-2693  <no-tag>                and...re.audio@2.0-service-mediatek  D  -AssignDRAM() retval 0
2026-04-10 18:08:06.515   332-2693  AudioALSAP...andlerBase and...re.audio@2.0-service-mediatek  D  transferAudioFormatToPcmFormat(), audio_format(0x4) => pcm_format(0x1)
2026-04-10 18:08:06.515   332-2693  AudioALSAP...dlerNormal and...re.audio@2.0-service-mediatek  D  open(), mConfig: channels = 2, rate = 48000, period_size = 256, period_count = 4, format = 1 avail_min = 256
2026-04-10 18:08:06.515   332-2693  AudioALSADriverUtility  and...re.audio@2.0-service-mediatek  D  GetPropertyValue key = af.resouce.extdac_support value = 0
2026-04-10 18:08:06.515   332-2693  AudioALSAP...dlerNormal and...re.audio@2.0-service-mediatek  D  SetLowJitterMode(), bypass low jitter mode, bEnable = 1, device = 0x2, SampleRate = 48000
2026-04-10 18:08:06.515   332-2693  AudioALSAP...andlerBase and...re.audio@2.0-service-mediatek  D  openPcmDriverWithFlag(), pcm device = 7 flag = 0x8
2026-04-10 18:08:06.515   354-373   powerd                  merged_hal_service                   I  [powerd_req] POWER_MSG_MTK_CUS_HINT: hint:0, hdl:36, data:268435455
2026-04-10 18:08:06.515 22731-22731 MediaPlayer             com.reedersystems.commandcomms       D  handleMessage msg:(6, 0, 0)
2026-04-10 18:08:06.515   354-373   libPerfService          merged_hal_service                   I  perfCusUserScnEnable - handle:36
2026-04-10 18:08:06.516   332-2693  AudioALSAP...andlerBase and...re.audio@2.0-service-mediatek  D  initBitConverter(), audio_format: 0x3 => 0x4, bcv_pcm_format = 0x3
2026-04-10 18:08:06.516   332-2693  MtkAudioBitConverter    and...re.audio@2.0-service-mediatek  D  +open(), format 3, CH 2, SR 48000
2026-04-10 18:08:06.517   332-2693  MtkAudioBitConverter    and...re.audio@2.0-service-mediatek  D  +resetBuffer()
2026-04-10 18:08:06.517   332-2693  AudioALSAH...rceManager and...re.audio@2.0-service-mediatek  D  +startOutputDevice(), new_devices = 0x2, mOutputDevices = 0x0, mStartOutputDevicesCount = 0 SampleRate = 48000
2026-04-10 18:08:06.517   332-2693  AudioALSADriverUtility  and...re.audio@2.0-service-mediatek  D  GetPropertyValue key = af.resouce.extdac_support value = 0
2026-04-10 18:08:06.517   332-2693  AudioALSAD...figManager and...re.audio@2.0-service-mediatek  D  ApplyDeviceTurnonSequenceByName() DeviceName = speaker_output descriptor->DeviceStatusCounte = 0
2026-04-10 18:08:06.518   332-2693  AudioALSAD...figManager and...re.audio@2.0-service-mediatek  D  ApplyDeviceTurnonSequenceByName() DeviceName = ext_speaker_output descriptor->DeviceStatusCounte = 0
2026-04-10 18:08:06.521 22731-25956 [AudioCapture]          com.reedersystems.commandcomms       D  AGC attached=true enabled=false sessionId=8209 t=221ms
2026-04-10 18:08:06.522 22731-25956 [AudioCapture]          com.reedersystems.commandcomms       D  PRE_CAPTURE_STARTED sampleRate=16000 channelCount=1 frameMs=20 frameSizeSamples=320 maxBufferFrames=150 t=221ms
2026-04-10 18:08:06.524   332-2693  AudioVoiceUIDL          and...re.audio@2.0-service-mediatek  D  [GetSRCInputParameter] mOutputSampleRate 16000,  mInputSampleRate 48000, mInChannel 2, mOutChannel, 0 format 4
2026-04-10 18:08:06.524   332-2693  AudioVoiceUIDL          and...re.audio@2.0-service-mediatek  D  [GetSRCInputParameter] create SRC handle fail
2026-04-10 18:08:06.524   332-2693  AudioALSAP...dlerNormal and...re.audio@2.0-service-mediatek  D  -open()
2026-04-10 18:08:06.532 22731-27760 [AudioCapture]          com.reedersystems.commandcomms       D  PCM_FRAME frame=1 readRet=640 samples=320 min=-6 max=4 rms=1.3 silent=true zeros=149 downmix=false source=VOICE_COMMUNICATION sampleRate=16000 channels=1 t=231ms
2026-04-10 18:08:06.534 22731-26426 [FloorCtrl]             com.reedersystems.commandcomms       D  requestFloor channelKey=DISPATCH__DISPATCH previousPending=false state=IDLE t=200ms
2026-04-10 18:08:06.534 22731-26426 [RadioState]            com.reedersystems.commandcomms       D  State transition: IDLE -> REQUESTING_FLOOR reason=floor_request activeChannel=DISPATCH__DISPATCH txPipeline=false rxPipeline=true t=234ms
2026-04-10 18:08:06.535 22731-26426 [RadioSigGW]            com.reedersystems.commandcomms       D  requestFloor channelKey=DISPATCH__DISPATCH signalingReady=AUTHENTICATED t=235ms
2026-04-10 18:08:06.535 22731-26426 [PTT-DIAG]              com.reedersystems.commandcomms       D  [FloorCtrl] SIGNALING_FLOOR_REQUEST channelKey=DISPATCH__DISPATCH unitId=ADMIN sessionTokenPresent=true
2026-04-10 18:08:06.535 22731-22731 [PTT-DIAG]              com.reedersystems.commandcomms       D  RadioState updated: REQUESTING_FLOOR
2026-04-10 18:08:06.536 22731-25956 [RadioEngine]           com.reedersystems.commandcomms       D  Pre-capture started — buffering audio (sampleRate=16000 channels=1 buffer=2560) t=236ms
2026-04-10 18:08:06.538 22731-27760 [AudioDSP]              com.reedersystems.commandcomms       D  DSP_FRAME frame=1 pre=[samples=320 min=-6 max=4 rms=1.3 silent=true zeros=149] post=[samples=320 min=-6 max=4 rms=0.7 silent=true zeros=270] t=234ms
2026-04-10 18:08:06.539 22731-27760 [AudioCapture]          com.reedersystems.commandcomms       D  PCM_FRAME frame=2 readRet=640 samples=320 min=-7 max=9 rms=2.6 silent=true zeros=55 downmix=false source=VOICE_COMMUNICATION sampleRate=16000 channels=1 t=238ms
2026-04-10 18:08:06.543 22731-27760 [AudioDSP]              com.reedersystems.commandcomms       D  DSP_FRAME frame=2 pre=[samples=320 min=-7 max=9 rms=2.6 silent=true zeros=55] post=[samples=320 min=-7 max=7 rms=2.0 silent=true zeros=155] t=242ms
2026-04-10 18:08:06.545 22731-27760 [AudioCapture]          com.reedersystems.commandcomms       D  PCM_FRAME frame=3 readRet=640 samples=320 min=-4 max=5 rms=1.9 silent=true zeros=55 downmix=false source=VOICE_COMMUNICATION sampleRate=16000 channels=1 t=244ms
2026-04-10 18:08:06.542 22731-27758 [RadioError]            com.reedersystems.commandcomms       E  OPUS_ENCODE_ASSERTION_FAILURE frame=0 source=VOICE_COMMUNICATION samples=320 bytes=640 expectedBytes=640 sampleRate=16000 frameSize=320 consecutiveFailures=1 assertionFailures=1 method=encode
2026-04-10 18:08:06.552 22731-27760 [AudioDSP]              com.reedersystems.commandcomms       D  DSP_FRAME frame=3 pre=[samples=320 min=-4 max=5 rms=1.9 silent=true zeros=55] post=[samples=320 min=-6 max=7 rms=1.4 silent=true zeros=211] t=251ms
2026-04-10 18:08:06.557 22731-27758 [OpusCodec]             com.reedersystems.commandcomms       D  Encoder re-initialized after assertion failure (sampleRate=16000 frameSize=320 complexity=5 VBR=false bitrate=64000) t=257ms
2026-04-10 18:08:06.563 22731-27758 [AudioDSP]              com.reedersystems.commandcomms       D  DSP_STATE_RESET_PENDING reason=encoder_reinitialized frame=0 t=263ms
2026-04-10 18:08:06.565 22731-27760 [AudioCapture]          com.reedersystems.commandcomms       D  PCM_FRAME frame=4 readRet=640 samples=320 min=-31 max=21 rms=8.4 silent=true zeros=20 downmix=false source=VOICE_COMMUNICATION sampleRate=16000 channels=1 t=264ms
2026-04-10 18:08:06.565 22731-27760 [AudioDSP]              com.reedersystems.commandcomms       D  DSP_STATE_RESET reason=encoder_reinitialized frame=4 t=265ms
2026-04-10 18:08:06.581 22731-27758 [OpusCodec]             com.reedersystems.commandcomms       D  ENCODE frame=1 pcmBytes=640 encodedBytes=160 seq=1 t=281ms
2026-04-10 18:08:06.583 22731-27760 [AudioCapture]          com.reedersystems.commandcomms       D  PCM_FRAME frame=5 readRet=640 samples=320 min=-31 max=32 rms=10.3 silent=true zeros=10 downmix=false source=VOICE_COMMUNICATION sampleRate=16000 channels=1 t=283ms
2026-04-10 18:08:06.593 22731-27758 [OpusCodec]             com.reedersystems.commandcomms       D  ENCODE frame=2 pcmBytes=640 encodedBytes=160 seq=2 t=293ms
2026-04-10 18:08:06.599   397-397   gle.vp8.encoder         media.codec                          W  type=1400 audit(0.0:266357): avc: denied { getattr } for path="/dev/sw_sync" dev="tmpfs" ino=266 scontext=u:r:mediacodec:s0 tcontext=u:object_r:sw_sync_device:s0 tclass=chr_file permissive=0
2026-04-10 18:08:06.604 22731-27760 [AudioCapture]          com.reedersystems.commandcomms       D  PCM_FRAME frame=6 readRet=640 samples=320 min=-31 max=23 rms=11.0 silent=true zeros=22 downmix=false source=VOICE_COMMUNICATION sampleRate=16000 channels=1 t=304ms
2026-04-10 18:08:06.608 22731-27758 [OpusCodec]             com.reedersystems.commandcomms       D  ENCODE frame=3 pcmBytes=640 encodedBytes=160 seq=3 t=308ms
2026-04-10 18:08:06.623 22731-27760 [AudioCapture]          com.reedersystems.commandcomms       D  PCM_FRAME frame=7 readRet=640 samples=320 min=-22 max=28 rms=7.1 silent=true zeros=39 downmix=false source=VOICE_COMMUNICATION sampleRate=16000 channels=1 t=323ms
2026-04-10 18:08:06.628 22731-27758 [OpusCodec]             com.reedersystems.commandcomms       D  ENCODE frame=4 pcmBytes=640 encodedBytes=160 seq=4 t=328ms
2026-04-10 18:08:06.643 22731-27760 [AudioCapture]          com.reedersystems.commandcomms       D  PCM_FRAME frame=8 readRet=640 samples=320 min=-40 max=22 rms=10.7 silent=true zeros=29 downmix=false source=VOICE_COMMUNICATION sampleRate=16000 channels=1 t=343ms
2026-04-10 18:08:06.648 22731-27758 [OpusCodec]             com.reedersystems.commandcomms       D  ENCODE frame=5 pcmBytes=640 encodedBytes=160 seq=5 t=347ms
2026-04-10 18:08:06.660 22731-27758 [OpusCodec]             com.reedersystems.commandcomms       D  ENCODE_SUMMARY frames=6 totalFrames=6 totalPcmBytes=3840 totalEncodedBytes=960 t=360ms
2026-04-10 18:08:06.664 22731-27760 [AudioCapture]          com.reedersystems.commandcomms       D  PCM_FRAME frame=9 readRet=640 samples=320 min=-31 max=26 rms=11.5 silent=true zeros=25 downmix=false source=VOICE_COMMUNICATION sampleRate=16000 channels=1 t=363ms
2026-04-10 18:08:06.668   737-915   zhouzhe                 system_server                        D  keyCode222 = 230
2026-04-10 18:08:06.685 22731-27760 [AudioCapture]          com.reedersystems.commandcomms       D  PCM_FRAME frame=10 readRet=640 samples=320 min=-41 max=41 rms=16.4 silent=true zeros=17 downmix=false source=VOICE_COMMUNICATION sampleRate=16000 channels=1 t=384ms
2026-04-10 18:08:06.690 22731-28139 [PTT-DIAG]              com.reedersystems.commandcomms       D  [FloorCtrl] SIGNALING_FLOOR_GRANTED channelId=DISPATCH__DISPATCH senderUnitId=ADMIN
2026-04-10 18:08:06.692 22731-25956 [PTT-DIAG]              com.reedersystems.commandcomms       D  RADIO_PTT_GRANTED channelId=DISPATCH__DISPATCH senderUnitId=ADMIN
2026-04-10 18:08:06.692 22731-25956 [FloorCtrl]             com.reedersystems.commandcomms       D  Floor GRANTED channelKey=DISPATCH__DISPATCH latencyMs=192 t=392ms
2026-04-10 18:08:06.693 22731-25956 [RadioState]            com.reedersystems.commandcomms       D  State transition: REQUESTING_FLOOR -> TRANSMITTING reason=floor_granted activeChannel=DISPATCH__DISPATCH txPipeline=false rxPipeline=true t=393ms
2026-04-10 18:08:06.695 22731-27736 [PTT-DIAG]              com.reedersystems.commandcomms       D  Floor GRANTED — promoting pre-capture to live TX
2026-04-10 18:08:06.698 22731-22731 [PTT-DIAG]              com.reedersystems.commandcomms       D  RadioState updated: TRANSMITTING
2026-04-10 18:08:06.699   397-397   gle.vp8.encoder         media.codec                          W  type=1400 audit(0.0:266358): avc: denied { getattr } for path="/dev/sw_sync" dev="tmpfs" ino=266 scontext=u:r:mediacodec:s0 tcontext=u:object_r:sw_sync_device:s0 tclass=chr_file permissive=0
2026-04-10 18:08:06.709 22731-27736 [RadioEngine]           com.reedersystems.commandcomms       D  PRE_BUFFER_FLUSHED flushedFrames=9 durationMs=180 — live TX active t=409ms
2026-04-10 18:08:06.711 22731-27755 [UdpTransport]          com.reedersystems.commandcomms       D  TX_PACKET seq=3609 payloadBytes=641 framedBytes=659 dest=comms.reeder-systems.com:5100 channelIdx=169 t=411ms
2026-04-10 18:08:06.713 22731-27755 [UdpTransport]          com.reedersystems.commandcomms       D  TX_PACKET seq=3609 payloadBytes=160 framedBytes=178 dest=comms.reeder-systems.com:5100 channelIdx=169 t=413ms
2026-04-10 18:08:06.717   737-915   zhouzhe                 system_server                        D  keyCode222 = 230
2026-04-10 18:08:06.719 22731-27755 [UdpTransport]          com.reedersystems.commandcomms       D  TX_PACKET seq=3609 payloadBytes=160 framedBytes=178 dest=comms.reeder-systems.com:5100 channelIdx=169 t=419ms
2026-04-10 18:08:06.720 22731-27736 [PTT-DIAG]              com.reedersystems.commandcomms       D  PTT_STATE CONNECTING -> TRANSMITTING channelKey=DISPATCH__DISPATCH
2026-04-10 18:08:06.724 22731-27755 [UdpTransport]          com.reedersystems.commandcomms       D  TX_PACKET seq=3610 payloadBytes=160 framedBytes=178 dest=comms.reeder-systems.com:5100 channelIdx=169 t=424ms
2026-04-10 18:08:06.727 22731-27760 [AudioCapture]          com.reedersystems.commandcomms       D  PCM_SUMMARY frames=11 totalFrames=11 silentFrames=11 partials=0 zeros=0 t=427ms
2026-04-10 18:08:06.732 22731-27756 [FloorCtrl]             com.reedersystems.commandcomms       D  Channel busy — transmitting unit: ADMIN state=TRANSMITTING t=431ms
2026-04-10 18:08:06.734 22731-27755 [UdpTransport]          com.reedersystems.commandcomms       D  TX_PACKET seq=3610 payloadBytes=160 framedBytes=178 dest=comms.reeder-systems.com:5100 channelIdx=169 t=434ms
2026-04-10 18:08:06.743 22731-27755 [UdpTransport]          com.reedersystems.commandcomms       D  TX_SUMMARY packets=6 totalPkts=3607 totalBytes=647818 failures=0 dest=comms.reeder-systems.com:5100 t=443ms
2026-04-10 18:08:06.758 22731-27736 [PTT-DIAG]              com.reedersystems.commandcomms       D  Sending PTT_TX_STARTED broadcast
2026-04-10 18:08:06.763   967-967   StatusBar               com.android.systemui                 D  onNotificationPosted: StatusBarNotification(pkg=com.reedersystems.commandcomms user=UserHandle{0} id=1001 tag=null key=0|com.reedersystems.commandcomms|1001|null|10182: Notification(channel=ptt_service pri=-1 contentView=null vibrate=null sound=null defaults=0x0 flags=0x62 color=0x00000000 vis=PRIVATE))
2026-04-10 18:08:06.769   737-915   zhouzhe                 system_server                        D  keyCode222 = 230
2026-04-10 18:08:06.773 22731-22731 [PTT-DIAG]              com.reedersystems.commandcomms       D  PTT_TX_STARTED received — setting pttState = TRANSMITTING
2026-04-10 18:08:06.779   967-967   StatusBar               com.android.systemui                 D  No peeking: unimportant notification: 0|com.reedersystems.commandcomms|1001|null|10182
2026-04-10 18:08:06.784   390-28115 NuPlayerDriver          mediaserver                          D  notifyListener_l(0xb18253f0), (2, 0, 0, -1), loop setting(0, 0)
2026-04-10 18:08:06.785   390-28124 AudioTrack              mediaserver                          D  pause(): 0xaf930000, mState = 1
2026-04-10 18:08:06.799   397-397   gle.vp8.encoder         media.codec                          W  type=1400 audit(0.0:266359): avc: denied { getattr } for path="/dev/sw_sync" dev="tmpfs" ino=266 scontext=u:r:mediacodec:s0 tcontext=u:object_r:sw_sync_device:s0 tclass=chr_file permissive=0
2026-04-10 18:08:06.819   737-915   zhouzhe                 system_server                        D  keyCode222 = 230
2026-04-10 18:08:06.835   365-466   BufferQueueProducer     surfaceflinger                       I  [com.reedersystems.commandcomms/com.reedersystems.commandcomms.MainActivity#0](this:0xaf773000,id:1541,api:1,p:22731,c:365) queueBuffer: fps=0.02 dur=56229.61 max=56229.61 min=56229.61
2026-04-10 18:08:06.843 22731-22731 MediaPlayer             com.reedersystems.commandcomms       D  handleMessage msg:(2, 0, 0)
2026-04-10 18:08:06.845 22731-22731 MediaPlayer             com.reedersystems.commandcomms       V  resetDrmState:  mDrmInfo=null mDrmProvisioningThread=null mPrepareDrmInProgress=false mActiveDrmScheme=false
2026-04-10 18:08:06.845 22731-22731 MediaPlayer             com.reedersystems.commandcomms       V  cleanDrmObj: mDrmObj=null mDrmSessionId=null
2026-04-10 18:08:06.846   390-1417  NuPlayerDriver          mediaserver                          D  reset(0xb18253f0) at state 6
2026-04-10 18:08:06.846   390-1417  NuPlayerDriver          mediaserver                          D  notifyListener_l(0xb18253f0), (8, 0, 0, -1), loop setting(0, 0)
2026-04-10 18:08:06.846   390-1417  GenericSource           mediaserver                          D  disconnect: mDataSource 0xaf920e40 mHttpSource 0x0
2026-04-10 18:08:06.847   390-28124 AudioTrack              mediaserver                          D  pause(): 0xaf930000, mState = 1
2026-04-10 18:08:06.847   737-5266  MediaRouterService      system_server                        V  restoreBluetoothA2dp(false)
2026-04-10 18:08:06.847   397-28127 MtkOmxAudioDecBase      media.codec                          D  # Got general command (OMX_CommandFlush)
2026-04-10 18:08:06.849   390-28124 AudioTrack              mediaserver                          D  stop(): 0xaf930000, mState = 4
2026-04-10 18:08:06.850   397-28127 MtkOmxAudioDecBase      media.codec                          D  # Got general command (OMX_CommandStateSet)
2026-04-10 18:08:06.852   737-845   DuraSpeed/...eedService system_server                        D  [onPlaybackConfigChanged], play music packageNames:[com.reedersystems.commandcomms, com.reedersystems.commandcomms]
2026-04-10 18:08:06.853   737-845   DuraSpeed/...icyFactory system_server                        D  packageName: com.loudtalks, delay about 1137040ms by now
2026-04-10 18:08:06.851   397-28127 MtkOmxAudioDecBase      media.codec                          D  # Got general command (OMX_CommandStateSet)
2026-04-10 18:08:06.863   352-352   hwcomposer              and...graphics.composer@2.1-service  W  [JOB] (2) copyvds is ture but vir buffer format is not HAL_PIXEL_FORMAT_YV12  
2026-04-10 18:08:06.872   737-915   zhouzhe                 system_server                        D  keyCode222 = 230
2026-04-10 18:08:06.869   397-397   gle.vp8.encoder         media.codec                          W  type=1400 audit(0.0:266360): avc: denied { getattr } for path="/dev/sw_sync" dev="tmpfs" ino=266 scontext=u:r:mediacodec:s0 tcontext=u:object_r:sw_sync_device:s0 tclass=chr_file permissive=0
2026-04-10 18:08:06.886   397-8690  MtkOmxRawDec            media.codec                          D  MtkOmxRawDec Deconstruct !!!
2026-04-10 18:08:06.888   390-28125 MediaAnalyticsItem      mediaserver                          W  Unable to record: (codec:0:-1:-11:0:6:android.media.mediacodec.mime=audio/raw:android.media.mediacodec.mode=audio:android.media.mediacodec.encoder=0:android.media.mediacodec.codec=OMX.MTK.AUDIO.DECODER.RAW:android.media.mediacodec.secure=0:android.media.mediacodec.bytesin=23888:) [forcenew=0]
2026-04-10 18:08:06.888   390-28115 NuPlayer                mediaserver                          D  audio shutdown completed
2026-04-10 18:08:06.890   390-28115 NuPlayerDriver          mediaserver                          D  notifyResetComplete(0xb18253f0)
2026-04-10 18:08:06.894   390-1417  AudioTrack              mediaserver                          D  ~AudioTrack(): 0xaf930000
2026-04-10 18:08:06.894   390-1417  AudioTrack              mediaserver                          D  stop(): 0xaf930000, mState = 4
2026-04-10 18:08:06.907   381-527   APM_AudioPolicyManager  audioserver                          D  stopOutput() output 13, stream 8, session 8217
2026-04-10 18:08:06.907   381-527   APM::Audio...Descriptor audioserver                          V  changeRefCount() stream 8, count 0
2026-04-10 18:08:06.921   737-915   zhouzhe                 system_server                        D  keyCode222 = 230
2026-04-10 18:08:06.937   352-352   hwcomposer              and...graphics.composer@2.1-service  W  [JOB] (2) copyvds is ture but vir buffer format is not HAL_PIXEL_FORMAT_YV12  
