2026-04-08 23:32:58.071  2899-6393  [AudioCapture]          com.reedersystems.commandcomms       D  TX_AUDIO_SOURCE_PROBE source=UNPROCESSED probeFrame=2 samples=960 min=-5 max=6 rms=1.8 silent=true zeros=226
2026-04-08 23:32:58.073   365-434   HWComposer              surfaceflinger                       W  Ignoring duplicate VSYNC event from HWC (t=0)
2026-04-08 23:32:58.077   356-1663  NxpTml                  vendor.nxp.nxpnfc@1.0-service        E  _i2c_write() errno : 5
2026-04-08 23:32:58.077   356-1663  NxpHal                  vendor.nxp.nxpnfc@1.0-service        E  PN54X - Error in I2C Write  - Retry 0x1
2026-04-08 23:32:58.088   356-1663  NxpTml                  vendor.nxp.nxpnfc@1.0-service        D  PN54X - Invoking I2C Write.....
2026-04-08 23:32:58.091  2899-6393  [AudioCapture]          com.reedersystems.commandcomms       D  TX_AUDIO_SOURCE_PROBE source=UNPROCESSED probeFrame=3 samples=960 min=-23 max=18 rms=6.9 silent=true zeros=84
2026-04-08 23:32:58.096   365-434   HWComposer              surfaceflinger                       W  Ignoring duplicate VSYNC event from HWC (t=0)
2026-04-08 23:32:58.107   356-1663  NxpTml                  vendor.nxp.nxpnfc@1.0-service        E  _i2c_write() errno : 5
2026-04-08 23:32:58.107   356-1663  NxpHal                  vendor.nxp.nxpnfc@1.0-service        E  PN54X - Error in I2C Write  - Retry 0x2
2026-04-08 23:32:58.111  2899-6393  [AudioCapture]          com.reedersystems.commandcomms       D  TX_AUDIO_SOURCE_PROBE source=UNPROCESSED probeFrame=4 samples=960 min=-24 max=18 rms=6.5 silent=true zeros=93
2026-04-08 23:32:58.117   356-1663  NxpTml                  vendor.nxp.nxpnfc@1.0-service        D  PN54X - Invoking I2C Write.....
2026-04-08 23:32:58.120   365-434   HWComposer              surfaceflinger                       W  Ignoring duplicate VSYNC event from HWC (t=0)
2026-04-08 23:32:58.131  2899-6393  [AudioCapture]          com.reedersystems.commandcomms       D  TX_AUDIO_SOURCE_PROBE source=UNPROCESSED probeFrame=5 samples=960 min=-25 max=21 rms=7.2 silent=true zeros=146
2026-04-08 23:32:58.137   356-1663  NxpTml                  vendor.nxp.nxpnfc@1.0-service        E  _i2c_write() errno : 5
2026-04-08 23:32:58.137   356-1663  NxpHal                  vendor.nxp.nxpnfc@1.0-service        E  PN54X - Error in I2C Write  - Retry 0x3
2026-04-08 23:32:58.143   365-434   HWComposer              surfaceflinger                       W  Ignoring duplicate VSYNC event from HWC (t=0)
2026-04-08 23:32:58.147   356-1663  NxpTml                  vendor.nxp.nxpnfc@1.0-service        D  PN54X - Invoking I2C Write.....
2026-04-08 23:32:58.149   397-397   gle.vp8.encoder         media.codec                          W  type=1400 audit(0.0:20574): avc: denied { getattr } for path="/dev/sw_sync" dev="tmpfs" ino=266 scontext=u:r:mediacodec:s0 tcontext=u:object_r:sw_sync_device:s0 tclass=chr_file permissive=0
2026-04-08 23:32:58.152  2899-6393  [AudioCapture]          com.reedersystems.commandcomms       D  TX_AUDIO_SOURCE_PROBE source=UNPROCESSED probeFrame=6 samples=960 min=-21 max=17 rms=7.4 silent=true zeros=72
2026-04-08 23:32:58.166   365-434   HWComposer              surfaceflinger                       W  Ignoring duplicate VSYNC event from HWC (t=0)
2026-04-08 23:32:58.167   356-1663  NxpTml                  vendor.nxp.nxpnfc@1.0-service        E  _i2c_write() errno : 5
2026-04-08 23:32:58.167   356-1663  NxpTml                  vendor.nxp.nxpnfc@1.0-service        E  PN54X - Error in I2C Write.....
2026-04-08 23:32:58.167   356-1663  NxpTml                  vendor.nxp.nxpnfc@1.0-service        D  PN54X - Posting Fresh Write message.....
2026-04-08 23:32:58.167   356-1663  NxpTml                  vendor.nxp.nxpnfc@1.0-service        D  PN54X - Tml Writer Thread Running................
2026-04-08 23:32:58.167   356-1665  NxpFwDnld               vendor.nxp.nxpnfc@1.0-service        E  Tml Write error!!
2026-04-08 23:32:58.168   356-1665  NxpFwDnld               vendor.nxp.nxpnfc@1.0-service        E  phNxpNciHal_fw_dnld_normal_cb - Request Failed!!
2026-04-08 23:32:58.168   356-356   NxpFwDnld               vendor.nxp.nxpnfc@1.0-service        D  Processing Normal Sequence..
2026-04-08 23:32:58.168   356-356   NxpFwDnld               vendor.nxp.nxpnfc@1.0-service        D  Initializing Sequence..
2026-04-08 23:32:58.168   356-356   NxpFwDnld               vendor.nxp.nxpnfc@1.0-service        D  Response Timer Created Successfully
2026-04-08 23:32:58.168   356-356   NxpFwDnld               vendor.nxp.nxpnfc@1.0-service        D  Inserting FrameId ..
2026-04-08 23:32:58.168   356-356   NxpFwDnld               vendor.nxp.nxpnfc@1.0-service        D  Frame created successfully
2026-04-08 23:32:58.168   356-356   NxpFwDnld               vendor.nxp.nxpnfc@1.0-service        D  GetSessionState Request submitted successfully
2026-04-08 23:32:58.168   356-1663  NxpTml                  vendor.nxp.nxpnfc@1.0-service        D  PN54X - Write requested.....
2026-04-08 23:32:58.168   356-1663  NxpTml                  vendor.nxp.nxpnfc@1.0-service        D  PN54X - Invoking I2C Write.....
2026-04-08 23:32:58.171  2899-6393  [AudioCapture]          com.reedersystems.commandcomms       D  TX_AUDIO_SOURCE_PROBE source=UNPROCESSED probeFrame=7 samples=960 min=-21 max=20 rms=6.2 silent=true zeros=93
2026-04-08 23:32:58.188   356-1663  NxpTml                  vendor.nxp.nxpnfc@1.0-service        E  _i2c_write() errno : 5
2026-04-08 23:32:58.188   356-1663  NxpHal                  vendor.nxp.nxpnfc@1.0-service        E  PN54X - Error in I2C Write  - Retry 0x1
2026-04-08 23:32:58.190   365-434   HWComposer              surfaceflinger                       W  Ignoring duplicate VSYNC event from HWC (t=0)
2026-04-08 23:32:58.193  2899-6393  [AudioCapture]          com.reedersystems.commandcomms       D  TX_AUDIO_SOURCE_PROBE source=UNPROCESSED probeFrame=8 samples=960 min=-47 max=29 rms=13.8 silent=true zeros=63
2026-04-08 23:32:58.198   356-1663  NxpTml                  vendor.nxp.nxpnfc@1.0-service        D  PN54X - Invoking I2C Write.....
2026-04-08 23:32:58.213   365-434   HWComposer              surfaceflinger                       W  Ignoring duplicate VSYNC event from HWC (t=0)
2026-04-08 23:32:58.214  2899-6393  [AudioCapture]          com.reedersystems.commandcomms       D  TX_AUDIO_SOURCE_PROBE source=UNPROCESSED probeFrame=9 samples=960 min=-30 max=25 rms=7.6 silent=true zeros=77
2026-04-08 23:32:58.216  2899-6393  [AudioCapture]          com.reedersystems.commandcomms       D  TX_AUDIO_SOURCE_PROBE source=UNPROCESSED probeRate=48000 result=REJECT avgRms=6.1 min=-47 max=29 validFrames=10 reason=rms_too_low threshold=20.0
2026-04-08 23:32:58.216  2899-6393  AudioRecord             com.reedersystems.commandcomms       D  stop: 0x8494e400
2026-04-08 23:32:58.218   356-1663  NxpTml                  vendor.nxp.nxpnfc@1.0-service        E  _i2c_write() errno : 5
2026-04-08 23:32:58.218   356-1663  NxpHal                  vendor.nxp.nxpnfc@1.0-service        E  PN54X - Error in I2C Write  - Retry 0x2
2026-04-08 23:32:58.228   356-1663  NxpTml                  vendor.nxp.nxpnfc@1.0-service        D  PN54X - Invoking I2C Write.....
2026-04-08 23:32:58.232   332-946   AudioALSAStreamIn       and...re.audio@2.0-service-mediatek  D  +standby()
2026-04-08 23:32:58.233   332-946   AudioALSAStreamIn       and...re.audio@2.0-service-mediatek  D  standby(), keep the mStandbyFrameCount = 4480, ret = 0
2026-04-08 23:32:58.233   332-946   AudioALSAStreamIn       and...re.audio@2.0-service-mediatek  D  close()
2026-04-08 23:32:58.233   332-946   AudioALSAC...HandlerAEC and...re.audio@2.0-service-mediatek  D  +close()
2026-04-08 23:32:58.233   332-946   AudioALSAC...DataClient and...re.audio@2.0-service-mediatek  D  ~AudioALSACaptureDataClient()
2026-04-08 23:32:58.233   332-946   AudioALSAC...DataClient and...re.audio@2.0-service-mediatek  D  ~AudioALSACaptureDataClient(), remove EchoRef data provider,mCaptureDataProviderEchoRef=0xb491df00
2026-04-08 23:32:58.233   332-946   AudioALSAC...oviderBase and...re.audio@2.0-service-mediatek  D  detach(), 0xb491df00, mCaptureDataClientVector.size()=1, Identity=0xb5d7d800
2026-04-08 23:32:58.233   332-946   AudioALSAC...derEchoRef and...re.audio@2.0-service-mediatek  D  close()
2026-04-08 23:32:58.235   332-7022  AudioALSAC...derEchoRef and...re.audio@2.0-service-mediatek  D  -readThread(), pid: 332, tid: 7022
2026-04-08 23:32:58.236   332-946   AudioALSAC...derEchoRef and...re.audio@2.0-service-mediatek  D  pthread_join hReadThread done
2026-04-08 23:32:58.236   365-434   HWComposer              surfaceflinger                       W  Ignoring duplicate VSYNC event from HWC (t=0)
2026-04-08 23:32:58.236   332-946   MtkAudioSrc             and...re.audio@2.0-service-mediatek  D  close(), mState = 1
2026-04-08 23:32:58.237   332-946   MtkAudioSrc             and...re.audio@2.0-service-mediatek  D  close(), mState = 1
2026-04-08 23:32:58.237   332-946   AudioALSAC...oviderBase and...re.audio@2.0-service-mediatek  D  detach(), 0xb491dc80, mCaptureDataClientVector.size()=1, Identity=0xb5d7d800
2026-04-08 23:32:58.237   332-946   AudioALSAH...rceManager and...re.audio@2.0-service-mediatek  D  +stopInputDevice(), mInputDevice = 0x80000004, stop_device = 0x80000004, mStartInputDeviceCount = 1, mMicInverse = 0, mNumPhoneMicSupport = 2
2026-04-08 23:32:58.237   332-946   AudioUtility            and...re.audio@2.0-service-mediatek  D  IsAudioSupportFeature AUDIO_SUPPORT_DMIC bSupportFlg[0]
2026-04-08 23:32:58.237   332-946   AudioALSAD...figManager and...re.audio@2.0-service-mediatek  D  ApplyDeviceSettingByName() DeviceName = Mic1TypeACCMode descriptor->DeviceStatusCounter = 0
2026-04-08 23:32:58.237   332-946   AudioALSAD...figManager and...re.audio@2.0-service-mediatek  D  ApplyDeviceSettingByName() DeviceName = Mic2TypeACCMode descriptor->DeviceStatusCounter = 0
2026-04-08 23:32:58.237   332-946   AudioALSAD...figManager and...re.audio@2.0-service-mediatek  D  ApplyDeviceTurnoffSequenceByName(), DeviceName = builtin_Mic_DualMic descriptor->DeviceStatusCounter = 1
2026-04-08 23:32:58.237   332-946   AudioALSAC...iderNormal and...re.audio@2.0-service-mediatek  D  close()
2026-04-08 23:32:58.238   332-7021  AudioALSAC...iderNormal and...re.audio@2.0-service-mediatek  D  -readThread(), pid: 332, tid: 7021
2026-04-08 23:32:58.238   332-946   AudioALSAC...iderNormal and...re.audio@2.0-service-mediatek  D  pthread_join hReadThread done
2026-04-08 23:32:58.239   332-946   AudioALSAC...iderNormal and...re.audio@2.0-service-mediatek  D  -close()
2026-04-08 23:32:58.239   332-946   MtkAudioSrc             and...re.audio@2.0-service-mediatek  D  close(), mState = 1
2026-04-08 23:32:58.239   332-946   AudioALSAC...DataClient and...re.audio@2.0-service-mediatek  D  +StopBesRecord()
2026-04-08 23:32:58.239   332-946   AudioSPELayer           and...re.audio@2.0-service-mediatek  D  Stop
2026-04-08 23:32:58.239   332-946   AudioSPELayer           and...re.audio@2.0-service-mediatek  D  Clear
2026-04-08 23:32:58.239   332-946   AudioSPELayer           and...re.audio@2.0-service-mediatek  D  free mSphCtrlBuffer 0xb3a83d40
2026-04-08 23:32:58.240   332-946   AudioSPELayer           and...re.audio@2.0-service-mediatek  D  ~free mSphCtrlBuffer
2026-04-08 23:32:58.240   332-946   AudioSPELayer           and...re.audio@2.0-service-mediatek  D  ~Clear
2026-04-08 23:32:58.240   332-946   AudioALSAC...DataClient and...re.audio@2.0-service-mediatek  D  -StopBesRecord()
2026-04-08 23:32:58.240   332-946   MtkAudioSrc             and...re.audio@2.0-service-mediatek  D  close(), mState = 1
2026-04-08 23:32:58.240   332-946   AudioSPELayer           and...re.audio@2.0-service-mediatek  D  ~SPELayer+
2026-04-08 23:32:58.240   332-946   AudioSPELayer           and...re.audio@2.0-service-mediatek  D  Clear
2026-04-08 23:32:58.240   332-946   AudioSPELayer           and...re.audio@2.0-service-mediatek  D  ~Clear
2026-04-08 23:32:58.240   332-946   AudioSPELayer           and...re.audio@2.0-service-mediatek  D  FlushBufferQ+
2026-04-08 23:32:58.240   332-946   AudioSPELayer           and...re.audio@2.0-service-mediatek  D  FlushBufferQ mULOutBufferQ size=1,mULInBufferQ.size=1,mDLOutBufferQ.size()=0,mDLInBufferQ.size()=2,mDLDelayBufferQ.size()=2
2026-04-08 23:32:58.240   332-946   AudioSPELayer           and...re.audio@2.0-service-mediatek  D  mDLInBufferQ::pBufBase=0xb4904ea0
2026-04-08 23:32:58.240   332-946   AudioSPELayer           and...re.audio@2.0-service-mediatek  D  mDLInBufferQ::done, free at DLDelay buffer
2026-04-08 23:32:58.240   332-946   AudioSPELayer           and...re.audio@2.0-service-mediatek  D  mDLInBufferQ::pBufBase=0xb4904cc0
2026-04-08 23:32:58.240   332-946   AudioSPELayer           and...re.audio@2.0-service-mediatek  D  mDLInBufferQ::done, free at DLDelay buffer
2026-04-08 23:32:58.240   332-946   AudioSPELayer           and...re.audio@2.0-service-mediatek  D  mDLDelayBufferQ::pBufBase=0xb4904ea0
2026-04-08 23:32:58.240   332-946   AudioSPELayer           and...re.audio@2.0-service-mediatek  D  mDLDelayBufferQ::free
2026-04-08 23:32:58.240   332-946   AudioSPELayer           and...re.audio@2.0-service-mediatek  D  mDLDelayBufferQ::delete
2026-04-08 23:32:58.240   332-946   AudioSPELayer           and...re.audio@2.0-service-mediatek  D  mDLDelayBufferQ::done
2026-04-08 23:32:58.240   332-946   AudioSPELayer           and...re.audio@2.0-service-mediatek  D  mDLDelayBufferQ::pBufBase=0xb4904cc0
2026-04-08 23:32:58.240   332-946   AudioSPELayer           and...re.audio@2.0-service-mediatek  D  mDLDelayBufferQ::free
2026-04-08 23:32:58.240   332-946   AudioSPELayer           and...re.audio@2.0-service-mediatek  D  mDLDelayBufferQ::delete
2026-04-08 23:32:58.240   332-946   AudioSPELayer           and...re.audio@2.0-service-mediatek  D  mDLDelayBufferQ::done
2026-04-08 23:32:58.240   332-946   AudioSPELayer           and...re.audio@2.0-service-mediatek  D  FlushBufferQ-
2026-04-08 23:32:58.241   332-946   AudioSPELayer           and...re.audio@2.0-service-mediatek  D  ~SPELayer-
2026-04-08 23:32:58.241   332-946   AudioPreProcess         and...re.audio@2.0-service-mediatek  D  ~AudioPreProcess()+
2026-04-08 23:32:58.241   332-946   AudioPreProcess         and...re.audio@2.0-service-mediatek  D  ~AudioPreProcess()-
2026-04-08 23:32:58.242   332-946   AudioALSAC...DataClient and...re.audio@2.0-service-mediatek  D  -~AudioALSACaptureDataClient()
2026-04-08 23:32:58.242   332-946   AudioALSAC...HandlerAEC and...re.audio@2.0-service-mediatek  D  -close()
2026-04-08 23:32:58.242   332-946   AudioALSAC...HandlerAEC and...re.audio@2.0-service-mediatek  D  ~AudioALSACaptureHandlerAEC()
2026-04-08 23:32:58.242   332-946   AudioALSAC...andlerBase and...re.audio@2.0-service-mediatek  D  ~AudioALSACaptureHandlerBase()
2026-04-08 23:32:58.242   332-946   AudioALSAStreamManager  and...re.audio@2.0-service-mediatek  D  -destroyCaptureHandler(), mCaptureHandlerVector.size() = 0
2026-04-08 23:32:58.242   332-946   AudioALSAStreamIn       and...re.audio@2.0-service-mediatek  D  -standby()
2026-04-08 23:32:58.242   381-2217  APM_AudioPolicyManager  audioserver                          D  stopInput() input 782
2026-04-08 23:32:58.244   332-617   AudioALSAHardware       and...re.audio@2.0-service-mediatek  D  -releaseAudioPatch handle [0x68]
2026-04-08 23:32:58.244   332-617   AudioALSAHardware       and...re.audio@2.0-service-mediatek  D  +routing releaseAudioPatch 80000004->Mixer
2026-04-08 23:32:58.244   332-617   AudioALSAStreamManager  and...re.audio@2.0-service-mediatek  D  +setParameters(), IOport = 782, keyValuePairs = routing=0
2026-04-08 23:32:58.244   332-617   AudioALSAStreamIn       and...re.audio@2.0-service-mediatek  D  +setParameters(): routing=0
2026-04-08 23:32:58.244   332-617   AudioALSAStreamManager  and...re.audio@2.0-service-mediatek  D  +routingInputDevice(), input_device: 0x80000004 => 0x0
2026-04-08 23:32:58.244   332-617   AudioALSAStreamManager  and...re.audio@2.0-service-mediatek  W  -routingInputDevice(), input_device == AUDIO_DEVICE_NONE(0x0), return
2026-04-08 23:32:58.244   332-617   AudioALSAStreamIn       and...re.audio@2.0-service-mediatek  D  -setParameters(): routing=0 
2026-04-08 23:32:58.244   332-617   AudioALSAHardware       and...re.audio@2.0-service-mediatek  D  handlecheck releaseAudioPatch remove handle [68] OK
2026-04-08 23:32:58.244   332-617   AudioALSAHardware       and...re.audio@2.0-service-mediatek  D  -releaseAudioPatch handle [0x68] status [0]
2026-04-08 23:32:58.245  2899-6393  AudioRecord             com.reedersystems.commandcomms       D  stop done
2026-04-08 23:32:58.246  2899-6393  AudioRecord             com.reedersystems.commandcomms       D  stop: 0x8494e400
2026-04-08 23:32:58.246  2899-6393  chatty                  com.reedersystems.commandcomms       I  uid=10172(com.reedersystems.commandcomms) DefaultDispatch identical 1 line
2026-04-08 23:32:58.246  2899-6393  AudioRecord             com.reedersystems.commandcomms       D  stop: 0x8494e400
2026-04-08 23:32:58.250   356-1663  NxpTml                  vendor.nxp.nxpnfc@1.0-service        E  _i2c_write() errno : 5
2026-04-08 23:32:58.250   356-1663  NxpHal                  vendor.nxp.nxpnfc@1.0-service        E  PN54X - Error in I2C Write  - Retry 0x3
2026-04-08 23:32:58.249   397-397   gle.vp8.encoder         media.codec                          W  type=1400 audit(0.0:20575): avc: denied { getattr } for path="/dev/sw_sync" dev="tmpfs" ino=266 scontext=u:r:mediacodec:s0 tcontext=u:object_r:sw_sync_device:s0 tclass=chr_file permissive=0
2026-04-08 23:32:58.251   332-617   AudioALSAStreamManager  and...re.audio@2.0-service-mediatek  D  +closeInputStream(), in = 0xb5d6ac00, size() = 1
2026-04-08 23:32:58.251   332-617   AudioALSAStreamIn       and...re.audio@2.0-service-mediatek  D  ~AudioALSAStreamIn()
2026-04-08 23:32:58.251   332-617   AudioALSAStreamManager  and...re.audio@2.0-service-mediatek  D  -closeInputStream(), mStreamInVector.size() = 0
2026-04-08 23:32:58.252  2899-6393  [AudioCapture]          com.reedersystems.commandcomms       W  TX_AUDIO_SOURCE_FALLBACK source=MIC avgRms=10.6 min=-206 max=252 reason=below_threshold_fallback device=ZRK/T320/API27 threshold=20.0
2026-04-08 23:32:58.252  2899-6393  [RadioEngine]           com.reedersystems.commandcomms       D  PRE_CAPTURE_ABORTED_AFTER_PROBE — cancelled during source probing
2026-04-08 23:32:58.253  2899-6393  [PTT-DIAG]              com.reedersystems.commandcomms       E  Radio PTT: pre-capture failed to start
2026-04-08 23:32:58.254  2899-7011  [RadioEngine]           com.reedersystems.commandcomms       D  stopPreCapture: nothing to clean (wasPreCapturing=false, no resources) orphanFrames=0
2026-04-08 23:32:58.255  2899-7011  [RadioError]            com.reedersystems.commandcomms       W  promoteToLiveTransmit: not pre-capturing method=promoteToLiveTransmit
2026-04-08 23:32:58.257  2899-7011  [RadioEngine]           com.reedersystems.commandcomms       D  TX_SESSION_START t=0ms
2026-04-08 23:32:58.257  2899-7011  [AudioCapture]          com.reedersystems.commandcomms       D  TX_AUDIO_SOURCE_CACHE_BYPASSED device=ZRK/T320/API27 bypassSourceCache=true
2026-04-08 23:32:58.257  2899-7011  [AudioCapture]          com.reedersystems.commandcomms       D  TX_AUDIO_SOURCE_PROBE_BEGIN device=ZRK/T320/API27 candidates=[MIC, VOICE_RECOGNITION, VOICE_COMMUNICATION, UNPROCESSED]
2026-04-08 23:32:58.259  2899-7011  AudioRecord             com.reedersystems.commandcomms       D  set(): 0x8494e400, inputSource 1, sampleRate 48000, format 0x1, channelMask 0x10, frameCount 1920, notificationFrames 0, sessionId 0, transferType 0, flags 0, opPackageName com.reedersystems.commandcomms uid -1, pid -1
2026-04-08 23:32:58.260   365-434   HWComposer              surfaceflinger                       W  Ignoring duplicate VSYNC event from HWC (t=0)
2026-04-08 23:32:58.261   356-1663  NxpTml                  vendor.nxp.nxpnfc@1.0-service        D  PN54X - Invoking I2C Write.....
2026-04-08 23:32:58.262   381-7372  APM_AudioPolicyManager  audioserver                          D  getInputForAttr() source 1, samplingRate 48000, format 1, channelMask 10,session 1233, flags 0
2026-04-08 23:32:58.263   332-617   AudioALSAStreamManager  and...re.audio@2.0-service-mediatek  D  openInputStream(), devices = 0x80000004, format = 0x1, channels = 0x10, sampleRate = 48000, status = 790, acoustics = 0x0
2026-04-08 23:32:58.263   332-617   AudioALSAStreamIn       and...re.audio@2.0-service-mediatek  D  AudioALSAStreamIn()
2026-04-08 23:32:58.263   332-617   AudioALSAStreamIn       and...re.audio@2.0-service-mediatek  D  set(), devices = 0x80000004, format = 0x1, channels = 0x10, sampleRate = 48000, acoustics = 0x0, flags = 0
2026-04-08 23:32:58.263   332-617   AudioALSAStreamIn       and...re.audio@2.0-service-mediatek  D  CheckBesRecordInfo()
2026-04-08 23:32:58.263   332-617   AudioSpeechEnhanceInfo  and...re.audio@2.0-service-mediatek  D  GetBesRecScene() -1
2026-04-08 23:32:58.263   332-617   AudioSpeechEnhanceInfo  and...re.audio@2.0-service-mediatek  D  IsBesRecTuningEnable()- 0
2026-04-08 23:32:58.263   332-617   NVRAM                   and...re.audio@2.0-service-mediatek  D  getNumMicSupport(), dualMicFlag 1, numMicString 2
2026-04-08 23:32:58.263   332-617   NVRAM                   and...re.audio@2.0-service-mediatek  D  QueryFeatureSupportInfo(), feature support bit 0x1a097c57 
2026-04-08 23:32:58.263   332-617   AudioSpeechEnhanceInfo  and...re.audio@2.0-service-mediatek  D  IsAPDMNRTuningEnable(), 0
2026-04-08 23:32:58.263   332-617   NVRAM                   and...re.audio@2.0-service-mediatek  D  getNumMicSupport(), dualMicFlag 1, numMicString 2
2026-04-08 23:32:58.263   332-617   NVRAM                   and...re.audio@2.0-service-mediatek  D  QueryFeatureSupportInfo(), feature support bit 0x1a097c57 
2026-04-08 23:32:58.263   332-617   AudioSpeechEnhanceInfo  and...re.audio@2.0-service-mediatek  D  GetForceMagiASRState(), feature_support=1a097c57, 400, mForceMagiASR=0
2026-04-08 23:32:58.263   332-617   AudioSpeechEnhanceInfo  and...re.audio@2.0-service-mediatek  D  GetForceAECRecState(), mForceAECRec=0
2026-04-08 23:32:58.263   332-617   AudioALSAStreamManager  and...re.audio@2.0-service-mediatek  E  -openInputStream(), set fail, return NULL
2026-04-08 23:32:58.264   332-617   AudioALSAStreamIn       and...re.audio@2.0-service-mediatek  D  ~AudioALSAStreamIn()
2026-04-08 23:32:58.264   332-617   DeviceHAL               and...re.audio@2.0-service-mediatek  W  Device open_input_stream: Invalid argument
2026-04-08 23:32:58.264   332-617   AudioALSAStreamManager  and...re.audio@2.0-service-mediatek  D  openInputStream(), devices = 0x80000004, format = 0x1, channels = 0x10, sampleRate = 16000, status = 790, acoustics = 0x0
2026-04-08 23:32:58.264   332-617   AudioALSAStreamIn       and...re.audio@2.0-service-mediatek  D  AudioALSAStreamIn()
2026-04-08 23:32:58.264   332-617   AudioALSAStreamIn       and...re.audio@2.0-service-mediatek  D  set(), devices = 0x80000004, format = 0x1, channels = 0x10, sampleRate = 16000, acoustics = 0x0, flags = 0
2026-04-08 23:32:58.264   332-617   AudioALSAStreamIn       and...re.audio@2.0-service-mediatek  D  CheckBesRecordInfo()
2026-04-08 23:32:58.264   332-617   AudioSpeechEnhanceInfo  and...re.audio@2.0-service-mediatek  D  GetBesRecScene() -1
2026-04-08 23:32:58.265   332-617   AudioSpeechEnhanceInfo  and...re.audio@2.0-service-mediatek  D  IsBesRecTuningEnable()- 0
2026-04-08 23:32:58.265   332-617   NVRAM                   and...re.audio@2.0-service-mediatek  D  getNumMicSupport(), dualMicFlag 1, numMicString 2
2026-04-08 23:32:58.265   332-617   NVRAM                   and...re.audio@2.0-service-mediatek  D  QueryFeatureSupportInfo(), feature support bit 0x1a097c57 
2026-04-08 23:32:58.265   332-617   AudioSpeechEnhanceInfo  and...re.audio@2.0-service-mediatek  D  IsAPDMNRTuningEnable(), 0
2026-04-08 23:32:58.265   332-617   NVRAM                   and...re.audio@2.0-service-mediatek  D  getNumMicSupport(), dualMicFlag 1, numMicString 2
2026-04-08 23:32:58.265   332-617   NVRAM                   and...re.audio@2.0-service-mediatek  D  QueryFeatureSupportInfo(), feature support bit 0x1a097c57 
2026-04-08 23:32:58.265   332-617   AudioSpeechEnhanceInfo  and...re.audio@2.0-service-mediatek  D  GetForceMagiASRState(), feature_support=1a097c57, 400, mForceMagiASR=0
2026-04-08 23:32:58.265   332-617   AudioSpeechEnhanceInfo  and...re.audio@2.0-service-mediatek  D  GetForceAECRecState(), mForceAECRec=0
2026-04-08 23:32:58.265   332-617   AudioALSAStreamIn       and...re.audio@2.0-service-mediatek  D  checkOpenStreamSampleRate(), origin sampleRate 16000, kDefaultInputSourceSampleRate 48000.
2026-04-08 23:32:58.265   332-617   AudioALSAStreamIn       and...re.audio@2.0-service-mediatek  D  set() done, sampleRate = 16000, num_channels = 1, buffer_size=640, tempDebugflag = 0
2026-04-08 23:32:58.265   332-617   AudioALSAStreamManager  and...re.audio@2.0-service-mediatek  D  -openInputStream(), in = 0xb5d6aa00, status = 0x0, mStreamInVector.size() = 1
2026-04-08 23:32:58.265   332-617   AudioALSAStreamIn       and...re.audio@2.0-service-mediatek  D  +setParameters(): input_source=1
2026-04-08 23:32:58.265   332-617   AudioALSAStreamIn       and...re.audio@2.0-service-mediatek  D  -setParameters(): input_source=1 
2026-04-08 23:32:58.268   381-7027  AudioFlinger_Threads    audioserver                          I  AudioFlinger's thread 0xa8003bc0 tid=7027 ready to run
2026-04-08 23:32:58.268   332-946   AudioALSAStreamIn       and...re.audio@2.0-service-mediatek  D  +standby()
2026-04-08 23:32:58.268   332-946   AudioALSAStreamIn       and...re.audio@2.0-service-mediatek  D  -standby()
2026-04-08 23:32:58.270   332-946   AudioALSAStreamIn       and...re.audio@2.0-service-mediatek  D  +standby()
2026-04-08 23:32:58.270   332-946   AudioALSAStreamIn       and...re.audio@2.0-service-mediatek  D  -standby()
2026-04-08 23:32:58.272   381-6565  AudioFlinger            audioserver                          D  track(0xa8fb0140): mIsOut 0, mFrameCount 2880, mSampleRate 48000, mFormat 1, mChannelCount 1, mTrackCount 127, thread 0xa8003bc0, sessionId 1233
2026-04-08 23:32:58.273  2899-7011  AudioRecord             com.reedersystems.commandcomms       D  openRecord_l: 0x8494e400, mCblk = 0x8527d1c0
2026-04-08 23:32:58.274  2899-7011  AudioRecord             com.reedersystems.commandcomms       D  start: 0x8494e400, sync event 0 trigger session 0
2026-04-08 23:32:58.274   381-6565  APM_AudioPolicyManager  audioserver                          D  startInput() input 790
2026-04-08 23:32:58.275   332-617   AudioALSAHardware       and...re.audio@2.0-service-mediatek  D  +routing createAudioPatch 80000004->Mixer Src 1
2026-04-08 23:32:58.276   332-617   AudioALSAStreamManager  and...re.audio@2.0-service-mediatek  D  +setParameters(), IOport = 790, keyValuePairs = input_source=1;routing=-2147483644
2026-04-08 23:32:58.276   332-617   AudioALSAStreamIn       and...re.audio@2.0-service-mediatek  D  +setParameters(): input_source=1;routing=-2147483644
2026-04-08 23:32:58.276   332-617   AudioALSAStreamManager  and...re.audio@2.0-service-mediatek  D  +routingInputDevice(), input_device: 0x80000004 => 0x80000004
2026-04-08 23:32:58.276   332-617   AudioALSAStreamManager  and...re.audio@2.0-service-mediatek  W  -routingInputDevice(), input_device == current_input_device(0x80000004), return
2026-04-08 23:32:58.276   332-617   AudioALSAStreamIn       and...re.audio@2.0-service-mediatek  D  -setParameters(): input_source=1;routing=-2147483644 
2026-04-08 23:32:58.278  2899-7011  AudioRecord             com.reedersystems.commandcomms       D  start return status 0
2026-04-08 23:32:58.281   356-1663  NxpTml                  vendor.nxp.nxpnfc@1.0-service        E  _i2c_write() errno : 5
2026-04-08 23:32:58.281   356-1663  NxpTml                  vendor.nxp.nxpnfc@1.0-service        E  PN54X - Error in I2C Write.....
2026-04-08 23:32:58.281   356-1663  NxpTml                  vendor.nxp.nxpnfc@1.0-service        D  PN54X - Posting Fresh Write message.....
2026-04-08 23:32:58.281   356-1663  NxpTml                  vendor.nxp.nxpnfc@1.0-service        D  PN54X - Tml Writer Thread Running................
2026-04-08 23:32:58.281   356-1665  NxpFwDnld               vendor.nxp.nxpnfc@1.0-service        E  Tml Write error!!
2026-04-08 23:32:58.281   356-1665  NxpFwDnld               vendor.nxp.nxpnfc@1.0-service        E  phNxpNciHal_fw_dnld_get_sessn_state_cb - Request Failed!!
2026-04-08 23:32:58.281   356-356   NxpFwDnld               vendor.nxp.nxpnfc@1.0-service        E  phDnldNfc_GetSessionState cb failed
2026-04-08 23:32:58.281   356-356   NxpFwDnld               vendor.nxp.nxpnfc@1.0-service        E   phNxpNciHal_fw_seq_handler : FAILED
2026-04-08 23:32:58.281   356-356   NxpFwDnld               vendor.nxp.nxpnfc@1.0-service        D  phNxpNciHal_fw_dnld_complete: Download Status = 0xff
2026-04-08 23:32:58.281   356-356   NxpFwDnld               vendor.nxp.nxpnfc@1.0-service        E  Fw Download Failed!!
2026-04-08 23:32:58.281   356-356   NxpTml                  vendor.nxp.nxpnfc@1.0-service        D  phTmlNfc_i2c_reset(), VEN level 0
2026-04-08 23:32:58.282   332-7028  AudioALSAStreamIn       and...re.audio@2.0-service-mediatek  D  open()
2026-04-08 23:32:58.282   332-7028  AudioALSAStreamManager  and...re.audio@2.0-service-mediatek  D  +createCaptureHandler(), mAudioMode = 3, input_source = 1, input_device = 0x80000004, mBypassDualMICProcessUL=0, sample_rate=16000
2026-04-08 23:32:58.282   332-7028  NVRAM                   and...re.audio@2.0-service-mediatek  D  getNumMicSupport(), dualMicFlag 1, numMicString 2
2026-04-08 23:32:58.282   332-7028  NVRAM                   and...re.audio@2.0-service-mediatek  D  QueryFeatureSupportInfo(), feature support bit 0x1a097c57 
2026-04-08 23:32:58.282   332-7028  AudioALSAStreamManager  and...re.audio@2.0-service-mediatek  D  -EnableBesRecord(), 1
2026-04-08 23:32:58.283   332-7028  AudioALSAC...andlerBase and...re.audio@2.0-service-mediatek  D  AudioALSACaptureHandlerBase()
2026-04-08 23:32:58.283   332-7028  AudioALSAC...HandlerAEC and...re.audio@2.0-service-mediatek  D  AudioALSACaptureHandlerAEC()
2026-04-08 23:32:58.283   332-7028  AudioALSAC...HandlerAEC and...re.audio@2.0-service-mediatek  D  +open(), input_device = 0x80000004, input_source = 0x1, sample_rate=16000, num_channels=1, output_devices=0x2
2026-04-08 23:32:58.283   332-7028  AudioALSAC...DataClient and...re.audio@2.0-service-mediatek  D  AudioALSACaptureDataClient()
2026-04-08 23:32:58.283   365-434   HWComposer              surfaceflinger                       W  Ignoring duplicate VSYNC event from HWC (t=0)
2026-04-08 23:32:58.283   332-7028  AudioSPELayer           and...re.audio@2.0-service-mediatek  D  SPELayer+
2026-04-08 23:32:58.284   332-7028  AudioSPELayer           and...re.audio@2.0-service-mediatek  D  GetVoIPJitterTime JitterTime=0,ret=1
2026-04-08 23:32:58.286   332-7028  AudioSPELayer           and...re.audio@2.0-service-mediatek  D  SPELayer-
2026-04-08 23:32:58.286   332-7028  AudioMTKGainController  and...re.audio@2.0-service-mediatek  D  +SetCaptureGain(), mode=3, source=1, input device=0x80000004, output device=0x2
2026-04-08 23:32:58.286   332-7028  AudioUtility            and...re.audio@2.0-service-mediatek  D  IsAudioSupportFeature AUDIO_SUPPORT_DMIC bSupportFlg[0]
2026-04-08 23:32:58.286   332-7028  AudioMTKGainController  and...re.audio@2.0-service-mediatek  D  ApplyMicGain(), mSceneIndex = 0, _mic_mode = 4, _gain_device = 2, mode = 3, micgain = 12, mULTotalGain = 120, mBand = 0, mNetwork = 0, analogidx = 0
2026-04-08 23:32:58.286   332-7028  AudioALSAC...DataClient and...re.audio@2.0-service-mediatek  D  AudioALSACaptureDataClient(), besrecord_enable=1, besrecord_scene=-1
2026-04-08 23:32:58.286   332-7028  AudioSPELayer           and...re.audio@2.0-service-mediatek  D  SetVMDumpEnable(), 0
2026-04-08 23:32:58.286   332-7028  AudioSPELayer           and...re.audio@2.0-service-mediatek  D  SetVMDumpFileName()+, VMFileName=
2026-04-08 23:32:58.286   332-7028  AudioSPELayer           and...re.audio@2.0-service-mediatek  D  SetVMDumpFileName()-, VMFileName=, mVMDumpFileName=
2026-04-08 23:32:58.286   332-7028  AudioSPELayer           and...re.audio@2.0-service-mediatek  D  SetPlatfromTimeOffset, old=0, new=-4
2026-04-08 23:32:58.286   332-7028  AudioALSAC...DataClient and...re.audio@2.0-service-mediatek  D  CheckBesRecordBypass() 0
2026-04-08 23:32:58.286   332-7028  AudioALSAC...DataClient and...re.audio@2.0-service-mediatek  D  +ConfigBesRecordParams()
2026-04-08 23:32:58.286   332-7028  AudioALSAC...DataClient and...re.audio@2.0-service-mediatek  D  +GetBesRecordRoutePath(), output device = 0x2, input device = 0x80000004
2026-04-08 23:32:58.286   332-7028  AudioALSAC...DataClient and...re.audio@2.0-service-mediatek  D  ConfigBesRecordParams(), categoryPath = Profile,Hands-free no 1mic NR, mBesRecordStereoMode = 0, input_source = 1, input_devices = 80000004, bVoIPEnable = 1, bypassDualProcess = 0
2026-04-08 23:32:58.287   332-7028  AudioSPELayer           and...re.audio@2.0-service-mediatek  D  SetCompFilter, SPE_MODE=2
2026-04-08 23:32:58.287   332-7028  NVRAM                   and...re.audio@2.0-service-mediatek  D  getNumMicSupport(), dualMicFlag 1, numMicString 2
2026-04-08 23:32:58.287   332-7028  NVRAM                   and...re.audio@2.0-service-mediatek  D  QueryFeatureSupportInfo(), feature support bit 0x1a097c57 
2026-04-08 23:32:58.287   332-7028  NVRAM                   and...re.audio@2.0-service-mediatek  D  getNumMicSupport(), dualMicFlag 1, numMicString 2
2026-04-08 23:32:58.287   332-7028  NVRAM                   and...re.audio@2.0-service-mediatek  D  QueryFeatureSupportInfo(), feature support bit 0x1a097c57 
2026-04-08 23:32:58.287   332-7028  AudioALSAC...DataClient and...re.audio@2.0-service-mediatek  D  SetDMNREnable(), type=2, bypassDMNR=0
2026-04-08 23:32:58.287   332-7028  NVRAM                   and...re.audio@2.0-service-mediatek  D  getNumMicSupport(), dualMicFlag 1, numMicString 2
2026-04-08 23:32:58.287   332-7028  NVRAM                   and...re.audio@2.0-service-mediatek  D  QueryFeatureSupportInfo(), feature support bit 0x1a097c57 
2026-04-08 23:32:58.287   332-7028  NVRAM                   and...re.audio@2.0-service-mediatek  D  getNumMicSupport(), dualMicFlag 1, numMicString 2
2026-04-08 23:32:58.287   332-7028  NVRAM                   and...re.audio@2.0-service-mediatek  D  QueryFeatureSupportInfo(), feature support bit 0x1a097c57 
2026-04-08 23:32:58.287   332-7028  AudioSPELayer           and...re.audio@2.0-service-mediatek  D  SetDynamicFuncCtrl(), SetDynamicFuncCtrl ffffffff(40), enable(1) == current_state(1)
2026-04-08 23:32:58.287   332-7028  AudioSPELayer           and...re.audio@2.0-service-mediatek  D  SetDynamicFuncCtrl(), SetDynamicFuncCtrl fffffffd
2026-04-08 23:32:58.287   332-7028  AudioSPELayer           and...re.audio@2.0-service-mediatek  D  SetRoute, 2
2026-04-08 23:32:58.287   332-7028  AudioSPELayer           and...re.audio@2.0-service-mediatek  D  SetMICDigitalGain, MIC_DG, SPE_MODE=2, gain=16
2026-04-08 23:32:58.287   332-7028  AudioSPELayer           and...re.audio@2.0-service-mediatek  D  SetUpLinkTotalGain, SPE_MODE=2, gain=120
2026-04-08 23:32:58.287   332-7028  AudioALSAC...DataClient and...re.audio@2.0-service-mediatek  D  -ConfigBesRecordParams()
2026-04-08 23:32:58.287   332-7028  AudioALSAC...DataClient and...re.audio@2.0-service-mediatek  D  +StartBesRecord()
2026-04-08 23:32:58.287   332-7028  AudioSPELayer           and...re.audio@2.0-service-mediatek  D  GetVoIPLatencyTime LatencyTime=0,ret=1
2026-04-08 23:32:58.287   332-7028  AudioSPELayer           and...re.audio@2.0-service-mediatek  D  mLatencyTime=4,mLatencyDir=0
2026-04-08 23:32:58.287   332-7028  AudioSPELayer           and...re.audio@2.0-service-mediatek  D  Start, SWIP ver = 10.2
2026-04-08 23:32:58.288   332-7028  AudioSPELayer           and...re.audio@2.0-service-mediatek  D  Start, going to configure,mSphCtrlBuffer=0xb3a83780,mem_size=226672
2026-04-08 23:32:58.288   332-7028  AudioSPELayer           and...re.audio@2.0-service-mediatek  D  dump, State=0, mode=0
2026-04-08 23:32:58.288   332-7028  AudioSPELayer           and...re.audio@2.0-service-mediatek  D  Record:Samplerate = 48000, FrameRate=20,App_table=8, Fea_Cfg_table=1ff
2026-04-08 23:32:58.288   332-7028  AudioSPELayer           and...re.audio@2.0-service-mediatek  D  Record:EnhanceParas
2026-04-08 23:32:58.288   332-7028  AudioSPELayer           and...re.audio@2.0-service-mediatek  D  [index 0] 96,253,16388,32796,49415,0,400
2026-04-08 23:32:58.288   332-7028  AudioSPELayer           and...re.audio@2.0-service-mediatek  D  [index 1] 0,272,4325,99,0,0,0
2026-04-08 23:32:58.288   332-7028  AudioSPELayer           and...re.audio@2.0-service-mediatek  D  [index 2] 0,8192,0,0,0,10752,32769
2026-04-08 23:32:58.288   332-7028  AudioSPELayer           and...re.audio@2.0-service-mediatek  D  [index 3] 0,0,0,0,0,0,0
2026-04-08 23:32:58.288   332-7028  AudioSPELayer           and...re.audio@2.0-service-mediatek  D  [index 4] 0,0,0,0,0,0,0
2026-04-08 23:32:58.288   332-7028  AudioSPELayer           and...re.audio@2.0-service-mediatek  D  [index 5] 0,0,0,0,0,0,0
2026-04-08 23:32:58.288   332-7028  AudioSPELayer           and...re.audio@2.0-service-mediatek  D  [index 6] 0,0,0,0,0,0,0
2026-04-08 23:32:58.288   332-7028  AudioSPELayer           and...re.audio@2.0-service-mediatek  D  [index 7] 0,0,0,0,0,0,0
2026-04-08 23:32:58.288   332-7028  AudioSPELayer           and...re.audio@2.0-service-mediatek  D  Using:Samplerate = 16000, FrameRate=20,MIC_DG=16, App_table=2, Fea_Cfg_table=1ff, MMI_table=fffffffd, Device_mode=2, MMI_MIC_GAIN=120
2026-04-08 23:32:58.288   332-7028  AudioSPELayer           and...re.audio@2.0-service-mediatek  D  Using:EnhanceParas
2026-04-08 23:32:58.288   332-7028  AudioSPELayer           and...re.audio@2.0-service-mediatek  D  [index 0] 192,224,2218,29,57351,24607,0
2026-04-08 23:32:58.288   332-7028  AudioSPELayer           and...re.audio@2.0-service-mediatek  D  [index 1] 4,276,197,611,0,13066,0
2026-04-08 23:32:58.288   332-7028  AudioSPELayer           and...re.audio@2.0-service-mediatek  D  [index 2] 0,0,0,0,0,0,0
2026-04-08 23:32:58.288   332-7028  AudioSPELayer           and...re.audio@2.0-service-mediatek  D  [index 3] 0,0,0,0,0,0,0
2026-04-08 23:32:58.288   332-7028  AudioSPELayer           and...re.audio@2.0-service-mediatek  D  [index 4] 0,0,0,0,0,0,0
2026-04-08 23:32:58.288   332-7028  AudioSPELayer           and...re.audio@2.0-service-mediatek  D  [index 5] 0,0,0,0,0,0,0
2026-04-08 23:32:58.288   332-7028  AudioSPELayer           and...re.audio@2.0-service-mediatek  D  [index 6] 0,0,0,0,0,0,0
2026-04-08 23:32:58.288   332-7028  AudioSPELayer           and...re.audio@2.0-service-mediatek  D  [index 7] 55997,31000,10752,32769,0,0,0
2026-04-08 23:32:58.288   332-7028  AudioSPELayer           and...re.audio@2.0-service-mediatek  D  Using:DMNRCalData
2026-04-08 23:32:58.288   332-7028  AudioSPELayer           and...re.audio@2.0-service-mediatek  D  [index 0] 0,0,0,0,0,0,0,0,0,0,0,0,0,0,0,0,0,0,0
2026-04-08 23:32:58.288   332-7028  AudioSPELayer           and...re.audio@2.0-service-mediatek  D  [index 1] 0,0,0,0,0,0,0,0,0,0,0,0,0,0,0,0,0,0,0
2026-04-08 23:32:58.288   332-7028  AudioSPELayer           and...re.audio@2.0-service-mediatek  D  [index 2] 0,0,0,0,0,0,0,0,0,0,0,0,0,0,0,0,0,0,0
2026-04-08 23:32:58.288   332-7028  AudioSPELayer           and...re.audio@2.0-service-mediatek  D  [index 3] 0,0,0,0,0,0,0,0,0,0,0,0,0,0,0,0,0,0,0
2026-04-08 23:32:58.289   332-7028  AudioSPELayer           and...re.audio@2.0-service-mediatek  D  mSph_Enh_ctrl.frame_rate 20
2026-04-08 23:32:58.289   332-7028  AudioSPELayer           and...re.audio@2.0-service-mediatek  D  mNsecPerSample=62500
2026-04-08 23:32:58.289   332-7028  AudioSPELayer           and...re.audio@2.0-service-mediatek  D  mSPEProcessBufSize=1280
2026-04-08 23:32:58.289   332-7028  AudioALSAC...DataClient and...re.audio@2.0-service-mediatek  D  -StartBesRecord()
2026-04-08 23:32:58.289   332-7028  AudioALSAC...DataClient and...re.audio@2.0-service-mediatek  D  IsLowLatencyCapture(), low_latency_on: 0, voip_on: 1
2026-04-08 23:32:58.289   332-7028  chatty                  and...re.audio@2.0-service-mediatek  I  uid=1041(audioserver) reader identical 2 lines
2026-04-08 23:32:58.289   332-7028  AudioALSAC...DataClient and...re.audio@2.0-service-mediatek  D  IsLowLatencyCapture(), low_latency_on: 0, voip_on: 1
2026-04-08 23:32:58.289   332-7028  AudioALSAC...DataClient and...re.audio@2.0-service-mediatek  D  sample rate = 16000, drop ms = 25, channels = 1, byts per sample = 2, dropBesRecordDataSize = 1280
2026-04-08 23:32:58.289   332-7028  AudioPreProcess         and...re.audio@2.0-service-mediatek  D  AudioPreProcess()+
2026-04-08 23:32:58.289   332-7028  AudioPreProcess         and...re.audio@2.0-service-mediatek  D  AudioPreProcess()-
2026-04-08 23:32:58.289   332-7028  AudioALSAC...oviderBase and...re.audio@2.0-service-mediatek  D  configStreamAttribute(), audio_mode: 3 => 3, input_device: 0x80000004 => 0x80000004, flag: 0x0 => 0x0, input_source: 9->1
2026-04-08 23:32:58.289   332-7028  AudioALSAC...oviderBase and...re.audio@2.0-service-mediatek  D  attach(), 0xb491dc80, mCaptureDataClientVector.size()=0, Identity=0xb5d7d800
2026-04-08 23:32:58.289   332-7028  AudioALSADeviceParser   and...re.audio@2.0-service-mediatek  D  compare pcm success = 1, stringpair = MultiMedia1_Capture
2026-04-08 23:32:58.289   332-7028  AudioALSAC...iderNormal and...re.audio@2.0-service-mediatek  D  open(+), audiomode=0, cardindex = 0, pcmindex = 1
2026-04-08 23:32:58.290   332-7028  AudioSpeechEnhanceInfo  and...re.audio@2.0-service-mediatek  D  GetHifiRecord, mHiFiRecordEnable=0
2026-04-08 23:32:58.290   332-7028  AudioALSAC...iderNormal and...re.audio@2.0-service-mediatek  D  buffersizemax: 49152, bHifiRecord: 0, btempDebug: 0
2026-04-08 23:32:58.290   332-7028  AudioALSAC...DataClient and...re.audio@2.0-service-mediatek  D  IsLowLatencyCapture(), low_latency_on: 0, voip_on: 1
2026-04-08 23:32:58.290   332-7028  AudioALSAC...iderNormal and...re.audio@2.0-service-mediatek  D  mConfig format: 1, channels: 2, rate: 48000, period_size: 960, period_count: 6, latency: 20, kReadBufferSize: 7680, mCaptureDropSize: 0
2026-04-08 23:32:58.290   332-7028  AudioALSADeviceParser   and...re.audio@2.0-service-mediatek  D  compare pcm success = 1, stringpair = MultiMedia1_Capture
2026-04-08 23:32:58.291   332-7028  AudioALSAH...rceManager and...re.audio@2.0-service-mediatek  D  +startInputDevice(), new_device = 0x80000004, mInputDevice = 0x0, mStartInputDeviceCount = 0, mMicInverse = 0, mNumPhoneMicSupport = 2
2026-04-08 23:32:58.291   332-7028  AudioALSAD...figManager and...re.audio@2.0-service-mediatek  D  ApplyDeviceSettingByName() DeviceName = Mic1TypeACCMode descriptor->DeviceStatusCounter = 0
2026-04-08 23:32:58.291   332-7028  AudioALSAD...figManager and...re.audio@2.0-service-mediatek  D  ApplyDeviceSettingByName() DeviceName = Mic2TypeACCMode descriptor->DeviceStatusCounter = 0
2026-04-08 23:32:58.292   332-7028  AudioUtility            and...re.audio@2.0-service-mediatek  D  IsAudioSupportFeature AUDIO_SUPPORT_DMIC bSupportFlg[0]
2026-04-08 23:32:58.292   332-7028  AudioALSAD...figManager and...re.audio@2.0-service-mediatek  D  ApplyDeviceTurnonSequenceByName() DeviceName = builtin_Mic_DualMic descriptor->DeviceStatusCounte = 0
2026-04-08 23:32:58.292   332-7028  AudioALSAC...iderNormal and...re.audio@2.0-service-mediatek  D  open(-)
2026-04-08 23:32:58.292   332-7028  AudioSPELayer           and...re.audio@2.0-service-mediatek  D  SetUPLinkDropTime, 0
2026-04-08 23:32:58.292   332-7028  AudioALSAC...DataClient and...re.audio@2.0-service-mediatek  D  sample_rate: 48000 => 16000, num_channels: 2 => 2, audio_format: 0x4 => 0x1
2026-04-08 23:32:58.292   332-7028  MtkAudioSrc             and...re.audio@2.0-service-mediatek  D  open(), SR 48000, CH 2; out SR 16000, CH 2; format 0, mState = 2
2026-04-08 23:32:58.292   332-7028  AudioALSAC...DataClient and...re.audio@2.0-service-mediatek  D  CheckNeedBesRecordSRC(), mStreamAttributeSource->sample_rate=48000, mStreamAttributeSource->num_channels=2, mStreamAttributeTarget->sample_rate=16000,mStreamAttributeTarget->num_channels=1, BesRecord_usingsamplerate=16000
2026-04-08 23:32:58.292   332-7028  MtkAudioSrc             and...re.audio@2.0-service-mediatek  D  open(), SR 48000, CH 2; out SR 16000, CH 2; format 0, mState = 2
2026-04-08 23:32:58.293   332-7028  AudioALSAC...DataClient and...re.audio@2.0-service-mediatek  D  CheckNeedBesRecordSRC(), 1, 16000, mBesRecSRCSizeFactor=1
2026-04-08 23:32:58.293   332-7028  AudioALSAC...DataClient and...re.audio@2.0-service-mediatek  D  CheckChannelRemixOp(), ch 2->1 (mBesRecordStereoMode = 0, BesRecord enable = 1), ChannelRemixOp = 4
2026-04-08 23:32:58.293   332-7028  AudioALSAC...DataClient and...re.audio@2.0-service-mediatek  D  +AddEchoRefDataProvider()
2026-04-08 23:32:58.293   332-7028  AudioALSAC...DataClient and...re.audio@2.0-service-mediatek  D  AddEchoRefDataProvider(), mCaptureDataProviderEchoRef=0xb491df00
2026-04-08 23:32:58.293   332-7028  AudioALSAC...oviderBase and...re.audio@2.0-service-mediatek  D  attach(), 0xb491df00, mCaptureDataClientVector.size()=0, Identity=0xb5d7d800
2026-04-08 23:32:58.293   332-7028  AudioALSAC...derEchoRef and...re.audio@2.0-service-mediatek  D  open()
2026-04-08 23:32:58.293   332-7028  AudioALSAC...DataClient and...re.audio@2.0-service-mediatek  D  IsLowLatencyCapture(), low_latency_on: 0, voip_on: 1
2026-04-08 23:32:58.293   332-7028  AudioALSAC...derEchoRef and...re.audio@2.0-service-mediatek  D  open(), audio_format = 1, audio_channel_mask=c, num_channels=2, sample_rate=48000, buf_total_latency=120ms
2026-04-08 23:32:58.293   332-7028  AudioALSAC...derEchoRef and...re.audio@2.0-service-mediatek  D  open(), format = 0, channels=2, rate=48000, period_size=240, period_count=24,latency=5,kReadBufferSize=960
2026-04-08 23:32:58.293   332-7028  AudioALSADeviceParser   and...re.audio@2.0-service-mediatek  D  compare pcm success = 9, stringpair = DL1_AWB_Record
2026-04-08 23:32:58.294   332-7028  MtkAudioSrc             and...re.audio@2.0-service-mediatek  D  open(), SR 48000, CH 2; out SR 16000, CH 2; format 0, mState = 2
2026-04-08 23:32:58.294   332-7030  AudioALSAC...DataClient and...re.audio@2.0-service-mediatek  D  IsLowLatencyCapture(), low_latency_on: 0, voip_on: 1
2026-04-08 23:32:58.294   332-7029  AudioALSAC...DataClient and...re.audio@2.0-service-mediatek  D  IsLowLatencyCapture(), low_latency_on: 0, voip_on: 1
2026-04-08 23:32:58.295   332-7030  AudioALSAC...derEchoRef and...re.audio@2.0-service-mediatek  D  +readThread(), pid: 332, tid: 7030, kReadBufferSize=3c0
2026-04-08 23:32:58.295   332-7029  AudioALSAC...iderNormal and...re.audio@2.0-service-mediatek  D  +readThread(), pid: 332, tid: 7029, kReadBufferSize=0x1e00, open_index=96, UPLINK_SET_AMICDCC_BUFFER_TIME_MS = 80, counter=1 
2026-04-08 23:32:58.295   332-7028  MtkAudioSrc             and...re.audio@2.0-service-mediatek  D  open(), SR 16000, CH 2; out SR 16000, CH 1; format 0, mState = 2
2026-04-08 23:32:58.295   332-7028  AudioSPELayer           and...re.audio@2.0-service-mediatek  D  SetDownLinkLatencyTime, 120
2026-04-08 23:32:58.295   332-7028  AudioALSAC...DataClient and...re.audio@2.0-service-mediatek  D  readthread all ready! pcm start
2026-04-08 23:32:58.295   332-7028  AudioSPELayer           and...re.audio@2.0-service-mediatek  D  resync the latency delay time
2026-04-08 23:32:58.295   332-7028  AudioALSAC...DataClient and...re.audio@2.0-service-mediatek  D  AddEchoRefDataProvider(), Source sample_rate=48000, num_channels=2, audio_format=1
2026-04-08 23:32:58.295   332-7029  AudioALSAC...oviderBase and...re.audio@2.0-service-mediatek  D  pcm_start
2026-04-08 23:32:58.295   332-7028  AudioALSAC...DataClient and...re.audio@2.0-service-mediatek  D  AddEchoRefDataProvider(), Target sample_rate=16000, num_channels=2, audio_format=1
2026-04-08 23:32:58.295   332-7028  AudioALSAC...DataClient and...re.audio@2.0-service-mediatek  D  -AddEchoRefDataProvider()
2026-04-08 23:32:58.295   332-7028  AudioALSAC...HandlerAEC and...re.audio@2.0-service-mediatek  D  -open()
2026-04-08 23:32:58.295   332-7030  AudioALSAC...oviderBase and...re.audio@2.0-service-mediatek  D  pcm_start
2026-04-08 23:32:58.306   365-434   HWComposer              surfaceflinger                       W  Ignoring duplicate VSYNC event from HWC (t=0)
2026-04-08 23:32:58.330   365-434   HWComposer              surfaceflinger                       W  Ignoring duplicate VSYNC event from HWC (t=0)
2026-04-08 23:32:58.336   332-7029  AudioSPELayer           and...re.audio@2.0-service-mediatek  D  PrepareProcessData+
2026-04-08 23:32:58.336   332-7029  AudioSPELayer           and...re.audio@2.0-service-mediatek  D  mDLInBufferQ i=0, length=160, 0xb4904cc0, Sec=5387, NSec=150868327
2026-04-08 23:32:58.336   332-7029  AudioSPELayer           and...re.audio@2.0-service-mediatek  D  mDLInBufferQ i=1, length=160, 0xb4904d60, Sec=5387, NSec=155841967
2026-04-08 23:32:58.336   332-7029  AudioSPELayer           and...re.audio@2.0-service-mediatek  D  mDLInBufferQ i=2, length=160, 0xb4904e00, Sec=5387, NSec=160801762
2026-04-08 23:32:58.336   332-7029  AudioSPELayer           and...re.audio@2.0-service-mediatek  D  mDLInBufferQ i=3, length=160, 0xb4904ea0, Sec=5387, NSec=165809434
2026-04-08 23:32:58.336   332-7029  AudioSPELayer           and...re.audio@2.0-service-mediatek  D  mDLInBufferQ i=4, length=160, 0xb4904f40, Sec=5387, NSec=170812641
2026-04-08 23:32:58.336   332-7029  AudioSPELayer           and...re.audio@2.0-service-mediatek  D  mDLInBufferQ i=5, length=160, 0xb4904fe0, Sec=5387, NSec=175867589
