--------- beginning of system
2026-04-10 21:56:03.419   737-980   UserRestrictionsUtils   system_server                        E  Unknown restriction: com.reedersystems.commandcomms
--------- beginning of main
2026-04-10 22:06:28.927  6608-6608  [PTT-DIAG]              com.reedersystems.commandcomms       D  MainActivity PTT UP source=MainActivity code=230 action=UP ts=1775873188927
2026-04-10 22:06:28.927  6608-6608  [PTT-DIAG]              com.reedersystems.commandcomms       D  MainActivity PTT UP — forwarding to BackgroundAudioService (signaling=true)
2026-04-10 22:06:28.931  6608-9730  [AudioDSP]              com.reedersystems.commandcomms       D  TX_GATE CLOSED envelope=-85.2dB threshold=-50.0dB frame=21 t=667ms
2026-04-10 22:06:28.932  6608-6608  [PTT-DIAG]              com.reedersystems.commandcomms       D  {"event":"RADIO_PTT_UP","pttState":"TRANSMITTING","channelKey":"DISPATCH__DISPATCH"}
2026-04-10 22:06:28.932  6608-6608  [PTT-DIAG]              com.reedersystems.commandcomms       D  PTT_STATE TRANSMITTING -> CLEANING_UP channelKey=DISPATCH__DISPATCH
2026-04-10 22:06:28.952  6608-6608  [PTT-DIAG]              com.reedersystems.commandcomms       D  {"event":"RADIO_PTT_UP","pttState":"CLEANING_UP","channelKey":"DISPATCH__DISPATCH"}
2026-04-10 22:06:28.978  6608-6608  [PTT-DIAG]              com.reedersystems.commandcomms       D  PTT_TX_STARTED received — setting pttState = TRANSMITTING
2026-04-10 22:06:29.034  6608-6972  [AudioPlay]             com.reedersystems.commandcomms       D  PLC frame for seq=17256 (total=16881) jbSize=1 t=771ms
2026-04-10 22:06:29.228  6608-6666  [AudioPlay]             com.reedersystems.commandcomms       D  PLC frame for seq=17266 (total=16891) jbSize=1 t=964ms
2026-04-10 22:06:29.237  6608-7136  [RadioError]            com.reedersystems.commandcomms       E  OPUS_ENCODE_ASSERTION_FAILURE frame=16 source=VOICE_COMMUNICATION samples=320 bytes=640 expectedBytes=640 sampleRate=16000 frameSize=320 consecutiveFailures=1 assertionFailures=5 method=encode
2026-04-10 22:06:29.238  6608-7136  [OpusCodec]             com.reedersystems.commandcomms       D  Encoder re-initialized after assertion failure (sampleRate=16000 frameSize=320 complexity=5 VBR=false bitrate=64000) t=974ms
2026-04-10 22:06:29.238  6608-7136  [AudioDSP]              com.reedersystems.commandcomms       D  DSP_STATE_RESET_PENDING reason=encoder_reinitialized frame=20 t=975ms
2026-04-10 22:06:29.243  6608-7136  [RadioError]            com.reedersystems.commandcomms       E  OPUS_ENCODE_ASSERTION_FAILURE frame=16 source=VOICE_COMMUNICATION samples=320 bytes=640 expectedBytes=640 sampleRate=16000 frameSize=320 consecutiveFailures=2 assertionFailures=6 method=encode
2026-04-10 22:06:29.244  6608-7136  [OpusCodec]             com.reedersystems.commandcomms       D  Encoder re-initialized after assertion failure (sampleRate=16000 frameSize=320 complexity=5 VBR=false bitrate=64000) t=980ms
2026-04-10 22:06:29.244  6608-7136  [AudioDSP]              com.reedersystems.commandcomms       D  DSP_STATE_RESET_PENDING reason=encoder_reinitialized frame=21 t=980ms
2026-04-10 22:06:29.245  6608-7136  [RadioEngine]           com.reedersystems.commandcomms       D  ENCODE_THREAD_EXIT framesEncoded=22 t=981ms
2026-04-10 22:06:29.268  6608-7136  AudioRecord             com.reedersystems.commandcomms       D  stop: 0x8387f400
2026-04-10 22:06:29.299  6608-7136  AudioRecord             com.reedersystems.commandcomms       D  stop done
2026-04-10 22:06:29.299  6608-7136  AudioRecord             com.reedersystems.commandcomms       D  stop: 0x8387f400
2026-04-10 22:06:29.299  6608-7136  AudioRecord             com.reedersystems.commandcomms       D  stop: 0x8387f400
2026-04-10 22:06:29.304  6608-7136  [RadioState]            com.reedersystems.commandcomms       D  State transition: TRANSMITTING -> IDLE reason=tx_stopped activeChannel=DISPATCH__DISPATCH txPipeline=false rxPipeline=true t=1040ms
2026-04-10 22:06:29.304  6608-6608  [PTT-DIAG]              com.reedersystems.commandcomms       D  RadioState updated: IDLE
2026-04-10 22:06:29.304  6608-7136  [RadioEngine]           com.reedersystems.commandcomms       D  {"event":"TX_STOPPED","cleanupMs":358,"lastSendGapMs":60,"durationMs":1041,"framesRead":22,"framesEncoded":22,"pktSent":22,"failures":0,"pcmFallback":6,"silentFrames":18,"stopReason":"ptt_release"}
2026-04-10 22:06:29.313  6608-7136  [RadioEngine]           com.reedersystems.commandcomms       D  TX_SESSION_END duration=1041ms reqRate=16000 actRate=16000 ch=1 src=VOICE_COMMUNICATION framesRead=22 framesEncoded=22 pktSent=22 failures=0 encodeFailures=0 assertionFailures=6 pcmFallback=6 silentFrames=18 partials=0 zeros=0 probeRms=[] first10rms=[1.3,2.5,1.9,2.2,14.6,23.7,33.7,28.4,240.6,106.3] stop=ptt_release lastSendGapMs=60 t=1049ms
2026-04-10 22:06:29.313  6608-7136  [FloorCtrl]             com.reedersystems.commandcomms       D  releaseFloor channelKey=DISPATCH__DISPATCH state=IDLE t=1049ms
2026-04-10 22:06:29.313  6608-7136  [RadioSigGW]            com.reedersystems.commandcomms       D  releaseFloor channelKey=DISPATCH__DISPATCH t=1050ms
2026-04-10 22:06:29.313  6608-7136  [PTT-DIAG]              com.reedersystems.commandcomms       D  [FloorCtrl] SIGNALING_FLOOR_RELEASE channelKey=DISPATCH__DISPATCH unitId=INDIANA-1
2026-04-10 22:06:29.315  6608-7136  [PTT-DIAG]              com.reedersystems.commandcomms       D  {"event":"PTT_RELEASE_SENT","channelId":"DISPATCH__DISPATCH"}
2026-04-10 22:06:29.315  6608-7136  [PTT-DIAG]              com.reedersystems.commandcomms       D  Sending PTT_TX_ENDED broadcast
2026-04-10 22:06:29.315  6608-6972  [PTT-DIAG]              com.reedersystems.commandcomms       D  Floor RELEASED
2026-04-10 22:06:29.324  6608-7136  [ToneEvent]             com.reedersystems.commandcomms       D  {"tone":"end-of-tx","trigger":"ptt_up","state":"CLEANING_UP","signaling":true,"ts":1775873189324}
2026-04-10 22:06:29.332  6608-7136  [PTT-DIAG]              com.reedersystems.commandcomms       D  Radio PTT UP: end-of-TX tone for roomKey DISPATCH__DISPATCH
2026-04-10 22:06:29.332  6608-7136  [PTT-DIAG]              com.reedersystems.commandcomms       D  PTT_STATE CLEANING_UP -> IDLE channelKey=DISPATCH__DISPATCH
2026-04-10 22:06:29.332  6608-7136  [PTT-DIAG]              com.reedersystems.commandcomms       D  {"event":"PTT_CLEANUP_COMPLETE","state":"IDLE","cleanupMs":400}
2026-04-10 22:06:29.333  6608-6608  [PTT-DIAG]              com.reedersystems.commandcomms       D  PTT_TX_ENDED received — setting pttState = IDLE
2026-04-10 22:06:29.362  6608-6978  AudioTrack              com.reedersystems.commandcomms       W  releaseBuffer() track 0x9a662000 disabled due to previous underrun, restarting
2026-04-10 22:06:29.423  6608-6666  [FloorCtrl]             com.reedersystems.commandcomms       D  Channel idle state=IDLE t=1159ms
2026-04-10 22:06:29.436  6608-6972  [AudioPlay]             com.reedersystems.commandcomms       D  PLC frame for seq=17276 (total=16901) jbSize=1 t=1172ms
2026-04-10 22:06:29.638  6608-6972  [AudioPlay]             com.reedersystems.commandcomms       D  PLC frame for seq=17286 (total=16911) jbSize=1 t=1375ms
2026-04-10 22:06:29.696  6608-6608  [PTT-DIAG]              com.reedersystems.commandcomms       D  MainActivity PTT DOWN source=MainActivity code=230 action=DOWN repeat=0 ts=1775873189696
2026-04-10 22:06:29.696  6608-6608  [PTT-DIAG]              com.reedersystems.commandcomms       D  MainActivity PTT DOWN — forwarding to BackgroundAudioService (signaling=true)
2026-04-10 22:06:29.701  6608-6608  [PTT-DIAG]              com.reedersystems.commandcomms       D  PttHardwareReceiver.onReceive action=android.intent.action.PTT.down extras=null source=broadcast
2026-04-10 22:06:29.702  6608-6608  [PTT-DIAG]              com.reedersystems.commandcomms       D  PttHardwareReceiver: mapped action=android.intent.action.PTT.down -> svcAction=com.reedersystems.commandcomms.SVC_PTT_DOWN
2026-04-10 22:06:29.704  6608-6608  [PTT-DIAG]              com.reedersystems.commandcomms       D  PttHardwareReceiver: WakeLock acquired (auto-releases in 5000ms)
2026-04-10 22:06:29.707  6608-6608  [PTT-DIAG]              com.reedersystems.commandcomms       D  {"event":"RADIO_PTT_DOWN","pttState":"IDLE","signaling":true,"channelKey":"DISPATCH__DISPATCH","channelId":"169"}
2026-04-10 22:06:29.708  6608-6608  [PTT-DIAG]              com.reedersystems.commandcomms       D  PTT_STATE IDLE -> CONNECTING channelKey=DISPATCH__DISPATCH
2026-04-10 22:06:29.720  6608-6608  [ToneEvent]             com.reedersystems.commandcomms       D  {"tone":"talk-permit","trigger":"ptt_down","state":"CONNECTING","channelKey":"DISPATCH__DISPATCH","ts":1775873189720}
2026-04-10 22:06:29.790  6608-6666  [PTT-DIAG]              com.reedersystems.commandcomms       D  {"event":"RADIO_READY_FOR_PTT","roomKey":"DISPATCH__DISPATCH","signaling":true}
2026-04-10 22:06:29.792  6608-6666  [RadioEngine]           com.reedersystems.commandcomms       D  PRE_CAPTURE_SESSION_START t=0ms
2026-04-10 22:06:29.792  6608-6666  [AudioCapture]          com.reedersystems.commandcomms       D  TX_AUDIO_SOURCE_SELECTED source=VOICE_COMMUNICATION reason=cached_for_device device=ZRK/T320/API27
2026-04-10 22:06:29.792  6608-6608  [PTT-DIAG]              com.reedersystems.commandcomms       D  {"event":"RADIO_PTT_DOWN","pttState":"CONNECTING","signaling":true,"channelKey":"DISPATCH__DISPATCH","channelId":"169"}
2026-04-10 22:06:29.792  6608-6666  [AudioCapture]          com.reedersystems.commandcomms       D  PRE_CAPTURE_AUDIORECORD_INIT requestedRate=16000 source=VOICE_COMMUNICATION minBufSize=1280 allocBufSize=2560 frameMs=20 t=0ms
2026-04-10 22:06:29.792  6608-6608  [PTT-DIAG]              com.reedersystems.commandcomms       D  Radio PTT DOWN ignored: pttState=CONNECTING
2026-04-10 22:06:29.794  6608-6608  MediaPlayer             com.reedersystems.commandcomms       D  handleMessage msg:(1, 0, 0)
2026-04-10 22:06:29.802  6608-6666  AudioRecord             com.reedersystems.commandcomms       D  set(): 0x8387f400, inputSource 7, sampleRate 16000, format 0x1, channelMask 0x10, frameCount 1280, notificationFrames 0, sessionId 0, transferType 0, flags 0, opPackageName com.reedersystems.commandcomms uid -1, pid -1
2026-04-10 22:06:29.844  6608-6972  [OpusCodec]             com.reedersystems.commandcomms       D  DECODE_SUMMARY frames=47 totalFrames=17526 totalOpusBytes=97910 totalPcmBytes=11216640 plcCount=16919 t=52ms
2026-04-10 22:06:29.898  6608-6972  [AudioPlay]             com.reedersystems.commandcomms       D  PLC frame for seq=17296 (total=16921) jbSize=1 t=106ms
2026-04-10 22:06:29.931  6608-6666  AudioRecord             com.reedersystems.commandcomms       D  openRecord_l: 0x8387f400, mCblk = 0x853791c0
2026-04-10 22:06:29.932  6608-6666  [AudioCapture]          com.reedersystems.commandcomms       D  PRE_CAPTURE_HAL_NEGOTIATED requestedRate=16000 actualRate=16000 actualChannels=1 needsStereoDownmix=false bufferSize=2560 monoFrameSamples=320 monoFrameBytes=640 t=140ms
2026-04-10 22:06:29.933  6608-6666  [OpusCodec]             com.reedersystems.commandcomms       D  ENCODER_REUSE rate=16000 frameSize=320 channels=1 — encoder already initialized with matching params t=141ms
2026-04-10 22:06:29.934  6608-6666  [AudioDSP]              com.reedersystems.commandcomms       D  TX_DSP_COEFFICIENTS sampleRate=16000 hpCutoff=80.0 hpAlpha=0.9695409720485787 lpCutoff=3500.0 lpB0=0.23764306109078495 lpB1=0.4752861221815699 lpB2=0.23764306109078495 lpA1=-0.23039534785679974 lpA2=0.18096759221993955 compThreshold=-12.0 compRatio=3.0 compAttack=0.003 compRelease=0.15 gain=2.5 t=141ms
2026-04-10 22:06:29.934  6608-6666  AudioRecord             com.reedersystems.commandcomms       D  start: 0x8387f400, sync event 0 trigger session 0
2026-04-10 22:06:29.945  6608-6666  AudioRecord             com.reedersystems.commandcomms       D  start return status 0
2026-04-10 22:06:29.993  6608-9730  [PTT-DIAG]              com.reedersystems.commandcomms       D  emitPttPre DISPATCH__DISPATCH
2026-04-10 22:06:29.995  6608-9730  [PTT-DIAG]              com.reedersystems.commandcomms       D  Radio PTT: transmitPre sent for roomKey DISPATCH__DISPATCH
2026-04-10 22:06:29.995  6608-9730  [PTT-DIAG]              com.reedersystems.commandcomms       D  PTT_REQUEST_SENT channelId=DISPATCH__DISPATCH
2026-04-10 22:06:29.995  6608-9730  [PTT-DIAG]              com.reedersystems.commandcomms       D  RADIO_PTT_REQUEST_SENT channelId=DISPATCH__DISPATCH
2026-04-10 22:06:29.996  6608-9730  [FloorCtrl]             com.reedersystems.commandcomms       D  requestFloor channelKey=DISPATCH__DISPATCH previousPending=false state=IDLE t=204ms
2026-04-10 22:06:29.997  6608-6608  [PTT-DIAG]              com.reedersystems.commandcomms       D  RadioState updated: REQUESTING_FLOOR
2026-04-10 22:06:30.002  6608-9730  [RadioState]            com.reedersystems.commandcomms       D  State transition: IDLE -> REQUESTING_FLOOR reason=floor_request activeChannel=DISPATCH__DISPATCH txPipeline=false rxPipeline=true t=208ms
2026-04-10 22:06:30.002  6608-9730  [RadioSigGW]            com.reedersystems.commandcomms       D  requestFloor channelKey=DISPATCH__DISPATCH signalingReady=AUTHENTICATED t=210ms
2026-04-10 22:06:30.002  6608-9730  [PTT-DIAG]              com.reedersystems.commandcomms       D  [FloorCtrl] SIGNALING_FLOOR_REQUEST channelKey=DISPATCH__DISPATCH unitId=INDIANA-1 sessionTokenPresent=true
2026-04-10 22:06:30.111  6608-10328 [AudioPlay]             com.reedersystems.commandcomms       D  PLC frame for seq=17306 (total=16931) jbSize=1 t=319ms
2026-04-10 22:06:30.119  6608-6666  [AudioCapture]          com.reedersystems.commandcomms       D  AGC attached=true enabled=false sessionId=11873 t=327ms
2026-04-10 22:06:30.128  6608-6608  MediaPlayer             com.reedersystems.commandcomms       D  handleMessage msg:(6, 0, 0)
2026-04-10 22:06:30.144  6608-6666  [AudioCapture]          com.reedersystems.commandcomms       D  NoiseSuppressor attached=true enabled=true sessionId=11873 t=352ms
2026-04-10 22:06:30.145  6608-6666  [AudioCapture]          com.reedersystems.commandcomms       D  PRE_CAPTURE_STARTED sampleRate=16000 channelCount=1 frameMs=20 frameSizeSamples=320 maxBufferFrames=150 t=353ms
2026-04-10 22:06:30.149  6608-6666  [RadioEngine]           com.reedersystems.commandcomms       D  Pre-capture started — buffering audio (sampleRate=16000 channels=1 buffer=2560) t=357ms
2026-04-10 22:06:30.151  6608-7136  [AudioCapture]          com.reedersystems.commandcomms       D  PCM_FRAME frame=1 readRet=640 samples=320 min=-6 max=4 rms=1.3 silent=true zeros=149 downmix=false source=VOICE_COMMUNICATION sampleRate=16000 channels=1 t=358ms
2026-04-10 22:06:30.151  6608-7136  [AudioDSP]              com.reedersystems.commandcomms       D  DSP_STATE_RESET reason=encoder_reinitialized frame=1 t=359ms
2026-04-10 22:06:30.157  6608-10672 [PTT-DIAG]              com.reedersystems.commandcomms       D  [FloorCtrl] SIGNALING_FLOOR_GRANTED channelId=DISPATCH__DISPATCH senderUnitId=INDIANA-1
2026-04-10 22:06:30.160  6608-6972  [PTT-DIAG]              com.reedersystems.commandcomms       D  RADIO_PTT_GRANTED channelId=DISPATCH__DISPATCH senderUnitId=INDIANA-1
2026-04-10 22:06:30.160  6608-6972  [FloorCtrl]             com.reedersystems.commandcomms       D  Floor GRANTED channelKey=DISPATCH__DISPATCH latencyMs=164 t=368ms
2026-04-10 22:06:30.163  6608-6608  [PTT-DIAG]              com.reedersystems.commandcomms       D  RadioState updated: TRANSMITTING
2026-04-10 22:06:30.160  6608-6972  [RadioState]            com.reedersystems.commandcomms       D  State transition: REQUESTING_FLOOR -> TRANSMITTING reason=floor_granted activeChannel=DISPATCH__DISPATCH txPipeline=false rxPipeline=true t=368ms
2026-04-10 22:06:30.174  6608-7134  [PTT-DIAG]              com.reedersystems.commandcomms       D  Floor GRANTED — promoting pre-capture to live TX
2026-04-10 22:06:30.175  6608-7134  [RadioEngine]           com.reedersystems.commandcomms       D  PRE_BUFFER_FLUSHED flushedFrames=0 durationMs=0 — live TX active t=383ms
2026-04-10 22:06:30.175  6608-7134  [PTT-DIAG]              com.reedersystems.commandcomms       D  PTT_STATE CONNECTING -> TRANSMITTING channelKey=DISPATCH__DISPATCH
2026-04-10 22:06:30.182  6608-7136  [AudioDSP]              com.reedersystems.commandcomms       D  DSP_FRAME frame=1 pre=[samples=320 min=-6 max=4 rms=1.3 silent=true zeros=149] post=[samples=320 min=0 max=0 rms=0.0 silent=true zeros=320] gate=closed gateEnv=-91.6dB gateThreshold=-50.0dB t=377ms
2026-04-10 22:06:30.187  6608-10328 [RadioError]            com.reedersystems.commandcomms       E  OPUS_ENCODE_ASSERTION_FAILURE frame=0 source=VOICE_COMMUNICATION samples=320 bytes=640 expectedBytes=640 sampleRate=16000 frameSize=320 consecutiveFailures=1 assertionFailures=1 method=encode
2026-04-10 22:06:30.190  6608-10328 [OpusCodec]             com.reedersystems.commandcomms       D  Encoder re-initialized after assertion failure (sampleRate=16000 frameSize=320 complexity=5 VBR=false bitrate=64000) t=398ms
2026-04-10 22:06:30.191  6608-10328 [AudioDSP]              com.reedersystems.commandcomms       D  DSP_STATE_RESET_PENDING reason=encoder_reinitialized frame=0 t=399ms
2026-04-10 22:06:30.191  6608-10328 [RadioEngine]           com.reedersystems.commandcomms       D  LATENCY_FIRST_LIVE_TX_FRAME frame=1 latencyMs=46 t=399ms
2026-04-10 22:06:30.189  6608-7136  [AudioCapture]          com.reedersystems.commandcomms       D  PCM_FRAME frame=2 readRet=640 samples=320 min=-6 max=7 rms=2.5 silent=true zeros=48 downmix=false source=VOICE_COMMUNICATION sampleRate=16000 channels=1 t=397ms
2026-04-10 22:06:30.192  6608-6978  [UdpTransport]          com.reedersystems.commandcomms       D  TX_PACKET seq=5679 payloadBytes=641 framedBytes=663 dest=comms.reeder-systems.com:5100 channelIdx=169 t=400ms
2026-04-10 22:06:30.197  6608-7136  [AudioDSP]              com.reedersystems.commandcomms       D  DSP_STATE_RESET reason=encoder_reinitialized frame=2 t=404ms
2026-04-10 22:06:30.206  6608-7136  [AudioDSP]              com.reedersystems.commandcomms       D  DSP_FRAME frame=2 pre=[samples=320 min=-6 max=7 rms=2.5 silent=true zeros=48] post=[samples=320 min=0 max=0 rms=0.0 silent=true zeros=320] gate=closed gateEnv=-83.3dB gateThreshold=-50.0dB t=413ms
2026-04-10 22:06:30.214  6608-7136  [AudioCapture]          com.reedersystems.commandcomms       D  PCM_FRAME frame=3 readRet=640 samples=320 min=-5 max=6 rms=1.9 silent=true zeros=59 downmix=false source=VOICE_COMMUNICATION sampleRate=16000 channels=1 t=421ms
2026-04-10 22:06:30.217  6608-7134  [PTT-DIAG]              com.reedersystems.commandcomms       D  Sending PTT_TX_STARTED broadcast
2026-04-10 22:06:30.223  6608-6608  [PTT-DIAG]              com.reedersystems.commandcomms       D  PTT_TX_STARTED received — setting pttState = TRANSMITTING
2026-04-10 22:06:30.234  6608-7134  [FloorCtrl]             com.reedersystems.commandcomms       D  Channel busy — transmitting unit: INDIANA-1 state=TRANSMITTING t=442ms
2026-04-10 22:06:30.282  6608-7136  [AudioDSP]              com.reedersystems.commandcomms       D  DSP_FRAME frame=3 pre=[samples=320 min=-5 max=6 rms=1.9 silent=true zeros=59] post=[samples=320 min=0 max=0 rms=0.0 silent=true zeros=320] gate=closed gateEnv=-87.1dB gateThreshold=-50.0dB t=486ms
2026-04-10 22:06:30.285  6608-7136  [AudioCapture]          com.reedersystems.commandcomms       D  PCM_FRAME frame=4 readRet=640 samples=320 min=-34 max=52 rms=14.8 silent=true zeros=6 downmix=false source=VOICE_COMMUNICATION sampleRate=16000 channels=1 t=493ms
2026-04-10 22:06:30.295  6608-7136  [AudioCapture]          com.reedersystems.commandcomms       D  PCM_FRAME frame=5 readRet=640 samples=320 min=-33 max=26 rms=13.5 silent=true zeros=2 downmix=false source=VOICE_COMMUNICATION sampleRate=16000 channels=1 t=503ms
2026-04-10 22:06:30.356  6608-10328 [OpusCodec]             com.reedersystems.commandcomms       D  ENCODE frame=1 pcmBytes=640 encodedBytes=160 seq=1 t=564ms
2026-04-10 22:06:30.358  6608-10328 [RadioError]            com.reedersystems.commandcomms       E  OPUS_ENCODE_ASSERTION_FAILURE frame=1 source=VOICE_COMMUNICATION samples=320 bytes=640 expectedBytes=640 sampleRate=16000 frameSize=320 consecutiveFailures=1 assertionFailures=2 method=encode
2026-04-10 22:06:30.359  6608-10328 [OpusCodec]             com.reedersystems.commandcomms       D  Encoder re-initialized after assertion failure (sampleRate=16000 frameSize=320 complexity=5 VBR=false bitrate=64000) t=567ms
2026-04-10 22:06:30.360  6608-10328 [AudioDSP]              com.reedersystems.commandcomms       D  DSP_STATE_RESET_PENDING reason=encoder_reinitialized frame=2 t=567ms
2026-04-10 22:06:30.360  6608-6667  [UdpTransport]          com.reedersystems.commandcomms       D  TX_PACKET seq=5681 payloadBytes=160 framedBytes=182 dest=comms.reeder-systems.com:5100 channelIdx=169 t=568ms
2026-04-10 22:06:30.361  6608-6667  [UdpTransport]          com.reedersystems.commandcomms       D  TX_PACKET seq=5681 payloadBytes=641 framedBytes=663 dest=comms.reeder-systems.com:5100 channelIdx=169 t=569ms
2026-04-10 22:06:30.372  6608-10328 [RadioError]            com.reedersystems.commandcomms       E  OPUS_ENCODE_ASSERTION_FAILURE frame=1 source=VOICE_COMMUNICATION samples=320 bytes=640 expectedBytes=640 sampleRate=16000 frameSize=320 consecutiveFailures=2 assertionFailures=3 method=encode
2026-04-10 22:06:30.372  6608-7136  [AudioCapture]          com.reedersystems.commandcomms       D  PCM_FRAME frame=6 readRet=640 samples=320 min=-25 max=30 rms=11.4 silent=true zeros=22 downmix=false source=VOICE_COMMUNICATION sampleRate=16000 channels=1 t=580ms
2026-04-10 22:06:30.373  6608-7136  [AudioDSP]              com.reedersystems.commandcomms       D  DSP_STATE_RESET reason=encoder_reinitialized frame=6 t=581ms
2026-04-10 22:06:30.380  6608-10328 [OpusCodec]             com.reedersystems.commandcomms       D  Encoder re-initialized after assertion failure (sampleRate=16000 frameSize=320 complexity=5 VBR=false bitrate=64000) t=588ms
2026-04-10 22:06:30.380  6608-10328 [AudioDSP]              com.reedersystems.commandcomms       D  DSP_STATE_RESET_PENDING reason=encoder_reinitialized frame=3 t=588ms
2026-04-10 22:06:30.382  6608-6667  [UdpTransport]          com.reedersystems.commandcomms       D  TX_PACKET seq=5682 payloadBytes=641 framedBytes=663 dest=comms.reeder-systems.com:5100 channelIdx=169 t=590ms
2026-04-10 22:06:30.385  6608-10328 [RadioError]            com.reedersystems.commandcomms       E  OPUS_ENCODE_BACKOFF_STARTED consecutiveFailures=3 totalAssertionFailures=4 backoffFrames=5 frame=1 source=VOICE_COMMUNICATION — skipping 5 frames then re-init method=encode
2026-04-10 22:06:30.387  6608-6972  [UdpTransport]          com.reedersystems.commandcomms       D  TX_PACKET seq=5684 payloadBytes=641 framedBytes=663 dest=comms.reeder-systems.com:5100 channelIdx=169 t=595ms
2026-04-10 22:06:30.387  6608-6972  [UdpTransport]          com.reedersystems.commandcomms       D  TX_SUMMARY packets=6 totalPkts=5685 totalBytes=2881710 failures=0 dest=comms.reeder-systems.com:5100 t=595ms
2026-04-10 22:06:30.394  6608-7136  [AudioCapture]          com.reedersystems.commandcomms       D  PCM_FRAME frame=7 readRet=640 samples=320 min=-28 max=29 rms=11.8 silent=true zeros=17 downmix=false source=VOICE_COMMUNICATION sampleRate=16000 channels=1 t=589ms
2026-04-10 22:06:30.394  6608-7136  [AudioDSP]              com.reedersystems.commandcomms       D  DSP_STATE_RESET reason=encoder_reinitialized frame=7 t=602ms
2026-04-10 22:06:30.399  6608-6608  MediaPlayer             com.reedersystems.commandcomms       D  handleMessage msg:(2, 0, 0)
2026-04-10 22:06:30.400  6608-6608  MediaPlayer             com.reedersystems.commandcomms       V  resetDrmState:  mDrmInfo=null mDrmProvisioningThread=null mPrepareDrmInProgress=false mActiveDrmScheme=false
2026-04-10 22:06:30.400  6608-6608  MediaPlayer             com.reedersystems.commandcomms       V  cleanDrmObj: mDrmObj=null mDrmSessionId=null
2026-04-10 22:06:30.420  6608-6667  [AudioPlay]             com.reedersystems.commandcomms       D  PLC frame for seq=17316 (total=16941) jbSize=1 t=628ms
2026-04-10 22:06:30.421  6608-7136  [AudioCapture]          com.reedersystems.commandcomms       D  PCM_FRAME frame=8 readRet=640 samples=320 min=-41 max=50 rms=21.9 silent=true zeros=15 downmix=false source=VOICE_COMMUNICATION sampleRate=16000 channels=1 t=628ms
2026-04-10 22:06:30.427  6608-7136  [AudioCapture]          com.reedersystems.commandcomms       D  PCM_FRAME frame=9 readRet=640 samples=320 min=-15 max=15 rms=6.8 silent=true zeros=23 downmix=false source=VOICE_COMMUNICATION sampleRate=16000 channels=1 t=634ms
2026-04-10 22:06:30.433  6608-7136  [AudioCapture]          com.reedersystems.commandcomms       D  PCM_FRAME frame=10 readRet=640 samples=320 min=-141 max=85 rms=34.3 silent=true zeros=20 downmix=false source=VOICE_COMMUNICATION sampleRate=16000 channels=1 t=640ms
2026-04-10 22:06:30.452  6608-10328 [OpusCodec]             com.reedersystems.commandcomms       D  ENCODE_BACKOFF_COMPLETE — re-initializing encoder and resuming t=660ms
2026-04-10 22:06:30.452  6608-7136  [AudioCapture]          com.reedersystems.commandcomms       D  PCM_SUMMARY frames=11 totalFrames=11 silentFrames=11 partials=0 zeros=0 t=660ms
2026-04-10 22:06:30.452  6608-10328 [OpusCodec]             com.reedersystems.commandcomms       D  Encoder re-initialized after assertion failure (sampleRate=16000 frameSize=320 complexity=5 VBR=false bitrate=64000) t=660ms
2026-04-10 22:06:30.453  6608-10328 [AudioDSP]              com.reedersystems.commandcomms       D  DSP_STATE_RESET_PENDING reason=encoder_reinitialized frame=9 t=661ms
2026-04-10 22:06:30.455  6608-7136  [AudioDSP]              com.reedersystems.commandcomms       D  DSP_STATE_RESET reason=encoder_reinitialized frame=12 t=663ms
2026-04-10 22:06:30.457  6608-7136  [AudioDSP]              com.reedersystems.commandcomms       D  TX_GATE OPEN envelope=-33.5dB threshold=-50.0dB frame=12 t=665ms
2026-04-10 22:06:30.461  6608-10328 [RadioError]            com.reedersystems.commandcomms       E  OPUS_ENCODE_ASSERTION_FAILURE frame=1 source=VOICE_COMMUNICATION samples=320 bytes=640 expectedBytes=640 sampleRate=16000 frameSize=320 consecutiveFailures=1 assertionFailures=5 method=encode
2026-04-10 22:06:30.463  6608-10328 [OpusCodec]             com.reedersystems.commandcomms       D  Encoder re-initialized after assertion failure (sampleRate=16000 frameSize=320 complexity=5 VBR=false bitrate=64000) t=671ms
2026-04-10 22:06:30.469  6608-10328 [AudioDSP]              com.reedersystems.commandcomms       D  DSP_STATE_RESET_PENDING reason=encoder_reinitialized frame=10 t=677ms
2026-04-10 22:06:30.471  6608-7136  [AudioDSP]              com.reedersystems.commandcomms       D  DSP_STATE_RESET reason=encoder_reinitialized frame=14 t=679ms
2026-04-10 22:06:30.488  6608-10328 [OpusCodec]             com.reedersystems.commandcomms       D  ENCODE frame=2 pcmBytes=640 encodedBytes=160 seq=2 t=696ms
2026-04-10 22:06:30.524  6608-10328 [OpusCodec]             com.reedersystems.commandcomms       D  ENCODE frame=3 pcmBytes=640 encodedBytes=160 seq=3 t=732ms
2026-04-10 22:06:30.540  6608-10328 [OpusCodec]             com.reedersystems.commandcomms       D  ENCODE frame=4 pcmBytes=640 encodedBytes=160 seq=4 t=748ms
2026-04-10 22:06:30.542  6608-10328 [RadioError]            com.reedersystems.commandcomms       E  OPUS_ENCODE_ASSERTION_FAILURE frame=4 source=VOICE_COMMUNICATION samples=320 bytes=640 expectedBytes=640 sampleRate=16000 frameSize=320 consecutiveFailures=1 assertionFailures=6 method=encode
2026-04-10 22:06:30.543  6608-10328 [OpusCodec]             com.reedersystems.commandcomms       D  Encoder re-initialized after assertion failure (sampleRate=16000 frameSize=320 complexity=5 VBR=false bitrate=64000) t=751ms
2026-04-10 22:06:30.544  6608-10328 [AudioDSP]              com.reedersystems.commandcomms       D  DSP_STATE_RESET_PENDING reason=encoder_reinitialized frame=14 t=752ms
2026-04-10 22:06:30.547  6608-10328 [RadioError]            com.reedersystems.commandcomms       E  OPUS_ENCODE_ASSERTION_FAILURE frame=4 source=VOICE_COMMUNICATION samples=320 bytes=640 expectedBytes=640 sampleRate=16000 frameSize=320 consecutiveFailures=2 assertionFailures=7 method=encode
2026-04-10 22:06:30.548  6608-10328 [OpusCodec]             com.reedersystems.commandcomms       D  Encoder re-initialized after assertion failure (sampleRate=16000 frameSize=320 complexity=5 VBR=false bitrate=64000) t=756ms
2026-04-10 22:06:30.548  6608-7136  [AudioDSP]              com.reedersystems.commandcomms       D  DSP_STATE_RESET reason=encoder_reinitialized frame=23 t=756ms
2026-04-10 22:06:30.548  6608-10328 [AudioDSP]              com.reedersystems.commandcomms       D  DSP_STATE_RESET_PENDING reason=encoder_reinitialized frame=15 t=756ms
2026-04-10 22:06:30.563  6608-10328 [OpusCodec]             com.reedersystems.commandcomms       D  ENCODE frame=5 pcmBytes=640 encodedBytes=160 seq=5 t=771ms
2026-04-10 22:06:30.566  6608-10328 [RadioError]            com.reedersystems.commandcomms       E  OPUS_ENCODE_ASSERTION_FAILURE frame=5 source=VOICE_COMMUNICATION samples=320 bytes=640 expectedBytes=640 sampleRate=16000 frameSize=320 consecutiveFailures=1 assertionFailures=8 method=encode
2026-04-10 22:06:30.567  6608-10328 [OpusCodec]             com.reedersystems.commandcomms       D  Encoder re-initialized after assertion failure (sampleRate=16000 frameSize=320 complexity=5 VBR=false bitrate=64000) t=775ms
2026-04-10 22:06:30.567  6608-10328 [AudioDSP]              com.reedersystems.commandcomms       D  DSP_STATE_RESET_PENDING reason=encoder_reinitialized frame=17 t=775ms
2026-04-10 22:06:30.569  6608-7136  [AudioDSP]              com.reedersystems.commandcomms       D  DSP_STATE_RESET reason=encoder_reinitialized frame=24 t=777ms
2026-04-10 22:06:30.570  6608-10328 [RadioError]            com.reedersystems.commandcomms       E  OPUS_ENCODE_ASSERTION_FAILURE frame=5 source=VOICE_COMMUNICATION samples=320 bytes=640 expectedBytes=640 sampleRate=16000 frameSize=320 consecutiveFailures=2 assertionFailures=9 method=encode
2026-04-10 22:06:30.570  6608-10328 [OpusCodec]             com.reedersystems.commandcomms       D  Encoder re-initialized after assertion failure (sampleRate=16000 frameSize=320 complexity=5 VBR=false bitrate=64000) t=778ms
2026-04-10 22:06:30.571  6608-10328 [AudioDSP]              com.reedersystems.commandcomms       D  DSP_STATE_RESET_PENDING reason=encoder_reinitialized frame=18 t=779ms
2026-04-10 22:06:30.573  6608-10328 [RadioError]            com.reedersystems.commandcomms       E  OPUS_ENCODE_CIRCUIT_BREAKER_TRIPPED totalAssertionFailures=10 consecutiveFailures=3 frame=5 source=VOICE_COMMUNICATION — encoding disabled, PCM fallback for remainder of TX session method=encode
2026-04-10 22:06:30.574  6608-10328 [OpusCodec]             com.reedersystems.commandcomms       D  ENCODE_PCM_FALLBACK reason=circuit_breaker_tripped pcmBytes=640 frame=5 t=782ms
2026-04-10 22:06:30.574  6608-10328 [OpusCodec]             com.reedersystems.commandcomms       D  ENCODE_PCM_FALLBACK reason=circuit_breaker_tripped pcmBytes=640 frame=5 t=782ms
2026-04-10 22:06:30.575  6608-10328 [OpusCodec]             com.reedersystems.commandcomms       D  ENCODE_PCM_FALLBACK reason=circuit_breaker_tripped pcmBytes=640 frame=5 t=783ms
2026-04-10 22:06:30.588  6608-7136  [AudioDSP]              com.reedersystems.commandcomms       D  DSP_STATE_RESET reason=encoder_reinitialized frame=25 t=796ms
2026-04-10 22:06:30.591  6608-10328 [OpusCodec]             com.reedersystems.commandcomms       D  ENCODE_PCM_FALLBACK reason=circuit_breaker_tripped pcmBytes=640 frame=5 t=799ms
2026-04-10 22:06:30.604  6608-6972  [AudioPlay]             com.reedersystems.commandcomms       D  PLC frame for seq=17326 (total=16951) jbSize=1 t=812ms
2026-04-10 22:06:30.611  6608-10328 [OpusCodec]             com.reedersystems.commandcomms       D  ENCODE_PCM_FALLBACK reason=circuit_breaker_tripped pcmBytes=640 frame=5 t=819ms
2026-04-10 22:06:30.631  6608-10328 [OpusCodec]             com.reedersystems.commandcomms       D  ENCODE_PCM_FALLBACK reason=circuit_breaker_tripped pcmBytes=640 frame=5 t=839ms
2026-04-10 22:06:30.649  6608-7136  [AudioDSP]              com.reedersystems.commandcomms       D  TX_GATE OPEN envelope=-49.5dB threshold=-50.0dB frame=28 t=857ms
2026-04-10 22:06:30.651  6608-10328 [OpusCodec]             com.reedersystems.commandcomms       D  ENCODE_PCM_FALLBACK reason=circuit_breaker_tripped pcmBytes=640 frame=5 t=859ms
2026-04-10 22:06:30.670  6608-10328 [OpusCodec]             com.reedersystems.commandcomms       D  ENCODE_PCM_FALLBACK reason=circuit_breaker_tripped pcmBytes=640 frame=5 t=878ms
2026-04-10 22:06:30.691  6608-10328 [OpusCodec]             com.reedersystems.commandcomms       D  ENCODE_PCM_FALLBACK reason=circuit_breaker_tripped pcmBytes=640 frame=5 t=899ms
2026-04-10 22:06:30.711  6608-10328 [OpusCodec]             com.reedersystems.commandcomms       D  ENCODE_PCM_FALLBACK reason=circuit_breaker_tripped pcmBytes=640 frame=5 t=919ms
2026-04-10 22:06:30.731  6608-10328 [OpusCodec]             com.reedersystems.commandcomms       D  ENCODE_PCM_FALLBACK reason=circuit_breaker_tripped pcmBytes=640 frame=5 t=939ms
2026-04-10 22:06:30.750  6608-10328 [OpusCodec]             com.reedersystems.commandcomms       D  ENCODE_PCM_FALLBACK reason=circuit_breaker_tripped pcmBytes=640 frame=5 t=958ms
2026-04-10 22:06:30.771  6608-10328 [OpusCodec]             com.reedersystems.commandcomms       D  ENCODE_PCM_FALLBACK reason=circuit_breaker_tripped pcmBytes=640 frame=5 t=979ms
2026-04-10 22:06:30.791  6608-10328 [OpusCodec]             com.reedersystems.commandcomms       D  ENCODE_PCM_FALLBACK reason=circuit_breaker_tripped pcmBytes=640 frame=5 t=999ms
2026-04-10 22:06:30.807  6608-6972  [AudioPlay]             com.reedersystems.commandcomms       D  PLC frame for seq=17336 (total=16961) jbSize=1 t=1015ms
2026-04-10 22:06:30.810  6608-10328 [OpusCodec]             com.reedersystems.commandcomms       D  ENCODE_PCM_FALLBACK reason=circuit_breaker_tripped pcmBytes=640 frame=5 t=1018ms
2026-04-10 22:06:30.831  6608-10328 [OpusCodec]             com.reedersystems.commandcomms       D  ENCODE_PCM_FALLBACK reason=circuit_breaker_tripped pcmBytes=640 frame=5 t=1039ms
2026-04-10 22:06:30.847  6608-6667  [OpusCodec]             com.reedersystems.commandcomms       D  DECODE_SUMMARY frames=44 totalFrames=17570 totalOpusBytes=97910 totalPcmBytes=11244800 plcCount=16963 t=1055ms
2026-04-10 22:06:30.851  6608-10328 [OpusCodec]             com.reedersystems.commandcomms       D  ENCODE_PCM_FALLBACK reason=circuit_breaker_tripped pcmBytes=640 frame=5 t=1059ms
2026-04-10 22:06:30.871  6608-10328 [OpusCodec]             com.reedersystems.commandcomms       D  ENCODE_PCM_FALLBACK reason=circuit_breaker_tripped pcmBytes=640 frame=5 t=1079ms
2026-04-10 22:06:30.892  6608-10328 [OpusCodec]             com.reedersystems.commandcomms       D  ENCODE_PCM_FALLBACK reason=circuit_breaker_tripped pcmBytes=640 frame=5 t=1099ms
2026-04-10 22:06:30.911  6608-10328 [OpusCodec]             com.reedersystems.commandcomms       D  ENCODE_PCM_FALLBACK reason=circuit_breaker_tripped pcmBytes=640 frame=5 t=1119ms
2026-04-10 22:06:30.931  6608-10328 [OpusCodec]             com.reedersystems.commandcomms       D  ENCODE_PCM_FALLBACK reason=circuit_breaker_tripped pcmBytes=640 frame=5 t=1139ms
2026-04-10 22:06:30.951  6608-10328 [OpusCodec]             com.reedersystems.commandcomms       D  ENCODE_PCM_FALLBACK reason=circuit_breaker_tripped pcmBytes=640 frame=5 t=1159ms
2026-04-10 22:06:30.971  6608-10328 [OpusCodec]             com.reedersystems.commandcomms       D  ENCODE_PCM_FALLBACK reason=circuit_breaker_tripped pcmBytes=640 frame=5 t=1179ms
2026-04-10 22:06:30.991  6608-10328 [OpusCodec]             com.reedersystems.commandcomms       D  ENCODE_PCM_FALLBACK reason=circuit_breaker_tripped pcmBytes=640 frame=5 t=1199ms
2026-04-10 22:06:31.005  6608-6667  [AudioPlay]             com.reedersystems.commandcomms       D  PLC frame for seq=17346 (total=16971) jbSize=1 t=1213ms
2026-04-10 22:06:31.011  6608-10328 [OpusCodec]             com.reedersystems.commandcomms       D  ENCODE_PCM_FALLBACK reason=circuit_breaker_tripped pcmBytes=640 frame=5 t=1219ms
2026-04-10 22:06:31.031  6608-10328 [OpusCodec]             com.reedersystems.commandcomms       D  ENCODE_PCM_FALLBACK reason=circuit_breaker_tripped pcmBytes=640 frame=5 t=1239ms
2026-04-10 22:06:31.051  6608-10328 [OpusCodec]             com.reedersystems.commandcomms       D  ENCODE_PCM_FALLBACK reason=circuit_breaker_tripped pcmBytes=640 frame=5 t=1259ms
2026-04-10 22:06:31.070  6608-10328 [OpusCodec]             com.reedersystems.commandcomms       D  ENCODE_PCM_FALLBACK reason=circuit_breaker_tripped pcmBytes=640 frame=5 t=1278ms
2026-04-10 22:06:31.091  6608-10328 [OpusCodec]             com.reedersystems.commandcomms       D  ENCODE_PCM_FALLBACK reason=circuit_breaker_tripped pcmBytes=640 frame=5 t=1299ms
2026-04-10 22:06:31.110  6608-10328 [OpusCodec]             com.reedersystems.commandcomms       D  ENCODE_PCM_FALLBACK reason=circuit_breaker_tripped pcmBytes=640 frame=5 t=1318ms
2026-04-10 22:06:31.131  6608-10328 [OpusCodec]             com.reedersystems.commandcomms       D  ENCODE_PCM_FALLBACK reason=circuit_breaker_tripped pcmBytes=640 frame=5 t=1339ms
2026-04-10 22:06:31.152  6608-10328 [OpusCodec]             com.reedersystems.commandcomms       D  ENCODE_PCM_FALLBACK reason=circuit_breaker_tripped pcmBytes=640 frame=5 t=1360ms
2026-04-10 22:06:31.171  6608-10328 [OpusCodec]             com.reedersystems.commandcomms       D  ENCODE_PCM_FALLBACK reason=circuit_breaker_tripped pcmBytes=640 frame=5 t=1379ms
2026-04-10 22:06:31.191  6608-10328 [OpusCodec]             com.reedersystems.commandcomms       D  ENCODE_PCM_FALLBACK reason=circuit_breaker_tripped pcmBytes=640 frame=5 t=1399ms
2026-04-10 22:06:31.206  6608-7134  [AudioPlay]             com.reedersystems.commandcomms       D  PLC frame for seq=17356 (total=16981) jbSize=1 t=1414ms
2026-04-10 22:06:31.211  6608-10328 [OpusCodec]             com.reedersystems.commandcomms       D  ENCODE_PCM_FALLBACK reason=circuit_breaker_tripped pcmBytes=640 frame=5 t=1419ms
2026-04-10 22:06:31.231  6608-10328 [OpusCodec]             com.reedersystems.commandcomms       D  ENCODE_PCM_FALLBACK reason=circuit_breaker_tripped pcmBytes=640 frame=5 t=1439ms
2026-04-10 22:06:31.256  6608-10328 [OpusCodec]             com.reedersystems.commandcomms       D  ENCODE_PCM_FALLBACK reason=circuit_breaker_tripped pcmBytes=640 frame=5 t=1464ms
2026-04-10 22:06:31.271  6608-10328 [OpusCodec]             com.reedersystems.commandcomms       D  ENCODE_PCM_FALLBACK reason=circuit_breaker_tripped pcmBytes=640 frame=5 t=1479ms
2026-04-10 22:06:31.292  6608-10328 [OpusCodec]             com.reedersystems.commandcomms       D  ENCODE_PCM_FALLBACK reason=circuit_breaker_tripped pcmBytes=640 frame=5 t=1500ms
2026-04-10 22:06:31.310  6608-6608  [PTT-DIAG]              com.reedersystems.commandcomms       D  MainActivity PTT UP source=MainActivity code=230 action=UP ts=1775873191310
2026-04-10 22:06:31.310  6608-6608  [PTT-DIAG]              com.reedersystems.commandcomms       D  MainActivity PTT UP — forwarding to BackgroundAudioService (signaling=true)
2026-04-10 22:06:31.314  6608-6608  [PTT-DIAG]              com.reedersystems.commandcomms       D  PttHardwareReceiver.onReceive action=android.intent.action.PTT.up extras=null source=broadcast
2026-04-10 22:06:31.314  6608-6608  [PTT-DIAG]              com.reedersystems.commandcomms       D  PttHardwareReceiver: mapped action=android.intent.action.PTT.up -> svcAction=com.reedersystems.commandcomms.SVC_PTT_UP
2026-04-10 22:06:31.316  6608-6608  [PTT-DIAG]              com.reedersystems.commandcomms       D  PttHardwareReceiver: WakeLock acquired (auto-releases in 5000ms)
2026-04-10 22:06:31.317  6608-6608  [PTT-DIAG]              com.reedersystems.commandcomms       D  {"event":"RADIO_PTT_UP","pttState":"TRANSMITTING","channelKey":"DISPATCH__DISPATCH"}
2026-04-10 22:06:31.317  6608-6608  [PTT-DIAG]              com.reedersystems.commandcomms       D  PTT_STATE TRANSMITTING -> CLEANING_UP channelKey=DISPATCH__DISPATCH
2026-04-10 22:06:31.320  6608-10328 [OpusCodec]             com.reedersystems.commandcomms       D  ENCODE_PCM_FALLBACK reason=circuit_breaker_tripped pcmBytes=640 frame=5 t=1528ms
2026-04-10 22:06:31.335  6608-6608  [PTT-DIAG]              com.reedersystems.commandcomms       D  {"event":"RADIO_PTT_UP","pttState":"CLEANING_UP","channelKey":"DISPATCH__DISPATCH"}
2026-04-10 22:06:31.338  6608-10328 [OpusCodec]             com.reedersystems.commandcomms       D  ENCODE_PCM_FALLBACK reason=circuit_breaker_tripped pcmBytes=640 frame=5 t=1545ms
2026-04-10 22:06:31.353  6608-10328 [OpusCodec]             com.reedersystems.commandcomms       D  ENCODE_PCM_FALLBACK reason=circuit_breaker_tripped pcmBytes=640 frame=5 t=1561ms
2026-04-10 22:06:31.354  6608-10328 [RadioEngine]           com.reedersystems.commandcomms       D  ENCODE_THREAD_EXIT framesEncoded=63 t=1562ms
2026-04-10 22:06:31.370  6608-10328 AudioRecord             com.reedersystems.commandcomms       D  stop: 0x8387f400
2026-04-10 22:06:31.417  6608-7136  [AudioPlay]             com.reedersystems.commandcomms       D  PLC frame for seq=17366 (total=16991) jbSize=1 t=1625ms
2026-04-10 22:06:31.424  6608-10328 AudioRecord             com.reedersystems.commandcomms       D  stop done
2026-04-10 22:06:31.424  6608-10328 AudioRecord             com.reedersystems.commandcomms       D  stop: 0x8387f400
2026-04-10 22:06:31.424  6608-10328 AudioRecord             com.reedersystems.commandcomms       D  stop: 0x8387f400
2026-04-10 22:06:31.426  6608-10328 [RadioState]            com.reedersystems.commandcomms       D  State transition: TRANSMITTING -> IDLE reason=tx_stopped activeChannel=DISPATCH__DISPATCH txPipeline=false rxPipeline=true t=1634ms
2026-04-10 22:06:31.426  6608-10328 [RadioEngine]           com.reedersystems.commandcomms       D  {"event":"TX_STOPPED","cleanupMs":87,"lastSendGapMs":72,"durationMs":1634,"framesRead":63,"framesEncoded":63,"pktSent":63,"failures":0,"pcmFallback":58,"silentFrames":30,"stopReason":"ptt_release"}
2026-04-10 22:06:31.426  6608-6608  [PTT-DIAG]              com.reedersystems.commandcomms       D  RadioState updated: IDLE
2026-04-10 22:06:31.427  6608-10328 [RadioEngine]           com.reedersystems.commandcomms       D  TX_SESSION_END duration=1634ms reqRate=16000 actRate=16000 ch=1 src=VOICE_COMMUNICATION framesRead=63 framesEncoded=63 pktSent=63 failures=0 encodeFailures=0 assertionFailures=10 pcmFallback=58 silentFrames=30 partials=0 zeros=0 probeRms=[] first10rms=[1.3,2.5,1.9,14.8,13.5,11.4,11.8,21.9,6.8,34.3] stop=ptt_release lastSendGapMs=72 t=1635ms
2026-04-10 22:06:31.428  6608-10328 [FloorCtrl]             com.reedersystems.commandcomms       D  releaseFloor channelKey=DISPATCH__DISPATCH state=IDLE t=1636ms
2026-04-10 22:06:31.428  6608-10328 [RadioSigGW]            com.reedersystems.commandcomms       D  releaseFloor channelKey=DISPATCH__DISPATCH t=1636ms
2026-04-10 22:06:31.428  6608-10328 [PTT-DIAG]              com.reedersystems.commandcomms       D  [FloorCtrl] SIGNALING_FLOOR_RELEASE channelKey=DISPATCH__DISPATCH unitId=INDIANA-1
2026-04-10 22:06:31.430  6608-10328 [PTT-DIAG]              com.reedersystems.commandcomms       D  {"event":"PTT_RELEASE_SENT","channelId":"DISPATCH__DISPATCH"}
2026-04-10 22:06:31.430  6608-10328 [PTT-DIAG]              com.reedersystems.commandcomms       D  Sending PTT_TX_ENDED broadcast
2026-04-10 22:06:31.432  6608-6972  [PTT-DIAG]              com.reedersystems.commandcomms       D  Floor RELEASED
2026-04-10 22:06:31.435  6608-6608  [PTT-DIAG]              com.reedersystems.commandcomms       D  PTT_TX_ENDED received — setting pttState = IDLE
2026-04-10 22:06:31.438  6608-10328 [ToneEvent]             com.reedersystems.commandcomms       D  {"tone":"end-of-tx","trigger":"ptt_up","state":"CLEANING_UP","signaling":true,"ts":1775873191436}
2026-04-10 22:06:31.440  6608-10328 [PTT-DIAG]              com.reedersystems.commandcomms       D  Radio PTT UP: end-of-TX tone for roomKey DISPATCH__DISPATCH
2026-04-10 22:06:31.440  6608-10328 [PTT-DIAG]              com.reedersystems.commandcomms       D  PTT_STATE CLEANING_UP -> IDLE channelKey=DISPATCH__DISPATCH
2026-04-10 22:06:31.440  6608-10328 [PTT-DIAG]              com.reedersystems.commandcomms       D  {"event":"PTT_CLEANUP_COMPLETE","state":"IDLE","cleanupMs":123}
2026-04-10 22:06:31.448  6608-6667  AudioTrack              com.reedersystems.commandcomms       W  releaseBuffer() track 0x9a662000 disabled due to previous underrun, restarting
2026-04-10 22:06:31.516  6608-10328 [FloorCtrl]             com.reedersystems.commandcomms       D  Channel idle state=IDLE t=1724ms
2026-04-10 22:06:31.609  6608-10328 [AudioPlay]             com.reedersystems.commandcomms       D  PLC frame for seq=17376 (total=17001) jbSize=1 t=1817ms
2026-04-10 22:06:31.669  6608-6608  [PTT-DIAG]              com.reedersystems.commandcomms       D  PttHardwareReceiver.onReceive action=android.intent.action.PTT.down extras=null source=broadcast
2026-04-10 22:06:31.669  6608-6608  [PTT-DIAG]              com.reedersystems.commandcomms       D  PttHardwareReceiver: mapped action=android.intent.action.PTT.down -> svcAction=com.reedersystems.commandcomms.SVC_PTT_DOWN
2026-04-10 22:06:31.671  6608-6608  [PTT-DIAG]              com.reedersystems.commandcomms       D  PttHardwareReceiver: WakeLock acquired (auto-releases in 5000ms)
2026-04-10 22:06:31.673  6608-6608  [PTT-DIAG]              com.reedersystems.commandcomms       D  {"event":"RADIO_PTT_DOWN","pttState":"IDLE","signaling":true,"channelKey":"DISPATCH__DISPATCH","channelId":"169"}
2026-04-10 22:06:31.674  6608-6608  [PTT-DIAG]              com.reedersystems.commandcomms       D  PTT_STATE IDLE -> CONNECTING channelKey=DISPATCH__DISPATCH
2026-04-10 22:06:31.680  6608-6608  [ToneEvent]             com.reedersystems.commandcomms       D  {"tone":"talk-permit","trigger":"ptt_down","state":"CONNECTING","channelKey":"DISPATCH__DISPATCH","ts":1775873191680}
2026-04-10 22:06:31.739  6608-6608  [PTT-DIAG]              com.reedersystems.commandcomms       D  MainActivity PTT DOWN source=MainActivity code=230 action=DOWN repeat=0 ts=1775873191739
2026-04-10 22:06:31.739  6608-6608  [PTT-DIAG]              com.reedersystems.commandcomms       D  MainActivity PTT DOWN — forwarding to BackgroundAudioService (signaling=true)
2026-04-10 22:06:31.743  6608-10328 [PTT-DIAG]              com.reedersystems.commandcomms       D  {"event":"RADIO_READY_FOR_PTT","roomKey":"DISPATCH__DISPATCH","signaling":true}
2026-04-10 22:06:31.744  6608-6608  MediaPlayer             com.reedersystems.commandcomms       D  handleMessage msg:(1, 0, 0)
2026-04-10 22:06:31.744  6608-10328 [RadioEngine]           com.reedersystems.commandcomms       D  PRE_CAPTURE_SESSION_START t=0ms
2026-04-10 22:06:31.745  6608-10328 [AudioCapture]          com.reedersystems.commandcomms       D  TX_AUDIO_SOURCE_SELECTED source=VOICE_COMMUNICATION reason=cached_for_device device=ZRK/T320/API27
2026-04-10 22:06:31.754  6608-10328 [AudioCapture]          com.reedersystems.commandcomms       D  PRE_CAPTURE_AUDIORECORD_INIT requestedRate=16000 source=VOICE_COMMUNICATION minBufSize=1280 allocBufSize=2560 frameMs=20 t=9ms
2026-04-10 22:06:31.755  6608-10328 AudioRecord             com.reedersystems.commandcomms       D  set(): 0x8387f400, inputSource 7, sampleRate 16000, format 0x1, channelMask 0x10, frameCount 1280, notificationFrames 0, sessionId 0, transferType 0, flags 0, opPackageName com.reedersystems.commandcomms uid -1, pid -1
2026-04-10 22:06:31.761  6608-6608  [PTT-DIAG]              com.reedersystems.commandcomms       D  {"event":"RADIO_PTT_DOWN","pttState":"CONNECTING","signaling":true,"channelKey":"DISPATCH__DISPATCH","channelId":"169"}
2026-04-10 22:06:31.761  6608-6608  [PTT-DIAG]              com.reedersystems.commandcomms       D  Radio PTT DOWN ignored: pttState=CONNECTING
2026-04-10 22:06:31.810  6608-10328 AudioRecord             com.reedersystems.commandcomms       D  openRecord_l: 0x8387f400, mCblk = 0x853791c0
2026-04-10 22:06:31.811  6608-10328 [AudioCapture]          com.reedersystems.commandcomms       D  PRE_CAPTURE_HAL_NEGOTIATED requestedRate=16000 actualRate=16000 actualChannels=1 needsStereoDownmix=false bufferSize=2560 monoFrameSamples=320 monoFrameBytes=640 t=66ms
2026-04-10 22:06:31.811  6608-10328 [OpusCodec]             com.reedersystems.commandcomms       D  ENCODER_REUSE rate=16000 frameSize=320 channels=1 — encoder already initialized with matching params t=66ms
2026-04-10 22:06:31.812  6608-10328 [AudioDSP]              com.reedersystems.commandcomms       D  TX_DSP_COEFFICIENTS sampleRate=16000 hpCutoff=80.0 hpAlpha=0.9695409720485787 lpCutoff=3500.0 lpB0=0.23764306109078495 lpB1=0.4752861221815699 lpB2=0.23764306109078495 lpA1=-0.23039534785679974 lpA2=0.18096759221993955 compThreshold=-12.0 compRatio=3.0 compAttack=0.003 compRelease=0.15 gain=2.5 t=67ms
2026-04-10 22:06:31.812  6608-10328 AudioRecord             com.reedersystems.commandcomms       D  start: 0x8387f400, sync event 0 trigger session 0
2026-04-10 22:06:31.818  6608-10328 AudioRecord             com.reedersystems.commandcomms       D  start return status 0
2026-04-10 22:06:31.825  6608-6972  [AudioPlay]             com.reedersystems.commandcomms       D  PLC frame for seq=17386 (total=17011) jbSize=1 t=81ms
2026-04-10 22:06:31.847  6608-6972  [OpusCodec]             com.reedersystems.commandcomms       D  DECODE_SUMMARY frames=50 totalFrames=17620 totalOpusBytes=97910 totalPcmBytes=11276800 plcCount=17013 t=103ms
