--------- beginning of main
2026-03-30 20:41:10.089   317-317   auditd                  pid-317                              W  type=2 
2026-03-30 20:41:10.152 25998-25998 gle.vp8.encoder         media.codec                          W  type=1400 audit(0.0:267914): avc: denied { getattr } for path="/dev/sw_sync" dev="tmpfs" ino=236 scontext=u:r:mediacodec:s0 tcontext=u:object_r:sw_sync_device:s0 tclass=chr_file permissive=0
2026-03-30 20:41:10.252 25998-25998 gle.vp8.encoder         media.codec                          W  type=1400 audit(0.0:267915): avc: denied { getattr } for path="/dev/sw_sync" dev="tmpfs" ino=236 scontext=u:r:mediacodec:s0 tcontext=u:object_r:sw_sync_device:s0 tclass=chr_file permissive=0
2026-03-30 20:41:10.352 25998-25998 gle.vp8.encoder         media.codec                          W  type=1400 audit(0.0:267916): avc: denied { getattr } for path="/dev/sw_sync" dev="tmpfs" ino=236 scontext=u:r:mediacodec:s0 tcontext=u:object_r:sw_sync_device:s0 tclass=chr_file permissive=0
2026-03-30 20:41:10.452 25998-25998 gle.vp8.encoder         media.codec                          W  type=1400 audit(0.0:267917): avc: denied { getattr } for path="/dev/sw_sync" dev="tmpfs" ino=236 scontext=u:r:mediacodec:s0 tcontext=u:object_r:sw_sync_device:s0 tclass=chr_file permissive=0
2026-03-30 20:41:10.552 25998-25998 gle.vp8.encoder         media.codec                          W  type=1400 audit(0.0:267918): avc: denied { getattr } for path="/dev/sw_sync" dev="tmpfs" ino=236 scontext=u:r:mediacodec:s0 tcontext=u:object_r:sw_sync_device:s0 tclass=chr_file permissive=0
2026-03-30 20:41:10.652 25998-25998 gle.vp8.encoder         media.codec                          W  type=1400 audit(0.0:267919): avc: denied { getattr } for path="/dev/sw_sync" dev="tmpfs" ino=236 scontext=u:r:mediacodec:s0 tcontext=u:object_r:sw_sync_device:s0 tclass=chr_file permissive=0
2026-03-30 20:41:10.755 25998-25998 gle.vp8.encoder         media.codec                          W  type=1400 audit(0.0:267920): avc: denied { getattr } for path="/dev/sw_sync" dev="tmpfs" ino=236 scontext=u:r:mediacodec:s0 tcontext=u:object_r:sw_sync_device:s0 tclass=chr_file permissive=0
2026-03-30 20:41:10.855 25998-25998 gle.vp8.encoder         media.codec                          W  type=1400 audit(0.0:267921): avc: denied { getattr } for path="/dev/sw_sync" dev="tmpfs" ino=236 scontext=u:r:mediacodec:s0 tcontext=u:object_r:sw_sync_device:s0 tclass=chr_file permissive=0
2026-03-30 20:41:10.955 25998-25998 gle.vp8.encoder         media.codec                          W  type=1400 audit(0.0:267922): avc: denied { getattr } for path="/dev/sw_sync" dev="tmpfs" ino=236 scontext=u:r:mediacodec:s0 tcontext=u:object_r:sw_sync_device:s0 tclass=chr_file permissive=0
2026-03-30 20:41:11.048 25998-25998 gle.vp8.encoder         media.codec                          W  type=1400 audit(0.0:267923): avc: denied { getattr } for path="/dev/sw_sync" dev="tmpfs" ino=236 scontext=u:r:mediacodec:s0 tcontext=u:object_r:sw_sync_device:s0 tclass=chr_file permissive=0
2026-03-30 20:41:11.148 25998-25998 gle.vp8.encoder         media.codec                          W  type=1400 audit(0.0:267924): avc: denied { getattr } for path="/dev/sw_sync" dev="tmpfs" ino=236 scontext=u:r:mediacodec:s0 tcontext=u:object_r:sw_sync_device:s0 tclass=chr_file permissive=0
2026-03-30 20:41:11.252 25998-25998 gle.vp8.encoder         media.codec                          W  type=1400 audit(0.0:267925): avc: denied { getattr } for path="/dev/sw_sync" dev="tmpfs" ino=236 scontext=u:r:mediacodec:s0 tcontext=u:object_r:sw_sync_device:s0 tclass=chr_file permissive=0
2026-03-30 20:41:11.352 25998-25998 gle.vp8.encoder         media.codec                          W  type=1400 audit(0.0:267926): avc: denied { getattr } for path="/dev/sw_sync" dev="tmpfs" ino=236 scontext=u:r:mediacodec:s0 tcontext=u:object_r:sw_sync_device:s0 tclass=chr_file permissive=0
2026-03-30 20:41:11.452 25998-25998 gle.vp8.encoder         media.codec                          W  type=1400 audit(0.0:267927): avc: denied { getattr } for path="/dev/sw_sync" dev="tmpfs" ino=236 scontext=u:r:mediacodec:s0 tcontext=u:object_r:sw_sync_device:s0 tclass=chr_file permissive=0
2026-03-30 20:41:11.552 25998-25998 gle.vp8.encoder         media.codec                          W  type=1400 audit(0.0:267928): avc: denied { getattr } for path="/dev/sw_sync" dev="tmpfs" ino=236 scontext=u:r:mediacodec:s0 tcontext=u:object_r:sw_sync_device:s0 tclass=chr_file permissive=0
2026-03-30 20:41:11.652 25998-25998 gle.vp8.encoder         media.codec                          W  type=1400 audit(0.0:267929): avc: denied { getattr } for path="/dev/sw_sync" dev="tmpfs" ino=236 scontext=u:r:mediacodec:s0 tcontext=u:object_r:sw_sync_device:s0 tclass=chr_file permissive=0
2026-03-30 20:41:11.752 25998-25998 gle.vp8.encoder         media.codec                          W  type=1400 audit(0.0:267930): avc: denied { getattr } for path="/dev/sw_sync" dev="tmpfs" ino=236 scontext=u:r:mediacodec:s0 tcontext=u:object_r:sw_sync_device:s0 tclass=chr_file permissive=0
2026-03-30 20:41:11.852 25998-25998 gle.vp8.encoder         media.codec                          W  type=1400 audit(0.0:267931): avc: denied { getattr } for path="/dev/sw_sync" dev="tmpfs" ino=236 scontext=u:r:mediacodec:s0 tcontext=u:object_r:sw_sync_device:s0 tclass=chr_file permissive=0
2026-03-30 20:41:11.955 25998-25998 gle.vp8.encoder         media.codec                          W  type=1400 audit(0.0:267932): avc: denied { getattr } for path="/dev/sw_sync" dev="tmpfs" ino=236 scontext=u:r:mediacodec:s0 tcontext=u:object_r:sw_sync_device:s0 tclass=chr_file permissive=0
2026-03-30 20:41:12.055 25998-25998 gle.vp8.encoder         media.codec                          W  type=1400 audit(0.0:267933): avc: denied { getattr } for path="/dev/sw_sync" dev="tmpfs" ino=236 scontext=u:r:mediacodec:s0 tcontext=u:object_r:sw_sync_device:s0 tclass=chr_file permissive=0
2026-03-30 20:41:28.112 25998-25998 gle.vp8.encoder         media.codec                          W  type=1400 audit(0.0:267934): avc: denied { getattr } for path="/dev/sw_sync" dev="tmpfs" ino=236 scontext=u:r:mediacodec:s0 tcontext=u:object_r:sw_sync_device:s0 tclass=chr_file permissive=0
2026-03-30 20:41:28.175 25998-25998 gle.vp8.encoder         media.codec                          W  type=1400 audit(0.0:267935): avc: denied { getattr } for path="/dev/sw_sync" dev="tmpfs" ino=236 scontext=u:r:mediacodec:s0 tcontext=u:object_r:sw_sync_device:s0 tclass=chr_file permissive=0
2026-03-30 20:41:28.275 25998-25998 gle.vp8.encoder         media.codec                          W  type=1400 audit(0.0:267936): avc: denied { getattr } for path="/dev/sw_sync" dev="tmpfs" ino=236 scontext=u:r:mediacodec:s0 tcontext=u:object_r:sw_sync_device:s0 tclass=chr_file permissive=0
2026-03-30 20:41:28.378 25998-25998 gle.vp8.encoder         media.codec                          W  type=1400 audit(0.0:267937): avc: denied { getattr } for path="/dev/sw_sync" dev="tmpfs" ino=236 scontext=u:r:mediacodec:s0 tcontext=u:object_r:sw_sync_device:s0 tclass=chr_file permissive=0
2026-03-30 20:41:28.478 25998-25998 gle.vp8.encoder         media.codec                          W  type=1400 audit(0.0:267938): avc: denied { getattr } for path="/dev/sw_sync" dev="tmpfs" ino=236 scontext=u:r:mediacodec:s0 tcontext=u:object_r:sw_sync_device:s0 tclass=chr_file permissive=0
2026-03-30 20:41:28.578 25998-25998 gle.vp8.encoder         media.codec                          W  type=1400 audit(0.0:267939): avc: denied { getattr } for path="/dev/sw_sync" dev="tmpfs" ino=236 scontext=u:r:mediacodec:s0 tcontext=u:object_r:sw_sync_device:s0 tclass=chr_file permissive=0
2026-03-30 20:41:28.678 25998-25998 gle.vp8.encoder         media.codec                          W  type=1400 audit(0.0:267940): avc: denied { getattr } for path="/dev/sw_sync" dev="tmpfs" ino=236 scontext=u:r:mediacodec:s0 tcontext=u:object_r:sw_sync_device:s0 tclass=chr_file permissive=0
2026-03-30 20:41:28.778 25998-25998 gle.vp8.encoder         media.codec                          W  type=1400 audit(0.0:267941): avc: denied { getattr } for path="/dev/sw_sync" dev="tmpfs" ino=236 scontext=u:r:mediacodec:s0 tcontext=u:object_r:sw_sync_device:s0 tclass=chr_file permissive=0
2026-03-30 20:41:28.878 25998-25998 gle.vp8.encoder         media.codec                          W  type=1400 audit(0.0:267942): avc: denied { getattr } for path="/dev/sw_sync" dev="tmpfs" ino=236 scontext=u:r:mediacodec:s0 tcontext=u:object_r:sw_sync_device:s0 tclass=chr_file permissive=0
2026-03-30 20:41:28.978 25998-25998 gle.vp8.encoder         media.codec                          W  type=1400 audit(0.0:267943): avc: denied { getattr } for path="/dev/sw_sync" dev="tmpfs" ino=236 scontext=u:r:mediacodec:s0 tcontext=u:object_r:sw_sync_device:s0 tclass=chr_file permissive=0
2026-03-30 20:41:29.082 25998-25998 gle.vp8.encoder         media.codec                          W  type=1400 audit(0.0:267944): avc: denied { getattr } for path="/dev/sw_sync" dev="tmpfs" ino=236 scontext=u:r:mediacodec:s0 tcontext=u:object_r:sw_sync_device:s0 tclass=chr_file permissive=0
2026-03-30 20:41:30.075 25998-25998 gle.vp8.encoder         media.codec                          W  type=1400 audit(0.0:267945): avc: denied { getattr } for path="/dev/sw_sync" dev="tmpfs" ino=236 scontext=u:r:mediacodec:s0 tcontext=u:object_r:sw_sync_device:s0 tclass=chr_file permissive=0
2026-03-30 20:41:30.175 25998-25998 gle.vp8.encoder         media.codec                          W  type=1400 audit(0.0:267946): avc: denied { getattr } for path="/dev/sw_sync" dev="tmpfs" ino=236 scontext=u:r:mediacodec:s0 tcontext=u:object_r:sw_sync_device:s0 tclass=chr_file permissive=0
2026-03-30 20:41:30.275 25998-25998 gle.vp8.encoder         media.codec                          W  type=1400 audit(0.0:267947): avc: denied { getattr } for path="/dev/sw_sync" dev="tmpfs" ino=236 scontext=u:r:mediacodec:s0 tcontext=u:object_r:sw_sync_device:s0 tclass=chr_file permissive=0
2026-03-30 20:41:30.378 25998-25998 gle.vp8.encoder         media.codec                          W  type=1400 audit(0.0:267948): avc: denied { getattr } for path="/dev/sw_sync" dev="tmpfs" ino=236 scontext=u:r:mediacodec:s0 tcontext=u:object_r:sw_sync_device:s0 tclass=chr_file permissive=0
2026-03-30 20:41:30.478 25998-25998 gle.vp8.encoder         media.codec                          W  type=1400 audit(0.0:267949): avc: denied { getattr } for path="/dev/sw_sync" dev="tmpfs" ino=236 scontext=u:r:mediacodec:s0 tcontext=u:object_r:sw_sync_device:s0 tclass=chr_file permissive=0
2026-03-30 20:41:30.578 25998-25998 gle.vp8.encoder         media.codec                          W  type=1400 audit(0.0:267950): avc: denied { getattr } for path="/dev/sw_sync" dev="tmpfs" ino=236 scontext=u:r:mediacodec:s0 tcontext=u:object_r:sw_sync_device:s0 tclass=chr_file permissive=0
2026-03-30 20:41:30.678 25998-25998 gle.vp8.encoder         media.codec                          W  type=1400 audit(0.0:267951): avc: denied { getattr } for path="/dev/sw_sync" dev="tmpfs" ino=236 scontext=u:r:mediacodec:s0 tcontext=u:object_r:sw_sync_device:s0 tclass=chr_file permissive=0
2026-03-30 20:41:30.778 25998-25998 gle.vp8.encoder         media.codec                          W  type=1400 audit(0.0:267952): avc: denied { getattr } for path="/dev/sw_sync" dev="tmpfs" ino=236 scontext=u:r:mediacodec:s0 tcontext=u:object_r:sw_sync_device:s0 tclass=chr_file permissive=0
2026-03-30 20:41:30.878 25998-25998 gle.vp8.encoder         media.codec                          W  type=1400 audit(0.0:267953): avc: denied { getattr } for path="/dev/sw_sync" dev="tmpfs" ino=236 scontext=u:r:mediacodec:s0 tcontext=u:object_r:sw_sync_device:s0 tclass=chr_file permissive=0
2026-03-30 20:41:30.978 25998-25998 gle.vp8.encoder         media.codec                          W  type=1400 audit(0.0:267954): avc: denied { getattr } for path="/dev/sw_sync" dev="tmpfs" ino=236 scontext=u:r:mediacodec:s0 tcontext=u:object_r:sw_sync_device:s0 tclass=chr_file permissive=0
2026-03-30 20:41:31.082 25998-25998 gle.vp8.encoder         media.codec                          W  type=1400 audit(0.0:267955): avc: denied { getattr } for path="/dev/sw_sync" dev="tmpfs" ino=236 scontext=u:r:mediacodec:s0 tcontext=u:object_r:sw_sync_device:s0 tclass=chr_file permissive=0
2026-03-30 20:41:33.085 25998-25998 gle.vp8.encoder         media.codec                          W  type=1400 audit(0.0:267956): avc: denied { getattr } for path="/dev/sw_sync" dev="tmpfs" ino=236 scontext=u:r:mediacodec:s0 tcontext=u:object_r:sw_sync_device:s0 tclass=chr_file permissive=0
2026-03-30 20:41:33.185 25998-25998 gle.vp8.encoder         media.codec                          W  type=1400 audit(0.0:267957): avc: denied { getattr } for path="/dev/sw_sync" dev="tmpfs" ino=236 scontext=u:r:mediacodec:s0 tcontext=u:object_r:sw_sync_device:s0 tclass=chr_file permissive=0
2026-03-30 20:41:33.285 25998-25998 gle.vp8.encoder         media.codec                          W  type=1400 audit(0.0:267958): avc: denied { getattr } for path="/dev/sw_sync" dev="tmpfs" ino=236 scontext=u:r:mediacodec:s0 tcontext=u:object_r:sw_sync_device:s0 tclass=chr_file permissive=0
2026-03-30 20:41:33.385 25998-25998 gle.vp8.encoder         media.codec                          W  type=1400 audit(0.0:267959): avc: denied { getattr } for path="/dev/sw_sync" dev="tmpfs" ino=236 scontext=u:r:mediacodec:s0 tcontext=u:object_r:sw_sync_device:s0 tclass=chr_file permissive=0
2026-03-30 20:41:33.485 25998-25998 gle.vp8.encoder         media.codec                          W  type=1400 audit(0.0:267960): avc: denied { getattr } for path="/dev/sw_sync" dev="tmpfs" ino=236 scontext=u:r:mediacodec:s0 tcontext=u:object_r:sw_sync_device:s0 tclass=chr_file permissive=0
2026-03-30 20:41:33.585 25998-25998 gle.vp8.encoder         media.codec                          W  type=1400 audit(0.0:267961): avc: denied { getattr } for path="/dev/sw_sync" dev="tmpfs" ino=236 scontext=u:r:mediacodec:s0 tcontext=u:object_r:sw_sync_device:s0 tclass=chr_file permissive=0
2026-03-30 20:41:33.685 25998-25998 gle.vp8.encoder         media.codec                          W  type=1400 audit(0.0:267962): avc: denied { getattr } for path="/dev/sw_sync" dev="tmpfs" ino=236 scontext=u:r:mediacodec:s0 tcontext=u:object_r:sw_sync_device:s0 tclass=chr_file permissive=0
2026-03-30 20:41:33.788 25998-25998 gle.vp8.encoder         media.codec                          W  type=1400 audit(0.0:267963): avc: denied { getattr } for path="/dev/sw_sync" dev="tmpfs" ino=236 scontext=u:r:mediacodec:s0 tcontext=u:object_r:sw_sync_device:s0 tclass=chr_file permissive=0
2026-03-30 20:41:33.888 25998-25998 gle.vp8.encoder         media.codec                          W  type=1400 audit(0.0:267964): avc: denied { getattr } for path="/dev/sw_sync" dev="tmpfs" ino=236 scontext=u:r:mediacodec:s0 tcontext=u:object_r:sw_sync_device:s0 tclass=chr_file permissive=0
2026-03-30 20:41:33.988 25998-25998 gle.vp8.encoder         media.codec                          W  type=1400 audit(0.0:267965): avc: denied { getattr } for path="/dev/sw_sync" dev="tmpfs" ino=236 scontext=u:r:mediacodec:s0 tcontext=u:object_r:sw_sync_device:s0 tclass=chr_file permissive=0
2026-03-30 20:41:34.082 25998-25998 gle.vp8.encoder         media.codec                          W  type=1400 audit(0.0:267966): avc: denied { getattr } for path="/dev/sw_sync" dev="tmpfs" ino=236 scontext=u:r:mediacodec:s0 tcontext=u:object_r:sw_sync_device:s0 tclass=chr_file permissive=0
2026-03-30 20:41:34.182 25998-25998 gle.vp8.encoder         media.codec                          W  type=1400 audit(0.0:267967): avc: denied { getattr } for path="/dev/sw_sync" dev="tmpfs" ino=236 scontext=u:r:mediacodec:s0 tcontext=u:object_r:sw_sync_device:s0 tclass=chr_file permissive=0
2026-03-30 20:41:34.285 25998-25998 gle.vp8.encoder         media.codec                          W  type=1400 audit(0.0:267968): avc: denied { getattr } for path="/dev/sw_sync" dev="tmpfs" ino=236 scontext=u:r:mediacodec:s0 tcontext=u:object_r:sw_sync_device:s0 tclass=chr_file permissive=0
2026-03-30 20:41:34.385 25998-25998 gle.vp8.encoder         media.codec                          W  type=1400 audit(0.0:267969): avc: denied { getattr } for path="/dev/sw_sync" dev="tmpfs" ino=236 scontext=u:r:mediacodec:s0 tcontext=u:object_r:sw_sync_device:s0 tclass=chr_file permissive=0
2026-03-30 20:41:34.485 25998-25998 gle.vp8.encoder         media.codec                          W  type=1400 audit(0.0:267970): avc: denied { getattr } for path="/dev/sw_sync" dev="tmpfs" ino=236 scontext=u:r:mediacodec:s0 tcontext=u:object_r:sw_sync_device:s0 tclass=chr_file permissive=0
2026-03-30 20:41:34.585 25998-25998 gle.vp8.encoder         media.codec                          W  type=1400 audit(0.0:267971): avc: denied { getattr } for path="/dev/sw_sync" dev="tmpfs" ino=236 scontext=u:r:mediacodec:s0 tcontext=u:object_r:sw_sync_device:s0 tclass=chr_file permissive=0
2026-03-30 20:41:34.685 25998-25998 gle.vp8.encoder         media.codec                          W  type=1400 audit(0.0:267972): avc: denied { getattr } for path="/dev/sw_sync" dev="tmpfs" ino=236 scontext=u:r:mediacodec:s0 tcontext=u:object_r:sw_sync_device:s0 tclass=chr_file permissive=0
--------- beginning of system
2026-03-30 20:41:34.785 25998-25998 gle.vp8.encoder         media.codec                          W  type=1400 audit(0.0:267973): avc: denied { getattr } for path="/dev/sw_sync" dev="tmpfs" ino=236 scontext=u:r:mediacodec:s0 tcontext=u:object_r:sw_sync_device:s0 tclass=chr_file permissive=0
2026-03-30 20:41:34.812 17343-17343 [PTT-DIAG]              com.reedersystems.commandcomms       D  MainActivity PTT DOWN — forwarding to BackgroundAudioService (signaling=true)
2026-03-30 20:41:34.872 25998-25998 gle.vp8.encoder         media.codec                          W  type=1400 audit(0.0:267974): avc: denied { getattr } for path="/dev/sw_sync" dev="tmpfs" ino=236 scontext=u:r:mediacodec:s0 tcontext=u:object_r:sw_sync_device:s0 tclass=chr_file permissive=0
2026-03-30 20:41:34.898 25998-25998 gle.vp8.encoder         media.codec                          W  type=1400 audit(0.0:267975): avc: denied { getattr } for path="/dev/sw_sync" dev="tmpfs" ino=236 scontext=u:r:mediacodec:s0 tcontext=u:object_r:sw_sync_device:s0 tclass=chr_file permissive=0
2026-03-30 20:41:34.918 25998-25998 gle.vp8.encoder         media.codec                          W  type=1400 audit(0.0:267976): avc: denied { getattr } for path="/dev/sw_sync" dev="tmpfs" ino=236 scontext=u:r:mediacodec:s0 tcontext=u:object_r:sw_sync_device:s0 tclass=chr_file permissive=0
2026-03-30 20:41:34.932   397-16180 MediaExtractor          media.extractor                      D  Autodetected media content as 'audio/x-wav' with confidence 0.30
2026-03-30 20:41:34.937   397-17102 MediaAnalyticsItem      media.extractor                      W  Unable to record: (extractor:0:-1:-11:0:3:android.media.mediaextractor.fmt=WAVExtractor:android.media.mediaextractor.ntrk=1:android.media.mediaextractor.mime=audio/x-wav:) [forcenew=0]
2026-03-30 20:41:34.942 25998-25998 gle.vp8.encoder         media.codec                          W  type=1400 audit(0.0:267977): avc: denied { getattr } for path="/dev/sw_sync" dev="tmpfs" ino=236 scontext=u:r:mediacodec:s0 tcontext=u:object_r:sw_sync_device:s0 tclass=chr_file permissive=0
2026-03-30 20:41:34.975 25998-27809 OMXMaster               media.codec                          I  makeComponentInstance(OMX.MTK.AUDIO.DECODER.RAW) in omx@1.0-service process
2026-03-30 20:41:34.977 25998-27809 MtkOmxRawDec            media.codec                          D  Init Audio(Raw PCM) Params!!!
2026-03-30 20:41:34.988 25998-19333 MtkOmxAudioDecBase      media.codec                          D  # Got general command (OMX_CommandStateSet)
2026-03-30 20:41:34.989 25998-19333 MtkOmxAudioDecBase      media.codec                          D  wait on mInPortAllocDoneSem(0), mOutPortAllocDoneSem(0)!!
2026-03-30 20:41:35.021 25998-19333 MtkOmxAudioDecBase      media.codec                          D  # Got general command (OMX_CommandStateSet)
2026-03-30 20:41:35.021 25998-19333 MtkOmxAudioDecBase      media.codec                          D  state changes to OMX_StateExecuting
2026-03-30 20:41:35.031 26075-19331 NuPlayerDecoder         mediaserver                          I  [audio] saw output EOS
2026-03-30 20:41:35.032 26075-19330 AudioTrack              mediaserver                          D  set(): 0xac737000, streamType 8, sampleRate 44100, format 0x1, channelMask 0x1, frameCount 22560, flags #0, notificationFrames 0, sessionId 0, transferType 0, uid 10161, pid 17343
2026-03-30 20:41:35.032 26075-19330 AudioTrack              mediaserver                          D  Building AudioTrack with attributes: usage = 3, content = 4, flags = 0x0, tags = []
2026-03-30 20:41:35.034 26072-19655 AudioFlinger            audioserver                          D  track(0xab4e9c80): mIsOut 1, mFrameCount 22560, mSampleRate 44100, mFormat 1, mChannelCount 1, mTrackCount 243, thread 0xaac83140, sessionId 2345
2026-03-30 20:41:35.034 26072-19655 AudioFlinger            audioserver                          D  track(0xab4e9c80): mFastIndex -1, mStreamType 8, mName 4099
2026-03-30 20:41:35.035 26075-19330 AudioTrack              mediaserver                          D  Client defaulted notificationFrames to 7520 for frameCount 22560
2026-03-30 20:41:35.032 25998-25998 gle.vp8.encoder         media.codec                          W  type=1400 audit(0.0:267978): avc: denied { getattr } for path="/dev/sw_sync" dev="tmpfs" ino=236 scontext=u:r:mediacodec:s0 tcontext=u:object_r:sw_sync_device:s0 tclass=chr_file permissive=0
2026-03-30 20:41:35.036 26075-19330 AudioTrack              mediaserver                          D  createTrack_l: 0xac737000, mCblk = 0xabf170e0, mLatency = 563, mAfLatency = 52, frameCount = 22560, mSampleRate = 44100, mFlags = 0, mReqFrameCount = 22560, mNotificationFramesAct = 7520
2026-03-30 20:41:35.037 26075-19330 AudioTrack              mediaserver                          D  start(): 0xac737000, mState = 1
2026-03-30 20:41:35.037 26072-26116 APM_AudioPolicyManager  audioserver                          D  startOutput() output 13, stream 8, session 2345
2026-03-30 20:41:35.037 26072-26116 APM::Audio...Descriptor audioserver                          V  changeRefCount() stream 8, count 1
2026-03-30 20:41:35.038 26072-26111 AudioSystem             audioserver                          D  +setParameters(): volumeDevice=2;volumeIndex=14;volumeStreamType=8 
2026-03-30 20:41:35.040 26078-26142 AudioALSAStreamOut      and...re.audio@2.0-service-mediatek  D  +setParameters(): flag 6, volumeDevice=2;volumeIndex=14;volumeStreamType=8
2026-03-30 20:41:35.040 26078-26142 AudioMTKGainController  and...re.audio@2.0-service-mediatek  D  setNormalVolume(), mSceneIndex = 0, stream 8, devices 0x2, index 14, mode 0x0
2026-03-30 20:41:35.040 26078-26142 AudioMTKGainController  and...re.audio@2.0-service-mediatek  D  setSpeakerGain(), gain = 8, spkAnaType = 3, spkLMixerName = Lineout_PGAL_GAIN, spkRMixerName = Lineout_PGAR_GAIN
2026-03-30 20:41:35.045 26078-29085 AudioALSAStreamManager  and...re.audio@2.0-service-mediatek  D  +syncSharedOutDevice(), routingSharedOutDevice: 2
2026-03-30 20:41:35.045 26078-29085 AudioALSAStreamManager  and...re.audio@2.0-service-mediatek  D  setMasterVolume(), volume = 1.000000
2026-03-30 20:41:35.045 26075-19330 AudioTrack              mediaserver                          D  stop(): 0xac737000, mState = 0
2026-03-30 20:41:35.045 26075-19330 AudioTrack              mediaserver                          D  stop() called with 11944 frames delivered
2026-03-30 20:41:35.045 26078-29085 AudioMTKGainController  and...re.audio@2.0-service-mediatek  D  setNormalVolume(), mSceneIndex = 0, stream 8, devices 0x2, index 14, mode 0x0
2026-03-30 20:41:35.045 26078-29085 AudioMTKGainController  and...re.audio@2.0-service-mediatek  D  setSpeakerGain(), gain = 8, spkAnaType = 3, spkLMixerName = Lineout_PGAL_GAIN, spkRMixerName = Lineout_PGAR_GAIN
2026-03-30 20:41:35.045 26078-29085 AudioALSAStreamOut      and...re.audio@2.0-service-mediatek  D  open(), flags 6
2026-03-30 20:41:35.045 26078-29085 AudioUtility            and...re.audio@2.0-service-mediatek  D  power_hal_hint - custPowerHint 0, data 268435455
2026-03-30 20:41:35.045 26078-29085 AudioALSAStreamManager  and...re.audio@2.0-service-mediatek  D  +createPlaybackHandler(), mAudioMode = 0, output_devices = 0x2
2026-03-30 20:41:35.045 26078-29085 NVRAM                   and...re.audio@2.0-service-mediatek  D  getNumMicSupport(), dualMicFlag 1, numMicString 2
2026-03-30 20:41:35.045 26078-29085 NVRAM                   and...re.audio@2.0-service-mediatek  D  QueryFeatureSupportInfo(), feature support bit 0x1a097c57 
2026-03-30 20:41:35.045 26078-29085 AudioSpeechEnhanceInfo  and...re.audio@2.0-service-mediatek  D  IsAPDMNRTuningEnable(), 0
2026-03-30 20:41:35.045 26078-29085 AudioALSAP...dlerNormal and...re.audio@2.0-service-mediatek  D  AudioALSAPlaybackHandlerNormal()
2026-03-30 20:41:35.046 26078-29085 AudioALSAP...dlerNormal and...re.audio@2.0-service-mediatek  D  +setFilterMng() mAudioFilterManagerHandler [0xae716290]
2026-03-30 20:41:35.046 26078-29085 AudioALSAP...dlerNormal and...re.audio@2.0-service-mediatek  D  +open(), flag 6, mDevice = 0x2
2026-03-30 20:41:35.046 26078-29085 AudioALSADeviceParser   and...re.audio@2.0-service-mediatek  D  compare pcm success = 7, stringpair = I2S0DL1_PLayback
2026-03-30 20:41:35.046 26078-29085 <no-tag>                and...re.audio@2.0-service-mediatek  D  -AssignDRAM() retval 0
2026-03-30 20:41:35.046 26075-19330 AudioTrack              mediaserver                          D  audiotrack 0xac737000 stop done
2026-03-30 20:41:35.046 26078-29085 AudioALSAP...andlerBase and...re.audio@2.0-service-mediatek  D  transferAudioFormatToPcmFormat(), audio_format(0x4) => pcm_format(0x1)
2026-03-30 20:41:35.046 26078-29085 AudioALSAP...dlerNormal and...re.audio@2.0-service-mediatek  D  open(), mConfig: channels = 2, rate = 48000, period_size = 256, period_count = 2, format = 1 avail_min = 256
2026-03-30 20:41:35.046 26078-29085 AudioALSADriverUtility  and...re.audio@2.0-service-mediatek  D  GetPropertyValue key = af.resouce.extdac_support value = 0
2026-03-30 20:41:35.046 26078-29085 AudioALSAP...dlerNormal and...re.audio@2.0-service-mediatek  D  SetLowJitterMode(), bypass low jitter mode, bEnable = 1, device = 0x2, SampleRate = 48000
2026-03-30 20:41:35.047 26078-29085 AudioALSAP...andlerBase and...re.audio@2.0-service-mediatek  D  openPcmDriverWithFlag(), pcm device = 7 flag = 0x8
2026-03-30 20:41:35.048 26078-29085 AudioALSAP...andlerBase and...re.audio@2.0-service-mediatek  D  initBitConverter(), audio_format: 0x3 => 0x4, bcv_pcm_format = 0x3
2026-03-30 20:41:35.048 26078-29085 MtkAudioBitConverter    and...re.audio@2.0-service-mediatek  D  +open(), format 3, CH 2, SR 48000
2026-03-30 20:41:35.048 26078-29085 MtkAudioBitConverter    and...re.audio@2.0-service-mediatek  D  +resetBuffer()
2026-03-30 20:41:35.048 26078-29085 AudioALSAH...rceManager and...re.audio@2.0-service-mediatek  D  +startOutputDevice(), new_devices = 0x2, mOutputDevices = 0x0, mStartOutputDevicesCount = 0 SampleRate = 48000
2026-03-30 20:41:35.048 26078-29085 AudioALSADriverUtility  and...re.audio@2.0-service-mediatek  D  GetPropertyValue key = af.resouce.extdac_support value = 0
2026-03-30 20:41:35.049 26078-29085 AudioALSAD...figManager and...re.audio@2.0-service-mediatek  D  ApplyDeviceTurnonSequenceByName() DeviceName = speaker_output descriptor->DeviceStatusCounte = 0
2026-03-30 20:41:35.050 26078-29085 AudioALSAD...figManager and...re.audio@2.0-service-mediatek  D  ApplyDeviceTurnonSequenceByName() DeviceName = ext_speaker_output descriptor->DeviceStatusCounte = 0
2026-03-30 20:41:35.056 26078-29085 AudioVoiceUIDL          and...re.audio@2.0-service-mediatek  D  [GetSRCInputParameter] mOutputSampleRate 16000,  mInputSampleRate 48000, mInChannel 2, mOutChannel, 0 format 4
2026-03-30 20:41:35.056 26078-29085 AudioVoiceUIDL          and...re.audio@2.0-service-mediatek  D  [GetSRCInputParameter] create SRC handle fail
2026-03-30 20:41:35.056 26078-29085 AudioALSAP...dlerNormal and...re.audio@2.0-service-mediatek  D  -open()
2026-03-30 20:41:35.135 25998-25998 gle.vp8.encoder         media.codec                          W  type=1400 audit(0.0:267979): avc: denied { getattr } for path="/dev/sw_sync" dev="tmpfs" ino=236 scontext=u:r:mediacodec:s0 tcontext=u:object_r:sw_sync_device:s0 tclass=chr_file permissive=0
2026-03-30 20:41:35.200 26078-26142 AudioALSAStreamManager  and...re.audio@2.0-service-mediatek  D  getInputBufferSize(), sampleRate = 48000, format = 0x1, channelCount = 1, bufferSize = 1920
2026-03-30 20:41:35.206 17343-19174 AudioRecord             com.reedersystems.commandcomms       D  set(): 0x8be7fc00, inputSource 7, sampleRate 48000, format 0x1, channelMask 0x10, frameCount 3840, notificationFrames 0, sessionId 0, transferType 0, flags 0, opPackageName com.reedersystems.commandcomms uid -1, pid -1
2026-03-30 20:41:35.208 26072-26116 APM_AudioPolicyManager  audioserver                          D  getInputForAttr() source 7, samplingRate 48000, format 1, channelMask 10,session 2353, flags 0
2026-03-30 20:41:35.208 26078-26142 AudioALSAStreamManager  and...re.audio@2.0-service-mediatek  D  openInputStream(), devices = 0x80000004, format = 0x1, channels = 0x10, sampleRate = 48000, status = 374, acoustics = 0x0
2026-03-30 20:41:35.209 26078-26142 AudioALSAStreamIn       and...re.audio@2.0-service-mediatek  D  AudioALSAStreamIn()
2026-03-30 20:41:35.209 26078-26142 AudioALSAStreamIn       and...re.audio@2.0-service-mediatek  D  set(), devices = 0x80000004, format = 0x1, channels = 0x10, sampleRate = 48000, acoustics = 0x0, flags = 0
2026-03-30 20:41:35.209 26078-26142 AudioALSAStreamIn       and...re.audio@2.0-service-mediatek  D  CheckBesRecordInfo()
2026-03-30 20:41:35.209 26078-26142 AudioSpeechEnhanceInfo  and...re.audio@2.0-service-mediatek  D  GetBesRecScene() -1
2026-03-30 20:41:35.209 26078-26142 AudioSpeechEnhanceInfo  and...re.audio@2.0-service-mediatek  D  IsBesRecTuningEnable()- 0
2026-03-30 20:41:35.209 26078-26142 NVRAM                   and...re.audio@2.0-service-mediatek  D  getNumMicSupport(), dualMicFlag 1, numMicString 2
2026-03-30 20:41:35.209 26078-26142 NVRAM                   and...re.audio@2.0-service-mediatek  D  QueryFeatureSupportInfo(), feature support bit 0x1a097c57 
2026-03-30 20:41:35.209 26078-26142 AudioSpeechEnhanceInfo  and...re.audio@2.0-service-mediatek  D  IsAPDMNRTuningEnable(), 0
2026-03-30 20:41:35.209 26078-26142 NVRAM                   and...re.audio@2.0-service-mediatek  D  getNumMicSupport(), dualMicFlag 1, numMicString 2
2026-03-30 20:41:35.209 26078-26142 NVRAM                   and...re.audio@2.0-service-mediatek  D  QueryFeatureSupportInfo(), feature support bit 0x1a097c57 
2026-03-30 20:41:35.209 26078-26142 AudioSpeechEnhanceInfo  and...re.audio@2.0-service-mediatek  D  GetForceMagiASRState(), feature_support=1a097c57, 400, mForceMagiASR=0
2026-03-30 20:41:35.209 26078-26142 AudioSpeechEnhanceInfo  and...re.audio@2.0-service-mediatek  D  GetForceAECRecState(), mForceAECRec=0
2026-03-30 20:41:35.209 26078-26142 AudioALSAStreamIn       and...re.audio@2.0-service-mediatek  D  set() done, sampleRate = 48000, num_channels = 1, buffer_size=1920, tempDebugflag = 0
2026-03-30 20:41:35.209 26078-26142 AudioALSAStreamManager  and...re.audio@2.0-service-mediatek  D  -openInputStream(), in = 0xae76aa00, status = 0x0, mStreamInVector.size() = 1
2026-03-30 20:41:35.209 26078-26142 AudioALSAStreamIn       and...re.audio@2.0-service-mediatek  D  +setParameters(): input_source=7
2026-03-30 20:41:35.209 26078-26142 AudioALSAStreamIn       and...re.audio@2.0-service-mediatek  D  -setParameters(): input_source=7 
2026-03-30 20:41:35.229 26072-19339 AudioFlinger_Threads    audioserver                          I  AudioFlinger's thread 0xaa483440 tid=19339 ready to run
2026-03-30 20:41:35.229 26078-26078 AudioALSAStreamIn       and...re.audio@2.0-service-mediatek  D  +standby()
2026-03-30 20:41:35.229 26078-26078 AudioALSAStreamIn       and...re.audio@2.0-service-mediatek  D  -standby()
2026-03-30 20:41:35.235 25998-25998 gle.vp8.encoder         media.codec                          W  type=1400 audit(0.0:267980): avc: denied { getattr } for path="/dev/sw_sync" dev="tmpfs" ino=236 scontext=u:r:mediacodec:s0 tcontext=u:object_r:sw_sync_device:s0 tclass=chr_file permissive=0
2026-03-30 20:41:35.251 26078-26078 AudioALSAStreamIn       and...re.audio@2.0-service-mediatek  D  +standby()
2026-03-30 20:41:35.252 26078-26078 AudioALSAStreamIn       and...re.audio@2.0-service-mediatek  D  -standby()
2026-03-30 20:41:35.255 26072-26116 AudioFlinger            audioserver                          D  track(0xaab73800): mIsOut 0, mFrameCount 3840, mSampleRate 48000, mFormat 1, mChannelCount 1, mTrackCount 244, thread 0xaa483440, sessionId 2353
2026-03-30 20:41:35.256 17343-19174 AudioRecord             com.reedersystems.commandcomms       D  openRecord_l: 0x8be7fc00, mCblk = 0x846141c0
2026-03-30 20:41:35.262 17343-19174 AudioRecord             com.reedersystems.commandcomms       D  start: 0x8be7fc00, sync event 0 trigger session 0
2026-03-30 20:41:35.266 26072-26116 APM_AudioPolicyManager  audioserver                          D  startInput() input 374
2026-03-30 20:41:35.269 26078-26142 AudioALSAHardware       and...re.audio@2.0-service-mediatek  D  +routing createAudioPatch 80000004->Mixer Src 7
2026-03-30 20:41:35.269 26078-26142 AudioALSAStreamManager  and...re.audio@2.0-service-mediatek  D  +setParameters(), IOport = 374, keyValuePairs = input_source=7;routing=-2147483644
2026-03-30 20:41:35.269 26078-26142 AudioALSAStreamIn       and...re.audio@2.0-service-mediatek  D  +setParameters(): input_source=7;routing=-2147483644
2026-03-30 20:41:35.269 26078-26142 AudioALSAStreamManager  and...re.audio@2.0-service-mediatek  D  +routingInputDevice(), input_device: 0x80000004 => 0x80000004
2026-03-30 20:41:35.269 26078-26142 AudioALSAStreamManager  and...re.audio@2.0-service-mediatek  W  -routingInputDevice(), input_device == current_input_device(0x80000004), return
2026-03-30 20:41:35.269 26078-26142 AudioALSAStreamIn       and...re.audio@2.0-service-mediatek  D  -setParameters(): input_source=7;routing=-2147483644 
2026-03-30 20:41:35.272 17343-19174 AudioRecord             com.reedersystems.commandcomms       D  start return status 0
2026-03-30 20:41:35.274 26078-26078 AudioALSAStreamIn       and...re.audio@2.0-service-mediatek  D  addAudioEffect(), 0xae718d60
2026-03-30 20:41:35.274 26078-26078 AudioALSAStreamIn       and...re.audio@2.0-service-mediatek  D  addAudioEffect(), effect name:Acoustic Echo Canceler, BackupCount=0
2026-03-30 20:41:35.274 26078-26078 AudioALSAStreamIn       and...re.audio@2.0-service-mediatek  D  addAudioEffect(), AECOn, need reopen the capture handle
2026-03-30 20:41:35.274 26078-26078 AudioALSAStreamIn       and...re.audio@2.0-service-mediatek  D  addAudioEffect()-
2026-03-30 20:41:35.275 26078-24807 AudioALSAStreamIn       and...re.audio@2.0-service-mediatek  D  addAudioEffect(), 0xad28fdc0
2026-03-30 20:41:35.275 26078-24807 AudioALSAStreamIn       and...re.audio@2.0-service-mediatek  D  addAudioEffect(), effect name:Noise Suppression, BackupCount=1
2026-03-30 20:41:35.275 26078-24807 AudioALSAStreamIn       and...re.audio@2.0-service-mediatek  D  addAudioEffect()-
2026-03-30 20:41:35.277 26078-19340 AudioALSAStreamIn       and...re.audio@2.0-service-mediatek  D  open()
2026-03-30 20:41:35.278 26078-19340 AudioALSAStreamManager  and...re.audio@2.0-service-mediatek  D  +createCaptureHandler(), mAudioMode = 0, input_source = 7, input_device = 0x80000004, mBypassDualMICProcessUL=0, sample_rate=48000
2026-03-30 20:41:35.278 26078-19340 NVRAM                   and...re.audio@2.0-service-mediatek  D  getNumMicSupport(), dualMicFlag 1, numMicString 2
2026-03-30 20:41:35.278 26078-19340 NVRAM                   and...re.audio@2.0-service-mediatek  D  QueryFeatureSupportInfo(), feature support bit 0x1a097c57 
2026-03-30 20:41:35.278 26078-19340 AudioALSAStreamManager  and...re.audio@2.0-service-mediatek  D  -EnableBesRecord(), 1
2026-03-30 20:41:35.279 26078-19340 AudioALSAC...andlerBase and...re.audio@2.0-service-mediatek  D  AudioALSACaptureHandlerBase()
2026-03-30 20:41:35.279 26078-19340 AudioALSAC...HandlerAEC and...re.audio@2.0-service-mediatek  D  AudioALSACaptureHandlerAEC()
2026-03-30 20:41:35.279 26078-19340 AudioALSAC...HandlerAEC and...re.audio@2.0-service-mediatek  D  +open(), input_device = 0x80000004, input_source = 0x7, sample_rate=48000, num_channels=1, output_devices=0x2
2026-03-30 20:41:35.279 26078-19340 AudioALSAC...DataClient and...re.audio@2.0-service-mediatek  D  AudioALSACaptureDataClient()
2026-03-30 20:41:35.279 26078-19340 AudioSPELayer           and...re.audio@2.0-service-mediatek  D  SPELayer+
2026-03-30 20:41:35.279 26078-19340 AudioSPELayer           and...re.audio@2.0-service-mediatek  D  GetVoIPJitterTime JitterTime=0,ret=1
2026-03-30 20:41:35.291 26078-19340 AudioSPELayer           and...re.audio@2.0-service-mediatek  D  SPELayer-
2026-03-30 20:41:35.292 26078-19340 AudioMTKGainController  and...re.audio@2.0-service-mediatek  D  +SetCaptureGain(), mode=0, source=7, input device=0x80000004, output device=0x2
2026-03-30 20:41:35.292 26078-19340 NVRAM                   and...re.audio@2.0-service-mediatek  D  getNumMicSupport(), dualMicFlag 1, numMicString 2
2026-03-30 20:41:35.293 26078-19340 NVRAM                   and...re.audio@2.0-service-mediatek  D  QueryFeatureSupportInfo(), feature support bit 0x1a097c57 
2026-03-30 20:41:35.293 26078-19340 AudioSpeechEnhanceInfo  and...re.audio@2.0-service-mediatek  D  IsAPDMNRTuningEnable(), 0
2026-03-30 20:41:35.293 26078-19340 AudioUtility            and...re.audio@2.0-service-mediatek  D  IsAudioSupportFeature AUDIO_SUPPORT_DMIC bSupportFlg[0]
2026-03-30 20:41:35.294 26078-19340 AudioMTKGainController  and...re.audio@2.0-service-mediatek  D  ApplyMicGain(), mSceneIndex = 0, _mic_mode = 0, _gain_device = 2, mode = 0, micgain = 20, mULTotalGain = 152, mBand = 0, mNetwork = 0, analogidx = 2
2026-03-30 20:41:35.294 26078-19340 AudioALSAC...DataClient and...re.audio@2.0-service-mediatek  D  AudioALSACaptureDataClient(), besrecord_enable=1, besrecord_scene=-1
2026-03-30 20:41:35.294 26078-19340 AudioSPELayer           and...re.audio@2.0-service-mediatek  D  SetVMDumpEnable(), 0
2026-03-30 20:41:35.294 26078-19340 AudioSPELayer           and...re.audio@2.0-service-mediatek  D  SetVMDumpFileName()+, VMFileName=
2026-03-30 20:41:35.294 26078-19340 AudioSPELayer           and...re.audio@2.0-service-mediatek  D  SetVMDumpFileName()-, VMFileName=, mVMDumpFileName=
2026-03-30 20:41:35.294 26078-19340 AudioSPELayer           and...re.audio@2.0-service-mediatek  D  SetPlatfromTimeOffset, old=0, new=-4
2026-03-30 20:41:35.294 26078-19340 AudioALSAC...DataClient and...re.audio@2.0-service-mediatek  D  CheckBesRecordBypass() 0
2026-03-30 20:41:35.294 26078-19340 AudioALSAC...DataClient and...re.audio@2.0-service-mediatek  D  +ConfigBesRecordParams()
2026-03-30 20:41:35.294 26078-19340 AudioALSAC...DataClient and...re.audio@2.0-service-mediatek  D  +GetBesRecordRoutePath(), output device = 0x2, input device = 0x80000004
2026-03-30 20:41:35.295 26078-19340 AudioALSAC...DataClient and...re.audio@2.0-service-mediatek  D  ConfigBesRecordParams(), categoryPath = Profile,Hands-free no 1mic NR, mBesRecordStereoMode = 0, input_source = 7, input_devices = 80000004, bVoIPEnable = 1, bypassDualProcess = 0
2026-03-30 20:41:35.295 26078-19340 AudioSPELayer           and...re.audio@2.0-service-mediatek  D  SetCompFilter, SPE_MODE=2
2026-03-30 20:41:35.295 26078-19340 NVRAM                   and...re.audio@2.0-service-mediatek  D  getNumMicSupport(), dualMicFlag 1, numMicString 2
2026-03-30 20:41:35.295 26078-19340 NVRAM                   and...re.audio@2.0-service-mediatek  D  QueryFeatureSupportInfo(), feature support bit 0x1a097c57 
2026-03-30 20:41:35.295 26078-19340 NVRAM                   and...re.audio@2.0-service-mediatek  D  getNumMicSupport(), dualMicFlag 1, numMicString 2
2026-03-30 20:41:35.295 26078-19340 NVRAM                   and...re.audio@2.0-service-mediatek  D  QueryFeatureSupportInfo(), feature support bit 0x1a097c57 
2026-03-30 20:41:35.295 26078-19340 AudioALSAC...DataClient and...re.audio@2.0-service-mediatek  D  SetDMNREnable(), type=2, bypassDMNR=0
2026-03-30 20:41:35.295 26078-19340 NVRAM                   and...re.audio@2.0-service-mediatek  D  getNumMicSupport(), dualMicFlag 1, numMicString 2
2026-03-30 20:41:35.295 26078-19340 NVRAM                   and...re.audio@2.0-service-mediatek  D  QueryFeatureSupportInfo(), feature support bit 0x1a097c57 
2026-03-30 20:41:35.295 26078-19340 NVRAM                   and...re.audio@2.0-service-mediatek  D  getNumMicSupport(), dualMicFlag 1, numMicString 2
2026-03-30 20:41:35.295 26078-19340 NVRAM                   and...re.audio@2.0-service-mediatek  D  QueryFeatureSupportInfo(), feature support bit 0x1a097c57 
2026-03-30 20:41:35.295 26078-19340 AudioSPELayer           and...re.audio@2.0-service-mediatek  D  SetDynamicFuncCtrl(), SetDynamicFuncCtrl ffffffff(40), enable(1) == current_state(1)
2026-03-30 20:41:35.295 26078-19340 AudioSPELayer           and...re.audio@2.0-service-mediatek  D  SetDynamicFuncCtrl(), SetDynamicFuncCtrl fffffffd
2026-03-30 20:41:35.295 26078-19340 AudioSPELayer           and...re.audio@2.0-service-mediatek  D  SetRoute, 2
2026-03-30 20:41:35.296 26078-19340 AudioSPELayer           and...re.audio@2.0-service-mediatek  D  SetMICDigitalGain, MIC_DG, SPE_MODE=2, gain=12
2026-03-30 20:41:35.296 26078-19340 AudioSPELayer           and...re.audio@2.0-service-mediatek  D  SetUpLinkTotalGain, SPE_MODE=2, gain=152
2026-03-30 20:41:35.296 26078-19340 AudioALSAC...DataClient and...re.audio@2.0-service-mediatek  D  -ConfigBesRecordParams()
2026-03-30 20:41:35.296 26078-19340 AudioALSAC...DataClient and...re.audio@2.0-service-mediatek  D  +StartBesRecord()
2026-03-30 20:41:35.296 26078-19340 AudioSPELayer           and...re.audio@2.0-service-mediatek  D  GetVoIPLatencyTime LatencyTime=0,ret=1
2026-03-30 20:41:35.296 26078-19340 AudioSPELayer           and...re.audio@2.0-service-mediatek  D  mLatencyTime=4,mLatencyDir=0
2026-03-30 20:41:35.296 26078-19340 AudioSPELayer           and...re.audio@2.0-service-mediatek  D  Start, SWIP ver = 10.2
2026-03-30 20:41:35.298 26078-19340 AudioSPELayer           and...re.audio@2.0-service-mediatek  D  Start, going to configure,mSphCtrlBuffer=0xac4c55c0,mem_size=226672
2026-03-30 20:41:35.299 26078-19340 AudioSPELayer           and...re.audio@2.0-service-mediatek  D  dump, State=0, mode=0
2026-03-30 20:41:35.299 26078-19340 AudioSPELayer           and...re.audio@2.0-service-mediatek  D  Record:Samplerate = 48000, FrameRate=20,App_table=8, Fea_Cfg_table=1ff
2026-03-30 20:41:35.299 26078-19340 AudioSPELayer           and...re.audio@2.0-service-mediatek  D  Record:EnhanceParas
2026-03-30 20:41:35.299 26078-19340 AudioSPELayer           and...re.audio@2.0-service-mediatek  D  [index 0] 96,253,16388,32796,49415,0,400
2026-03-30 20:41:35.299 26078-19340 AudioSPELayer           and...re.audio@2.0-service-mediatek  D  [index 1] 0,272,4325,99,0,0,0
2026-03-30 20:41:35.299 26078-19340 AudioSPELayer           and...re.audio@2.0-service-mediatek  D  [index 2] 0,8192,0,0,0,10752,32769
2026-03-30 20:41:35.299 26078-19340 AudioSPELayer           and...re.audio@2.0-service-mediatek  D  [index 3] 0,0,0,0,0,0,0
2026-03-30 20:41:35.299 26078-19340 AudioSPELayer           and...re.audio@2.0-service-mediatek  D  [index 4] 0,0,0,0,0,0,0
2026-03-30 20:41:35.299 26078-19340 AudioSPELayer           and...re.audio@2.0-service-mediatek  D  [index 5] 0,0,0,0,0,0,0
2026-03-30 20:41:35.299 26078-19340 AudioSPELayer           and...re.audio@2.0-service-mediatek  D  [index 6] 0,0,0,0,0,0,0
2026-03-30 20:41:35.299 26078-19340 AudioSPELayer           and...re.audio@2.0-service-mediatek  D  [index 7] 0,0,0,0,0,0,0
2026-03-30 20:41:35.299 26078-19340 AudioSPELayer           and...re.audio@2.0-service-mediatek  D  Using:Samplerate = 16000, FrameRate=20,MIC_DG=12, App_table=2, Fea_Cfg_table=1ff, MMI_table=fffffffd, Device_mode=2, MMI_MIC_GAIN=152
2026-03-30 20:41:35.299 26078-19340 AudioSPELayer           and...re.audio@2.0-service-mediatek  D  Using:EnhanceParas
2026-03-30 20:41:35.299 26078-19340 AudioSPELayer           and...re.audio@2.0-service-mediatek  D  [index 0] 192,224,2218,29,57351,24607,0
2026-03-30 20:41:35.299 26078-19340 AudioSPELayer           and...re.audio@2.0-service-mediatek  D  [index 1] 4,276,197,611,0,13066,0
2026-03-30 20:41:35.299 26078-19340 AudioSPELayer           and...re.audio@2.0-service-mediatek  D  [index 2] 0,0,0,0,0,0,0
2026-03-30 20:41:35.299 26078-19340 AudioSPELayer           and...re.audio@2.0-service-mediatek  D  [index 3] 0,0,0,0,0,0,0
2026-03-30 20:41:35.299 26078-19340 AudioSPELayer           and...re.audio@2.0-service-mediatek  D  [index 4] 0,0,0,0,0,0,0
2026-03-30 20:41:35.299 26078-19340 AudioSPELayer           and...re.audio@2.0-service-mediatek  D  [index 5] 0,0,0,0,0,0,0
2026-03-30 20:41:35.299 26078-19340 AudioSPELayer           and...re.audio@2.0-service-mediatek  D  [index 6] 0,0,0,0,0,0,0
2026-03-30 20:41:35.299 26078-19340 AudioSPELayer           and...re.audio@2.0-service-mediatek  D  [index 7] 55997,31000,10752,32769,0,0,0
2026-03-30 20:41:35.299 26078-19340 AudioSPELayer           and...re.audio@2.0-service-mediatek  D  Using:DMNRCalData
2026-03-30 20:41:35.299 26078-19340 AudioSPELayer           and...re.audio@2.0-service-mediatek  D  [index 0] 0,0,0,0,0,0,0,0,0,0,0,0,0,0,0,0,0,0,0
2026-03-30 20:41:35.299 26078-19340 AudioSPELayer           and...re.audio@2.0-service-mediatek  D  [index 1] 0,0,0,0,0,0,0,0,0,0,0,0,0,0,0,0,0,0,0
2026-03-30 20:41:35.299 26078-19340 AudioSPELayer           and...re.audio@2.0-service-mediatek  D  [index 2] 0,0,0,0,0,0,0,0,0,0,0,0,0,0,0,0,0,0,0
2026-03-30 20:41:35.299 26078-19340 AudioSPELayer           and...re.audio@2.0-service-mediatek  D  [index 3] 0,0,0,0,0,0,0,0,0,0,0,0,0,0,0,0,0,0,0
2026-03-30 20:41:35.300 26078-19340 AudioSPELayer           and...re.audio@2.0-service-mediatek  D  mSph_Enh_ctrl.frame_rate 20
2026-03-30 20:41:35.300 26078-19340 AudioSPELayer           and...re.audio@2.0-service-mediatek  D  mNsecPerSample=62500
2026-03-30 20:41:35.300 26078-19340 AudioSPELayer           and...re.audio@2.0-service-mediatek  D  mSPEProcessBufSize=1280
2026-03-30 20:41:35.300 26078-19340 AudioALSAC...DataClient and...re.audio@2.0-service-mediatek  D  -StartBesRecord()
2026-03-30 20:41:35.300 26078-19340 AudioALSAC...DataClient and...re.audio@2.0-service-mediatek  D  IsLowLatencyCapture(), low_latency_on: 0, voip_on: 1
2026-03-30 20:41:35.300 26078-19340 chatty                  and...re.audio@2.0-service-mediatek  I  uid=1041(audioserver) reader identical 2 lines
2026-03-30 20:41:35.300 26078-19340 AudioALSAC...DataClient and...re.audio@2.0-service-mediatek  D  IsLowLatencyCapture(), low_latency_on: 0, voip_on: 1
2026-03-30 20:41:35.300 26078-19340 AudioALSAC...DataClient and...re.audio@2.0-service-mediatek  D  sample rate = 48000, drop ms = 25, channels = 1, byts per sample = 2, dropBesRecordDataSize = 3840
2026-03-30 20:41:35.300 26078-19340 AudioPreProcess         and...re.audio@2.0-service-mediatek  D  AudioPreProcess()+
2026-03-30 20:41:35.300 26078-19340 AudioPreProcess         and...re.audio@2.0-service-mediatek  D  AudioPreProcess()-
2026-03-30 20:41:35.300 26078-19340 AudioALSAC...DataClient and...re.audio@2.0-service-mediatek  D  +CheckNativeEffect() 2
2026-03-30 20:41:35.300 26078-19340 AudioPreProcess         and...re.audio@2.0-service-mediatek  D  CheckNativeEffect()+ 0 using
2026-03-30 20:41:35.300 26078-19340 AudioPreProcess         and...re.audio@2.0-service-mediatek  D  PreProcessEffect_Count 2
2026-03-30 20:41:35.300 26078-19340 AudioPreProcess         and...re.audio@2.0-service-mediatek  D  addAudioEffect()+ 0xae718d60
2026-03-30 20:41:35.300 26078-19340 AudioPreProcess         and...re.audio@2.0-service-mediatek  D  find AEC: 0x0
2026-03-30 20:41:35.300 26078-19340 AudioPreProcess         and...re.audio@2.0-service-mediatek  D  open AEC even record is already start
2026-03-30 20:41:35.300 26078-19340 AudioPreProcess         and...re.audio@2.0-service-mediatek  D  start_echo_reference()+ channel_count=1,sampling_rate=48000,mEcho_Reference=0x0
2026-03-30 20:41:35.300 26078-19340 AudioPreProcess         and...re.audio@2.0-service-mediatek  D  clear_echo_reference()+ 0x0
2026-03-30 20:41:35.300 26078-19340 AudioPreProcess         and...re.audio@2.0-service-mediatek  D  clear_echo_reference()-
2026-03-30 20:41:35.300 26078-19340 AudioPreProcess         and...re.audio@2.0-service-mediatek  D  start_echo_reference,wr_channel_count=2,wr_sampling_rate=48000
2026-03-30 20:41:35.300 26078-19340 AudioPreProcess         and...re.audio@2.0-service-mediatek  D  start_echo_reference(),wr_channel_count=2,wr_sampling_rate=48000
2026-03-30 20:41:35.300 26078-19340 AudioPreProcess         and...re.audio@2.0-service-mediatek  D  add_echo_reference()+, reference=0xad1a2d80
2026-03-30 20:41:35.300 26078-19340 AudioPreProcess         and...re.audio@2.0-service-mediatek  D  add_echo_reference()-
2026-03-30 20:41:35.300 26078-19340 AudioPreProcess         and...re.audio@2.0-service-mediatek  D  start_echo_reference()-
2026-03-30 20:41:35.300 26078-19340 AudioPreProcess         and...re.audio@2.0-service-mediatek  D  in_configure_reverse()+
2026-03-30 20:41:35.300 26078-19340 AudioPreProcess         and...re.audio@2.0-service-mediatek  D  in_configure_reverse()-, status=0
