2026-03-30 19:38:57.691   364-847   BufferQueueProducer     surfaceflinger                       I  [StatusBar#0](this:0xa5e75000,id:1126,api:1,p:26333,c:364) queueBuffer: fps=3.67 dur=2726.07 max=1751.08 min=37.75
2026-03-30 19:38:57.710   355-355   NxpFwDnld               vendor.nxp.nxpnfc@1.0-service        D  Allocating Mem for Dnld Context..
2026-03-30 19:38:57.710   355-355   NxpHal                  vendor.nxp.nxpnfc@1.0-service        D  Calling Seq handler for FW Download 
2026-03-30 19:38:57.711   355-355   NxpExtns                vendor.nxp.nxpnfc@1.0-service        D  find found NXP_FW_NAME=libpn553_fw.so
2026-03-30 19:38:57.711   355-355   NxpFwDnld               vendor.nxp.nxpnfc@1.0-service        D  @@@/system/vendor/firmware/libpn553_fw.so
2026-03-30 19:38:57.712   355-355   NxpFwDnld               vendor.nxp.nxpnfc@1.0-service        E  FW Image Length - ImageInfoLen 34358
2026-03-30 19:38:57.712   355-355   NxpFwDnld               vendor.nxp.nxpnfc@1.0-service        E  FW Image Info Pointer - pImageInfo 0xa95622d0
2026-03-30 19:38:57.712   355-355   NxpFwDnld               vendor.nxp.nxpnfc@1.0-service        E  FW Major Version Num - 1
2026-03-30 19:38:57.712   355-355   NxpFwDnld               vendor.nxp.nxpnfc@1.0-service        E  FW Minor Version Num - 16
2026-03-30 19:38:57.712   355-355   NxpFwDnld               vendor.nxp.nxpnfc@1.0-service        E  FW Image Length - 34358
2026-03-30 19:38:57.712   355-355   NxpFwDnld               vendor.nxp.nxpnfc@1.0-service        E  FW Image Info Pointer - 0xa95622d0
2026-03-30 19:38:57.712   355-355   NxpFwDnld               vendor.nxp.nxpnfc@1.0-service        D  phDnldNfc_InitImgInfo:SUCCESS
2026-03-30 19:38:57.712   355-355   NxpFwDnld               vendor.nxp.nxpnfc@1.0-service        D  Processing R/W Sequence..
2026-03-30 19:38:57.712   355-355   NxpFwDnld               vendor.nxp.nxpnfc@1.0-service        D  Response Timer Created Successfully
2026-03-30 19:38:57.712   355-355   NxpFwDnld               vendor.nxp.nxpnfc@1.0-service        D  Inserting FrameId ..
2026-03-30 19:38:57.712   355-355   NxpFwDnld               vendor.nxp.nxpnfc@1.0-service        D  Frame created successfully
2026-03-30 19:38:57.712   355-355   NxpFwDnld               vendor.nxp.nxpnfc@1.0-service        D  Force Command Request submitted successfully
2026-03-30 19:38:57.713   355-1634  NxpTml                  vendor.nxp.nxpnfc@1.0-service        D  PN54X - Write requested.....
2026-03-30 19:38:57.713   355-1634  NxpTml                  vendor.nxp.nxpnfc@1.0-service        D  PN54X - Invoking I2C Write.....
2026-03-30 19:38:57.714   364-374   HWComposer              surfaceflinger                       W  Ignoring duplicate VSYNC event from HWC (t=0)
2026-03-30 19:38:57.714 26159-26291 WifiStateMachine        system_server                        D   MtkL2ConnectedState { when=-1ms what=131155 arg1=11 target=com.android.internal.util.StateMachine$SmHandler } 11 0, mShouldDeferDisableWifi = false, mState = MONITORING
2026-03-30 19:38:57.728   364-364   DisplayDevice           surfaceflinger                       I  [studio.screen.sharing:0 (type:2)] fps:3.666245,dur:2727.59,max:1767.08,min:34.94
2026-03-30 19:38:57.728   364-364   DisplayDevice           surfaceflinger                       I  [Built-in Screen (type:0)] fps:3.666252,dur:2727.58,max:1767.29,min:34.94
2026-03-30 19:38:57.729   351-520   hwcomposer              and...graphics.composer@2.1-service  W  [JOB] (2) copyvds is ture but vir buffer format is not HAL_PIXEL_FORMAT_YV12  
2026-03-30 19:38:57.731 25998-10723 BufferQueueProducer     media.codec                          I  [GraphicBufferSource](this:0xa5237000,id:78,api:1,p:25998,c:25998) queueBuffer: fps=3.67 dur=2727.53 max=1767.83 min=34.64
2026-03-30 19:38:57.730 25998-25998 gle.vp8.encoder         media.codec                          W  type=1400 audit(0.0:252461): avc: denied { getattr } for path="/dev/sw_sync" dev="tmpfs" ino=236 scontext=u:r:mediacodec:s0 tcontext=u:object_r:sw_sync_device:s0 tclass=chr_file permissive=0
2026-03-30 19:38:57.737   364-374   HWComposer              surfaceflinger                       W  Ignoring duplicate VSYNC event from HWC (t=0)
2026-03-30 19:38:57.740   355-1634  NxpTml                  vendor.nxp.nxpnfc@1.0-service        E  _i2c_write() errno : 5
2026-03-30 19:38:57.740   355-1634  NxpHal                  vendor.nxp.nxpnfc@1.0-service        E  PN54X - Error in I2C Write  - Retry 0x1
2026-03-30 19:38:57.751   355-1634  NxpTml                  vendor.nxp.nxpnfc@1.0-service        D  PN54X - Invoking I2C Write.....
2026-03-30 19:38:57.771   355-1634  NxpTml                  vendor.nxp.nxpnfc@1.0-service        E  _i2c_write() errno : 5
2026-03-30 19:38:57.771   355-1634  NxpHal                  vendor.nxp.nxpnfc@1.0-service        E  PN54X - Error in I2C Write  - Retry 0x2
2026-03-30 19:38:57.782   355-1634  NxpTml                  vendor.nxp.nxpnfc@1.0-service        D  PN54X - Invoking I2C Write.....
2026-03-30 19:38:57.802   355-1634  NxpTml                  vendor.nxp.nxpnfc@1.0-service        E  _i2c_write() errno : 5
2026-03-30 19:38:57.802   355-1634  NxpHal                  vendor.nxp.nxpnfc@1.0-service        E  PN54X - Error in I2C Write  - Retry 0x3
2026-03-30 19:38:57.812   355-1634  NxpTml                  vendor.nxp.nxpnfc@1.0-service        D  PN54X - Invoking I2C Write.....
2026-03-30 19:38:57.831   355-1634  NxpTml                  vendor.nxp.nxpnfc@1.0-service        E  _i2c_write() errno : 5
2026-03-30 19:38:57.832   355-1634  NxpTml                  vendor.nxp.nxpnfc@1.0-service        E  PN54X - Error in I2C Write.....
2026-03-30 19:38:57.832   355-1634  NxpTml                  vendor.nxp.nxpnfc@1.0-service        D  PN54X - Posting Fresh Write message.....
2026-03-30 19:38:57.832   355-1634  NxpTml                  vendor.nxp.nxpnfc@1.0-service        D  PN54X - Tml Writer Thread Running................
2026-03-30 19:38:57.832   355-1636  NxpFwDnld               vendor.nxp.nxpnfc@1.0-service        E  Tml Write error!!
2026-03-30 19:38:57.832   355-1636  NxpFwDnld               vendor.nxp.nxpnfc@1.0-service        E  phNxpNciHal_fw_dnld_normal_cb - Request Failed!!
2026-03-30 19:38:57.832   355-355   NxpFwDnld               vendor.nxp.nxpnfc@1.0-service        D  Processing R/W Sequence..
2026-03-30 19:38:57.832   355-355   NxpFwDnld               vendor.nxp.nxpnfc@1.0-service        D  Response Timer Created Successfully
2026-03-30 19:38:57.832   355-355   NxpFwDnld               vendor.nxp.nxpnfc@1.0-service        D  Inserting FrameId ..
2026-03-30 19:38:57.832   355-355   NxpFwDnld               vendor.nxp.nxpnfc@1.0-service        D  Frame created successfully
2026-03-30 19:38:57.832   355-355   NxpFwDnld               vendor.nxp.nxpnfc@1.0-service        D  Force Command Request submitted successfully
2026-03-30 19:38:57.830 25998-25998 gle.vp8.encoder         media.codec                          W  type=1400 audit(0.0:252462): avc: denied { getattr } for path="/dev/sw_sync" dev="tmpfs" ino=236 scontext=u:r:mediacodec:s0 tcontext=u:object_r:sw_sync_device:s0 tclass=chr_file permissive=0
2026-03-30 19:38:57.842   355-1634  NxpTml                  vendor.nxp.nxpnfc@1.0-service        D  PN54X - Write requested.....
2026-03-30 19:38:57.842   355-1634  NxpTml                  vendor.nxp.nxpnfc@1.0-service        D  PN54X - Invoking I2C Write.....
2026-03-30 19:38:57.861   355-1634  NxpTml                  vendor.nxp.nxpnfc@1.0-service        E  _i2c_write() errno : 5
2026-03-30 19:38:57.861   355-1634  NxpHal                  vendor.nxp.nxpnfc@1.0-service        E  PN54X - Error in I2C Write  - Retry 0x1
2026-03-30 19:38:57.871   355-1634  NxpTml                  vendor.nxp.nxpnfc@1.0-service        D  PN54X - Invoking I2C Write.....
2026-03-30 19:38:57.891   355-1634  NxpTml                  vendor.nxp.nxpnfc@1.0-service        E  _i2c_write() errno : 5
2026-03-30 19:38:57.891   355-1634  NxpHal                  vendor.nxp.nxpnfc@1.0-service        E  PN54X - Error in I2C Write  - Retry 0x2
2026-03-30 19:38:57.901   355-1634  NxpTml                  vendor.nxp.nxpnfc@1.0-service        D  PN54X - Invoking I2C Write.....
2026-03-30 19:38:57.921   355-1634  NxpTml                  vendor.nxp.nxpnfc@1.0-service        E  _i2c_write() errno : 5
2026-03-30 19:38:57.921   355-1634  NxpHal                  vendor.nxp.nxpnfc@1.0-service        E  PN54X - Error in I2C Write  - Retry 0x3
2026-03-30 19:38:57.932   355-1634  NxpTml                  vendor.nxp.nxpnfc@1.0-service        D  PN54X - Invoking I2C Write.....
2026-03-30 19:38:57.930 25998-25998 gle.vp8.encoder         media.codec                          W  type=1400 audit(0.0:252463): avc: denied { getattr } for path="/dev/sw_sync" dev="tmpfs" ino=236 scontext=u:r:mediacodec:s0 tcontext=u:object_r:sw_sync_device:s0 tclass=chr_file permissive=0
2026-03-30 19:38:57.951   355-1634  NxpTml                  vendor.nxp.nxpnfc@1.0-service        E  _i2c_write() errno : 5
2026-03-30 19:38:57.951   355-1634  NxpTml                  vendor.nxp.nxpnfc@1.0-service        E  PN54X - Error in I2C Write.....
2026-03-30 19:38:57.951   355-1634  NxpTml                  vendor.nxp.nxpnfc@1.0-service        D  PN54X - Posting Fresh Write message.....
2026-03-30 19:38:57.951   355-1634  NxpTml                  vendor.nxp.nxpnfc@1.0-service        D  PN54X - Tml Writer Thread Running................
2026-03-30 19:38:57.951   355-1636  NxpFwDnld               vendor.nxp.nxpnfc@1.0-service        E  Tml Write error!!
2026-03-30 19:38:57.951   355-1636  NxpFwDnld               vendor.nxp.nxpnfc@1.0-service        E  phNxpNciHal_fw_dnld_normal_cb - Request Failed!!
2026-03-30 19:38:57.952   355-355   NxpFwDnld               vendor.nxp.nxpnfc@1.0-service        D  Processing Normal Sequence..
2026-03-30 19:38:57.952   355-355   NxpFwDnld               vendor.nxp.nxpnfc@1.0-service        D  Initializing Sequence..
2026-03-30 19:38:57.952   355-355   NxpFwDnld               vendor.nxp.nxpnfc@1.0-service        D  Response Timer Created Successfully
2026-03-30 19:38:57.952   355-355   NxpFwDnld               vendor.nxp.nxpnfc@1.0-service        D  Inserting FrameId ..
2026-03-30 19:38:57.952   355-355   NxpFwDnld               vendor.nxp.nxpnfc@1.0-service        D  Frame created successfully
2026-03-30 19:38:57.952   355-355   NxpFwDnld               vendor.nxp.nxpnfc@1.0-service        D  GetSessionState Request submitted successfully
2026-03-30 19:38:57.952   355-1634  NxpTml                  vendor.nxp.nxpnfc@1.0-service        D  PN54X - Write requested.....
2026-03-30 19:38:57.952   355-1634  NxpTml                  vendor.nxp.nxpnfc@1.0-service        D  PN54X - Invoking I2C Write.....
2026-03-30 19:38:57.971   355-1634  NxpTml                  vendor.nxp.nxpnfc@1.0-service        E  _i2c_write() errno : 5
2026-03-30 19:38:57.971   355-1634  NxpHal                  vendor.nxp.nxpnfc@1.0-service        E  PN54X - Error in I2C Write  - Retry 0x1
2026-03-30 19:38:57.981   355-1634  NxpTml                  vendor.nxp.nxpnfc@1.0-service        D  PN54X - Invoking I2C Write.....
2026-03-30 19:38:58.001   355-1634  NxpTml                  vendor.nxp.nxpnfc@1.0-service        E  _i2c_write() errno : 5
2026-03-30 19:38:58.001   355-1634  NxpHal                  vendor.nxp.nxpnfc@1.0-service        E  PN54X - Error in I2C Write  - Retry 0x2
2026-03-30 19:38:58.011   355-1634  NxpTml                  vendor.nxp.nxpnfc@1.0-service        D  PN54X - Invoking I2C Write.....
2026-03-30 19:38:58.031   355-1634  NxpTml                  vendor.nxp.nxpnfc@1.0-service        E  _i2c_write() errno : 5
2026-03-30 19:38:58.031   355-1634  NxpHal                  vendor.nxp.nxpnfc@1.0-service        E  PN54X - Error in I2C Write  - Retry 0x3
2026-03-30 19:38:58.033 25998-25998 gle.vp8.encoder         media.codec                          W  type=1400 audit(0.0:252464): avc: denied { getattr } for path="/dev/sw_sync" dev="tmpfs" ino=236 scontext=u:r:mediacodec:s0 tcontext=u:object_r:sw_sync_device:s0 tclass=chr_file permissive=0
2026-03-30 19:38:58.042   355-1634  NxpTml                  vendor.nxp.nxpnfc@1.0-service        D  PN54X - Invoking I2C Write.....
2026-03-30 19:38:58.061   355-1634  NxpTml                  vendor.nxp.nxpnfc@1.0-service        E  _i2c_write() errno : 5
2026-03-30 19:38:58.061   355-1634  NxpTml                  vendor.nxp.nxpnfc@1.0-service        E  PN54X - Error in I2C Write.....
2026-03-30 19:38:58.061   355-1634  NxpTml                  vendor.nxp.nxpnfc@1.0-service        D  PN54X - Posting Fresh Write message.....
2026-03-30 19:38:58.061   355-1634  NxpTml                  vendor.nxp.nxpnfc@1.0-service        D  PN54X - Tml Writer Thread Running................
2026-03-30 19:38:58.061   355-1636  NxpFwDnld               vendor.nxp.nxpnfc@1.0-service        E  Tml Write error!!
2026-03-30 19:38:58.061   355-1636  NxpFwDnld               vendor.nxp.nxpnfc@1.0-service        E  phNxpNciHal_fw_dnld_get_sessn_state_cb - Request Failed!!
2026-03-30 19:38:58.061   355-355   NxpFwDnld               vendor.nxp.nxpnfc@1.0-service        E  phDnldNfc_GetSessionState cb failed
2026-03-30 19:38:58.062   355-355   NxpFwDnld               vendor.nxp.nxpnfc@1.0-service        E   phNxpNciHal_fw_seq_handler : FAILED
2026-03-30 19:38:58.062   355-355   NxpFwDnld               vendor.nxp.nxpnfc@1.0-service        D  phNxpNciHal_fw_dnld_complete: Download Status = 0xff
2026-03-30 19:38:58.062   355-355   NxpFwDnld               vendor.nxp.nxpnfc@1.0-service        E  Fw Download Failed!!
2026-03-30 19:38:58.062   355-355   NxpTml                  vendor.nxp.nxpnfc@1.0-service        D  phTmlNfc_i2c_reset(), VEN level 0
2026-03-30 19:38:58.124   355-355   NxpTml                  vendor.nxp.nxpnfc@1.0-service        D  phTmlNfc_i2c_reset(), VEN level 1
2026-03-30 19:38:58.133 25998-25998 gle.vp8.encoder         media.codec                          W  type=1400 audit(0.0:252465): avc: denied { getattr } for path="/dev/sw_sync" dev="tmpfs" ino=236 scontext=u:r:mediacodec:s0 tcontext=u:object_r:sw_sync_device:s0 tclass=chr_file permissive=0
2026-03-30 19:38:58.226   354-369   DynamicFpsPolicy        ven...tek.hardware.dfps@1.0-service  I  oldRequest: fps[26] mode[3] --> newRequest: fps[-1] mode[0] num[r:0|rs:0]
2026-03-30 19:38:58.227   364-374   DispSync                surfaceflinger                       I  setVSync: mode[2->0] fps[26->60]
2026-03-30 19:38:58.227   353-385   powerd                  merged_hal_service                   I  [powerd_req] POWER_MSG_QUERY_INFO: cmd:6, param:0
2026-03-30 19:38:58.233 25998-25998 gle.vp8.encoder         media.codec                          W  type=1400 audit(0.0:252466): avc: denied { getattr } for path="/dev/sw_sync" dev="tmpfs" ino=236 scontext=u:r:mediacodec:s0 tcontext=u:object_r:sw_sync_device:s0 tclass=chr_file permissive=0
2026-03-30 19:38:58.237   355-355   NxpFwDnld               vendor.nxp.nxpnfc@1.0-service        E  free library SUCCESS !!
2026-03-30 19:38:58.237   355-355   NxpFwDnld               vendor.nxp.nxpnfc@1.0-service        E  Freeing Mem for Dnld Context..
2026-03-30 19:38:58.237   355-355   NxpHal                  vendor.nxp.nxpnfc@1.0-service        D  Chip Version Middleware Version mismatch!!!!
2026-03-30 19:38:58.237   355-1634  NxpTml                  vendor.nxp.nxpnfc@1.0-service        D  PN54X - Write requested.....
2026-03-30 19:38:58.237   355-1634  NxpTml                  vendor.nxp.nxpnfc@1.0-service        D  PN54X - Invoking I2C Write.....
2026-03-30 19:38:58.258   355-1634  NxpTml                  vendor.nxp.nxpnfc@1.0-service        E  _i2c_write() errno : 5
2026-03-30 19:38:58.258   355-1634  NxpTml                  vendor.nxp.nxpnfc@1.0-service        E  PN54X - Error in I2C Write.....
2026-03-30 19:38:58.258   355-1634  NxpTml                  vendor.nxp.nxpnfc@1.0-service        D  PN54X - Posting Fresh Write message.....
2026-03-30 19:38:58.258   355-1634  NxpTml                  vendor.nxp.nxpnfc@1.0-service        D  PN54X - Tml Writer Thread Running................
2026-03-30 19:38:58.258   355-1636  NxpHal                  vendor.nxp.nxpnfc@1.0-service        E  write error status = 0x1ff
2026-03-30 19:38:58.259   355-355   NxpHal                  vendor.nxp.nxpnfc@1.0-service        E  write_unlocked failed - PN54X Maybe in Standby Mode - Retry
2026-03-30 19:38:58.269   355-1634  NxpTml                  vendor.nxp.nxpnfc@1.0-service        D  PN54X - Write requested.....
2026-03-30 19:38:58.269   355-1634  NxpTml                  vendor.nxp.nxpnfc@1.0-service        D  PN54X - Invoking I2C Write.....
2026-03-30 19:38:58.288   355-1634  NxpTml                  vendor.nxp.nxpnfc@1.0-service        E  _i2c_write() errno : 5
2026-03-30 19:38:58.288   355-1634  NxpTml                  vendor.nxp.nxpnfc@1.0-service        E  PN54X - Error in I2C Write.....
2026-03-30 19:38:58.288   355-1634  NxpTml                  vendor.nxp.nxpnfc@1.0-service        D  PN54X - Posting Fresh Write message.....
2026-03-30 19:38:58.288   355-1634  NxpTml                  vendor.nxp.nxpnfc@1.0-service        D  PN54X - Tml Writer Thread Running................
2026-03-30 19:38:58.288   355-1636  NxpHal                  vendor.nxp.nxpnfc@1.0-service        E  write error status = 0x1ff
2026-03-30 19:38:58.288   355-355   NxpHal                  vendor.nxp.nxpnfc@1.0-service        E  write_unlocked failed - PN54X Maybe in Standby Mode - Retry
2026-03-30 19:38:58.298   355-1634  NxpTml                  vendor.nxp.nxpnfc@1.0-service        D  PN54X - Write requested.....
2026-03-30 19:38:58.298   355-1634  NxpTml                  vendor.nxp.nxpnfc@1.0-service        D  PN54X - Invoking I2C Write.....
2026-03-30 19:38:58.318   355-1634  NxpTml                  vendor.nxp.nxpnfc@1.0-service        E  _i2c_write() errno : 5
2026-03-30 19:38:58.318   355-1634  NxpTml                  vendor.nxp.nxpnfc@1.0-service        E  PN54X - Error in I2C Write.....
2026-03-30 19:38:58.318   355-1634  NxpTml                  vendor.nxp.nxpnfc@1.0-service        D  PN54X - Posting Fresh Write message.....
2026-03-30 19:38:58.318   355-1634  NxpTml                  vendor.nxp.nxpnfc@1.0-service        D  PN54X - Tml Writer Thread Running................
2026-03-30 19:38:58.318   355-1636  NxpHal                  vendor.nxp.nxpnfc@1.0-service        E  write error status = 0x1ff
2026-03-30 19:38:58.318   355-355   NxpHal                  vendor.nxp.nxpnfc@1.0-service        E  write_unlocked failed - PN54X Maybe in Standby Mode - Retry
2026-03-30 19:38:58.328   355-1634  NxpTml                  vendor.nxp.nxpnfc@1.0-service        D  PN54X - Write requested.....
2026-03-30 19:38:58.328   355-1634  NxpTml                  vendor.nxp.nxpnfc@1.0-service        D  PN54X - Invoking I2C Write.....
2026-03-30 19:38:58.333 25998-25998 gle.vp8.encoder         media.codec                          W  type=1400 audit(0.0:252467): avc: denied { getattr } for path="/dev/sw_sync" dev="tmpfs" ino=236 scontext=u:r:mediacodec:s0 tcontext=u:object_r:sw_sync_device:s0 tclass=chr_file permissive=0
2026-03-30 19:38:58.348   355-1634  NxpTml                  vendor.nxp.nxpnfc@1.0-service        E  _i2c_write() errno : 5
2026-03-30 19:38:58.348   355-1634  NxpTml                  vendor.nxp.nxpnfc@1.0-service        E  PN54X - Error in I2C Write.....
2026-03-30 19:38:58.348   355-1634  NxpTml                  vendor.nxp.nxpnfc@1.0-service        D  PN54X - Posting Fresh Write message.....
2026-03-30 19:38:58.348   355-1634  NxpTml                  vendor.nxp.nxpnfc@1.0-service        D  PN54X - Tml Writer Thread Running................
2026-03-30 19:38:58.348   355-1636  NxpHal                  vendor.nxp.nxpnfc@1.0-service        E  write error status = 0x1ff
2026-03-30 19:38:58.348   355-355   NxpHal                  vendor.nxp.nxpnfc@1.0-service        E  write_unlocked failed - PN54X Maybe in Standby Mode - Retry
2026-03-30 19:38:58.358   355-1634  NxpTml                  vendor.nxp.nxpnfc@1.0-service        D  PN54X - Write requested.....
2026-03-30 19:38:58.358   355-1634  NxpTml                  vendor.nxp.nxpnfc@1.0-service        D  PN54X - Invoking I2C Write.....
2026-03-30 19:38:58.378   355-1634  NxpTml                  vendor.nxp.nxpnfc@1.0-service        E  _i2c_write() errno : 5
2026-03-30 19:38:58.378   355-1634  NxpTml                  vendor.nxp.nxpnfc@1.0-service        E  PN54X - Error in I2C Write.....
2026-03-30 19:38:58.378   355-1634  NxpTml                  vendor.nxp.nxpnfc@1.0-service        D  PN54X - Posting Fresh Write message.....
2026-03-30 19:38:58.378   355-1634  NxpTml                  vendor.nxp.nxpnfc@1.0-service        D  PN54X - Tml Writer Thread Running................
2026-03-30 19:38:58.378   355-1636  NxpHal                  vendor.nxp.nxpnfc@1.0-service        E  write error status = 0x1ff
2026-03-30 19:38:58.378   355-355   NxpHal                  vendor.nxp.nxpnfc@1.0-service        E  write_unlocked failed - PN54X Maybe in Standby Mode - Retry
2026-03-30 19:38:58.388   355-1634  NxpTml                  vendor.nxp.nxpnfc@1.0-service        D  PN54X - Write requested.....
2026-03-30 19:38:58.388   355-1634  NxpTml                  vendor.nxp.nxpnfc@1.0-service        D  PN54X - Invoking I2C Write.....
2026-03-30 19:38:58.408   355-1634  NxpTml                  vendor.nxp.nxpnfc@1.0-service        E  _i2c_write() errno : 5
2026-03-30 19:38:58.408   355-1634  NxpTml                  vendor.nxp.nxpnfc@1.0-service        E  PN54X - Error in I2C Write.....
2026-03-30 19:38:58.408   355-1634  NxpTml                  vendor.nxp.nxpnfc@1.0-service        D  PN54X - Posting Fresh Write message.....
2026-03-30 19:38:58.408   355-1634  NxpTml                  vendor.nxp.nxpnfc@1.0-service        D  PN54X - Tml Writer Thread Running................
2026-03-30 19:38:58.408   355-1636  NxpHal                  vendor.nxp.nxpnfc@1.0-service        E  write error status = 0x1ff
2026-03-30 19:38:58.408   355-355   NxpHal                  vendor.nxp.nxpnfc@1.0-service        E  write_unlocked failed - PN54X Maybe in Standby Mode (max count = 0x6)
2026-03-30 19:38:58.408   355-355   NxpTml                  vendor.nxp.nxpnfc@1.0-service        D  phTmlNfc_i2c_reset(), VEN level 0
2026-03-30 19:38:58.433 25998-25998 gle.vp8.encoder         media.codec                          W  type=1400 audit(0.0:252468): avc: denied { getattr } for path="/dev/sw_sync" dev="tmpfs" ino=236 scontext=u:r:mediacodec:s0 tcontext=u:object_r:sw_sync_device:s0 tclass=chr_file permissive=0
2026-03-30 19:38:58.470   355-355   NxpTml                  vendor.nxp.nxpnfc@1.0-service        D  phTmlNfc_i2c_reset(), VEN level 1
2026-03-30 19:38:58.533 25998-25998 gle.vp8.encoder         media.codec                          W  type=1400 audit(0.0:252469): avc: denied { getattr } for path="/dev/sw_sync" dev="tmpfs" ino=236 scontext=u:r:mediacodec:s0 tcontext=u:object_r:sw_sync_device:s0 tclass=chr_file permissive=0
2026-03-30 19:38:58.584   355-355   NxpHal                  vendor.nxp.nxpnfc@1.0-service        D  PN54X Reset - SUCCESS
2026-03-30 19:38:58.584   355-355   NxpHal                  vendor.nxp.nxpnfc@1.0-service        D  phNxpNciHal_write failed for hal ext
2026-03-30 19:38:58.584   355-355   NxpHal                  vendor.nxp.nxpnfc@1.0-service        E  NFCC not coming out from Standby
2026-03-30 19:38:58.584   355-355   NxpHal                  vendor.nxp.nxpnfc@1.0-service        E  Trying Force FW download
2026-03-30 19:38:58.584   355-355   NxpHal                  vendor.nxp.nxpnfc@1.0-service        D  Found Valid Firmware Type
2026-03-30 19:38:58.584   355-355   NxpExtns                vendor.nxp.nxpnfc@1.0-service        D  find found NXP_SYS_CLK_SRC_SEL=(0x2)
2026-03-30 19:38:58.584   355-355   NxpExtns                vendor.nxp.nxpnfc@1.0-service        D  find found NXP_SYS_CLK_FREQ_SEL=(0x4)
2026-03-30 19:38:58.584   355-355   NxpExtns                vendor.nxp.nxpnfc@1.0-service        D  find found NXP_SYS_CLOCK_TO_CFG=(0x1)
2026-03-30 19:38:58.584   355-355   NxpFwDnld               vendor.nxp.nxpnfc@1.0-service        D  gphNxpNciHal_fw_IoctlCtx.bClkSrcVal = 0x2
2026-03-30 19:38:58.584   355-355   NxpFwDnld               vendor.nxp.nxpnfc@1.0-service        D  gphNxpNciHal_fw_IoctlCtx.bClkFreqVal = 0x4
2026-03-30 19:38:58.584   355-355   NxpFwDnld               vendor.nxp.nxpnfc@1.0-service        D  gphNxpNciHal_fw_IoctlCtx.bClkFreqVal = 0x1
2026-03-30 19:38:58.584   355-355   NxpTml                  vendor.nxp.nxpnfc@1.0-service        D  phTmlNfc_i2c_reset(), VEN level 2
2026-03-30 19:38:58.633 25998-25998 gle.vp8.encoder         media.codec                          W  type=1400 audit(0.0:252470): avc: denied { getattr } for path="/dev/sw_sync" dev="tmpfs" ino=236 scontext=u:r:mediacodec:s0 tcontext=u:object_r:sw_sync_device:s0 tclass=chr_file permissive=0
2026-03-30 19:38:58.737 25998-25998 gle.vp8.encoder         media.codec                          W  type=1400 audit(0.0:252471): avc: denied { getattr } for path="/dev/sw_sync" dev="tmpfs" ino=236 scontext=u:r:mediacodec:s0 tcontext=u:object_r:sw_sync_device:s0 tclass=chr_file permissive=0
2026-03-30 19:38:58.764   355-355   NxpFwDnld               vendor.nxp.nxpnfc@1.0-service        D  Allocating Mem for Dnld Context..
2026-03-30 19:38:58.764   355-355   NxpHal                  vendor.nxp.nxpnfc@1.0-service        D  Calling Seq handler for FW Download 
2026-03-30 19:38:58.764   355-355   NxpExtns                vendor.nxp.nxpnfc@1.0-service        D  find found NXP_FW_NAME=libpn553_fw.so
2026-03-30 19:38:58.765   355-355   NxpFwDnld               vendor.nxp.nxpnfc@1.0-service        D  @@@/system/vendor/firmware/libpn553_fw.so
2026-03-30 19:38:58.765   355-355   NxpFwDnld               vendor.nxp.nxpnfc@1.0-service        E  FW Image Length - ImageInfoLen 34358
2026-03-30 19:38:58.765   355-355   NxpFwDnld               vendor.nxp.nxpnfc@1.0-service        E  FW Image Info Pointer - pImageInfo 0xa95492d0
2026-03-30 19:38:58.765   355-355   NxpFwDnld               vendor.nxp.nxpnfc@1.0-service        E  FW Major Version Num - 1
2026-03-30 19:38:58.765   355-355   NxpFwDnld               vendor.nxp.nxpnfc@1.0-service        E  FW Minor Version Num - 16
2026-03-30 19:38:58.765   355-355   NxpFwDnld               vendor.nxp.nxpnfc@1.0-service        E  FW Image Length - 34358
2026-03-30 19:38:58.765   355-355   NxpFwDnld               vendor.nxp.nxpnfc@1.0-service        E  FW Image Info Pointer - 0xa95492d0
2026-03-30 19:38:58.765   355-355   NxpFwDnld               vendor.nxp.nxpnfc@1.0-service        D  phDnldNfc_InitImgInfo:SUCCESS
2026-03-30 19:38:58.765   355-355   NxpFwDnld               vendor.nxp.nxpnfc@1.0-service        D  Processing R/W Sequence..
2026-03-30 19:38:58.765   355-355   NxpFwDnld               vendor.nxp.nxpnfc@1.0-service        D  Response Timer Created Successfully
2026-03-30 19:38:58.765   355-355   NxpFwDnld               vendor.nxp.nxpnfc@1.0-service        D  Inserting FrameId ..
2026-03-30 19:38:58.765   355-355   NxpFwDnld               vendor.nxp.nxpnfc@1.0-service        D  Frame created successfully
2026-03-30 19:38:58.766   355-355   NxpFwDnld               vendor.nxp.nxpnfc@1.0-service        D  Force Command Request submitted successfully
2026-03-30 19:38:58.766   355-1634  NxpTml                  vendor.nxp.nxpnfc@1.0-service        D  PN54X - Write requested.....
2026-03-30 19:38:58.766   355-1634  NxpTml                  vendor.nxp.nxpnfc@1.0-service        D  PN54X - Invoking I2C Write.....
2026-03-30 19:38:58.784   355-1634  NxpTml                  vendor.nxp.nxpnfc@1.0-service        E  _i2c_write() errno : 5
2026-03-30 19:38:58.785   355-1634  NxpHal                  vendor.nxp.nxpnfc@1.0-service        E  PN54X - Error in I2C Write  - Retry 0x1
2026-03-30 19:38:58.795   355-1634  NxpTml                  vendor.nxp.nxpnfc@1.0-service        D  PN54X - Invoking I2C Write.....
2026-03-30 19:38:58.814   355-1634  NxpTml                  vendor.nxp.nxpnfc@1.0-service        E  _i2c_write() errno : 5
2026-03-30 19:38:58.815   355-1634  NxpHal                  vendor.nxp.nxpnfc@1.0-service        E  PN54X - Error in I2C Write  - Retry 0x2
2026-03-30 19:38:58.825   355-1634  NxpTml                  vendor.nxp.nxpnfc@1.0-service        D  PN54X - Invoking I2C Write.....
2026-03-30 19:38:58.844   355-1634  NxpTml                  vendor.nxp.nxpnfc@1.0-service        E  _i2c_write() errno : 5
2026-03-30 19:38:58.845   355-1634  NxpHal                  vendor.nxp.nxpnfc@1.0-service        E  PN54X - Error in I2C Write  - Retry 0x3
2026-03-30 19:38:58.855   355-1634  NxpTml                  vendor.nxp.nxpnfc@1.0-service        D  PN54X - Invoking I2C Write.....
2026-03-30 19:38:58.875   355-1634  NxpTml                  vendor.nxp.nxpnfc@1.0-service        E  _i2c_write() errno : 5
2026-03-30 19:38:58.875   355-1634  NxpTml                  vendor.nxp.nxpnfc@1.0-service        E  PN54X - Error in I2C Write.....
2026-03-30 19:38:58.875   355-1634  NxpTml                  vendor.nxp.nxpnfc@1.0-service        D  PN54X - Posting Fresh Write message.....
2026-03-30 19:38:58.875   355-1634  NxpTml                  vendor.nxp.nxpnfc@1.0-service        D  PN54X - Tml Writer Thread Running................
2026-03-30 19:38:58.875   355-1636  NxpFwDnld               vendor.nxp.nxpnfc@1.0-service        E  Tml Write error!!
2026-03-30 19:38:58.875   355-1636  NxpFwDnld               vendor.nxp.nxpnfc@1.0-service        E  phNxpNciHal_fw_dnld_normal_cb - Request Failed!!
2026-03-30 19:38:58.875   355-355   NxpFwDnld               vendor.nxp.nxpnfc@1.0-service        D  Processing R/W Sequence..
2026-03-30 19:38:58.876   355-355   NxpFwDnld               vendor.nxp.nxpnfc@1.0-service        D  Response Timer Created Successfully
2026-03-30 19:38:58.876   355-355   NxpFwDnld               vendor.nxp.nxpnfc@1.0-service        D  Inserting FrameId ..
2026-03-30 19:38:58.876   355-355   NxpFwDnld               vendor.nxp.nxpnfc@1.0-service        D  Frame created successfully
2026-03-30 19:38:58.876   355-355   NxpFwDnld               vendor.nxp.nxpnfc@1.0-service        D  Force Command Request submitted successfully
2026-03-30 19:38:58.876   355-1634  NxpTml                  vendor.nxp.nxpnfc@1.0-service        D  PN54X - Write requested.....
2026-03-30 19:38:58.877   355-1634  NxpTml                  vendor.nxp.nxpnfc@1.0-service        D  PN54X - Invoking I2C Write.....
2026-03-30 19:38:58.898   355-1634  NxpTml                  vendor.nxp.nxpnfc@1.0-service        E  _i2c_write() errno : 5
2026-03-30 19:38:58.898   355-1634  NxpHal                  vendor.nxp.nxpnfc@1.0-service        E  PN54X - Error in I2C Write  - Retry 0x1
2026-03-30 19:38:58.908   355-1634  NxpTml                  vendor.nxp.nxpnfc@1.0-service        D  PN54X - Invoking I2C Write.....
2026-03-30 19:38:58.928   355-1634  NxpTml                  vendor.nxp.nxpnfc@1.0-service        E  _i2c_write() errno : 5
2026-03-30 19:38:58.928   355-1634  NxpHal                  vendor.nxp.nxpnfc@1.0-service        E  PN54X - Error in I2C Write  - Retry 0x2
2026-03-30 19:38:58.938   355-1634  NxpTml                  vendor.nxp.nxpnfc@1.0-service        D  PN54X - Invoking I2C Write.....
2026-03-30 19:38:58.958   355-1634  NxpTml                  vendor.nxp.nxpnfc@1.0-service        E  _i2c_write() errno : 5
2026-03-30 19:38:58.958   355-1634  NxpHal                  vendor.nxp.nxpnfc@1.0-service        E  PN54X - Error in I2C Write  - Retry 0x3
2026-03-30 19:38:58.968   355-1634  NxpTml                  vendor.nxp.nxpnfc@1.0-service        D  PN54X - Invoking I2C Write.....
2026-03-30 19:38:58.988   355-1634  NxpTml                  vendor.nxp.nxpnfc@1.0-service        E  _i2c_write() errno : 5
2026-03-30 19:38:58.988   355-1634  NxpTml                  vendor.nxp.nxpnfc@1.0-service        E  PN54X - Error in I2C Write.....
2026-03-30 19:38:58.988   355-1634  NxpTml                  vendor.nxp.nxpnfc@1.0-service        D  PN54X - Posting Fresh Write message.....
2026-03-30 19:38:58.988   355-1634  NxpTml                  vendor.nxp.nxpnfc@1.0-service        D  PN54X - Tml Writer Thread Running................
2026-03-30 19:38:58.988   355-1636  NxpFwDnld               vendor.nxp.nxpnfc@1.0-service        E  Tml Write error!!
2026-03-30 19:38:58.989   355-1636  NxpFwDnld               vendor.nxp.nxpnfc@1.0-service        E  phNxpNciHal_fw_dnld_normal_cb - Request Failed!!
2026-03-30 19:38:58.989   355-355   NxpFwDnld               vendor.nxp.nxpnfc@1.0-service        D  Processing Normal Sequence..
2026-03-30 19:38:58.989   355-355   NxpFwDnld               vendor.nxp.nxpnfc@1.0-service        D  Initializing Sequence..
2026-03-30 19:38:58.989   355-355   NxpFwDnld               vendor.nxp.nxpnfc@1.0-service        D  Response Timer Created Successfully
2026-03-30 19:38:58.989   355-355   NxpFwDnld               vendor.nxp.nxpnfc@1.0-service        D  Inserting FrameId ..
2026-03-30 19:38:58.989   355-355   NxpFwDnld               vendor.nxp.nxpnfc@1.0-service        D  Frame created successfully
2026-03-30 19:38:58.989   355-355   NxpFwDnld               vendor.nxp.nxpnfc@1.0-service        D  GetSessionState Request submitted successfully
2026-03-30 19:38:58.989   355-1634  NxpTml                  vendor.nxp.nxpnfc@1.0-service        D  PN54X - Write requested.....
2026-03-30 19:38:58.989   355-1634  NxpTml                  vendor.nxp.nxpnfc@1.0-service        D  PN54X - Invoking I2C Write.....
2026-03-30 19:38:59.008   355-1634  NxpTml                  vendor.nxp.nxpnfc@1.0-service        E  _i2c_write() errno : 5
2026-03-30 19:38:59.008   355-1634  NxpHal                  vendor.nxp.nxpnfc@1.0-service        E  PN54X - Error in I2C Write  - Retry 0x1
2026-03-30 19:38:59.018   355-1634  NxpTml                  vendor.nxp.nxpnfc@1.0-service        D  PN54X - Invoking I2C Write.....
2026-03-30 19:38:59.021 26078-13805 AudioALSAStreamOut      and...re.audio@2.0-service-mediatek  D  standby(), flag 6
2026-03-30 19:38:59.022 26078-13805 AudioALSAStreamOut      and...re.audio@2.0-service-mediatek  D  standbyStreamOut(), flag 6
2026-03-30 19:38:59.022 26078-13805 AudioALSAStreamOut      and...re.audio@2.0-service-mediatek  D  close(), flags 6, mMixerOutInUse 0
2026-03-30 19:38:59.022 26078-13805 AudioALSAP...dlerNormal and...re.audio@2.0-service-mediatek  D  +close(), flag 6, mDevice = 0x2
2026-03-30 19:38:59.022 26078-13805 AudioVoiceUIDL          and...re.audio@2.0-service-mediatek  D  [SetInputStandBy] ReadRefFromRing to exit? (0) 
2026-03-30 19:38:59.022 26078-13805 AudioALSAH...rceManager and...re.audio@2.0-service-mediatek  D  +stopOutputDevice(), mOutputDevices = 0x2, mStartOutputDevicesCount = 1
2026-03-30 19:38:59.022 26078-13805 AudioALSAD...figManager and...re.audio@2.0-service-mediatek  D  ApplyDeviceTurnoffSequenceByName(), DeviceName = ext_speaker_output descriptor->DeviceStatusCounter = 1
2026-03-30 19:38:59.022 26078-13805 AudioALSAD...figManager and...re.audio@2.0-service-mediatek  D  ApplyDeviceTurnoffSequenceByName(), DeviceName = speaker_output descriptor->DeviceStatusCounter = 1
2026-03-30 19:38:59.023 26078-13805 AudioALSADriverUtility  and...re.audio@2.0-service-mediatek  D  GetPropertyValue key = af.resouce.extdac_support value = 0
2026-03-30 19:38:59.023 26078-13805 AudioALSAP...andlerBase and...re.audio@2.0-service-mediatek  D  closePcmDriver(), mPcm = 0xae728c40
2026-03-30 19:38:59.023 26078-13805 AudioALSADriverUtility  and...re.audio@2.0-service-mediatek  D  GetPropertyValue key = af.resouce.extdac_support value = 0
2026-03-30 19:38:59.023 26078-13805 AudioALSAP...dlerNormal and...re.audio@2.0-service-mediatek  D  SetLowJitterMode(), bypass low jitter mode, bEnable = 0, device = 0x2, SampleRate = 48000
2026-03-30 19:38:59.023 26078-13805 MtkAudioBitConverter    and...re.audio@2.0-service-mediatek  D  +close()
2026-03-30 19:38:59.024 26078-13805 AudioALSAP...andlerBase and...re.audio@2.0-service-mediatek  D  DeinitDataPending
2026-03-30 19:38:59.024 26078-13805 AudioALSAP...dlerNormal and...re.audio@2.0-service-mediatek  D  -close()
2026-03-30 19:38:59.024 26078-13805 AudioALSAStreamManager  and...re.audio@2.0-service-mediatek  D  -destroyPlaybackHandler(), mode = 0, pPlaybackHandler = 0xad112300, mPlaybackHandlerVector.size() = 0
2026-03-30 19:38:59.024 26078-13805 AudioALSAStreamOut      and...re.audio@2.0-service-mediatek  D  setMuteForRouting(), mute 0, flags 6
2026-03-30 19:38:59.024 26078-13805 AudioUtility            and...re.audio@2.0-service-mediatek  D  power_hal_hint - custPowerHint 0, data 0
2026-03-30 19:38:59.024   353-13317 vendor.med...r@1.1-impl merged_hal_service                   I  mtkCusPowerHint hint:0, data:0
2026-03-30 19:38:59.025   353-385   powerd                  merged_hal_service                   I  [powerd_req] POWER_MSG_MTK_CUS_HINT: hint:0, hdl:36, data:0
2026-03-30 19:38:59.038   355-1634  NxpTml                  vendor.nxp.nxpnfc@1.0-service        E  _i2c_write() errno : 5
2026-03-30 19:38:59.038   355-1634  NxpHal                  vendor.nxp.nxpnfc@1.0-service        E  PN54X - Error in I2C Write  - Retry 0x2
2026-03-30 19:38:59.048   355-1634  NxpTml                  vendor.nxp.nxpnfc@1.0-service        D  PN54X - Invoking I2C Write.....
2026-03-30 19:38:59.068   355-1634  NxpTml                  vendor.nxp.nxpnfc@1.0-service        E  _i2c_write() errno : 5
2026-03-30 19:38:59.068   355-1634  NxpHal                  vendor.nxp.nxpnfc@1.0-service        E  PN54X - Error in I2C Write  - Retry 0x3
2026-03-30 19:38:59.078   355-1634  NxpTml                  vendor.nxp.nxpnfc@1.0-service        D  PN54X - Invoking I2C Write.....
2026-03-30 19:38:59.098   355-1634  NxpTml                  vendor.nxp.nxpnfc@1.0-service        E  _i2c_write() errno : 5
2026-03-30 19:38:59.098   355-1634  NxpTml                  vendor.nxp.nxpnfc@1.0-service        E  PN54X - Error in I2C Write.....
2026-03-30 19:38:59.098   355-1634  NxpTml                  vendor.nxp.nxpnfc@1.0-service        D  PN54X - Posting Fresh Write message.....
2026-03-30 19:38:59.098   355-1634  NxpTml                  vendor.nxp.nxpnfc@1.0-service        D  PN54X - Tml Writer Thread Running................
2026-03-30 19:38:59.098   355-1636  NxpFwDnld               vendor.nxp.nxpnfc@1.0-service        E  Tml Write error!!
2026-03-30 19:38:59.098   355-1636  NxpFwDnld               vendor.nxp.nxpnfc@1.0-service        E  phNxpNciHal_fw_dnld_get_sessn_state_cb - Request Failed!!
2026-03-30 19:38:59.100   355-355   NxpFwDnld               vendor.nxp.nxpnfc@1.0-service        E  phDnldNfc_GetSessionState cb failed
2026-03-30 19:38:59.100   355-355   NxpFwDnld               vendor.nxp.nxpnfc@1.0-service        E   phNxpNciHal_fw_seq_handler : FAILED
2026-03-30 19:38:59.100   355-355   NxpFwDnld               vendor.nxp.nxpnfc@1.0-service        D  phNxpNciHal_fw_dnld_complete: Download Status = 0xff
2026-03-30 19:38:59.100   355-355   NxpFwDnld               vendor.nxp.nxpnfc@1.0-service        E  Fw Download Failed!!
2026-03-30 19:38:59.100   355-355   NxpTml                  vendor.nxp.nxpnfc@1.0-service        D  phTmlNfc_i2c_reset(), VEN level 0
2026-03-30 19:38:59.160   355-355   NxpTml                  vendor.nxp.nxpnfc@1.0-service        D  phTmlNfc_i2c_reset(), VEN level 1
2026-03-30 19:38:59.227   364-847   SurfaceFlinger          surfaceflinger                       I  Adjust vsync offset: 0
2026-03-30 19:38:59.274   355-355   NxpFwDnld               vendor.nxp.nxpnfc@1.0-service        E  free library SUCCESS !!
2026-03-30 19:38:59.274   355-355   NxpFwDnld               vendor.nxp.nxpnfc@1.0-service        E  Freeing Mem for Dnld Context..
2026-03-30 19:38:59.274   355-355   NxpHal                  vendor.nxp.nxpnfc@1.0-service        D  Chip Version Middleware Version mismatch!!!!
2026-03-30 19:38:59.274   355-1634  NxpTml                  vendor.nxp.nxpnfc@1.0-service        D  PN54X - Write requested.....
2026-03-30 19:38:59.275   355-1634  NxpTml                  vendor.nxp.nxpnfc@1.0-service        D  PN54X - Invoking I2C Write.....
2026-03-30 19:38:59.295   355-1634  NxpTml                  vendor.nxp.nxpnfc@1.0-service        E  _i2c_write() errno : 5
2026-03-30 19:38:59.295   355-1634  NxpTml                  vendor.nxp.nxpnfc@1.0-service        E  PN54X - Error in I2C Write.....
2026-03-30 19:38:59.295   355-1634  NxpTml                  vendor.nxp.nxpnfc@1.0-service        D  PN54X - Posting Fresh Write message.....
2026-03-30 19:38:59.295   355-1634  NxpTml                  vendor.nxp.nxpnfc@1.0-service        D  PN54X - Tml Writer Thread Running................
2026-03-30 19:38:59.295   355-1636  NxpHal                  vendor.nxp.nxpnfc@1.0-service        E  write error status = 0x1ff
2026-03-30 19:38:59.295   355-355   NxpHal                  vendor.nxp.nxpnfc@1.0-service        E  write_unlocked failed - PN54X Maybe in Standby Mode - Retry
2026-03-30 19:38:59.305   355-1634  NxpTml                  vendor.nxp.nxpnfc@1.0-service        D  PN54X - Write requested.....
2026-03-30 19:38:59.305   355-1634  NxpTml                  vendor.nxp.nxpnfc@1.0-service        D  PN54X - Invoking I2C Write.....
2026-03-30 19:38:59.325   355-1634  NxpTml                  vendor.nxp.nxpnfc@1.0-service        E  _i2c_write() errno : 5
2026-03-30 19:38:59.325   355-1634  NxpTml                  vendor.nxp.nxpnfc@1.0-service        E  PN54X - Error in I2C Write.....
2026-03-30 19:38:59.325   355-1634  NxpTml                  vendor.nxp.nxpnfc@1.0-service        D  PN54X - Posting Fresh Write message.....
2026-03-30 19:38:59.325   355-1634  NxpTml                  vendor.nxp.nxpnfc@1.0-service        D  PN54X - Tml Writer Thread Running................
2026-03-30 19:38:59.325   355-1636  NxpHal                  vendor.nxp.nxpnfc@1.0-service        E  write error status = 0x1ff
2026-03-30 19:38:59.325   355-355   NxpHal                  vendor.nxp.nxpnfc@1.0-service        E  write_unlocked failed - PN54X Maybe in Standby Mode - Retry
2026-03-30 19:38:59.335   355-1634  NxpTml                  vendor.nxp.nxpnfc@1.0-service        D  PN54X - Write requested.....
2026-03-30 19:38:59.335   355-1634  NxpTml                  vendor.nxp.nxpnfc@1.0-service        D  PN54X - Invoking I2C Write.....
2026-03-30 19:38:59.355   355-1634  NxpTml                  vendor.nxp.nxpnfc@1.0-service        E  _i2c_write() errno : 5
2026-03-30 19:38:59.355   355-1634  NxpTml                  vendor.nxp.nxpnfc@1.0-service        E  PN54X - Error in I2C Write.....
2026-03-30 19:38:59.355   355-1634  NxpTml                  vendor.nxp.nxpnfc@1.0-service        D  PN54X - Posting Fresh Write message.....
2026-03-30 19:38:59.355   355-1634  NxpTml                  vendor.nxp.nxpnfc@1.0-service        D  PN54X - Tml Writer Thread Running................
2026-03-30 19:38:59.355   355-1636  NxpHal                  vendor.nxp.nxpnfc@1.0-service        E  write error status = 0x1ff
2026-03-30 19:38:59.355   355-355   NxpHal                  vendor.nxp.nxpnfc@1.0-service        E  write_unlocked failed - PN54X Maybe in Standby Mode - Retry
2026-03-30 19:38:59.365   355-1634  NxpTml                  vendor.nxp.nxpnfc@1.0-service        D  PN54X - Write requested.....
2026-03-30 19:38:59.365   355-1634  NxpTml                  vendor.nxp.nxpnfc@1.0-service        D  PN54X - Invoking I2C Write.....
2026-03-30 19:38:59.384   355-1634  NxpTml                  vendor.nxp.nxpnfc@1.0-service        E  _i2c_write() errno : 5
2026-03-30 19:38:59.384   355-1634  NxpTml                  vendor.nxp.nxpnfc@1.0-service        E  PN54X - Error in I2C Write.....
2026-03-30 19:38:59.384   355-1634  NxpTml                  vendor.nxp.nxpnfc@1.0-service        D  PN54X - Posting Fresh Write message.....
2026-03-30 19:38:59.385   355-1634  NxpTml                  vendor.nxp.nxpnfc@1.0-service        D  PN54X - Tml Writer Thread Running................
2026-03-30 19:38:59.385   355-1636  NxpHal                  vendor.nxp.nxpnfc@1.0-service        E  write error status = 0x1ff
2026-03-30 19:38:59.385   355-355   NxpHal                  vendor.nxp.nxpnfc@1.0-service        E  write_unlocked failed - PN54X Maybe in Standby Mode - Retry
2026-03-30 19:38:59.395   355-1634  NxpTml                  vendor.nxp.nxpnfc@1.0-service        D  PN54X - Write requested.....
2026-03-30 19:38:59.395   355-1634  NxpTml                  vendor.nxp.nxpnfc@1.0-service        D  PN54X - Invoking I2C Write.....
2026-03-30 19:38:59.414   355-1634  NxpTml                  vendor.nxp.nxpnfc@1.0-service        E  _i2c_write() errno : 5
2026-03-30 19:38:59.414   355-1634  NxpTml                  vendor.nxp.nxpnfc@1.0-service        E  PN54X - Error in I2C Write.....
2026-03-30 19:38:59.415   355-1634  NxpTml                  vendor.nxp.nxpnfc@1.0-service        D  PN54X - Posting Fresh Write message.....
2026-03-30 19:38:59.415   355-1634  NxpTml                  vendor.nxp.nxpnfc@1.0-service        D  PN54X - Tml Writer Thread Running................
2026-03-30 19:38:59.415   355-1636  NxpHal                  vendor.nxp.nxpnfc@1.0-service        E  write error status = 0x1ff
2026-03-30 19:38:59.415   355-355   NxpHal                  vendor.nxp.nxpnfc@1.0-service        E  write_unlocked failed - PN54X Maybe in Standby Mode - Retry
2026-03-30 19:38:59.425   355-1634  NxpTml                  vendor.nxp.nxpnfc@1.0-service        D  PN54X - Write requested.....
2026-03-30 19:38:59.425   355-1634  NxpTml                  vendor.nxp.nxpnfc@1.0-service        D  PN54X - Invoking I2C Write.....
2026-03-30 19:38:59.444   355-1634  NxpTml                  vendor.nxp.nxpnfc@1.0-service        E  _i2c_write() errno : 5
2026-03-30 19:38:59.444   355-1634  NxpTml                  vendor.nxp.nxpnfc@1.0-service        E  PN54X - Error in I2C Write.....
2026-03-30 19:38:59.444   355-1634  NxpTml                  vendor.nxp.nxpnfc@1.0-service        D  PN54X - Posting Fresh Write message.....
2026-03-30 19:38:59.445   355-1634  NxpTml                  vendor.nxp.nxpnfc@1.0-service        D  PN54X - Tml Writer Thread Running................
2026-03-30 19:38:59.445   355-1636  NxpHal                  vendor.nxp.nxpnfc@1.0-service        E  write error status = 0x1ff
2026-03-30 19:38:59.445   355-355   NxpHal                  vendor.nxp.nxpnfc@1.0-service        E  write_unlocked failed - PN54X Maybe in Standby Mode (max count = 0x6)
2026-03-30 19:38:59.445   355-355   NxpTml                  vendor.nxp.nxpnfc@1.0-service        D  phTmlNfc_i2c_reset(), VEN level 0
2026-03-30 19:38:59.507   355-355   NxpTml                  vendor.nxp.nxpnfc@1.0-service        D  phTmlNfc_i2c_reset(), VEN level 1
2026-03-30 19:38:59.624   355-355   NxpHal                  vendor.nxp.nxpnfc@1.0-service        D  PN54X Reset - SUCCESS
2026-03-30 19:38:59.624   355-355   NxpHal                  vendor.nxp.nxpnfc@1.0-service        D  phNxpNciHal_write failed for hal ext
2026-03-30 19:38:59.624   355-355   NxpHal                  vendor.nxp.nxpnfc@1.0-service        E  NFCC not coming out from Standby
2026-03-30 19:38:59.624   355-355   NxpHal                  vendor.nxp.nxpnfc@1.0-service        E  Trying Force FW download
2026-03-30 19:38:59.624   355-355   NxpHal                  vendor.nxp.nxpnfc@1.0-service        D  Found Valid Firmware Type
2026-03-30 19:38:59.624   355-355   NxpExtns                vendor.nxp.nxpnfc@1.0-service        D  find found NXP_SYS_CLK_SRC_SEL=(0x2)
2026-03-30 19:38:59.624   355-355   NxpExtns                vendor.nxp.nxpnfc@1.0-service        D  find found NXP_SYS_CLK_FREQ_SEL=(0x4)
2026-03-30 19:38:59.624   355-355   NxpExtns                vendor.nxp.nxpnfc@1.0-service        D  find found NXP_SYS_CLOCK_TO_CFG=(0x1)
2026-03-30 19:38:59.624   355-355   NxpFwDnld               vendor.nxp.nxpnfc@1.0-service        D  gphNxpNciHal_fw_IoctlCtx.bClkSrcVal = 0x2
2026-03-30 19:38:59.624   355-355   NxpFwDnld               vendor.nxp.nxpnfc@1.0-service        D  gphNxpNciHal_fw_IoctlCtx.bClkFreqVal = 0x4
2026-03-30 19:38:59.624   355-355   NxpFwDnld               vendor.nxp.nxpnfc@1.0-service        D  gphNxpNciHal_fw_IoctlCtx.bClkFreqVal = 0x1
2026-03-30 19:38:59.624   355-355   NxpTml                  vendor.nxp.nxpnfc@1.0-service        D  phTmlNfc_i2c_reset(), VEN level 2
2026-03-30 19:38:59.804   355-355   NxpFwDnld               vendor.nxp.nxpnfc@1.0-service        D  Allocating Mem for Dnld Context..
2026-03-30 19:38:59.804   355-355   NxpHal                  vendor.nxp.nxpnfc@1.0-service        D  Calling Seq handler for FW Download 
2026-03-30 19:38:59.804   355-355   NxpExtns                vendor.nxp.nxpnfc@1.0-service        D  find found NXP_FW_NAME=libpn553_fw.so
2026-03-30 19:38:59.805   355-355   NxpFwDnld               vendor.nxp.nxpnfc@1.0-service        D  @@@/system/vendor/firmware/libpn553_fw.so
2026-03-30 19:38:59.805   355-355   NxpFwDnld               vendor.nxp.nxpnfc@1.0-service        E  FW Image Length - ImageInfoLen 34358
2026-03-30 19:38:59.805   355-355   NxpFwDnld               vendor.nxp.nxpnfc@1.0-service        E  FW Image Info Pointer - pImageInfo 0xa956e2d0
2026-03-30 19:38:59.805   355-355   NxpFwDnld               vendor.nxp.nxpnfc@1.0-service        E  FW Major Version Num - 1
2026-03-30 19:38:59.805   355-355   NxpFwDnld               vendor.nxp.nxpnfc@1.0-service        E  FW Minor Version Num - 16
2026-03-30 19:38:59.805   355-355   NxpFwDnld               vendor.nxp.nxpnfc@1.0-service        E  FW Image Length - 34358
2026-03-30 19:38:59.805   355-355   NxpFwDnld               vendor.nxp.nxpnfc@1.0-service        E  FW Image Info Pointer - 0xa956e2d0
2026-03-30 19:38:59.805   355-355   NxpFwDnld               vendor.nxp.nxpnfc@1.0-service        D  phDnldNfc_InitImgInfo:SUCCESS
2026-03-30 19:38:59.805   355-355   NxpFwDnld               vendor.nxp.nxpnfc@1.0-service        D  Processing R/W Sequence..
