2026-01-02 15:21:07.762   944-951   ccci_fsd(1)             ccci_mdinit                          E  Open: [error]the path /vendor/etc/mdota/misc_data/plmn/TS25/3 not exist(2)
2026-01-02 15:21:07.762   944-951   ccci_fsd(1)             ccci_mdinit                          E  Open: [error]the path /vendor/etc/mdota/misc_data/plmn/TS25 not exist(2)
2026-01-02 15:21:07.762   944-951   ccci_fsd(1)             ccci_mdinit                          E  Open: [error]the path /vendor/etc/mdota/misc_data/plmn not exist(2)
2026-01-02 15:21:07.837  2213-2248  RegiMgr-Utils           com.sec.imsservice                   E  getPendingRegistrationInternal : Invalid phoneId : 1
2026-01-02 15:21:07.837  2213-2248  RegiMgr                 com.sec.imsservice                   E  getPendingRegistration : no task return null
2026-01-02 15:21:07.837  2213-2248  CmcAccountManager<1>    com.sec.imsservice                   E  getCmcRegisterTask: rtl is null
2026-01-02 15:21:07.837  1917-1917  SatelliteController     com.android.phone                    E  registerForSatelliteModemStateChanged: mSatelliteSessionController is not initialized yet
2026-01-02 15:21:07.844  1917-1917  SatelliteController     com.android.phone                    E  registerForSatelliteModemStateChanged: mSatelliteSessionController is not initialized yet
2026-01-02 15:21:07.852  1917-2019  SatelliteController     com.android.phone                    E  notifyNtnEligibility: mSatellitePhone is null
2026-01-02 15:21:11.350   944-951   ccci_fsd(1)             ccci_mdinit                          E  Open: [error]the path /vendor/etc/mdota/misc_data/plmn/TS25/3 not exist(2)
2026-01-02 15:21:11.350   944-951   ccci_fsd(1)             ccci_mdinit                          E  Open: [error]the path /vendor/etc/mdota/misc_data/plmn/TS25 not exist(2)
2026-01-02 15:21:11.350   944-951   ccci_fsd(1)             ccci_mdinit                          E  Open: [error]the path /vendor/etc/mdota/misc_data/plmn not exist(2)
2026-01-02 15:21:11.356   944-951   ccci_fsd(1)             ccci_mdinit                          E  Open: [error]the path /vendor/etc/mdota/misc_data/plmn/TS25/3 not exist(2)
2026-01-02 15:21:11.356   944-951   ccci_fsd(1)             ccci_mdinit                          E  Open: [error]the path /vendor/etc/mdota/misc_data/plmn/TS25 not exist(2)
2026-01-02 15:21:11.356   944-951   ccci_fsd(1)             ccci_mdinit                          E  Open: [error]the path /vendor/etc/mdota/misc_data/plmn not exist(2)
2026-01-02 15:21:11.364   944-951   ccci_fsd(1)             ccci_mdinit                          E  Open: [error]the path /vendor/etc/mdota/misc_data/plmn/TS25/3 not exist(2)
2026-01-02 15:21:11.364   944-951   ccci_fsd(1)             ccci_mdinit                          E  Open: [error]the path /vendor/etc/mdota/misc_data/plmn/TS25 not exist(2)
2026-01-02 15:21:11.364   944-951   ccci_fsd(1)             ccci_mdinit                          E  Open: [error]the path /vendor/etc/mdota/misc_data/plmn not exist(2)
2026-01-02 15:21:11.364  1917-2019  SatelliteController     com.android.phone                    E  notifyNtnEligibility: mSatellitePhone is null
2026-01-02 15:21:11.467  1917-1917  SatelliteController     com.android.phone                    E  registerForSatelliteModemStateChanged: mSatelliteSessionController is not initialized yet
2026-01-02 15:21:11.476  1917-1917  SatelliteController     com.android.phone                    E  registerForSatelliteModemStateChanged: mSatelliteSessionController is not initialized yet
2026-01-02 15:21:11.486  1917-2019  SatelliteController     com.android.phone                    E  notifyNtnEligibility: mSatellitePhone is null
2026-01-02 15:21:12.588  1439-1788  SemSoftApManager        system_server                        E  NET_CAPABILITY_VALIDATED175 valid:true nc:[ Transports: CELLULAR Capabilities: SUPL&DUN&INTERNET&NOT_RESTRICTED&TRUSTED&NOT_VPN&VALIDATED&NOT_ROAMING&FOREGROUND&NOT_CONGESTED&NOT_SUSPENDED&NOT_VCN_MANAGED&NOT_BANDWIDTH_CONSTRAINED LinkUpBandwidth>=9819Kbps LinkDnBandwidth>=13128Kbps Specifier: <TelephonyNetworkSpecifier [mSubId = 1]> AdminUids: [10061, 10301, 10327] SubscriptionIds: {1} UnderlyingNetworks: Null]
2026-01-02 15:21:17.203   880-880   SensorsGrip             and....sensors@2.0-service.multihal  E  [grip_sensor] enable: mEnabled : 1, first_grip_event : 1
2026-01-02 15:21:17.257   944-951   ccci_fsd(1)             ccci_mdinit                          E  Open: [error]the path /vendor/etc/mdota/misc_data/plmn/TS25/3 not exist(2)
2026-01-02 15:21:17.257   944-951   ccci_fsd(1)             ccci_mdinit                          E  Open: [error]the path /vendor/etc/mdota/misc_data/plmn/TS25 not exist(2)
2026-01-02 15:21:17.257   944-951   ccci_fsd(1)             ccci_mdinit                          E  Open: [error]the path /vendor/etc/mdota/misc_data/plmn not exist(2)
2026-01-02 15:21:17.260  1917-2019  SatelliteController     com.android.phone                    E  notifyNtnEligibility: mSatellitePhone is null
2026-01-02 15:21:17.279  1917-2019  SatelliteController     com.android.phone                    E  notifyNtnEligibility: mSatellitePhone is null
2026-01-02 15:21:17.347  2213-2248  RegiMgr-Utils           com.sec.imsservice                   E  getPendingRegistrationInternal : Invalid phoneId : 1
2026-01-02 15:21:17.347  2213-2248  RegiMgr                 com.sec.imsservice                   E  getPendingRegistration : no task return null
2026-01-02 15:21:17.347  2213-2248  CmcAccountManager<1>    com.sec.imsservice                   E  getCmcRegisterTask: rtl is null
2026-01-02 15:21:17.354  1917-1917  SatelliteController     com.android.phone                    E  registerForSatelliteModemStateChanged: mSatelliteSessionController is not initialized yet
2026-01-02 15:21:17.357  1917-1917  SatelliteController     com.android.phone                    E  registerForSatelliteModemStateChanged: mSatelliteSessionController is not initialized yet
2026-01-02 15:21:17.362  1917-2019  SatelliteController     com.android.phone                    E  notifyNtnEligibility: mSatellitePhone is null
2026-01-02 15:21:17.679  1081-1491  thermal_core            thermal_core                         E  Failed to read /sys/class/thermal/thermal_zone24/temp: Invalid argument
2026-01-02 15:21:24.656  1439-1501  Watchdog                system_server                        E  !@Sync: 9771 heap(MB): 101 / 118 FD: 1147 [2026-01-02 15:21:24.655]
2026-01-02 15:21:26.616  1081-1492  md_thermal              thermal_core                         E  interval=40 temp: 35400 33200 33400 33600
2026-01-02 15:21:27.917   944-951   ccci_fsd(1)             ccci_mdinit                          E  Open: [error]the path /vendor/etc/mdota/misc_data/plmn/TS25/3 not exist(2)
2026-01-02 15:21:27.918   944-951   ccci_fsd(1)             ccci_mdinit                          E  Open: [error]the path /vendor/etc/mdota/misc_data/plmn/TS25 not exist(2)
2026-01-02 15:21:27.918   944-951   ccci_fsd(1)             ccci_mdinit                          E  Open: [error]the path /vendor/etc/mdota/misc_data/plmn not exist(2)
2026-01-02 15:21:27.936   880-880   SensorsGrip             and....sensors@2.0-service.multihal  E  [grip_sensor] enable: mEnabled : 0, first_grip_event : 1
2026-01-02 15:21:27.940  1917-2019  SatelliteController     com.android.phone                    E  notifyNtnEligibility: mSatellitePhone is null
2026-01-02 15:21:27.974   944-951   ccci_fsd(1)             ccci_mdinit                          E  Open: [error]the path /vendor/etc/mdota/misc_data/plmn/TS25/3 not exist(2)
2026-01-02 15:21:27.974   944-951   ccci_fsd(1)             ccci_mdinit                          E  Open: [error]the path /vendor/etc/mdota/misc_data/plmn/TS25 not exist(2)
2026-01-02 15:21:27.974   944-951   ccci_fsd(1)             ccci_mdinit                          E  Open: [error]the path /vendor/etc/mdota/misc_data/plmn not exist(2)
2026-01-02 15:21:27.975   944-951   ccci_fsd(1)             ccci_mdinit                          E  Open: [error]the path /vendor/etc/mdota/misc_data/plmn/TS25/3 not exist(2)
2026-01-02 15:21:27.975   944-951   ccci_fsd(1)             ccci_mdinit                          E  Open: [error]the path /vendor/etc/mdota/misc_data/plmn/TS25 not exist(2)
2026-01-02 15:21:27.975   944-951   ccci_fsd(1)             ccci_mdinit                          E  Open: [error]the path /vendor/etc/mdota/misc_data/plmn not exist(2)
2026-01-02 15:21:27.976   944-951   ccci_fsd(1)             ccci_mdinit                          E  Open: [error]the path /vendor/etc/mdota/misc_data/plmn/TS25/3 not exist(2)
2026-01-02 15:21:27.976   944-951   ccci_fsd(1)             ccci_mdinit                          E  Open: [error]the path /vendor/etc/mdota/misc_data/plmn/TS25 not exist(2)
2026-01-02 15:21:27.976   944-951   ccci_fsd(1)             ccci_mdinit                          E  Open: [error]the path /vendor/etc/mdota/misc_data/plmn not exist(2)
2026-01-02 15:21:28.047  1917-1917  SatelliteController     com.android.phone                    E  registerForSatelliteModemStateChanged: mSatelliteSessionController is not initialized yet
2026-01-02 15:21:28.057  1917-1917  SatelliteController     com.android.phone                    E  registerForSatelliteModemStateChanged: mSatelliteSessionController is not initialized yet
2026-01-02 15:21:28.959   894-930   BatteryDump             ven...msung.hardware.health-service  E  !@new_battery_dump : 4316,0,475,550,100,287,287,329,0,0,320,329,0,Full,NO_CHARGING,None,Good,USB,1,Normal,0,0,9488,0x0,0x10000,0x0,0,0,0000,0000,00000000,0,0,0,0,38,4316000,1000,0,0,
2026-01-02 15:21:29.685  1081-1491  thermal_core            thermal_core                         E  Failed to read /sys/class/thermal/thermal_zone24/temp: Invalid argument
2026-01-02 15:21:39.804 19473-19473 t_app_installer         zygote64                             E  Not starting debugger since process cannot load the jdwp agent.
2026-01-02 15:21:40.326 19473-19488 ashmem                  com...vending:instant_app_installer  E  Pinning is deprecated since Android Q. Please use trim or other methods.
2026-01-02 15:21:40.459   880-880   SensorsGrip             and....sensors@2.0-service.multihal  E  [grip_sensor] enable: mEnabled : 1, first_grip_event : 1
2026-01-02 15:21:40.513   944-951   ccci_fsd(1)             ccci_mdinit                          E  Open: [error]the path /vendor/etc/mdota/misc_data/plmn/TS25/3 not exist(2)
2026-01-02 15:21:40.514   944-951   ccci_fsd(1)             ccci_mdinit                          E  Open: [error]the path /vendor/etc/mdota/misc_data/plmn/TS25 not exist(2)
2026-01-02 15:21:40.514   944-951   ccci_fsd(1)             ccci_mdinit                          E  Open: [error]the path /vendor/etc/mdota/misc_data/plmn not exist(2)
2026-01-02 15:21:40.520  1917-2019  SatelliteController     com.android.phone                    E  notifyNtnEligibility: mSatellitePhone is null
2026-01-02 15:21:40.591  1917-1917  SatelliteController     com.android.phone                    E  registerForSatelliteModemStateChanged: mSatelliteSessionController is not initialized yet
2026-01-02 15:21:40.600  1917-1917  SatelliteController     com.android.phone                    E  registerForSatelliteModemStateChanged: mSatelliteSessionController is not initialized yet
2026-01-02 15:21:41.691  1081-1491  thermal_core            thermal_core                         E  Failed to read /sys/class/thermal/thermal_zone24/temp: Invalid argument
2026-01-02 15:21:42.274  1439-1788  SemSoftApManager        system_server                        E  NET_CAPABILITY_VALIDATED175 valid:true nc:[ Transports: CELLULAR Capabilities: SUPL&DUN&INTERNET&NOT_RESTRICTED&TRUSTED&NOT_VPN&VALIDATED&NOT_ROAMING&FOREGROUND&NOT_CONGESTED&NOT_SUSPENDED&NOT_VCN_MANAGED&NOT_BANDWIDTH_CONSTRAINED LinkUpBandwidth>=1125Kbps LinkDnBandwidth>=2993Kbps Specifier: <TelephonyNetworkSpecifier [mSubId = 1]> AdminUids: [10061, 10301, 10327] SubscriptionIds: {1} UnderlyingNetworks: Null]
2026-01-02 15:21:53.697  1081-1491  thermal_core            thermal_core                         E  Failed to read /sys/class/thermal/thermal_zone24/temp: Invalid argument
2026-01-02 15:21:54.665  1439-1501  Watchdog                system_server                        E  !@Sync: 9772 heap(MB): 97 / 119 FD: 1148 [2026-01-02 15:21:54.664]
2026-01-02 15:21:56.694   944-951   ccci_fsd(1)             ccci_mdinit                          E  Open: [error]the path /vendor/etc/mdota/misc_data/plmn/TS25/3 not exist(2)
2026-01-02 15:21:56.694   944-951   ccci_fsd(1)             ccci_mdinit                          E  Open: [error]the path /vendor/etc/mdota/misc_data/plmn/TS25 not exist(2)
2026-01-02 15:21:56.694   944-951   ccci_fsd(1)             ccci_mdinit                          E  Open: [error]the path /vendor/etc/mdota/misc_data/plmn not exist(2)
2026-01-02 15:21:56.707   880-880   SensorsGrip             and....sensors@2.0-service.multihal  E  [grip_sensor] enable: mEnabled : 0, first_grip_event : 1
2026-01-02 15:21:56.712  1917-2019  SatelliteController     com.android.phone                    E  notifyNtnEligibility: mSatellitePhone is null
2026-01-02 15:21:56.754   944-951   ccci_fsd(1)             ccci_mdinit                          E  Open: [error]the path /vendor/etc/mdota/misc_data/plmn/TS25/3 not exist(2)
2026-01-02 15:21:56.754   944-951   ccci_fsd(1)             ccci_mdinit                          E  Open: [error]the path /vendor/etc/mdota/misc_data/plmn/TS25 not exist(2)
2026-01-02 15:21:56.754   944-951   ccci_fsd(1)             ccci_mdinit                          E  Open: [error]the path /vendor/etc/mdota/misc_data/plmn not exist(2)
2026-01-02 15:21:56.758   944-951   ccci_fsd(1)             ccci_mdinit                          E  Open: [error]the path /vendor/etc/mdota/misc_data/plmn/TS25/3 not exist(2)
2026-01-02 15:21:56.758   944-951   ccci_fsd(1)             ccci_mdinit                          E  Open: [error]the path /vendor/etc/mdota/misc_data/plmn/TS25 not exist(2)
2026-01-02 15:21:56.758   944-951   ccci_fsd(1)             ccci_mdinit                          E  Open: [error]the path /vendor/etc/mdota/misc_data/plmn not exist(2)
2026-01-02 15:21:56.759   944-951   ccci_fsd(1)             ccci_mdinit                          E  Open: [error]the path /vendor/etc/mdota/misc_data/plmn/TS25/3 not exist(2)
2026-01-02 15:21:56.759   944-951   ccci_fsd(1)             ccci_mdinit                          E  Open: [error]the path /vendor/etc/mdota/misc_data/plmn/TS25 not exist(2)
2026-01-02 15:21:56.759   944-951   ccci_fsd(1)             ccci_mdinit                          E  Open: [error]the path /vendor/etc/mdota/misc_data/plmn not exist(2)
2026-01-02 15:21:56.860  1917-1917  SatelliteController     com.android.phone                    E  registerForSatelliteModemStateChanged: mSatelliteSessionController is not initialized yet
2026-01-02 15:21:56.869  1917-1917  SatelliteController     com.android.phone                    E  registerForSatelliteModemStateChanged: mSatelliteSessionController is not initialized yet
2026-01-02 15:21:59.019   894-930   BatteryDump             ven...msung.hardware.health-service  E  !@new_battery_dump : 4317,0,475,550,100,288,288,326,0,0,314,326,0,Full,NO_CHARGING,None,Good,USB,1,Normal,0,0,9488,0x0,0x10000,0x0,0,0,0000,0000,00000000,0,0,0,0,38,4317000,1000,0,0,
2026-01-02 15:22:00.380  1439-1788  SemSoftApManager        system_server                        E  NET_CAPABILITY_VALIDATED175 valid:true nc:[ Transports: CELLULAR Capabilities: SUPL&DUN&INTERNET&NOT_RESTRICTED&TRUSTED&NOT_VPN&VALIDATED&NOT_ROAMING&FOREGROUND&NOT_CONGESTED&NOT_SUSPENDED&NOT_VCN_MANAGED&NOT_BANDWIDTH_CONSTRAINED LinkUpBandwidth>=9819Kbps LinkDnBandwidth>=13128Kbps Specifier: <TelephonyNetworkSpecifier [mSubId = 1]> AdminUids: [10061, 10301, 10327] SubscriptionIds: {1} UnderlyingNetworks: Null]
2026-01-02 15:22:04.885  9213-9250  GPUAUX                  com.reedersystems.commandcomms       E  [AUX]GuiExtAuxCheckAuxPath:682: Null anb
2026-01-02 15:22:04.885  9213-9250  GPUAUX                  com.reedersystems.commandcomms       E  [AUX]GuiExtAuxCheckAuxPath:682: Null anb
2026-01-02 15:22:04.886  9213-9250  GPUAUX                  com.reedersystems.commandcomms       E  [AUX]GuiExtAuxCheckAuxPath:682: Null anb
2026-01-02 15:22:04.886  9213-9250  GPUAUX                  com.reedersystems.commandcomms       E  [AUX]GuiExtAuxCheckAuxPath:682: Null anb
2026-01-02 15:22:04.886  9213-9250  GPUAUX                  com.reedersystems.commandcomms       E  [AUX]GuiExtAuxCheckAuxPath:682: Null anb
2026-01-02 15:22:04.886  9213-9250  GPUAUX                  com.reedersystems.commandcomms       E  [AUX]GuiExtAuxCheckAuxPath:682: Null anb
2026-01-02 15:22:04.886  9213-9250  GPUAUX                  com.reedersystems.commandcomms       E  [AUX]GuiExtAuxCheckAuxPath:682: Null anb
2026-01-02 15:22:04.913  9213-9250  GPUAUX                  com.reedersystems.commandcomms       E  [AUX]GuiExtAuxCheckAuxPath:682: Null anb
2026-01-02 15:22:04.914  9213-9250  GPUAUX                  com.reedersystems.commandcomms       E  [AUX]GuiExtAuxCheckAuxPath:682: Null anb
2026-01-02 15:22:04.914  9213-9250  GPUAUX                  com.reedersystems.commandcomms       E  [AUX]GuiExtAuxCheckAuxPath:682: Null anb
2026-01-02 15:22:04.945  9213-9250  GPUAUX                  com.reedersystems.commandcomms       E  [AUX]GuiExtAuxCheckAuxPath:682: Null anb
2026-01-02 15:22:04.945  9213-9250  GPUAUX                  com.reedersystems.commandcomms       E  [AUX]GuiExtAuxCheckAuxPath:682: Null anb
2026-01-02 15:22:04.945  9213-9250  GPUAUX                  com.reedersystems.commandcomms       E  [AUX]GuiExtAuxCheckAuxPath:682: Null anb
2026-01-02 15:22:04.974  9213-9250  GPUAUX                  com.reedersystems.commandcomms       E  [AUX]GuiExtAuxCheckAuxPath:682: Null anb
2026-01-02 15:22:04.974  9213-9250  GPUAUX                  com.reedersystems.commandcomms       E  [AUX]GuiExtAuxCheckAuxPath:682: Null anb
2026-01-02 15:22:04.974  9213-9250  GPUAUX                  com.reedersystems.commandcomms       E  [AUX]GuiExtAuxCheckAuxPath:682: Null anb
2026-01-02 15:22:04.975  9213-9250  GPUAUX                  com.reedersystems.commandcomms       E  [AUX]GuiExtAuxCheckAuxPath:682: Null anb
2026-01-02 15:22:04.983  9213-9250  GPUAUX                  com.reedersystems.commandcomms       E  [AUX]GuiExtAuxCheckAuxPath:682: Null anb
2026-01-02 15:22:04.983  9213-9250  GPUAUX                  com.reedersystems.commandcomms       E  [AUX]GuiExtAuxCheckAuxPath:682: Null anb
2026-01-02 15:22:04.984  9213-9250  GPUAUX                  com.reedersystems.commandcomms       E  [AUX]GuiExtAuxCheckAuxPath:682: Null anb
2026-01-02 15:22:04.984  9213-9250  GPUAUX                  com.reedersystems.commandcomms       E  [AUX]GuiExtAuxCheckAuxPath:682: Null anb
2026-01-02 15:22:04.984  9213-9250  GPUAUX                  com.reedersystems.commandcomms       E  [AUX]GuiExtAuxCheckAuxPath:682: Null anb
2026-01-02 15:22:04.984  9213-9250  GPUAUX                  com.reedersystems.commandcomms       E  [AUX]GuiExtAuxCheckAuxPath:682: Null anb
2026-01-02 15:22:04.984  9213-9250  GPUAUX                  com.reedersystems.commandcomms       E  [AUX]GuiExtAuxCheckAuxPath:682: Null anb
2026-01-02 15:22:04.984  9213-9250  GPUAUX                  com.reedersystems.commandcomms       E  [AUX]GuiExtAuxCheckAuxPath:682: Null anb
2026-01-02 15:22:04.999  9213-9250  GPUAUX                  com.reedersystems.commandcomms       E  [AUX]GuiExtAuxCheckAuxPath:682: Null anb
2026-01-02 15:22:05.000  9213-9250  GPUAUX                  com.reedersystems.commandcomms       E  [AUX]GuiExtAuxCheckAuxPath:682: Null anb
2026-01-02 15:22:05.000  9213-9250  GPUAUX                  com.reedersystems.commandcomms       E  [AUX]GuiExtAuxCheckAuxPath:682: Null anb
2026-01-02 15:22:05.034   880-880   SensorsGrip             and....sensors@2.0-service.multihal  E  [grip_sensor] enable: mEnabled : 1, first_grip_event : 1
2026-01-02 15:22:05.038  9213-9250  GPUAUX                  com.reedersystems.commandcomms       E  [AUX]GuiExtAuxCheckAuxPath:682: Null anb
2026-01-02 15:22:05.038  9213-9250  GPUAUX                  com.reedersystems.commandcomms       E  [AUX]GuiExtAuxCheckAuxPath:682: Null anb
2026-01-02 15:22:05.039  9213-9250  GPUAUX                  com.reedersystems.commandcomms       E  [AUX]GuiExtAuxCheckAuxPath:682: Null anb
2026-01-02 15:22:05.055  9213-9250  GPUAUX                  com.reedersystems.commandcomms       E  [AUX]GuiExtAuxCheckAuxPath:682: Null anb
2026-01-02 15:22:05.055  9213-9250  GPUAUX                  com.reedersystems.commandcomms       E  [AUX]GuiExtAuxCheckAuxPath:682: Null anb
2026-01-02 15:22:05.055  9213-9250  GPUAUX                  com.reedersystems.commandcomms       E  [AUX]GuiExtAuxCheckAuxPath:682: Null anb
2026-01-02 15:22:05.062  9213-9250  GPUAUX                  com.reedersystems.commandcomms       E  [AUX]GuiExtAuxCheckAuxPath:682: Null anb
2026-01-02 15:22:05.070  9213-9250  GPUAUX                  com.reedersystems.commandcomms       E  [AUX]GuiExtAuxCheckAuxPath:682: Null anb
2026-01-02 15:22:05.070  9213-9250  GPUAUX                  com.reedersystems.commandcomms       E  [AUX]GuiExtAuxCheckAuxPath:682: Null anb
2026-01-02 15:22:05.080  9213-9250  GPUAUX                  com.reedersystems.commandcomms       E  [AUX]GuiExtAuxCheckAuxPath:682: Null anb
2026-01-02 15:22:05.081  9213-9250  GPUAUX                  com.reedersystems.commandcomms       E  [AUX]GuiExtAuxCheckAuxPath:682: Null anb
2026-01-02 15:22:05.091  9213-9250  GPUAUX                  com.reedersystems.commandcomms       E  [AUX]GuiExtAuxCheckAuxPath:682: Null anb
2026-01-02 15:22:05.091  9213-9250  GPUAUX                  com.reedersystems.commandcomms       E  [AUX]GuiExtAuxCheckAuxPath:682: Null anb
2026-01-02 15:22:05.092   944-951   ccci_fsd(1)             ccci_mdinit                          E  Open: [error]the path /vendor/etc/mdota/misc_data/plmn/TS25/3 not exist(2)
2026-01-02 15:22:05.092   944-951   ccci_fsd(1)             ccci_mdinit                          E  Open: [error]the path /vendor/etc/mdota/misc_data/plmn/TS25 not exist(2)
2026-01-02 15:22:05.092   944-951   ccci_fsd(1)             ccci_mdinit                          E  Open: [error]the path /vendor/etc/mdota/misc_data/plmn not exist(2)
2026-01-02 15:22:05.092  1917-2019  SatelliteController     com.android.phone                    E  notifyNtnEligibility: mSatellitePhone is null
2026-01-02 15:22:05.106  9213-9250  GPUAUX                  com.reedersystems.commandcomms       E  [AUX]GuiExtAuxCheckAuxPath:682: Null anb
2026-01-02 15:22:05.106  9213-9250  GPUAUX                  com.reedersystems.commandcomms       E  [AUX]GuiExtAuxCheckAuxPath:682: Null anb
2026-01-02 15:22:05.123  9213-9250  GPUAUX                  com.reedersystems.commandcomms       E  [AUX]GuiExtAuxCheckAuxPath:682: Null anb
2026-01-02 15:22:05.123  9213-9250  GPUAUX                  com.reedersystems.commandcomms       E  [AUX]GuiExtAuxCheckAuxPath:682: Null anb
2026-01-02 15:22:05.131  9213-9250  GPUAUX                  com.reedersystems.commandcomms       E  [AUX]GuiExtAuxCheckAuxPath:682: Null anb
2026-01-02 15:22:05.140  9213-9250  GPUAUX                  com.reedersystems.commandcomms       E  [AUX]GuiExtAuxCheckAuxPath:682: Null anb
2026-01-02 15:22:05.140  9213-9250  GPUAUX                  com.reedersystems.commandcomms       E  [AUX]GuiExtAuxCheckAuxPath:682: Null anb
2026-01-02 15:22:05.191  1917-1917  SatelliteController     com.android.phone                    E  registerForSatelliteModemStateChanged: mSatelliteSessionController is not initialized yet
2026-01-02 15:22:05.194  1917-1917  SatelliteController     com.android.phone                    E  registerForSatelliteModemStateChanged: mSatelliteSessionController is not initialized yet
2026-01-02 15:22:05.703  1081-1491  thermal_core            thermal_core                         E  Failed to read /sys/class/thermal/thermal_zone24/temp: Invalid argument
2026-01-02 15:22:06.624  1081-1492  md_thermal              thermal_core                         E  interval=40 temp: 41000 33200 33100 33300
2026-01-02 15:22:07.905   933-933   RefreshRateSelector     surfaceflinger                       E  Can't find HRR max refresh rate by policy with the same group 0
2026-01-02 15:22:11.840  9213-9250  GPUAUX                  com.reedersystems.commandcomms       E  [AUX]GuiExtAuxCheckAuxPath:682: Null anb
2026-01-02 15:22:11.840  9213-9250  GPUAUX                  com.reedersystems.commandcomms       E  [AUX]GuiExtAuxCheckAuxPath:682: Null anb
2026-01-02 15:22:11.840  9213-9250  GPUAUX                  com.reedersystems.commandcomms       E  [AUX]GuiExtAuxCheckAuxPath:682: Null anb
2026-01-02 15:22:11.840  9213-9250  GPUAUX                  com.reedersystems.commandcomms       E  [AUX]GuiExtAuxCheckAuxPath:682: Null anb
2026-01-02 15:22:11.841  9213-9250  GPUAUX                  com.reedersystems.commandcomms       E  [AUX]GuiExtAuxCheckAuxPath:682: Null anb
2026-01-02 15:22:11.841  9213-9250  GPUAUX                  com.reedersystems.commandcomms       E  [AUX]GuiExtAuxCheckAuxPath:682: Null anb
2026-01-02 15:22:11.841  9213-9250  GPUAUX                  com.reedersystems.commandcomms       E  [AUX]GuiExtAuxCheckAuxPath:682: Null anb
2026-01-02 15:22:11.841  9213-9250  GPUAUX                  com.reedersystems.commandcomms       E  [AUX]GuiExtAuxCheckAuxPath:682: Null anb
2026-01-02 15:22:11.842  9213-9250  GPUAUX                  com.reedersystems.commandcomms       E  [AUX]GuiExtAuxCheckAuxPath:682: Null anb
2026-01-02 15:22:11.842  9213-9250  GPUAUX                  com.reedersystems.commandcomms       E  [AUX]GuiExtAuxCheckAuxPath:682: Null anb
2026-01-02 15:22:11.843  9213-9250  GPUAUX                  com.reedersystems.commandcomms       E  [AUX]GuiExtAuxCheckAuxPath:682: Null anb
2026-01-02 15:22:11.843  9213-9250  GPUAUX                  com.reedersystems.commandcomms       E  [AUX]GuiExtAuxCheckAuxPath:682: Null anb
2026-01-02 15:22:11.858  9213-9250  GPUAUX                  com.reedersystems.commandcomms       E  [AUX]GuiExtAuxCheckAuxPath:682: Null anb
2026-01-02 15:22:11.858  9213-9250  GPUAUX                  com.reedersystems.commandcomms       E  [AUX]GuiExtAuxCheckAuxPath:682: Null anb
2026-01-02 15:22:11.859  9213-9250  GPUAUX                  com.reedersystems.commandcomms       E  [AUX]GuiExtAuxCheckAuxPath:682: Null anb
2026-01-02 15:22:11.867  9213-9250  GPUAUX                  com.reedersystems.commandcomms       E  [AUX]GuiExtAuxCheckAuxPath:682: Null anb
2026-01-02 15:22:11.867  9213-9250  GPUAUX                  com.reedersystems.commandcomms       E  [AUX]GuiExtAuxCheckAuxPath:682: Null anb
2026-01-02 15:22:11.867  9213-9250  GPUAUX                  com.reedersystems.commandcomms       E  [AUX]GuiExtAuxCheckAuxPath:682: Null anb
2026-01-02 15:22:11.867  9213-9250  GPUAUX                  com.reedersystems.commandcomms       E  [AUX]GuiExtAuxCheckAuxPath:682: Null anb
2026-01-02 15:22:11.889  9213-9250  GPUAUX                  com.reedersystems.commandcomms       E  [AUX]GuiExtAuxCheckAuxPath:682: Null anb
2026-01-02 15:22:11.889  9213-9250  GPUAUX                  com.reedersystems.commandcomms       E  [AUX]GuiExtAuxCheckAuxPath:682: Null anb
2026-01-02 15:22:11.889  9213-9250  GPUAUX                  com.reedersystems.commandcomms       E  [AUX]GuiExtAuxCheckAuxPath:682: Null anb
2026-01-02 15:22:11.889  9213-9250  GPUAUX                  com.reedersystems.commandcomms       E  [AUX]GuiExtAuxCheckAuxPath:682: Null anb
2026-01-02 15:22:11.907  9213-9250  GPUAUX                  com.reedersystems.commandcomms       E  [AUX]GuiExtAuxCheckAuxPath:682: Null anb
2026-01-02 15:22:11.907  9213-9250  GPUAUX                  com.reedersystems.commandcomms       E  [AUX]GuiExtAuxCheckAuxPath:682: Null anb
2026-01-02 15:22:11.907  9213-9250  GPUAUX                  com.reedersystems.commandcomms       E  [AUX]GuiExtAuxCheckAuxPath:682: Null anb
2026-01-02 15:22:11.907  9213-9250  GPUAUX                  com.reedersystems.commandcomms       E  [AUX]GuiExtAuxCheckAuxPath:682: Null anb
2026-01-02 15:22:11.916  9213-9250  GPUAUX                  com.reedersystems.commandcomms       E  [AUX]GuiExtAuxCheckAuxPath:682: Null anb
2026-01-02 15:22:11.916  9213-9250  GPUAUX                  com.reedersystems.commandcomms       E  [AUX]GuiExtAuxCheckAuxPath:682: Null anb
2026-01-02 15:22:11.916  9213-9250  GPUAUX                  com.reedersystems.commandcomms       E  [AUX]GuiExtAuxCheckAuxPath:682: Null anb
2026-01-02 15:22:11.916  9213-9250  GPUAUX                  com.reedersystems.commandcomms       E  [AUX]GuiExtAuxCheckAuxPath:682: Null anb
2026-01-02 15:22:11.928  9213-9250  GPUAUX                  com.reedersystems.commandcomms       E  [AUX]GuiExtAuxCheckAuxPath:682: Null anb
2026-01-02 15:22:11.929  9213-9250  GPUAUX                  com.reedersystems.commandcomms       E  [AUX]GuiExtAuxCheckAuxPath:682: Null anb
2026-01-02 15:22:11.929  9213-9250  GPUAUX                  com.reedersystems.commandcomms       E  [AUX]GuiExtAuxCheckAuxPath:682: Null anb
2026-01-02 15:22:11.929  9213-9250  GPUAUX                  com.reedersystems.commandcomms       E  [AUX]GuiExtAuxCheckAuxPath:682: Null anb
2026-01-02 15:22:11.937  9213-9250  GPUAUX                  com.reedersystems.commandcomms       E  [AUX]GuiExtAuxCheckAuxPath:682: Null anb
2026-01-02 15:22:11.938  9213-9250  GPUAUX                  com.reedersystems.commandcomms       E  [AUX]GuiExtAuxCheckAuxPath:682: Null anb
2026-01-02 15:22:11.938  9213-9250  GPUAUX                  com.reedersystems.commandcomms       E  [AUX]GuiExtAuxCheckAuxPath:682: Null anb
2026-01-02 15:22:11.938  9213-9250  GPUAUX                  com.reedersystems.commandcomms       E  [AUX]GuiExtAuxCheckAuxPath:682: Null anb
2026-01-02 15:22:11.945  9213-9250  GPUAUX                  com.reedersystems.commandcomms       E  [AUX]GuiExtAuxCheckAuxPath:682: Null anb
2026-01-02 15:22:11.945  9213-9250  GPUAUX                  com.reedersystems.commandcomms       E  [AUX]GuiExtAuxCheckAuxPath:682: Null anb
2026-01-02 15:22:11.945  9213-9250  GPUAUX                  com.reedersystems.commandcomms       E  [AUX]GuiExtAuxCheckAuxPath:682: Null anb
2026-01-02 15:22:11.945  9213-9250  GPUAUX                  com.reedersystems.commandcomms       E  [AUX]GuiExtAuxCheckAuxPath:682: Null anb
2026-01-02 15:22:11.967  9213-9250  GPUAUX                  com.reedersystems.commandcomms       E  [AUX]GuiExtAuxCheckAuxPath:682: Null anb
2026-01-02 15:22:11.968  9213-9250  GPUAUX                  com.reedersystems.commandcomms       E  [AUX]GuiExtAuxCheckAuxPath:682: Null anb
2026-01-02 15:22:11.968  9213-9250  GPUAUX                  com.reedersystems.commandcomms       E  [AUX]GuiExtAuxCheckAuxPath:682: Null anb
2026-01-02 15:22:11.968  9213-9250  GPUAUX                  com.reedersystems.commandcomms       E  [AUX]GuiExtAuxCheckAuxPath:682: Null anb
2026-01-02 15:22:12.451  1439-1788  SemSoftApManager        system_server                        E  NET_CAPABILITY_VALIDATED175 valid:true nc:[ Transports: CELLULAR Capabilities: SUPL&DUN&INTERNET&NOT_RESTRICTED&TRUSTED&NOT_VPN&VALIDATED&NOT_ROAMING&FOREGROUND&NOT_CONGESTED&NOT_SUSPENDED&NOT_VCN_MANAGED&NOT_BANDWIDTH_CONSTRAINED LinkUpBandwidth>=1125Kbps LinkDnBandwidth>=2993Kbps Specifier: <TelephonyNetworkSpecifier [mSubId = 1]> AdminUids: [10061, 10301, 10327] SubscriptionIds: {1} UnderlyingNetworks: Null]
2026-01-02 15:22:16.868  1439-4671  ClipboardService        system_server                        E  Denying clipboard access to com.tracfone.straighttalk.myaccount, application is not in focus nor is it a system service for user 0
2026-01-02 15:22:16.998  4763-12123 IceCone                 com.samsung.android.honeyboard       E  b mimetype = text/plain 
2026-01-02 15:22:17.039  1439-1872  ClipboardService        system_server                        E  Denying clipboard access to com.tracfone.straighttalk.myaccount, application is not in focus nor is it a system service for user 0
2026-01-02 15:22:17.498  9213-9250  GPUAUX                  com.reedersystems.commandcomms       E  [AUX]GuiExtAuxCheckAuxPath:682: Null anb
2026-01-02 15:22:17.505  9213-9250  GPUAUX                  com.reedersystems.commandcomms       E  [AUX]GuiExtAuxCheckAuxPath:682: Null anb
2026-01-02 15:22:17.536  9213-9250  GPUAUX                  com.reedersystems.commandcomms       E  [AUX]GuiExtAuxCheckAuxPath:682: Null anb
2026-01-02 15:22:17.707  1081-1491  thermal_core            thermal_core                         E  Failed to read /sys/class/thermal/thermal_zone24/temp: Invalid argument
2026-01-02 15:22:18.484  1439-1788  SemSoftApManager        system_server                        E  NET_CAPABILITY_VALIDATED175 valid:true nc:[ Transports: CELLULAR Capabilities: SUPL&DUN&INTERNET&NOT_RESTRICTED&TRUSTED&NOT_VPN&VALIDATED&NOT_ROAMING&FOREGROUND&NOT_CONGESTED&NOT_SUSPENDED&NOT_VCN_MANAGED&NOT_BANDWIDTH_CONSTRAINED LinkUpBandwidth>=9819Kbps LinkDnBandwidth>=13128Kbps Specifier: <TelephonyNetworkSpecifier [mSubId = 1]> AdminUids: [10061, 10301, 10327] SubscriptionIds: {1} UnderlyingNetworks: Null]
2026-01-02 15:22:24.673  1439-1501  Watchdog                system_server                        E  !@Sync: 9773 heap(MB): 103 / 119 FD: 1147 [2026-01-02 15:22:24.673]
2026-01-02 15:22:28.313   944-951   ccci_fsd(1)             ccci_mdinit                          E  Open: [error]the path /vendor/etc/mdota/misc_data/plmn/TS25/3 not exist(2)
2026-01-02 15:22:28.314   944-951   ccci_fsd(1)             ccci_mdinit                          E  Open: [error]the path /vendor/etc/mdota/misc_data/plmn/TS25 not exist(2)
2026-01-02 15:22:28.314   944-951   ccci_fsd(1)             ccci_mdinit                          E  Open: [error]the path /vendor/etc/mdota/misc_data/plmn not exist(2)
2026-01-02 15:22:28.334   880-880   SensorsGrip             and....sensors@2.0-service.multihal  E  [grip_sensor] enable: mEnabled : 0, first_grip_event : 1
2026-01-02 15:22:28.344  1917-2019  SatelliteController     com.android.phone                    E  notifyNtnEligibility: mSatellitePhone is null
2026-01-02 15:22:28.373   944-951   ccci_fsd(1)             ccci_mdinit                          E  Open: [error]the path /vendor/etc/mdota/misc_data/plmn/TS25/3 not exist(2)
2026-01-02 15:22:28.373   944-951   ccci_fsd(1)             ccci_mdinit                          E  Open: [error]the path /vendor/etc/mdota/misc_data/plmn/TS25 not exist(2)
2026-01-02 15:22:28.373   944-951   ccci_fsd(1)             ccci_mdinit                          E  Open: [error]the path /vendor/etc/mdota/misc_data/plmn not exist(2)
2026-01-02 15:22:28.377   944-951   ccci_fsd(1)             ccci_mdinit                          E  Open: [error]the path /vendor/etc/mdota/misc_data/plmn/TS25/3 not exist(2)
2026-01-02 15:22:28.377   944-951   ccci_fsd(1)             ccci_mdinit                          E  Open: [error]the path /vendor/etc/mdota/misc_data/plmn/TS25 not exist(2)
2026-01-02 15:22:28.377   944-951   ccci_fsd(1)             ccci_mdinit                          E  Open: [error]the path /vendor/etc/mdota/misc_data/plmn not exist(2)
2026-01-02 15:22:28.378   944-951   ccci_fsd(1)             ccci_mdinit                          E  Open: [error]the path /vendor/etc/mdota/misc_data/plmn/TS25/3 not exist(2)
2026-01-02 15:22:28.378   944-951   ccci_fsd(1)             ccci_mdinit                          E  Open: [error]the path /vendor/etc/mdota/misc_data/plmn/TS25 not exist(2)
2026-01-02 15:22:28.378   944-951   ccci_fsd(1)             ccci_mdinit                          E  Open: [error]the path /vendor/etc/mdota/misc_data/plmn not exist(2)
2026-01-02 15:22:28.436  1917-1917  SatelliteController     com.android.phone                    E  registerForSatelliteModemStateChanged: mSatelliteSessionController is not initialized yet
2026-01-02 15:22:28.441  1917-1917  SatelliteController     com.android.phone                    E  registerForSatelliteModemStateChanged: mSatelliteSessionController is not initialized yet
2026-01-02 15:22:29.079   894-930   BatteryDump             ven...msung.hardware.health-service  E  !@new_battery_dump : 4316,0,475,550,100,289,290,330,0,0,311,330,0,Full,NO_CHARGING,None,Good,USB,1,Normal,0,0,9488,0x0,0x10000,0x0,0,0,0000,0000,00000000,0,0,0,0,38,4316000,1000,0,0,
2026-01-02 15:22:29.712  1081-1491  thermal_core            thermal_core                         E  Failed to read /sys/class/thermal/thermal_zone24/temp: Invalid argument
2026-01-02 15:22:40.550  1439-2116  SemBattery...tsProvider system_server                        E  Receive crashed battery data, request the stats once again.
2026-01-02 15:22:40.979   880-880   SensorsGrip             and....sensors@2.0-service.multihal  E  [grip_sensor] enable: mEnabled : 1, first_grip_event : 1
2026-01-02 15:22:41.003   944-951   ccci_fsd(1)             ccci_mdinit                          E  Open: [error]the path /vendor/etc/mdota/misc_data/plmn/TS25/3 not exist(2)
2026-01-02 15:22:41.003   944-951   ccci_fsd(1)             ccci_mdinit                          E  Open: [error]the path /vendor/etc/mdota/misc_data/plmn/TS25 not exist(2)
2026-01-02 15:22:41.003   944-951   ccci_fsd(1)             ccci_mdinit                          E  Open: [error]the path /vendor/etc/mdota/misc_data/plmn not exist(2)
2026-01-02 15:22:41.006  1917-2019  SatelliteController     com.android.phone                    E  notifyNtnEligibility: mSatellitePhone is null
2026-01-02 15:22:41.073  1917-1917  SatelliteController     com.android.phone                    E  registerForSatelliteModemStateChanged: mSatelliteSessionController is not initialized yet
2026-01-02 15:22:41.076  1917-1917  SatelliteController     com.android.phone                    E  registerForSatelliteModemStateChanged: mSatelliteSessionController is not initialized yet
2026-01-02 15:22:41.395  1439-1516  BluetoothP...sCollector system_server                        E  Cannot acquire BluetoothActivityEnergyInfo
                                                                                                    java.util.concurrent.ExecutionException: java.lang.RuntimeException: error: 11
                                                                                                    	at java.util.concurrent.CompletableFuture.reportGet(CompletableFuture.java:372)
                                                                                                    	at java.util.concurrent.CompletableFuture.get(CompletableFuture.java:2072)
                                                                                                    	at com.android.server.power.stats.BluetoothPowerStatsCollector.collectStats(qb/102708081 9a8b16df9aeae134959f48248e34791bb9008466d4c2bd2ac7f5311f65dca557:202)
                                                                                                    	at com.android.server.power.stats.PowerStatsCollector$$ExternalSyntheticLambda0.run(qb/102708081 9a8b16df9aeae134959f48248e34791bb9008466d4c2bd2ac7f5311f65dca557:3)
                                                                                                    	at android.os.Handler.handleCallback(Handler.java:995)
                                                                                                    	at android.os.Handler.dispatchMessage(Handler.java:103)
                                                                                                    	at android.os.Looper.loopOnce(Looper.java:273)
                                                                                                    	at android.os.Looper.loop(Looper.java:363)
                                                                                                    	at android.os.HandlerThread.run(HandlerThread.java:85)
                                                                                                    Caused by: java.lang.RuntimeException: error: 11
                                                                                                    	at com.android.server.power.stats.BluetoothPowerStatsCollector$1.onBluetoothActivityEnergyInfoError(qb/102708081 9a8b16df9aeae134959f48248e34791bb9008466d4c2bd2ac7f5311f65dca557:12)
                                                                                                    	at android.bluetooth.BluetoothAdapter$OnBluetoothActivityEnergyInfoProxy.lambda$onBluetoothActivityEnergyInfoAvailable$0(BluetoothAdapter.java:1226)
                                                                                                    	at android.bluetooth.BluetoothAdapter$OnBluetoothActivityEnergyInfoProxy$$ExternalSyntheticLambda1.run(D8$$SyntheticClass:0)
                                                                                                    	at android.bluetooth.BluetoothUtils.lambda$executeFromBinder$0(BluetoothUtils.java:343)
                                                                                                    	at android.bluetooth.BluetoothUtils$$ExternalSyntheticLambda1.run(D8$$SyntheticClass:0)
                                                                                                    	at com.android.server.SystemServerInitThreadPool$$ExternalSyntheticLambda0.execute(qb/102708081 9a8b16df9aeae134959f48248e34791bb9008466d4c2bd2ac7f5311f65dca557:1)
                                                                                                    	at android.bluetooth.BluetoothUtils.executeFromBinder(BluetoothUtils.java:343)
                                                                                                    	at android.bluetooth.BluetoothAdapter$OnBluetoothActivityEnergyInfoProxy.onBluetoothActivityEnergyInfoAvailable(BluetoothAdapter.java:1224)
                                                                                                    	at android.bluetooth.IBluetoothActivityEnergyInfoListener$Stub.onTransact(IBluetoothActivityEnergyInfoListener.java:98)
                                                                                                    	at android.os.Binder.execTransactInternal(Binder.java:1462)
                                                                                                    	at android.os.Binder.execTransact(Binder.java:1401)
2026-01-02 15:22:41.557  1439-1516  BluetoothP...sCollector system_server                        E  Cannot acquire BluetoothActivityEnergyInfo
                                                                                                    java.util.concurrent.ExecutionException: java.lang.RuntimeException: error: 11
                                                                                                    	at java.util.concurrent.CompletableFuture.reportGet(CompletableFuture.java:372)
                                                                                                    	at java.util.concurrent.CompletableFuture.get(CompletableFuture.java:2072)
                                                                                                    	at com.android.server.power.stats.BluetoothPowerStatsCollector.collectStats(qb/102708081 9a8b16df9aeae134959f48248e34791bb9008466d4c2bd2ac7f5311f65dca557:202)
                                                                                                    	at com.android.server.power.stats.PowerStatsCollector$$ExternalSyntheticLambda0.run(qb/102708081 9a8b16df9aeae134959f48248e34791bb9008466d4c2bd2ac7f5311f65dca557:3)
                                                                                                    	at android.os.Handler.handleCallback(Handler.java:995)
                                                                                                    	at android.os.Handler.dispatchMessage(Handler.java:103)
                                                                                                    	at android.os.Looper.loopOnce(Looper.java:273)
                                                                                                    	at android.os.Looper.loop(Looper.java:363)
                                                                                                    	at android.os.HandlerThread.run(HandlerThread.java:85)
                                                                                                    Caused by: java.lang.RuntimeException: error: 11
                                                                                                    	at com.android.server.power.stats.BluetoothPowerStatsCollector$1.onBluetoothActivityEnergyInfoError(qb/102708081 9a8b16df9aeae134959f48248e34791bb9008466d4c2bd2ac7f5311f65dca557:12)
                                                                                                    	at android.bluetooth.BluetoothAdapter$OnBluetoothActivityEnergyInfoProxy.lambda$onBluetoothActivityEnergyInfoAvailable$0(BluetoothAdapter.java:1226)
                                                                                                    	at android.bluetooth.BluetoothAdapter$OnBluetoothActivityEnergyInfoProxy$$ExternalSyntheticLambda1.run(D8$$SyntheticClass:0)
                                                                                                    	at android.bluetooth.BluetoothUtils.lambda$executeFromBinder$0(BluetoothUtils.java:343)
                                                                                                    	at android.bluetooth.BluetoothUtils$$ExternalSyntheticLambda1.run(D8$$SyntheticClass:0)
                                                                                                    	at com.android.server.SystemServerInitThreadPool$$ExternalSyntheticLambda0.execute(qb/102708081 9a8b16df9aeae134959f48248e34791bb9008466d4c2bd2ac7f5311f65dca557:1)
                                                                                                    	at android.bluetooth.BluetoothUtils.executeFromBinder(BluetoothUtils.java:343)
                                                                                                    	at android.bluetooth.BluetoothAdapter$OnBluetoothActivityEnergyInfoProxy.onBluetoothActivityEnergyInfoAvailable(BluetoothAdapter.java:1224)
                                                                                                    	at android.bluetooth.IBluetoothActivityEnergyInfoListener$Stub.onTransact(IBluetoothActivityEnergyInfoListener.java:98)
                                                                                                    	at android.os.Binder.execTransactInternal(Binder.java:1462)
                                                                                                    	at android.os.Binder.execTransact(Binder.java:1401)
2026-01-02 15:22:41.560  1439-1516  BluetoothP...sCollector system_server                        E  Cannot acquire BluetoothActivityEnergyInfo
                                                                                                    java.util.concurrent.ExecutionException: java.lang.RuntimeException: error: 11
                                                                                                    	at java.util.concurrent.CompletableFuture.reportGet(CompletableFuture.java:372)
                                                                                                    	at java.util.concurrent.CompletableFuture.get(CompletableFuture.java:2072)
                                                                                                    	at com.android.server.power.stats.BluetoothPowerStatsCollector.collectStats(qb/102708081 9a8b16df9aeae134959f48248e34791bb9008466d4c2bd2ac7f5311f65dca557:202)
                                                                                                    	at com.android.server.power.stats.PowerStatsCollector$$ExternalSyntheticLambda0.run(qb/102708081 9a8b16df9aeae134959f48248e34791bb9008466d4c2bd2ac7f5311f65dca557:3)
                                                                                                    	at android.os.Handler.handleCallback(Handler.java:995)
                                                                                                    	at android.os.Handler.dispatchMessage(Handler.java:103)
                                                                                                    	at android.os.Looper.loopOnce(Looper.java:273)
                                                                                                    	at android.os.Looper.loop(Looper.java:363)
                                                                                                    	at android.os.HandlerThread.run(HandlerThread.java:85)
                                                                                                    Caused by: java.lang.RuntimeException: error: 11
                                                                                                    	at com.android.server.power.stats.BluetoothPowerStatsCollector$1.onBluetoothActivityEnergyInfoError(qb/102708081 9a8b16df9aeae134959f48248e34791bb9008466d4c2bd2ac7f5311f65dca557:12)
                                                                                                    	at android.bluetooth.BluetoothAdapter$OnBluetoothActivityEnergyInfoProxy.lambda$onBluetoothActivityEnergyInfoAvailable$0(BluetoothAdapter.java:1226)
                                                                                                    	at android.bluetooth.BluetoothAdapter$OnBluetoothActivityEnergyInfoProxy$$ExternalSyntheticLambda1.run(D8$$SyntheticClass:0)
                                                                                                    	at android.bluetooth.BluetoothUtils.lambda$executeFromBinder$0(BluetoothUtils.java:343)
