2026-03-30 20:42:02.747 26078-19492 AudioALSAC...derEchoRef and...re.audio@2.0-service-mediatek  D  open(), audio_format = 1, audio_channel_mask=c, num_channels=2, sample_rate=48000, buf_total_latency=120ms
2026-03-30 20:42:02.747 26078-19492 AudioALSAC...derEchoRef and...re.audio@2.0-service-mediatek  D  open(), format = 0, channels=2, rate=48000, period_size=240, period_count=24,latency=5,kReadBufferSize=960
2026-03-30 20:42:02.747 26078-19492 AudioALSADeviceParser   and...re.audio@2.0-service-mediatek  D  compare pcm success = 9, stringpair = DL1_AWB_Record
2026-03-30 20:42:02.748 26078-19492 MtkAudioSrc             and...re.audio@2.0-service-mediatek  D  open(), SR 48000, CH 2; out SR 16000, CH 1; format 0, mState = 2
2026-03-30 20:42:02.748 26078-19492 AudioSPELayer           and...re.audio@2.0-service-mediatek  D  SetDownLinkLatencyTime, 120
2026-03-30 20:42:02.749 26078-19493 AudioALSAC...DataClient and...re.audio@2.0-service-mediatek  D  IsLowLatencyCapture(), low_latency_on: 0, voip_on: 1
2026-03-30 20:42:02.749 26078-19493 AudioALSAC...iderNormal and...re.audio@2.0-service-mediatek  D  +readThread(), pid: 26078, tid: 19493, kReadBufferSize=0x1e00, open_index=46, UPLINK_SET_AMICDCC_BUFFER_TIME_MS = 80, counter=1 
2026-03-30 20:42:02.750 26078-19494 AudioALSAC...DataClient and...re.audio@2.0-service-mediatek  D  IsLowLatencyCapture(), low_latency_on: 0, voip_on: 1
2026-03-30 20:42:02.750 26078-19494 AudioALSAC...derEchoRef and...re.audio@2.0-service-mediatek  D  +readThread(), pid: 26078, tid: 19494, kReadBufferSize=3c0
2026-03-30 20:42:02.750 26078-19492 AudioALSAC...DataClient and...re.audio@2.0-service-mediatek  D  readthread all ready! pcm start
2026-03-30 20:42:02.751 26078-19492 AudioSPELayer           and...re.audio@2.0-service-mediatek  D  resync the latency delay time
2026-03-30 20:42:02.751 26078-19494 AudioALSAC...oviderBase and...re.audio@2.0-service-mediatek  D  pcm_start
2026-03-30 20:42:02.751 26078-19492 AudioALSAC...DataClient and...re.audio@2.0-service-mediatek  D  AddEchoRefDataProvider(), Source sample_rate=48000, num_channels=2, audio_format=1
2026-03-30 20:42:02.751 26078-19492 AudioALSAC...DataClient and...re.audio@2.0-service-mediatek  D  AddEchoRefDataProvider(), Target sample_rate=48000, num_channels=2, audio_format=1
2026-03-30 20:42:02.751 26078-19492 AudioALSAC...DataClient and...re.audio@2.0-service-mediatek  D  -AddEchoRefDataProvider()
2026-03-30 20:42:02.751 26078-19492 AudioALSAC...HandlerAEC and...re.audio@2.0-service-mediatek  D  -open()
2026-03-30 20:42:02.752 26078-19493 AudioALSAC...oviderBase and...re.audio@2.0-service-mediatek  D  pcm_start
2026-03-30 20:42:02.794 26078-19493 AudioSPELayer           and...re.audio@2.0-service-mediatek  D  PrepareProcessData+
2026-03-30 20:42:02.794 26078-19493 AudioSPELayer           and...re.audio@2.0-service-mediatek  D  mDLInBufferQ i=0, length=160, 0xad304cc0, Sec=477495, NSec=925490049
2026-03-30 20:42:02.794 26078-19493 AudioSPELayer           and...re.audio@2.0-service-mediatek  D  mDLInBufferQ i=1, length=160, 0xad304d60, Sec=477495, NSec=930482203
2026-03-30 20:42:02.794 26078-19493 AudioSPELayer           and...re.audio@2.0-service-mediatek  D  mDLInBufferQ i=2, length=160, 0xad304e00, Sec=477495, NSec=935455216
2026-03-30 20:42:02.794 26078-19493 AudioSPELayer           and...re.audio@2.0-service-mediatek  D  mDLInBufferQ i=3, length=160, 0xad304ea0, Sec=477495, NSec=940509281
2026-03-30 20:42:02.794 26078-19493 AudioSPELayer           and...re.audio@2.0-service-mediatek  D  mDLInBufferQ i=4, length=160, 0xad304f40, Sec=477495, NSec=945491164
2026-03-30 20:42:02.795 26078-19493 AudioSPELayer           and...re.audio@2.0-service-mediatek  D  mDLInBufferQ i=5, length=160, 0xad304fe0, Sec=477495, NSec=950456756
2026-03-30 20:42:02.795 26078-19493 AudioSPELayer           and...re.audio@2.0-service-mediatek  D  mDLInBufferQ i=6, length=160, 0xad305080, Sec=477495, NSec=955510473
2026-03-30 20:42:02.795 26078-19493 AudioSPELayer           and...re.audio@2.0-service-mediatek  D  PrepareProcessData, time_stamp_estimate, mULInBufferQ[0].sec=477495, mULInBufferQ[0].nsec=941007257
2026-03-30 20:42:02.795 26078-19493 AudioSPELayer           and...re.audio@2.0-service-mediatek  D  PrepareProcessData, time_stamp_estimate, mDLInBufferQ[0].sec=477495, mDLInBufferQ[0].nsec=925490049
2026-03-30 20:42:02.795 26078-19493 AudioSPELayer           and...re.audio@2.0-service-mediatek  D  TimeStampCompare, bRet=1
2026-03-30 20:42:02.795 26078-19493 AudioSPELayer           and...re.audio@2.0-service-mediatek  D  TimeStampCompare, bRet=1
2026-03-30 20:42:02.795 26078-19493 AudioSPELayer           and...re.audio@2.0-service-mediatek  D  PrepareProcessData, 1 drop DL Delay data droplength=160, mDLDelayBufferQ.size()=7, mDLDelayBufferQ[0]->BufLen4Delay=160!!!
2026-03-30 20:42:02.795 26078-19493 AudioSPELayer           and...re.audio@2.0-service-mediatek  D  TimeStampCompare, bRet=1
2026-03-30 20:42:02.795 26078-19493 AudioSPELayer           and...re.audio@2.0-service-mediatek  D  PrepareProcessData, 1 drop DL Delay data droplength=160, mDLDelayBufferQ.size()=6, mDLDelayBufferQ[0]->BufLen4Delay=160!!!
2026-03-30 20:42:02.795 26078-19493 AudioSPELayer           and...re.audio@2.0-service-mediatek  D  TimeStampCompare, bRet=1
2026-03-30 20:42:02.795 26078-19493 AudioSPELayer           and...re.audio@2.0-service-mediatek  D  PrepareProcessData, 1 drop DL Delay data droplength=160, mDLDelayBufferQ.size()=5, mDLDelayBufferQ[0]->BufLen4Delay=160!!!
2026-03-30 20:42:02.795 26078-19493 AudioSPELayer           and...re.audio@2.0-service-mediatek  D  TimeStampCompare, bRet=0
2026-03-30 20:42:02.795 26078-19493 AudioSPELayer           and...re.audio@2.0-service-mediatek  D  TimeStampCompare, bRet=1
2026-03-30 20:42:02.795 26078-19493 AudioSPELayer           and...re.audio@2.0-service-mediatek  D  PrepareProcessData, calculate drop downlink data time
2026-03-30 20:42:02.795 26078-19493 AudioSPELayer           and...re.audio@2.0-service-mediatek  D  PrepareProcessData, bULlate 1, deltaSec=0, deltaNSec=497976
2026-03-30 20:42:02.795 26078-19493 AudioSPELayer           and...re.audio@2.0-service-mediatek  D  PrepareProcessData, diffnsec 497976, diffSample=7, diffBufLength=14
2026-03-30 20:42:02.795 26078-19493 AudioSPELayer           and...re.audio@2.0-service-mediatek  D  PrepareProcessData, drop DL data diffBufLength=14, mDLInBufferQ.size()=4, mDLInBufferQ[0]->BufLen=160!!!
2026-03-30 20:42:02.795 26078-19493 AudioSPELayer           and...re.audio@2.0-service-mediatek  D  PrepareProcessData, mDLInBufferQ[0]->pRead=0xad304ea0 , mDLInBufferQ[0]->BufLen=160, sec 477495, nsec 940509281
2026-03-30 20:42:02.795 26078-19493 AudioSPELayer           and...re.audio@2.0-service-mediatek  D  PrepareProcessData, after mDLInBufferQ[0]->pRead=0xad304eae, mDLInBufferQ[0]->BufLen=146, updatensecdiff=437500, sec=477495, nsec=940946781
2026-03-30 20:42:02.795 26078-19493 AudioSPELayer           and...re.audio@2.0-service-mediatek  D  PrepareProcessData, drop DL Delay data droplength=14, mDLDelayBufferQ.size()=4, mDLDelayBufferQ[0]->BufLen4Delay=160!!!
2026-03-30 20:42:02.795 26078-19493 AudioSPELayer           and...re.audio@2.0-service-mediatek  D  PrepareProcessData, mDLDelayBufferQ[0]->pRead=0xad304ea0
2026-03-30 20:42:02.795 26078-19493 AudioSPELayer           and...re.audio@2.0-service-mediatek  D  PrepareProcessData, after mDLDelayBufferQ[0]->pRead=0xad304eae, mDLDelayBufferQ[0]->BufLen=146
2026-03-30 20:42:02.795 26078-19493 AudioSPELayer           and...re.audio@2.0-service-mediatek  D  PrepareProcessData, finish, mDLInBufferQ.size = 4, mDLInBufQLenTotal=626, mULInBufferQ.size = 1, mULInBufQLenTotal=1280
2026-03-30 20:42:02.795 26078-19493 AudioSPELayer           and...re.audio@2.0-service-mediatek  D  PrepareProcessData, finish, mDLInBufferQ[0]->pRead=0xad304eae , mDLInBufferQ[0]->BufLen=146, sec = 477495, nsec = 940946781
2026-03-30 20:42:02.796 26078-19493 AudioSPELayer           and...re.audio@2.0-service-mediatek  D  PrepareProcessData, finish, mULInBufferQ[0]->pRead=0xae705300 , mULInBufferQ[0]->BufLen=1280, sec = 477495, nsec = 941007257
2026-03-30 20:42:02.796 26078-19493 AudioSPELayer           and...re.audio@2.0-service-mediatek  D  PrepareProcessData, adjust downlink data mLatencyDir=0,mLatencySampleCount=64
2026-03-30 20:42:02.796 26078-19493 AudioSPELayer           and...re.audio@2.0-service-mediatek  D  adjust downlink data drop DL data diffBufLength=0, mDLInBufferQ.size()=4, mDLInBufferQ[0]->BufLen=146!!!
2026-03-30 20:42:02.796 26078-19493 AudioSPELayer           and...re.audio@2.0-service-mediatek  D  adjust downlink data mDLInBufferQ[0]->pRead=0xad304eae , mDLInBufferQ[0]->BufLen=146, sec 477495, nsec 940946781
2026-03-30 20:42:02.796 26078-19493 AudioSPELayer           and...re.audio@2.0-service-mediatek  D  adjust downlink data after mDLInBufferQ[0]->pRead=0xad304f2e, mDLInBufferQ[0]->BufLen=18, updatensecdiff=4000000, sec=477495, nsec=944946781
2026-03-30 20:42:02.796 26078-19493 AudioSPELayer           and...re.audio@2.0-service-mediatek  D  adjust downlink data drop DL Delay data droplength=128, mDLDelayBufferQ.size()=4, mDLDelayBufferQ[0]->BufLen4Delay=146!!!
2026-03-30 20:42:02.796 26078-19493 AudioSPELayer           and...re.audio@2.0-service-mediatek  D  adjust downlink data mDLDelayBufferQ[0]->pRead=0xad304eae
2026-03-30 20:42:02.796 26078-19493 AudioSPELayer           and...re.audio@2.0-service-mediatek  D  adjust downlink data after mDLDelayBufferQ[0]->pRead=0xad304f2e, mDLDelayBufferQ[0]->BufLen=18
2026-03-30 20:42:02.811 25998-25998 gle.vp8.encoder         media.codec                          W  type=1400 audit(0.0:268170): avc: denied { getattr } for path="/dev/sw_sync" dev="tmpfs" ino=236 scontext=u:r:mediacodec:s0 tcontext=u:object_r:sw_sync_device:s0 tclass=chr_file permissive=0
2026-03-30 20:42:02.867 17343-19171 [RadioEngine]           com.reedersystems.commandcomms       D  TX started — audio capture active (buffer=7680, bitrate=16000)
2026-03-30 20:42:02.883 26078-13805 AudioALSAStreamIn       and...re.audio@2.0-service-mediatek  D  addAudioEffect(), 0xad28fed0
2026-03-30 20:42:02.883 26078-13805 AudioALSAStreamIn       and...re.audio@2.0-service-mediatek  D  addAudioEffect(), effect name:Automatic Gain Control, BackupCount=2
2026-03-30 20:42:02.883 26078-13805 AudioALSAStreamIn       and...re.audio@2.0-service-mediatek  D  addAudioEffect()-
2026-03-30 20:42:02.884 26078-19492 AudioALSAC...DataClient and...re.audio@2.0-service-mediatek  D  +CheckNativeEffect() 3
2026-03-30 20:42:02.884 26078-19492 AudioPreProcess         and...re.audio@2.0-service-mediatek  D  CheckNativeEffect()+ 2 using
2026-03-30 20:42:02.884 26078-19492 AudioPreProcess         and...re.audio@2.0-service-mediatek  D  PreProcessEffect_Count 3
2026-03-30 20:42:02.884 26078-19492 AudioPreProcess         and...re.audio@2.0-service-mediatek  D  CheckNativeEffect(), find effect need add
2026-03-30 20:42:02.884 26078-19492 AudioPreProcess         and...re.audio@2.0-service-mediatek  D  addAudioEffect()+ 0xad28fed0
2026-03-30 20:42:02.884 26078-19492 AudioPreProcess         and...re.audio@2.0-service-mediatek  D  addAudioEffect(), effect type: 0a8abfe0, effect name:Automatic Gain Control
2026-03-30 20:42:02.884 26078-19492 AudioPreProcess         and...re.audio@2.0-service-mediatek  D  addAudioEffect(), StreamInAttributeinfo num_channels=1, audio_channel_mask=10, sample_rate=48000
2026-03-30 20:42:02.884 26078-19492 AudioPreProcess         and...re.audio@2.0-service-mediatek  D  addAudioEffect()-, RetStatus=0
2026-03-30 20:42:02.884 26078-19492 AudioPreProcess         and...re.audio@2.0-service-mediatek  D  CheckNativeEffect()-
2026-03-30 20:42:02.884 26078-19492 AudioALSAC...DataClient and...re.audio@2.0-service-mediatek  D  -CheckNativeEffect()
2026-03-30 20:42:02.915 25998-25998 gle.vp8.encoder         media.codec                          W  type=1400 audit(0.0:268171): avc: denied { getattr } for path="/dev/sw_sync" dev="tmpfs" ino=236 scontext=u:r:mediacodec:s0 tcontext=u:object_r:sw_sync_device:s0 tclass=chr_file permissive=0
2026-03-30 20:42:02.951 25998-25998 gle.vp8.encoder         media.codec                          W  type=1400 audit(0.0:268172): avc: denied { getattr } for path="/dev/sw_sync" dev="tmpfs" ino=236 scontext=u:r:mediacodec:s0 tcontext=u:object_r:sw_sync_device:s0 tclass=chr_file permissive=0
2026-03-30 20:42:03.011 25998-25998 gle.vp8.encoder         media.codec                          W  type=1400 audit(0.0:268173): avc: denied { getattr } for path="/dev/sw_sync" dev="tmpfs" ino=236 scontext=u:r:mediacodec:s0 tcontext=u:object_r:sw_sync_device:s0 tclass=chr_file permissive=0
2026-03-30 20:42:03.075 25998-25998 gle.vp8.encoder         media.codec                          W  type=1400 audit(0.0:268174): avc: denied { getattr } for path="/dev/sw_sync" dev="tmpfs" ino=236 scontext=u:r:mediacodec:s0 tcontext=u:object_r:sw_sync_device:s0 tclass=chr_file permissive=0
2026-03-30 20:42:03.091 25998-25998 gle.vp8.encoder         media.codec                          W  type=1400 audit(0.0:268175): avc: denied { getattr } for path="/dev/sw_sync" dev="tmpfs" ino=236 scontext=u:r:mediacodec:s0 tcontext=u:object_r:sw_sync_device:s0 tclass=chr_file permissive=0
2026-03-30 20:42:03.125 25998-25998 gle.vp8.encoder         media.codec                          W  type=1400 audit(0.0:268176): avc: denied { getattr } for path="/dev/sw_sync" dev="tmpfs" ino=236 scontext=u:r:mediacodec:s0 tcontext=u:object_r:sw_sync_device:s0 tclass=chr_file permissive=0
2026-03-30 20:42:03.158 25998-25998 gle.vp8.encoder         media.codec                          W  type=1400 audit(0.0:268177): avc: denied { getattr } for path="/dev/sw_sync" dev="tmpfs" ino=236 scontext=u:r:mediacodec:s0 tcontext=u:object_r:sw_sync_device:s0 tclass=chr_file permissive=0
2026-03-30 20:42:03.241 25998-25998 gle.vp8.encoder         media.codec                          W  type=1400 audit(0.0:268178): avc: denied { getattr } for path="/dev/sw_sync" dev="tmpfs" ino=236 scontext=u:r:mediacodec:s0 tcontext=u:object_r:sw_sync_device:s0 tclass=chr_file permissive=0
2026-03-30 20:42:03.341 25998-25998 gle.vp8.encoder         media.codec                          W  type=1400 audit(0.0:268179): avc: denied { getattr } for path="/dev/sw_sync" dev="tmpfs" ino=236 scontext=u:r:mediacodec:s0 tcontext=u:object_r:sw_sync_device:s0 tclass=chr_file permissive=0
2026-03-30 20:42:03.445 25998-25998 gle.vp8.encoder         media.codec                          W  type=1400 audit(0.0:268180): avc: denied { getattr } for path="/dev/sw_sync" dev="tmpfs" ino=236 scontext=u:r:mediacodec:s0 tcontext=u:object_r:sw_sync_device:s0 tclass=chr_file permissive=0
2026-03-30 20:42:03.545 25998-25998 gle.vp8.encoder         media.codec                          W  type=1400 audit(0.0:268181): avc: denied { getattr } for path="/dev/sw_sync" dev="tmpfs" ino=236 scontext=u:r:mediacodec:s0 tcontext=u:object_r:sw_sync_device:s0 tclass=chr_file permissive=0
2026-03-30 20:42:03.645 25998-25998 gle.vp8.encoder         media.codec                          W  type=1400 audit(0.0:268182): avc: denied { getattr } for path="/dev/sw_sync" dev="tmpfs" ino=236 scontext=u:r:mediacodec:s0 tcontext=u:object_r:sw_sync_device:s0 tclass=chr_file permissive=0
2026-03-30 20:42:03.745 25998-25998 gle.vp8.encoder         media.codec                          W  type=1400 audit(0.0:268183): avc: denied { getattr } for path="/dev/sw_sync" dev="tmpfs" ino=236 scontext=u:r:mediacodec:s0 tcontext=u:object_r:sw_sync_device:s0 tclass=chr_file permissive=0
2026-03-30 20:42:03.792 17343-17343 [PTT-DIAG]              com.reedersystems.commandcomms       D  MainActivity PTT UP — forwarding to BackgroundAudioService (signaling=true)
2026-03-30 20:42:03.843 26078-24661 AudioALSAStreamIn       and...re.audio@2.0-service-mediatek  D  removeAudioEffect(), 0xad28fed0
2026-03-30 20:42:03.843 26078-24661 AudioALSAStreamIn       and...re.audio@2.0-service-mediatek  D  removeAudioEffect(), effect name:Automatic Gain Control, BackupCount=3
2026-03-30 20:42:03.843 26078-24661 AudioALSAStreamIn       and...re.audio@2.0-service-mediatek  D  removeAudioEffect() found fx at index 2, 0xad28fed0
2026-03-30 20:42:03.843 26078-24661 AudioALSAStreamIn       and...re.audio@2.0-service-mediatek  D  removeAudioEffect()-
2026-03-30 20:42:03.845 26078-24661 AudioALSAStreamIn       and...re.audio@2.0-service-mediatek  D  removeAudioEffect(), 0xad28fed0
2026-03-30 20:42:03.845 26078-24661 AudioALSAStreamIn       and...re.audio@2.0-service-mediatek  D  removeAudioEffect(), effect name:Automatic Gain Control, BackupCount=2
2026-03-30 20:42:03.845 26078-24661 AudioALSAStreamIn       and...re.audio@2.0-service-mediatek  D  removeAudioEffect() no effect found in backup queue
2026-03-30 20:42:03.845 25998-25998 gle.vp8.encoder         media.codec                          W  type=1400 audit(0.0:268184): avc: denied { getattr } for path="/dev/sw_sync" dev="tmpfs" ino=236 scontext=u:r:mediacodec:s0 tcontext=u:object_r:sw_sync_device:s0 tclass=chr_file permissive=0
2026-03-30 20:42:03.848 26078-19492 AudioALSAC...DataClient and...re.audio@2.0-service-mediatek  D  +CheckNativeEffect() 2
2026-03-30 20:42:03.848 26078-19492 AudioPreProcess         and...re.audio@2.0-service-mediatek  D  CheckNativeEffect()+ 3 using
2026-03-30 20:42:03.849 26078-19492 AudioPreProcess         and...re.audio@2.0-service-mediatek  D  PreProcessEffect_Count 2
2026-03-30 20:42:03.849 26078-19492 AudioPreProcess         and...re.audio@2.0-service-mediatek  D  CheckNativeEffect(), find effect need remove
2026-03-30 20:42:03.849 26078-19492 AudioPreProcess         and...re.audio@2.0-service-mediatek  D  removeAudioEffect()+ 0xad28fed0
2026-03-30 20:42:03.849 26078-19492 AudioPreProcess         and...re.audio@2.0-service-mediatek  D  removeAudioEffect() found fx at index 2
2026-03-30 20:42:03.849 26078-19492 AudioPreProcess         and...re.audio@2.0-service-mediatek  D  removeAudioEffect()-, RetStatus=0
2026-03-30 20:42:03.849 26078-19492 AudioPreProcess         and...re.audio@2.0-service-mediatek  D  CheckNativeEffect()-
2026-03-30 20:42:03.849 26078-19492 AudioALSAC...DataClient and...re.audio@2.0-service-mediatek  D  -CheckNativeEffect()
2026-03-30 20:42:03.849 17343-17426 AudioRecord             com.reedersystems.commandcomms       D  stop: 0x8be7fc00
2026-03-30 20:42:03.865 26078-13805 AudioALSAStreamIn       and...re.audio@2.0-service-mediatek  D  +standby()
2026-03-30 20:42:03.865 26078-13805 AudioALSAStreamIn       and...re.audio@2.0-service-mediatek  D  standby(), keep the mStandbyFrameCount = 52800, ret = 0
2026-03-30 20:42:03.865 26078-13805 AudioALSAStreamIn       and...re.audio@2.0-service-mediatek  D  close()
2026-03-30 20:42:03.865 26078-13805 AudioALSAC...HandlerAEC and...re.audio@2.0-service-mediatek  D  +close()
2026-03-30 20:42:03.865 26078-13805 AudioALSAC...DataClient and...re.audio@2.0-service-mediatek  D  ~AudioALSACaptureDataClient()
2026-03-30 20:42:03.865 26078-13805 AudioALSAC...DataClient and...re.audio@2.0-service-mediatek  D  ~AudioALSACaptureDataClient(), remove EchoRef data provider,mCaptureDataProviderEchoRef=0xad31e900
2026-03-30 20:42:03.865 26078-13805 AudioALSAC...oviderBase and...re.audio@2.0-service-mediatek  D  detach(), 0xad31e900, mCaptureDataClientVector.size()=1, Identity=0xae77d980
2026-03-30 20:42:03.865 26078-13805 AudioALSAC...derEchoRef and...re.audio@2.0-service-mediatek  D  close()
2026-03-30 20:42:03.866 26078-19494 AudioALSAC...derEchoRef and...re.audio@2.0-service-mediatek  D  -readThread(), pid: 26078, tid: 19494
2026-03-30 20:42:03.867 26078-13805 AudioALSAC...derEchoRef and...re.audio@2.0-service-mediatek  D  pthread_join hReadThread done
2026-03-30 20:42:03.870 26078-13805 MtkAudioSrc             and...re.audio@2.0-service-mediatek  D  close(), mState = 1
2026-03-30 20:42:03.870 26078-13805 AudioALSAC...oviderBase and...re.audio@2.0-service-mediatek  D  detach(), 0xad31df00, mCaptureDataClientVector.size()=1, Identity=0xae77d980
2026-03-30 20:42:03.870 26078-13805 AudioALSAH...rceManager and...re.audio@2.0-service-mediatek  D  +stopInputDevice(), mInputDevice = 0x80000004, stop_device = 0x80000004, mStartInputDeviceCount = 1, mMicInverse = 0, mNumPhoneMicSupport = 2
2026-03-30 20:42:03.870 26078-13805 AudioUtility            and...re.audio@2.0-service-mediatek  D  IsAudioSupportFeature AUDIO_SUPPORT_DMIC bSupportFlg[0]
2026-03-30 20:42:03.870 26078-13805 AudioALSAD...figManager and...re.audio@2.0-service-mediatek  D  ApplyDeviceSettingByName() DeviceName = Mic1TypeACCMode descriptor->DeviceStatusCounter = 0
2026-03-30 20:42:03.870 26078-13805 AudioALSAD...figManager and...re.audio@2.0-service-mediatek  D  ApplyDeviceSettingByName() DeviceName = Mic2TypeACCMode descriptor->DeviceStatusCounter = 0
2026-03-30 20:42:03.870 26078-13805 AudioALSAD...figManager and...re.audio@2.0-service-mediatek  D  ApplyDeviceTurnoffSequenceByName(), DeviceName = builtin_Mic_DualMic descriptor->DeviceStatusCounter = 1
2026-03-30 20:42:03.870 26078-13805 AudioALSAC...iderNormal and...re.audio@2.0-service-mediatek  D  close()
2026-03-30 20:42:03.881 25998-25998 gle.vp8.encoder         media.codec                          W  type=1400 audit(0.0:268185): avc: denied { getattr } for path="/dev/sw_sync" dev="tmpfs" ino=236 scontext=u:r:mediacodec:s0 tcontext=u:object_r:sw_sync_device:s0 tclass=chr_file permissive=0
2026-03-30 20:42:03.889 26078-19493 AudioALSAC...iderNormal and...re.audio@2.0-service-mediatek  D  -readThread(), pid: 26078, tid: 19493
2026-03-30 20:42:03.889 26078-13805 AudioALSAC...iderNormal and...re.audio@2.0-service-mediatek  D  pthread_join hReadThread done
2026-03-30 20:42:03.890 26078-13805 AudioALSAC...iderNormal and...re.audio@2.0-service-mediatek  D  -close()
2026-03-30 20:42:03.890 26078-13805 AudioALSAC...DataClient and...re.audio@2.0-service-mediatek  D  +StopBesRecord()
2026-03-30 20:42:03.890 26078-13805 AudioSPELayer           and...re.audio@2.0-service-mediatek  D  Stop
2026-03-30 20:42:03.890 26078-13805 AudioSPELayer           and...re.audio@2.0-service-mediatek  D  Clear
2026-03-30 20:42:03.890 26078-13805 AudioSPELayer           and...re.audio@2.0-service-mediatek  D  free mSphCtrlBuffer 0xac4c5fc0
2026-03-30 20:42:03.890 26078-13805 AudioSPELayer           and...re.audio@2.0-service-mediatek  D  ~free mSphCtrlBuffer
2026-03-30 20:42:03.891 26078-13805 AudioSPELayer           and...re.audio@2.0-service-mediatek  D  ~Clear
2026-03-30 20:42:03.891 26078-13805 AudioALSAC...DataClient and...re.audio@2.0-service-mediatek  D  -StopBesRecord()
2026-03-30 20:42:03.891 26078-13805 MtkAudioSrc             and...re.audio@2.0-service-mediatek  D  close(), mState = 1
2026-03-30 20:42:03.891 26078-13805 MtkAudioSrc             and...re.audio@2.0-service-mediatek  D  close(), mState = 1
2026-03-30 20:42:03.891 26078-13805 AudioSPELayer           and...re.audio@2.0-service-mediatek  D  ~SPELayer+
2026-03-30 20:42:03.891 26078-13805 AudioSPELayer           and...re.audio@2.0-service-mediatek  D  Clear
2026-03-30 20:42:03.891 26078-13805 AudioSPELayer           and...re.audio@2.0-service-mediatek  D  ~Clear
2026-03-30 20:42:03.891 26078-13805 AudioSPELayer           and...re.audio@2.0-service-mediatek  D  FlushBufferQ+
2026-03-30 20:42:03.891 26078-13805 AudioSPELayer           and...re.audio@2.0-service-mediatek  D  FlushBufferQ mULOutBufferQ size=1,mULInBufferQ.size=1,mDLOutBufferQ.size()=0,mDLInBufferQ.size()=2,mDLDelayBufferQ.size()=2
2026-03-30 20:42:03.891 26078-13805 AudioSPELayer           and...re.audio@2.0-service-mediatek  D  mDLInBufferQ::pBufBase=0xad304f40
2026-03-30 20:42:03.891 26078-13805 AudioSPELayer           and...re.audio@2.0-service-mediatek  D  mDLInBufferQ::done, free at DLDelay buffer
2026-03-30 20:42:03.891 26078-13805 AudioSPELayer           and...re.audio@2.0-service-mediatek  D  mDLInBufferQ::pBufBase=0xad304cc0
2026-03-30 20:42:03.891 26078-13805 AudioSPELayer           and...re.audio@2.0-service-mediatek  D  mDLInBufferQ::done, free at DLDelay buffer
2026-03-30 20:42:03.891 26078-13805 AudioSPELayer           and...re.audio@2.0-service-mediatek  D  mDLDelayBufferQ::pBufBase=0xad304f40
2026-03-30 20:42:03.891 26078-13805 AudioSPELayer           and...re.audio@2.0-service-mediatek  D  mDLDelayBufferQ::free
2026-03-30 20:42:03.891 26078-13805 AudioSPELayer           and...re.audio@2.0-service-mediatek  D  mDLDelayBufferQ::delete
2026-03-30 20:42:03.891 26078-13805 AudioSPELayer           and...re.audio@2.0-service-mediatek  D  mDLDelayBufferQ::done
2026-03-30 20:42:03.891 26078-13805 AudioSPELayer           and...re.audio@2.0-service-mediatek  D  mDLDelayBufferQ::pBufBase=0xad304cc0
2026-03-30 20:42:03.891 26078-13805 AudioSPELayer           and...re.audio@2.0-service-mediatek  D  mDLDelayBufferQ::free
2026-03-30 20:42:03.891 26078-13805 AudioSPELayer           and...re.audio@2.0-service-mediatek  D  mDLDelayBufferQ::delete
2026-03-30 20:42:03.891 26078-13805 AudioSPELayer           and...re.audio@2.0-service-mediatek  D  mDLDelayBufferQ::done
2026-03-30 20:42:03.891 26078-13805 AudioSPELayer           and...re.audio@2.0-service-mediatek  D  FlushBufferQ-
2026-03-30 20:42:03.892 26078-13805 AudioSPELayer           and...re.audio@2.0-service-mediatek  D  ~SPELayer-
2026-03-30 20:42:03.892 26078-13805 AudioPreProcess         and...re.audio@2.0-service-mediatek  D  ~AudioPreProcess()+
2026-03-30 20:42:03.893 26078-13805 AudioPreProcess         and...re.audio@2.0-service-mediatek  D  stop_echo_reference()+
2026-03-30 20:42:03.893 26078-13805 AudioPreProcess         and...re.audio@2.0-service-mediatek  D  clear_echo_reference()+ 0xad1a2d80
2026-03-30 20:42:03.893 26078-13805 AudioPreProcess         and...re.audio@2.0-service-mediatek  D  remove_echo_reference()+ 0xad1a2d80
2026-03-30 20:42:03.893 26078-13805 AudioPreProcess         and...re.audio@2.0-service-mediatek  D  remove_echo_reference()-
2026-03-30 20:42:03.893 26078-13805 AudioPreProcess         and...re.audio@2.0-service-mediatek  D  clear_echo_reference()-
2026-03-30 20:42:03.893 26078-13805 AudioPreProcess         and...re.audio@2.0-service-mediatek  D  stop_echo_reference()-
2026-03-30 20:42:03.893 26078-13805 AudioPreProcess         and...re.audio@2.0-service-mediatek  D  ~AudioPreProcess()-
2026-03-30 20:42:03.893 26078-13805 AudioALSAC...DataClient and...re.audio@2.0-service-mediatek  D  -~AudioALSACaptureDataClient()
2026-03-30 20:42:03.893 26078-13805 AudioALSAC...HandlerAEC and...re.audio@2.0-service-mediatek  D  -close()
2026-03-30 20:42:03.893 26078-13805 AudioALSAC...HandlerAEC and...re.audio@2.0-service-mediatek  D  ~AudioALSACaptureHandlerAEC()
2026-03-30 20:42:03.893 26078-13805 AudioALSAC...andlerBase and...re.audio@2.0-service-mediatek  D  ~AudioALSACaptureHandlerBase()
2026-03-30 20:42:03.893 26078-13805 AudioALSAStreamManager  and...re.audio@2.0-service-mediatek  D  -destroyCaptureHandler(), mCaptureHandlerVector.size() = 0
2026-03-30 20:42:03.893 26078-13805 AudioALSAStreamIn       and...re.audio@2.0-service-mediatek  D  -standby()
2026-03-30 20:42:03.893 26072-20354 APM_AudioPolicyManager  audioserver                          D  stopInput() input 390
2026-03-30 20:42:03.895 26078-26078 AudioALSAHardware       and...re.audio@2.0-service-mediatek  D  -releaseAudioPatch handle [0x30]
2026-03-30 20:42:03.895 26078-26078 AudioALSAHardware       and...re.audio@2.0-service-mediatek  D  +routing releaseAudioPatch 80000004->Mixer
2026-03-30 20:42:03.896 26078-26078 AudioALSAStreamManager  and...re.audio@2.0-service-mediatek  D  +setParameters(), IOport = 390, keyValuePairs = routing=0
2026-03-30 20:42:03.896 26078-26078 AudioALSAStreamIn       and...re.audio@2.0-service-mediatek  D  +setParameters(): routing=0
2026-03-30 20:42:03.896 26078-26078 AudioALSAStreamManager  and...re.audio@2.0-service-mediatek  D  +routingInputDevice(), input_device: 0x80000004 => 0x0
2026-03-30 20:42:03.896 26078-26078 AudioALSAStreamManager  and...re.audio@2.0-service-mediatek  W  -routingInputDevice(), input_device == AUDIO_DEVICE_NONE(0x0), return
2026-03-30 20:42:03.896 26078-26078 AudioALSAStreamIn       and...re.audio@2.0-service-mediatek  D  -setParameters(): routing=0 
2026-03-30 20:42:03.896 26078-26078 AudioALSAHardware       and...re.audio@2.0-service-mediatek  D  handlecheck releaseAudioPatch remove handle [30] OK
2026-03-30 20:42:03.896 26078-26078 AudioALSAHardware       and...re.audio@2.0-service-mediatek  D  -releaseAudioPatch handle [0x30] status [0]
2026-03-30 20:42:03.897 17343-17426 AudioRecord             com.reedersystems.commandcomms       D  stop done
2026-03-30 20:42:03.897 17343-17426 AudioRecord             com.reedersystems.commandcomms       D  stop: 0x8be7fc00
2026-03-30 20:42:03.897 17343-17426 AudioRecord             com.reedersystems.commandcomms       D  stop: 0x8be7fc00
2026-03-30 20:42:03.898 26078-26078 AudioALSAStreamIn       and...re.audio@2.0-service-mediatek  D  removeAudioEffect(), 0xae718d60
2026-03-30 20:42:03.898 26078-26078 AudioALSAStreamIn       and...re.audio@2.0-service-mediatek  D  removeAudioEffect(), effect name:Acoustic Echo Canceler, BackupCount=2
2026-03-30 20:42:03.898 26078-26078 AudioALSAStreamIn       and...re.audio@2.0-service-mediatek  D  removeAudioEffect() found fx at index 0, 0xae718d60
2026-03-30 20:42:03.898 26078-26078 AudioALSAStreamIn       and...re.audio@2.0-service-mediatek  D  removeAudioEffect() moving fx from 1 to 0
2026-03-30 20:42:03.898 26078-26078 AudioALSAStreamIn       and...re.audio@2.0-service-mediatek  D  removeAudioEffect()-
2026-03-30 20:42:03.900 26078-26078 AudioALSAStreamIn       and...re.audio@2.0-service-mediatek  D  removeAudioEffect(), 0xad28fdc0
2026-03-30 20:42:03.900 26078-26078 AudioALSAStreamIn       and...re.audio@2.0-service-mediatek  D  removeAudioEffect(), effect name:Noise Suppression, BackupCount=1
2026-03-30 20:42:03.900 26078-26078 AudioALSAStreamIn       and...re.audio@2.0-service-mediatek  D  removeAudioEffect() found fx at index 0, 0xad28fdc0
2026-03-30 20:42:03.900 26078-26078 AudioALSAStreamIn       and...re.audio@2.0-service-mediatek  D  removeAudioEffect()-
2026-03-30 20:42:03.901 26078-26078 AudioALSAStreamIn       and...re.audio@2.0-service-mediatek  D  removeAudioEffect(), 0xad28fdc0
2026-03-30 20:42:03.901 26078-26078 AudioALSAStreamIn       and...re.audio@2.0-service-mediatek  D  removeAudioEffect(), mPreProcessEffectBackupCount wrong
2026-03-30 20:42:03.901 25998-25998 gle.vp8.encoder         media.codec                          W  type=1400 audit(0.0:268186): avc: denied { getattr } for path="/dev/sw_sync" dev="tmpfs" ino=236 scontext=u:r:mediacodec:s0 tcontext=u:object_r:sw_sync_device:s0 tclass=chr_file permissive=0
2026-03-30 20:42:03.921 26078-29085 AudioALSAP...andlerBase and...re.audio@2.0-service-mediatek  E  -getHardwareBufferInfo(), pcm_get_htimestamp fail, ret = -1, pcm_get_error = 
2026-03-30 20:42:03.922 26078-26078 AudioALSAStreamManager  and...re.audio@2.0-service-mediatek  D  +closeInputStream(), in = 0xae76aa00, size() = 1
2026-03-30 20:42:03.922 26078-26078 AudioALSAStreamIn       and...re.audio@2.0-service-mediatek  D  ~AudioALSAStreamIn()
2026-03-30 20:42:03.922 26078-26078 AudioALSAStreamManager  and...re.audio@2.0-service-mediatek  D  -closeInputStream(), mStreamInVector.size() = 0
2026-03-30 20:42:03.949 17343-19177 AudioTrack              com.reedersystems.commandcomms       D  set(): 0x8c548300, streamType -1, sampleRate 44100, format 0x1, channelMask 0x1, frameCount 6615, flags #0, notificationFrames 0, sessionId 0, transferType 4, uid -1, pid -1
2026-03-30 20:42:03.950 17343-19177 AudioTrack              com.reedersystems.commandcomms       D  Building AudioTrack with attributes: usage = 3, content = 4, flags = 0x0, tags = []
2026-03-30 20:42:03.951 17343-19177 AudioTrack              com.reedersystems.commandcomms       D  set: Create AudioTrackThread, tid = 19505
2026-03-30 20:42:03.953 26072-24566 AudioFlinger            audioserver                          D  track(0xab4e9800): mIsOut 1, mFrameCount 6615, mSampleRate 44100, mFormat 1, mChannelCount 1, mTrackCount 251, thread 0xaac83140, sessionId 2425
2026-03-30 20:42:03.953 26072-24566 AudioFlinger            audioserver                          D  track(0xab4e9800): mFastIndex -1, mStreamType 8, mName 4099
2026-03-30 20:42:03.958 17343-19177 AudioTrack              com.reedersystems.commandcomms       D  createTrack_l: 0x8c548300, mCblk = 0x846040e0, mLatency = 202, mAfLatency = 52, frameCount = 6615, mSampleRate = 44100, mFlags = 0, mReqFrameCount = 6615, mNotificationFramesAct = 0
2026-03-30 20:42:03.958 25998-25998 gle.vp8.encoder         media.codec                          W  type=1400 audit(0.0:268187): avc: denied { getattr } for path="/dev/sw_sync" dev="tmpfs" ino=236 scontext=u:r:mediacodec:s0 tcontext=u:object_r:sw_sync_device:s0 tclass=chr_file permissive=0
2026-03-30 20:42:03.979 17343-19177 AudioTrack              com.reedersystems.commandcomms       D  start(): 0x8c548300, mState = 1
2026-03-30 20:42:03.979 26072-24566 APM_AudioPolicyManager  audioserver                          D  startOutput() output 13, stream 8, session 2425
2026-03-30 20:42:03.980 26072-24566 APM::Audio...Descriptor audioserver                          V  changeRefCount() stream 8, count 1
2026-03-30 20:42:03.995 25998-25998 gle.vp8.encoder         media.codec                          W  type=1400 audit(0.0:268188): avc: denied { getattr } for path="/dev/sw_sync" dev="tmpfs" ino=236 scontext=u:r:mediacodec:s0 tcontext=u:object_r:sw_sync_device:s0 tclass=chr_file permissive=0
2026-03-30 20:42:04.095 25998-25998 gle.vp8.encoder         media.codec                          W  type=1400 audit(0.0:268189): avc: denied { getattr } for path="/dev/sw_sync" dev="tmpfs" ino=236 scontext=u:r:mediacodec:s0 tcontext=u:object_r:sw_sync_device:s0 tclass=chr_file permissive=0
2026-03-30 20:42:04.141 25998-25998 gle.vp8.encoder         media.codec                          W  type=1400 audit(0.0:268190): avc: denied { getattr } for path="/dev/sw_sync" dev="tmpfs" ino=236 scontext=u:r:mediacodec:s0 tcontext=u:object_r:sw_sync_device:s0 tclass=chr_file permissive=0
2026-03-30 20:42:04.153 17343-17424 AudioTrack              com.reedersystems.commandcomms       D  stop(): 0x8c548300, mState = 0
2026-03-30 20:42:04.155 17343-17424 AudioTrack              com.reedersystems.commandcomms       D  audiotrack 0x8c548300 stop done
2026-03-30 20:42:04.156 17343-17424 AudioTrack              com.reedersystems.commandcomms       D  stop(): 0x8c548300, mState = 1
2026-03-30 20:42:04.157 17343-17424 AudioTrack              com.reedersystems.commandcomms       D  ~AudioTrack(): 0x8c548300
2026-03-30 20:42:04.157 17343-17424 AudioTrack              com.reedersystems.commandcomms       D  stop(): 0x8c548300, mState = 1
2026-03-30 20:42:04.235 26072-26112 APM_AudioPolicyManager  audioserver                          D  stopOutput() output 13, stream 8, session 2425
2026-03-30 20:42:04.235 26072-26112 APM::Audio...Descriptor audioserver                          V  changeRefCount() stream 8, count 0
2026-03-30 20:42:04.241 25998-25998 gle.vp8.encoder         media.codec                          W  type=1400 audit(0.0:268191): avc: denied { getattr } for path="/dev/sw_sync" dev="tmpfs" ino=236 scontext=u:r:mediacodec:s0 tcontext=u:object_r:sw_sync_device:s0 tclass=chr_file permissive=0
2026-03-30 20:42:04.341 25998-25998 gle.vp8.encoder         media.codec                          W  type=1400 audit(0.0:268192): avc: denied { getattr } for path="/dev/sw_sync" dev="tmpfs" ino=236 scontext=u:r:mediacodec:s0 tcontext=u:object_r:sw_sync_device:s0 tclass=chr_file permissive=0
2026-03-30 20:42:04.445 25998-25998 gle.vp8.encoder         media.codec                          W  type=1400 audit(0.0:268193): avc: denied { getattr } for path="/dev/sw_sync" dev="tmpfs" ino=236 scontext=u:r:mediacodec:s0 tcontext=u:object_r:sw_sync_device:s0 tclass=chr_file permissive=0
2026-03-30 20:42:04.545 25998-25998 gle.vp8.encoder         media.codec                          W  type=1400 audit(0.0:268194): avc: denied { getattr } for path="/dev/sw_sync" dev="tmpfs" ino=236 scontext=u:r:mediacodec:s0 tcontext=u:object_r:sw_sync_device:s0 tclass=chr_file permissive=0
2026-03-30 20:42:04.645 25998-25998 gle.vp8.encoder         media.codec                          W  type=1400 audit(0.0:268195): avc: denied { getattr } for path="/dev/sw_sync" dev="tmpfs" ino=236 scontext=u:r:mediacodec:s0 tcontext=u:object_r:sw_sync_device:s0 tclass=chr_file permissive=0
2026-03-30 20:42:04.745 25998-25998 gle.vp8.encoder         media.codec                          W  type=1400 audit(0.0:268196): avc: denied { getattr } for path="/dev/sw_sync" dev="tmpfs" ino=236 scontext=u:r:mediacodec:s0 tcontext=u:object_r:sw_sync_device:s0 tclass=chr_file permissive=0
2026-03-30 20:42:04.845 25998-25998 gle.vp8.encoder         media.codec                          W  type=1400 audit(0.0:268197): avc: denied { getattr } for path="/dev/sw_sync" dev="tmpfs" ino=236 scontext=u:r:mediacodec:s0 tcontext=u:object_r:sw_sync_device:s0 tclass=chr_file permissive=0
2026-03-30 20:42:04.945 25998-25998 gle.vp8.encoder         media.codec                          W  type=1400 audit(0.0:268198): avc: denied { getattr } for path="/dev/sw_sync" dev="tmpfs" ino=236 scontext=u:r:mediacodec:s0 tcontext=u:object_r:sw_sync_device:s0 tclass=chr_file permissive=0
2026-03-30 20:42:05.045 25998-25998 gle.vp8.encoder         media.codec                          W  type=1400 audit(0.0:268199): avc: denied { getattr } for path="/dev/sw_sync" dev="tmpfs" ino=236 scontext=u:r:mediacodec:s0 tcontext=u:object_r:sw_sync_device:s0 tclass=chr_file permissive=0
2026-03-30 20:42:05.135 25998-25998 gle.vp8.encoder         media.codec                          W  type=1400 audit(0.0:268200): avc: denied { getattr } for path="/dev/sw_sync" dev="tmpfs" ino=236 scontext=u:r:mediacodec:s0 tcontext=u:object_r:sw_sync_device:s0 tclass=chr_file permissive=0
2026-03-30 20:42:05.231 25998-25998 gle.vp8.encoder         media.codec                          W  type=1400 audit(0.0:268201): avc: denied { getattr } for path="/dev/sw_sync" dev="tmpfs" ino=236 scontext=u:r:mediacodec:s0 tcontext=u:object_r:sw_sync_device:s0 tclass=chr_file permissive=0
2026-03-30 20:42:05.331 25998-25998 gle.vp8.encoder         media.codec                          W  type=1400 audit(0.0:268202): avc: denied { getattr } for path="/dev/sw_sync" dev="tmpfs" ino=236 scontext=u:r:mediacodec:s0 tcontext=u:object_r:sw_sync_device:s0 tclass=chr_file permissive=0
2026-03-30 20:42:05.435 25998-25998 gle.vp8.encoder         media.codec                          W  type=1400 audit(0.0:268203): avc: denied { getattr } for path="/dev/sw_sync" dev="tmpfs" ino=236 scontext=u:r:mediacodec:s0 tcontext=u:object_r:sw_sync_device:s0 tclass=chr_file permissive=0
2026-03-30 20:42:05.535 25998-25998 gle.vp8.encoder         media.codec                          W  type=1400 audit(0.0:268204): avc: denied { getattr } for path="/dev/sw_sync" dev="tmpfs" ino=236 scontext=u:r:mediacodec:s0 tcontext=u:object_r:sw_sync_device:s0 tclass=chr_file permissive=0
2026-03-30 20:42:05.635 25998-25998 gle.vp8.encoder         media.codec                          W  type=1400 audit(0.0:268205): avc: denied { getattr } for path="/dev/sw_sync" dev="tmpfs" ino=236 scontext=u:r:mediacodec:s0 tcontext=u:object_r:sw_sync_device:s0 tclass=chr_file permissive=0
2026-03-30 20:42:05.735 25998-25998 gle.vp8.encoder         media.codec                          W  type=1400 audit(0.0:268206): avc: denied { getattr } for path="/dev/sw_sync" dev="tmpfs" ino=236 scontext=u:r:mediacodec:s0 tcontext=u:object_r:sw_sync_device:s0 tclass=chr_file permissive=0
2026-03-30 20:42:05.835 25998-25998 gle.vp8.encoder         media.codec                          W  type=1400 audit(0.0:268207): avc: denied { getattr } for path="/dev/sw_sync" dev="tmpfs" ino=236 scontext=u:r:mediacodec:s0 tcontext=u:object_r:sw_sync_device:s0 tclass=chr_file permissive=0
2026-03-30 20:42:05.935 25998-25998 gle.vp8.encoder         media.codec                          W  type=1400 audit(0.0:268208): avc: denied { getattr } for path="/dev/sw_sync" dev="tmpfs" ino=236 scontext=u:r:mediacodec:s0 tcontext=u:object_r:sw_sync_device:s0 tclass=chr_file permissive=0
2026-03-30 20:42:06.035 25998-25998 gle.vp8.encoder         media.codec                          W  type=1400 audit(0.0:268209): avc: denied { getattr } for path="/dev/sw_sync" dev="tmpfs" ino=236 scontext=u:r:mediacodec:s0 tcontext=u:object_r:sw_sync_device:s0 tclass=chr_file permissive=0
2026-03-30 20:42:06.135 25998-25998 gle.vp8.encoder         media.codec                          W  type=1400 audit(0.0:268210): avc: denied { getattr } for path="/dev/sw_sync" dev="tmpfs" ino=236 scontext=u:r:mediacodec:s0 tcontext=u:object_r:sw_sync_device:s0 tclass=chr_file permissive=0
2026-03-30 20:42:07.148 25998-25998 gle.vp8.encoder         media.codec                          W  type=1400 audit(0.0:268211): avc: denied { getattr } for path="/dev/sw_sync" dev="tmpfs" ino=236 scontext=u:r:mediacodec:s0 tcontext=u:object_r:sw_sync_device:s0 tclass=chr_file permissive=0
2026-03-30 20:42:07.152 26078-26142 AudioALSAStreamOut      and...re.audio@2.0-service-mediatek  D  standby(), flag 6
2026-03-30 20:42:07.152 26078-26142 AudioALSAStreamOut      and...re.audio@2.0-service-mediatek  D  standbyStreamOut(), flag 6
2026-03-30 20:42:07.152 26078-26142 AudioALSAStreamOut      and...re.audio@2.0-service-mediatek  D  close(), flags 6, mMixerOutInUse 0
2026-03-30 20:42:07.152 26078-26142 AudioALSAP...dlerNormal and...re.audio@2.0-service-mediatek  D  +close(), flag 6, mDevice = 0x2
2026-03-30 20:42:07.152 26078-26142 AudioVoiceUIDL          and...re.audio@2.0-service-mediatek  D  [SetInputStandBy] ReadRefFromRing to exit? (0) 
2026-03-30 20:42:07.152 26078-26142 AudioALSAH...rceManager and...re.audio@2.0-service-mediatek  D  +stopOutputDevice(), mOutputDevices = 0x2, mStartOutputDevicesCount = 1
2026-03-30 20:42:07.152 26078-26142 AudioALSAD...figManager and...re.audio@2.0-service-mediatek  D  ApplyDeviceTurnoffSequenceByName(), DeviceName = ext_speaker_output descriptor->DeviceStatusCounter = 1
2026-03-30 20:42:07.153 26078-26142 AudioALSAD...figManager and...re.audio@2.0-service-mediatek  D  ApplyDeviceTurnoffSequenceByName(), DeviceName = speaker_output descriptor->DeviceStatusCounter = 1
2026-03-30 20:42:07.153 26078-26142 AudioALSADriverUtility  and...re.audio@2.0-service-mediatek  D  GetPropertyValue key = af.resouce.extdac_support value = 0
2026-03-30 20:42:07.153 26078-26142 AudioALSAP...andlerBase and...re.audio@2.0-service-mediatek  D  closePcmDriver(), mPcm = 0xae728c40
2026-03-30 20:42:07.154 26078-26142 AudioALSADriverUtility  and...re.audio@2.0-service-mediatek  D  GetPropertyValue key = af.resouce.extdac_support value = 0
2026-03-30 20:42:07.154 26078-26142 AudioALSAP...dlerNormal and...re.audio@2.0-service-mediatek  D  SetLowJitterMode(), bypass low jitter mode, bEnable = 0, device = 0x2, SampleRate = 48000
2026-03-30 20:42:07.154 26078-26142 MtkAudioBitConverter    and...re.audio@2.0-service-mediatek  D  +close()
2026-03-30 20:42:07.154 26078-26142 AudioALSAP...andlerBase and...re.audio@2.0-service-mediatek  D  DeinitDataPending
2026-03-30 20:42:07.154 26078-26142 AudioALSAP...dlerNormal and...re.audio@2.0-service-mediatek  D  -close()
2026-03-30 20:42:07.154 26078-26142 AudioALSAStreamManager  and...re.audio@2.0-service-mediatek  D  -destroyPlaybackHandler(), mode = 0, pPlaybackHandler = 0xad112300, mPlaybackHandlerVector.size() = 0
2026-03-30 20:42:07.154 26078-26142 AudioALSAStreamOut      and...re.audio@2.0-service-mediatek  D  setMuteForRouting(), mute 0, flags 6
2026-03-30 20:42:07.154 26078-26142 AudioUtility            and...re.audio@2.0-service-mediatek  D  power_hal_hint - custPowerHint 0, data 0
2026-03-30 20:42:07.248 25998-25998 gle.vp8.encoder         media.codec                          W  type=1400 audit(0.0:268212): avc: denied { getattr } for path="/dev/sw_sync" dev="tmpfs" ino=236 scontext=u:r:mediacodec:s0 tcontext=u:object_r:sw_sync_device:s0 tclass=chr_file permissive=0
2026-03-30 20:42:07.351 25998-25998 gle.vp8.encoder         media.codec                          W  type=1400 audit(0.0:268213): avc: denied { getattr } for path="/dev/sw_sync" dev="tmpfs" ino=236 scontext=u:r:mediacodec:s0 tcontext=u:object_r:sw_sync_device:s0 tclass=chr_file permissive=0
2026-03-30 20:42:07.435 25998-25998 gle.vp8.encoder         media.codec                          W  type=1400 audit(0.0:268214): avc: denied { getattr } for path="/dev/sw_sync" dev="tmpfs" ino=236 scontext=u:r:mediacodec:s0 tcontext=u:object_r:sw_sync_device:s0 tclass=chr_file permissive=0
2026-03-30 20:42:07.455 25998-25998 gle.vp8.encoder         media.codec                          W  type=1400 audit(0.0:268215): avc: denied { getattr } for path="/dev/sw_sync" dev="tmpfs" ino=236 scontext=u:r:mediacodec:s0 tcontext=u:object_r:sw_sync_device:s0 tclass=chr_file permissive=0
2026-03-30 20:42:07.481 25998-25998 gle.vp8.encoder         media.codec                          W  type=1400 audit(0.0:268216): avc: denied { getattr } for path="/dev/sw_sync" dev="tmpfs" ino=236 scontext=u:r:mediacodec:s0 tcontext=u:object_r:sw_sync_device:s0 tclass=chr_file permissive=0
2026-03-30 20:42:07.581 25998-25998 gle.vp8.encoder         media.codec                          W  type=1400 audit(0.0:268217): avc: denied { getattr } for path="/dev/sw_sync" dev="tmpfs" ino=236 scontext=u:r:mediacodec:s0 tcontext=u:object_r:sw_sync_device:s0 tclass=chr_file permissive=0
2026-03-30 20:42:07.681 25998-25998 gle.vp8.encoder         media.codec                          W  type=1400 audit(0.0:268218): avc: denied { getattr } for path="/dev/sw_sync" dev="tmpfs" ino=236 scontext=u:r:mediacodec:s0 tcontext=u:object_r:sw_sync_device:s0 tclass=chr_file permissive=0
2026-03-30 20:42:07.785 25998-25998 gle.vp8.encoder         media.codec                          W  type=1400 audit(0.0:268219): avc: denied { getattr } for path="/dev/sw_sync" dev="tmpfs" ino=236 scontext=u:r:mediacodec:s0 tcontext=u:object_r:sw_sync_device:s0 tclass=chr_file permissive=0
2026-03-30 20:42:07.885 25998-25998 gle.vp8.encoder         media.codec                          W  type=1400 audit(0.0:268220): avc: denied { getattr } for path="/dev/sw_sync" dev="tmpfs" ino=236 scontext=u:r:mediacodec:s0 tcontext=u:object_r:sw_sync_device:s0 tclass=chr_file permissive=0
2026-03-30 20:42:07.985 25998-25998 gle.vp8.encoder         media.codec                          W  type=1400 audit(0.0:268221): avc: denied { getattr } for path="/dev/sw_sync" dev="tmpfs" ino=236 scontext=u:r:mediacodec:s0 tcontext=u:object_r:sw_sync_device:s0 tclass=chr_file permissive=0
2026-03-30 20:42:08.085 25998-25998 gle.vp8.encoder         media.codec                          W  type=1400 audit(0.0:268222): avc: denied { getattr } for path="/dev/sw_sync" dev="tmpfs" ino=236 scontext=u:r:mediacodec:s0 tcontext=u:object_r:sw_sync_device:s0 tclass=chr_file permissive=0
2026-03-30 20:42:08.185 25998-25998 gle.vp8.encoder         media.codec                          W  type=1400 audit(0.0:268223): avc: denied { getattr } for path="/dev/sw_sync" dev="tmpfs" ino=236 scontext=u:r:mediacodec:s0 tcontext=u:object_r:sw_sync_device:s0 tclass=chr_file permissive=0
2026-03-30 20:42:08.285 25998-25998 gle.vp8.encoder         media.codec                          W  type=1400 audit(0.0:268224): avc: denied { getattr } for path="/dev/sw_sync" dev="tmpfs" ino=236 scontext=u:r:mediacodec:s0 tcontext=u:object_r:sw_sync_device:s0 tclass=chr_file permissive=0
2026-03-30 20:42:08.385 25998-25998 gle.vp8.encoder         media.codec                          W  type=1400 audit(0.0:268225): avc: denied { getattr } for path="/dev/sw_sync" dev="tmpfs" ino=236 scontext=u:r:mediacodec:s0 tcontext=u:object_r:sw_sync_device:s0 tclass=chr_file permissive=0
2026-03-30 20:42:08.488 25998-25998 gle.vp8.encoder         media.codec                          W  type=1400 audit(0.0:268226): avc: denied { getattr } for path="/dev/sw_sync" dev="tmpfs" ino=236 scontext=u:r:mediacodec:s0 tcontext=u:object_r:sw_sync_device:s0 tclass=chr_file permissive=0
2026-03-30 20:42:08.548 25998-25998 gle.vp8.encoder         media.codec                          W  type=1400 audit(0.0:268227): avc: denied { getattr } for path="/dev/sw_sync" dev="tmpfs" ino=236 scontext=u:r:mediacodec:s0 tcontext=u:object_r:sw_sync_device:s0 tclass=chr_file permissive=0
2026-03-30 20:42:08.565 25998-25998 gle.vp8.encoder         media.codec                          W  type=1400 audit(0.0:268228): avc: denied { getattr } for path="/dev/sw_sync" dev="tmpfs" ino=236 scontext=u:r:mediacodec:s0 tcontext=u:object_r:sw_sync_device:s0 tclass=chr_file permissive=0
2026-03-30 20:42:08.631 25998-25998 gle.vp8.encoder         media.codec                          W  type=1400 audit(0.0:268229): avc: denied { getattr } for path="/dev/sw_sync" dev="tmpfs" ino=236 scontext=u:r:mediacodec:s0 tcontext=u:object_r:sw_sync_device:s0 tclass=chr_file permissive=0
2026-03-30 20:42:08.731 25998-25998 gle.vp8.encoder         media.codec                          W  type=1400 audit(0.0:268230): avc: denied { getattr } for path="/dev/sw_sync" dev="tmpfs" ino=236 scontext=u:r:mediacodec:s0 tcontext=u:object_r:sw_sync_device:s0 tclass=chr_file permissive=0
2026-03-30 20:42:08.831 25998-25998 gle.vp8.encoder         media.codec                          W  type=1400 audit(0.0:268231): avc: denied { getattr } for path="/dev/sw_sync" dev="tmpfs" ino=236 scontext=u:r:mediacodec:s0 tcontext=u:object_r:sw_sync_device:s0 tclass=chr_file permissive=0
