--------- beginning of main
2026-04-10 18:08:03.441  1482-28099 ADB_SERVICES            adbd                                 I  post waitpid (pid=28098) status=0000
2026-04-10 18:08:03.462   397-397   gle.vp8.encoder         media.codec                          W  type=1400 audit(0.0:266324): avc: denied { getattr } for path="/dev/sw_sync" dev="tmpfs" ino=266 scontext=u:r:mediacodec:s0 tcontext=u:object_r:sw_sync_device:s0 tclass=chr_file permissive=0
2026-04-10 18:08:03.562   397-397   gle.vp8.encoder         media.codec                          W  type=1400 audit(0.0:266325): avc: denied { getattr } for path="/dev/sw_sync" dev="tmpfs" ino=266 scontext=u:r:mediacodec:s0 tcontext=u:object_r:sw_sync_device:s0 tclass=chr_file permissive=0
2026-04-10 18:08:03.662   397-397   gle.vp8.encoder         media.codec                          W  type=1400 audit(0.0:266326): avc: denied { getattr } for path="/dev/sw_sync" dev="tmpfs" ino=266 scontext=u:r:mediacodec:s0 tcontext=u:object_r:sw_sync_device:s0 tclass=chr_file permissive=0
2026-04-10 18:08:03.741   365-434   chatty                  surfaceflinger                       I  uid=1000(system) HwBinder:365_1 identical 2 lines
2026-04-10 18:08:03.762   397-397   gle.vp8.encoder         media.codec                          W  type=1400 audit(0.0:266327): avc: denied { getattr } for path="/dev/sw_sync" dev="tmpfs" ino=266 scontext=u:r:mediacodec:s0 tcontext=u:object_r:sw_sync_device:s0 tclass=chr_file permissive=0
2026-04-10 18:08:03.791   354-373   powerd                  merged_hal_service                   I  [powerd_req] POWER_MSG_QUERY_INFO: cmd:6, param:0
2026-04-10 18:08:03.862   397-397   gle.vp8.encoder         media.codec                          W  type=1400 audit(0.0:266328): avc: denied { getattr } for path="/dev/sw_sync" dev="tmpfs" ino=266 scontext=u:r:mediacodec:s0 tcontext=u:object_r:sw_sync_device:s0 tclass=chr_file permissive=0
2026-04-10 18:08:03.962   397-397   gle.vp8.encoder         media.codec                          W  type=1400 audit(0.0:266329): avc: denied { getattr } for path="/dev/sw_sync" dev="tmpfs" ino=266 scontext=u:r:mediacodec:s0 tcontext=u:object_r:sw_sync_device:s0 tclass=chr_file permissive=0
2026-04-10 18:08:04.004   365-434   chatty                  surfaceflinger                       I  uid=1000(system) HwBinder:365_1 identical 1 line
2026-04-10 18:08:04.062   397-397   gle.vp8.encoder         media.codec                          W  type=1400 audit(0.0:266330): avc: denied { getattr } for path="/dev/sw_sync" dev="tmpfs" ino=266 scontext=u:r:mediacodec:s0 tcontext=u:object_r:sw_sync_device:s0 tclass=chr_file permissive=0
2026-04-10 18:08:04.098   365-434   chatty                  surfaceflinger                       I  uid=1000(system) HwBinder:365_1 identical 1 line
2026-04-10 18:08:04.145   356-356   NxpExtns                vendor.nxp.nxpnfc@1.0-service        D  find found NXP_SYS_CLK_SRC_SEL=(0x2)
2026-04-10 18:08:04.145   356-356   NxpExtns                vendor.nxp.nxpnfc@1.0-service        D  find found NXP_SYS_CLK_FREQ_SEL=(0x4)
2026-04-10 18:08:04.145   356-356   NxpExtns                vendor.nxp.nxpnfc@1.0-service        D  find found NXP_SYS_CLOCK_TO_CFG=(0x1)
2026-04-10 18:08:04.165   397-397   gle.vp8.encoder         media.codec                          W  type=1400 audit(0.0:266331): avc: denied { getattr } for path="/dev/sw_sync" dev="tmpfs" ino=266 scontext=u:r:mediacodec:s0 tcontext=u:object_r:sw_sync_device:s0 tclass=chr_file permissive=0
2026-04-10 18:08:04.238   365-434   chatty                  surfaceflinger                       I  uid=1000(system) HwBinder:365_1 identical 3 lines
2026-04-10 18:08:04.265   397-397   gle.vp8.encoder         media.codec                          W  type=1400 audit(0.0:266332): avc: denied { getattr } for path="/dev/sw_sync" dev="tmpfs" ino=266 scontext=u:r:mediacodec:s0 tcontext=u:object_r:sw_sync_device:s0 tclass=chr_file permissive=0
2026-04-10 18:08:04.325   356-356   NxpExtns                vendor.nxp.nxpnfc@1.0-service        D  find found NXP_FW_NAME=libpn553_fw.so
2026-04-10 18:08:04.342 22731-25956 [RadioEngine]           com.reedersystems.commandcomms       D  RX_DIAG rxTotal=436 rxNew=0 jbSize=0 jbDepth=2 jbPlaying=false channelIdx=169 t=55515ms
2026-04-10 18:08:04.359   352-352   hwcomposer              and...graphics.composer@2.1-service  W  [JOB] (2) copyvds is ture but vir buffer format is not HAL_PIXEL_FORMAT_YV12  
2026-04-10 18:08:04.360   365-365   DisplayDevice           surfaceflinger                       I  [studio.screen.sharing:0 (type:2)] fps:0.999443,dur:1000.56,max:1000.56,min:1000.56
2026-04-10 18:08:04.361   365-365   DisplayDevice           surfaceflinger                       I  [Built-in Screen (type:0)] fps:0.999390,dur:1000.61,max:1000.61,min:1000.61
2026-04-10 18:08:04.359   397-397   gle.vp8.encoder         media.codec                          W  type=1400 audit(0.0:266333): avc: denied { getattr } for path="/dev/sw_sync" dev="tmpfs" ino=266 scontext=u:r:mediacodec:s0 tcontext=u:object_r:sw_sync_device:s0 tclass=chr_file permissive=0
2026-04-10 18:08:04.459   397-397   gle.vp8.encoder         media.codec                          W  type=1400 audit(0.0:266334): avc: denied { getattr } for path="/dev/sw_sync" dev="tmpfs" ino=266 scontext=u:r:mediacodec:s0 tcontext=u:object_r:sw_sync_device:s0 tclass=chr_file permissive=0
2026-04-10 18:08:04.559   397-397   gle.vp8.encoder         media.codec                          W  type=1400 audit(0.0:266335): avc: denied { getattr } for path="/dev/sw_sync" dev="tmpfs" ino=266 scontext=u:r:mediacodec:s0 tcontext=u:object_r:sw_sync_device:s0 tclass=chr_file permissive=0
2026-04-10 18:08:04.659   397-397   gle.vp8.encoder         media.codec                          W  type=1400 audit(0.0:266336): avc: denied { getattr } for path="/dev/sw_sync" dev="tmpfs" ino=266 scontext=u:r:mediacodec:s0 tcontext=u:object_r:sw_sync_device:s0 tclass=chr_file permissive=0
2026-04-10 18:08:04.759   397-397   gle.vp8.encoder         media.codec                          W  type=1400 audit(0.0:266337): avc: denied { getattr } for path="/dev/sw_sync" dev="tmpfs" ino=266 scontext=u:r:mediacodec:s0 tcontext=u:object_r:sw_sync_device:s0 tclass=chr_file permissive=0
2026-04-10 18:08:04.801   365-434   chatty                  surfaceflinger                       I  uid=1000(system) HwBinder:365_1 identical 1 line
2026-04-10 18:08:04.862   397-397   gle.vp8.encoder         media.codec                          W  type=1400 audit(0.0:266338): avc: denied { getattr } for path="/dev/sw_sync" dev="tmpfs" ino=266 scontext=u:r:mediacodec:s0 tcontext=u:object_r:sw_sync_device:s0 tclass=chr_file permissive=0
2026-04-10 18:08:04.962   397-397   gle.vp8.encoder         media.codec                          W  type=1400 audit(0.0:266339): avc: denied { getattr } for path="/dev/sw_sync" dev="tmpfs" ino=266 scontext=u:r:mediacodec:s0 tcontext=u:object_r:sw_sync_device:s0 tclass=chr_file permissive=0
2026-04-10 18:08:05.034   365-434   chatty                  surfaceflinger                       I  uid=1000(system) HwBinder:365_1 identical 1 line
2026-04-10 18:08:05.062   397-397   gle.vp8.encoder         media.codec                          W  type=1400 audit(0.0:266340): avc: denied { getattr } for path="/dev/sw_sync" dev="tmpfs" ino=266 scontext=u:r:mediacodec:s0 tcontext=u:object_r:sw_sync_device:s0 tclass=chr_file permissive=0
2026-04-10 18:08:05.131   365-434   chatty                  surfaceflinger                       I  uid=1000(system) HwBinder:365_1 identical 2 lines
2026-04-10 18:08:05.162   397-397   gle.vp8.encoder         media.codec                          W  type=1400 audit(0.0:266341): avc: denied { getattr } for path="/dev/sw_sync" dev="tmpfs" ino=266 scontext=u:r:mediacodec:s0 tcontext=u:object_r:sw_sync_device:s0 tclass=chr_file permissive=0
2026-04-10 18:08:05.185   356-356   NxpExtns                vendor.nxp.nxpnfc@1.0-service        D  find found NXP_SYS_CLK_SRC_SEL=(0x2)
2026-04-10 18:08:05.185   356-356   NxpExtns                vendor.nxp.nxpnfc@1.0-service        D  find found NXP_SYS_CLK_FREQ_SEL=(0x4)
2026-04-10 18:08:05.185   356-356   NxpExtns                vendor.nxp.nxpnfc@1.0-service        D  find found NXP_SYS_CLOCK_TO_CFG=(0x1)
2026-04-10 18:08:05.224   365-434   chatty                  surfaceflinger                       I  uid=1000(system) HwBinder:365_1 identical 1 line
2026-04-10 18:08:05.262   397-397   gle.vp8.encoder         media.codec                          W  type=1400 audit(0.0:266342): avc: denied { getattr } for path="/dev/sw_sync" dev="tmpfs" ino=266 scontext=u:r:mediacodec:s0 tcontext=u:object_r:sw_sync_device:s0 tclass=chr_file permissive=0
2026-04-10 18:08:05.294   365-434   chatty                  surfaceflinger                       I  uid=1000(system) HwBinder:365_1 identical 1 line
2026-04-10 18:08:05.323   365-832   BufferQueueProducer     surfaceflinger                       I  [StatusBar#0](this:0xaf6db000,id:4,api:1,p:967,c:365) queueBuffer: fps=1.00 dur=1999.42 max=999.86 min=999.56
2026-04-10 18:08:05.359   352-352   hwcomposer              and...graphics.composer@2.1-service  W  [JOB] (2) copyvds is ture but vir buffer format is not HAL_PIXEL_FORMAT_YV12  
2026-04-10 18:08:05.361   365-365   DisplayDevice           surfaceflinger                       I  [studio.screen.sharing:0 (type:2)] fps:0.999686,dur:1000.31,max:1000.31,min:1000.31
2026-04-10 18:08:05.361   365-365   DisplayDevice           surfaceflinger                       I  [Built-in Screen (type:0)] fps:0.999553,dur:1000.45,max:1000.45,min:1000.45
2026-04-10 18:08:05.362   397-12018 BufferQueueProducer     media.codec                          I  [GraphicBufferSource](this:0xa99e9000,id:446,api:1,p:397,c:397) queueBuffer: fps=1.00 dur=1999.01 max=1000.24 min=998.77
2026-04-10 18:08:05.359   397-397   gle.vp8.encoder         media.codec                          W  type=1400 audit(0.0:266343): avc: denied { getattr } for path="/dev/sw_sync" dev="tmpfs" ino=266 scontext=u:r:mediacodec:s0 tcontext=u:object_r:sw_sync_device:s0 tclass=chr_file permissive=0
2026-04-10 18:08:05.365   356-356   NxpExtns                vendor.nxp.nxpnfc@1.0-service        D  find found NXP_FW_NAME=libpn553_fw.so
2026-04-10 18:08:05.459   397-397   gle.vp8.encoder         media.codec                          W  type=1400 audit(0.0:266344): avc: denied { getattr } for path="/dev/sw_sync" dev="tmpfs" ino=266 scontext=u:r:mediacodec:s0 tcontext=u:object_r:sw_sync_device:s0 tclass=chr_file permissive=0
2026-04-10 18:08:05.559   397-397   gle.vp8.encoder         media.codec                          W  type=1400 audit(0.0:266345): avc: denied { getattr } for path="/dev/sw_sync" dev="tmpfs" ino=266 scontext=u:r:mediacodec:s0 tcontext=u:object_r:sw_sync_device:s0 tclass=chr_file permissive=0
2026-04-10 18:08:05.659   397-397   gle.vp8.encoder         media.codec                          W  type=1400 audit(0.0:266346): avc: denied { getattr } for path="/dev/sw_sync" dev="tmpfs" ino=266 scontext=u:r:mediacodec:s0 tcontext=u:object_r:sw_sync_device:s0 tclass=chr_file permissive=0
2026-04-10 18:08:05.762   397-397   gle.vp8.encoder         media.codec                          W  type=1400 audit(0.0:266347): avc: denied { getattr } for path="/dev/sw_sync" dev="tmpfs" ino=266 scontext=u:r:mediacodec:s0 tcontext=u:object_r:sw_sync_device:s0 tclass=chr_file permissive=0
2026-04-10 18:08:05.778   737-928   WifiStateMachine        system_server                        D   MtkL2ConnectedState { when=-3ms what=131155 arg1=145 target=com.android.internal.util.StateMachine$SmHandler } 145 0, mShouldDeferDisableWifi = false, mState = MONITORING
2026-04-10 18:08:05.800   354-373   powerd                  merged_hal_service                   I  [powerd_req] POWER_MSG_QUERY_INFO: cmd:6, param:0
2026-04-10 18:08:05.834   365-434   chatty                  surfaceflinger                       I  uid=1000(system) HwBinder:365_1 identical 1 line
2026-04-10 18:08:05.862   397-397   gle.vp8.encoder         media.codec                          W  type=1400 audit(0.0:266348): avc: denied { getattr } for path="/dev/sw_sync" dev="tmpfs" ino=266 scontext=u:r:mediacodec:s0 tcontext=u:object_r:sw_sync_device:s0 tclass=chr_file permissive=0
2026-04-10 18:08:05.962   397-397   gle.vp8.encoder         media.codec                          W  type=1400 audit(0.0:266349): avc: denied { getattr } for path="/dev/sw_sync" dev="tmpfs" ino=266 scontext=u:r:mediacodec:s0 tcontext=u:object_r:sw_sync_device:s0 tclass=chr_file permissive=0
2026-04-10 18:08:06.000  1482-1482  ADB_SERVICES            adbd                                 I  g_pending_list length=1
2026-04-10 18:08:06.000  1482-1482  ADB_SERVICES            adbd                                 I  +read_data=67090 local_socket_list_len=8
2026-04-10 18:08:06.062   397-397   gle.vp8.encoder         media.codec                          W  type=1400 audit(0.0:266350): avc: denied { getattr } for path="/dev/sw_sync" dev="tmpfs" ino=266 scontext=u:r:mediacodec:s0 tcontext=u:object_r:sw_sync_device:s0 tclass=chr_file permissive=0
2026-04-10 18:08:06.138   365-434   chatty                  surfaceflinger                       I  uid=1000(system) HwBinder:365_1 identical 1 line
2026-04-10 18:08:06.162   397-397   gle.vp8.encoder         media.codec                          W  type=1400 audit(0.0:266351): avc: denied { getattr } for path="/dev/sw_sync" dev="tmpfs" ino=266 scontext=u:r:mediacodec:s0 tcontext=u:object_r:sw_sync_device:s0 tclass=chr_file permissive=0
2026-04-10 18:08:06.176   737-916   AES                     system_server                        W  Exception Log handling...
2026-04-10 18:08:06.178   737-916   AES                     system_server                        D  ExceptionLog: notify aed (process:system_server pid:737 cause:system_server_wtf )
2026-04-10 18:08:06.178   737-916   AEE_LIBAEE              system_server                        D  shell: raise_exp(11, 737, -1361051648, system_server, 0x0x8936f420, 0x0x0)
2026-04-10 18:08:06.179   737-916   AEE_LIBAEE              system_server                        D  com.mtk.aee.aedshell: connected with AED OK
2026-04-10 18:08:06.180   684-684   AEE_AED                 aee_aed                              D  $===AEE===AEE===AEE===$
2026-04-10 18:08:06.181   684-684   AEE_AED                 aee_aed                              D  p 1 poll events 1 revents 1
2026-04-10 18:08:06.181   684-684   AEE_AED                 aee_aed                              D  PPM cpu cores:4, online:4
2026-04-10 18:08:06.183   684-684   AEE_AED                 aee_aed                              D  aed_main_fork_worker: generator 0xaca09440, worker 0xbea22798, recv_fd 10
2026-04-10 18:08:06.185 28113-28113 AEE_AED                 pid-28113                            D  read success, handling msg (Ind, AE_IND_WRN_RAISED)
2026-04-10 18:08:06.186 28113-28113 AEE_AED                 pid-28113                            I  [preset_info] pid: 737, tid: -1361051648, name: UNKNOWN  >>> system_server <<<
2026-04-10 18:08:06.186 28113-28113 AEE_AED                 pid-28113                            D  u:r:system_server:s0
2026-04-10 18:08:06.186 28113-28113 AEE_AED                 pid-28113                            V  dashboard_record_update() : rec->module = system_server 
2026-04-10 18:08:06.186 28113-28113 AEE_AED                 pid-28113                            D  Skip duplicated exception ! 
2026-04-10 18:08:06.186 28113-28113 AEE_AED                 pid-28113                            D  Exception Class: 11 
2026-04-10 18:08:06.186 28113-28113 AEE_AED                 pid-28113                            D  Module: system_server 
2026-04-10 18:08:06.186 28113-28113 AEE_AED                 pid-28113                            D  Count: 2629 
2026-04-10 18:08:06.186 28113-28113 AEE_AED                 pid-28113                            D  Last exception time: 1775858864 
                                                                                                     
2026-04-10 18:08:06.186 28113-28113 AEE_AED                 pid-28113                            V  process session - skipped 
2026-04-10 18:08:06.186   737-916   AEE_LIBAEE              system_server                        D  shell: got the request (cmd:Ind,AE_IND_LOG_CLOSE)
2026-04-10 18:08:06.186   737-916   AEE_LIBAEE              system_server                        D  shell: Got session close ind from AED
2026-04-10 18:08:06.187   737-916   ActivityManager         system_server                        E  Sending non-protected broadcast android.intent.action.PTT.down from system 737:system/1000 pkg android (Explain with AI)
                                                                                                    java.lang.Throwable
                                                                                                    	at com.android.server.am.ActivityManagerService.checkBroadcastFromSystem(ActivityManagerService.java:19307)
                                                                                                    	at com.android.server.am.ActivityManagerService.broadcastIntentLocked(ActivityManagerService.java:19920)
                                                                                                    	at com.android.server.am.ActivityManagerService.broadcastIntent(ActivityManagerService.java:20062)
                                                                                                    	at android.app.ContextImpl.sendBroadcast(ContextImpl.java:971)
                                                                                                    	at com.android.server.policy.PhoneWindowManager.sendBC(PhoneWindowManager.java:6496)
                                                                                                    	at com.android.server.policy.PhoneWindowManager.interceptKeyBeforeQueueing(PhoneWindowManager.java:6843)
                                                                                                    	at com.freeme.server.policy.FreemePhoneWindowManager.interceptKeyBeforeQueueing(FreemePhoneWindowManager.java:301)
                                                                                                    	at com.android.server.wm.InputMonitor.interceptKeyBeforeQueueing(InputMonitor.java:449)
                                                                                                    	at com.android.server.input.InputManagerService.interceptKeyBeforeQueueing(InputManagerService.java:1975)
2026-04-10 18:08:06.188   684-684   AEE_AED                 aee_aed                              D  clear ppm settings
2026-04-10 18:08:06.195   737-916   AES                     system_server                        W  Exception Log handling...
2026-04-10 18:08:06.197   737-916   AES                     system_server                        D  ExceptionLog: notify aed (process:system_server pid:737 cause:system_server_wtf )
2026-04-10 18:08:06.197   737-916   AEE_LIBAEE              system_server                        D  shell: raise_exp(11, 737, -1361051648, system_server, 0x0x8936f620, 0x0x0)
2026-04-10 18:08:06.197   737-916   AEE_LIBAEE              system_server                        D  com.mtk.aee.aedshell: connected with AED OK
2026-04-10 18:08:06.199   684-684   AEE_AED                 aee_aed                              D  $===AEE===AEE===AEE===$
2026-04-10 18:08:06.206   684-684   AEE_AED                 aee_aed                              D  $===AEE===AEE===AEE===$
2026-04-10 18:08:06.206   684-684   AEE_AED                 aee_aed                              D  p 1 poll events 1 revents 1
2026-04-10 18:08:06.206   684-684   AEE_AED                 aee_aed                              D  PPM cpu cores:4, online:4
2026-04-10 18:08:06.208   684-684   AEE_AED                 aee_aed                              D  aed_main_fork_worker: generator 0xaca09440, worker 0xbea22798, recv_fd 10
2026-04-10 18:08:06.210 28114-28114 AEE_AED                 pid-28114                            D  read success, handling msg (Ind, AE_IND_WRN_RAISED)
2026-04-10 18:08:06.210 28114-28114 AEE_AED                 pid-28114                            I  [preset_info] pid: 737, tid: -1361051648, name: UNKNOWN  >>> system_server <<<
2026-04-10 18:08:06.210 28114-28114 AEE_AED                 pid-28114                            D  u:r:system_server:s0
2026-04-10 18:08:06.210 28114-28114 AEE_AED                 pid-28114                            V  dashboard_record_update() : rec->module = system_server 
2026-04-10 18:08:06.210 28114-28114 AEE_AED                 pid-28114                            D  Skip duplicated exception ! 
2026-04-10 18:08:06.210 28114-28114 AEE_AED                 pid-28114                            D  Exception Class: 11 
2026-04-10 18:08:06.210 28114-28114 AEE_AED                 pid-28114                            D  Module: system_server 
2026-04-10 18:08:06.210 28114-28114 AEE_AED                 pid-28114                            D  Count: 2630 
2026-04-10 18:08:06.210 28114-28114 AEE_AED                 pid-28114                            D  Last exception time: 1775858886 
                                                                                                     
2026-04-10 18:08:06.210 28114-28114 AEE_AED                 pid-28114                            V  process session - skipped 
2026-04-10 18:08:06.211   737-916   AEE_LIBAEE              system_server                        D  shell: got the request (cmd:Ind,AE_IND_LOG_CLOSE)
2026-04-10 18:08:06.211   737-916   AEE_LIBAEE              system_server                        D  shell: Got session close ind from AED
2026-04-10 18:08:06.212   684-684   AEE_AED                 aee_aed                              D  clear ppm settings
--------- beginning of system
2026-04-10 18:08:06.213   737-915   zhouzhe                 system_server                        D  keyCode222 = 230
2026-04-10 18:08:06.213   737-835   BroadcastQueue          system_server                        W  Background execution not allowed: receiving Intent { act=android.intent.action.DROPBOX_ENTRY_ADDED flg=0x10 (has extras) } to com.google.android.gms/.stats.service.DropBoxEntryAddedReceiver
2026-04-10 18:08:06.215 22731-22731 [PTT-DIAG]              com.reedersystems.commandcomms       D  MainActivity PTT DOWN source=MainActivity code=230 action=DOWN repeat=0 ts=1775858886214
2026-04-10 18:08:06.215 22731-22731 [PTT-DIAG]              com.reedersystems.commandcomms       D  MainActivity PTT DOWN — forwarding to BackgroundAudioService (signaling=true)
2026-04-10 18:08:06.218   684-684   AEE_AED                 aee_aed                              D  $===AEE===AEE===AEE===$
2026-04-10 18:08:06.219 22731-22731 [PTT-DIAG]              com.reedersystems.commandcomms       D  PttHardwareReceiver.onReceive action=android.intent.action.PTT.down extras=null source=broadcast
2026-04-10 18:08:06.219 22731-22731 [PTT-DIAG]              com.reedersystems.commandcomms       D  PttHardwareReceiver: mapped action=android.intent.action.PTT.down -> svcAction=com.reedersystems.commandcomms.SVC_PTT_DOWN
2026-04-10 18:08:06.220 22731-22731 [PTT-DIAG]              com.reedersystems.commandcomms       D  PttHardwareReceiver: WakeLock acquired (auto-releases in 5000ms)
2026-04-10 18:08:06.223 22731-22731 [PTT-DIAG]              com.reedersystems.commandcomms       D  {"event":"RADIO_PTT_DOWN","pttState":"IDLE","signaling":true,"channelKey":"DISPATCH__DISPATCH","channelId":"169"}
2026-04-10 18:08:06.223 22731-22731 [PTT-DIAG]              com.reedersystems.commandcomms       D  PTT_STATE IDLE -> CONNECTING channelKey=DISPATCH__DISPATCH
2026-04-10 18:08:06.225   356-356   NxpExtns                vendor.nxp.nxpnfc@1.0-service        D  find found NXP_SYS_CLK_SRC_SEL=(0x2)
2026-04-10 18:08:06.225   356-356   NxpExtns                vendor.nxp.nxpnfc@1.0-service        D  find found NXP_SYS_CLK_FREQ_SEL=(0x4)
2026-04-10 18:08:06.225   356-356   NxpExtns                vendor.nxp.nxpnfc@1.0-service        D  find found NXP_SYS_CLOCK_TO_CFG=(0x1)
2026-04-10 18:08:06.241 22731-22731 [ToneEvent]             com.reedersystems.commandcomms       D  {"tone":"talk-permit","trigger":"ptt_down","state":"CONNECTING","channelKey":"DISPATCH__DISPATCH","ts":1775858886241}
2026-04-10 18:08:06.247   967-967   StatusBar               com.android.systemui                 D  onNotificationPosted: StatusBarNotification(pkg=com.reedersystems.commandcomms user=UserHandle{0} id=1001 tag=null key=0|com.reedersystems.commandcomms|1001|null|10182: Notification(channel=ptt_service pri=-1 contentView=null vibrate=null sound=null defaults=0x0 flags=0x62 color=0x00000000 vis=PRIVATE))
2026-04-10 18:08:06.216   737-835   BroadcastQueue          system_server                        W  Background execution not allowed: receiving Intent { act=android.intent.action.DROPBOX_ENTRY_ADDED flg=0x10 (has extras) } to com.google.android.gms/.stats.service.DropBoxEntryAddedReceiver
2026-04-10 18:08:06.254   737-845   DuraSpeed/...eedService system_server                        D  [onPlaybackConfigChanged], play music packageNames:[com.reedersystems.commandcomms, com.reedersystems.commandcomms]
2026-04-10 18:08:06.254   737-845   DuraSpeed/...icyFactory system_server                        D  packageName: com.loudtalks, delay about 1136442ms by now
2026-04-10 18:08:06.255   390-1417  DrmMtkUtil/DrmUtil      mediaserver                          E  checkDcf: not dcf type, dcf version value [80]
2026-04-10 18:08:06.255   390-1417  Cta5File                mediaserver                          E  Cta5File::isCta5NormalFile false, bad magic:PK
2026-04-10 18:08:06.255   390-1417  Cta5File                mediaserver                          E  Cta5File::isCta5MultimediaFile false, bad magic:
2026-04-10 18:08:06.255   390-1417  NuPlayerDriver          mediaserver                          D  NuPlayerDriver(0xb18253f0) created, clientPid(22731)
2026-04-10 18:08:06.259   967-967   StatusBar               com.android.systemui                 D  No peeking: unimportant notification: 0|com.reedersystems.commandcomms|1001|null|10182
2026-04-10 18:08:06.265   390-28117 GenericSource           mediaserver                          D  FileSource remote
2026-04-10 18:08:06.262   397-397   gle.vp8.encoder         media.codec                          W  type=1400 audit(0.0:266352): avc: denied { getattr } for path="/dev/sw_sync" dev="tmpfs" ino=266 scontext=u:r:mediacodec:s0 tcontext=u:object_r:sw_sync_device:s0 tclass=chr_file permissive=0
2026-04-10 18:08:06.276   389-998   MediaExtractor          media.extractor                      D  Autodetected media content as 'audio/x-wav' with confidence 0.30
2026-04-10 18:08:06.281   389-10037 MediaBufferGroup        media.extractor                      D  creating MemoryDealer
2026-04-10 18:08:06.282   389-6520  MediaAnalyticsItem      media.extractor                      W  Unable to record: (extractor:0:-1:-11:0:3:android.media.mediaextractor.fmt=WAVExtractor:android.media.mediaextractor.ntrk=1:android.media.mediaextractor.mime=audio/x-wav:) [forcenew=0]
2026-04-10 18:08:06.283   390-28115 NuPlayerDriver          mediaserver                          D  notifyListener_l(0xb18253f0), (1, 0, 0, -1), loop setting(0, 0)
2026-04-10 18:08:06.292   737-1129  MediaRouterService      system_server                        V  restoreBluetoothA2dp(false)
2026-04-10 18:08:06.293   390-1417  NuPlayerDriver          mediaserver                          D  start(0xb18253f0), state is 4, eos is 0
2026-04-10 18:08:06.293   390-28115 GenericSource           mediaserver                          I  start
2026-04-10 18:08:06.295 22731-25956 [PTT-DIAG]              com.reedersystems.commandcomms       D  {"event":"RADIO_READY_FOR_PTT","roomKey":"DISPATCH__DISPATCH","signaling":true}
2026-04-10 18:08:06.296 22731-22731 [PTT-DIAG]              com.reedersystems.commandcomms       D  {"event":"RADIO_PTT_DOWN","pttState":"CONNECTING","signaling":true,"channelKey":"DISPATCH__DISPATCH","channelId":"169"}
2026-04-10 18:08:06.297 22731-22731 [PTT-DIAG]              com.reedersystems.commandcomms       D  Radio PTT DOWN ignored: pttState=CONNECTING
2026-04-10 18:08:06.299 22731-22731 MediaPlayer             com.reedersystems.commandcomms       D  handleMessage msg:(1, 0, 0)
2026-04-10 18:08:06.299   737-845   DuraSpeed/...eedService system_server                        D  [onPlaybackConfigChanged], play music packageNames:[com.reedersystems.commandcomms, com.reedersystems.commandcomms, com.reedersystems.commandcomms]
2026-04-10 18:08:06.299   737-845   DuraSpeed/...icyFactory system_server                        D  packageName: com.loudtalks, delay about 1136487ms by now
2026-04-10 18:08:06.300 22731-25956 [RadioEngine]           com.reedersystems.commandcomms       D  PRE_CAPTURE_SESSION_START t=0ms
2026-04-10 18:08:06.300 22731-25956 [AudioCapture]          com.reedersystems.commandcomms       D  TX_AUDIO_SOURCE_SELECTED source=VOICE_COMMUNICATION reason=cached_for_device device=ZRK/T320/API27
2026-04-10 18:08:06.300 22731-25956 [AudioCapture]          com.reedersystems.commandcomms       D  PRE_CAPTURE_AUDIORECORD_INIT requestedRate=16000 source=VOICE_COMMUNICATION minBufSize=1280 allocBufSize=2560 frameMs=20 t=0ms
2026-04-10 18:08:06.302 22731-25956 AudioRecord             com.reedersystems.commandcomms       D  set(): 0x84cdea00, inputSource 7, sampleRate 16000, format 0x1, channelMask 0x10, frameCount 1280, notificationFrames 0, sessionId 0, transferType 0, flags 0, opPackageName com.reedersystems.commandcomms uid -1, pid -1
2026-04-10 18:08:06.303   381-7372  APM_AudioPolicyManager  audioserver                          D  getInputForAttr() source 7, samplingRate 16000, format 1, channelMask 10,session 8209, flags 0
2026-04-10 18:08:06.304   390-28115 Utils_MTK               mediaserver                          D  kKeyBitWidth in utils is 16
2026-04-10 18:08:06.304   390-28115 Utils_MTK               mediaserver                          D  kKeyEndian in utils is 2
2026-04-10 18:08:06.304   390-28115 Utils_MTK               mediaserver                          D  kKeyNumericalType in utils is 1
2026-04-10 18:08:06.304   390-28115 Utils_MTK               mediaserver                          D  kKeyPCMType in utils is 1
2026-04-10 18:08:06.304   332-6537  AudioALSAStreamManager  and...re.audio@2.0-service-mediatek  D  openInputStream(), devices = 0x80000004, format = 0x1, channels = 0x10, sampleRate = 16000, status = 3182, acoustics = 0x0
2026-04-10 18:08:06.304   332-6537  AudioALSAStreamIn       and...re.audio@2.0-service-mediatek  D  AudioALSAStreamIn()
2026-04-10 18:08:06.305   332-6537  AudioALSAStreamIn       and...re.audio@2.0-service-mediatek  D  set(), devices = 0x80000004, format = 0x1, channels = 0x10, sampleRate = 16000, acoustics = 0x0, flags = 0
2026-04-10 18:08:06.305   332-6537  AudioALSAStreamIn       and...re.audio@2.0-service-mediatek  D  CheckBesRecordInfo()
2026-04-10 18:08:06.305   332-6537  AudioSpeechEnhanceInfo  and...re.audio@2.0-service-mediatek  D  GetBesRecScene() -1
2026-04-10 18:08:06.305   332-6537  AudioSpeechEnhanceInfo  and...re.audio@2.0-service-mediatek  D  IsBesRecTuningEnable()- 0
2026-04-10 18:08:06.305   332-6537  NVRAM                   and...re.audio@2.0-service-mediatek  D  getNumMicSupport(), dualMicFlag 1, numMicString 2
2026-04-10 18:08:06.305   332-6537  NVRAM                   and...re.audio@2.0-service-mediatek  D  QueryFeatureSupportInfo(), feature support bit 0x1a097c57 
2026-04-10 18:08:06.305   332-6537  AudioSpeechEnhanceInfo  and...re.audio@2.0-service-mediatek  D  IsAPDMNRTuningEnable(), 0
2026-04-10 18:08:06.305   332-6537  NVRAM                   and...re.audio@2.0-service-mediatek  D  getNumMicSupport(), dualMicFlag 1, numMicString 2
2026-04-10 18:08:06.305   332-6537  NVRAM                   and...re.audio@2.0-service-mediatek  D  QueryFeatureSupportInfo(), feature support bit 0x1a097c57 
2026-04-10 18:08:06.305   332-6537  AudioSpeechEnhanceInfo  and...re.audio@2.0-service-mediatek  D  GetForceMagiASRState(), feature_support=1a097c57, 400, mForceMagiASR=0
2026-04-10 18:08:06.305   332-6537  AudioSpeechEnhanceInfo  and...re.audio@2.0-service-mediatek  D  GetForceAECRecState(), mForceAECRec=0
2026-04-10 18:08:06.305   332-6537  AudioALSAStreamIn       and...re.audio@2.0-service-mediatek  D  checkOpenStreamSampleRate(), origin sampleRate 16000, kDefaultInputSourceSampleRate 48000.
2026-04-10 18:08:06.305   332-6537  AudioALSAStreamIn       and...re.audio@2.0-service-mediatek  D  set() done, sampleRate = 16000, num_channels = 1, buffer_size=640, tempDebugflag = 0
2026-04-10 18:08:06.305   332-6537  AudioALSAStreamManager  and...re.audio@2.0-service-mediatek  D  -openInputStream(), in = 0xb5d6aa00, status = 0x0, mStreamInVector.size() = 1
2026-04-10 18:08:06.305   332-6537  AudioALSAStreamIn       and...re.audio@2.0-service-mediatek  D  +setParameters(): input_source=7
2026-04-10 18:08:06.305   332-6537  AudioALSAStreamIn       and...re.audio@2.0-service-mediatek  D  -setParameters(): input_source=7 
2026-04-10 18:08:06.309   381-28123 AudioFlinger_Threads    audioserver                          I  AudioFlinger's thread 0xa7703700 tid=28123 ready to run
2026-04-10 18:08:06.309   332-6537  AudioALSAStreamIn       and...re.audio@2.0-service-mediatek  D  +standby()
2026-04-10 18:08:06.309   332-6537  AudioALSAStreamIn       and...re.audio@2.0-service-mediatek  D  -standby()
2026-04-10 18:08:06.312   332-6537  AudioALSAStreamIn       and...re.audio@2.0-service-mediatek  D  +standby()
2026-04-10 18:08:06.312   332-6537  AudioALSAStreamIn       and...re.audio@2.0-service-mediatek  D  -standby()
2026-04-10 18:08:06.315   390-28115 Utils_MTK               mediaserver                          D  kKeyBitWidth in utils is 16
2026-04-10 18:08:06.315   390-28115 Utils_MTK               mediaserver                          D  kKeyEndian in utils is 2
2026-04-10 18:08:06.315   390-28115 Utils_MTK               mediaserver                          D  kKeyNumericalType in utils is 1
2026-04-10 18:08:06.315   390-28115 Utils_MTK               mediaserver                          D  kKeyPCMType in utils is 1
2026-04-10 18:08:06.323   352-352   hwcomposer              and...graphics.composer@2.1-service  W  [JOB] (2) copyvds is ture but vir buffer format is not HAL_PIXEL_FORMAT_YV12  
2026-04-10 18:08:06.322   397-397   gle.vp8.encoder         media.codec                          W  type=1400 audit(0.0:266353): avc: denied { getattr } for path="/dev/sw_sync" dev="tmpfs" ino=266 scontext=u:r:mediacodec:s0 tcontext=u:object_r:sw_sync_device:s0 tclass=chr_file permissive=0
2026-04-10 18:08:06.336   365-832   BufferQueueProducer     surfaceflinger                       I  [StatusBar#0](this:0xaf6db000,id:4,api:1,p:967,c:365) queueBuffer: fps=1.97 dur=1013.64 max=967.01 min=46.63
2026-04-10 18:08:06.351   390-28126 OMXClient               mediaserver                          I  Treble IOmx obtained
2026-04-10 18:08:06.352   397-12018 OMXMaster               media.codec                          I  makeComponentInstance(OMX.MTK.AUDIO.DECODER.RAW) in omx@1.0-service process
2026-04-10 18:08:06.353   397-12018 MtkOmxRawDec            media.codec                          D  MtkOmxComponentCreate +++ !!!
2026-04-10 18:08:06.353   397-12018 MtkOmxRawDec            media.codec                          D  MtkOmxRawDec Construct !!!
2026-04-10 18:08:06.353   397-12018 MtkOmxRawDec            media.codec                          D  fileTableSize is 55
2026-04-10 18:08:06.353   397-12018 MtkOmxRawDec            media.codec                          D  Init Audio(Raw PCM) Params!!!
2026-04-10 18:08:06.358   390-28126 ACodec                  mediaserver                          D  endian is 2, bitWidth is 16, pcmType is 1, channelAssignment is 0, numericalType is 1
2026-04-10 18:08:06.358   390-28126 ACodec                  mediaserver                          D  Config raw codec, pcmType is 1
2026-04-10 18:08:06.359   397-12018 MtkOmxRawDec            media.codec                          D  checkInputParameter !
2026-04-10 18:08:06.360   381-7372  AudioFlinger            audioserver                          D  track(0xa8fb0200): mIsOut 0, mFrameCount 1280, mSampleRate 16000, mFormat 1, mChannelCount 1, mTrackCount 737, thread 0xa7703700, sessionId 8209
2026-04-10 18:08:06.361 22731-25956 AudioRecord             com.reedersystems.commandcomms       D  openRecord_l: 0x84cdea00, mCblk = 0x854851c0
2026-04-10 18:08:06.361   352-352   hwcomposer              and...graphics.composer@2.1-service  W  [JOB] (2) copyvds is ture but vir buffer format is not HAL_PIXEL_FORMAT_YV12  
2026-04-10 18:08:06.362 22731-25956 [AudioCapture]          com.reedersystems.commandcomms       D  PRE_CAPTURE_HAL_NEGOTIATED requestedRate=16000 actualRate=16000 actualChannels=1 needsStereoDownmix=false bufferSize=2560 monoFrameSamples=320 monoFrameBytes=640 t=62ms
2026-04-10 18:08:06.363   365-365   DisplayDevice           surfaceflinger                       I  [studio.screen.sharing:0 (type:2)] fps:1.995194,dur:1002.41,max:961.17,min:41.24
2026-04-10 18:08:06.363   365-365   DisplayDevice           surfaceflinger                       I  [Built-in Screen (type:0)] fps:1.995581,dur:1002.21,max:960.81,min:41.40
2026-04-10 18:08:06.363 22731-25956 [OpusCodec]             com.reedersystems.commandcomms       D  ENCODER_REUSE rate=16000 frameSize=320 channels=1 — encoder already initialized with matching params t=63ms
2026-04-10 18:08:06.364   397-8690  BufferQueueProducer     media.codec                          I  [GraphicBufferSource](this:0xa99e9000,id:446,api:1,p:397,c:397) queueBuffer: fps=1.99 dur=1002.59 max=962.98 min=39.61
2026-04-10 18:08:06.365 22731-25956 [AudioDSP]              com.reedersystems.commandcomms       D  TX_DSP_COEFFICIENTS sampleRate=16000 hpCutoff=80.0 hpAlpha=0.9695409720485787 lpCutoff=3500.0 lpB0=0.23764306109078495 lpB1=0.4752861221815699 lpB2=0.23764306109078495 lpA1=-0.23039534785679974 lpA2=0.18096759221993955 compThreshold=-12.0 compRatio=3.0 compAttack=0.003 compRelease=0.15 gain=1.5 t=64ms
2026-04-10 18:08:06.365 22731-25956 AudioRecord             com.reedersystems.commandcomms       D  start: 0x84cdea00, sync event 0 trigger session 0
2026-04-10 18:08:06.365   381-7372  APM_AudioPolicyManager  audioserver                          D  startInput() input 3182
2026-04-10 18:08:06.368   332-332   AudioALSAHardware       and...re.audio@2.0-service-mediatek  D  +routing createAudioPatch 80000004->Mixer Src 7
2026-04-10 18:08:06.368   332-332   AudioALSAStreamManager  and...re.audio@2.0-service-mediatek  D  +setParameters(), IOport = 3182, keyValuePairs = input_source=7;routing=-2147483644
2026-04-10 18:08:06.368   332-332   AudioALSAStreamIn       and...re.audio@2.0-service-mediatek  D  +setParameters(): input_source=7;routing=-2147483644
2026-04-10 18:08:06.369   332-332   AudioALSAStreamManager  and...re.audio@2.0-service-mediatek  D  +routingInputDevice(), input_device: 0x80000004 => 0x80000004
2026-04-10 18:08:06.369   332-332   AudioALSAStreamManager  and...re.audio@2.0-service-mediatek  W  -routingInputDevice(), input_device == current_input_device(0x80000004), return
2026-04-10 18:08:06.369   332-332   AudioALSAStreamIn       and...re.audio@2.0-service-mediatek  D  -setParameters(): input_source=7;routing=-2147483644 
2026-04-10 18:08:06.371 22731-25956 AudioRecord             com.reedersystems.commandcomms       D  start return status 0
2026-04-10 18:08:06.373   332-6537  AudioALSAStreamIn       and...re.audio@2.0-service-mediatek  D  addAudioEffect(), 0xb5d18d60
2026-04-10 18:08:06.373   332-6537  AudioALSAStreamIn       and...re.audio@2.0-service-mediatek  D  addAudioEffect(), effect name:Acoustic Echo Canceler, BackupCount=0
2026-04-10 18:08:06.373   332-6537  AudioALSAStreamIn       and...re.audio@2.0-service-mediatek  D  addAudioEffect(), AECOn, need reopen the capture handle
2026-04-10 18:08:06.373   332-6537  AudioALSAStreamIn       and...re.audio@2.0-service-mediatek  D  addAudioEffect()-
2026-04-10 18:08:06.373   332-14093 AudioALSAStreamIn       and...re.audio@2.0-service-mediatek  D  addAudioEffect(), 0xb488fdc0
2026-04-10 18:08:06.373   332-14093 AudioALSAStreamIn       and...re.audio@2.0-service-mediatek  D  addAudioEffect(), effect name:Noise Suppression, BackupCount=1
2026-04-10 18:08:06.373   332-14093 AudioALSAStreamIn       and...re.audio@2.0-service-mediatek  D  addAudioEffect()-
2026-04-10 18:08:06.375   397-8690  OMXNodeInstance         media.codec                          E  setConfig(0xab266e04:MTK.DECODER.RAW, ConfigPriority(0x6f800002)) ERROR: Undefined(0x80001001)
2026-04-10 18:08:06.376   390-28126 ACodec                  mediaserver                          I  codec does not support config priority (err -2147483648)
2026-04-10 18:08:06.378   332-28130 AudioALSAStreamIn       and...re.audio@2.0-service-mediatek  D  open()
2026-04-10 18:08:06.378   332-28130 AudioALSAStreamManager  and...re.audio@2.0-service-mediatek  D  +createCaptureHandler(), mAudioMode = 3, input_source = 7, input_device = 0x80000004, mBypassDualMICProcessUL=0, sample_rate=16000
2026-04-10 18:08:06.378   332-28130 NVRAM                   and...re.audio@2.0-service-mediatek  D  getNumMicSupport(), dualMicFlag 1, numMicString 2
2026-04-10 18:08:06.378   332-28130 NVRAM                   and...re.audio@2.0-service-mediatek  D  QueryFeatureSupportInfo(), feature support bit 0x1a097c57 
2026-04-10 18:08:06.378   332-28130 AudioALSAStreamManager  and...re.audio@2.0-service-mediatek  D  -EnableBesRecord(), 1
2026-04-10 18:08:06.378   332-28130 AudioALSAC...andlerBase and...re.audio@2.0-service-mediatek  D  AudioALSACaptureHandlerBase()
2026-04-10 18:08:06.378   332-28130 AudioALSAC...HandlerAEC and...re.audio@2.0-service-mediatek  D  AudioALSACaptureHandlerAEC()
2026-04-10 18:08:06.378   332-28130 AudioALSAC...HandlerAEC and...re.audio@2.0-service-mediatek  D  +open(), input_device = 0x80000004, input_source = 0x7, sample_rate=16000, num_channels=1, output_devices=0x2
2026-04-10 18:08:06.378   332-28130 AudioALSAC...DataClient and...re.audio@2.0-service-mediatek  D  AudioALSACaptureDataClient()
2026-04-10 18:08:06.378   332-28130 AudioSPELayer           and...re.audio@2.0-service-mediatek  D  SPELayer+
2026-04-10 18:08:06.378   332-28130 AudioSPELayer           and...re.audio@2.0-service-mediatek  D  GetVoIPJitterTime JitterTime=0,ret=1
2026-04-10 18:08:06.380   332-28130 AudioSPELayer           and...re.audio@2.0-service-mediatek  D  SPELayer-
2026-04-10 18:08:06.380   332-28130 AudioMTKGainController  and...re.audio@2.0-service-mediatek  D  +SetCaptureGain(), mode=3, source=7, input device=0x80000004, output device=0x2
2026-04-10 18:08:06.380   332-28130 AudioUtility            and...re.audio@2.0-service-mediatek  D  IsAudioSupportFeature AUDIO_SUPPORT_DMIC bSupportFlg[0]
2026-04-10 18:08:06.381   332-28130 AudioMTKGainController  and...re.audio@2.0-service-mediatek  D  ApplyMicGain(), mSceneIndex = 0, _mic_mode = 4, _gain_device = 2, mode = 3, micgain = 12, mULTotalGain = 120, mBand = 0, mNetwork = 0, analogidx = 0
2026-04-10 18:08:06.381   332-28130 AudioALSAC...DataClient and...re.audio@2.0-service-mediatek  D  AudioALSACaptureDataClient(), besrecord_enable=1, besrecord_scene=-1
2026-04-10 18:08:06.381   332-28130 AudioSPELayer           and...re.audio@2.0-service-mediatek  D  SetVMDumpEnable(), 0
2026-04-10 18:08:06.381   332-28130 AudioSPELayer           and...re.audio@2.0-service-mediatek  D  SetVMDumpFileName()+, VMFileName=
2026-04-10 18:08:06.381   332-28130 AudioSPELayer           and...re.audio@2.0-service-mediatek  D  SetVMDumpFileName()-, VMFileName=, mVMDumpFileName=
2026-04-10 18:08:06.381   332-28130 AudioSPELayer           and...re.audio@2.0-service-mediatek  D  SetPlatfromTimeOffset, old=0, new=-4
2026-04-10 18:08:06.381   332-28130 AudioALSAC...DataClient and...re.audio@2.0-service-mediatek  D  CheckBesRecordBypass() 0
2026-04-10 18:08:06.381   332-28130 AudioALSAC...DataClient and...re.audio@2.0-service-mediatek  D  +ConfigBesRecordParams()
2026-04-10 18:08:06.381   332-28130 AudioALSAC...DataClient and...re.audio@2.0-service-mediatek  D  +GetBesRecordRoutePath(), output device = 0x2, input device = 0x80000004
2026-04-10 18:08:06.381   332-28130 AudioALSAC...DataClient and...re.audio@2.0-service-mediatek  D  ConfigBesRecordParams(), categoryPath = Profile,Hands-free no 1mic NR, mBesRecordStereoMode = 0, input_source = 7, input_devices = 80000004, bVoIPEnable = 1, bypassDualProcess = 0
2026-04-10 18:08:06.381   332-28130 AudioSPELayer           and...re.audio@2.0-service-mediatek  D  SetCompFilter, SPE_MODE=2
2026-04-10 18:08:06.381   332-28130 NVRAM                   and...re.audio@2.0-service-mediatek  D  getNumMicSupport(), dualMicFlag 1, numMicString 2
2026-04-10 18:08:06.381   332-28130 NVRAM                   and...re.audio@2.0-service-mediatek  D  QueryFeatureSupportInfo(), feature support bit 0x1a097c57 
2026-04-10 18:08:06.381   332-28130 NVRAM                   and...re.audio@2.0-service-mediatek  D  getNumMicSupport(), dualMicFlag 1, numMicString 2
2026-04-10 18:08:06.381   332-28130 NVRAM                   and...re.audio@2.0-service-mediatek  D  QueryFeatureSupportInfo(), feature support bit 0x1a097c57 
2026-04-10 18:08:06.381   332-28130 AudioALSAC...DataClient and...re.audio@2.0-service-mediatek  D  SetDMNREnable(), type=2, bypassDMNR=0
2026-04-10 18:08:06.381   332-28130 NVRAM                   and...re.audio@2.0-service-mediatek  D  getNumMicSupport(), dualMicFlag 1, numMicString 2
2026-04-10 18:08:06.381   332-28130 NVRAM                   and...re.audio@2.0-service-mediatek  D  QueryFeatureSupportInfo(), feature support bit 0x1a097c57 
2026-04-10 18:08:06.381   332-28130 NVRAM                   and...re.audio@2.0-service-mediatek  D  getNumMicSupport(), dualMicFlag 1, numMicString 2
2026-04-10 18:08:06.381   332-28130 NVRAM                   and...re.audio@2.0-service-mediatek  D  QueryFeatureSupportInfo(), feature support bit 0x1a097c57 
2026-04-10 18:08:06.381   332-28130 AudioSPELayer           and...re.audio@2.0-service-mediatek  D  SetDynamicFuncCtrl(), SetDynamicFuncCtrl ffffffff(40), enable(1) == current_state(1)
2026-04-10 18:08:06.382   332-28130 AudioSPELayer           and...re.audio@2.0-service-mediatek  D  SetDynamicFuncCtrl(), SetDynamicFuncCtrl fffffffd
2026-04-10 18:08:06.382   332-28130 AudioSPELayer           and...re.audio@2.0-service-mediatek  D  SetRoute, 2
2026-04-10 18:08:06.382   332-28130 AudioSPELayer           and...re.audio@2.0-service-mediatek  D  SetMICDigitalGain, MIC_DG, SPE_MODE=2, gain=16
2026-04-10 18:08:06.382   332-28130 AudioSPELayer           and...re.audio@2.0-service-mediatek  D  SetUpLinkTotalGain, SPE_MODE=2, gain=120
2026-04-10 18:08:06.382   332-28130 AudioALSAC...DataClient and...re.audio@2.0-service-mediatek  D  -ConfigBesRecordParams()
2026-04-10 18:08:06.382   332-28130 AudioALSAC...DataClient and...re.audio@2.0-service-mediatek  D  +StartBesRecord()
2026-04-10 18:08:06.382   332-28130 AudioSPELayer           and...re.audio@2.0-service-mediatek  D  GetVoIPLatencyTime LatencyTime=0,ret=1
2026-04-10 18:08:06.382   332-28130 AudioSPELayer           and...re.audio@2.0-service-mediatek  D  mLatencyTime=4,mLatencyDir=0
2026-04-10 18:08:06.382   332-28130 AudioSPELayer           and...re.audio@2.0-service-mediatek  D  Start, SWIP ver = 10.2
2026-04-10 18:08:06.382   332-28130 AudioSPELayer           and...re.audio@2.0-service-mediatek  D  Start, going to configure,mSphCtrlBuffer=0xb3a83540,mem_size=226672
2026-04-10 18:08:06.382   332-28130 AudioSPELayer           and...re.audio@2.0-service-mediatek  D  dump, State=0, mode=0
2026-04-10 18:08:06.382   332-28130 AudioSPELayer           and...re.audio@2.0-service-mediatek  D  Record:Samplerate = 48000, FrameRate=20,App_table=8, Fea_Cfg_table=1ff
2026-04-10 18:08:06.382   332-28130 AudioSPELayer           and...re.audio@2.0-service-mediatek  D  Record:EnhanceParas
2026-04-10 18:08:06.382   332-28130 AudioSPELayer           and...re.audio@2.0-service-mediatek  D  [index 0] 96,253,16388,32796,49415,0,400
2026-04-10 18:08:06.382   332-28130 AudioSPELayer           and...re.audio@2.0-service-mediatek  D  [index 1] 0,272,4325,99,0,0,0
2026-04-10 18:08:06.382   332-28130 AudioSPELayer           and...re.audio@2.0-service-mediatek  D  [index 2] 0,8192,0,0,0,10752,32769
2026-04-10 18:08:06.382   332-28130 AudioSPELayer           and...re.audio@2.0-service-mediatek  D  [index 3] 0,0,0,0,0,0,0
2026-04-10 18:08:06.382   332-28130 AudioSPELayer           and...re.audio@2.0-service-mediatek  D  [index 4] 0,0,0,0,0,0,0
2026-04-10 18:08:06.383   332-28130 AudioSPELayer           and...re.audio@2.0-service-mediatek  D  [index 5] 0,0,0,0,0,0,0
2026-04-10 18:08:06.383   332-28130 AudioSPELayer           and...re.audio@2.0-service-mediatek  D  [index 6] 0,0,0,0,0,0,0
2026-04-10 18:08:06.383   332-28130 AudioSPELayer           and...re.audio@2.0-service-mediatek  D  [index 7] 0,0,0,0,0,0,0
2026-04-10 18:08:06.383   332-28130 AudioSPELayer           and...re.audio@2.0-service-mediatek  D  Using:Samplerate = 16000, FrameRate=20,MIC_DG=16, App_table=2, Fea_Cfg_table=1ff, MMI_table=fffffffd, Device_mode=2, MMI_MIC_GAIN=120
2026-04-10 18:08:06.383   332-28130 AudioSPELayer           and...re.audio@2.0-service-mediatek  D  Using:EnhanceParas
2026-04-10 18:08:06.383   332-28130 AudioSPELayer           and...re.audio@2.0-service-mediatek  D  [index 0] 192,224,2218,29,57351,24607,0
2026-04-10 18:08:06.383   332-28130 AudioSPELayer           and...re.audio@2.0-service-mediatek  D  [index 1] 4,276,197,611,0,13066,0
2026-04-10 18:08:06.383   332-28130 AudioSPELayer           and...re.audio@2.0-service-mediatek  D  [index 2] 0,0,0,0,0,0,0
