2026-03-30 19:38:55.055 26078-29085 AudioALSAP...andlerBase and...re.audio@2.0-service-mediatek  D  initBitConverter(), audio_format: 0x3 => 0x4, bcv_pcm_format = 0x3
2026-03-30 19:38:55.055 26078-29085 MtkAudioBitConverter    and...re.audio@2.0-service-mediatek  D  +open(), format 3, CH 2, SR 48000
2026-03-30 19:38:55.055 26078-29085 MtkAudioBitConverter    and...re.audio@2.0-service-mediatek  D  +resetBuffer()
2026-03-30 19:38:55.055 26078-29085 AudioALSAH...rceManager and...re.audio@2.0-service-mediatek  D  +startOutputDevice(), new_devices = 0x2, mOutputDevices = 0x0, mStartOutputDevicesCount = 0 SampleRate = 48000
2026-03-30 19:38:55.055 26078-29085 AudioALSADriverUtility  and...re.audio@2.0-service-mediatek  D  GetPropertyValue key = af.resouce.extdac_support value = 0
2026-03-30 19:38:55.055 26078-29085 AudioALSAD...figManager and...re.audio@2.0-service-mediatek  D  ApplyDeviceTurnonSequenceByName() DeviceName = speaker_output descriptor->DeviceStatusCounte = 0
2026-03-30 19:38:55.057 26078-29085 AudioALSAD...figManager and...re.audio@2.0-service-mediatek  D  ApplyDeviceTurnonSequenceByName() DeviceName = ext_speaker_output descriptor->DeviceStatusCounte = 0
2026-03-30 19:38:55.061 26078-29085 AudioVoiceUIDL          and...re.audio@2.0-service-mediatek  D  [GetSRCInputParameter] mOutputSampleRate 16000,  mInputSampleRate 48000, mInChannel 2, mOutChannel, 0 format 4
2026-03-30 19:38:55.061 26078-29085 AudioVoiceUIDL          and...re.audio@2.0-service-mediatek  D  [GetSRCInputParameter] create SRC handle fail
2026-03-30 19:38:55.061 26078-29085 AudioALSAP...dlerNormal and...re.audio@2.0-service-mediatek  D  -open()
2026-03-30 19:38:55.063 25998-25998 gle.vp8.encoder         media.codec                          W  type=1400 audit(0.0:252436): avc: denied { getattr } for path="/dev/sw_sync" dev="tmpfs" ino=236 scontext=u:r:mediacodec:s0 tcontext=u:object_r:sw_sync_device:s0 tclass=chr_file permissive=0
2026-03-30 19:38:55.083 25998-25998 gle.vp8.encoder         media.codec                          W  type=1400 audit(0.0:252437): avc: denied { getattr } for path="/dev/sw_sync" dev="tmpfs" ino=236 scontext=u:r:mediacodec:s0 tcontext=u:object_r:sw_sync_device:s0 tclass=chr_file permissive=0
2026-03-30 19:38:55.170 25998-25998 gle.vp8.encoder         media.codec                          W  type=1400 audit(0.0:252438): avc: denied { getattr } for path="/dev/sw_sync" dev="tmpfs" ino=236 scontext=u:r:mediacodec:s0 tcontext=u:object_r:sw_sync_device:s0 tclass=chr_file permissive=0
2026-03-30 19:38:55.232 26078-26142 AudioALSAStreamManager  and...re.audio@2.0-service-mediatek  D  openInputStream(), devices = 0x80000004, format = 0x1, channels = 0x10, sampleRate = 48000, status = 302, acoustics = 0x0
2026-03-30 19:38:55.232 26078-26142 AudioALSAStreamIn       and...re.audio@2.0-service-mediatek  D  AudioALSAStreamIn()
2026-03-30 19:38:55.232 26078-26142 AudioALSAStreamIn       and...re.audio@2.0-service-mediatek  D  set(), devices = 0x80000004, format = 0x1, channels = 0x10, sampleRate = 48000, acoustics = 0x0, flags = 0
2026-03-30 19:38:55.232 26078-26142 AudioALSAStreamIn       and...re.audio@2.0-service-mediatek  D  CheckBesRecordInfo()
2026-03-30 19:38:55.232 26078-26142 AudioSpeechEnhanceInfo  and...re.audio@2.0-service-mediatek  D  GetBesRecScene() -1
2026-03-30 19:38:55.232 26078-26142 AudioSpeechEnhanceInfo  and...re.audio@2.0-service-mediatek  D  IsBesRecTuningEnable()- 0
2026-03-30 19:38:55.232 26078-26142 NVRAM                   and...re.audio@2.0-service-mediatek  D  getNumMicSupport(), dualMicFlag 1, numMicString 2
2026-03-30 19:38:55.232 26078-26142 NVRAM                   and...re.audio@2.0-service-mediatek  D  QueryFeatureSupportInfo(), feature support bit 0x1a097c57 
2026-03-30 19:38:55.232 26078-26142 AudioSpeechEnhanceInfo  and...re.audio@2.0-service-mediatek  D  IsAPDMNRTuningEnable(), 0
2026-03-30 19:38:55.232 26078-26142 NVRAM                   and...re.audio@2.0-service-mediatek  D  getNumMicSupport(), dualMicFlag 1, numMicString 2
2026-03-30 19:38:55.232 26078-26142 NVRAM                   and...re.audio@2.0-service-mediatek  D  QueryFeatureSupportInfo(), feature support bit 0x1a097c57 
2026-03-30 19:38:55.232 26078-26142 AudioSpeechEnhanceInfo  and...re.audio@2.0-service-mediatek  D  GetForceMagiASRState(), feature_support=1a097c57, 400, mForceMagiASR=0
2026-03-30 19:38:55.232 26078-26142 AudioSpeechEnhanceInfo  and...re.audio@2.0-service-mediatek  D  GetForceAECRecState(), mForceAECRec=0
2026-03-30 19:38:55.232 26078-26142 AudioALSAStreamIn       and...re.audio@2.0-service-mediatek  D  set() done, sampleRate = 48000, num_channels = 1, buffer_size=1920, tempDebugflag = 0
2026-03-30 19:38:55.232 26078-26142 AudioALSAStreamManager  and...re.audio@2.0-service-mediatek  D  -openInputStream(), in = 0xae76aa00, status = 0x0, mStreamInVector.size() = 1
2026-03-30 19:38:55.232 26078-26142 AudioALSAStreamIn       and...re.audio@2.0-service-mediatek  D  +setParameters(): input_source=7
2026-03-30 19:38:55.232 26078-26142 AudioALSAStreamIn       and...re.audio@2.0-service-mediatek  D  -setParameters(): input_source=7 
2026-03-30 19:38:55.237 26078-26142 AudioALSAStreamIn       and...re.audio@2.0-service-mediatek  D  +standby()
2026-03-30 19:38:55.237 26078-26142 AudioALSAStreamIn       and...re.audio@2.0-service-mediatek  D  -standby()
2026-03-30 19:38:55.240 26078-24807 AudioALSAStreamIn       and...re.audio@2.0-service-mediatek  D  +standby()
2026-03-30 19:38:55.241 26078-24807 AudioALSAStreamIn       and...re.audio@2.0-service-mediatek  D  -standby()
2026-03-30 19:38:55.266 26078-24661 AudioALSAHardware       and...re.audio@2.0-service-mediatek  D  +routing createAudioPatch 80000004->Mixer Src 7
2026-03-30 19:38:55.266 26078-24661 AudioALSAStreamManager  and...re.audio@2.0-service-mediatek  D  +setParameters(), IOport = 302, keyValuePairs = input_source=7;routing=-2147483644
2026-03-30 19:38:55.266 26078-24661 AudioALSAStreamIn       and...re.audio@2.0-service-mediatek  D  +setParameters(): input_source=7;routing=-2147483644
2026-03-30 19:38:55.266 26078-24661 AudioALSAStreamManager  and...re.audio@2.0-service-mediatek  D  +routingInputDevice(), input_device: 0x80000004 => 0x80000004
2026-03-30 19:38:55.267 26078-24661 AudioALSAStreamManager  and...re.audio@2.0-service-mediatek  W  -routingInputDevice(), input_device == current_input_device(0x80000004), return
2026-03-30 19:38:55.267 26078-24661 AudioALSAStreamIn       and...re.audio@2.0-service-mediatek  D  -setParameters(): input_source=7;routing=-2147483644 
2026-03-30 19:38:55.270 26078-24807 AudioALSAStreamIn       and...re.audio@2.0-service-mediatek  D  addAudioEffect(), 0xae718d60
2026-03-30 19:38:55.270 26078-24807 AudioALSAStreamIn       and...re.audio@2.0-service-mediatek  D  addAudioEffect(), effect name:Acoustic Echo Canceler, BackupCount=0
2026-03-30 19:38:55.270 26078-24807 AudioALSAStreamIn       and...re.audio@2.0-service-mediatek  D  addAudioEffect(), AECOn, need reopen the capture handle
2026-03-30 19:38:55.270 26078-24807 AudioALSAStreamIn       and...re.audio@2.0-service-mediatek  D  addAudioEffect()-
2026-03-30 19:38:55.270 26078-13805 AudioALSAStreamIn       and...re.audio@2.0-service-mediatek  D  addAudioEffect(), 0xad28fdc0
2026-03-30 19:38:55.270 26078-13805 AudioALSAStreamIn       and...re.audio@2.0-service-mediatek  D  addAudioEffect(), effect name:Noise Suppression, BackupCount=1
2026-03-30 19:38:55.270 26078-13805 AudioALSAStreamIn       and...re.audio@2.0-service-mediatek  D  addAudioEffect()-
2026-03-30 19:38:55.273 26078-32459 AudioALSAStreamIn       and...re.audio@2.0-service-mediatek  D  open()
2026-03-30 19:38:55.273 26078-32459 AudioALSAStreamManager  and...re.audio@2.0-service-mediatek  D  +createCaptureHandler(), mAudioMode = 0, input_source = 7, input_device = 0x80000004, mBypassDualMICProcessUL=0, sample_rate=48000
2026-03-30 19:38:55.273 26078-32459 NVRAM                   and...re.audio@2.0-service-mediatek  D  getNumMicSupport(), dualMicFlag 1, numMicString 2
2026-03-30 19:38:55.274 26078-32459 NVRAM                   and...re.audio@2.0-service-mediatek  D  QueryFeatureSupportInfo(), feature support bit 0x1a097c57 
2026-03-30 19:38:55.274 26078-32459 AudioALSAStreamManager  and...re.audio@2.0-service-mediatek  D  -EnableBesRecord(), 1
2026-03-30 19:38:55.274 26078-32459 AudioALSAC...andlerBase and...re.audio@2.0-service-mediatek  D  AudioALSACaptureHandlerBase()
2026-03-30 19:38:55.274 26078-32459 AudioALSAC...HandlerAEC and...re.audio@2.0-service-mediatek  D  AudioALSACaptureHandlerAEC()
2026-03-30 19:38:55.274 26078-32459 AudioALSAC...HandlerAEC and...re.audio@2.0-service-mediatek  D  +open(), input_device = 0x80000004, input_source = 0x7, sample_rate=48000, num_channels=1, output_devices=0x2
2026-03-30 19:38:55.274 26078-32459 AudioALSAC...DataClient and...re.audio@2.0-service-mediatek  D  AudioALSACaptureDataClient()
2026-03-30 19:38:55.274 26078-32459 AudioSPELayer           and...re.audio@2.0-service-mediatek  D  SPELayer+
2026-03-30 19:38:55.274 26078-32459 AudioSPELayer           and...re.audio@2.0-service-mediatek  D  GetVoIPJitterTime JitterTime=0,ret=1
2026-03-30 19:38:55.270 25998-25998 gle.vp8.encoder         media.codec                          W  type=1400 audit(0.0:252439): avc: denied { getattr } for path="/dev/sw_sync" dev="tmpfs" ino=236 scontext=u:r:mediacodec:s0 tcontext=u:object_r:sw_sync_device:s0 tclass=chr_file permissive=0
2026-03-30 19:38:55.280 26078-32459 AudioSPELayer           and...re.audio@2.0-service-mediatek  D  SPELayer-
2026-03-30 19:38:55.280 26078-32459 AudioMTKGainController  and...re.audio@2.0-service-mediatek  D  +SetCaptureGain(), mode=0, source=7, input device=0x80000004, output device=0x2
2026-03-30 19:38:55.281 26078-32459 NVRAM                   and...re.audio@2.0-service-mediatek  D  getNumMicSupport(), dualMicFlag 1, numMicString 2
2026-03-30 19:38:55.281 26078-32459 NVRAM                   and...re.audio@2.0-service-mediatek  D  QueryFeatureSupportInfo(), feature support bit 0x1a097c57 
2026-03-30 19:38:55.281 26078-32459 AudioSpeechEnhanceInfo  and...re.audio@2.0-service-mediatek  D  IsAPDMNRTuningEnable(), 0
2026-03-30 19:38:55.281 26078-32459 AudioUtility            and...re.audio@2.0-service-mediatek  D  IsAudioSupportFeature AUDIO_SUPPORT_DMIC bSupportFlg[0]
2026-03-30 19:38:55.281 26078-32459 AudioMTKGainController  and...re.audio@2.0-service-mediatek  D  ApplyMicGain(), mSceneIndex = 0, _mic_mode = 0, _gain_device = 2, mode = 0, micgain = 20, mULTotalGain = 152, mBand = 0, mNetwork = 0, analogidx = 2
2026-03-30 19:38:55.281 26078-32459 AudioALSAC...DataClient and...re.audio@2.0-service-mediatek  D  AudioALSACaptureDataClient(), besrecord_enable=1, besrecord_scene=-1
2026-03-30 19:38:55.281 26078-32459 AudioSPELayer           and...re.audio@2.0-service-mediatek  D  SetVMDumpEnable(), 0
2026-03-30 19:38:55.281 26078-32459 AudioSPELayer           and...re.audio@2.0-service-mediatek  D  SetVMDumpFileName()+, VMFileName=
2026-03-30 19:38:55.281 26078-32459 AudioSPELayer           and...re.audio@2.0-service-mediatek  D  SetVMDumpFileName()-, VMFileName=, mVMDumpFileName=
2026-03-30 19:38:55.281 26078-32459 AudioSPELayer           and...re.audio@2.0-service-mediatek  D  SetPlatfromTimeOffset, old=0, new=-4
2026-03-30 19:38:55.281 26078-32459 AudioALSAC...DataClient and...re.audio@2.0-service-mediatek  D  CheckBesRecordBypass() 0
2026-03-30 19:38:55.281 26078-32459 AudioALSAC...DataClient and...re.audio@2.0-service-mediatek  D  +ConfigBesRecordParams()
2026-03-30 19:38:55.281 26078-32459 AudioALSAC...DataClient and...re.audio@2.0-service-mediatek  D  +GetBesRecordRoutePath(), output device = 0x2, input device = 0x80000004
2026-03-30 19:38:55.281 26078-32459 AudioALSAC...DataClient and...re.audio@2.0-service-mediatek  D  ConfigBesRecordParams(), categoryPath = Profile,Hands-free no 1mic NR, mBesRecordStereoMode = 0, input_source = 7, input_devices = 80000004, bVoIPEnable = 1, bypassDualProcess = 0
2026-03-30 19:38:55.281 26078-32459 AudioSPELayer           and...re.audio@2.0-service-mediatek  D  SetCompFilter, SPE_MODE=2
2026-03-30 19:38:55.281 26078-32459 NVRAM                   and...re.audio@2.0-service-mediatek  D  getNumMicSupport(), dualMicFlag 1, numMicString 2
2026-03-30 19:38:55.281 26078-32459 NVRAM                   and...re.audio@2.0-service-mediatek  D  QueryFeatureSupportInfo(), feature support bit 0x1a097c57 
2026-03-30 19:38:55.281 26078-32459 NVRAM                   and...re.audio@2.0-service-mediatek  D  getNumMicSupport(), dualMicFlag 1, numMicString 2
2026-03-30 19:38:55.281 26078-32459 NVRAM                   and...re.audio@2.0-service-mediatek  D  QueryFeatureSupportInfo(), feature support bit 0x1a097c57 
2026-03-30 19:38:55.282 26078-32459 AudioALSAC...DataClient and...re.audio@2.0-service-mediatek  D  SetDMNREnable(), type=2, bypassDMNR=0
2026-03-30 19:38:55.282 26078-32459 NVRAM                   and...re.audio@2.0-service-mediatek  D  getNumMicSupport(), dualMicFlag 1, numMicString 2
2026-03-30 19:38:55.282 26078-32459 NVRAM                   and...re.audio@2.0-service-mediatek  D  QueryFeatureSupportInfo(), feature support bit 0x1a097c57 
2026-03-30 19:38:55.282 26078-32459 NVRAM                   and...re.audio@2.0-service-mediatek  D  getNumMicSupport(), dualMicFlag 1, numMicString 2
2026-03-30 19:38:55.282 26078-32459 NVRAM                   and...re.audio@2.0-service-mediatek  D  QueryFeatureSupportInfo(), feature support bit 0x1a097c57 
2026-03-30 19:38:55.282 26078-32459 AudioSPELayer           and...re.audio@2.0-service-mediatek  D  SetDynamicFuncCtrl(), SetDynamicFuncCtrl ffffffff(40), enable(1) == current_state(1)
2026-03-30 19:38:55.282 26078-32459 AudioSPELayer           and...re.audio@2.0-service-mediatek  D  SetDynamicFuncCtrl(), SetDynamicFuncCtrl fffffffd
2026-03-30 19:38:55.282 26078-32459 AudioSPELayer           and...re.audio@2.0-service-mediatek  D  SetRoute, 2
2026-03-30 19:38:55.282 26078-32459 AudioSPELayer           and...re.audio@2.0-service-mediatek  D  SetMICDigitalGain, MIC_DG, SPE_MODE=2, gain=12
2026-03-30 19:38:55.282 26078-32459 AudioSPELayer           and...re.audio@2.0-service-mediatek  D  SetUpLinkTotalGain, SPE_MODE=2, gain=152
2026-03-30 19:38:55.282 26078-32459 AudioALSAC...DataClient and...re.audio@2.0-service-mediatek  D  -ConfigBesRecordParams()
2026-03-30 19:38:55.282 26078-32459 AudioALSAC...DataClient and...re.audio@2.0-service-mediatek  D  +StartBesRecord()
2026-03-30 19:38:55.282 26078-32459 AudioSPELayer           and...re.audio@2.0-service-mediatek  D  GetVoIPLatencyTime LatencyTime=0,ret=1
2026-03-30 19:38:55.282 26078-32459 AudioSPELayer           and...re.audio@2.0-service-mediatek  D  mLatencyTime=4,mLatencyDir=0
2026-03-30 19:38:55.282 26078-32459 AudioSPELayer           and...re.audio@2.0-service-mediatek  D  Start, SWIP ver = 10.2
2026-03-30 19:38:55.282 26078-32459 AudioSPELayer           and...re.audio@2.0-service-mediatek  D  Start, going to configure,mSphCtrlBuffer=0xac4c51c0,mem_size=226672
2026-03-30 19:38:55.282 26078-32459 AudioSPELayer           and...re.audio@2.0-service-mediatek  D  dump, State=0, mode=0
2026-03-30 19:38:55.283 26078-32459 AudioSPELayer           and...re.audio@2.0-service-mediatek  D  Record:Samplerate = 48000, FrameRate=20,App_table=8, Fea_Cfg_table=1ff
2026-03-30 19:38:55.283 26078-32459 AudioSPELayer           and...re.audio@2.0-service-mediatek  D  Record:EnhanceParas
2026-03-30 19:38:55.283 26078-32459 AudioSPELayer           and...re.audio@2.0-service-mediatek  D  [index 0] 96,253,16388,32796,49415,0,400
2026-03-30 19:38:55.283 26078-32459 AudioSPELayer           and...re.audio@2.0-service-mediatek  D  [index 1] 0,272,4325,99,0,0,0
2026-03-30 19:38:55.283 26078-32459 AudioSPELayer           and...re.audio@2.0-service-mediatek  D  [index 2] 0,8192,0,0,0,10752,32769
2026-03-30 19:38:55.283 26078-32459 AudioSPELayer           and...re.audio@2.0-service-mediatek  D  [index 3] 0,0,0,0,0,0,0
2026-03-30 19:38:55.283 26078-32459 AudioSPELayer           and...re.audio@2.0-service-mediatek  D  [index 4] 0,0,0,0,0,0,0
2026-03-30 19:38:55.283 26078-32459 AudioSPELayer           and...re.audio@2.0-service-mediatek  D  [index 5] 0,0,0,0,0,0,0
2026-03-30 19:38:55.283 26078-32459 AudioSPELayer           and...re.audio@2.0-service-mediatek  D  [index 6] 0,0,0,0,0,0,0
2026-03-30 19:38:55.283 26078-32459 AudioSPELayer           and...re.audio@2.0-service-mediatek  D  [index 7] 0,0,0,0,0,0,0
2026-03-30 19:38:55.283 26078-32459 AudioSPELayer           and...re.audio@2.0-service-mediatek  D  Using:Samplerate = 16000, FrameRate=20,MIC_DG=12, App_table=2, Fea_Cfg_table=1ff, MMI_table=fffffffd, Device_mode=2, MMI_MIC_GAIN=152
2026-03-30 19:38:55.283 26078-32459 AudioSPELayer           and...re.audio@2.0-service-mediatek  D  Using:EnhanceParas
2026-03-30 19:38:55.283 26078-32459 AudioSPELayer           and...re.audio@2.0-service-mediatek  D  [index 0] 192,224,2218,29,57351,24607,0
2026-03-30 19:38:55.283 26078-32459 AudioSPELayer           and...re.audio@2.0-service-mediatek  D  [index 1] 4,276,197,611,0,13066,0
2026-03-30 19:38:55.283 26078-32459 AudioSPELayer           and...re.audio@2.0-service-mediatek  D  [index 2] 0,0,0,0,0,0,0
2026-03-30 19:38:55.283 26078-32459 AudioSPELayer           and...re.audio@2.0-service-mediatek  D  [index 3] 0,0,0,0,0,0,0
2026-03-30 19:38:55.283 26078-32459 AudioSPELayer           and...re.audio@2.0-service-mediatek  D  [index 4] 0,0,0,0,0,0,0
2026-03-30 19:38:55.283 26078-32459 AudioSPELayer           and...re.audio@2.0-service-mediatek  D  [index 5] 0,0,0,0,0,0,0
2026-03-30 19:38:55.283 26078-32459 AudioSPELayer           and...re.audio@2.0-service-mediatek  D  [index 6] 0,0,0,0,0,0,0
2026-03-30 19:38:55.283 26078-32459 AudioSPELayer           and...re.audio@2.0-service-mediatek  D  [index 7] 55997,31000,10752,32769,0,0,0
2026-03-30 19:38:55.283 26078-32459 AudioSPELayer           and...re.audio@2.0-service-mediatek  D  Using:DMNRCalData
2026-03-30 19:38:55.283 26078-32459 AudioSPELayer           and...re.audio@2.0-service-mediatek  D  [index 0] 0,0,0,0,0,0,0,0,0,0,0,0,0,0,0,0,0,0,0
2026-03-30 19:38:55.283 26078-32459 AudioSPELayer           and...re.audio@2.0-service-mediatek  D  [index 1] 0,0,0,0,0,0,0,0,0,0,0,0,0,0,0,0,0,0,0
2026-03-30 19:38:55.283 26078-32459 AudioSPELayer           and...re.audio@2.0-service-mediatek  D  [index 2] 0,0,0,0,0,0,0,0,0,0,0,0,0,0,0,0,0,0,0
2026-03-30 19:38:55.283 26078-32459 AudioSPELayer           and...re.audio@2.0-service-mediatek  D  [index 3] 0,0,0,0,0,0,0,0,0,0,0,0,0,0,0,0,0,0,0
2026-03-30 19:38:55.283 26078-32459 AudioSPELayer           and...re.audio@2.0-service-mediatek  D  mSph_Enh_ctrl.frame_rate 20
2026-03-30 19:38:55.284 26078-32459 AudioSPELayer           and...re.audio@2.0-service-mediatek  D  mNsecPerSample=62500
2026-03-30 19:38:55.284 26078-32459 AudioSPELayer           and...re.audio@2.0-service-mediatek  D  mSPEProcessBufSize=1280
2026-03-30 19:38:55.284 26078-32459 AudioALSAC...DataClient and...re.audio@2.0-service-mediatek  D  -StartBesRecord()
2026-03-30 19:38:55.284 26078-32459 AudioALSAC...DataClient and...re.audio@2.0-service-mediatek  D  IsLowLatencyCapture(), low_latency_on: 0, voip_on: 1
2026-03-30 19:38:55.284 26078-32459 chatty                  and...re.audio@2.0-service-mediatek  I  uid=1041(audioserver) audio@2.0-servi identical 2 lines
2026-03-30 19:38:55.284 26078-32459 AudioALSAC...DataClient and...re.audio@2.0-service-mediatek  D  IsLowLatencyCapture(), low_latency_on: 0, voip_on: 1
2026-03-30 19:38:55.284 26078-32459 AudioALSAC...DataClient and...re.audio@2.0-service-mediatek  D  sample rate = 48000, drop ms = 25, channels = 1, byts per sample = 2, dropBesRecordDataSize = 3840
2026-03-30 19:38:55.284 26078-32459 AudioPreProcess         and...re.audio@2.0-service-mediatek  D  AudioPreProcess()+
2026-03-30 19:38:55.284 26078-32459 AudioPreProcess         and...re.audio@2.0-service-mediatek  D  AudioPreProcess()-
2026-03-30 19:38:55.284 26078-32459 AudioALSAC...DataClient and...re.audio@2.0-service-mediatek  D  +CheckNativeEffect() 2
2026-03-30 19:38:55.284 26078-32459 AudioPreProcess         and...re.audio@2.0-service-mediatek  D  CheckNativeEffect()+ 0 using
2026-03-30 19:38:55.284 26078-32459 AudioPreProcess         and...re.audio@2.0-service-mediatek  D  PreProcessEffect_Count 2
2026-03-30 19:38:55.284 26078-32459 AudioPreProcess         and...re.audio@2.0-service-mediatek  D  addAudioEffect()+ 0xae718d60
2026-03-30 19:38:55.284 26078-32459 AudioPreProcess         and...re.audio@2.0-service-mediatek  D  find AEC: 0x0
2026-03-30 19:38:55.284 26078-32459 AudioPreProcess         and...re.audio@2.0-service-mediatek  D  open AEC even record is already start
2026-03-30 19:38:55.284 26078-32459 AudioPreProcess         and...re.audio@2.0-service-mediatek  D  start_echo_reference()+ channel_count=1,sampling_rate=48000,mEcho_Reference=0x0
2026-03-30 19:38:55.284 26078-32459 AudioPreProcess         and...re.audio@2.0-service-mediatek  D  clear_echo_reference()+ 0x0
2026-03-30 19:38:55.284 26078-32459 AudioPreProcess         and...re.audio@2.0-service-mediatek  D  clear_echo_reference()-
2026-03-30 19:38:55.284 26078-32459 AudioPreProcess         and...re.audio@2.0-service-mediatek  D  start_echo_reference,wr_channel_count=2,wr_sampling_rate=48000
2026-03-30 19:38:55.284 26078-32459 AudioPreProcess         and...re.audio@2.0-service-mediatek  D  start_echo_reference(),wr_channel_count=2,wr_sampling_rate=48000
2026-03-30 19:38:55.284 26078-32459 AudioPreProcess         and...re.audio@2.0-service-mediatek  D  add_echo_reference()+, reference=0xad1a2d80
2026-03-30 19:38:55.284 26078-32459 AudioPreProcess         and...re.audio@2.0-service-mediatek  D  add_echo_reference()-
2026-03-30 19:38:55.284 26078-32459 AudioPreProcess         and...re.audio@2.0-service-mediatek  D  start_echo_reference()-
2026-03-30 19:38:55.284 26078-32459 AudioPreProcess         and...re.audio@2.0-service-mediatek  D  in_configure_reverse()+
2026-03-30 19:38:55.284 26078-32459 AudioPreProcess         and...re.audio@2.0-service-mediatek  D  in_configure_reverse()-, status=0
2026-03-30 19:38:55.284 26078-32459 AudioPreProcess         and...re.audio@2.0-service-mediatek  D  addAudioEffect(), effect type: 7b491460, effect name:Acoustic Echo Canceler
2026-03-30 19:38:55.284 26078-32459 AudioPreProcess         and...re.audio@2.0-service-mediatek  D  addAudioEffect(), StreamInAttributeinfo num_channels=1, audio_channel_mask=10, sample_rate=48000
2026-03-30 19:38:55.284 26078-32459 AudioPreProcess         and...re.audio@2.0-service-mediatek  D  addAudioEffect()-, RetStatus=0
2026-03-30 19:38:55.284 26078-32459 AudioPreProcess         and...re.audio@2.0-service-mediatek  D  addAudioEffect()+ 0xad28fdc0
2026-03-30 19:38:55.284 26078-32459 AudioPreProcess         and...re.audio@2.0-service-mediatek  D  addAudioEffect(), effect type: 58b4b260, effect name:Noise Suppression
2026-03-30 19:38:55.284 26078-32459 AudioPreProcess         and...re.audio@2.0-service-mediatek  D  addAudioEffect(), StreamInAttributeinfo num_channels=1, audio_channel_mask=10, sample_rate=48000
2026-03-30 19:38:55.284 26078-32459 AudioPreProcess         and...re.audio@2.0-service-mediatek  D  addAudioEffect()-, RetStatus=0
2026-03-30 19:38:55.284 26078-32459 AudioPreProcess         and...re.audio@2.0-service-mediatek  D  CheckNativeEffect()-
2026-03-30 19:38:55.284 26078-32459 AudioALSAC...DataClient and...re.audio@2.0-service-mediatek  D  -CheckNativeEffect()
2026-03-30 19:38:55.284 26078-32459 AudioALSAC...oviderBase and...re.audio@2.0-service-mediatek  D  configStreamAttribute(), audio_mode: 0 => 0, input_device: 0x80000004 => 0x80000004, flag: 0x0 => 0x0, input_source: 7->7
2026-03-30 19:38:55.284 26078-32459 AudioALSAC...oviderBase and...re.audio@2.0-service-mediatek  D  attach(), 0xad31df00, mCaptureDataClientVector.size()=0, Identity=0xae77d980
2026-03-30 19:38:55.284 26078-32459 AudioALSADeviceParser   and...re.audio@2.0-service-mediatek  D  compare pcm success = 1, stringpair = MultiMedia1_Capture
2026-03-30 19:38:55.285 26078-32459 AudioALSAC...iderNormal and...re.audio@2.0-service-mediatek  D  open(+), audiomode=0, cardindex = 0, pcmindex = 1
2026-03-30 19:38:55.286 26078-32459 AudioSpeechEnhanceInfo  and...re.audio@2.0-service-mediatek  D  GetHifiRecord, mHiFiRecordEnable=0
2026-03-30 19:38:55.286 26078-32459 AudioALSAC...iderNormal and...re.audio@2.0-service-mediatek  D  buffersizemax: 49152, bHifiRecord: 0, btempDebug: 0
2026-03-30 19:38:55.286 26078-32459 AudioALSAC...DataClient and...re.audio@2.0-service-mediatek  D  IsLowLatencyCapture(), low_latency_on: 0, voip_on: 1
2026-03-30 19:38:55.286 26078-32459 AudioALSAC...iderNormal and...re.audio@2.0-service-mediatek  D  mConfig format: 1, channels: 2, rate: 48000, period_size: 960, period_count: 6, latency: 20, kReadBufferSize: 7680, mCaptureDropSize: 0
2026-03-30 19:38:55.286 26078-32459 AudioALSADeviceParser   and...re.audio@2.0-service-mediatek  D  compare pcm success = 1, stringpair = MultiMedia1_Capture
2026-03-30 19:38:55.287 26078-32459 AudioALSAH...rceManager and...re.audio@2.0-service-mediatek  D  +startInputDevice(), new_device = 0x80000004, mInputDevice = 0x0, mStartInputDeviceCount = 0, mMicInverse = 0, mNumPhoneMicSupport = 2
2026-03-30 19:38:55.287 26078-32459 AudioALSAD...figManager and...re.audio@2.0-service-mediatek  D  ApplyDeviceSettingByName() DeviceName = Mic1TypeACCMode descriptor->DeviceStatusCounter = 0
2026-03-30 19:38:55.287 26078-32459 AudioALSAD...figManager and...re.audio@2.0-service-mediatek  D  ApplyDeviceSettingByName() DeviceName = Mic2TypeACCMode descriptor->DeviceStatusCounter = 0
2026-03-30 19:38:55.287 26078-32459 AudioUtility            and...re.audio@2.0-service-mediatek  D  IsAudioSupportFeature AUDIO_SUPPORT_DMIC bSupportFlg[0]
2026-03-30 19:38:55.287 26078-32459 AudioALSAD...figManager and...re.audio@2.0-service-mediatek  D  ApplyDeviceTurnonSequenceByName() DeviceName = builtin_Mic_DualMic descriptor->DeviceStatusCounte = 0
2026-03-30 19:38:55.288 26078-32459 AudioALSAC...iderNormal and...re.audio@2.0-service-mediatek  D  open(-)
2026-03-30 19:38:55.288 26078-32459 AudioSPELayer           and...re.audio@2.0-service-mediatek  D  SetUPLinkDropTime, 0
2026-03-30 19:38:55.288 26078-32459 AudioALSAC...DataClient and...re.audio@2.0-service-mediatek  D  CheckNeedBesRecordSRC(), mStreamAttributeSource->sample_rate=48000, mStreamAttributeSource->num_channels=2, mStreamAttributeTarget->sample_rate=48000,mStreamAttributeTarget->num_channels=1, BesRecord_usingsamplerate=16000
2026-03-30 19:38:55.288 26078-32459 MtkAudioSrc             and...re.audio@2.0-service-mediatek  D  open(), SR 48000, CH 2; out SR 16000, CH 2; format 0, mState = 2
2026-03-30 19:38:55.288 26078-32459 MtkAudioSrc             and...re.audio@2.0-service-mediatek  D  open(), SR 16000, CH 2; out SR 48000, CH 2; format 0, mState = 2
2026-03-30 19:38:55.288 26078-32459 AudioALSAC...DataClient and...re.audio@2.0-service-mediatek  D  CheckNeedBesRecordSRC(), 1, 16000, mBesRecSRCSizeFactor=1
2026-03-30 19:38:55.288 26078-32459 AudioALSAC...DataClient and...re.audio@2.0-service-mediatek  D  CheckChannelRemixOp(), ch 2->1 (mBesRecordStereoMode = 0, BesRecord enable = 1), ChannelRemixOp = 4
2026-03-30 19:38:55.288 26078-32459 AudioALSAC...DataClient and...re.audio@2.0-service-mediatek  D  +AddEchoRefDataProvider()
2026-03-30 19:38:55.288 26078-32459 AudioALSAC...DataClient and...re.audio@2.0-service-mediatek  D  AddEchoRefDataProvider(), mCaptureDataProviderEchoRef=0xad31e900
2026-03-30 19:38:55.288 26078-32459 AudioALSAC...oviderBase and...re.audio@2.0-service-mediatek  D  attach(), 0xad31e900, mCaptureDataClientVector.size()=0, Identity=0xae77d980
2026-03-30 19:38:55.288 26078-32459 AudioALSAC...derEchoRef and...re.audio@2.0-service-mediatek  D  open()
2026-03-30 19:38:55.288 26078-32459 AudioALSAC...DataClient and...re.audio@2.0-service-mediatek  D  IsLowLatencyCapture(), low_latency_on: 0, voip_on: 1
2026-03-30 19:38:55.288 26078-32459 AudioALSAC...derEchoRef and...re.audio@2.0-service-mediatek  D  open(), audio_format = 1, audio_channel_mask=c, num_channels=2, sample_rate=48000, buf_total_latency=120ms
2026-03-30 19:38:55.288 26078-32459 AudioALSAC...derEchoRef and...re.audio@2.0-service-mediatek  D  open(), format = 0, channels=2, rate=48000, period_size=240, period_count=24,latency=5,kReadBufferSize=960
2026-03-30 19:38:55.288 26078-32459 AudioALSADeviceParser   and...re.audio@2.0-service-mediatek  D  compare pcm success = 9, stringpair = DL1_AWB_Record
2026-03-30 19:38:55.289 26078-32459 MtkAudioSrc             and...re.audio@2.0-service-mediatek  D  open(), SR 48000, CH 2; out SR 16000, CH 1; format 0, mState = 2
2026-03-30 19:38:55.289 26078-32459 AudioSPELayer           and...re.audio@2.0-service-mediatek  D  SetDownLinkLatencyTime, 120
2026-03-30 19:38:55.289 26078-32461 AudioALSAC...DataClient and...re.audio@2.0-service-mediatek  D  IsLowLatencyCapture(), low_latency_on: 0, voip_on: 1
2026-03-30 19:38:55.289 26078-32461 AudioALSAC...derEchoRef and...re.audio@2.0-service-mediatek  D  +readThread(), pid: 26078, tid: 32461, kReadBufferSize=3c0
2026-03-30 19:38:55.290 26078-32460 AudioALSAC...DataClient and...re.audio@2.0-service-mediatek  D  IsLowLatencyCapture(), low_latency_on: 0, voip_on: 1
2026-03-30 19:38:55.290 26078-32460 AudioALSAC...iderNormal and...re.audio@2.0-service-mediatek  D  +readThread(), pid: 26078, tid: 32460, kReadBufferSize=0x1e00, open_index=35, UPLINK_SET_AMICDCC_BUFFER_TIME_MS = 80, counter=1 
2026-03-30 19:38:55.291 26078-32459 AudioALSAC...DataClient and...re.audio@2.0-service-mediatek  D  readthread all ready! pcm start
2026-03-30 19:38:55.291 26078-32459 AudioSPELayer           and...re.audio@2.0-service-mediatek  D  resync the latency delay time
2026-03-30 19:38:55.292 26078-32459 AudioALSAC...DataClient and...re.audio@2.0-service-mediatek  D  AddEchoRefDataProvider(), Source sample_rate=48000, num_channels=2, audio_format=1
2026-03-30 19:38:55.292 26078-32459 AudioALSAC...DataClient and...re.audio@2.0-service-mediatek  D  AddEchoRefDataProvider(), Target sample_rate=48000, num_channels=2, audio_format=1
2026-03-30 19:38:55.292 26078-32459 AudioALSAC...DataClient and...re.audio@2.0-service-mediatek  D  -AddEchoRefDataProvider()
2026-03-30 19:38:55.292 26078-32459 AudioALSAC...HandlerAEC and...re.audio@2.0-service-mediatek  D  -open()
2026-03-30 19:38:55.292 26078-32461 AudioALSAC...oviderBase and...re.audio@2.0-service-mediatek  D  pcm_start
2026-03-30 19:38:55.292 26078-32460 AudioALSAC...oviderBase and...re.audio@2.0-service-mediatek  D  pcm_start
2026-03-30 19:38:55.321 26075-32438 NuPlayerDriver          mediaserver                          D  notifyListener_l(0xae6253f0), (2, 0, 0, -1), loop setting(0, 0)
2026-03-30 19:38:55.321 26075-32445 AudioTrack              mediaserver                          D  pause(): 0xac70a000, mState = 1
2026-03-30 19:38:55.321 30744-30744 MediaPlayer             com.reedersystems.commandcomms       D  handleMessage msg:(2, 0, 0)
2026-03-30 19:38:55.322 26159-2210  MediaRouterService      system_server                        V  restoreBluetoothA2dp(false)
2026-03-30 19:38:55.323 30744-30744 MediaPlayer             com.reedersystems.commandcomms       V  resetDrmState:  mDrmInfo=null mDrmProvisioningThread=null mPrepareDrmInProgress=false mActiveDrmScheme=false
2026-03-30 19:38:55.323 30744-30744 MediaPlayer             com.reedersystems.commandcomms       V  cleanDrmObj: mDrmObj=null mDrmSessionId=null
2026-03-30 19:38:55.323 26075-26118 NuPlayerDriver          mediaserver                          D  reset(0xae6253f0) at state 6
2026-03-30 19:38:55.324 26075-26118 NuPlayerDriver          mediaserver                          D  notifyListener_l(0xae6253f0), (8, 0, 0, -1), loop setting(0, 0)
2026-03-30 19:38:55.324 26075-26118 GenericSource           mediaserver                          D  disconnect: mDataSource 0xac703f40 mHttpSource 0x0
2026-03-30 19:38:55.324 26075-32445 AudioTrack              mediaserver                          D  pause(): 0xac70a000, mState = 1
2026-03-30 19:38:55.325 25998-32448 MtkOmxAudioDecBase      media.codec                          D  # Got general command (OMX_CommandFlush)
2026-03-30 19:38:55.325 26075-32445 AudioTrack              mediaserver                          D  stop(): 0xac70a000, mState = 4
2026-03-30 19:38:55.326 25998-32448 MtkOmxAudioDecBase      media.codec                          D  # Got general command (OMX_CommandStateSet)
2026-03-30 19:38:55.327 25998-32448 MtkOmxAudioDecBase      media.codec                          D  # Got general command (OMX_CommandStateSet)
2026-03-30 19:38:55.333 26078-32460 AudioSPELayer           and...re.audio@2.0-service-mediatek  D  PrepareProcessData+
2026-03-30 19:38:55.333 26078-32460 AudioSPELayer           and...re.audio@2.0-service-mediatek  D  mDLInBufferQ i=0, length=160, 0xad304cc0, Sec=473708, NSec=466856908
2026-03-30 19:38:55.333 26078-32460 AudioSPELayer           and...re.audio@2.0-service-mediatek  D  mDLInBufferQ i=1, length=160, 0xad304d60, Sec=473708, NSec=471876880
2026-03-30 19:38:55.333 26078-32460 AudioSPELayer           and...re.audio@2.0-service-mediatek  D  mDLInBufferQ i=2, length=160, 0xad304e00, Sec=473708, NSec=476866836
2026-03-30 19:38:55.333 26078-32460 AudioSPELayer           and...re.audio@2.0-service-mediatek  D  mDLInBufferQ i=3, length=160, 0xad304ea0, Sec=473708, NSec=481885760
2026-03-30 19:38:55.333 26078-32460 AudioSPELayer           and...re.audio@2.0-service-mediatek  D  mDLInBufferQ i=4, length=160, 0xad304f40, Sec=473708, NSec=486811173
2026-03-30 19:38:55.333 26078-32460 AudioSPELayer           and...re.audio@2.0-service-mediatek  D  mDLInBufferQ i=5, length=160, 0xad304fe0, Sec=473708, NSec=491820352
2026-03-30 19:38:55.333 26078-32460 AudioSPELayer           and...re.audio@2.0-service-mediatek  D  PrepareProcessData, time_stamp_estimate, mULInBufferQ[0].sec=473708, mULInBufferQ[0].nsec=481342714
2026-03-30 19:38:55.333 26078-32460 AudioSPELayer           and...re.audio@2.0-service-mediatek  D  PrepareProcessData, time_stamp_estimate, mDLInBufferQ[0].sec=473708, mDLInBufferQ[0].nsec=466856908
2026-03-30 19:38:55.333 26078-32460 AudioSPELayer           and...re.audio@2.0-service-mediatek  D  TimeStampCompare, bRet=1
2026-03-30 19:38:55.333 26078-32460 AudioSPELayer           and...re.audio@2.0-service-mediatek  D  TimeStampCompare, bRet=1
2026-03-30 19:38:55.333 26078-32460 AudioSPELayer           and...re.audio@2.0-service-mediatek  D  PrepareProcessData, 1 drop DL Delay data droplength=160, mDLDelayBufferQ.size()=6, mDLDelayBufferQ[0]->BufLen4Delay=160!!!
2026-03-30 19:38:55.333 26078-32460 AudioSPELayer           and...re.audio@2.0-service-mediatek  D  TimeStampCompare, bRet=1
2026-03-30 19:38:55.333 26078-32460 AudioSPELayer           and...re.audio@2.0-service-mediatek  D  PrepareProcessData, 1 drop DL Delay data droplength=160, mDLDelayBufferQ.size()=5, mDLDelayBufferQ[0]->BufLen4Delay=160!!!
2026-03-30 19:38:55.333 26078-32460 AudioSPELayer           and...re.audio@2.0-service-mediatek  D  TimeStampCompare, bRet=0
2026-03-30 19:38:55.333 25998-26009 MtkOmxRawDec            media.codec                          D  MtkOmxRawDec Deconstruct !!!
2026-03-30 19:38:55.333 26078-32460 AudioSPELayer           and...re.audio@2.0-service-mediatek  D  TimeStampCompare, bRet=1
2026-03-30 19:38:55.333 26078-32460 AudioSPELayer           and...re.audio@2.0-service-mediatek  D  PrepareProcessData, calculate drop downlink data time
2026-03-30 19:38:55.333 26078-32460 AudioSPELayer           and...re.audio@2.0-service-mediatek  D  PrepareProcessData, bULlate 1, deltaSec=0, deltaNSec=4475878
2026-03-30 19:38:55.333 26078-32460 AudioSPELayer           and...re.audio@2.0-service-mediatek  D  PrepareProcessData, diffnsec 4475878, diffSample=71, diffBufLength=142
2026-03-30 19:38:55.333 26078-32460 AudioSPELayer           and...re.audio@2.0-service-mediatek  D  PrepareProcessData, drop DL data diffBufLength=142, mDLInBufferQ.size()=4, mDLInBufferQ[0]->BufLen=160!!!
2026-03-30 19:38:55.333 26078-32460 AudioSPELayer           and...re.audio@2.0-service-mediatek  D  PrepareProcessData, mDLInBufferQ[0]->pRead=0xad304e00 , mDLInBufferQ[0]->BufLen=160, sec 473708, nsec 476866836
2026-03-30 19:38:55.333 26078-32460 AudioSPELayer           and...re.audio@2.0-service-mediatek  D  PrepareProcessData, after mDLInBufferQ[0]->pRead=0xad304e8e, mDLInBufferQ[0]->BufLen=18, updatensecdiff=4437500, sec=473708, nsec=481304336
2026-03-30 19:38:55.333 26078-32460 AudioSPELayer           and...re.audio@2.0-service-mediatek  D  PrepareProcessData, drop DL Delay data droplength=142, mDLDelayBufferQ.size()=4, mDLDelayBufferQ[0]->BufLen4Delay=160!!!
2026-03-30 19:38:55.333 26078-32460 AudioSPELayer           and...re.audio@2.0-service-mediatek  D  PrepareProcessData, mDLDelayBufferQ[0]->pRead=0xad304e00
2026-03-30 19:38:55.333 26078-32460 AudioSPELayer           and...re.audio@2.0-service-mediatek  D  PrepareProcessData, after mDLDelayBufferQ[0]->pRead=0xad304e8e, mDLDelayBufferQ[0]->BufLen=18
2026-03-30 19:38:55.334 26078-32460 AudioSPELayer           and...re.audio@2.0-service-mediatek  D  PrepareProcessData, finish, mDLInBufferQ.size = 4, mDLInBufQLenTotal=498, mULInBufferQ.size = 1, mULInBufQLenTotal=1280
2026-03-30 19:38:55.334 26078-32460 AudioSPELayer           and...re.audio@2.0-service-mediatek  D  PrepareProcessData, finish, mDLInBufferQ[0]->pRead=0xad304e8e , mDLInBufferQ[0]->BufLen=18, sec = 473708, nsec = 481304336
2026-03-30 19:38:55.334 26078-32460 AudioSPELayer           and...re.audio@2.0-service-mediatek  D  PrepareProcessData, finish, mULInBufferQ[0]->pRead=0xae705300 , mULInBufferQ[0]->BufLen=1280, sec = 473708, nsec = 481342714
2026-03-30 19:38:55.334 26078-32460 AudioSPELayer           and...re.audio@2.0-service-mediatek  D  PrepareProcessData, adjust downlink data mLatencyDir=0,mLatencySampleCount=64
2026-03-30 19:38:55.334 26078-32460 AudioSPELayer           and...re.audio@2.0-service-mediatek  D  adjust downlink data drop DL data diffBufLength=0, mDLInBufferQ.size()=4, mDLInBufferQ[0]->BufLen=18!!!
2026-03-30 19:38:55.334 26078-32460 AudioSPELayer           and...re.audio@2.0-service-mediatek  D  adjust downlink data drop DL Delay data droplength=18, mDLDelayBufferQ.size()=4, mDLDelayBufferQ[0]->BufLen4Delay=18!!!
2026-03-30 19:38:55.334 26078-32460 AudioSPELayer           and...re.audio@2.0-service-mediatek  D  adjust downlink data drop DL data diffBufLength=0, mDLInBufferQ.size()=3, mDLInBufferQ[0]->BufLen=160!!!
2026-03-30 19:38:55.334 26078-32460 AudioSPELayer           and...re.audio@2.0-service-mediatek  D  adjust downlink data mDLInBufferQ[0]->pRead=0xad304ea0 , mDLInBufferQ[0]->BufLen=160, sec 473708, nsec 481885760
2026-03-30 19:38:55.334 26078-32460 AudioSPELayer           and...re.audio@2.0-service-mediatek  D  adjust downlink data after mDLInBufferQ[0]->pRead=0xad304f0e, mDLInBufferQ[0]->BufLen=50, updatensecdiff=3437500, sec=473708, nsec=485323260
2026-03-30 19:38:55.334 26078-32460 AudioSPELayer           and...re.audio@2.0-service-mediatek  D  adjust downlink data drop DL Delay data droplength=110, mDLDelayBufferQ.size()=3, mDLDelayBufferQ[0]->BufLen4Delay=160!!!
2026-03-30 19:38:55.334 26078-32460 AudioSPELayer           and...re.audio@2.0-service-mediatek  D  adjust downlink data mDLDelayBufferQ[0]->pRead=0xad304ea0
2026-03-30 19:38:55.334 26078-32460 AudioSPELayer           and...re.audio@2.0-service-mediatek  D  adjust downlink data after mDLDelayBufferQ[0]->pRead=0xad304f0e, mDLDelayBufferQ[0]->BufLen=50
2026-03-30 19:38:55.334 26075-32446 MediaAnalyticsItem      mediaserver                          W  Unable to record: (codec:0:-1:-11:0:6:android.media.mediacodec.mime=audio/raw:android.media.mediacodec.mode=audio:android.media.mediacodec.encoder=0:android.media.mediacodec.codec=OMX.MTK.AUDIO.DECODER.RAW:android.media.mediacodec.secure=0:android.media.mediacodec.bytesin=23888:) [forcenew=0]
2026-03-30 19:38:55.335 26075-32438 NuPlayer                mediaserver                          D  audio shutdown completed
2026-03-30 19:38:55.337 26075-32438 NuPlayerDriver          mediaserver                          D  notifyResetComplete(0xae6253f0)
2026-03-30 19:38:55.338 26075-26118 AudioTrack              mediaserver                          D  ~AudioTrack(): 0xac70a000
2026-03-30 19:38:55.338 26075-26118 AudioTrack              mediaserver                          D  stop(): 0xac70a000, mState = 4
2026-03-30 19:38:55.373 25998-25998 gle.vp8.encoder         media.codec                          W  type=1400 audit(0.0:252440): avc: denied { getattr } for path="/dev/sw_sync" dev="tmpfs" ino=236 scontext=u:r:mediacodec:s0 tcontext=u:object_r:sw_sync_device:s0 tclass=chr_file permissive=0
2026-03-30 19:38:55.427 26078-13805 AudioALSAStreamIn       and...re.audio@2.0-service-mediatek  D  addAudioEffect(), 0xad28fd90
2026-03-30 19:38:55.427 26078-13805 AudioALSAStreamIn       and...re.audio@2.0-service-mediatek  D  addAudioEffect(), effect name:Automatic Gain Control, BackupCount=2
2026-03-30 19:38:55.427 26078-13805 AudioALSAStreamIn       and...re.audio@2.0-service-mediatek  D  addAudioEffect()-
2026-03-30 19:38:55.427 26078-32459 AudioALSAC...DataClient and...re.audio@2.0-service-mediatek  D  +CheckNativeEffect() 3
2026-03-30 19:38:55.427 26078-32459 AudioPreProcess         and...re.audio@2.0-service-mediatek  D  CheckNativeEffect()+ 2 using
2026-03-30 19:38:55.427 26078-32459 AudioPreProcess         and...re.audio@2.0-service-mediatek  D  PreProcessEffect_Count 3
2026-03-30 19:38:55.427 26078-32459 AudioPreProcess         and...re.audio@2.0-service-mediatek  D  CheckNativeEffect(), find effect need add
2026-03-30 19:38:55.427 26078-32459 AudioPreProcess         and...re.audio@2.0-service-mediatek  D  addAudioEffect()+ 0xad28fd90
2026-03-30 19:38:55.427 26078-32459 AudioPreProcess         and...re.audio@2.0-service-mediatek  D  addAudioEffect(), effect type: 0a8abfe0, effect name:Automatic Gain Control
2026-03-30 19:38:55.427 26078-32459 AudioPreProcess         and...re.audio@2.0-service-mediatek  D  addAudioEffect(), StreamInAttributeinfo num_channels=1, audio_channel_mask=10, sample_rate=48000
2026-03-30 19:38:55.428 26078-32459 AudioPreProcess         and...re.audio@2.0-service-mediatek  D  addAudioEffect()-, RetStatus=0
2026-03-30 19:38:55.428 26078-32459 AudioPreProcess         and...re.audio@2.0-service-mediatek  D  CheckNativeEffect()-
2026-03-30 19:38:55.428 26078-32459 AudioALSAC...DataClient and...re.audio@2.0-service-mediatek  D  -CheckNativeEffect()
2026-03-30 19:38:55.473 25998-25998 gle.vp8.encoder         media.codec                          W  type=1400 audit(0.0:252441): avc: denied { getattr } for path="/dev/sw_sync" dev="tmpfs" ino=236 scontext=u:r:mediacodec:s0 tcontext=u:object_r:sw_sync_device:s0 tclass=chr_file permissive=0
2026-03-30 19:38:55.527 25998-25998 gle.vp8.encoder         media.codec                          W  type=1400 audit(0.0:252442): avc: denied { getattr } for path="/dev/sw_sync" dev="tmpfs" ino=236 scontext=u:r:mediacodec:s0 tcontext=u:object_r:sw_sync_device:s0 tclass=chr_file permissive=0
2026-03-30 19:38:55.567 25998-25998 gle.vp8.encoder         media.codec                          W  type=1400 audit(0.0:252443): avc: denied { getattr } for path="/dev/sw_sync" dev="tmpfs" ino=236 scontext=u:r:mediacodec:s0 tcontext=u:object_r:sw_sync_device:s0 tclass=chr_file permissive=0
2026-03-30 19:38:55.627 25998-25998 gle.vp8.encoder         media.codec                          W  type=1400 audit(0.0:252444): avc: denied { getattr } for path="/dev/sw_sync" dev="tmpfs" ino=236 scontext=u:r:mediacodec:s0 tcontext=u:object_r:sw_sync_device:s0 tclass=chr_file permissive=0
2026-03-30 19:38:55.730 25998-25998 gle.vp8.encoder         media.codec                          W  type=1400 audit(0.0:252445): avc: denied { getattr } for path="/dev/sw_sync" dev="tmpfs" ino=236 scontext=u:r:mediacodec:s0 tcontext=u:object_r:sw_sync_device:s0 tclass=chr_file permissive=0
2026-03-30 19:38:55.767 25998-25998 gle.vp8.encoder         media.codec                          W  type=1400 audit(0.0:252446): avc: denied { getattr } for path="/dev/sw_sync" dev="tmpfs" ino=236 scontext=u:r:mediacodec:s0 tcontext=u:object_r:sw_sync_device:s0 tclass=chr_file permissive=0
2026-03-30 19:38:55.786 26078-26142 AudioALSAStreamIn       and...re.audio@2.0-service-mediatek  D  removeAudioEffect(), 0xad28fd90
2026-03-30 19:38:55.786 26078-26142 AudioALSAStreamIn       and...re.audio@2.0-service-mediatek  D  removeAudioEffect(), effect name:Automatic Gain Control, BackupCount=3
2026-03-30 19:38:55.786 26078-26142 AudioALSAStreamIn       and...re.audio@2.0-service-mediatek  D  removeAudioEffect() found fx at index 2, 0xad28fd90
2026-03-30 19:38:55.786 26078-26142 AudioALSAStreamIn       and...re.audio@2.0-service-mediatek  D  removeAudioEffect()-
2026-03-30 19:38:55.786 26078-26142 AudioALSAStreamIn       and...re.audio@2.0-service-mediatek  D  removeAudioEffect(), 0xad28fd90
2026-03-30 19:38:55.786 26078-26142 AudioALSAStreamIn       and...re.audio@2.0-service-mediatek  D  removeAudioEffect(), effect name:Automatic Gain Control, BackupCount=2
2026-03-30 19:38:55.786 26078-26142 AudioALSAStreamIn       and...re.audio@2.0-service-mediatek  D  removeAudioEffect() no effect found in backup queue
2026-03-30 19:38:55.788 26078-32459 AudioALSAC...DataClient and...re.audio@2.0-service-mediatek  D  +CheckNativeEffect() 2
2026-03-30 19:38:55.789 26078-32459 AudioPreProcess         and...re.audio@2.0-service-mediatek  D  CheckNativeEffect()+ 3 using
2026-03-30 19:38:55.789 26078-32459 AudioPreProcess         and...re.audio@2.0-service-mediatek  D  PreProcessEffect_Count 2
2026-03-30 19:38:55.789 26078-32459 AudioPreProcess         and...re.audio@2.0-service-mediatek  D  CheckNativeEffect(), find effect need remove
2026-03-30 19:38:55.789 26078-32459 AudioPreProcess         and...re.audio@2.0-service-mediatek  D  removeAudioEffect()+ 0xad28fd90
2026-03-30 19:38:55.789 26078-32459 AudioPreProcess         and...re.audio@2.0-service-mediatek  D  removeAudioEffect() found fx at index 2
2026-03-30 19:38:55.789 26078-32459 AudioPreProcess         and...re.audio@2.0-service-mediatek  D  removeAudioEffect()-, RetStatus=0
2026-03-30 19:38:55.789 26078-32459 AudioPreProcess         and...re.audio@2.0-service-mediatek  D  CheckNativeEffect()-
2026-03-30 19:38:55.789 26078-32459 AudioALSAC...DataClient and...re.audio@2.0-service-mediatek  D  -CheckNativeEffect()
2026-03-30 19:38:55.806 26078-26142 AudioALSAStreamIn       and...re.audio@2.0-service-mediatek  D  +standby()
2026-03-30 19:38:55.806 26078-26142 AudioALSAStreamIn       and...re.audio@2.0-service-mediatek  D  standby(), keep the mStandbyFrameCount = 24000, ret = 0
2026-03-30 19:38:55.806 26078-26142 AudioALSAStreamIn       and...re.audio@2.0-service-mediatek  D  close()
2026-03-30 19:38:55.806 26078-26142 AudioALSAC...HandlerAEC and...re.audio@2.0-service-mediatek  D  +close()
2026-03-30 19:38:55.806 26078-26142 AudioALSAC...DataClient and...re.audio@2.0-service-mediatek  D  ~AudioALSACaptureDataClient()
2026-03-30 19:38:55.806 26078-26142 AudioALSAC...DataClient and...re.audio@2.0-service-mediatek  D  ~AudioALSACaptureDataClient(), remove EchoRef data provider,mCaptureDataProviderEchoRef=0xad31e900
2026-03-30 19:38:55.806 26078-26142 AudioALSAC...oviderBase and...re.audio@2.0-service-mediatek  D  detach(), 0xad31e900, mCaptureDataClientVector.size()=1, Identity=0xae77d980
2026-03-30 19:38:55.806 26078-26142 AudioALSAC...derEchoRef and...re.audio@2.0-service-mediatek  D  close()
2026-03-30 19:38:55.810 26078-32461 AudioALSAC...derEchoRef and...re.audio@2.0-service-mediatek  D  -readThread(), pid: 26078, tid: 32461
2026-03-30 19:38:55.810 26078-26142 AudioALSAC...derEchoRef and...re.audio@2.0-service-mediatek  D  pthread_join hReadThread done
2026-03-30 19:38:55.811 26078-26142 MtkAudioSrc             and...re.audio@2.0-service-mediatek  D  close(), mState = 1
2026-03-30 19:38:55.811 26078-26142 AudioALSAC...oviderBase and...re.audio@2.0-service-mediatek  D  detach(), 0xad31df00, mCaptureDataClientVector.size()=1, Identity=0xae77d980
2026-03-30 19:38:55.811 26078-26142 AudioALSAH...rceManager and...re.audio@2.0-service-mediatek  D  +stopInputDevice(), mInputDevice = 0x80000004, stop_device = 0x80000004, mStartInputDeviceCount = 1, mMicInverse = 0, mNumPhoneMicSupport = 2
2026-03-30 19:38:55.811 26078-26142 AudioUtility            and...re.audio@2.0-service-mediatek  D  IsAudioSupportFeature AUDIO_SUPPORT_DMIC bSupportFlg[0]
2026-03-30 19:38:55.811 26078-26142 AudioALSAD...figManager and...re.audio@2.0-service-mediatek  D  ApplyDeviceSettingByName() DeviceName = Mic1TypeACCMode descriptor->DeviceStatusCounter = 0
2026-03-30 19:38:55.811 26078-26142 AudioALSAD...figManager and...re.audio@2.0-service-mediatek  D  ApplyDeviceSettingByName() DeviceName = Mic2TypeACCMode descriptor->DeviceStatusCounter = 0
2026-03-30 19:38:55.811 26078-26142 AudioALSAD...figManager and...re.audio@2.0-service-mediatek  D  ApplyDeviceTurnoffSequenceByName(), DeviceName = builtin_Mic_DualMic descriptor->DeviceStatusCounter = 1
2026-03-30 19:38:55.811 26078-26142 AudioALSAC...iderNormal and...re.audio@2.0-service-mediatek  D  close()
2026-03-30 19:38:55.812 26078-32460 AudioALSAC...iderNormal and...re.audio@2.0-service-mediatek  D  -readThread(), pid: 26078, tid: 32460
2026-03-30 19:38:55.813 26078-26142 AudioALSAC...iderNormal and...re.audio@2.0-service-mediatek  D  pthread_join hReadThread done
2026-03-30 19:38:55.816 26078-26142 AudioALSAC...iderNormal and...re.audio@2.0-service-mediatek  D  -close()
2026-03-30 19:38:55.816 26078-26142 AudioALSAC...DataClient and...re.audio@2.0-service-mediatek  D  +StopBesRecord()
2026-03-30 19:38:55.816 26078-26142 AudioSPELayer           and...re.audio@2.0-service-mediatek  D  Stop
