2026-04-10 22:06:31.945  6608-6972  [PTT-DIAG]              com.reedersystems.commandcomms       D  emitPttPre DISPATCH__DISPATCH
2026-04-10 22:06:31.946  6608-6972  [PTT-DIAG]              com.reedersystems.commandcomms       D  Radio PTT: transmitPre sent for roomKey DISPATCH__DISPATCH
2026-04-10 22:06:31.947  6608-6972  [PTT-DIAG]              com.reedersystems.commandcomms       D  PTT_REQUEST_SENT channelId=DISPATCH__DISPATCH
2026-04-10 22:06:31.947  6608-6972  [PTT-DIAG]              com.reedersystems.commandcomms       D  RADIO_PTT_REQUEST_SENT channelId=DISPATCH__DISPATCH
2026-04-10 22:06:31.947  6608-6972  [FloorCtrl]             com.reedersystems.commandcomms       D  requestFloor channelKey=DISPATCH__DISPATCH previousPending=false state=IDLE t=202ms
2026-04-10 22:06:31.947  6608-6972  [RadioState]            com.reedersystems.commandcomms       D  State transition: IDLE -> REQUESTING_FLOOR reason=floor_request activeChannel=DISPATCH__DISPATCH txPipeline=false rxPipeline=true t=202ms
2026-04-10 22:06:31.947  6608-6608  [PTT-DIAG]              com.reedersystems.commandcomms       D  RadioState updated: REQUESTING_FLOOR
2026-04-10 22:06:31.948  6608-6972  [RadioSigGW]            com.reedersystems.commandcomms       D  requestFloor channelKey=DISPATCH__DISPATCH signalingReady=AUTHENTICATED t=203ms
2026-04-10 22:06:31.948  6608-6972  [PTT-DIAG]              com.reedersystems.commandcomms       D  [FloorCtrl] SIGNALING_FLOOR_REQUEST channelKey=DISPATCH__DISPATCH unitId=INDIANA-1 sessionTokenPresent=true
2026-04-10 22:06:31.949  6608-10328 [AudioCapture]          com.reedersystems.commandcomms       D  AGC attached=true enabled=false sessionId=11897 t=204ms
2026-04-10 22:06:31.953  6608-6608  MediaPlayer             com.reedersystems.commandcomms       D  handleMessage msg:(6, 0, 0)
2026-04-10 22:06:31.968  6608-10328 [AudioCapture]          com.reedersystems.commandcomms       D  NoiseSuppressor attached=true enabled=true sessionId=11897 t=223ms
2026-04-10 22:06:31.968  6608-10328 [AudioCapture]          com.reedersystems.commandcomms       D  PRE_CAPTURE_STARTED sampleRate=16000 channelCount=1 frameMs=20 frameSizeSamples=320 maxBufferFrames=150 t=223ms
2026-04-10 22:06:31.969  6608-10328 [RadioEngine]           com.reedersystems.commandcomms       D  Pre-capture started — buffering audio (sampleRate=16000 channels=1 buffer=2560) t=224ms
2026-04-10 22:06:31.970  6608-10328 [AudioCapture]          com.reedersystems.commandcomms       D  PCM_FRAME frame=1 readRet=640 samples=320 min=-6 max=4 rms=1.3 silent=true zeros=149 downmix=false source=VOICE_COMMUNICATION sampleRate=16000 channels=1 t=225ms
2026-04-10 22:06:31.974  6608-10328 [AudioDSP]              com.reedersystems.commandcomms       D  DSP_FRAME frame=1 pre=[samples=320 min=-6 max=4 rms=1.3 silent=true zeros=149] post=[samples=320 min=0 max=0 rms=0.0 silent=true zeros=320] gate=closed gateEnv=-91.6dB gateThreshold=-50.0dB t=228ms
2026-04-10 22:06:31.975  6608-10328 [AudioCapture]          com.reedersystems.commandcomms       D  PCM_FRAME frame=2 readRet=640 samples=320 min=-6 max=7 rms=2.5 silent=true zeros=47 downmix=false source=VOICE_COMMUNICATION sampleRate=16000 channels=1 t=230ms
2026-04-10 22:06:31.975  6608-7136  [RadioError]            com.reedersystems.commandcomms       E  OPUS_ENCODE_ASSERTION_FAILURE frame=0 source=VOICE_COMMUNICATION samples=320 bytes=640 expectedBytes=640 sampleRate=16000 frameSize=320 consecutiveFailures=1 assertionFailures=1 method=encode
2026-04-10 22:06:31.977  6608-7136  [OpusCodec]             com.reedersystems.commandcomms       D  Encoder re-initialized after assertion failure (sampleRate=16000 frameSize=320 complexity=5 VBR=false bitrate=64000) t=232ms
2026-04-10 22:06:31.977  6608-7136  [AudioDSP]              com.reedersystems.commandcomms       D  DSP_STATE_RESET_PENDING reason=encoder_reinitialized frame=0 t=232ms
2026-04-10 22:06:31.979  6608-10328 [AudioDSP]              com.reedersystems.commandcomms       D  DSP_FRAME frame=2 pre=[samples=320 min=-6 max=7 rms=2.5 silent=true zeros=47] post=[samples=320 min=0 max=0 rms=0.0 silent=true zeros=320] gate=closed gateEnv=-83.1dB gateThreshold=-50.0dB t=234ms
2026-04-10 22:06:31.981  6608-7136  [RadioError]            com.reedersystems.commandcomms       E  OPUS_ENCODE_ASSERTION_FAILURE frame=0 source=VOICE_COMMUNICATION samples=320 bytes=640 expectedBytes=640 sampleRate=16000 frameSize=320 consecutiveFailures=2 assertionFailures=2 method=encode
2026-04-10 22:06:31.982  6608-7136  [OpusCodec]             com.reedersystems.commandcomms       D  Encoder re-initialized after assertion failure (sampleRate=16000 frameSize=320 complexity=5 VBR=false bitrate=64000) t=237ms
2026-04-10 22:06:31.982  6608-7136  [AudioDSP]              com.reedersystems.commandcomms       D  DSP_STATE_RESET_PENDING reason=encoder_reinitialized frame=1 t=237ms
2026-04-10 22:06:31.984  6608-10328 [AudioCapture]          com.reedersystems.commandcomms       D  PCM_FRAME frame=3 readRet=640 samples=320 min=-5 max=5 rms=2.2 silent=true zeros=41 downmix=false source=VOICE_COMMUNICATION sampleRate=16000 channels=1 t=239ms
2026-04-10 22:06:31.985  6608-10328 [AudioDSP]              com.reedersystems.commandcomms       D  DSP_STATE_RESET reason=encoder_reinitialized frame=3 t=240ms
2026-04-10 22:06:31.989  6608-10328 [AudioDSP]              com.reedersystems.commandcomms       D  DSP_FRAME frame=3 pre=[samples=320 min=-5 max=5 rms=2.2 silent=true zeros=41] post=[samples=320 min=0 max=0 rms=0.0 silent=true zeros=320] gate=closed gateEnv=-86.1dB gateThreshold=-50.0dB t=244ms
2026-04-10 22:06:31.990  6608-7136  [RadioError]            com.reedersystems.commandcomms       E  OPUS_ENCODE_BACKOFF_STARTED consecutiveFailures=3 totalAssertionFailures=3 backoffFrames=5 frame=0 source=VOICE_COMMUNICATION — skipping 5 frames then re-init method=encode
2026-04-10 22:06:32.003  6608-10328 [AudioCapture]          com.reedersystems.commandcomms       D  PCM_FRAME frame=4 readRet=640 samples=320 min=-29 max=34 rms=12.5 silent=true zeros=10 downmix=false source=VOICE_COMMUNICATION sampleRate=16000 channels=1 t=258ms
2026-04-10 22:06:32.015  6608-7727  [AudioPlay]             com.reedersystems.commandcomms       D  PLC frame for seq=17396 (total=17021) jbSize=1 t=270ms
2026-04-10 22:06:32.023  6608-10328 [AudioCapture]          com.reedersystems.commandcomms       D  PCM_FRAME frame=5 readRet=640 samples=320 min=-51 max=55 rms=21.1 silent=true zeros=34 downmix=false source=VOICE_COMMUNICATION sampleRate=16000 channels=1 t=278ms
2026-04-10 22:06:32.043  6608-10328 [AudioCapture]          com.reedersystems.commandcomms       D  PCM_FRAME frame=6 readRet=640 samples=320 min=-68 max=71 rms=32.8 silent=true zeros=5 downmix=false source=VOICE_COMMUNICATION sampleRate=16000 channels=1 t=298ms
2026-04-10 22:06:32.063  6608-10328 [AudioCapture]          com.reedersystems.commandcomms       D  PCM_FRAME frame=7 readRet=640 samples=320 min=-85 max=98 rms=37.5 silent=true zeros=4 downmix=false source=VOICE_COMMUNICATION sampleRate=16000 channels=1 t=318ms
2026-04-10 22:06:32.083  6608-10328 [AudioCapture]          com.reedersystems.commandcomms       D  PCM_FRAME frame=8 readRet=640 samples=320 min=-71 max=79 rms=31.8 silent=true zeros=2 downmix=false source=VOICE_COMMUNICATION sampleRate=16000 channels=1 t=338ms
2026-04-10 22:06:32.086  6608-7136  [OpusCodec]             com.reedersystems.commandcomms       D  ENCODE_BACKOFF_COMPLETE — re-initializing encoder and resuming t=342ms
2026-04-10 22:06:32.087  6608-7136  [OpusCodec]             com.reedersystems.commandcomms       D  Encoder re-initialized after assertion failure (sampleRate=16000 frameSize=320 complexity=5 VBR=false bitrate=64000) t=342ms
2026-04-10 22:06:32.087  6608-7136  [AudioDSP]              com.reedersystems.commandcomms       D  DSP_STATE_RESET_PENDING reason=encoder_reinitialized frame=7 t=342ms
2026-04-10 22:06:32.103  6608-10328 [AudioCapture]          com.reedersystems.commandcomms       D  PCM_FRAME frame=9 readRet=640 samples=320 min=-66 max=80 rms=32.4 silent=true zeros=1 downmix=false source=VOICE_COMMUNICATION sampleRate=16000 channels=1 t=358ms
2026-04-10 22:06:32.104  6608-10328 [AudioDSP]              com.reedersystems.commandcomms       D  DSP_STATE_RESET reason=encoder_reinitialized frame=9 t=359ms
2026-04-10 22:06:32.125  6608-10328 [AudioCapture]          com.reedersystems.commandcomms       D  PCM_FRAME frame=10 readRet=640 samples=320 min=-111 max=124 rms=33.7 silent=true zeros=6 downmix=false source=VOICE_COMMUNICATION sampleRate=16000 channels=1 t=380ms
2026-04-10 22:06:32.129  6608-7136  [OpusCodec]             com.reedersystems.commandcomms       D  ENCODE frame=1 pcmBytes=640 encodedBytes=160 seq=1 t=384ms
2026-04-10 22:06:32.129  6608-10701 [PTT-DIAG]              com.reedersystems.commandcomms       D  [FloorCtrl] SIGNALING_FLOOR_GRANTED channelId=DISPATCH__DISPATCH senderUnitId=INDIANA-1
2026-04-10 22:06:32.132  6608-9730  [PTT-DIAG]              com.reedersystems.commandcomms       D  RADIO_PTT_GRANTED channelId=DISPATCH__DISPATCH senderUnitId=INDIANA-1
2026-04-10 22:06:32.132  6608-9730  [FloorCtrl]             com.reedersystems.commandcomms       D  Floor GRANTED channelKey=DISPATCH__DISPATCH latencyMs=185 t=387ms
2026-04-10 22:06:32.132  6608-6608  [PTT-DIAG]              com.reedersystems.commandcomms       D  RadioState updated: TRANSMITTING
2026-04-10 22:06:32.133  6608-9730  [RadioState]            com.reedersystems.commandcomms       D  State transition: REQUESTING_FLOOR -> TRANSMITTING reason=floor_granted activeChannel=DISPATCH__DISPATCH txPipeline=false rxPipeline=true t=388ms
2026-04-10 22:06:32.135  6608-6972  [PTT-DIAG]              com.reedersystems.commandcomms       D  Floor GRANTED — promoting pre-capture to live TX
2026-04-10 22:06:32.136  6608-6666  [UdpTransport]          com.reedersystems.commandcomms       D  TX_PACKET seq=5750 payloadBytes=641 framedBytes=663 dest=comms.reeder-systems.com:5100 channelIdx=169 t=392ms
2026-04-10 22:06:32.137  6608-6666  [UdpTransport]          com.reedersystems.commandcomms       D  TX_PACKET seq=5750 payloadBytes=641 framedBytes=663 dest=comms.reeder-systems.com:5100 channelIdx=169 t=392ms
2026-04-10 22:06:32.137  6608-6666  [UdpTransport]          com.reedersystems.commandcomms       D  TX_PACKET seq=5750 payloadBytes=641 framedBytes=663 dest=comms.reeder-systems.com:5100 channelIdx=169 t=393ms
2026-04-10 22:06:32.136  6608-6972  [RadioEngine]           com.reedersystems.commandcomms       D  PRE_BUFFER_FLUSHED flushedFrames=9 durationMs=180 — live TX active t=391ms
2026-04-10 22:06:32.139  6608-6972  [PTT-DIAG]              com.reedersystems.commandcomms       D  PTT_STATE CONNECTING -> TRANSMITTING channelKey=DISPATCH__DISPATCH
2026-04-10 22:06:32.138  6608-6666  [UdpTransport]          com.reedersystems.commandcomms       D  TX_PACKET seq=5750 payloadBytes=641 framedBytes=663 dest=comms.reeder-systems.com:5100 channelIdx=169 t=393ms
2026-04-10 22:06:32.144  6608-10328 [AudioCapture]          com.reedersystems.commandcomms       D  PCM_SUMMARY frames=11 totalFrames=11 silentFrames=11 partials=0 zeros=0 t=399ms
2026-04-10 22:06:32.145  6608-6666  [UdpTransport]          com.reedersystems.commandcomms       D  TX_PACKET seq=5750 payloadBytes=641 framedBytes=663 dest=comms.reeder-systems.com:5100 channelIdx=169 t=400ms
2026-04-10 22:06:32.146  6608-6666  [UdpTransport]          com.reedersystems.commandcomms       D  TX_SUMMARY packets=6 totalPkts=5748 totalBytes=2921555 failures=0 dest=comms.reeder-systems.com:5100 t=401ms
2026-04-10 22:06:32.149  6608-6666  [FloorCtrl]             com.reedersystems.commandcomms       D  Channel busy — transmitting unit: INDIANA-1 state=TRANSMITTING t=404ms
2026-04-10 22:06:32.159  6608-6972  [PTT-DIAG]              com.reedersystems.commandcomms       D  Sending PTT_TX_STARTED broadcast
2026-04-10 22:06:32.159  6608-7136  [OpusCodec]             com.reedersystems.commandcomms       D  ENCODE frame=2 pcmBytes=640 encodedBytes=160 seq=2 t=415ms
2026-04-10 22:06:32.164  6608-6608  [PTT-DIAG]              com.reedersystems.commandcomms       D  PTT_TX_STARTED received — setting pttState = TRANSMITTING
2026-04-10 22:06:32.169  6608-10328 [AudioDSP]              com.reedersystems.commandcomms       D  TX_GATE OPEN envelope=-34.5dB threshold=-50.0dB frame=12 t=424ms
2026-04-10 22:06:32.184  6608-6972  [RadioEngine]           com.reedersystems.commandcomms       D  RX_DIAG rxTotal=616 rxNew=0 jbSize=1 jbDepth=2 jbPlaying=true channelIdx=169 t=439ms
2026-04-10 22:06:32.186  6608-7727  [UdpTransport]          com.reedersystems.commandcomms       D  {"event":"UDP_KEEPALIVE_SENT","dest":"comms.reeder-systems.com:5100","fast":false,"intervalMs":8000}
2026-04-10 22:06:32.190  6608-7136  [OpusCodec]             com.reedersystems.commandcomms       D  ENCODE frame=3 pcmBytes=640 encodedBytes=160 seq=3 t=445ms
2026-04-10 22:06:32.231  6608-6608  MediaPlayer             com.reedersystems.commandcomms       D  handleMessage msg:(2, 0, 0)
2026-04-10 22:06:32.241  6608-6608  MediaPlayer             com.reedersystems.commandcomms       V  resetDrmState:  mDrmInfo=null mDrmProvisioningThread=null mPrepareDrmInProgress=false mActiveDrmScheme=false
2026-04-10 22:06:32.242  6608-6608  MediaPlayer             com.reedersystems.commandcomms       V  cleanDrmObj: mDrmObj=null mDrmSessionId=null
2026-04-10 22:06:32.255  6608-7136  [OpusCodec]             com.reedersystems.commandcomms       D  ENCODE frame=4 pcmBytes=640 encodedBytes=160 seq=4 t=510ms
2026-04-10 22:06:32.297  6608-6667  [AudioPlay]             com.reedersystems.commandcomms       D  PLC frame for seq=17406 (total=17031) jbSize=1 t=553ms
2026-04-10 22:06:32.302  6608-7136  [OpusCodec]             com.reedersystems.commandcomms       D  ENCODE frame=5 pcmBytes=640 encodedBytes=160 seq=5 t=557ms
2026-04-10 22:06:32.356  6608-7136  [OpusCodec]             com.reedersystems.commandcomms       D  ENCODE_SUMMARY frames=6 totalFrames=6 totalPcmBytes=3840 totalEncodedBytes=960 t=611ms
2026-04-10 22:06:32.375  6608-10328 [AudioDSP]              com.reedersystems.commandcomms       D  TX_GATE CLOSED envelope=-60.6dB threshold=-50.0dB frame=22 t=630ms
2026-04-10 22:06:32.468  6608-10328 [AudioDSP]              com.reedersystems.commandcomms       D  TX_GATE OPEN envelope=-46.2dB threshold=-50.0dB frame=27 t=723ms
2026-04-10 22:06:32.555  6608-6978  [AudioPlay]             com.reedersystems.commandcomms       D  PLC frame for seq=17416 (total=17041) jbSize=1 t=810ms
2026-04-10 22:06:32.760  6608-6972  [AudioPlay]             com.reedersystems.commandcomms       D  PLC frame for seq=17426 (total=17051) jbSize=1 t=1015ms
2026-04-10 22:06:32.864  6608-7727  [OpusCodec]             com.reedersystems.commandcomms       D  DECODE_SUMMARY frames=43 totalFrames=17663 totalOpusBytes=97910 totalPcmBytes=11304320 plcCount=17056 t=1119ms
2026-04-10 22:06:32.974  6608-7134  [AudioPlay]             com.reedersystems.commandcomms       D  PLC frame for seq=17436 (total=17061) jbSize=1 t=1229ms
2026-04-10 22:06:33.146  6608-10328 [AudioCapture]          com.reedersystems.commandcomms       D  PCM_SUMMARY frames=50 totalFrames=61 silentFrames=31 partials=0 zeros=0 t=1401ms
2026-04-10 22:06:33.175  6608-7727  [UdpTransport]          com.reedersystems.commandcomms       D  TX_SUMMARY packets=30 totalPkts=5778 totalBytes=2927977 failures=0 dest=comms.reeder-systems.com:5100 t=1430ms
2026-04-10 22:06:33.205  6608-6978  [AudioPlay]             com.reedersystems.commandcomms       D  PLC frame for seq=17446 (total=17071) jbSize=1 t=1460ms
2026-04-10 22:06:33.360  6608-7136  [OpusCodec]             com.reedersystems.commandcomms       D  ENCODE_SUMMARY frames=27 totalFrames=33 totalPcmBytes=21120 totalEncodedBytes=5280 t=1615ms
2026-04-10 22:06:33.409  6608-6667  [AudioPlay]             com.reedersystems.commandcomms       D  PLC frame for seq=17456 (total=17081) jbSize=1 t=1665ms
2026-04-10 22:06:33.619  6608-6667  [AudioPlay]             com.reedersystems.commandcomms       D  PLC frame for seq=17466 (total=17091) jbSize=1 t=1874ms
2026-04-10 22:06:33.686  6608-6608  [PTT-DIAG]              com.reedersystems.commandcomms       D  PttHardwareReceiver.onReceive action=android.intent.action.PTT.longpress extras=null source=broadcast
2026-04-10 22:06:33.686  6608-6608  [PTT-DIAG]              com.reedersystems.commandcomms       D  PttHardwareReceiver: longpress consumed action=android.intent.action.PTT.longpress ordered=false — suppressing T320 default beep
2026-04-10 22:06:33.686  6608-6608  [PTT-DIAG]              com.reedersystems.commandcomms       W  PttHardwareReceiver: longpress is NORMAL broadcast (not ordered) — abortBroadcast not possible for action=android.intent.action.PTT.longpress
2026-04-10 22:06:33.689  6608-6608  [PTT-DIAG]              com.reedersystems.commandcomms       D  PttHardwareReceiver.onReceive action=android.intent.action.PTT.longpress extras=null source=broadcast
2026-04-10 22:06:33.691  6608-6608  [PTT-DIAG]              com.reedersystems.commandcomms       D  PttHardwareReceiver: longpress consumed action=android.intent.action.PTT.longpress ordered=false — suppressing T320 default beep
2026-04-10 22:06:33.692  6608-6608  [PTT-DIAG]              com.reedersystems.commandcomms       W  PttHardwareReceiver: longpress is NORMAL broadcast (not ordered) — abortBroadcast not possible for action=android.intent.action.PTT.longpress
2026-04-10 22:06:33.851  6608-6667  [AudioPlay]             com.reedersystems.commandcomms       D  PLC frame for seq=17476 (total=17101) jbSize=1 t=2106ms
2026-04-10 22:06:33.877  6608-6667  [OpusCodec]             com.reedersystems.commandcomms       D  DECODE_SUMMARY frames=46 totalFrames=17709 totalOpusBytes=97910 totalPcmBytes=11333760 plcCount=17102 t=2133ms
2026-04-10 22:06:33.945  6608-6608  [PTT-DIAG]              com.reedersystems.commandcomms       D  MainActivity PTT UP source=MainActivity code=230 action=UP ts=1775873193945
2026-04-10 22:06:33.946  6608-6608  [PTT-DIAG]              com.reedersystems.commandcomms       D  MainActivity PTT UP — forwarding to BackgroundAudioService (signaling=true)
2026-04-10 22:06:33.949  6608-6608  [PTT-DIAG]              com.reedersystems.commandcomms       D  PttHardwareReceiver.onReceive action=android.intent.action.PTT.up extras=null source=broadcast
2026-04-10 22:06:33.949  6608-6608  [PTT-DIAG]              com.reedersystems.commandcomms       D  PttHardwareReceiver: mapped action=android.intent.action.PTT.up -> svcAction=com.reedersystems.commandcomms.SVC_PTT_UP
2026-04-10 22:06:33.951  6608-6608  [PTT-DIAG]              com.reedersystems.commandcomms       D  PttHardwareReceiver: WakeLock acquired (auto-releases in 5000ms)
2026-04-10 22:06:33.953  6608-6608  [PTT-DIAG]              com.reedersystems.commandcomms       D  {"event":"RADIO_PTT_UP","pttState":"TRANSMITTING","channelKey":"DISPATCH__DISPATCH"}
2026-04-10 22:06:33.953  6608-6608  [PTT-DIAG]              com.reedersystems.commandcomms       D  PTT_STATE TRANSMITTING -> CLEANING_UP channelKey=DISPATCH__DISPATCH
2026-04-10 22:06:33.992  6608-6608  [PTT-DIAG]              com.reedersystems.commandcomms       D  {"event":"RADIO_PTT_UP","pttState":"CLEANING_UP","channelKey":"DISPATCH__DISPATCH"}
2026-04-10 22:06:34.120  6608-7727  [AudioPlay]             com.reedersystems.commandcomms       D  PLC frame for seq=17486 (total=17111) jbSize=1 t=2375ms
2026-04-10 22:06:34.179  6608-6667  [UdpTransport]          com.reedersystems.commandcomms       D  TX_SUMMARY packets=27 totalPkts=5805 totalBytes=2932891 failures=0 dest=comms.reeder-systems.com:5100 t=2434ms
2026-04-10 22:06:34.332  6608-6667  [AudioPlay]             com.reedersystems.commandcomms       D  PLC frame for seq=17496 (total=17121) jbSize=1 t=2587ms
2026-04-10 22:06:34.377  6608-7136  [OpusCodec]             com.reedersystems.commandcomms       D  ENCODE_SUMMARY frames=27 totalFrames=60 totalPcmBytes=38400 totalEncodedBytes=9600 t=2632ms
2026-04-10 22:06:34.418  6608-6608  [PTT-DIAG]              com.reedersystems.commandcomms       D  PttHardwareReceiver.onReceive action=android.intent.action.PTT.down extras=null source=broadcast
2026-04-10 22:06:34.418  6608-6608  [PTT-DIAG]              com.reedersystems.commandcomms       D  PttHardwareReceiver: mapped action=android.intent.action.PTT.down -> svcAction=com.reedersystems.commandcomms.SVC_PTT_DOWN
2026-04-10 22:06:34.420  6608-6608  [PTT-DIAG]              com.reedersystems.commandcomms       D  PttHardwareReceiver: WakeLock acquired (auto-releases in 5000ms)
2026-04-10 22:06:34.423  6608-6608  [PTT-DIAG]              com.reedersystems.commandcomms       D  MainActivity PTT DOWN source=MainActivity code=230 action=DOWN repeat=0 ts=1775873194423
2026-04-10 22:06:34.423  6608-6608  [PTT-DIAG]              com.reedersystems.commandcomms       D  MainActivity PTT DOWN — forwarding to BackgroundAudioService (signaling=true)
2026-04-10 22:06:34.431  6608-6608  [PTT-DIAG]              com.reedersystems.commandcomms       D  {"event":"RADIO_PTT_DOWN","pttState":"CLEANING_UP","signaling":true,"channelKey":"DISPATCH__DISPATCH","channelId":"169"}
2026-04-10 22:06:34.431  6608-6608  [PTT-DIAG]              com.reedersystems.commandcomms       D  Radio PTT DOWN ignored: pttState=CLEANING_UP stuckMs=478
2026-04-10 22:06:34.432  6608-6608  [PTT-DIAG]              com.reedersystems.commandcomms       D  {"event":"RADIO_PTT_DOWN","pttState":"CLEANING_UP","signaling":true,"channelKey":"DISPATCH__DISPATCH","channelId":"169"}
2026-04-10 22:06:34.432  6608-6608  [PTT-DIAG]              com.reedersystems.commandcomms       D  Radio PTT DOWN ignored: pttState=CLEANING_UP stuckMs=479
2026-04-10 22:06:34.537  6608-6972  [AudioPlay]             com.reedersystems.commandcomms       D  PLC frame for seq=17506 (total=17131) jbSize=1 t=2792ms
2026-04-10 22:06:34.733  6608-6667  [AudioPlay]             com.reedersystems.commandcomms       D  PLC frame for seq=17516 (total=17141) jbSize=1 t=2988ms
2026-04-10 22:06:34.917  6608-7727  [OpusCodec]             com.reedersystems.commandcomms       D  DECODE_SUMMARY frames=47 totalFrames=17756 totalOpusBytes=97910 totalPcmBytes=11363840 plcCount=17149 t=3173ms
2026-04-10 22:06:34.956  6608-7727  [AudioPlay]             com.reedersystems.commandcomms       D  PLC frame for seq=17526 (total=17151) jbSize=1 t=3211ms
2026-04-10 22:06:35.150  6608-7727  [AudioPlay]             com.reedersystems.commandcomms       D  PLC frame for seq=17536 (total=17161) jbSize=1 t=3405ms
2026-04-10 22:06:35.221  6608-6667  [UdpTransport]          com.reedersystems.commandcomms       D  TX_SUMMARY packets=27 totalPkts=5832 totalBytes=2937805 failures=0 dest=comms.reeder-systems.com:5100 t=3476ms
2026-04-10 22:06:35.354  6608-6667  [AudioPlay]             com.reedersystems.commandcomms       D  PLC frame for seq=17546 (total=17171) jbSize=1 t=3610ms
2026-04-10 22:06:35.379  6608-7136  [OpusCodec]             com.reedersystems.commandcomms       D  ENCODE_SUMMARY frames=27 totalFrames=87 totalPcmBytes=55680 totalEncodedBytes=13920 t=3634ms
2026-04-10 22:06:35.557  6608-6608  [PTT-DIAG]              com.reedersystems.commandcomms       D  PttHardwareReceiver.onReceive action=android.intent.action.PTT.up extras=null source=broadcast
2026-04-10 22:06:35.557  6608-6608  [PTT-DIAG]              com.reedersystems.commandcomms       D  PttHardwareReceiver: mapped action=android.intent.action.PTT.up -> svcAction=com.reedersystems.commandcomms.SVC_PTT_UP
2026-04-10 22:06:35.559  6608-6608  [PTT-DIAG]              com.reedersystems.commandcomms       D  PttHardwareReceiver: WakeLock acquired (auto-releases in 5000ms)
2026-04-10 22:06:35.562  6608-6608  [PTT-DIAG]              com.reedersystems.commandcomms       D  MainActivity PTT UP source=MainActivity code=230 action=UP ts=1775873195562
2026-04-10 22:06:35.562  6608-6608  [PTT-DIAG]              com.reedersystems.commandcomms       D  MainActivity PTT UP — forwarding to BackgroundAudioService (signaling=true)
2026-04-10 22:06:35.570  6608-6608  [PTT-DIAG]              com.reedersystems.commandcomms       D  {"event":"RADIO_PTT_UP","pttState":"CLEANING_UP","channelKey":"DISPATCH__DISPATCH"}
2026-04-10 22:06:35.573  6608-6608  [PTT-DIAG]              com.reedersystems.commandcomms       D  {"event":"RADIO_PTT_UP","pttState":"CLEANING_UP","channelKey":"DISPATCH__DISPATCH"}
2026-04-10 22:06:35.576  6608-6667  [AudioPlay]             com.reedersystems.commandcomms       D  PLC frame for seq=17556 (total=17181) jbSize=1 t=3831ms
2026-04-10 22:06:35.611  6608-7136  [RadioEngine]           com.reedersystems.commandcomms       D  ENCODE_THREAD_EXIT framesEncoded=103 t=3866ms
2026-04-10 22:06:35.628  6608-7136  AudioRecord             com.reedersystems.commandcomms       D  stop: 0x8387f400
2026-04-10 22:06:35.678  6608-7136  AudioRecord             com.reedersystems.commandcomms       D  stop done
2026-04-10 22:06:35.679  6608-7136  AudioRecord             com.reedersystems.commandcomms       D  stop: 0x8387f400
2026-04-10 22:06:35.679  6608-7136  AudioRecord             com.reedersystems.commandcomms       D  stop: 0x8387f400
2026-04-10 22:06:35.680  6608-7136  [RadioState]            com.reedersystems.commandcomms       D  State transition: TRANSMITTING -> IDLE reason=tx_stopped activeChannel=DISPATCH__DISPATCH txPipeline=false rxPipeline=true t=3935ms
2026-04-10 22:06:35.680  6608-6608  [PTT-DIAG]              com.reedersystems.commandcomms       D  RadioState updated: IDLE
2026-04-10 22:06:35.680  6608-7136  [RadioEngine]           com.reedersystems.commandcomms       D  {"event":"TX_STOPPED","cleanupMs":1688,"lastSendGapMs":69,"durationMs":3936,"framesRead":103,"framesEncoded":103,"pktSent":103,"failures":0,"pcmFallback":8,"silentFrames":36,"stopReason":"ptt_release"}
2026-04-10 22:06:35.682  6608-7136  [RadioEngine]           com.reedersystems.commandcomms       D  TX_SESSION_END duration=3936ms reqRate=16000 actRate=16000 ch=1 src=VOICE_COMMUNICATION framesRead=103 framesEncoded=103 pktSent=103 failures=0 encodeFailures=0 assertionFailures=3 pcmFallback=8 silentFrames=36 partials=0 zeros=0 probeRms=[] first10rms=[1.3,2.5,2.2,12.5,21.1,32.8,37.5,31.8,32.4,33.7] stop=ptt_release lastSendGapMs=69 t=3937ms
2026-04-10 22:06:35.683  6608-7136  [FloorCtrl]             com.reedersystems.commandcomms       D  releaseFloor channelKey=DISPATCH__DISPATCH state=IDLE t=3938ms
2026-04-10 22:06:35.683  6608-7136  [RadioSigGW]            com.reedersystems.commandcomms       D  releaseFloor channelKey=DISPATCH__DISPATCH t=3938ms
2026-04-10 22:06:35.683  6608-7136  [PTT-DIAG]              com.reedersystems.commandcomms       D  [FloorCtrl] SIGNALING_FLOOR_RELEASE channelKey=DISPATCH__DISPATCH unitId=INDIANA-1
2026-04-10 22:06:35.685  6608-7136  [PTT-DIAG]              com.reedersystems.commandcomms       D  {"event":"PTT_RELEASE_SENT","channelId":"DISPATCH__DISPATCH"}
2026-04-10 22:06:35.686  6608-7136  [PTT-DIAG]              com.reedersystems.commandcomms       D  Sending PTT_TX_ENDED broadcast
2026-04-10 22:06:35.688  6608-6972  [PTT-DIAG]              com.reedersystems.commandcomms       D  Floor RELEASED
2026-04-10 22:06:35.690  6608-6608  [PTT-DIAG]              com.reedersystems.commandcomms       D  PTT_TX_ENDED received — setting pttState = IDLE
2026-04-10 22:06:35.690  6608-7136  [ToneEvent]             com.reedersystems.commandcomms       D  {"tone":"end-of-tx","trigger":"ptt_up","state":"CLEANING_UP","signaling":true,"ts":1775873195690}
2026-04-10 22:06:35.691  6608-7136  [PTT-DIAG]              com.reedersystems.commandcomms       D  Radio PTT UP: end-of-TX tone for roomKey DISPATCH__DISPATCH
2026-04-10 22:06:35.691  6608-7136  [PTT-DIAG]              com.reedersystems.commandcomms       D  PTT_STATE CLEANING_UP -> IDLE channelKey=DISPATCH__DISPATCH
2026-04-10 22:06:35.692  6608-7136  [PTT-DIAG]              com.reedersystems.commandcomms       D  {"event":"PTT_CLEANUP_COMPLETE","state":"IDLE","cleanupMs":1738}
2026-04-10 22:06:35.711  6608-7727  AudioTrack              com.reedersystems.commandcomms       W  releaseBuffer() track 0x9a662000 disabled due to previous underrun, restarting
2026-04-10 22:06:35.763  6608-6978  [AudioPlay]             com.reedersystems.commandcomms       D  PLC frame for seq=17566 (total=17191) jbSize=1 t=4018ms
2026-04-10 22:06:35.805  6608-6667  [FloorCtrl]             com.reedersystems.commandcomms       D  Channel idle state=IDLE t=4060ms
2026-04-10 22:06:35.933  6608-7134  [OpusCodec]             com.reedersystems.commandcomms       D  DECODE_SUMMARY frames=51 totalFrames=17807 totalOpusBytes=97910 totalPcmBytes=11396480 plcCount=17200 t=4188ms
2026-04-10 22:06:35.956  6608-7134  [AudioPlay]             com.reedersystems.commandcomms       D  PLC frame for seq=17576 (total=17201) jbSize=1 t=4211ms
2026-04-10 22:06:36.154  6608-6667  [AudioPlay]             com.reedersystems.commandcomms       D  PLC frame for seq=17586 (total=17211) jbSize=1 t=4409ms
2026-04-10 22:06:36.355  6608-6667  [AudioPlay]             com.reedersystems.commandcomms       D  PLC frame for seq=17596 (total=17221) jbSize=1 t=4610ms
2026-04-10 22:06:36.556  6608-7134  [AudioPlay]             com.reedersystems.commandcomms       D  PLC frame for seq=17606 (total=17231) jbSize=1 t=4811ms
2026-04-10 22:06:36.755  6608-6667  [AudioPlay]             com.reedersystems.commandcomms       D  PLC frame for seq=17616 (total=17241) jbSize=1 t=5010ms
2026-04-10 22:06:36.933  6608-6667  [OpusCodec]             com.reedersystems.commandcomms       D  DECODE_SUMMARY frames=50 totalFrames=17857 totalOpusBytes=97910 totalPcmBytes=11428480 plcCount=17250 t=5189ms
2026-04-10 22:06:36.955  6608-6667  [AudioPlay]             com.reedersystems.commandcomms       D  PLC frame for seq=17626 (total=17251) jbSize=1 t=5211ms
2026-04-10 22:06:37.156  6608-7134  [AudioPlay]             com.reedersystems.commandcomms       D  PLC frame for seq=17636 (total=17261) jbSize=1 t=5411ms
2026-04-10 22:06:37.185  6608-7134  [RadioEngine]           com.reedersystems.commandcomms       D  RX_DIAG rxTotal=616 rxNew=0 jbSize=1 jbDepth=2 jbPlaying=true channelIdx=169 t=5440ms
2026-04-10 22:06:37.356  6608-6667  [AudioPlay]             com.reedersystems.commandcomms       D  PLC frame for seq=17646 (total=17271) jbSize=1 t=5611ms
2026-04-10 22:06:37.555  6608-7134  [AudioPlay]             com.reedersystems.commandcomms       D  PLC frame for seq=17656 (total=17281) jbSize=1 t=5810ms
2026-04-10 22:06:37.755  6608-6667  [AudioPlay]             com.reedersystems.commandcomms       D  PLC frame for seq=17666 (total=17291) jbSize=1 t=6010ms
2026-04-10 22:06:37.952  6608-6667  [OpusCodec]             com.reedersystems.commandcomms       D  DECODE_SUMMARY frames=51 totalFrames=17908 totalOpusBytes=97910 totalPcmBytes=11461120 plcCount=17301 t=6207ms
2026-04-10 22:06:37.954  6608-6667  [AudioPlay]             com.reedersystems.commandcomms       D  PLC frame for seq=17676 (total=17301) jbSize=1 t=6210ms
2026-04-10 22:06:38.154  6608-7134  [AudioPlay]             com.reedersystems.commandcomms       D  PLC frame for seq=17686 (total=17311) jbSize=1 t=6409ms
2026-04-10 22:06:38.356  6608-7134  [AudioPlay]             com.reedersystems.commandcomms       D  PLC frame for seq=17696 (total=17321) jbSize=1 t=6611ms
2026-04-10 22:06:38.554  6608-7134  [AudioPlay]             com.reedersystems.commandcomms       D  PLC frame for seq=17706 (total=17331) jbSize=1 t=6809ms
2026-04-10 22:06:38.756  6608-7134  [AudioPlay]             com.reedersystems.commandcomms       D  PLC frame for seq=17716 (total=17341) jbSize=1 t=7011ms
2026-04-10 22:06:38.952  6608-7134  [OpusCodec]             com.reedersystems.commandcomms       D  DECODE_SUMMARY frames=50 totalFrames=17958 totalOpusBytes=97910 totalPcmBytes=11493120 plcCount=17351 t=7207ms
2026-04-10 22:06:38.954  6608-7134  [AudioPlay]             com.reedersystems.commandcomms       D  PLC frame for seq=17726 (total=17351) jbSize=1 t=7209ms
2026-04-10 22:06:39.156  6608-7134  [AudioPlay]             com.reedersystems.commandcomms       D  PLC frame for seq=17736 (total=17361) jbSize=1 t=7411ms
2026-04-10 22:06:39.355  6608-7134  [AudioPlay]             com.reedersystems.commandcomms       D  PLC frame for seq=17746 (total=17371) jbSize=1 t=7610ms
2026-04-10 22:06:39.555  6608-7134  [AudioPlay]             com.reedersystems.commandcomms       D  PLC frame for seq=17756 (total=17381) jbSize=1 t=7810ms
2026-04-10 22:06:39.755  6608-7134  [AudioPlay]             com.reedersystems.commandcomms       D  PLC frame for seq=17766 (total=17391) jbSize=1 t=8010ms
2026-04-10 22:06:39.953  6608-7134  [OpusCodec]             com.reedersystems.commandcomms       D  DECODE_SUMMARY frames=50 totalFrames=18008 totalOpusBytes=97910 totalPcmBytes=11525120 plcCount=17401 t=8208ms
2026-04-10 22:06:39.955  6608-7134  [AudioPlay]             com.reedersystems.commandcomms       D  PLC frame for seq=17776 (total=17401) jbSize=1 t=8210ms
2026-04-10 22:06:40.155  6608-7134  [AudioPlay]             com.reedersystems.commandcomms       D  PLC frame for seq=17786 (total=17411) jbSize=1 t=8410ms
2026-04-10 22:06:40.188  6608-6667  [UdpTransport]          com.reedersystems.commandcomms       D  {"event":"UDP_KEEPALIVE_SENT","dest":"comms.reeder-systems.com:5100","fast":false,"intervalMs":8000}
2026-04-10 22:06:40.354  6608-6667  [AudioPlay]             com.reedersystems.commandcomms       D  PLC frame for seq=17796 (total=17421) jbSize=1 t=8609ms
2026-04-10 22:06:40.555  6608-7727  [AudioPlay]             com.reedersystems.commandcomms       D  PLC frame for seq=17806 (total=17431) jbSize=1 t=8811ms
2026-04-10 22:06:40.756  6608-7727  [AudioPlay]             com.reedersystems.commandcomms       D  PLC frame for seq=17816 (total=17441) jbSize=1 t=9012ms
2026-04-10 22:06:40.952  6608-7134  [OpusCodec]             com.reedersystems.commandcomms       D  DECODE_SUMMARY frames=50 totalFrames=18058 totalOpusBytes=97910 totalPcmBytes=11557120 plcCount=17451 t=9207ms
2026-04-10 22:06:40.955  6608-7134  [AudioPlay]             com.reedersystems.commandcomms       D  PLC frame for seq=17826 (total=17451) jbSize=1 t=9210ms
2026-04-10 22:06:41.156  6608-7134  [AudioPlay]             com.reedersystems.commandcomms       D  PLC frame for seq=17836 (total=17461) jbSize=1 t=9411ms
2026-04-10 22:06:41.360  6608-7134  [AudioPlay]             com.reedersystems.commandcomms       D  PLC frame for seq=17846 (total=17471) jbSize=1 t=9611ms
2026-04-10 22:06:41.554  6608-7134  [AudioPlay]             com.reedersystems.commandcomms       D  PLC frame for seq=17856 (total=17481) jbSize=1 t=9809ms
2026-04-10 22:06:41.757  6608-7134  [AudioPlay]             com.reedersystems.commandcomms       D  PLC frame for seq=17866 (total=17491) jbSize=1 t=10012ms
2026-04-10 22:06:41.954  6608-7134  [OpusCodec]             com.reedersystems.commandcomms       D  DECODE_SUMMARY frames=50 totalFrames=18108 totalOpusBytes=97910 totalPcmBytes=11589120 plcCount=17501 t=10209ms
2026-04-10 22:06:41.956  6608-7134  [AudioPlay]             com.reedersystems.commandcomms       D  PLC frame for seq=17876 (total=17501) jbSize=1 t=10211ms
2026-04-10 22:06:42.156  6608-6978  [AudioPlay]             com.reedersystems.commandcomms       D  PLC frame for seq=17886 (total=17511) jbSize=1 t=10411ms
2026-04-10 22:06:42.186  6608-6978  [RadioEngine]           com.reedersystems.commandcomms       D  RX_DIAG rxTotal=616 rxNew=0 jbSize=1 jbDepth=2 jbPlaying=true channelIdx=169 t=10441ms
2026-04-10 22:06:42.354  6608-7134  [AudioPlay]             com.reedersystems.commandcomms       D  PLC frame for seq=17896 (total=17521) jbSize=1 t=10609ms
2026-04-10 22:06:42.558  6608-6978  [AudioPlay]             com.reedersystems.commandcomms       D  PLC frame for seq=17906 (total=17531) jbSize=1 t=10813ms
2026-04-10 22:06:42.756  6608-7134  [AudioPlay]             com.reedersystems.commandcomms       D  PLC frame for seq=17916 (total=17541) jbSize=1 t=11012ms
2026-04-10 22:06:42.953  6608-7134  [OpusCodec]             com.reedersystems.commandcomms       D  DECODE_SUMMARY frames=50 totalFrames=18158 totalOpusBytes=97910 totalPcmBytes=11621120 plcCount=17551 t=11209ms
2026-04-10 22:06:42.956  6608-7134  [AudioPlay]             com.reedersystems.commandcomms       D  PLC frame for seq=17926 (total=17551) jbSize=1 t=11211ms
2026-04-10 22:06:43.154  6608-7134  [AudioPlay]             com.reedersystems.commandcomms       D  PLC frame for seq=17936 (total=17561) jbSize=1 t=11409ms
2026-04-10 22:06:43.356  6608-7134  [AudioPlay]             com.reedersystems.commandcomms       D  PLC frame for seq=17946 (total=17571) jbSize=1 t=11611ms
2026-04-10 22:06:43.554  6608-7134  [AudioPlay]             com.reedersystems.commandcomms       D  PLC frame for seq=17956 (total=17581) jbSize=1 t=11809ms
2026-04-10 22:06:43.755  6608-6978  [AudioPlay]             com.reedersystems.commandcomms       D  PLC frame for seq=17966 (total=17591) jbSize=1 t=12010ms
2026-04-10 22:06:43.886  6608-6608  [PTT-DIAG]              com.reedersystems.commandcomms       D  MainActivity PTT DOWN source=MainActivity code=230 action=DOWN repeat=0 ts=1775873203886
2026-04-10 22:06:43.887  6608-6608  [PTT-DIAG]              com.reedersystems.commandcomms       D  MainActivity PTT DOWN — forwarding to BackgroundAudioService (signaling=true)
2026-04-10 22:06:43.890  6608-6608  [PTT-DIAG]              com.reedersystems.commandcomms       D  PttHardwareReceiver.onReceive action=android.intent.action.PTT.down extras=null source=broadcast
2026-04-10 22:06:43.890  6608-6608  [PTT-DIAG]              com.reedersystems.commandcomms       D  PttHardwareReceiver: mapped action=android.intent.action.PTT.down -> svcAction=com.reedersystems.commandcomms.SVC_PTT_DOWN
2026-04-10 22:06:43.891  6608-6608  [PTT-DIAG]              com.reedersystems.commandcomms       D  PttHardwareReceiver: WakeLock acquired (auto-releases in 5000ms)
2026-04-10 22:06:43.896  6608-6608  [PTT-DIAG]              com.reedersystems.commandcomms       D  {"event":"RADIO_PTT_DOWN","pttState":"IDLE","signaling":true,"channelKey":"DISPATCH__DISPATCH","channelId":"169"}
2026-04-10 22:06:43.896  6608-6608  [PTT-DIAG]              com.reedersystems.commandcomms       D  PTT_STATE IDLE -> CONNECTING channelKey=DISPATCH__DISPATCH
2026-04-10 22:06:43.910  6608-6608  [ToneEvent]             com.reedersystems.commandcomms       D  {"tone":"talk-permit","trigger":"ptt_down","state":"CONNECTING","channelKey":"DISPATCH__DISPATCH","ts":1775873203910}
2026-04-10 22:06:43.957  6608-7134  [OpusCodec]             com.reedersystems.commandcomms       D  DECODE_SUMMARY frames=50 totalFrames=18208 totalOpusBytes=97910 totalPcmBytes=11653120 plcCount=17601 t=12212ms
2026-04-10 22:06:43.961  6608-7134  [AudioPlay]             com.reedersystems.commandcomms       D  PLC frame for seq=17976 (total=17601) jbSize=1 t=12216ms
2026-04-10 22:06:44.009  6608-6978  [PTT-DIAG]              com.reedersystems.commandcomms       D  {"event":"RADIO_READY_FOR_PTT","roomKey":"DISPATCH__DISPATCH","signaling":true}
2026-04-10 22:06:44.010  6608-6978  [RadioEngine]           com.reedersystems.commandcomms       D  PRE_CAPTURE_SESSION_START t=0ms
2026-04-10 22:06:44.011  6608-6978  [AudioCapture]          com.reedersystems.commandcomms       D  TX_AUDIO_SOURCE_SELECTED source=VOICE_COMMUNICATION reason=cached_for_device device=ZRK/T320/API27
2026-04-10 22:06:44.011  6608-6608  [PTT-DIAG]              com.reedersystems.commandcomms       D  {"event":"RADIO_PTT_DOWN","pttState":"CONNECTING","signaling":true,"channelKey":"DISPATCH__DISPATCH","channelId":"169"}
2026-04-10 22:06:44.011  6608-6978  [AudioCapture]          com.reedersystems.commandcomms       D  PRE_CAPTURE_AUDIORECORD_INIT requestedRate=16000 source=VOICE_COMMUNICATION minBufSize=1280 allocBufSize=2560 frameMs=20 t=0ms
2026-04-10 22:06:44.011  6608-6608  [PTT-DIAG]              com.reedersystems.commandcomms       D  Radio PTT DOWN ignored: pttState=CONNECTING
2026-04-10 22:06:44.016  6608-6608  MediaPlayer             com.reedersystems.commandcomms       D  handleMessage msg:(1, 0, 0)
2026-04-10 22:06:44.016  6608-6978  AudioRecord             com.reedersystems.commandcomms       D  set(): 0x8387f400, inputSource 7, sampleRate 16000, format 0x1, channelMask 0x10, frameCount 1280, notificationFrames 0, sessionId 0, transferType 0, flags 0, opPackageName com.reedersystems.commandcomms uid -1, pid -1
2026-04-10 22:06:44.146  6608-6978  AudioRecord             com.reedersystems.commandcomms       D  openRecord_l: 0x8387f400, mCblk = 0x853791c0
2026-04-10 22:06:44.154  6608-6978  [AudioCapture]          com.reedersystems.commandcomms       D  PRE_CAPTURE_HAL_NEGOTIATED requestedRate=16000 actualRate=16000 actualChannels=1 needsStereoDownmix=false bufferSize=2560 monoFrameSamples=320 monoFrameBytes=640 t=144ms
2026-04-10 22:06:44.155  6608-6978  [OpusCodec]             com.reedersystems.commandcomms       D  ENCODER_REUSE rate=16000 frameSize=320 channels=1 — encoder already initialized with matching params t=144ms
2026-04-10 22:06:44.156  6608-6978  [AudioDSP]              com.reedersystems.commandcomms       D  TX_DSP_COEFFICIENTS sampleRate=16000 hpCutoff=80.0 hpAlpha=0.9695409720485787 lpCutoff=3500.0 lpB0=0.23764306109078495 lpB1=0.4752861221815699 lpB2=0.23764306109078495 lpA1=-0.23039534785679974 lpA2=0.18096759221993955 compThreshold=-12.0 compRatio=3.0 compAttack=0.003 compRelease=0.15 gain=2.5 t=144ms
2026-04-10 22:06:44.156  6608-6978  AudioRecord             com.reedersystems.commandcomms       D  start: 0x8387f400, sync event 0 trigger session 0
2026-04-10 22:06:44.166  6608-6608  MediaPlayer             com.reedersystems.commandcomms       D  handleMessage msg:(6, 0, 0)
2026-04-10 22:06:44.170  6608-6978  AudioRecord             com.reedersystems.commandcomms       D  start return status 0
2026-04-10 22:06:44.183  6608-6667  [AudioPlay]             com.reedersystems.commandcomms       D  PLC frame for seq=17986 (total=17611) jbSize=1 t=172ms
2026-04-10 22:06:44.211  6608-7727  [PTT-DIAG]              com.reedersystems.commandcomms       D  emitPttPre DISPATCH__DISPATCH
2026-04-10 22:06:44.214  6608-7727  [PTT-DIAG]              com.reedersystems.commandcomms       D  Radio PTT: transmitPre sent for roomKey DISPATCH__DISPATCH
2026-04-10 22:06:44.215  6608-7727  [PTT-DIAG]              com.reedersystems.commandcomms       D  PTT_REQUEST_SENT channelId=DISPATCH__DISPATCH
2026-04-10 22:06:44.215  6608-7727  [PTT-DIAG]              com.reedersystems.commandcomms       D  RADIO_PTT_REQUEST_SENT channelId=DISPATCH__DISPATCH
2026-04-10 22:06:44.215  6608-7727  [FloorCtrl]             com.reedersystems.commandcomms       D  requestFloor channelKey=DISPATCH__DISPATCH previousPending=false state=IDLE t=205ms
2026-04-10 22:06:44.216  6608-6608  [PTT-DIAG]              com.reedersystems.commandcomms       D  RadioState updated: REQUESTING_FLOOR
2026-04-10 22:06:44.217  6608-7727  [RadioState]            com.reedersystems.commandcomms       D  State transition: IDLE -> REQUESTING_FLOOR reason=floor_request activeChannel=DISPATCH__DISPATCH txPipeline=false rxPipeline=true t=205ms
2026-04-10 22:06:44.217  6608-7727  [RadioSigGW]            com.reedersystems.commandcomms       D  requestFloor channelKey=DISPATCH__DISPATCH signalingReady=AUTHENTICATED t=206ms
2026-04-10 22:06:44.217  6608-7727  [PTT-DIAG]              com.reedersystems.commandcomms       D  [FloorCtrl] SIGNALING_FLOOR_REQUEST channelKey=DISPATCH__DISPATCH unitId=INDIANA-1 sessionTokenPresent=true
2026-04-10 22:06:44.351  6608-6978  [AudioCapture]          com.reedersystems.commandcomms       D  AGC attached=true enabled=false sessionId=11921 t=340ms
2026-04-10 22:06:44.373  6608-6667  [AudioPlay]             com.reedersystems.commandcomms       D  PLC frame for seq=17996 (total=17621) jbSize=1 t=362ms
2026-04-10 22:06:44.376  6608-10770 [PTT-DIAG]              com.reedersystems.commandcomms       D  [FloorCtrl] SIGNALING_FLOOR_GRANTED channelId=DISPATCH__DISPATCH senderUnitId=INDIANA-1
2026-04-10 22:06:44.379  6608-7134  [PTT-DIAG]              com.reedersystems.commandcomms       D  RADIO_PTT_GRANTED channelId=DISPATCH__DISPATCH senderUnitId=INDIANA-1
2026-04-10 22:06:44.379  6608-7134  [FloorCtrl]             com.reedersystems.commandcomms       D  Floor GRANTED channelKey=DISPATCH__DISPATCH latencyMs=164 t=368ms
2026-04-10 22:06:44.379  6608-7134  [RadioState]            com.reedersystems.commandcomms       D  State transition: REQUESTING_FLOOR -> TRANSMITTING reason=floor_granted activeChannel=DISPATCH__DISPATCH txPipeline=false rxPipeline=true t=368ms
2026-04-10 22:06:44.380  6608-6978  [AudioCapture]          com.reedersystems.commandcomms       D  NoiseSuppressor attached=true enabled=true sessionId=11921 t=369ms
2026-04-10 22:06:44.381  6608-6978  [AudioCapture]          com.reedersystems.commandcomms       D  PRE_CAPTURE_STARTED sampleRate=16000 channelCount=1 frameMs=20 frameSizeSamples=320 maxBufferFrames=150 t=370ms
2026-04-10 22:06:44.381  6608-6978  [RadioEngine]           com.reedersystems.commandcomms       D  Pre-capture started — buffering audio (sampleRate=16000 channels=1 buffer=2560) t=371ms
2026-04-10 22:06:44.381  6608-6972  [PTT-DIAG]              com.reedersystems.commandcomms       D  Floor GRANTED — promoting pre-capture to live TX
2026-04-10 22:06:44.382  6608-6972  [RadioEngine]           com.reedersystems.commandcomms       D  PRE_BUFFER_FLUSHED flushedFrames=0 durationMs=0 — live TX active t=371ms
2026-04-10 22:06:44.382  6608-6972  [PTT-DIAG]              com.reedersystems.commandcomms       D  PTT_STATE CONNECTING -> TRANSMITTING channelKey=DISPATCH__DISPATCH
2026-04-10 22:06:44.382  6608-6978  [AudioCapture]          com.reedersystems.commandcomms       D  PCM_FRAME frame=1 readRet=640 samples=320 min=-6 max=4 rms=1.3 silent=true zeros=148 downmix=false source=VOICE_COMMUNICATION sampleRate=16000 channels=1 t=371ms
2026-04-10 22:06:44.386  6608-6608  [PTT-DIAG]              com.reedersystems.commandcomms       D  RadioState updated: TRANSMITTING
2026-04-10 22:06:44.390  6608-6978  [AudioDSP]              com.reedersystems.commandcomms       D  DSP_FRAME frame=1 pre=[samples=320 min=-6 max=4 rms=1.3 silent=true zeros=148] post=[samples=320 min=0 max=0 rms=0.0 silent=true zeros=320] gate=closed gateEnv=-92.0dB gateThreshold=-50.0dB t=378ms
2026-04-10 22:06:44.399  6608-6978  [AudioCapture]          com.reedersystems.commandcomms       D  PCM_FRAME frame=2 readRet=640 samples=320 min=-6 max=7 rms=2.5 silent=true zeros=48 downmix=false source=VOICE_COMMUNICATION sampleRate=16000 channels=1 t=388ms
2026-04-10 22:06:44.406  6608-6978  [AudioDSP]              com.reedersystems.commandcomms       D  DSP_FRAME frame=2 pre=[samples=320 min=-6 max=7 rms=2.5 silent=true zeros=48] post=[samples=320 min=0 max=0 rms=0.0 silent=true zeros=320] gate=closed gateEnv=-83.4dB gateThreshold=-50.0dB t=394ms
2026-04-10 22:06:44.407  6608-6978  [AudioCapture]          com.reedersystems.commandcomms       D  PCM_FRAME frame=3 readRet=640 samples=320 min=-5 max=5 rms=1.9 silent=true zeros=85 downmix=false source=VOICE_COMMUNICATION sampleRate=16000 channels=1 t=396ms
2026-04-10 22:06:44.414  6608-6972  [PTT-DIAG]              com.reedersystems.commandcomms       D  Sending PTT_TX_STARTED broadcast
2026-04-10 22:06:44.415  6608-6978  [AudioDSP]              com.reedersystems.commandcomms       D  DSP_FRAME frame=3 pre=[samples=320 min=-5 max=5 rms=1.9 silent=true zeros=85] post=[samples=320 min=0 max=0 rms=0.0 silent=true zeros=320] gate=closed gateEnv=-88.3dB gateThreshold=-50.0dB t=404ms
2026-04-10 22:06:44.416  6608-6978  [AudioCapture]          com.reedersystems.commandcomms       D  PCM_FRAME frame=4 readRet=640 samples=320 min=-5 max=6 rms=2.1 silent=true zeros=58 downmix=false source=VOICE_COMMUNICATION sampleRate=16000 channels=1 t=405ms
2026-04-10 22:06:44.428  6608-7134  [FloorCtrl]             com.reedersystems.commandcomms       D  Channel busy — transmitting unit: INDIANA-1 state=TRANSMITTING t=417ms
2026-04-10 22:06:44.430  6608-6978  [AudioCapture]          com.reedersystems.commandcomms       D  PCM_FRAME frame=5 readRet=640 samples=320 min=-6 max=6 rms=2.6 silent=true zeros=44 downmix=false source=VOICE_COMMUNICATION sampleRate=16000 channels=1 t=419ms
2026-04-10 22:06:44.431  6608-6608  [PTT-DIAG]              com.reedersystems.commandcomms       D  PTT_TX_STARTED received — setting pttState = TRANSMITTING
2026-04-10 22:06:44.439  6608-6608  MediaPlayer             com.reedersystems.commandcomms       D  handleMessage msg:(2, 0, 0)
2026-04-10 22:06:44.441  6608-6608  MediaPlayer             com.reedersystems.commandcomms       V  resetDrmState:  mDrmInfo=null mDrmProvisioningThread=null mPrepareDrmInProgress=false mActiveDrmScheme=false
2026-04-10 22:06:44.441  6608-6608  MediaPlayer             com.reedersystems.commandcomms       V  cleanDrmObj: mDrmObj=null mDrmSessionId=null
2026-04-10 22:06:44.447  6608-6978  [AudioCapture]          com.reedersystems.commandcomms       D  PCM_FRAME frame=6 readRet=640 samples=320 min=-5 max=6 rms=2.2 silent=true zeros=63 downmix=false source=VOICE_COMMUNICATION sampleRate=16000 channels=1 t=436ms
2026-04-10 22:06:44.467  6608-6978  [AudioCapture]          com.reedersystems.commandcomms       D  PCM_FRAME frame=7 readRet=640 samples=320 min=-5 max=5 rms=2.2 silent=true zeros=64 downmix=false source=VOICE_COMMUNICATION sampleRate=16000 channels=1 t=456ms
2026-04-10 22:06:44.486  6608-6978  [AudioCapture]          com.reedersystems.commandcomms       D  PCM_FRAME frame=8 readRet=640 samples=320 min=-6 max=4 rms=2.2 silent=true zeros=48 downmix=false source=VOICE_COMMUNICATION sampleRate=16000 channels=1 t=474ms
2026-04-10 22:06:44.500  6608-6667  [OpusCodec]             com.reedersystems.commandcomms       D  ENCODE frame=1 pcmBytes=640 encodedBytes=160 seq=1 t=489ms
