2026-03-17 22:36:45.483   356-356   NxpHal                  vendor.nxp.nxpnfc@1.0-service        E  write_unlocked failed - PN54X Maybe in Standby Mode - Retry
2026-03-17 22:36:45.512   356-1664  NxpTml                  vendor.nxp.nxpnfc@1.0-service        E  _i2c_write() errno : 5
2026-03-17 22:36:45.512   356-1664  NxpTml                  vendor.nxp.nxpnfc@1.0-service        E  PN54X - Error in I2C Write.....
2026-03-17 22:36:45.512   356-1666  NxpHal                  vendor.nxp.nxpnfc@1.0-service        E  write error status = 0x1ff
2026-03-17 22:36:45.512   356-356   NxpHal                  vendor.nxp.nxpnfc@1.0-service        E  write_unlocked failed - PN54X Maybe in Standby Mode - Retry
2026-03-17 22:36:45.542   356-1664  NxpTml                  vendor.nxp.nxpnfc@1.0-service        E  _i2c_write() errno : 5
2026-03-17 22:36:45.542   356-1664  NxpTml                  vendor.nxp.nxpnfc@1.0-service        E  PN54X - Error in I2C Write.....
2026-03-17 22:36:45.542   356-1666  NxpHal                  vendor.nxp.nxpnfc@1.0-service        E  write error status = 0x1ff
2026-03-17 22:36:45.543   356-356   NxpHal                  vendor.nxp.nxpnfc@1.0-service        E  write_unlocked failed - PN54X Maybe in Standby Mode - Retry
2026-03-17 22:36:45.573   356-1664  NxpTml                  vendor.nxp.nxpnfc@1.0-service        E  _i2c_write() errno : 5
2026-03-17 22:36:45.574   356-1664  NxpTml                  vendor.nxp.nxpnfc@1.0-service        E  PN54X - Error in I2C Write.....
2026-03-17 22:36:45.574   356-1666  NxpHal                  vendor.nxp.nxpnfc@1.0-service        E  write error status = 0x1ff
2026-03-17 22:36:45.574   356-356   NxpHal                  vendor.nxp.nxpnfc@1.0-service        E  write_unlocked failed - PN54X Maybe in Standby Mode - Retry
2026-03-17 22:36:45.606   356-1664  NxpTml                  vendor.nxp.nxpnfc@1.0-service        E  _i2c_write() errno : 5
2026-03-17 22:36:45.606   356-1664  NxpTml                  vendor.nxp.nxpnfc@1.0-service        E  PN54X - Error in I2C Write.....
2026-03-17 22:36:45.606   356-1666  NxpHal                  vendor.nxp.nxpnfc@1.0-service        E  write error status = 0x1ff
2026-03-17 22:36:45.606   356-356   NxpHal                  vendor.nxp.nxpnfc@1.0-service        E  write_unlocked failed - PN54X Maybe in Standby Mode - Retry
2026-03-17 22:36:45.636   356-1664  NxpTml                  vendor.nxp.nxpnfc@1.0-service        E  _i2c_write() errno : 5
2026-03-17 22:36:45.636   356-1664  NxpTml                  vendor.nxp.nxpnfc@1.0-service        E  PN54X - Error in I2C Write.....
2026-03-17 22:36:45.636   356-1666  NxpHal                  vendor.nxp.nxpnfc@1.0-service        E  write error status = 0x1ff
2026-03-17 22:36:45.636   356-356   NxpHal                  vendor.nxp.nxpnfc@1.0-service        E  write_unlocked failed - PN54X Maybe in Standby Mode (max count = 0x6)
2026-03-17 22:36:45.812   356-356   NxpHal                  vendor.nxp.nxpnfc@1.0-service        E  NFCC not coming out from Standby
2026-03-17 22:36:45.812   356-356   NxpHal                  vendor.nxp.nxpnfc@1.0-service        E  Trying Force FW download
2026-03-17 22:36:45.993   356-356   NxpFwDnld               vendor.nxp.nxpnfc@1.0-service        E  FW Image Length - ImageInfoLen 34358
2026-03-17 22:36:45.993   356-356   NxpFwDnld               vendor.nxp.nxpnfc@1.0-service        E  FW Image Info Pointer - pImageInfo 0xb41512d0
2026-03-17 22:36:45.993   356-356   NxpFwDnld               vendor.nxp.nxpnfc@1.0-service        E  FW Major Version Num - 1
2026-03-17 22:36:45.993   356-356   NxpFwDnld               vendor.nxp.nxpnfc@1.0-service        E  FW Minor Version Num - 16
2026-03-17 22:36:45.993   356-356   NxpFwDnld               vendor.nxp.nxpnfc@1.0-service        E  FW Image Length - 34358
2026-03-17 22:36:45.993   356-356   NxpFwDnld               vendor.nxp.nxpnfc@1.0-service        E  FW Image Info Pointer - 0xb41512d0
2026-03-17 22:36:46.012   356-1664  NxpTml                  vendor.nxp.nxpnfc@1.0-service        E  _i2c_write() errno : 5
2026-03-17 22:36:46.012   356-1664  NxpHal                  vendor.nxp.nxpnfc@1.0-service        E  PN54X - Error in I2C Write  - Retry 0x1
2026-03-17 22:36:46.043   356-1664  NxpTml                  vendor.nxp.nxpnfc@1.0-service        E  _i2c_write() errno : 5
2026-03-17 22:36:46.043   356-1664  NxpHal                  vendor.nxp.nxpnfc@1.0-service        E  PN54X - Error in I2C Write  - Retry 0x2
2026-03-17 22:36:46.073   356-1664  NxpTml                  vendor.nxp.nxpnfc@1.0-service        E  _i2c_write() errno : 5
2026-03-17 22:36:46.073   356-1664  NxpHal                  vendor.nxp.nxpnfc@1.0-service        E  PN54X - Error in I2C Write  - Retry 0x3
2026-03-17 22:36:46.103   356-1664  NxpTml                  vendor.nxp.nxpnfc@1.0-service        E  _i2c_write() errno : 5
2026-03-17 22:36:46.103   356-1664  NxpTml                  vendor.nxp.nxpnfc@1.0-service        E  PN54X - Error in I2C Write.....
2026-03-17 22:36:46.103   356-1666  NxpFwDnld               vendor.nxp.nxpnfc@1.0-service        E  Tml Write error!!
2026-03-17 22:36:46.103   356-1666  NxpFwDnld               vendor.nxp.nxpnfc@1.0-service        E  phNxpNciHal_fw_dnld_normal_cb - Request Failed!!
2026-03-17 22:36:46.123   356-1664  NxpTml                  vendor.nxp.nxpnfc@1.0-service        E  _i2c_write() errno : 5
2026-03-17 22:36:46.123   356-1664  NxpHal                  vendor.nxp.nxpnfc@1.0-service        E  PN54X - Error in I2C Write  - Retry 0x1
2026-03-17 22:36:46.153   356-1664  NxpTml                  vendor.nxp.nxpnfc@1.0-service        E  _i2c_write() errno : 5
2026-03-17 22:36:46.153   356-1664  NxpHal                  vendor.nxp.nxpnfc@1.0-service        E  PN54X - Error in I2C Write  - Retry 0x2
2026-03-17 22:36:46.183   356-1664  NxpTml                  vendor.nxp.nxpnfc@1.0-service        E  _i2c_write() errno : 5
2026-03-17 22:36:46.183   356-1664  NxpHal                  vendor.nxp.nxpnfc@1.0-service        E  PN54X - Error in I2C Write  - Retry 0x3
2026-03-17 22:36:46.212   356-1664  NxpTml                  vendor.nxp.nxpnfc@1.0-service        E  _i2c_write() errno : 5
2026-03-17 22:36:46.212   356-1664  NxpTml                  vendor.nxp.nxpnfc@1.0-service        E  PN54X - Error in I2C Write.....
2026-03-17 22:36:46.212   356-1666  NxpFwDnld               vendor.nxp.nxpnfc@1.0-service        E  Tml Write error!!
2026-03-17 22:36:46.213   356-1666  NxpFwDnld               vendor.nxp.nxpnfc@1.0-service        E  phNxpNciHal_fw_dnld_normal_cb - Request Failed!!
2026-03-17 22:36:46.232   356-1664  NxpTml                  vendor.nxp.nxpnfc@1.0-service        E  _i2c_write() errno : 5
2026-03-17 22:36:46.232   356-1664  NxpHal                  vendor.nxp.nxpnfc@1.0-service        E  PN54X - Error in I2C Write  - Retry 0x1
2026-03-17 22:36:46.273   356-1664  NxpTml                  vendor.nxp.nxpnfc@1.0-service        E  _i2c_write() errno : 5
2026-03-17 22:36:46.274   356-1664  NxpHal                  vendor.nxp.nxpnfc@1.0-service        E  PN54X - Error in I2C Write  - Retry 0x2
2026-03-17 22:36:46.306   356-1664  NxpTml                  vendor.nxp.nxpnfc@1.0-service        E  _i2c_write() errno : 5
2026-03-17 22:36:46.306   356-1664  NxpHal                  vendor.nxp.nxpnfc@1.0-service        E  PN54X - Error in I2C Write  - Retry 0x3
2026-03-17 22:36:46.361   356-1664  NxpTml                  vendor.nxp.nxpnfc@1.0-service        E  _i2c_write() errno : 5
2026-03-17 22:36:46.361   356-1664  NxpTml                  vendor.nxp.nxpnfc@1.0-service        E  PN54X - Error in I2C Write.....
2026-03-17 22:36:46.361   356-1666  NxpFwDnld               vendor.nxp.nxpnfc@1.0-service        E  Tml Write error!!
2026-03-17 22:36:46.361   356-1666  NxpFwDnld               vendor.nxp.nxpnfc@1.0-service        E  phNxpNciHal_fw_dnld_get_sessn_state_cb - Request Failed!!
2026-03-17 22:36:46.363   356-356   NxpFwDnld               vendor.nxp.nxpnfc@1.0-service        E  phDnldNfc_GetSessionState cb failed
2026-03-17 22:36:46.363   356-356   NxpFwDnld               vendor.nxp.nxpnfc@1.0-service        E   phNxpNciHal_fw_seq_handler : FAILED
2026-03-17 22:36:46.364   356-356   NxpFwDnld               vendor.nxp.nxpnfc@1.0-service        E  Fw Download Failed!!
2026-03-17 22:36:46.539   356-356   NxpFwDnld               vendor.nxp.nxpnfc@1.0-service        E  free library SUCCESS !!
2026-03-17 22:36:46.539   356-356   NxpFwDnld               vendor.nxp.nxpnfc@1.0-service        E  Freeing Mem for Dnld Context..
2026-03-17 22:36:46.560   356-1664  NxpTml                  vendor.nxp.nxpnfc@1.0-service        E  _i2c_write() errno : 5
2026-03-17 22:36:46.560   356-1664  NxpTml                  vendor.nxp.nxpnfc@1.0-service        E  PN54X - Error in I2C Write.....
2026-03-17 22:36:46.560   356-1666  NxpHal                  vendor.nxp.nxpnfc@1.0-service        E  write error status = 0x1ff
2026-03-17 22:36:46.561   356-356   NxpHal                  vendor.nxp.nxpnfc@1.0-service        E  write_unlocked failed - PN54X Maybe in Standby Mode - Retry
2026-03-17 22:36:46.589   356-1664  NxpTml                  vendor.nxp.nxpnfc@1.0-service        E  _i2c_write() errno : 5
2026-03-17 22:36:46.589   356-1664  NxpTml                  vendor.nxp.nxpnfc@1.0-service        E  PN54X - Error in I2C Write.....
2026-03-17 22:36:46.589   356-1666  NxpHal                  vendor.nxp.nxpnfc@1.0-service        E  write error status = 0x1ff
2026-03-17 22:36:46.589   356-356   NxpHal                  vendor.nxp.nxpnfc@1.0-service        E  write_unlocked failed - PN54X Maybe in Standby Mode - Retry
2026-03-17 22:36:46.619   356-1664  NxpTml                  vendor.nxp.nxpnfc@1.0-service        E  _i2c_write() errno : 5
2026-03-17 22:36:46.619   356-1664  NxpTml                  vendor.nxp.nxpnfc@1.0-service        E  PN54X - Error in I2C Write.....
2026-03-17 22:36:46.620   356-1666  NxpHal                  vendor.nxp.nxpnfc@1.0-service        E  write error status = 0x1ff
2026-03-17 22:36:46.620   356-356   NxpHal                  vendor.nxp.nxpnfc@1.0-service        E  write_unlocked failed - PN54X Maybe in Standby Mode - Retry
2026-03-17 22:36:46.649   356-1664  NxpTml                  vendor.nxp.nxpnfc@1.0-service        E  _i2c_write() errno : 5
2026-03-17 22:36:46.649   356-1664  NxpTml                  vendor.nxp.nxpnfc@1.0-service        E  PN54X - Error in I2C Write.....
2026-03-17 22:36:46.649   356-1666  NxpHal                  vendor.nxp.nxpnfc@1.0-service        E  write error status = 0x1ff
2026-03-17 22:36:46.650   356-356   NxpHal                  vendor.nxp.nxpnfc@1.0-service        E  write_unlocked failed - PN54X Maybe in Standby Mode - Retry
2026-03-17 22:36:46.679   356-1664  NxpTml                  vendor.nxp.nxpnfc@1.0-service        E  _i2c_write() errno : 5
2026-03-17 22:36:46.679   356-1664  NxpTml                  vendor.nxp.nxpnfc@1.0-service        E  PN54X - Error in I2C Write.....
2026-03-17 22:36:46.679   356-1666  NxpHal                  vendor.nxp.nxpnfc@1.0-service        E  write error status = 0x1ff
2026-03-17 22:36:46.679   356-356   NxpHal                  vendor.nxp.nxpnfc@1.0-service        E  write_unlocked failed - PN54X Maybe in Standby Mode - Retry
2026-03-17 22:36:46.710   356-1664  NxpTml                  vendor.nxp.nxpnfc@1.0-service        E  _i2c_write() errno : 5
2026-03-17 22:36:46.710   356-1664  NxpTml                  vendor.nxp.nxpnfc@1.0-service        E  PN54X - Error in I2C Write.....
2026-03-17 22:36:46.711   356-1666  NxpHal                  vendor.nxp.nxpnfc@1.0-service        E  write error status = 0x1ff
2026-03-17 22:36:46.711   356-356   NxpHal                  vendor.nxp.nxpnfc@1.0-service        E  write_unlocked failed - PN54X Maybe in Standby Mode (max count = 0x6)
2026-03-17 22:36:46.885   356-356   NxpHal                  vendor.nxp.nxpnfc@1.0-service        E  NFCC not coming out from Standby
2026-03-17 22:36:46.885   356-356   NxpHal                  vendor.nxp.nxpnfc@1.0-service        E  Trying Force FW download
2026-03-17 22:36:47.067   356-356   NxpFwDnld               vendor.nxp.nxpnfc@1.0-service        E  FW Image Length - ImageInfoLen 34358
2026-03-17 22:36:47.067   356-356   NxpFwDnld               vendor.nxp.nxpnfc@1.0-service        E  FW Image Info Pointer - pImageInfo 0xb41592d0
2026-03-17 22:36:47.067   356-356   NxpFwDnld               vendor.nxp.nxpnfc@1.0-service        E  FW Major Version Num - 1
2026-03-17 22:36:47.067   356-356   NxpFwDnld               vendor.nxp.nxpnfc@1.0-service        E  FW Minor Version Num - 16
2026-03-17 22:36:47.067   356-356   NxpFwDnld               vendor.nxp.nxpnfc@1.0-service        E  FW Image Length - 34358
2026-03-17 22:36:47.067   356-356   NxpFwDnld               vendor.nxp.nxpnfc@1.0-service        E  FW Image Info Pointer - 0xb41592d0
2026-03-17 22:36:47.089   356-1664  NxpTml                  vendor.nxp.nxpnfc@1.0-service        E  _i2c_write() errno : 5
2026-03-17 22:36:47.090   356-1664  NxpHal                  vendor.nxp.nxpnfc@1.0-service        E  PN54X - Error in I2C Write  - Retry 0x1
2026-03-17 22:36:47.119   356-1664  NxpTml                  vendor.nxp.nxpnfc@1.0-service        E  _i2c_write() errno : 5
2026-03-17 22:36:47.119   356-1664  NxpHal                  vendor.nxp.nxpnfc@1.0-service        E  PN54X - Error in I2C Write  - Retry 0x2
2026-03-17 22:36:47.149   356-1664  NxpTml                  vendor.nxp.nxpnfc@1.0-service        E  _i2c_write() errno : 5
2026-03-17 22:36:47.149   356-1664  NxpHal                  vendor.nxp.nxpnfc@1.0-service        E  PN54X - Error in I2C Write  - Retry 0x3
2026-03-17 22:36:47.179   356-1664  NxpTml                  vendor.nxp.nxpnfc@1.0-service        E  _i2c_write() errno : 5
2026-03-17 22:36:47.179   356-1664  NxpTml                  vendor.nxp.nxpnfc@1.0-service        E  PN54X - Error in I2C Write.....
2026-03-17 22:36:47.180   356-1666  NxpFwDnld               vendor.nxp.nxpnfc@1.0-service        E  Tml Write error!!
2026-03-17 22:36:47.180   356-1666  NxpFwDnld               vendor.nxp.nxpnfc@1.0-service        E  phNxpNciHal_fw_dnld_normal_cb - Request Failed!!
2026-03-17 22:36:47.199   356-1664  NxpTml                  vendor.nxp.nxpnfc@1.0-service        E  _i2c_write() errno : 5
2026-03-17 22:36:47.199   356-1664  NxpHal                  vendor.nxp.nxpnfc@1.0-service        E  PN54X - Error in I2C Write  - Retry 0x1
2026-03-17 22:36:47.229   356-1664  NxpTml                  vendor.nxp.nxpnfc@1.0-service        E  _i2c_write() errno : 5
2026-03-17 22:36:47.229   356-1664  NxpHal                  vendor.nxp.nxpnfc@1.0-service        E  PN54X - Error in I2C Write  - Retry 0x2
2026-03-17 22:36:47.259   356-1664  NxpTml                  vendor.nxp.nxpnfc@1.0-service        E  _i2c_write() errno : 5
2026-03-17 22:36:47.259   356-1664  NxpHal                  vendor.nxp.nxpnfc@1.0-service        E  PN54X - Error in I2C Write  - Retry 0x3
2026-03-17 22:36:47.289   356-1664  NxpTml                  vendor.nxp.nxpnfc@1.0-service        E  _i2c_write() errno : 5
2026-03-17 22:36:47.289   356-1664  NxpTml                  vendor.nxp.nxpnfc@1.0-service        E  PN54X - Error in I2C Write.....
2026-03-17 22:36:47.289   356-1666  NxpFwDnld               vendor.nxp.nxpnfc@1.0-service        E  Tml Write error!!
2026-03-17 22:36:47.289   356-1666  NxpFwDnld               vendor.nxp.nxpnfc@1.0-service        E  phNxpNciHal_fw_dnld_normal_cb - Request Failed!!
2026-03-17 22:36:47.309   356-1664  NxpTml                  vendor.nxp.nxpnfc@1.0-service        E  _i2c_write() errno : 5
2026-03-17 22:36:47.309   356-1664  NxpHal                  vendor.nxp.nxpnfc@1.0-service        E  PN54X - Error in I2C Write  - Retry 0x1
2026-03-17 22:36:47.340   356-1664  NxpTml                  vendor.nxp.nxpnfc@1.0-service        E  _i2c_write() errno : 5
2026-03-17 22:36:47.340   356-1664  NxpHal                  vendor.nxp.nxpnfc@1.0-service        E  PN54X - Error in I2C Write  - Retry 0x2
2026-03-17 22:36:47.370   356-1664  NxpTml                  vendor.nxp.nxpnfc@1.0-service        E  _i2c_write() errno : 5
2026-03-17 22:36:47.371   356-1664  NxpHal                  vendor.nxp.nxpnfc@1.0-service        E  PN54X - Error in I2C Write  - Retry 0x3
2026-03-17 22:36:47.399   356-1664  NxpTml                  vendor.nxp.nxpnfc@1.0-service        E  _i2c_write() errno : 5
2026-03-17 22:36:47.399   356-1664  NxpTml                  vendor.nxp.nxpnfc@1.0-service        E  PN54X - Error in I2C Write.....
2026-03-17 22:36:47.399   356-1666  NxpFwDnld               vendor.nxp.nxpnfc@1.0-service        E  Tml Write error!!
2026-03-17 22:36:47.399   356-1666  NxpFwDnld               vendor.nxp.nxpnfc@1.0-service        E  phNxpNciHal_fw_dnld_get_sessn_state_cb - Request Failed!!
2026-03-17 22:36:47.399   356-356   NxpFwDnld               vendor.nxp.nxpnfc@1.0-service        E  phDnldNfc_GetSessionState cb failed
2026-03-17 22:36:47.399   356-356   NxpFwDnld               vendor.nxp.nxpnfc@1.0-service        E   phNxpNciHal_fw_seq_handler : FAILED
2026-03-17 22:36:47.399   356-356   NxpFwDnld               vendor.nxp.nxpnfc@1.0-service        E  Fw Download Failed!!
2026-03-17 22:36:47.575   356-356   NxpFwDnld               vendor.nxp.nxpnfc@1.0-service        E  free library SUCCESS !!
2026-03-17 22:36:47.575   356-356   NxpFwDnld               vendor.nxp.nxpnfc@1.0-service        E  Freeing Mem for Dnld Context..
2026-03-17 22:36:47.596   356-1664  NxpTml                  vendor.nxp.nxpnfc@1.0-service        E  _i2c_write() errno : 5
2026-03-17 22:36:47.596   356-1664  NxpTml                  vendor.nxp.nxpnfc@1.0-service        E  PN54X - Error in I2C Write.....
2026-03-17 22:36:47.596   356-1666  NxpHal                  vendor.nxp.nxpnfc@1.0-service        E  write error status = 0x1ff
2026-03-17 22:36:47.596   356-356   NxpHal                  vendor.nxp.nxpnfc@1.0-service        E  write_unlocked failed - PN54X Maybe in Standby Mode - Retry
2026-03-17 22:36:47.626   356-1664  NxpTml                  vendor.nxp.nxpnfc@1.0-service        E  _i2c_write() errno : 5
2026-03-17 22:36:47.627   356-1664  NxpTml                  vendor.nxp.nxpnfc@1.0-service        E  PN54X - Error in I2C Write.....
2026-03-17 22:36:47.627   356-1666  NxpHal                  vendor.nxp.nxpnfc@1.0-service        E  write error status = 0x1ff
2026-03-17 22:36:47.627   356-356   NxpHal                  vendor.nxp.nxpnfc@1.0-service        E  write_unlocked failed - PN54X Maybe in Standby Mode - Retry
2026-03-17 22:36:47.656   356-1664  NxpTml                  vendor.nxp.nxpnfc@1.0-service        E  _i2c_write() errno : 5
2026-03-17 22:36:47.656   356-1664  NxpTml                  vendor.nxp.nxpnfc@1.0-service        E  PN54X - Error in I2C Write.....
2026-03-17 22:36:47.656   356-1666  NxpHal                  vendor.nxp.nxpnfc@1.0-service        E  write error status = 0x1ff
2026-03-17 22:36:47.656   356-356   NxpHal                  vendor.nxp.nxpnfc@1.0-service        E  write_unlocked failed - PN54X Maybe in Standby Mode - Retry
2026-03-17 22:36:47.686   356-1664  NxpTml                  vendor.nxp.nxpnfc@1.0-service        E  _i2c_write() errno : 5
2026-03-17 22:36:47.686   356-1664  NxpTml                  vendor.nxp.nxpnfc@1.0-service        E  PN54X - Error in I2C Write.....
2026-03-17 22:36:47.686   356-1666  NxpHal                  vendor.nxp.nxpnfc@1.0-service        E  write error status = 0x1ff
2026-03-17 22:36:47.686   356-356   NxpHal                  vendor.nxp.nxpnfc@1.0-service        E  write_unlocked failed - PN54X Maybe in Standby Mode - Retry
2026-03-17 22:36:47.716   356-1664  NxpTml                  vendor.nxp.nxpnfc@1.0-service        E  _i2c_write() errno : 5
2026-03-17 22:36:47.716   356-1664  NxpTml                  vendor.nxp.nxpnfc@1.0-service        E  PN54X - Error in I2C Write.....
2026-03-17 22:36:47.716   356-1666  NxpHal                  vendor.nxp.nxpnfc@1.0-service        E  write error status = 0x1ff
2026-03-17 22:36:47.716   356-356   NxpHal                  vendor.nxp.nxpnfc@1.0-service        E  write_unlocked failed - PN54X Maybe in Standby Mode - Retry
2026-03-17 22:36:47.752   356-1664  NxpTml                  vendor.nxp.nxpnfc@1.0-service        E  _i2c_write() errno : 5
2026-03-17 22:36:47.752   356-1664  NxpTml                  vendor.nxp.nxpnfc@1.0-service        E  PN54X - Error in I2C Write.....
2026-03-17 22:36:47.752   356-1666  NxpHal                  vendor.nxp.nxpnfc@1.0-service        E  write error status = 0x1ff
2026-03-17 22:36:47.752   356-356   NxpHal                  vendor.nxp.nxpnfc@1.0-service        E  write_unlocked failed - PN54X Maybe in Standby Mode (max count = 0x6)
2026-03-17 22:36:47.928   356-356   NxpHal                  vendor.nxp.nxpnfc@1.0-service        E  NFCC not coming out from Standby
2026-03-17 22:36:47.928   356-356   NxpHal                  vendor.nxp.nxpnfc@1.0-service        E  Trying Force FW download
2026-03-17 22:36:48.109   356-356   NxpFwDnld               vendor.nxp.nxpnfc@1.0-service        E  FW Image Length - ImageInfoLen 34358
2026-03-17 22:36:48.110   356-356   NxpFwDnld               vendor.nxp.nxpnfc@1.0-service        E  FW Image Info Pointer - pImageInfo 0xb41492d0
2026-03-17 22:36:48.110   356-356   NxpFwDnld               vendor.nxp.nxpnfc@1.0-service        E  FW Major Version Num - 1
2026-03-17 22:36:48.110   356-356   NxpFwDnld               vendor.nxp.nxpnfc@1.0-service        E  FW Minor Version Num - 16
2026-03-17 22:36:48.110   356-356   NxpFwDnld               vendor.nxp.nxpnfc@1.0-service        E  FW Image Length - 34358
2026-03-17 22:36:48.110   356-356   NxpFwDnld               vendor.nxp.nxpnfc@1.0-service        E  FW Image Info Pointer - 0xb41492d0
2026-03-17 22:36:48.129   356-1664  NxpTml                  vendor.nxp.nxpnfc@1.0-service        E  _i2c_write() errno : 5
2026-03-17 22:36:48.129   356-1664  NxpHal                  vendor.nxp.nxpnfc@1.0-service        E  PN54X - Error in I2C Write  - Retry 0x1
2026-03-17 22:36:48.159   356-1664  NxpTml                  vendor.nxp.nxpnfc@1.0-service        E  _i2c_write() errno : 5
2026-03-17 22:36:48.159   356-1664  NxpHal                  vendor.nxp.nxpnfc@1.0-service        E  PN54X - Error in I2C Write  - Retry 0x2
2026-03-17 22:36:48.189   356-1664  NxpTml                  vendor.nxp.nxpnfc@1.0-service        E  _i2c_write() errno : 5
2026-03-17 22:36:48.189   356-1664  NxpHal                  vendor.nxp.nxpnfc@1.0-service        E  PN54X - Error in I2C Write  - Retry 0x3
2026-03-17 22:36:48.220   356-1664  NxpTml                  vendor.nxp.nxpnfc@1.0-service        E  _i2c_write() errno : 5
2026-03-17 22:36:48.220   356-1664  NxpTml                  vendor.nxp.nxpnfc@1.0-service        E  PN54X - Error in I2C Write.....
2026-03-17 22:36:48.220   356-1666  NxpFwDnld               vendor.nxp.nxpnfc@1.0-service        E  Tml Write error!!
2026-03-17 22:36:48.220   356-1666  NxpFwDnld               vendor.nxp.nxpnfc@1.0-service        E  phNxpNciHal_fw_dnld_normal_cb - Request Failed!!
2026-03-17 22:36:48.239   356-1664  NxpTml                  vendor.nxp.nxpnfc@1.0-service        E  _i2c_write() errno : 5
2026-03-17 22:36:48.239   356-1664  NxpHal                  vendor.nxp.nxpnfc@1.0-service        E  PN54X - Error in I2C Write  - Retry 0x1
2026-03-17 22:36:48.269   356-1664  NxpTml                  vendor.nxp.nxpnfc@1.0-service        E  _i2c_write() errno : 5
2026-03-17 22:36:48.269   356-1664  NxpHal                  vendor.nxp.nxpnfc@1.0-service        E  PN54X - Error in I2C Write  - Retry 0x2
2026-03-17 22:36:48.299   356-1664  NxpTml                  vendor.nxp.nxpnfc@1.0-service        E  _i2c_write() errno : 5
2026-03-17 22:36:48.299   356-1664  NxpHal                  vendor.nxp.nxpnfc@1.0-service        E  PN54X - Error in I2C Write  - Retry 0x3
2026-03-17 22:36:48.329   356-1664  NxpTml                  vendor.nxp.nxpnfc@1.0-service        E  _i2c_write() errno : 5
2026-03-17 22:36:48.329   356-1664  NxpTml                  vendor.nxp.nxpnfc@1.0-service        E  PN54X - Error in I2C Write.....
2026-03-17 22:36:48.329   356-1666  NxpFwDnld               vendor.nxp.nxpnfc@1.0-service        E  Tml Write error!!
2026-03-17 22:36:48.329   356-1666  NxpFwDnld               vendor.nxp.nxpnfc@1.0-service        E  phNxpNciHal_fw_dnld_normal_cb - Request Failed!!
2026-03-17 22:36:48.349   356-1664  NxpTml                  vendor.nxp.nxpnfc@1.0-service        E  _i2c_write() errno : 5
2026-03-17 22:36:48.349   356-1664  NxpHal                  vendor.nxp.nxpnfc@1.0-service        E  PN54X - Error in I2C Write  - Retry 0x1
2026-03-17 22:36:48.380   356-1664  NxpTml                  vendor.nxp.nxpnfc@1.0-service        E  _i2c_write() errno : 5
2026-03-17 22:36:48.380   356-1664  NxpHal                  vendor.nxp.nxpnfc@1.0-service        E  PN54X - Error in I2C Write  - Retry 0x2
2026-03-17 22:36:48.413   356-1664  NxpTml                  vendor.nxp.nxpnfc@1.0-service        E  _i2c_write() errno : 5
2026-03-17 22:36:48.413   356-1664  NxpHal                  vendor.nxp.nxpnfc@1.0-service        E  PN54X - Error in I2C Write  - Retry 0x3
2026-03-17 22:36:48.449   356-1664  NxpTml                  vendor.nxp.nxpnfc@1.0-service        E  _i2c_write() errno : 5
2026-03-17 22:36:48.449   356-1664  NxpTml                  vendor.nxp.nxpnfc@1.0-service        E  PN54X - Error in I2C Write.....
2026-03-17 22:36:48.449   356-1666  NxpFwDnld               vendor.nxp.nxpnfc@1.0-service        E  Tml Write error!!
2026-03-17 22:36:48.449   356-1666  NxpFwDnld               vendor.nxp.nxpnfc@1.0-service        E  phNxpNciHal_fw_dnld_get_sessn_state_cb - Request Failed!!
2026-03-17 22:36:48.449   356-356   NxpFwDnld               vendor.nxp.nxpnfc@1.0-service        E  phDnldNfc_GetSessionState cb failed
2026-03-17 22:36:48.449   356-356   NxpFwDnld               vendor.nxp.nxpnfc@1.0-service        E   phNxpNciHal_fw_seq_handler : FAILED
2026-03-17 22:36:48.449   356-356   NxpFwDnld               vendor.nxp.nxpnfc@1.0-service        E  Fw Download Failed!!
2026-03-17 22:36:48.596   366-366   SurfaceFlinger          surfaceflinger                       E  getUniqueId not supported on VirtualDisplaySurface
2026-03-17 22:36:48.607   366-366   SurfaceFlinger          surfaceflinger                       E  getUniqueId not supported on VirtualDisplaySurface
2026-03-17 22:36:48.625   366-366   SurfaceFlinger          surfaceflinger                       E  getUniqueId not supported on VirtualDisplaySurface
2026-03-17 22:36:48.625   356-356   NxpFwDnld               vendor.nxp.nxpnfc@1.0-service        E  free library SUCCESS !!
2026-03-17 22:36:48.625   356-356   NxpFwDnld               vendor.nxp.nxpnfc@1.0-service        E  Freeing Mem for Dnld Context..
2026-03-17 22:36:48.632   366-366   SurfaceFlinger          surfaceflinger                       E  getUniqueId not supported on VirtualDisplaySurface
2026-03-17 22:36:48.642   366-366   SurfaceFlinger          surfaceflinger                       E  getUniqueId not supported on VirtualDisplaySurface
2026-03-17 22:36:48.645   331-11093 AudioALSAStreamManager  and...re.audio@2.0-service-mediatek  E  setScreenState, mStreamInVector[0]->getInputFlags() = 0x0
2026-03-17 22:36:48.648   366-366   SurfaceFlinger          surfaceflinger                       E  getUniqueId not supported on VirtualDisplaySurface
2026-03-17 22:36:48.655   356-1664  NxpTml                  vendor.nxp.nxpnfc@1.0-service        E  _i2c_write() errno : 5
2026-03-17 22:36:48.655   356-1664  NxpTml                  vendor.nxp.nxpnfc@1.0-service        E  PN54X - Error in I2C Write.....
2026-03-17 22:36:48.656   356-1666  NxpHal                  vendor.nxp.nxpnfc@1.0-service        E  write error status = 0x1ff
2026-03-17 22:36:48.656   356-356   NxpHal                  vendor.nxp.nxpnfc@1.0-service        E  write_unlocked failed - PN54X Maybe in Standby Mode - Retry
2026-03-17 22:36:48.686   356-1664  NxpTml                  vendor.nxp.nxpnfc@1.0-service        E  _i2c_write() errno : 5
2026-03-17 22:36:48.686   356-1664  NxpTml                  vendor.nxp.nxpnfc@1.0-service        E  PN54X - Error in I2C Write.....
2026-03-17 22:36:48.688   356-1666  NxpHal                  vendor.nxp.nxpnfc@1.0-service        E  write error status = 0x1ff
2026-03-17 22:36:48.688   356-356   NxpHal                  vendor.nxp.nxpnfc@1.0-service        E  write_unlocked failed - PN54X Maybe in Standby Mode - Retry
2026-03-17 22:36:48.726   356-1664  NxpTml                  vendor.nxp.nxpnfc@1.0-service        E  _i2c_write() errno : 5
2026-03-17 22:36:48.726   356-1664  NxpTml                  vendor.nxp.nxpnfc@1.0-service        E  PN54X - Error in I2C Write.....
2026-03-17 22:36:48.726   356-1666  NxpHal                  vendor.nxp.nxpnfc@1.0-service        E  write error status = 0x1ff
2026-03-17 22:36:48.727   356-356   NxpHal                  vendor.nxp.nxpnfc@1.0-service        E  write_unlocked failed - PN54X Maybe in Standby Mode - Retry
2026-03-17 22:36:48.759   356-1664  NxpTml                  vendor.nxp.nxpnfc@1.0-service        E  _i2c_write() errno : 5
2026-03-17 22:36:48.759   356-1664  NxpTml                  vendor.nxp.nxpnfc@1.0-service        E  PN54X - Error in I2C Write.....
2026-03-17 22:36:48.760   356-1666  NxpHal                  vendor.nxp.nxpnfc@1.0-service        E  write error status = 0x1ff
2026-03-17 22:36:48.760   356-356   NxpHal                  vendor.nxp.nxpnfc@1.0-service        E  write_unlocked failed - PN54X Maybe in Standby Mode - Retry
2026-03-17 22:36:48.791   356-1664  NxpTml                  vendor.nxp.nxpnfc@1.0-service        E  _i2c_write() errno : 5
2026-03-17 22:36:48.791   356-1664  NxpTml                  vendor.nxp.nxpnfc@1.0-service        E  PN54X - Error in I2C Write.....
2026-03-17 22:36:48.792   356-1666  NxpHal                  vendor.nxp.nxpnfc@1.0-service        E  write error status = 0x1ff
2026-03-17 22:36:48.792   356-356   NxpHal                  vendor.nxp.nxpnfc@1.0-service        E  write_unlocked failed - PN54X Maybe in Standby Mode - Retry
2026-03-17 22:36:48.808  1134-1419  MtkPhoneIntfMgrEx       com.android.phone                    E  [notifyEPDGScreenState] state:1 ,phoneId: 0
2026-03-17 22:36:48.833   356-1664  NxpTml                  vendor.nxp.nxpnfc@1.0-service        E  _i2c_write() errno : 5
2026-03-17 22:36:48.833   356-1664  NxpTml                  vendor.nxp.nxpnfc@1.0-service        E  PN54X - Error in I2C Write.....
2026-03-17 22:36:48.833   356-1666  NxpHal                  vendor.nxp.nxpnfc@1.0-service        E  write error status = 0x1ff
2026-03-17 22:36:48.834   356-356   NxpHal                  vendor.nxp.nxpnfc@1.0-service        E  write_unlocked failed - PN54X Maybe in Standby Mode (max count = 0x6)
2026-03-17 22:36:48.893   736-944   ActivityManager         system_server                        E  Sending non-protected broadcast android.intent.action.PTT.down from system 736:system/1000 pkg android
                                                                                                    java.lang.Throwable
                                                                                                    	at com.android.server.am.ActivityManagerService.checkBroadcastFromSystem(ActivityManagerService.java:19307)
                                                                                                    	at com.android.server.am.ActivityManagerService.broadcastIntentLocked(ActivityManagerService.java:19827)
                                                                                                    	at com.android.server.am.ActivityManagerService.broadcastIntent(ActivityManagerService.java:20062)
                                                                                                    	at android.app.ContextImpl.sendBroadcast(ContextImpl.java:971)
                                                                                                    	at com.android.server.policy.PhoneWindowManager.sendBC(PhoneWindowManager.java:6496)
                                                                                                    	at com.android.server.policy.PhoneWindowManager.interceptKeyBeforeQueueing(PhoneWindowManager.java:6843)
                                                                                                    	at com.freeme.server.policy.FreemePhoneWindowManager.interceptKeyBeforeQueueing(FreemePhoneWindowManager.java:301)
                                                                                                    	at com.android.server.wm.InputMonitor.interceptKeyBeforeQueueing(InputMonitor.java:449)
                                                                                                    	at com.android.server.input.InputManagerService.interceptKeyBeforeQueueing(InputManagerService.java:1975)
2026-03-17 22:36:48.915   736-944   ActivityManager         system_server                        E  Sending non-protected broadcast android.intent.action.PTT.down from system 736:system/1000 pkg android
                                                                                                    java.lang.Throwable
                                                                                                    	at com.android.server.am.ActivityManagerService.checkBroadcastFromSystem(ActivityManagerService.java:19307)
                                                                                                    	at com.android.server.am.ActivityManagerService.broadcastIntentLocked(ActivityManagerService.java:19920)
                                                                                                    	at com.android.server.am.ActivityManagerService.broadcastIntent(ActivityManagerService.java:20062)
                                                                                                    	at android.app.ContextImpl.sendBroadcast(ContextImpl.java:971)
                                                                                                    	at com.android.server.policy.PhoneWindowManager.sendBC(PhoneWindowManager.java:6496)
                                                                                                    	at com.android.server.policy.PhoneWindowManager.interceptKeyBeforeQueueing(PhoneWindowManager.java:6843)
                                                                                                    	at com.freeme.server.policy.FreemePhoneWindowManager.interceptKeyBeforeQueueing(FreemePhoneWindowManager.java:301)
                                                                                                    	at com.android.server.wm.InputMonitor.interceptKeyBeforeQueueing(InputMonitor.java:449)
                                                                                                    	at com.android.server.input.InputManagerService.interceptKeyBeforeQueueing(InputManagerService.java:1975)
2026-03-17 22:36:49.008   356-356   NxpHal                  vendor.nxp.nxpnfc@1.0-service        E  NFCC not coming out from Standby
2026-03-17 22:36:49.008   356-356   NxpHal                  vendor.nxp.nxpnfc@1.0-service        E  Trying Force FW download
2026-03-17 22:36:49.021 18315-18315 NfcService              com.android.nfc                      E  screen state android.intent.action.SCREEN_OFF
2026-03-17 22:36:49.191   356-356   NxpFwDnld               vendor.nxp.nxpnfc@1.0-service        E  FW Image Length - ImageInfoLen 34358
2026-03-17 22:36:49.191   356-356   NxpFwDnld               vendor.nxp.nxpnfc@1.0-service        E  FW Image Info Pointer - pImageInfo 0xb41722d0
2026-03-17 22:36:49.191   356-356   NxpFwDnld               vendor.nxp.nxpnfc@1.0-service        E  FW Major Version Num - 1
2026-03-17 22:36:49.191   356-356   NxpFwDnld               vendor.nxp.nxpnfc@1.0-service        E  FW Minor Version Num - 16
2026-03-17 22:36:49.191   356-356   NxpFwDnld               vendor.nxp.nxpnfc@1.0-service        E  FW Image Length - 34358
2026-03-17 22:36:49.191   356-356   NxpFwDnld               vendor.nxp.nxpnfc@1.0-service        E  FW Image Info Pointer - 0xb41722d0
2026-03-17 22:36:49.214   356-1664  NxpTml                  vendor.nxp.nxpnfc@1.0-service        E  _i2c_write() errno : 5
2026-03-17 22:36:49.214   356-1664  NxpHal                  vendor.nxp.nxpnfc@1.0-service        E  PN54X - Error in I2C Write  - Retry 0x1
2026-03-17 22:36:49.246   356-1664  NxpTml                  vendor.nxp.nxpnfc@1.0-service        E  _i2c_write() errno : 5
2026-03-17 22:36:49.246   356-1664  NxpHal                  vendor.nxp.nxpnfc@1.0-service        E  PN54X - Error in I2C Write  - Retry 0x2
2026-03-17 22:36:49.276   356-1664  NxpTml                  vendor.nxp.nxpnfc@1.0-service        E  _i2c_write() errno : 5
2026-03-17 22:36:49.276   356-1664  NxpHal                  vendor.nxp.nxpnfc@1.0-service        E  PN54X - Error in I2C Write  - Retry 0x3
2026-03-17 22:36:49.307   356-1664  NxpTml                  vendor.nxp.nxpnfc@1.0-service        E  _i2c_write() errno : 5
2026-03-17 22:36:49.307   356-1664  NxpTml                  vendor.nxp.nxpnfc@1.0-service        E  PN54X - Error in I2C Write.....
2026-03-17 22:36:49.307   356-1666  NxpFwDnld               vendor.nxp.nxpnfc@1.0-service        E  Tml Write error!!
2026-03-17 22:36:49.307   356-1666  NxpFwDnld               vendor.nxp.nxpnfc@1.0-service        E  phNxpNciHal_fw_dnld_normal_cb - Request Failed!!
2026-03-17 22:36:49.330   356-1664  NxpTml                  vendor.nxp.nxpnfc@1.0-service        E  _i2c_write() errno : 5
2026-03-17 22:36:49.330   356-1664  NxpHal                  vendor.nxp.nxpnfc@1.0-service        E  PN54X - Error in I2C Write  - Retry 0x1
2026-03-17 22:36:49.359   356-1664  NxpTml                  vendor.nxp.nxpnfc@1.0-service        E  _i2c_write() errno : 5
2026-03-17 22:36:49.359   356-1664  NxpHal                  vendor.nxp.nxpnfc@1.0-service        E  PN54X - Error in I2C Write  - Retry 0x2
2026-03-17 22:36:49.389   356-1664  NxpTml                  vendor.nxp.nxpnfc@1.0-service        E  _i2c_write() errno : 5
2026-03-17 22:36:49.389   356-1664  NxpHal                  vendor.nxp.nxpnfc@1.0-service        E  PN54X - Error in I2C Write  - Retry 0x3
2026-03-17 22:36:49.420   356-1664  NxpTml                  vendor.nxp.nxpnfc@1.0-service        E  _i2c_write() errno : 5
2026-03-17 22:36:49.420   356-1664  NxpTml                  vendor.nxp.nxpnfc@1.0-service        E  PN54X - Error in I2C Write.....
2026-03-17 22:36:49.420   356-1666  NxpFwDnld               vendor.nxp.nxpnfc@1.0-service        E  Tml Write error!!
2026-03-17 22:36:49.420   356-1666  NxpFwDnld               vendor.nxp.nxpnfc@1.0-service        E  phNxpNciHal_fw_dnld_normal_cb - Request Failed!!
2026-03-17 22:36:49.440   356-1664  NxpTml                  vendor.nxp.nxpnfc@1.0-service        E  _i2c_write() errno : 5
2026-03-17 22:36:49.440   356-1664  NxpHal                  vendor.nxp.nxpnfc@1.0-service        E  PN54X - Error in I2C Write  - Retry 0x1
2026-03-17 22:36:49.469   356-1664  NxpTml                  vendor.nxp.nxpnfc@1.0-service        E  _i2c_write() errno : 5
2026-03-17 22:36:49.469   356-1664  NxpHal                  vendor.nxp.nxpnfc@1.0-service        E  PN54X - Error in I2C Write  - Retry 0x2
2026-03-17 22:36:49.500   356-1664  NxpTml                  vendor.nxp.nxpnfc@1.0-service        E  _i2c_write() errno : 5
2026-03-17 22:36:49.500   356-1664  NxpHal                  vendor.nxp.nxpnfc@1.0-service        E  PN54X - Error in I2C Write  - Retry 0x3
2026-03-17 22:36:49.533   356-1664  NxpTml                  vendor.nxp.nxpnfc@1.0-service        E  _i2c_write() errno : 5
2026-03-17 22:36:49.533   356-1664  NxpTml                  vendor.nxp.nxpnfc@1.0-service        E  PN54X - Error in I2C Write.....
2026-03-17 22:36:49.534   356-1666  NxpFwDnld               vendor.nxp.nxpnfc@1.0-service        E  Tml Write error!!
2026-03-17 22:36:49.534   356-1666  NxpFwDnld               vendor.nxp.nxpnfc@1.0-service        E  phNxpNciHal_fw_dnld_get_sessn_state_cb - Request Failed!!
2026-03-17 22:36:49.534   356-356   NxpFwDnld               vendor.nxp.nxpnfc@1.0-service        E  phDnldNfc_GetSessionState cb failed
2026-03-17 22:36:49.534   356-356   NxpFwDnld               vendor.nxp.nxpnfc@1.0-service        E   phNxpNciHal_fw_seq_handler : FAILED
2026-03-17 22:36:49.534   356-356   NxpFwDnld               vendor.nxp.nxpnfc@1.0-service        E  Fw Download Failed!!
2026-03-17 22:36:49.708   356-356   NxpFwDnld               vendor.nxp.nxpnfc@1.0-service        E  free library SUCCESS !!
2026-03-17 22:36:49.708   356-356   NxpFwDnld               vendor.nxp.nxpnfc@1.0-service        E  Freeing Mem for Dnld Context..
2026-03-17 22:36:49.729   356-1664  NxpTml                  vendor.nxp.nxpnfc@1.0-service        E  _i2c_write() errno : 5
2026-03-17 22:36:49.729   356-1664  NxpTml                  vendor.nxp.nxpnfc@1.0-service        E  PN54X - Error in I2C Write.....
2026-03-17 22:36:49.729   356-1666  NxpHal                  vendor.nxp.nxpnfc@1.0-service        E  write error status = 0x1ff
2026-03-17 22:36:49.729   356-356   NxpHal                  vendor.nxp.nxpnfc@1.0-service        E  write_unlocked failed - PN54X Maybe in Standby Mode - Retry
2026-03-17 22:36:49.759   356-1664  NxpTml                  vendor.nxp.nxpnfc@1.0-service        E  _i2c_write() errno : 5
2026-03-17 22:36:49.760   356-1664  NxpTml                  vendor.nxp.nxpnfc@1.0-service        E  PN54X - Error in I2C Write.....
2026-03-17 22:36:49.760   356-1666  NxpHal                  vendor.nxp.nxpnfc@1.0-service        E  write error status = 0x1ff
2026-03-17 22:36:49.760   356-356   NxpHal                  vendor.nxp.nxpnfc@1.0-service        E  write_unlocked failed - PN54X Maybe in Standby Mode - Retry
2026-03-17 22:36:49.789   356-1664  NxpTml                  vendor.nxp.nxpnfc@1.0-service        E  _i2c_write() errno : 5
2026-03-17 22:36:49.789   356-1664  NxpTml                  vendor.nxp.nxpnfc@1.0-service        E  PN54X - Error in I2C Write.....
2026-03-17 22:36:49.789   356-1666  NxpHal                  vendor.nxp.nxpnfc@1.0-service        E  write error status = 0x1ff
2026-03-17 22:36:49.789   356-356   NxpHal                  vendor.nxp.nxpnfc@1.0-service        E  write_unlocked failed - PN54X Maybe in Standby Mode - Retry
2026-03-17 22:36:49.819   356-1664  NxpTml                  vendor.nxp.nxpnfc@1.0-service        E  _i2c_write() errno : 5
2026-03-17 22:36:49.819   356-1664  NxpTml                  vendor.nxp.nxpnfc@1.0-service        E  PN54X - Error in I2C Write.....
2026-03-17 22:36:49.820   356-1666  NxpHal                  vendor.nxp.nxpnfc@1.0-service        E  write error status = 0x1ff
2026-03-17 22:36:49.820   356-356   NxpHal                  vendor.nxp.nxpnfc@1.0-service        E  write_unlocked failed - PN54X Maybe in Standby Mode - Retry
2026-03-17 22:36:49.849   356-1664  NxpTml                  vendor.nxp.nxpnfc@1.0-service        E  _i2c_write() errno : 5
2026-03-17 22:36:49.849   356-1664  NxpTml                  vendor.nxp.nxpnfc@1.0-service        E  PN54X - Error in I2C Write.....
2026-03-17 22:36:49.849   356-1666  NxpHal                  vendor.nxp.nxpnfc@1.0-service        E  write error status = 0x1ff
2026-03-17 22:36:49.849   356-356   NxpHal                  vendor.nxp.nxpnfc@1.0-service        E  write_unlocked failed - PN54X Maybe in Standby Mode - Retry
2026-03-17 22:36:49.879   356-1664  NxpTml                  vendor.nxp.nxpnfc@1.0-service        E  _i2c_write() errno : 5
2026-03-17 22:36:49.879   356-1664  NxpTml                  vendor.nxp.nxpnfc@1.0-service        E  PN54X - Error in I2C Write.....
2026-03-17 22:36:49.879   356-1666  NxpHal                  vendor.nxp.nxpnfc@1.0-service        E  write error status = 0x1ff
2026-03-17 22:36:49.879   356-356   NxpHal                  vendor.nxp.nxpnfc@1.0-service        E  write_unlocked failed - PN54X Maybe in Standby Mode (max count = 0x6)
2026-03-17 22:36:49.978   736-944   ActivityManager         system_server                        E  Sending non-protected broadcast android.intent.action.PTT.up from system 736:system/1000 pkg android
                                                                                                    java.lang.Throwable
                                                                                                    	at com.android.server.am.ActivityManagerService.checkBroadcastFromSystem(ActivityManagerService.java:19307)
                                                                                                    	at com.android.server.am.ActivityManagerService.broadcastIntentLocked(ActivityManagerService.java:19827)
                                                                                                    	at com.android.server.am.ActivityManagerService.broadcastIntent(ActivityManagerService.java:20062)
                                                                                                    	at android.app.ContextImpl.sendBroadcast(ContextImpl.java:971)
                                                                                                    	at com.android.server.policy.PhoneWindowManager.sendBC(PhoneWindowManager.java:6496)
                                                                                                    	at com.android.server.policy.PhoneWindowManager.interceptKeyBeforeQueueing(PhoneWindowManager.java:6852)
                                                                                                    	at com.freeme.server.policy.FreemePhoneWindowManager.interceptKeyBeforeQueueing(FreemePhoneWindowManager.java:301)
                                                                                                    	at com.android.server.wm.InputMonitor.interceptKeyBeforeQueueing(InputMonitor.java:449)
                                                                                                    	at com.android.server.input.InputManagerService.interceptKeyBeforeQueueing(InputManagerService.java:1975)
2026-03-17 22:36:49.982   736-944   ActivityManager         system_server                        E  Sending non-protected broadcast android.intent.action.PTT.up from system 736:system/1000 pkg android
                                                                                                    java.lang.Throwable
                                                                                                    	at com.android.server.am.ActivityManagerService.checkBroadcastFromSystem(ActivityManagerService.java:19307)
                                                                                                    	at com.android.server.am.ActivityManagerService.broadcastIntentLocked(ActivityManagerService.java:19920)
                                                                                                    	at com.android.server.am.ActivityManagerService.broadcastIntent(ActivityManagerService.java:20062)
                                                                                                    	at android.app.ContextImpl.sendBroadcast(ContextImpl.java:971)
                                                                                                    	at com.android.server.policy.PhoneWindowManager.sendBC(PhoneWindowManager.java:6496)
                                                                                                    	at com.android.server.policy.PhoneWindowManager.interceptKeyBeforeQueueing(PhoneWindowManager.java:6852)
                                                                                                    	at com.freeme.server.policy.FreemePhoneWindowManager.interceptKeyBeforeQueueing(FreemePhoneWindowManager.java:301)
                                                                                                    	at com.android.server.wm.InputMonitor.interceptKeyBeforeQueueing(InputMonitor.java:449)
                                                                                                    	at com.android.server.input.InputManagerService.interceptKeyBeforeQueueing(InputManagerService.java:1975)
2026-03-17 22:36:50.055   356-356   NxpHal                  vendor.nxp.nxpnfc@1.0-service        E  NFCC not coming out from Standby
2026-03-17 22:36:50.055   356-356   NxpHal                  vendor.nxp.nxpnfc@1.0-service        E  Trying Force FW download
2026-03-17 22:36:50.198   736-944   ActivityManager         system_server                        E  Sending non-protected broadcast android.intent.action.PTT.down from system 736:system/1000 pkg android
                                                                                                    java.lang.Throwable
                                                                                                    	at com.android.server.am.ActivityManagerService.checkBroadcastFromSystem(ActivityManagerService.java:19307)
                                                                                                    	at com.android.server.am.ActivityManagerService.broadcastIntentLocked(ActivityManagerService.java:19827)
                                                                                                    	at com.android.server.am.ActivityManagerService.broadcastIntent(ActivityManagerService.java:20062)
                                                                                                    	at android.app.ContextImpl.sendBroadcast(ContextImpl.java:971)
                                                                                                    	at com.android.server.policy.PhoneWindowManager.sendBC(PhoneWindowManager.java:6496)
