2026-04-10 18:59:54.978   389-6520  MediaAnalyticsItem      media.extractor                      W  Unable to record: (extractor:0:-1:-11:0:3:android.media.mediaextractor.fmt=MP3Extractor:android.media.mediaextractor.ntrk=1:android.media.mediaextractor.mime=audio/mpeg:) [forcenew=0]
2026-04-10 18:59:54.978   390-11724 NuPlayerDriver          mediaserver                          D  notifyListener_l(0xb18253f0), (1, 0, 0, -1), loop setting(0, 0)
2026-04-10 18:59:54.984   390-11236 NuPlayerDriver          mediaserver                          D  start(0xb18253f0), state is 4, eos is 0
2026-04-10 18:59:54.946   737-845   chatty                  system_server                        I  uid=1000(system) DuraSpeedEventT identical 1 line
2026-04-10 18:59:54.961   737-845   DuraSpeed/...eedService system_server                        D  [onPlaybackConfigChanged], play music packageNames:[com.reedersystems.commandcomms]
2026-04-10 18:59:54.984   737-1163  MediaRouterService      system_server                        V  restoreBluetoothA2dp(false)
2026-04-10 18:59:54.985 10768-10768 [ToneEngine]            com.reedersystems.commandcomms       D  Denied tone started (looping)
2026-04-10 18:59:54.986   737-845   DuraSpeed/...eedService system_server                        D  [onPlaybackConfigChanged], play music packageNames:[com.reedersystems.commandcomms, com.reedersystems.commandcomms]
2026-04-10 18:59:54.985   390-11724 GenericSource           mediaserver                          I  start
2026-04-10 18:59:54.988 10768-10768 MediaPlayer             com.reedersystems.commandcomms       W  mediaplayer went away with unhandled events
2026-04-10 18:59:54.988 10768-10768 MediaPlayer             com.reedersystems.commandcomms       W  mediaplayer went away with unhandled events
2026-04-10 18:59:54.988 10768-10768 MediaPlayer             com.reedersystems.commandcomms       D  handleMessage msg:(1, 0, 0)
2026-04-10 18:59:54.991   356-356   NxpExtns                vendor.nxp.nxpnfc@1.0-service        D  find found NXP_SYS_CLK_SRC_SEL=(0x2)
2026-04-10 18:59:54.991   356-356   NxpExtns                vendor.nxp.nxpnfc@1.0-service        D  find found NXP_SYS_CLK_FREQ_SEL=(0x4)
2026-04-10 18:59:54.991   356-356   NxpExtns                vendor.nxp.nxpnfc@1.0-service        D  find found NXP_SYS_CLOCK_TO_CFG=(0x1)
2026-04-10 18:59:54.999   390-11729 OMXClient               mediaserver                          I  Treble IOmx obtained
2026-04-10 18:59:55.000   397-1015  OMXMaster               media.codec                          I  makeComponentInstance(OMX.MTK.AUDIO.DECODER.MP3) in omx@1.0-service process
2026-04-10 18:59:55.001   397-1015  MtkOmxMp3Dec            media.codec                          D  JB MtkOmxMp3Dec::MtkOmxMp3Dec this= 0xab265000
2026-04-10 18:59:55.001   397-1015  MtkOmxMp3Dec            media.codec                          D  JB MtkOmxMp3Dec::InitAudioParams(MP3)
2026-04-10 18:59:55.005   397-1015  OMXNodeInstance         media.codec                          E  setConfig(0xab265004:MTK.DECODER.MP3, ConfigPriority(0x6f800002)) ERROR: Undefined(0x80001001)
2026-04-10 18:59:55.005   390-11729 ACodec                  mediaserver                          I  codec does not support config priority (err -2147483648)
2026-04-10 18:59:55.007   397-1015  OMXNodeInstance         media.codec                          E  getConfig(0xab265004:MTK.DECODER.MP3, ConfigAndroidVendorExtension(0x6f100004)) ERROR: Undefined(0x80001001)
2026-04-10 18:59:55.008   390-11729 MediaCodec              mediaserver                          I  MediaCodec will operate in async mode
2026-04-10 18:59:55.009   397-11730 MtkOmxAudioDecBase      media.codec                          D  # Got general command (OMX_CommandStateSet)
2026-04-10 18:59:55.009   397-11730 MtkOmxAudioDecBase      media.codec                          D  wait on mInPortAllocDoneSem(0), mOutPortAllocDoneSem(0)!!
2026-04-10 18:59:55.013   330-330   /system/bi....0-service android.hidl.allocator@1.0-service   W  ashmem_create_region(65536) returning hidl_memory(0xb2998300, 65536)
2026-04-10 18:59:55.016   330-330   chatty                  android.hidl.allocator@1.0-service   I  uid=1000(system) allocator@1.0-s identical 2 lines
2026-04-10 18:59:55.017   330-330   /system/bi....0-service android.hidl.allocator@1.0-service   W  ashmem_create_region(65536) returning hidl_memory(0xb2998300, 65536)
2026-04-10 18:59:55.021   330-330   /system/bi....0-service android.hidl.allocator@1.0-service   W  ashmem_create_region(4608) returning hidl_memory(0xb2998300, 4608)
2026-04-10 18:59:55.024   330-330   chatty                  android.hidl.allocator@1.0-service   I  uid=1000(system) allocator@1.0-s identical 2 lines
2026-04-10 18:59:55.025   330-330   /system/bi....0-service android.hidl.allocator@1.0-service   W  ashmem_create_region(4608) returning hidl_memory(0xb2998300, 4608)
2026-04-10 18:59:55.027   397-11730 MtkOmxAudioDecBase      media.codec                          D  # Got general command (OMX_CommandStateSet)
2026-04-10 18:59:55.027   397-11730 MtkOmxAudioDecBase      media.codec                          D  state changes to OMX_StateExecuting
2026-04-10 18:59:55.032   397-11731 MtkOmxMp3Dec            media.codec                          D  JB +InitMp3Decoder
2026-04-10 18:59:55.032   397-11731 MtkOmxMp3Dec            media.codec                          D  -InitMp3Decoder
2026-04-10 18:59:55.033   397-11731 MtkOmxMp3Dec            media.codec                          D  isFirst = true
2026-04-10 18:59:55.037   390-11727 AudioTrack              mediaserver                          D  set(): 0xaf93a000, streamType 8, sampleRate 44100, format 0x1, channelMask 0x1, frameCount 22560, flags #0, notificationFrames 0, sessionId 0, transferType 0, uid 10183, pid 10768
2026-04-10 18:59:55.037   390-11727 AudioTrack              mediaserver                          D  Building AudioTrack with attributes: usage = 3, content = 4, flags = 0x0, tags = []
2026-04-10 18:59:55.039   381-538   AudioFlinger            audioserver                          D  track(0xa8fe9b00): mIsOut 1, mFrameCount 22560, mSampleRate 44100, mFormat 1, mChannelCount 1, mTrackCount 807, thread 0xa8803c00, sessionId 9137
2026-04-10 18:59:55.039   381-538   AudioFlinger            audioserver                          D  track(0xa8fe9b00): mFastIndex -1, mStreamType 8, mName 4101
2026-04-10 18:59:55.040   390-11727 AudioTrack              mediaserver                          D  Client defaulted notificationFrames to 7520 for frameCount 22560
2026-04-10 18:59:55.040   390-11727 AudioTrack              mediaserver                          D  createTrack_l: 0xaf93a000, mCblk = 0xaef3d1c0, mLatency = 563, mAfLatency = 52, frameCount = 22560, mSampleRate = 44100, mFlags = 0, mReqFrameCount = 22560, mNotificationFramesAct = 7520
2026-04-10 18:59:55.041   390-11727 AudioTrack              mediaserver                          D  start(): 0xaf93a000, mState = 1
2026-04-10 18:59:55.042   381-7372  APM_AudioPolicyManager  audioserver                          D  startOutput() output 13, stream 8, session 9137
2026-04-10 18:59:55.042   381-7372  APM::Audio...Descriptor audioserver                          V  changeRefCount() stream 8, count 1
2026-04-10 18:59:55.043   390-11724 NuPlayerDriver          mediaserver                          D  notifyListener_l(0xb18253f0), (6, 0, 0, -1), loop setting(0, 1)
2026-04-10 18:59:55.044   332-2693  AudioALSAStreamManager  and...re.audio@2.0-service-mediatek  D  +syncSharedOutDevice(), routingSharedOutDevice: 2
2026-04-10 18:59:55.044   332-2693  AudioALSAStreamManager  and...re.audio@2.0-service-mediatek  D  setMasterVolume(), volume = 1.000000
2026-04-10 18:59:55.044   332-2693  AudioMTKGainController  and...re.audio@2.0-service-mediatek  D  setNormalVolume(), mSceneIndex = 0, stream 0, devices 0x2, index 6, mode 0x3
2026-04-10 18:59:55.044   332-2693  AudioMTKGainController  and...re.audio@2.0-service-mediatek  D  setSpeakerGain(), gain = 9, spkAnaType = 3, spkLMixerName = Lineout_PGAL_GAIN, spkRMixerName = Lineout_PGAR_GAIN
2026-04-10 18:59:55.045   332-2693  AudioALSAStreamOut      and...re.audio@2.0-service-mediatek  D  open(), flags 6
2026-04-10 18:59:55.045   332-2693  AudioUtility            and...re.audio@2.0-service-mediatek  D  power_hal_hint - custPowerHint 0, data 268435455
2026-04-10 18:59:55.045   354-565   vendor.med...r@1.1-impl merged_hal_service                   I  mtkCusPowerHint hint:0, data:268435455
2026-04-10 18:59:55.045   332-2693  AudioALSAStreamManager  and...re.audio@2.0-service-mediatek  D  +createPlaybackHandler(), mAudioMode = 3, output_devices = 0x2
2026-04-10 18:59:55.045   332-2693  NVRAM                   and...re.audio@2.0-service-mediatek  D  getNumMicSupport(), dualMicFlag 1, numMicString 2
2026-04-10 18:59:55.045   332-2693  NVRAM                   and...re.audio@2.0-service-mediatek  D  QueryFeatureSupportInfo(), feature support bit 0x1a097c57 
2026-04-10 18:59:55.045   332-2693  AudioSpeechEnhanceInfo  and...re.audio@2.0-service-mediatek  D  IsAPDMNRTuningEnable(), 0
2026-04-10 18:59:55.045   332-2693  AudioALSAP...dlerNormal and...re.audio@2.0-service-mediatek  D  AudioALSAPlaybackHandlerNormal()
2026-04-10 18:59:55.045   332-2693  AudioALSAP...dlerNormal and...re.audio@2.0-service-mediatek  D  +setFilterMng() mAudioFilterManagerHandler [0xb5d16260]
2026-04-10 18:59:55.045   332-2693  AudioALSAP...dlerNormal and...re.audio@2.0-service-mediatek  D  +open(), flag 6, mDevice = 0x2
2026-04-10 18:59:55.045   332-2693  AudioALSADeviceParser   and...re.audio@2.0-service-mediatek  D  compare pcm success = 7, stringpair = I2S0DL1_PLayback
2026-04-10 18:59:55.046 10768-10768 MediaPlayer             com.reedersystems.commandcomms       D  handleMessage msg:(6, 0, 0)
2026-04-10 18:59:55.046   354-373   powerd                  merged_hal_service                   I  [powerd_req] POWER_MSG_MTK_CUS_HINT: hint:0, hdl:36, data:268435455
2026-04-10 18:59:55.046   332-2693  <no-tag>                and...re.audio@2.0-service-mediatek  D  -AssignDRAM() retval 0
2026-04-10 18:59:55.046   354-373   libPerfService          merged_hal_service                   I  perfCusUserScnEnable - handle:36
2026-04-10 18:59:55.046   332-2693  AudioALSAP...andlerBase and...re.audio@2.0-service-mediatek  D  transferAudioFormatToPcmFormat(), audio_format(0x4) => pcm_format(0x1)
2026-04-10 18:59:55.046   332-2693  AudioALSAP...dlerNormal and...re.audio@2.0-service-mediatek  D  open(), mConfig: channels = 2, rate = 48000, period_size = 256, period_count = 4, format = 1 avail_min = 256
2026-04-10 18:59:55.046   332-2693  AudioALSADriverUtility  and...re.audio@2.0-service-mediatek  D  GetPropertyValue key = af.resouce.extdac_support value = 0
2026-04-10 18:59:55.046   332-2693  AudioALSAP...dlerNormal and...re.audio@2.0-service-mediatek  D  SetLowJitterMode(), bypass low jitter mode, bEnable = 1, device = 0x2, SampleRate = 48000
2026-04-10 18:59:55.046   332-2693  AudioALSAP...andlerBase and...re.audio@2.0-service-mediatek  D  openPcmDriverWithFlag(), pcm device = 7 flag = 0x8
2026-04-10 18:59:55.047   332-2693  AudioALSAP...andlerBase and...re.audio@2.0-service-mediatek  D  initBitConverter(), audio_format: 0x3 => 0x4, bcv_pcm_format = 0x3
2026-04-10 18:59:55.047   332-2693  MtkAudioBitConverter    and...re.audio@2.0-service-mediatek  D  +open(), format 3, CH 2, SR 48000
2026-04-10 18:59:55.047   332-2693  MtkAudioBitConverter    and...re.audio@2.0-service-mediatek  D  +resetBuffer()
2026-04-10 18:59:55.048   332-2693  AudioALSAH...rceManager and...re.audio@2.0-service-mediatek  D  +startOutputDevice(), new_devices = 0x2, mOutputDevices = 0x0, mStartOutputDevicesCount = 0 SampleRate = 48000
2026-04-10 18:59:55.048   332-2693  AudioALSADriverUtility  and...re.audio@2.0-service-mediatek  D  GetPropertyValue key = af.resouce.extdac_support value = 0
2026-04-10 18:59:55.048   332-2693  AudioALSAD...figManager and...re.audio@2.0-service-mediatek  D  ApplyDeviceTurnonSequenceByName() DeviceName = speaker_output descriptor->DeviceStatusCounte = 0
2026-04-10 18:59:55.049   332-2693  AudioALSAD...figManager and...re.audio@2.0-service-mediatek  D  ApplyDeviceTurnonSequenceByName() DeviceName = ext_speaker_output descriptor->DeviceStatusCounte = 0
2026-04-10 18:59:55.052   397-397   gle.vp8.encoder         media.codec                          W  type=1400 audit(0.0:279954): avc: denied { getattr } for path="/dev/sw_sync" dev="tmpfs" ino=266 scontext=u:r:mediacodec:s0 tcontext=u:object_r:sw_sync_device:s0 tclass=chr_file permissive=0
2026-04-10 18:59:55.055   332-2693  AudioVoiceUIDL          and...re.audio@2.0-service-mediatek  D  [GetSRCInputParameter] mOutputSampleRate 16000,  mInputSampleRate 48000, mInChannel 2, mOutChannel, 0 format 4
2026-04-10 18:59:55.055   332-2693  AudioVoiceUIDL          and...re.audio@2.0-service-mediatek  D  [GetSRCInputParameter] create SRC handle fail
2026-04-10 18:59:55.055   332-2693  AudioALSAP...dlerNormal and...re.audio@2.0-service-mediatek  D  -open()
2026-04-10 18:59:55.094   397-11731 MtkOmxMp3Dec            media.codec                          D  MP3 EOS received, TS=0
2026-04-10 18:59:55.096   390-11728 NuPlayerDecoder         mediaserver                          I  [audio] saw output EOS
2026-04-10 18:59:55.121   365-434   chatty                  surfaceflinger                       I  uid=1000(system) HwBinder:365_1 identical 1 line
2026-04-10 18:59:55.152   397-397   gle.vp8.encoder         media.codec                          W  type=1400 audit(0.0:279955): avc: denied { getattr } for path="/dev/sw_sync" dev="tmpfs" ino=266 scontext=u:r:mediacodec:s0 tcontext=u:object_r:sw_sync_device:s0 tclass=chr_file permissive=0
2026-04-10 18:59:55.171   356-356   NxpExtns                vendor.nxp.nxpnfc@1.0-service        D  find found NXP_FW_NAME=libpn553_fw.so
2026-04-10 18:59:55.252   397-397   gle.vp8.encoder         media.codec                          W  type=1400 audit(0.0:279956): avc: denied { getattr } for path="/dev/sw_sync" dev="tmpfs" ino=266 scontext=u:r:mediacodec:s0 tcontext=u:object_r:sw_sync_device:s0 tclass=chr_file permissive=0
2026-04-10 18:59:55.353   390-11727 AudioTrack              mediaserver                          D  stop(): 0xaf93a000, mState = 0
2026-04-10 18:59:55.353   390-11727 AudioTrack              mediaserver                          D  stop() called with 24192 frames delivered
2026-04-10 18:59:55.354   390-11727 AudioTrack              mediaserver                          D  audiotrack 0xaf93a000 stop done
2026-04-10 18:59:55.352   397-397   gle.vp8.encoder         media.codec                          W  type=1400 audit(0.0:279957): avc: denied { getattr } for path="/dev/sw_sync" dev="tmpfs" ino=266 scontext=u:r:mediacodec:s0 tcontext=u:object_r:sw_sync_device:s0 tclass=chr_file permissive=0
2026-04-10 18:59:55.384   737-915   zhouzhe                 system_server                        D  keyCode222 = 230
2026-04-10 18:59:55.433   737-915   zhouzhe                 system_server                        D  keyCode222 = 230
2026-04-10 18:59:55.452   397-397   gle.vp8.encoder         media.codec                          W  type=1400 audit(0.0:279958): avc: denied { getattr } for path="/dev/sw_sync" dev="tmpfs" ino=266 scontext=u:r:mediacodec:s0 tcontext=u:object_r:sw_sync_device:s0 tclass=chr_file permissive=0
2026-04-10 18:59:55.485   737-915   zhouzhe                 system_server                        D  keyCode222 = 230
2026-04-10 18:59:55.535   737-915   zhouzhe                 system_server                        D  keyCode222 = 230
2026-04-10 18:59:55.552   397-397   gle.vp8.encoder         media.codec                          W  type=1400 audit(0.0:279959): avc: denied { getattr } for path="/dev/sw_sync" dev="tmpfs" ino=266 scontext=u:r:mediacodec:s0 tcontext=u:object_r:sw_sync_device:s0 tclass=chr_file permissive=0
2026-04-10 18:59:55.586   737-915   zhouzhe                 system_server                        D  keyCode222 = 230
2026-04-10 18:59:55.611   365-434   chatty                  surfaceflinger                       I  uid=1000(system) HwBinder:365_1 identical 1 line
2026-04-10 18:59:55.636   737-915   zhouzhe                 system_server                        D  keyCode222 = 230
2026-04-10 18:59:55.655   397-397   gle.vp8.encoder         media.codec                          W  type=1400 audit(0.0:279960): avc: denied { getattr } for path="/dev/sw_sync" dev="tmpfs" ino=266 scontext=u:r:mediacodec:s0 tcontext=u:object_r:sw_sync_device:s0 tclass=chr_file permissive=0
2026-04-10 18:59:55.688   737-915   zhouzhe                 system_server                        D  keyCode222 = 230
2026-04-10 18:59:55.708 10768-11204 [RadioEngine]           com.reedersystems.commandcomms       D  RX_DIAG rxTotal=0 rxNew=0 jbSize=0 jbDepth=3 jbPlaying=false channelIdx=535 t=65049ms
2026-04-10 18:59:55.733   390-11724 NuPlayerDriver          mediaserver                          D  notifyListener_l(0xb18253f0), (2, 0, 0, -1), loop setting(0, 1)
2026-04-10 18:59:55.733   390-11724 AudioTrack              mediaserver                          D  start(): 0xaf93a000, mState = 1
2026-04-10 18:59:55.734   390-11727 AudioTrack              mediaserver                          D  pause(): 0xaf93a000, mState = 0
2026-04-10 18:59:55.734   397-11730 MtkOmxAudioDecBase      media.codec                          D  # Got general command (OMX_CommandFlush)
2026-04-10 18:59:55.735   381-620   AudioFlinger_Threads    audioserver                          D  pause signal - [NOT READY] on thread
2026-04-10 18:59:55.735   390-11727 AudioTrack              mediaserver                          D  stop(): 0xaf93a000, mState = 4
2026-04-10 18:59:55.735   390-11727 AudioTrack              mediaserver                          D  start(): 0xaf93a000, mState = 4
2026-04-10 18:59:55.738   365-853   BufferQueueProducer     surfaceflinger                       I  [StatusBar#0](this:0xaf6db000,id:4,api:1,p:967,c:365) queueBuffer: fps=1.65 dur=1813.64 max=1004.36 min=10.43
2026-04-10 18:59:55.739   737-915   zhouzhe                 system_server                        D  keyCode222 = 230
2026-04-10 18:59:55.743   397-11731 MtkOmxMp3Dec            media.codec                          D  isFirst = true
2026-04-10 18:59:55.748   352-11764 hwcomposer              and...graphics.composer@2.1-service  W  [JOB] (2) copyvds is ture but vir buffer format is not HAL_PIXEL_FORMAT_YV12  
2026-04-10 18:59:55.750   365-365   DisplayDevice           surfaceflinger                       I  [studio.screen.sharing:0 (type:2)] fps:1.650479,dur:1817.65,max:1001.29,min:17.76
2026-04-10 18:59:55.750   365-365   DisplayDevice           surfaceflinger                       I  [Built-in Screen (type:0)] fps:1.650449,dur:1817.69,max:1001.51,min:17.58
2026-04-10 18:59:55.752   397-397   gle.vp8.encoder         media.codec                          W  type=1400 audit(0.0:279961): avc: denied { getattr } for path="/dev/sw_sync" dev="tmpfs" ino=266 scontext=u:r:mediacodec:s0 tcontext=u:object_r:sw_sync_device:s0 tclass=chr_file permissive=0
2026-04-10 18:59:55.751   397-1015  BufferQueueProducer     media.codec                          I  [GraphicBufferSource](this:0xab26d000,id:453,api:1,p:397,c:397) queueBuffer: fps=1.65 dur=1815.71 max=999.91 min=15.24
2026-04-10 18:59:55.754   390-11724 NuPlayerDriver          mediaserver                          D  notifyListener_l(0xb18253f0), (6, 0, 0, -1), loop setting(0, 1)
2026-04-10 18:59:55.765 10768-10768 MediaPlayer             com.reedersystems.commandcomms       D  handleMessage msg:(6, 0, 0)
2026-04-10 18:59:55.790   737-915   zhouzhe                 system_server                        D  keyCode222 = 230
2026-04-10 18:59:55.818   390-11728 NuPlayerDecoder         mediaserver                          I  [audio] saw output EOS
2026-04-10 18:59:55.819   390-11727 AudioTrack              mediaserver                          D  stop(): 0xaf93a000, mState = 0
2026-04-10 18:59:55.819   390-11727 AudioTrack              mediaserver                          D  stop() called with 24192 frames delivered
2026-04-10 18:59:55.819   390-11727 AudioTrack              mediaserver                          D  audiotrack 0xaf93a000 stop done
2026-04-10 18:59:55.831   737-928   WifiStateMachine        system_server                        D   MtkL2ConnectedState { when=-1ms what=131155 arg1=145 target=com.android.internal.util.StateMachine$SmHandler } 145 0, mShouldDeferDisableWifi = false, mState = MONITORING
2026-04-10 18:59:55.840   737-915   zhouzhe                 system_server                        D  keyCode222 = 230
2026-04-10 18:59:55.848   397-397   gle.vp8.encoder         media.codec                          W  type=1400 audit(0.0:279962): avc: denied { getattr } for path="/dev/sw_sync" dev="tmpfs" ino=266 scontext=u:r:mediacodec:s0 tcontext=u:object_r:sw_sync_device:s0 tclass=chr_file permissive=0
2026-04-10 18:59:55.891   737-915   zhouzhe                 system_server                        D  keyCode222 = 230
2026-04-10 18:59:55.941   737-915   zhouzhe                 system_server                        D  keyCode222 = 230
2026-04-10 18:59:55.948   397-397   gle.vp8.encoder         media.codec                          W  type=1400 audit(0.0:279963): avc: denied { getattr } for path="/dev/sw_sync" dev="tmpfs" ino=266 scontext=u:r:mediacodec:s0 tcontext=u:object_r:sw_sync_device:s0 tclass=chr_file permissive=0
2026-04-10 18:59:55.992   737-915   zhouzhe                 system_server                        D  keyCode222 = 230
2026-04-10 18:59:56.034   356-356   NxpExtns                vendor.nxp.nxpnfc@1.0-service        D  find found NXP_SYS_CLK_SRC_SEL=(0x2)
2026-04-10 18:59:56.034   356-356   NxpExtns                vendor.nxp.nxpnfc@1.0-service        D  find found NXP_SYS_CLK_FREQ_SEL=(0x4)
2026-04-10 18:59:56.034   356-356   NxpExtns                vendor.nxp.nxpnfc@1.0-service        D  find found NXP_SYS_CLOCK_TO_CFG=(0x1)
2026-04-10 18:59:56.042   737-915   zhouzhe                 system_server                        D  keyCode222 = 230
2026-04-10 18:59:56.048   397-397   gle.vp8.encoder         media.codec                          W  type=1400 audit(0.0:279964): avc: denied { getattr } for path="/dev/sw_sync" dev="tmpfs" ino=266 scontext=u:r:mediacodec:s0 tcontext=u:object_r:sw_sync_device:s0 tclass=chr_file permissive=0
2026-04-10 18:59:56.093   737-915   zhouzhe                 system_server                        D  keyCode222 = 230
2026-04-10 18:59:56.144   737-915   zhouzhe                 system_server                        D  keyCode222 = 230
2026-04-10 18:59:56.152   397-397   gle.vp8.encoder         media.codec                          W  type=1400 audit(0.0:279965): avc: denied { getattr } for path="/dev/sw_sync" dev="tmpfs" ino=266 scontext=u:r:mediacodec:s0 tcontext=u:object_r:sw_sync_device:s0 tclass=chr_file permissive=0
2026-04-10 18:59:56.195   737-915   zhouzhe                 system_server                        D  keyCode222 = 230
2026-04-10 18:59:56.214   356-356   NxpExtns                vendor.nxp.nxpnfc@1.0-service        D  find found NXP_FW_NAME=libpn553_fw.so
2026-04-10 18:59:56.245   737-915   zhouzhe                 system_server                        D  keyCode222 = 230
2026-04-10 18:59:56.252   397-397   gle.vp8.encoder         media.codec                          W  type=1400 audit(0.0:279966): avc: denied { getattr } for path="/dev/sw_sync" dev="tmpfs" ino=266 scontext=u:r:mediacodec:s0 tcontext=u:object_r:sw_sync_device:s0 tclass=chr_file permissive=0
2026-04-10 18:59:56.297   737-915   zhouzhe                 system_server                        D  keyCode222 = 230
2026-04-10 18:59:56.306   325-11739 libc-netbsd             netd                                 D  [getaddrinfo]: netid=235; mark=262379; ai_flags=1024; ai_family=0
2026-04-10 18:59:56.306   325-11739 libc-netbsd             netd                                 D  default dns: query_ipv6=1, query_ipv4=1
2026-04-10 18:59:56.347   737-915   zhouzhe                 system_server                        D  keyCode222 = 230
2026-04-10 18:59:56.352   397-397   gle.vp8.encoder         media.codec                          W  type=1400 audit(0.0:279967): avc: denied { getattr } for path="/dev/sw_sync" dev="tmpfs" ino=266 scontext=u:r:mediacodec:s0 tcontext=u:object_r:sw_sync_device:s0 tclass=chr_file permissive=0
2026-04-10 18:59:56.357   390-11724 NuPlayerDriver          mediaserver                          D  notifyListener_l(0xb18253f0), (2, 0, 0, -1), loop setting(0, 1)
2026-04-10 18:59:56.358   390-11724 AudioTrack              mediaserver                          D  start(): 0xaf93a000, mState = 1
2026-04-10 18:59:56.358   390-11727 AudioTrack              mediaserver                          D  pause(): 0xaf93a000, mState = 0
2026-04-10 18:59:56.359   397-11730 MtkOmxAudioDecBase      media.codec                          D  # Got general command (OMX_CommandFlush)
2026-04-10 18:59:56.363   381-620   AudioFlinger_Threads    audioserver                          D  pause signal - [NOT READY] on thread
2026-04-10 18:59:56.364   390-11727 AudioTrack              mediaserver                          D  stop(): 0xaf93a000, mState = 4
2026-04-10 18:59:56.364   390-11727 AudioTrack              mediaserver                          D  start(): 0xaf93a000, mState = 4
2026-04-10 18:59:56.370   397-11731 MtkOmxMp3Dec            media.codec                          D  isFirst = true
2026-04-10 18:59:56.375   390-11724 NuPlayerDriver          mediaserver                          D  notifyListener_l(0xb18253f0), (6, 0, 0, -1), loop setting(0, 1)
2026-04-10 18:59:56.376 10768-10768 MediaPlayer             com.reedersystems.commandcomms       D  handleMessage msg:(6, 0, 0)
2026-04-10 18:59:56.398   737-915   zhouzhe                 system_server                        D  keyCode222 = 230
2026-04-10 18:59:56.423   390-11728 NuPlayerDecoder         mediaserver                          I  [audio] saw output EOS
2026-04-10 18:59:56.425   390-11727 AudioTrack              mediaserver                          D  stop(): 0xaf93a000, mState = 0
2026-04-10 18:59:56.425   390-11727 AudioTrack              mediaserver                          D  stop() called with 24192 frames delivered
2026-04-10 18:59:56.426   390-11727 AudioTrack              mediaserver                          D  audiotrack 0xaf93a000 stop done
2026-04-10 18:59:56.436   325-11739 libc-netbsd             netd                                 D  res_queryN succeed
2026-04-10 18:59:56.437 10768-11100 libc-netbsd             com.reedersystems.commandcomms       D  getaddrinfo: get result from proxy gai_error = 0
2026-04-10 18:59:56.442 10768-11741 [PTT-DIAG]              com.reedersystems.commandcomms       W  Socket connect error: io.socket.engineio.client.EngineIOException: websocket error
2026-04-10 18:59:56.442 10768-11741 [APP-STARTUP]           com.reedersystems.commandcomms       E  SIGNALING_AUTH_FAILED reason=connect_error io.socket.engineio.client.EngineIOException: websocket error
2026-04-10 18:59:56.448   737-915   zhouzhe                 system_server                        D  keyCode222 = 230
2026-04-10 18:59:56.452   397-397   gle.vp8.encoder         media.codec                          W  type=1400 audit(0.0:279968): avc: denied { getattr } for path="/dev/sw_sync" dev="tmpfs" ino=266 scontext=u:r:mediacodec:s0 tcontext=u:object_r:sw_sync_device:s0 tclass=chr_file permissive=0
2026-04-10 18:59:56.500   737-915   zhouzhe                 system_server                        D  keyCode222 = 230
2026-04-10 18:59:56.550   737-915   zhouzhe                 system_server                        D  keyCode222 = 230
2026-04-10 18:59:56.552   397-397   gle.vp8.encoder         media.codec                          W  type=1400 audit(0.0:279969): avc: denied { getattr } for path="/dev/sw_sync" dev="tmpfs" ino=266 scontext=u:r:mediacodec:s0 tcontext=u:object_r:sw_sync_device:s0 tclass=chr_file permissive=0
2026-04-10 18:59:56.602   737-915   zhouzhe                 system_server                        D  keyCode222 = 230
2026-04-10 18:59:56.652   737-915   zhouzhe                 system_server                        D  keyCode222 = 230
2026-04-10 18:59:56.652   397-397   gle.vp8.encoder         media.codec                          W  type=1400 audit(0.0:279970): avc: denied { getattr } for path="/dev/sw_sync" dev="tmpfs" ino=266 scontext=u:r:mediacodec:s0 tcontext=u:object_r:sw_sync_device:s0 tclass=chr_file permissive=0
2026-04-10 18:59:56.703   737-915   zhouzhe                 system_server                        D  keyCode222 = 230
2026-04-10 18:59:56.720   354-373   powerd                  merged_hal_service                   I  [powerd_req] POWER_MSG_QUERY_INFO: cmd:6, param:0
2026-04-10 18:59:56.750   365-853   BufferQueueProducer     surfaceflinger                       I  [StatusBar#0](this:0xaf6db000,id:4,api:1,p:967,c:365) queueBuffer: fps=0.99 dur=1011.48 max=1011.48 min=1011.48
2026-04-10 18:59:56.753   737-915   zhouzhe                 system_server                        D  keyCode222 = 230
2026-04-10 18:59:56.752   397-397   gle.vp8.encoder         media.codec                          W  type=1400 audit(0.0:279971): avc: denied { getattr } for path="/dev/sw_sync" dev="tmpfs" ino=266 scontext=u:r:mediacodec:s0 tcontext=u:object_r:sw_sync_device:s0 tclass=chr_file permissive=0
2026-04-10 18:59:56.764   352-11764 hwcomposer              and...graphics.composer@2.1-service  W  [JOB] (2) copyvds is ture but vir buffer format is not HAL_PIXEL_FORMAT_YV12  
2026-04-10 18:59:56.766   365-365   DisplayDevice           surfaceflinger                       I  [studio.screen.sharing:0 (type:2)] fps:0.983830,dur:1016.44,max:1016.44,min:1016.44
2026-04-10 18:59:56.766   365-365   DisplayDevice           surfaceflinger                       I  [Built-in Screen (type:0)] fps:0.983854,dur:1016.41,max:1016.41,min:1016.41
2026-04-10 18:59:56.767   397-1015  BufferQueueProducer     media.codec                          I  [GraphicBufferSource](this:0xab26d000,id:453,api:1,p:397,c:397) queueBuffer: fps=0.98 dur=1016.01 max=1016.01 min=1016.01
2026-04-10 18:59:56.772   397-397   gle.vp8.encoder         media.codec                          W  type=1400 audit(0.0:279972): avc: denied { getattr } for path="/dev/sw_sync" dev="tmpfs" ino=266 scontext=u:r:mediacodec:s0 tcontext=u:object_r:sw_sync_device:s0 tclass=chr_file permissive=0
