2026-04-08 23:32:57.534   332-7015  NVRAM                   and...re.audio@2.0-service-mediatek  D  QueryFeatureSupportInfo(), feature support bit 0x1a097c57 
2026-04-08 23:32:57.534   332-7015  NVRAM                   and...re.audio@2.0-service-mediatek  D  getNumMicSupport(), dualMicFlag 1, numMicString 2
2026-04-08 23:32:57.534   332-7015  NVRAM                   and...re.audio@2.0-service-mediatek  D  QueryFeatureSupportInfo(), feature support bit 0x1a097c57 
2026-04-08 23:32:57.534   332-7015  AudioSPELayer           and...re.audio@2.0-service-mediatek  D  SetDynamicFuncCtrl(), SetDynamicFuncCtrl ffffffff(40), enable(1) == current_state(1)
2026-04-08 23:32:57.534   332-7015  AudioSPELayer           and...re.audio@2.0-service-mediatek  D  SetDynamicFuncCtrl(), SetDynamicFuncCtrl fffffffd
2026-04-08 23:32:57.534   332-7015  AudioSPELayer           and...re.audio@2.0-service-mediatek  D  SetRoute, 2
2026-04-08 23:32:57.534   332-7015  AudioSPELayer           and...re.audio@2.0-service-mediatek  D  SetMICDigitalGain, MIC_DG, SPE_MODE=2, gain=16
2026-04-08 23:32:57.535   332-7015  AudioSPELayer           and...re.audio@2.0-service-mediatek  D  SetUpLinkTotalGain, SPE_MODE=2, gain=120
2026-04-08 23:32:57.535   332-7015  AudioALSAC...DataClient and...re.audio@2.0-service-mediatek  D  -ConfigBesRecordParams()
2026-04-08 23:32:57.535   332-7015  AudioALSAC...DataClient and...re.audio@2.0-service-mediatek  D  +StartBesRecord()
2026-04-08 23:32:57.535   332-7015  AudioSPELayer           and...re.audio@2.0-service-mediatek  D  GetVoIPLatencyTime LatencyTime=0,ret=1
2026-04-08 23:32:57.535   332-7015  AudioSPELayer           and...re.audio@2.0-service-mediatek  D  mLatencyTime=4,mLatencyDir=0
2026-04-08 23:32:57.535   332-7015  AudioSPELayer           and...re.audio@2.0-service-mediatek  D  Start, SWIP ver = 10.2
2026-04-08 23:32:57.535   332-7015  AudioSPELayer           and...re.audio@2.0-service-mediatek  D  Start, going to configure,mSphCtrlBuffer=0xb3a83f40,mem_size=226672
2026-04-08 23:32:57.535   332-7015  AudioSPELayer           and...re.audio@2.0-service-mediatek  D  dump, State=0, mode=0
2026-04-08 23:32:57.535   332-7015  AudioSPELayer           and...re.audio@2.0-service-mediatek  D  Record:Samplerate = 48000, FrameRate=20,App_table=8, Fea_Cfg_table=1ff
2026-04-08 23:32:57.535   332-7015  AudioSPELayer           and...re.audio@2.0-service-mediatek  D  Record:EnhanceParas
2026-04-08 23:32:57.535   332-7015  AudioSPELayer           and...re.audio@2.0-service-mediatek  D  [index 0] 96,253,16388,32796,49415,0,400
2026-04-08 23:32:57.535   332-7015  AudioSPELayer           and...re.audio@2.0-service-mediatek  D  [index 1] 0,272,4325,99,0,0,0
2026-04-08 23:32:57.535   332-7015  AudioSPELayer           and...re.audio@2.0-service-mediatek  D  [index 2] 0,8192,0,0,0,10752,32769
2026-04-08 23:32:57.535   332-7015  AudioSPELayer           and...re.audio@2.0-service-mediatek  D  [index 3] 0,0,0,0,0,0,0
2026-04-08 23:32:57.535   332-7015  AudioSPELayer           and...re.audio@2.0-service-mediatek  D  [index 4] 0,0,0,0,0,0,0
2026-04-08 23:32:57.536   332-7015  AudioSPELayer           and...re.audio@2.0-service-mediatek  D  [index 5] 0,0,0,0,0,0,0
2026-04-08 23:32:57.536   332-7015  AudioSPELayer           and...re.audio@2.0-service-mediatek  D  [index 6] 0,0,0,0,0,0,0
2026-04-08 23:32:57.536   332-7015  AudioSPELayer           and...re.audio@2.0-service-mediatek  D  [index 7] 0,0,0,0,0,0,0
2026-04-08 23:32:57.536   332-7015  AudioSPELayer           and...re.audio@2.0-service-mediatek  D  Using:Samplerate = 16000, FrameRate=20,MIC_DG=16, App_table=2, Fea_Cfg_table=1ff, MMI_table=fffffffd, Device_mode=2, MMI_MIC_GAIN=120
2026-04-08 23:32:57.536   332-7015  AudioSPELayer           and...re.audio@2.0-service-mediatek  D  Using:EnhanceParas
2026-04-08 23:32:57.536   332-7015  AudioSPELayer           and...re.audio@2.0-service-mediatek  D  [index 0] 192,224,2218,29,57351,24607,0
2026-04-08 23:32:57.536   332-7015  AudioSPELayer           and...re.audio@2.0-service-mediatek  D  [index 1] 4,276,197,611,0,13066,0
2026-04-08 23:32:57.536   332-7015  AudioSPELayer           and...re.audio@2.0-service-mediatek  D  [index 2] 0,0,0,0,0,0,0
2026-04-08 23:32:57.536   332-7015  AudioSPELayer           and...re.audio@2.0-service-mediatek  D  [index 3] 0,0,0,0,0,0,0
2026-04-08 23:32:57.536   332-7015  AudioSPELayer           and...re.audio@2.0-service-mediatek  D  [index 4] 0,0,0,0,0,0,0
2026-04-08 23:32:57.536   332-7015  AudioSPELayer           and...re.audio@2.0-service-mediatek  D  [index 5] 0,0,0,0,0,0,0
2026-04-08 23:32:57.536   332-7015  AudioSPELayer           and...re.audio@2.0-service-mediatek  D  [index 6] 0,0,0,0,0,0,0
2026-04-08 23:32:57.536   332-7015  AudioSPELayer           and...re.audio@2.0-service-mediatek  D  [index 7] 55997,31000,10752,32769,0,0,0
2026-04-08 23:32:57.536   332-7015  AudioSPELayer           and...re.audio@2.0-service-mediatek  D  Using:DMNRCalData
2026-04-08 23:32:57.536   332-7015  AudioSPELayer           and...re.audio@2.0-service-mediatek  D  [index 0] 0,0,0,0,0,0,0,0,0,0,0,0,0,0,0,0,0,0,0
2026-04-08 23:32:57.536   332-7015  AudioSPELayer           and...re.audio@2.0-service-mediatek  D  [index 1] 0,0,0,0,0,0,0,0,0,0,0,0,0,0,0,0,0,0,0
2026-04-08 23:32:57.536   332-7015  AudioSPELayer           and...re.audio@2.0-service-mediatek  D  [index 2] 0,0,0,0,0,0,0,0,0,0,0,0,0,0,0,0,0,0,0
2026-04-08 23:32:57.536   332-7015  AudioSPELayer           and...re.audio@2.0-service-mediatek  D  [index 3] 0,0,0,0,0,0,0,0,0,0,0,0,0,0,0,0,0,0,0
2026-04-08 23:32:57.536   737-915   zhouzhe                 system_server                        D  keyCode222 = 230
2026-04-08 23:32:57.536   332-7015  AudioSPELayer           and...re.audio@2.0-service-mediatek  D  mSph_Enh_ctrl.frame_rate 20
2026-04-08 23:32:57.536   332-7015  AudioSPELayer           and...re.audio@2.0-service-mediatek  D  mNsecPerSample=62500
2026-04-08 23:32:57.536   332-7015  AudioSPELayer           and...re.audio@2.0-service-mediatek  D  mSPEProcessBufSize=1280
2026-04-08 23:32:57.536   332-7015  AudioALSAC...DataClient and...re.audio@2.0-service-mediatek  D  -StartBesRecord()
2026-04-08 23:32:57.537   332-7015  AudioALSAC...DataClient and...re.audio@2.0-service-mediatek  D  IsLowLatencyCapture(), low_latency_on: 0, voip_on: 1
2026-04-08 23:32:57.537   332-7015  chatty                  and...re.audio@2.0-service-mediatek  I  uid=1041(audioserver) reader identical 2 lines
2026-04-08 23:32:57.537   332-7015  AudioALSAC...DataClient and...re.audio@2.0-service-mediatek  D  IsLowLatencyCapture(), low_latency_on: 0, voip_on: 1
2026-04-08 23:32:57.537   332-7015  AudioALSAC...DataClient and...re.audio@2.0-service-mediatek  D  sample rate = 16000, drop ms = 25, channels = 1, byts per sample = 2, dropBesRecordDataSize = 1280
2026-04-08 23:32:57.537   332-7015  AudioPreProcess         and...re.audio@2.0-service-mediatek  D  AudioPreProcess()+
2026-04-08 23:32:57.537   332-7015  AudioPreProcess         and...re.audio@2.0-service-mediatek  D  AudioPreProcess()-
2026-04-08 23:32:57.537   332-7015  AudioALSAC...DataClient and...re.audio@2.0-service-mediatek  D  +CheckNativeEffect() 2
2026-04-08 23:32:57.537   332-7015  AudioPreProcess         and...re.audio@2.0-service-mediatek  D  CheckNativeEffect()+ 0 using
2026-04-08 23:32:57.537   332-7015  AudioPreProcess         and...re.audio@2.0-service-mediatek  D  PreProcessEffect_Count 2
2026-04-08 23:32:57.537   332-7015  AudioPreProcess         and...re.audio@2.0-service-mediatek  D  addAudioEffect()+ 0xb5d18d60
2026-04-08 23:32:57.537   332-7015  AudioPreProcess         and...re.audio@2.0-service-mediatek  D  find AEC: 0x0
2026-04-08 23:32:57.537   332-7015  AudioPreProcess         and...re.audio@2.0-service-mediatek  D  open AEC even record is already start
2026-04-08 23:32:57.537   332-7015  AudioPreProcess         and...re.audio@2.0-service-mediatek  D  start_echo_reference()+ channel_count=1,sampling_rate=16000,mEcho_Reference=0x0
2026-04-08 23:32:57.537   332-7015  AudioPreProcess         and...re.audio@2.0-service-mediatek  D  clear_echo_reference()+ 0x0
2026-04-08 23:32:57.537   332-7015  AudioPreProcess         and...re.audio@2.0-service-mediatek  D  clear_echo_reference()-
2026-04-08 23:32:57.537   332-7015  AudioPreProcess         and...re.audio@2.0-service-mediatek  D  start_echo_reference,wr_channel_count=2,wr_sampling_rate=16000
2026-04-08 23:32:57.537   332-7015  AudioPreProcess         and...re.audio@2.0-service-mediatek  D  start_echo_reference(),wr_channel_count=2,wr_sampling_rate=16000
2026-04-08 23:32:57.537   332-7015  AudioPreProcess         and...re.audio@2.0-service-mediatek  D  add_echo_reference()+, reference=0xb47bad80
2026-04-08 23:32:57.537   332-7015  AudioPreProcess         and...re.audio@2.0-service-mediatek  D  add_echo_reference()-
2026-04-08 23:32:57.537   332-7015  AudioPreProcess         and...re.audio@2.0-service-mediatek  D  start_echo_reference()-
2026-04-08 23:32:57.537   332-7015  AudioPreProcess         and...re.audio@2.0-service-mediatek  D  in_configure_reverse()+
2026-04-08 23:32:57.537   332-7015  AudioPreProcess         and...re.audio@2.0-service-mediatek  D  in_configure_reverse()-, status=0
2026-04-08 23:32:57.537   332-7015  AudioPreProcess         and...re.audio@2.0-service-mediatek  D  addAudioEffect(), effect type: 7b491460, effect name:Acoustic Echo Canceler
2026-04-08 23:32:57.537   332-7015  AudioPreProcess         and...re.audio@2.0-service-mediatek  D  addAudioEffect(), StreamInAttributeinfo num_channels=1, audio_channel_mask=10, sample_rate=16000
2026-04-08 23:32:57.537   332-7015  AudioPreProcess         and...re.audio@2.0-service-mediatek  D  addAudioEffect()-, RetStatus=0
2026-04-08 23:32:57.537   332-7015  AudioPreProcess         and...re.audio@2.0-service-mediatek  D  addAudioEffect()+ 0xb488fdc0
2026-04-08 23:32:57.537   332-7015  AudioPreProcess         and...re.audio@2.0-service-mediatek  D  addAudioEffect(), effect type: 58b4b260, effect name:Noise Suppression
2026-04-08 23:32:57.537   332-7015  AudioPreProcess         and...re.audio@2.0-service-mediatek  D  addAudioEffect(), StreamInAttributeinfo num_channels=1, audio_channel_mask=10, sample_rate=16000
2026-04-08 23:32:57.537   332-7015  AudioPreProcess         and...re.audio@2.0-service-mediatek  D  addAudioEffect()-, RetStatus=0
2026-04-08 23:32:57.538   332-7015  AudioPreProcess         and...re.audio@2.0-service-mediatek  D  CheckNativeEffect()-
2026-04-08 23:32:57.538   332-7015  AudioALSAC...DataClient and...re.audio@2.0-service-mediatek  D  -CheckNativeEffect()
2026-04-08 23:32:57.538   332-7015  AudioALSAC...oviderBase and...re.audio@2.0-service-mediatek  D  configStreamAttribute(), audio_mode: 3 => 3, input_device: 0x80000004 => 0x80000004, flag: 0x0 => 0x0, input_source: 6->7
2026-04-08 23:32:57.538   332-7015  AudioALSAC...oviderBase and...re.audio@2.0-service-mediatek  D  attach(), 0xb491dc80, mCaptureDataClientVector.size()=0, Identity=0xb5d7d980
2026-04-08 23:32:57.538   332-7015  AudioALSADeviceParser   and...re.audio@2.0-service-mediatek  D  compare pcm success = 1, stringpair = MultiMedia1_Capture
2026-04-08 23:32:57.538   332-7015  AudioALSAC...iderNormal and...re.audio@2.0-service-mediatek  D  open(+), audiomode=0, cardindex = 0, pcmindex = 1
2026-04-08 23:32:57.539   332-7015  AudioSpeechEnhanceInfo  and...re.audio@2.0-service-mediatek  D  GetHifiRecord, mHiFiRecordEnable=0
2026-04-08 23:32:57.539   356-1663  NxpTml                  vendor.nxp.nxpnfc@1.0-service        D  PN54X - Write requested.....
2026-04-08 23:32:57.539   356-1663  NxpTml                  vendor.nxp.nxpnfc@1.0-service        D  PN54X - Invoking I2C Write.....
2026-04-08 23:32:57.539   332-7015  AudioALSAC...iderNormal and...re.audio@2.0-service-mediatek  D  buffersizemax: 49152, bHifiRecord: 0, btempDebug: 0
2026-04-08 23:32:57.539   332-7015  AudioALSAC...DataClient and...re.audio@2.0-service-mediatek  D  IsLowLatencyCapture(), low_latency_on: 0, voip_on: 1
2026-04-08 23:32:57.539   332-7015  AudioALSAC...iderNormal and...re.audio@2.0-service-mediatek  D  mConfig format: 1, channels: 2, rate: 48000, period_size: 960, period_count: 6, latency: 20, kReadBufferSize: 7680, mCaptureDropSize: 0
2026-04-08 23:32:57.539   332-7015  AudioALSADeviceParser   and...re.audio@2.0-service-mediatek  D  compare pcm success = 1, stringpair = MultiMedia1_Capture
2026-04-08 23:32:57.540   332-7015  AudioALSAH...rceManager and...re.audio@2.0-service-mediatek  D  +startInputDevice(), new_device = 0x80000004, mInputDevice = 0x0, mStartInputDeviceCount = 0, mMicInverse = 0, mNumPhoneMicSupport = 2
2026-04-08 23:32:57.540   332-7015  AudioALSAD...figManager and...re.audio@2.0-service-mediatek  D  ApplyDeviceSettingByName() DeviceName = Mic1TypeACCMode descriptor->DeviceStatusCounter = 0
2026-04-08 23:32:57.541   332-7015  AudioALSAD...figManager and...re.audio@2.0-service-mediatek  D  ApplyDeviceSettingByName() DeviceName = Mic2TypeACCMode descriptor->DeviceStatusCounter = 0
2026-04-08 23:32:57.541   332-7015  AudioUtility            and...re.audio@2.0-service-mediatek  D  IsAudioSupportFeature AUDIO_SUPPORT_DMIC bSupportFlg[0]
2026-04-08 23:32:57.541   332-7015  AudioALSAD...figManager and...re.audio@2.0-service-mediatek  D  ApplyDeviceTurnonSequenceByName() DeviceName = builtin_Mic_DualMic descriptor->DeviceStatusCounte = 0
2026-04-08 23:32:57.541   332-7015  AudioALSAC...iderNormal and...re.audio@2.0-service-mediatek  D  open(-)
2026-04-08 23:32:57.541   332-7015  AudioSPELayer           and...re.audio@2.0-service-mediatek  D  SetUPLinkDropTime, 0
2026-04-08 23:32:57.542   332-7015  AudioALSAC...DataClient and...re.audio@2.0-service-mediatek  D  sample_rate: 48000 => 16000, num_channels: 2 => 2, audio_format: 0x4 => 0x1
2026-04-08 23:32:57.541   332-7016  AudioALSAC...DataClient and...re.audio@2.0-service-mediatek  D  IsLowLatencyCapture(), low_latency_on: 0, voip_on: 1
2026-04-08 23:32:57.542   332-7016  AudioALSAC...iderNormal and...re.audio@2.0-service-mediatek  D  +readThread(), pid: 332, tid: 7016, kReadBufferSize=0x1e00, open_index=94, UPLINK_SET_AMICDCC_BUFFER_TIME_MS = 80, counter=1 
2026-04-08 23:32:57.542   332-7015  MtkAudioSrc             and...re.audio@2.0-service-mediatek  D  open(), SR 48000, CH 2; out SR 16000, CH 2; format 0, mState = 2
2026-04-08 23:32:57.542   332-7015  AudioALSAC...DataClient and...re.audio@2.0-service-mediatek  D  CheckNeedBesRecordSRC(), mStreamAttributeSource->sample_rate=48000, mStreamAttributeSource->num_channels=2, mStreamAttributeTarget->sample_rate=16000,mStreamAttributeTarget->num_channels=1, BesRecord_usingsamplerate=16000
2026-04-08 23:32:57.542   332-7015  MtkAudioSrc             and...re.audio@2.0-service-mediatek  D  open(), SR 48000, CH 2; out SR 16000, CH 2; format 0, mState = 2
2026-04-08 23:32:57.542   332-7015  AudioALSAC...DataClient and...re.audio@2.0-service-mediatek  D  CheckNeedBesRecordSRC(), 1, 16000, mBesRecSRCSizeFactor=1
2026-04-08 23:32:57.542   332-7015  AudioALSAC...DataClient and...re.audio@2.0-service-mediatek  D  CheckChannelRemixOp(), ch 2->1 (mBesRecordStereoMode = 0, BesRecord enable = 1), ChannelRemixOp = 4
2026-04-08 23:32:57.542   332-7015  AudioALSAC...DataClient and...re.audio@2.0-service-mediatek  D  +AddEchoRefDataProvider()
2026-04-08 23:32:57.542   332-7015  AudioALSAC...DataClient and...re.audio@2.0-service-mediatek  D  AddEchoRefDataProvider(), mCaptureDataProviderEchoRef=0xb491df00
2026-04-08 23:32:57.542   332-7015  AudioALSAC...oviderBase and...re.audio@2.0-service-mediatek  D  attach(), 0xb491df00, mCaptureDataClientVector.size()=0, Identity=0xb5d7d980
2026-04-08 23:32:57.542   332-7015  AudioALSAC...derEchoRef and...re.audio@2.0-service-mediatek  D  open()
2026-04-08 23:32:57.542   332-7015  AudioALSAC...DataClient and...re.audio@2.0-service-mediatek  D  IsLowLatencyCapture(), low_latency_on: 0, voip_on: 1
2026-04-08 23:32:57.542   332-7015  AudioALSAC...derEchoRef and...re.audio@2.0-service-mediatek  D  open(), audio_format = 1, audio_channel_mask=c, num_channels=2, sample_rate=48000, buf_total_latency=120ms
2026-04-08 23:32:57.542   332-7015  AudioALSAC...derEchoRef and...re.audio@2.0-service-mediatek  D  open(), format = 0, channels=2, rate=48000, period_size=240, period_count=24,latency=5,kReadBufferSize=960
2026-04-08 23:32:57.542   332-7015  AudioALSADeviceParser   and...re.audio@2.0-service-mediatek  D  compare pcm success = 9, stringpair = DL1_AWB_Record
2026-04-08 23:32:57.543   332-7017  AudioALSAC...DataClient and...re.audio@2.0-service-mediatek  D  IsLowLatencyCapture(), low_latency_on: 0, voip_on: 1
2026-04-08 23:32:57.543   332-7017  AudioALSAC...derEchoRef and...re.audio@2.0-service-mediatek  D  +readThread(), pid: 332, tid: 7017, kReadBufferSize=3c0
2026-04-08 23:32:57.543   332-7015  MtkAudioSrc             and...re.audio@2.0-service-mediatek  D  open(), SR 48000, CH 2; out SR 16000, CH 2; format 0, mState = 2
2026-04-08 23:32:57.543   332-7015  MtkAudioSrc             and...re.audio@2.0-service-mediatek  D  open(), SR 16000, CH 2; out SR 16000, CH 1; format 0, mState = 2
2026-04-08 23:32:57.544   332-7015  AudioSPELayer           and...re.audio@2.0-service-mediatek  D  SetDownLinkLatencyTime, 120
2026-04-08 23:32:57.544   332-7015  AudioALSAC...DataClient and...re.audio@2.0-service-mediatek  D  readthread all ready! pcm start
2026-04-08 23:32:57.544   332-7015  AudioSPELayer           and...re.audio@2.0-service-mediatek  D  resync the latency delay time
2026-04-08 23:32:57.544   332-7017  AudioALSAC...oviderBase and...re.audio@2.0-service-mediatek  D  pcm_start
2026-04-08 23:32:57.545   332-7015  AudioALSAC...DataClient and...re.audio@2.0-service-mediatek  D  AddEchoRefDataProvider(), Source sample_rate=48000, num_channels=2, audio_format=1
2026-04-08 23:32:57.545   332-7015  AudioALSAC...DataClient and...re.audio@2.0-service-mediatek  D  AddEchoRefDataProvider(), Target sample_rate=16000, num_channels=2, audio_format=1
2026-04-08 23:32:57.545   332-7015  AudioALSAC...DataClient and...re.audio@2.0-service-mediatek  D  -AddEchoRefDataProvider()
2026-04-08 23:32:57.545   332-7015  AudioALSAC...HandlerAEC and...re.audio@2.0-service-mediatek  D  -open()
2026-04-08 23:32:57.545   332-7016  AudioALSAC...oviderBase and...re.audio@2.0-service-mediatek  D  pcm_start
2026-04-08 23:32:57.556   365-434   HWComposer              surfaceflinger                       W  Ignoring duplicate VSYNC event from HWC (t=0)
2026-04-08 23:32:57.558   356-1663  NxpTml                  vendor.nxp.nxpnfc@1.0-service        E  _i2c_write() errno : 5
2026-04-08 23:32:57.558   356-1663  NxpTml                  vendor.nxp.nxpnfc@1.0-service        E  PN54X - Error in I2C Write.....
2026-04-08 23:32:57.558   356-1663  NxpTml                  vendor.nxp.nxpnfc@1.0-service        D  PN54X - Posting Fresh Write message.....
2026-04-08 23:32:57.558   356-1663  NxpTml                  vendor.nxp.nxpnfc@1.0-service        D  PN54X - Tml Writer Thread Running................
2026-04-08 23:32:57.558   356-1665  NxpHal                  vendor.nxp.nxpnfc@1.0-service        E  write error status = 0x1ff
2026-04-08 23:32:57.558   356-356   NxpHal                  vendor.nxp.nxpnfc@1.0-service        E  write_unlocked failed - PN54X Maybe in Standby Mode - Retry
2026-04-08 23:32:57.568   356-1663  NxpTml                  vendor.nxp.nxpnfc@1.0-service        D  PN54X - Write requested.....
2026-04-08 23:32:57.568   356-1663  NxpTml                  vendor.nxp.nxpnfc@1.0-service        D  PN54X - Invoking I2C Write.....
2026-04-08 23:32:57.573   397-397   gle.vp8.encoder         media.codec                          W  type=1400 audit(0.0:20568): avc: denied { getattr } for path="/dev/sw_sync" dev="tmpfs" ino=266 scontext=u:r:mediacodec:s0 tcontext=u:object_r:sw_sync_device:s0 tclass=chr_file permissive=0
2026-04-08 23:32:57.580   365-434   HWComposer              surfaceflinger                       W  Ignoring duplicate VSYNC event from HWC (t=0)
2026-04-08 23:32:57.586   737-915   zhouzhe                 system_server                        D  keyCode222 = 230
2026-04-08 23:32:57.588   332-7016  AudioSPELayer           and...re.audio@2.0-service-mediatek  D  PrepareProcessData+
2026-04-08 23:32:57.588   356-1663  NxpTml                  vendor.nxp.nxpnfc@1.0-service        E  _i2c_write() errno : 5
2026-04-08 23:32:57.588   356-1663  NxpTml                  vendor.nxp.nxpnfc@1.0-service        E  PN54X - Error in I2C Write.....
2026-04-08 23:32:57.588   332-7016  AudioSPELayer           and...re.audio@2.0-service-mediatek  D  mDLInBufferQ i=0, length=160, 0xb4904cc0, Sec=5386, NSec=399485354
2026-04-08 23:32:57.588   356-1663  NxpTml                  vendor.nxp.nxpnfc@1.0-service        D  PN54X - Posting Fresh Write message.....
2026-04-08 23:32:57.588   332-7016  AudioSPELayer           and...re.audio@2.0-service-mediatek  D  mDLInBufferQ i=1, length=160, 0xb4904d60, Sec=5386, NSec=404489893
2026-04-08 23:32:57.588   332-7016  AudioSPELayer           and...re.audio@2.0-service-mediatek  D  mDLInBufferQ i=2, length=160, 0xb4904e00, Sec=5386, NSec=409476970
2026-04-08 23:32:57.588   356-1663  NxpTml                  vendor.nxp.nxpnfc@1.0-service        D  PN54X - Tml Writer Thread Running................
2026-04-08 23:32:57.588   332-7016  AudioSPELayer           and...re.audio@2.0-service-mediatek  D  mDLInBufferQ i=3, length=160, 0xb4904ea0, Sec=5386, NSec=414514740
2026-04-08 23:32:57.588   332-7016  AudioSPELayer           and...re.audio@2.0-service-mediatek  D  mDLInBufferQ i=4, length=160, 0xb4904f40, Sec=5386, NSec=419526587
2026-04-08 23:32:57.588   332-7016  AudioSPELayer           and...re.audio@2.0-service-mediatek  D  mDLInBufferQ i=5, length=160, 0xb4904fe0, Sec=5386, NSec=424557000
2026-04-08 23:32:57.588   332-7016  AudioSPELayer           and...re.audio@2.0-service-mediatek  D  mDLInBufferQ i=6, length=160, 0xb4905080, Sec=5386, NSec=429486664
2026-04-08 23:32:57.588   356-1665  NxpHal                  vendor.nxp.nxpnfc@1.0-service        E  write error status = 0x1ff
2026-04-08 23:32:57.588   332-7016  AudioSPELayer           and...re.audio@2.0-service-mediatek  D  PrepareProcessData, time_stamp_estimate, mULInBufferQ[0].sec=5386, mULInBufferQ[0].nsec=414978809
2026-04-08 23:32:57.588   332-7016  AudioSPELayer           and...re.audio@2.0-service-mediatek  D  PrepareProcessData, time_stamp_estimate, mDLInBufferQ[0].sec=5386, mDLInBufferQ[0].nsec=399485354
2026-04-08 23:32:57.588   332-7016  AudioSPELayer           and...re.audio@2.0-service-mediatek  D  TimeStampCompare, bRet=1
2026-04-08 23:32:57.588   332-7016  AudioSPELayer           and...re.audio@2.0-service-mediatek  D  TimeStampCompare, bRet=1
2026-04-08 23:32:57.588   332-7016  AudioSPELayer           and...re.audio@2.0-service-mediatek  D  PrepareProcessData, 1 drop DL Delay data droplength=160, mDLDelayBufferQ.size()=7, mDLDelayBufferQ[0]->BufLen4Delay=160!!!
2026-04-08 23:32:57.588   332-7016  AudioSPELayer           and...re.audio@2.0-service-mediatek  D  TimeStampCompare, bRet=1
2026-04-08 23:32:57.588   356-356   NxpHal                  vendor.nxp.nxpnfc@1.0-service        E  write_unlocked failed - PN54X Maybe in Standby Mode (max count = 0x6)
2026-04-08 23:32:57.588   332-7016  AudioSPELayer           and...re.audio@2.0-service-mediatek  D  PrepareProcessData, 1 drop DL Delay data droplength=160, mDLDelayBufferQ.size()=6, mDLDelayBufferQ[0]->BufLen4Delay=160!!!
2026-04-08 23:32:57.588   332-7016  AudioSPELayer           and...re.audio@2.0-service-mediatek  D  TimeStampCompare, bRet=1
2026-04-08 23:32:57.588   332-7016  AudioSPELayer           and...re.audio@2.0-service-mediatek  D  PrepareProcessData, 1 drop DL Delay data droplength=160, mDLDelayBufferQ.size()=5, mDLDelayBufferQ[0]->BufLen4Delay=160!!!
2026-04-08 23:32:57.588   356-356   NxpTml                  vendor.nxp.nxpnfc@1.0-service        D  phTmlNfc_i2c_reset(), VEN level 0
2026-04-08 23:32:57.588   332-7016  AudioSPELayer           and...re.audio@2.0-service-mediatek  D  TimeStampCompare, bRet=0
2026-04-08 23:32:57.588   332-7016  AudioSPELayer           and...re.audio@2.0-service-mediatek  D  TimeStampCompare, bRet=1
2026-04-08 23:32:57.588   332-7016  AudioSPELayer           and...re.audio@2.0-service-mediatek  D  PrepareProcessData, calculate drop downlink data time
2026-04-08 23:32:57.588   332-7016  AudioSPELayer           and...re.audio@2.0-service-mediatek  D  PrepareProcessData, bULlate 1, deltaSec=0, deltaNSec=464069
2026-04-08 23:32:57.588   332-7016  AudioSPELayer           and...re.audio@2.0-service-mediatek  D  PrepareProcessData, diffnsec 464069, diffSample=7, diffBufLength=14
2026-04-08 23:32:57.588   332-7016  AudioSPELayer           and...re.audio@2.0-service-mediatek  D  PrepareProcessData, drop DL data diffBufLength=14, mDLInBufferQ.size()=4, mDLInBufferQ[0]->BufLen=160!!!
2026-04-08 23:32:57.588   332-7016  AudioSPELayer           and...re.audio@2.0-service-mediatek  D  PrepareProcessData, mDLInBufferQ[0]->pRead=0xb4904ea0 , mDLInBufferQ[0]->BufLen=160, sec 5386, nsec 414514740
2026-04-08 23:32:57.588   332-7016  AudioSPELayer           and...re.audio@2.0-service-mediatek  D  PrepareProcessData, after mDLInBufferQ[0]->pRead=0xb4904eae, mDLInBufferQ[0]->BufLen=146, updatensecdiff=437500, sec=5386, nsec=414952240
2026-04-08 23:32:57.588   332-7016  AudioSPELayer           and...re.audio@2.0-service-mediatek  D  PrepareProcessData, drop DL Delay data droplength=14, mDLDelayBufferQ.size()=4, mDLDelayBufferQ[0]->BufLen4Delay=160!!!
2026-04-08 23:32:57.588   332-7016  AudioSPELayer           and...re.audio@2.0-service-mediatek  D  PrepareProcessData, mDLDelayBufferQ[0]->pRead=0xb4904ea0
2026-04-08 23:32:57.588   332-7016  AudioSPELayer           and...re.audio@2.0-service-mediatek  D  PrepareProcessData, after mDLDelayBufferQ[0]->pRead=0xb4904eae, mDLDelayBufferQ[0]->BufLen=146
2026-04-08 23:32:57.588   332-7016  AudioSPELayer           and...re.audio@2.0-service-mediatek  D  PrepareProcessData, finish, mDLInBufferQ.size = 4, mDLInBufQLenTotal=626, mULInBufferQ.size = 1, mULInBufQLenTotal=1280
2026-04-08 23:32:57.588   332-7016  AudioSPELayer           and...re.audio@2.0-service-mediatek  D  PrepareProcessData, finish, mDLInBufferQ[0]->pRead=0xb4904eae , mDLInBufferQ[0]->BufLen=146, sec = 5386, nsec = 414952240
2026-04-08 23:32:57.588   332-7016  AudioSPELayer           and...re.audio@2.0-service-mediatek  D  PrepareProcessData, finish, mULInBufferQ[0]->pRead=0xb5d05300 , mULInBufferQ[0]->BufLen=1280, sec = 5386, nsec = 414978809
2026-04-08 23:32:57.588   332-7016  AudioSPELayer           and...re.audio@2.0-service-mediatek  D  PrepareProcessData, adjust downlink data mLatencyDir=0,mLatencySampleCount=64
2026-04-08 23:32:57.589   332-7016  AudioSPELayer           and...re.audio@2.0-service-mediatek  D  adjust downlink data drop DL data diffBufLength=0, mDLInBufferQ.size()=4, mDLInBufferQ[0]->BufLen=146!!!
2026-04-08 23:32:57.589   332-7016  AudioSPELayer           and...re.audio@2.0-service-mediatek  D  adjust downlink data mDLInBufferQ[0]->pRead=0xb4904eae , mDLInBufferQ[0]->BufLen=146, sec 5386, nsec 414952240
2026-04-08 23:32:57.589   332-7016  AudioSPELayer           and...re.audio@2.0-service-mediatek  D  adjust downlink data after mDLInBufferQ[0]->pRead=0xb4904f2e, mDLInBufferQ[0]->BufLen=18, updatensecdiff=4000000, sec=5386, nsec=418952240
2026-04-08 23:32:57.589   332-7016  AudioSPELayer           and...re.audio@2.0-service-mediatek  D  adjust downlink data drop DL Delay data droplength=128, mDLDelayBufferQ.size()=4, mDLDelayBufferQ[0]->BufLen4Delay=146!!!
2026-04-08 23:32:57.589   332-7016  AudioSPELayer           and...re.audio@2.0-service-mediatek  D  adjust downlink data mDLDelayBufferQ[0]->pRead=0xb4904eae
2026-04-08 23:32:57.589   332-7016  AudioSPELayer           and...re.audio@2.0-service-mediatek  D  adjust downlink data after mDLDelayBufferQ[0]->pRead=0xb4904f2e, mDLDelayBufferQ[0]->BufLen=18
2026-04-08 23:32:57.603   365-434   HWComposer              surfaceflinger                       W  Ignoring duplicate VSYNC event from HWC (t=0)
2026-04-08 23:32:57.626   365-434   HWComposer              surfaceflinger                       W  Ignoring duplicate VSYNC event from HWC (t=0)
2026-04-08 23:32:57.636  2899-6393  [AudioCapture]          com.reedersystems.commandcomms       D  TX_AUDIO_SOURCE_PROBE source=VOICE_COMMUNICATION probeFrame=0 samples=960 min=-4 max=4 rms=1.2 silent=true zeros=452
2026-04-08 23:32:57.638   737-915   zhouzhe                 system_server                        D  keyCode222 = 230
2026-04-08 23:32:57.650   356-356   NxpTml                  vendor.nxp.nxpnfc@1.0-service        D  phTmlNfc_i2c_reset(), VEN level 1
2026-04-08 23:32:57.650   365-434   HWComposer              surfaceflinger                       W  Ignoring duplicate VSYNC event from HWC (t=0)
2026-04-08 23:32:57.656  2899-6393  [AudioCapture]          com.reedersystems.commandcomms       D  TX_AUDIO_SOURCE_PROBE source=VOICE_COMMUNICATION probeFrame=1 samples=960 min=-6 max=7 rms=2.5 silent=true zeros=166
2026-04-08 23:32:57.673   365-434   HWComposer              surfaceflinger                       W  Ignoring duplicate VSYNC event from HWC (t=0)
2026-04-08 23:32:57.673   397-397   gle.vp8.encoder         media.codec                          W  type=1400 audit(0.0:20569): avc: denied { getattr } for path="/dev/sw_sync" dev="tmpfs" ino=266 scontext=u:r:mediacodec:s0 tcontext=u:object_r:sw_sync_device:s0 tclass=chr_file permissive=0
2026-04-08 23:32:57.676  2899-6393  [AudioCapture]          com.reedersystems.commandcomms       D  TX_AUDIO_SOURCE_PROBE source=VOICE_COMMUNICATION probeFrame=2 samples=960 min=-5 max=6 rms=1.8 silent=true zeros=242
2026-04-08 23:32:57.688   737-915   zhouzhe                 system_server                        D  keyCode222 = 230
2026-04-08 23:32:57.696   365-434   HWComposer              surfaceflinger                       W  Ignoring duplicate VSYNC event from HWC (t=0)
2026-04-08 23:32:57.697  2899-6393  [AudioCapture]          com.reedersystems.commandcomms       D  TX_AUDIO_SOURCE_PROBE source=VOICE_COMMUNICATION probeFrame=3 samples=960 min=-23 max=20 rms=6.9 silent=true zeros=67
2026-04-08 23:32:57.717  2899-6393  [AudioCapture]          com.reedersystems.commandcomms       D  TX_AUDIO_SOURCE_PROBE source=VOICE_COMMUNICATION probeFrame=4 samples=960 min=-20 max=21 rms=6.7 silent=true zeros=59
2026-04-08 23:32:57.720   365-434   HWComposer              surfaceflinger                       W  Ignoring duplicate VSYNC event from HWC (t=0)
2026-04-08 23:32:57.737  2899-6393  [AudioCapture]          com.reedersystems.commandcomms       D  TX_AUDIO_SOURCE_PROBE source=VOICE_COMMUNICATION probeFrame=5 samples=960 min=-30 max=22 rms=8.2 silent=true zeros=61
2026-04-08 23:32:57.740   737-915   zhouzhe                 system_server                        D  keyCode222 = 230
2026-04-08 23:32:57.743   365-434   HWComposer              surfaceflinger                       W  Ignoring duplicate VSYNC event from HWC (t=0)
2026-04-08 23:32:57.757  2899-6393  [AudioCapture]          com.reedersystems.commandcomms       D  TX_AUDIO_SOURCE_PROBE source=VOICE_COMMUNICATION probeFrame=6 samples=960 min=-33 max=22 rms=8.9 silent=true zeros=100
2026-04-08 23:32:57.763   356-356   NxpHal                  vendor.nxp.nxpnfc@1.0-service        D  PN54X Reset - SUCCESS
2026-04-08 23:32:57.763   356-356   NxpHal                  vendor.nxp.nxpnfc@1.0-service        D  phNxpNciHal_write failed for hal ext
2026-04-08 23:32:57.763   356-356   NxpHal                  vendor.nxp.nxpnfc@1.0-service        E  NFCC not coming out from Standby
2026-04-08 23:32:57.763   356-356   NxpHal                  vendor.nxp.nxpnfc@1.0-service        E  Trying Force FW download
2026-04-08 23:32:57.763   356-356   NxpHal                  vendor.nxp.nxpnfc@1.0-service        D  Found Valid Firmware Type
2026-04-08 23:32:57.763   356-356   NxpExtns                vendor.nxp.nxpnfc@1.0-service        D  find found NXP_SYS_CLK_SRC_SEL=(0x2)
2026-04-08 23:32:57.763   356-356   NxpExtns                vendor.nxp.nxpnfc@1.0-service        D  find found NXP_SYS_CLK_FREQ_SEL=(0x4)
2026-04-08 23:32:57.763   356-356   NxpExtns                vendor.nxp.nxpnfc@1.0-service        D  find found NXP_SYS_CLOCK_TO_CFG=(0x1)
2026-04-08 23:32:57.763   356-356   NxpFwDnld               vendor.nxp.nxpnfc@1.0-service        D  gphNxpNciHal_fw_IoctlCtx.bClkSrcVal = 0x2
2026-04-08 23:32:57.764   356-356   NxpFwDnld               vendor.nxp.nxpnfc@1.0-service        D  gphNxpNciHal_fw_IoctlCtx.bClkFreqVal = 0x4
2026-04-08 23:32:57.764   356-356   NxpFwDnld               vendor.nxp.nxpnfc@1.0-service        D  gphNxpNciHal_fw_IoctlCtx.bClkFreqVal = 0x1
2026-04-08 23:32:57.764   356-356   NxpTml                  vendor.nxp.nxpnfc@1.0-service        D  phTmlNfc_i2c_reset(), VEN level 2
2026-04-08 23:32:57.766   365-434   HWComposer              surfaceflinger                       W  Ignoring duplicate VSYNC event from HWC (t=0)
2026-04-08 23:32:57.778  2899-6393  [AudioCapture]          com.reedersystems.commandcomms       D  TX_AUDIO_SOURCE_PROBE source=VOICE_COMMUNICATION probeFrame=7 samples=960 min=-31 max=28 rms=10.7 silent=true zeros=75
2026-04-08 23:32:57.789   737-915   zhouzhe                 system_server                        D  keyCode222 = 230
2026-04-08 23:32:57.793   365-434   HWComposer              surfaceflinger                       W  Ignoring duplicate VSYNC event from HWC (t=0)
2026-04-08 23:32:57.798  2899-6393  [AudioCapture]          com.reedersystems.commandcomms       D  TX_AUDIO_SOURCE_PROBE source=VOICE_COMMUNICATION probeFrame=8 samples=960 min=-39 max=26 rms=9.7 silent=true zeros=75
2026-04-08 23:32:57.816   365-434   HWComposer              surfaceflinger                       W  Ignoring duplicate VSYNC event from HWC (t=0)
2026-04-08 23:32:57.818  2899-6393  [AudioCapture]          com.reedersystems.commandcomms       D  TX_AUDIO_SOURCE_PROBE source=VOICE_COMMUNICATION probeFrame=9 samples=960 min=-33 max=27 rms=8.6 silent=true zeros=79
2026-04-08 23:32:57.819  2899-6393  [AudioCapture]          com.reedersystems.commandcomms       D  TX_AUDIO_SOURCE_PROBE source=VOICE_COMMUNICATION probeRate=48000 result=REJECT avgRms=6.5 min=-39 max=28 validFrames=10 reason=rms_too_low threshold=20.0
2026-04-08 23:32:57.819  2899-6393  AudioRecord             com.reedersystems.commandcomms       D  stop: 0x8494e400
2026-04-08 23:32:57.837   332-617   AudioALSAStreamIn       and...re.audio@2.0-service-mediatek  D  +standby()
2026-04-08 23:32:57.837   332-617   AudioALSAStreamIn       and...re.audio@2.0-service-mediatek  D  standby(), keep the mStandbyFrameCount = 4480, ret = 0
2026-04-08 23:32:57.837   332-617   AudioALSAStreamIn       and...re.audio@2.0-service-mediatek  D  close()
2026-04-08 23:32:57.837   332-617   AudioALSAC...HandlerAEC and...re.audio@2.0-service-mediatek  D  +close()
2026-04-08 23:32:57.837   332-617   AudioALSAC...DataClient and...re.audio@2.0-service-mediatek  D  ~AudioALSACaptureDataClient()
2026-04-08 23:32:57.837   332-617   AudioALSAC...DataClient and...re.audio@2.0-service-mediatek  D  ~AudioALSACaptureDataClient(), remove EchoRef data provider,mCaptureDataProviderEchoRef=0xb491df00
2026-04-08 23:32:57.837   332-617   AudioALSAC...oviderBase and...re.audio@2.0-service-mediatek  D  detach(), 0xb491df00, mCaptureDataClientVector.size()=1, Identity=0xb5d7d980
2026-04-08 23:32:57.837   332-617   AudioALSAC...derEchoRef and...re.audio@2.0-service-mediatek  D  close()
2026-04-08 23:32:57.840   365-434   HWComposer              surfaceflinger                       W  Ignoring duplicate VSYNC event from HWC (t=0)
2026-04-08 23:32:57.840   332-7017  AudioALSAC...derEchoRef and...re.audio@2.0-service-mediatek  D  -readThread(), pid: 332, tid: 7017
2026-04-08 23:32:57.840   332-617   AudioALSAC...derEchoRef and...re.audio@2.0-service-mediatek  D  pthread_join hReadThread done
2026-04-08 23:32:57.841   737-915   zhouzhe                 system_server                        D  keyCode222 = 230
2026-04-08 23:32:57.842   332-617   MtkAudioSrc             and...re.audio@2.0-service-mediatek  D  close(), mState = 1
2026-04-08 23:32:57.842   332-617   MtkAudioSrc             and...re.audio@2.0-service-mediatek  D  close(), mState = 1
2026-04-08 23:32:57.842   332-617   AudioALSAC...oviderBase and...re.audio@2.0-service-mediatek  D  detach(), 0xb491dc80, mCaptureDataClientVector.size()=1, Identity=0xb5d7d980
2026-04-08 23:32:57.842   332-617   AudioALSAH...rceManager and...re.audio@2.0-service-mediatek  D  +stopInputDevice(), mInputDevice = 0x80000004, stop_device = 0x80000004, mStartInputDeviceCount = 1, mMicInverse = 0, mNumPhoneMicSupport = 2
2026-04-08 23:32:57.842   332-617   AudioUtility            and...re.audio@2.0-service-mediatek  D  IsAudioSupportFeature AUDIO_SUPPORT_DMIC bSupportFlg[0]
2026-04-08 23:32:57.842   332-617   AudioALSAD...figManager and...re.audio@2.0-service-mediatek  D  ApplyDeviceSettingByName() DeviceName = Mic1TypeACCMode descriptor->DeviceStatusCounter = 0
2026-04-08 23:32:57.842   332-617   AudioALSAD...figManager and...re.audio@2.0-service-mediatek  D  ApplyDeviceSettingByName() DeviceName = Mic2TypeACCMode descriptor->DeviceStatusCounter = 0
2026-04-08 23:32:57.842   332-617   AudioALSAD...figManager and...re.audio@2.0-service-mediatek  D  ApplyDeviceTurnoffSequenceByName(), DeviceName = builtin_Mic_DualMic descriptor->DeviceStatusCounter = 1
2026-04-08 23:32:57.842   332-617   AudioALSAC...iderNormal and...re.audio@2.0-service-mediatek  D  close()
2026-04-08 23:32:57.862   332-7016  AudioALSAC...iderNormal and...re.audio@2.0-service-mediatek  D  -readThread(), pid: 332, tid: 7016
2026-04-08 23:32:57.862   332-617   AudioALSAC...iderNormal and...re.audio@2.0-service-mediatek  D  pthread_join hReadThread done
2026-04-08 23:32:57.863   365-434   HWComposer              surfaceflinger                       W  Ignoring duplicate VSYNC event from HWC (t=0)
2026-04-08 23:32:57.864   332-617   AudioALSAC...iderNormal and...re.audio@2.0-service-mediatek  D  -close()
2026-04-08 23:32:57.864   332-617   MtkAudioSrc             and...re.audio@2.0-service-mediatek  D  close(), mState = 1
2026-04-08 23:32:57.864   332-617   AudioALSAC...DataClient and...re.audio@2.0-service-mediatek  D  +StopBesRecord()
2026-04-08 23:32:57.864   332-617   AudioSPELayer           and...re.audio@2.0-service-mediatek  D  Stop
2026-04-08 23:32:57.864   332-617   AudioSPELayer           and...re.audio@2.0-service-mediatek  D  Clear
2026-04-08 23:32:57.864   332-617   AudioSPELayer           and...re.audio@2.0-service-mediatek  D  free mSphCtrlBuffer 0xb3a83f40
2026-04-08 23:32:57.864   332-617   AudioSPELayer           and...re.audio@2.0-service-mediatek  D  ~free mSphCtrlBuffer
2026-04-08 23:32:57.864   332-617   AudioSPELayer           and...re.audio@2.0-service-mediatek  D  ~Clear
2026-04-08 23:32:57.865   332-617   AudioALSAC...DataClient and...re.audio@2.0-service-mediatek  D  -StopBesRecord()
2026-04-08 23:32:57.865   332-617   MtkAudioSrc             and...re.audio@2.0-service-mediatek  D  close(), mState = 1
2026-04-08 23:32:57.865   332-617   AudioSPELayer           and...re.audio@2.0-service-mediatek  D  ~SPELayer+
2026-04-08 23:32:57.865   332-617   AudioSPELayer           and...re.audio@2.0-service-mediatek  D  Clear
2026-04-08 23:32:57.865   332-617   AudioSPELayer           and...re.audio@2.0-service-mediatek  D  ~Clear
2026-04-08 23:32:57.865   332-617   AudioSPELayer           and...re.audio@2.0-service-mediatek  D  FlushBufferQ+
2026-04-08 23:32:57.865   332-617   AudioSPELayer           and...re.audio@2.0-service-mediatek  D  FlushBufferQ mULOutBufferQ size=1,mULInBufferQ.size=1,mDLOutBufferQ.size()=0,mDLInBufferQ.size()=2,mDLDelayBufferQ.size()=2
2026-04-08 23:32:57.865   332-617   AudioSPELayer           and...re.audio@2.0-service-mediatek  D  mDLInBufferQ::pBufBase=0xb4904ea0
2026-04-08 23:32:57.865   332-617   AudioSPELayer           and...re.audio@2.0-service-mediatek  D  mDLInBufferQ::done, free at DLDelay buffer
2026-04-08 23:32:57.865   332-617   AudioSPELayer           and...re.audio@2.0-service-mediatek  D  mDLInBufferQ::pBufBase=0xb4904cc0
2026-04-08 23:32:57.865   332-617   AudioSPELayer           and...re.audio@2.0-service-mediatek  D  mDLInBufferQ::done, free at DLDelay buffer
2026-04-08 23:32:57.865   332-617   AudioSPELayer           and...re.audio@2.0-service-mediatek  D  mDLDelayBufferQ::pBufBase=0xb4904ea0
2026-04-08 23:32:57.865   332-617   AudioSPELayer           and...re.audio@2.0-service-mediatek  D  mDLDelayBufferQ::free
2026-04-08 23:32:57.865   332-617   AudioSPELayer           and...re.audio@2.0-service-mediatek  D  mDLDelayBufferQ::delete
2026-04-08 23:32:57.865   332-617   AudioSPELayer           and...re.audio@2.0-service-mediatek  D  mDLDelayBufferQ::done
2026-04-08 23:32:57.865   332-617   AudioSPELayer           and...re.audio@2.0-service-mediatek  D  mDLDelayBufferQ::pBufBase=0xb4904cc0
2026-04-08 23:32:57.865   332-617   AudioSPELayer           and...re.audio@2.0-service-mediatek  D  mDLDelayBufferQ::free
2026-04-08 23:32:57.865   332-617   AudioSPELayer           and...re.audio@2.0-service-mediatek  D  mDLDelayBufferQ::delete
2026-04-08 23:32:57.865   332-617   AudioSPELayer           and...re.audio@2.0-service-mediatek  D  mDLDelayBufferQ::done
2026-04-08 23:32:57.865   332-617   AudioSPELayer           and...re.audio@2.0-service-mediatek  D  FlushBufferQ-
2026-04-08 23:32:57.867   332-617   AudioSPELayer           and...re.audio@2.0-service-mediatek  D  ~SPELayer-
2026-04-08 23:32:57.867   332-617   AudioPreProcess         and...re.audio@2.0-service-mediatek  D  ~AudioPreProcess()+
2026-04-08 23:32:57.867   332-617   AudioPreProcess         and...re.audio@2.0-service-mediatek  D  stop_echo_reference()+
2026-04-08 23:32:57.867   332-617   AudioPreProcess         and...re.audio@2.0-service-mediatek  D  clear_echo_reference()+ 0xb47bad80
2026-04-08 23:32:57.867   332-617   AudioPreProcess         and...re.audio@2.0-service-mediatek  D  remove_echo_reference()+ 0xb47bad80
2026-04-08 23:32:57.867   332-617   AudioPreProcess         and...re.audio@2.0-service-mediatek  D  remove_echo_reference()-
2026-04-08 23:32:57.867   332-617   AudioPreProcess         and...re.audio@2.0-service-mediatek  D  clear_echo_reference()-
2026-04-08 23:32:57.867   332-617   AudioPreProcess         and...re.audio@2.0-service-mediatek  D  stop_echo_reference()-
2026-04-08 23:32:57.867   332-617   AudioPreProcess         and...re.audio@2.0-service-mediatek  D  ~AudioPreProcess()-
2026-04-08 23:32:57.867   332-617   AudioALSAC...DataClient and...re.audio@2.0-service-mediatek  D  -~AudioALSACaptureDataClient()
2026-04-08 23:32:57.868   332-617   AudioALSAC...HandlerAEC and...re.audio@2.0-service-mediatek  D  -close()
2026-04-08 23:32:57.868   332-617   AudioALSAC...HandlerAEC and...re.audio@2.0-service-mediatek  D  ~AudioALSACaptureHandlerAEC()
2026-04-08 23:32:57.868   332-617   AudioALSAC...andlerBase and...re.audio@2.0-service-mediatek  D  ~AudioALSACaptureHandlerBase()
2026-04-08 23:32:57.868   332-617   AudioALSAStreamManager  and...re.audio@2.0-service-mediatek  D  -destroyCaptureHandler(), mCaptureHandlerVector.size() = 0
2026-04-08 23:32:57.868   332-617   AudioALSAStreamIn       and...re.audio@2.0-service-mediatek  D  -standby()
2026-04-08 23:32:57.868   381-2217  APM_AudioPolicyManager  audioserver                          D  stopInput() input 774
2026-04-08 23:32:57.870   332-946   AudioALSAHardware       and...re.audio@2.0-service-mediatek  D  -releaseAudioPatch handle [0x67]
2026-04-08 23:32:57.870   332-946   AudioALSAHardware       and...re.audio@2.0-service-mediatek  D  +routing releaseAudioPatch 80000004->Mixer
2026-04-08 23:32:57.870   332-946   AudioALSAStreamManager  and...re.audio@2.0-service-mediatek  D  +setParameters(), IOport = 774, keyValuePairs = routing=0
2026-04-08 23:32:57.870   332-946   AudioALSAStreamIn       and...re.audio@2.0-service-mediatek  D  +setParameters(): routing=0
2026-04-08 23:32:57.870   332-946   AudioALSAStreamManager  and...re.audio@2.0-service-mediatek  D  +routingInputDevice(), input_device: 0x80000004 => 0x0
2026-04-08 23:32:57.870   332-946   AudioALSAStreamManager  and...re.audio@2.0-service-mediatek  W  -routingInputDevice(), input_device == AUDIO_DEVICE_NONE(0x0), return
2026-04-08 23:32:57.870   332-946   AudioALSAStreamIn       and...re.audio@2.0-service-mediatek  D  -setParameters(): routing=0 
2026-04-08 23:32:57.870   332-946   AudioALSAHardware       and...re.audio@2.0-service-mediatek  D  handlecheck releaseAudioPatch remove handle [67] OK
2026-04-08 23:32:57.870   332-946   AudioALSAHardware       and...re.audio@2.0-service-mediatek  D  -releaseAudioPatch handle [0x67] status [0]
2026-04-08 23:32:57.872  2899-6393  AudioRecord             com.reedersystems.commandcomms       D  stop done
2026-04-08 23:32:57.872  2899-6393  AudioRecord             com.reedersystems.commandcomms       D  stop: 0x8494e400
2026-04-08 23:32:57.872  2899-6393  chatty                  com.reedersystems.commandcomms       I  uid=10172(com.reedersystems.commandcomms) DefaultDispatch identical 1 line
2026-04-08 23:32:57.873  2899-6393  AudioRecord             com.reedersystems.commandcomms       D  stop: 0x8494e400
2026-04-08 23:32:57.878   332-617   AudioALSAStreamIn       and...re.audio@2.0-service-mediatek  D  removeAudioEffect(), 0xb5d18d60
2026-04-08 23:32:57.878   332-617   AudioALSAStreamIn       and...re.audio@2.0-service-mediatek  D  removeAudioEffect(), effect name:Acoustic Echo Canceler, BackupCount=2
2026-04-08 23:32:57.878   332-617   AudioALSAStreamIn       and...re.audio@2.0-service-mediatek  D  removeAudioEffect() found fx at index 0, 0xb5d18d60
2026-04-08 23:32:57.878   332-617   AudioALSAStreamIn       and...re.audio@2.0-service-mediatek  D  removeAudioEffect() moving fx from 1 to 0
2026-04-08 23:32:57.878   332-617   AudioALSAStreamIn       and...re.audio@2.0-service-mediatek  D  removeAudioEffect()-
2026-04-08 23:32:57.878  2899-6393  AudioRecord             com.reedersystems.commandcomms       D  set(): 0x8494e400, inputSource 9, sampleRate 48000, format 0x1, channelMask 0x10, frameCount 1920, notificationFrames 0, sessionId 0, transferType 0, flags 0, opPackageName com.reedersystems.commandcomms uid -1, pid -1
2026-04-08 23:32:57.879   381-381   APM_AudioPolicyManager  audioserver                          D  getInputForAttr() source 9, samplingRate 48000, format 1, channelMask 10,session 1225, flags 0
2026-04-08 23:32:57.880   332-946   AudioALSAStreamIn       and...re.audio@2.0-service-mediatek  D  removeAudioEffect(), 0xb488fdc0
2026-04-08 23:32:57.880   332-946   AudioALSAStreamIn       and...re.audio@2.0-service-mediatek  D  removeAudioEffect(), effect name:Noise Suppression, BackupCount=1
2026-04-08 23:32:57.880   332-946   AudioALSAStreamIn       and...re.audio@2.0-service-mediatek  D  removeAudioEffect() found fx at index 0, 0xb488fdc0
2026-04-08 23:32:57.880   332-946   AudioALSAStreamIn       and...re.audio@2.0-service-mediatek  D  removeAudioEffect()-
2026-04-08 23:32:57.880   332-946   AudioALSAStreamIn       and...re.audio@2.0-service-mediatek  D  removeAudioEffect(), 0xb488fdc0
2026-04-08 23:32:57.880   332-946   AudioALSAStreamIn       and...re.audio@2.0-service-mediatek  D  removeAudioEffect(), mPreProcessEffectBackupCount wrong
2026-04-08 23:32:57.882   332-617   AudioALSAStreamManager  and...re.audio@2.0-service-mediatek  D  openInputStream(), devices = 0x80000004, format = 0x1, channels = 0x10, sampleRate = 48000, status = 782, acoustics = 0x0
2026-04-08 23:32:57.882   332-617   AudioALSAStreamIn       and...re.audio@2.0-service-mediatek  D  AudioALSAStreamIn()
2026-04-08 23:32:57.882   332-617   AudioALSAStreamManager  and...re.audio@2.0-service-mediatek  D  CheckInputDevicePriority(),input_device = 0x80000004
2026-04-08 23:32:57.882   332-617   AudioALSAStreamIn       and...re.audio@2.0-service-mediatek  D  set(), devices = 0x80000004, format = 0x1, channels = 0x10, sampleRate = 48000, acoustics = 0x0, flags = 0
2026-04-08 23:32:57.882   332-617   AudioALSAStreamIn       and...re.audio@2.0-service-mediatek  D  CheckBesRecordInfo()
2026-04-08 23:32:57.882   332-617   AudioSpeechEnhanceInfo  and...re.audio@2.0-service-mediatek  D  GetBesRecScene() -1
2026-04-08 23:32:57.883   332-617   AudioSpeechEnhanceInfo  and...re.audio@2.0-service-mediatek  D  IsBesRecTuningEnable()- 0
2026-04-08 23:32:57.883   332-617   NVRAM                   and...re.audio@2.0-service-mediatek  D  getNumMicSupport(), dualMicFlag 1, numMicString 2
2026-04-08 23:32:57.883   332-617   NVRAM                   and...re.audio@2.0-service-mediatek  D  QueryFeatureSupportInfo(), feature support bit 0x1a097c57 
2026-04-08 23:32:57.883   332-617   AudioSpeechEnhanceInfo  and...re.audio@2.0-service-mediatek  D  IsAPDMNRTuningEnable(), 0
2026-04-08 23:32:57.883   332-617   NVRAM                   and...re.audio@2.0-service-mediatek  D  getNumMicSupport(), dualMicFlag 1, numMicString 2
2026-04-08 23:32:57.883   332-617   NVRAM                   and...re.audio@2.0-service-mediatek  D  QueryFeatureSupportInfo(), feature support bit 0x1a097c57 
2026-04-08 23:32:57.883   332-617   AudioSpeechEnhanceInfo  and...re.audio@2.0-service-mediatek  D  GetForceMagiASRState(), feature_support=1a097c57, 400, mForceMagiASR=0
2026-04-08 23:32:57.883   332-617   AudioSpeechEnhanceInfo  and...re.audio@2.0-service-mediatek  D  GetForceAECRecState(), mForceAECRec=0
2026-04-08 23:32:57.883   332-617   AudioALSAStreamManager  and...re.audio@2.0-service-mediatek  E  -openInputStream(), set fail, return NULL
2026-04-08 23:32:57.883   332-617   AudioALSAStreamIn       and...re.audio@2.0-service-mediatek  D  ~AudioALSAStreamIn()
2026-04-08 23:32:57.883   332-617   DeviceHAL               and...re.audio@2.0-service-mediatek  W  Device open_input_stream: Invalid argument
