2026-03-30 20:21:11.448 26078-13206 AudioSPELayer           and...re.audio@2.0-service-mediatek  D  mDLInBufferQ i=3, length=160, 0xad304ea0, Sec=476244, NSec=603861165
2026-03-30 20:21:11.448 26078-13206 AudioSPELayer           and...re.audio@2.0-service-mediatek  D  mDLInBufferQ i=4, length=160, 0xad304f40, Sec=476244, NSec=608816295
2026-03-30 20:21:11.448 26078-13206 AudioSPELayer           and...re.audio@2.0-service-mediatek  D  PrepareProcessData, time_stamp_estimate, mULInBufferQ[0].sec=476244, mULInBufferQ[0].nsec=596637222
2026-03-30 20:21:11.448 26078-13206 AudioSPELayer           and...re.audio@2.0-service-mediatek  D  PrepareProcessData, time_stamp_estimate, mDLInBufferQ[0].sec=476244, mDLInBufferQ[0].nsec=588838677
2026-03-30 20:21:11.448 26078-13206 AudioSPELayer           and...re.audio@2.0-service-mediatek  D  TimeStampCompare, bRet=1
2026-03-30 20:21:11.448 26078-13206 AudioSPELayer           and...re.audio@2.0-service-mediatek  D  TimeStampCompare, bRet=1
2026-03-30 20:21:11.448 26078-13206 AudioSPELayer           and...re.audio@2.0-service-mediatek  D  PrepareProcessData, 1 drop DL Delay data droplength=160, mDLDelayBufferQ.size()=5, mDLDelayBufferQ[0]->BufLen4Delay=160!!!
2026-03-30 20:21:11.448 26078-13206 AudioSPELayer           and...re.audio@2.0-service-mediatek  D  TimeStampCompare, bRet=0
2026-03-30 20:21:11.448 26078-13206 AudioSPELayer           and...re.audio@2.0-service-mediatek  D  TimeStampCompare, bRet=1
2026-03-30 20:21:11.448 26078-13206 AudioSPELayer           and...re.audio@2.0-service-mediatek  D  PrepareProcessData, calculate drop downlink data time
2026-03-30 20:21:11.448 26078-13206 AudioSPELayer           and...re.audio@2.0-service-mediatek  D  PrepareProcessData, bULlate 1, deltaSec=0, deltaNSec=2793289
2026-03-30 20:21:11.448 26078-13206 AudioSPELayer           and...re.audio@2.0-service-mediatek  D  PrepareProcessData, diffnsec 2793289, diffSample=44, diffBufLength=88
2026-03-30 20:21:11.448 26078-13206 AudioSPELayer           and...re.audio@2.0-service-mediatek  D  PrepareProcessData, drop DL data diffBufLength=88, mDLInBufferQ.size()=4, mDLInBufferQ[0]->BufLen=160!!!
2026-03-30 20:21:11.448 26078-13206 AudioSPELayer           and...re.audio@2.0-service-mediatek  D  PrepareProcessData, mDLInBufferQ[0]->pRead=0xad304d60 , mDLInBufferQ[0]->BufLen=160, sec 476244, nsec 593843933
2026-03-30 20:21:11.448 26078-13206 AudioSPELayer           and...re.audio@2.0-service-mediatek  D  PrepareProcessData, after mDLInBufferQ[0]->pRead=0xad304db8, mDLInBufferQ[0]->BufLen=72, updatensecdiff=2750000, sec=476244, nsec=596593933
2026-03-30 20:21:11.449 26078-13206 AudioSPELayer           and...re.audio@2.0-service-mediatek  D  PrepareProcessData, drop DL Delay data droplength=88, mDLDelayBufferQ.size()=4, mDLDelayBufferQ[0]->BufLen4Delay=160!!!
2026-03-30 20:21:11.449 26078-13206 AudioSPELayer           and...re.audio@2.0-service-mediatek  D  PrepareProcessData, mDLDelayBufferQ[0]->pRead=0xad304d60
2026-03-30 20:21:11.449 26078-13206 AudioSPELayer           and...re.audio@2.0-service-mediatek  D  PrepareProcessData, after mDLDelayBufferQ[0]->pRead=0xad304db8, mDLDelayBufferQ[0]->BufLen=72
2026-03-30 20:21:11.449 26078-13206 AudioSPELayer           and...re.audio@2.0-service-mediatek  D  PrepareProcessData, finish, mDLInBufferQ.size = 4, mDLInBufQLenTotal=552, mULInBufferQ.size = 1, mULInBufQLenTotal=1280
2026-03-30 20:21:11.449 26078-13206 AudioSPELayer           and...re.audio@2.0-service-mediatek  D  PrepareProcessData, finish, mDLInBufferQ[0]->pRead=0xad304db8 , mDLInBufferQ[0]->BufLen=72, sec = 476244, nsec = 596593933
2026-03-30 20:21:11.449 26078-13206 AudioSPELayer           and...re.audio@2.0-service-mediatek  D  PrepareProcessData, finish, mULInBufferQ[0]->pRead=0xae705300 , mULInBufferQ[0]->BufLen=1280, sec = 476244, nsec = 596637222
2026-03-30 20:21:11.449 26078-13206 AudioSPELayer           and...re.audio@2.0-service-mediatek  D  PrepareProcessData, adjust downlink data mLatencyDir=0,mLatencySampleCount=64
2026-03-30 20:21:11.449 26078-13206 AudioSPELayer           and...re.audio@2.0-service-mediatek  D  adjust downlink data drop DL data diffBufLength=0, mDLInBufferQ.size()=4, mDLInBufferQ[0]->BufLen=72!!!
2026-03-30 20:21:11.449 26078-13206 AudioSPELayer           and...re.audio@2.0-service-mediatek  D  adjust downlink data drop DL Delay data droplength=72, mDLDelayBufferQ.size()=4, mDLDelayBufferQ[0]->BufLen4Delay=72!!!
2026-03-30 20:21:11.449 26078-13206 AudioSPELayer           and...re.audio@2.0-service-mediatek  D  adjust downlink data drop DL data diffBufLength=0, mDLInBufferQ.size()=3, mDLInBufferQ[0]->BufLen=160!!!
2026-03-30 20:21:11.449 26078-13206 AudioSPELayer           and...re.audio@2.0-service-mediatek  D  adjust downlink data mDLInBufferQ[0]->pRead=0xad304e00 , mDLInBufferQ[0]->BufLen=160, sec 476244, nsec 598804371
2026-03-30 20:21:11.449 26078-13206 AudioSPELayer           and...re.audio@2.0-service-mediatek  D  adjust downlink data after mDLInBufferQ[0]->pRead=0xad304e38, mDLInBufferQ[0]->BufLen=104, updatensecdiff=1750000, sec=476244, nsec=600554371
2026-03-30 20:21:11.449 26078-13206 AudioSPELayer           and...re.audio@2.0-service-mediatek  D  adjust downlink data drop DL Delay data droplength=56, mDLDelayBufferQ.size()=3, mDLDelayBufferQ[0]->BufLen4Delay=160!!!
2026-03-30 20:21:11.449 26078-13206 AudioSPELayer           and...re.audio@2.0-service-mediatek  D  adjust downlink data mDLDelayBufferQ[0]->pRead=0xad304e00
2026-03-30 20:21:11.449 26078-13206 AudioSPELayer           and...re.audio@2.0-service-mediatek  D  adjust downlink data after mDLDelayBufferQ[0]->pRead=0xad304e38, mDLDelayBufferQ[0]->BufLen=104
2026-03-30 20:21:11.471 25998-25998 gle.vp8.encoder         media.codec                          W  type=1400 audit(0.0:263942): avc: denied { getattr } for path="/dev/sw_sync" dev="tmpfs" ino=236 scontext=u:r:mediacodec:s0 tcontext=u:object_r:sw_sync_device:s0 tclass=chr_file permissive=0
2026-03-30 20:21:11.501 26072-26112 APM_AudioPolicyManager  audioserver                          D  stopOutput() output 13, stream 8, session 2305
2026-03-30 20:21:11.501 26072-26112 APM::Audio...Descriptor audioserver                          V  changeRefCount() stream 8, count 0
2026-03-30 20:21:11.527 12086-12727 [RadioEngine]           com.reedersystems.commandcomms       D  TX started — audio capture active (buffer=7680, bitrate=16000)
2026-03-30 20:21:11.542 26078-26142 AudioALSAStreamIn       and...re.audio@2.0-service-mediatek  D  addAudioEffect(), 0xad28fe00
2026-03-30 20:21:11.542 26078-26142 AudioALSAStreamIn       and...re.audio@2.0-service-mediatek  D  addAudioEffect(), effect name:Automatic Gain Control, BackupCount=2
2026-03-30 20:21:11.542 26078-26142 AudioALSAStreamIn       and...re.audio@2.0-service-mediatek  D  addAudioEffect()-
2026-03-30 20:21:11.543 26078-13204 AudioALSAC...DataClient and...re.audio@2.0-service-mediatek  D  +CheckNativeEffect() 3
2026-03-30 20:21:11.543 26078-13204 AudioPreProcess         and...re.audio@2.0-service-mediatek  D  CheckNativeEffect()+ 2 using
2026-03-30 20:21:11.543 26078-13204 AudioPreProcess         and...re.audio@2.0-service-mediatek  D  PreProcessEffect_Count 3
2026-03-30 20:21:11.543 26078-13204 AudioPreProcess         and...re.audio@2.0-service-mediatek  D  CheckNativeEffect(), find effect need add
2026-03-30 20:21:11.543 26078-13204 AudioPreProcess         and...re.audio@2.0-service-mediatek  D  addAudioEffect()+ 0xad28fe00
2026-03-30 20:21:11.543 26078-13204 AudioPreProcess         and...re.audio@2.0-service-mediatek  D  addAudioEffect(), effect type: 0a8abfe0, effect name:Automatic Gain Control
2026-03-30 20:21:11.543 26078-13204 AudioPreProcess         and...re.audio@2.0-service-mediatek  D  addAudioEffect(), StreamInAttributeinfo num_channels=1, audio_channel_mask=10, sample_rate=48000
2026-03-30 20:21:11.543 26078-13204 AudioPreProcess         and...re.audio@2.0-service-mediatek  D  addAudioEffect()-, RetStatus=0
2026-03-30 20:21:11.543 26078-13204 AudioPreProcess         and...re.audio@2.0-service-mediatek  D  CheckNativeEffect()-
2026-03-30 20:21:11.543 26078-13204 AudioALSAC...DataClient and...re.audio@2.0-service-mediatek  D  -CheckNativeEffect()
2026-03-30 20:21:11.571 25998-25998 gle.vp8.encoder         media.codec                          W  type=1400 audit(0.0:263943): avc: denied { getattr } for path="/dev/sw_sync" dev="tmpfs" ino=236 scontext=u:r:mediacodec:s0 tcontext=u:object_r:sw_sync_device:s0 tclass=chr_file permissive=0
2026-03-30 20:21:11.604 25998-25998 gle.vp8.encoder         media.codec                          W  type=1400 audit(0.0:263944): avc: denied { getattr } for path="/dev/sw_sync" dev="tmpfs" ino=236 scontext=u:r:mediacodec:s0 tcontext=u:object_r:sw_sync_device:s0 tclass=chr_file permissive=0
2026-03-30 20:21:11.697 25998-25998 gle.vp8.encoder         media.codec                          W  type=1400 audit(0.0:263945): avc: denied { getattr } for path="/dev/sw_sync" dev="tmpfs" ino=236 scontext=u:r:mediacodec:s0 tcontext=u:object_r:sw_sync_device:s0 tclass=chr_file permissive=0
2026-03-30 20:21:11.757 25998-25998 gle.vp8.encoder         media.codec                          W  type=1400 audit(0.0:263946): avc: denied { getattr } for path="/dev/sw_sync" dev="tmpfs" ino=236 scontext=u:r:mediacodec:s0 tcontext=u:object_r:sw_sync_device:s0 tclass=chr_file permissive=0
2026-03-30 20:21:11.834 25998-25998 gle.vp8.encoder         media.codec                          W  type=1400 audit(0.0:263947): avc: denied { getattr } for path="/dev/sw_sync" dev="tmpfs" ino=236 scontext=u:r:mediacodec:s0 tcontext=u:object_r:sw_sync_device:s0 tclass=chr_file permissive=0
2026-03-30 20:21:11.937 25998-25998 gle.vp8.encoder         media.codec                          W  type=1400 audit(0.0:263948): avc: denied { getattr } for path="/dev/sw_sync" dev="tmpfs" ino=236 scontext=u:r:mediacodec:s0 tcontext=u:object_r:sw_sync_device:s0 tclass=chr_file permissive=0
2026-03-30 20:21:12.037 25998-25998 gle.vp8.encoder         media.codec                          W  type=1400 audit(0.0:263949): avc: denied { getattr } for path="/dev/sw_sync" dev="tmpfs" ino=236 scontext=u:r:mediacodec:s0 tcontext=u:object_r:sw_sync_device:s0 tclass=chr_file permissive=0
2026-03-30 20:21:12.061 25998-25998 gle.vp8.encoder         media.codec                          W  type=1400 audit(0.0:263950): avc: denied { getattr } for path="/dev/sw_sync" dev="tmpfs" ino=236 scontext=u:r:mediacodec:s0 tcontext=u:object_r:sw_sync_device:s0 tclass=chr_file permissive=0
2026-03-30 20:21:12.101 12086-12086 [PTT-DIAG]              com.reedersystems.commandcomms       D  MainActivity PTT UP — forwarding to BackgroundAudioService (signaling=true)
2026-03-30 20:21:12.137 25998-25998 gle.vp8.encoder         media.codec                          W  type=1400 audit(0.0:263951): avc: denied { getattr } for path="/dev/sw_sync" dev="tmpfs" ino=236 scontext=u:r:mediacodec:s0 tcontext=u:object_r:sw_sync_device:s0 tclass=chr_file permissive=0
2026-03-30 20:21:12.197 25998-25998 gle.vp8.encoder         media.codec                          W  type=1400 audit(0.0:263952): avc: denied { getattr } for path="/dev/sw_sync" dev="tmpfs" ino=236 scontext=u:r:mediacodec:s0 tcontext=u:object_r:sw_sync_device:s0 tclass=chr_file permissive=0
2026-03-30 20:21:12.205 26078-13805 AudioALSAStreamIn       and...re.audio@2.0-service-mediatek  D  removeAudioEffect(), 0xad28fe00
2026-03-30 20:21:12.205 26078-13805 AudioALSAStreamIn       and...re.audio@2.0-service-mediatek  D  removeAudioEffect(), effect name:Automatic Gain Control, BackupCount=3
2026-03-30 20:21:12.208 26078-13805 AudioALSAStreamIn       and...re.audio@2.0-service-mediatek  D  removeAudioEffect() found fx at index 2, 0xad28fe00
2026-03-30 20:21:12.208 26078-13805 AudioALSAStreamIn       and...re.audio@2.0-service-mediatek  D  removeAudioEffect()-
2026-03-30 20:21:12.209 26078-13805 AudioALSAStreamIn       and...re.audio@2.0-service-mediatek  D  removeAudioEffect(), 0xad28fe00
2026-03-30 20:21:12.209 26078-13805 AudioALSAStreamIn       and...re.audio@2.0-service-mediatek  D  removeAudioEffect(), effect name:Automatic Gain Control, BackupCount=2
2026-03-30 20:21:12.209 26078-13805 AudioALSAStreamIn       and...re.audio@2.0-service-mediatek  D  removeAudioEffect() no effect found in backup queue
2026-03-30 20:21:12.218 12086-12810 AudioRecord             com.reedersystems.commandcomms       D  stop: 0x86eea000
2026-03-30 20:21:12.220 26078-13204 AudioALSAC...DataClient and...re.audio@2.0-service-mediatek  D  +CheckNativeEffect() 2
2026-03-30 20:21:12.220 26078-13204 AudioPreProcess         and...re.audio@2.0-service-mediatek  D  CheckNativeEffect()+ 3 using
2026-03-30 20:21:12.220 26078-13204 AudioPreProcess         and...re.audio@2.0-service-mediatek  D  PreProcessEffect_Count 2
2026-03-30 20:21:12.220 26078-13204 AudioPreProcess         and...re.audio@2.0-service-mediatek  D  CheckNativeEffect(), find effect need remove
2026-03-30 20:21:12.220 26078-13204 AudioPreProcess         and...re.audio@2.0-service-mediatek  D  removeAudioEffect()+ 0xad28fe00
2026-03-30 20:21:12.220 26078-13204 AudioPreProcess         and...re.audio@2.0-service-mediatek  D  removeAudioEffect() found fx at index 2
2026-03-30 20:21:12.220 26078-13204 AudioPreProcess         and...re.audio@2.0-service-mediatek  D  removeAudioEffect()-, RetStatus=0
2026-03-30 20:21:12.220 26078-13204 AudioPreProcess         and...re.audio@2.0-service-mediatek  D  CheckNativeEffect()-
2026-03-30 20:21:12.220 26078-13204 AudioALSAC...DataClient and...re.audio@2.0-service-mediatek  D  -CheckNativeEffect()
2026-03-30 20:21:12.222 26078-26142 AudioALSAStreamIn       and...re.audio@2.0-service-mediatek  D  +standby()
2026-03-30 20:21:12.222 26078-26142 AudioALSAStreamIn       and...re.audio@2.0-service-mediatek  D  standby(), keep the mStandbyFrameCount = 38400, ret = 0
2026-03-30 20:21:12.222 26078-26142 AudioALSAStreamIn       and...re.audio@2.0-service-mediatek  D  close()
2026-03-30 20:21:12.222 26078-26142 AudioALSAC...HandlerAEC and...re.audio@2.0-service-mediatek  D  +close()
2026-03-30 20:21:12.222 26078-26142 AudioALSAC...DataClient and...re.audio@2.0-service-mediatek  D  ~AudioALSACaptureDataClient()
2026-03-30 20:21:12.222 26078-26142 AudioALSAC...DataClient and...re.audio@2.0-service-mediatek  D  ~AudioALSACaptureDataClient(), remove EchoRef data provider,mCaptureDataProviderEchoRef=0xad31e900
2026-03-30 20:21:12.222 26078-26142 AudioALSAC...oviderBase and...re.audio@2.0-service-mediatek  D  detach(), 0xad31e900, mCaptureDataClientVector.size()=1, Identity=0xae77d980
2026-03-30 20:21:12.222 26078-26142 AudioALSAC...derEchoRef and...re.audio@2.0-service-mediatek  D  close()
2026-03-30 20:21:12.225 26078-13207 AudioALSAC...derEchoRef and...re.audio@2.0-service-mediatek  D  -readThread(), pid: 26078, tid: 13207
2026-03-30 20:21:12.225 26078-26142 AudioALSAC...derEchoRef and...re.audio@2.0-service-mediatek  D  pthread_join hReadThread done
2026-03-30 20:21:12.227 26078-26142 MtkAudioSrc             and...re.audio@2.0-service-mediatek  D  close(), mState = 1
2026-03-30 20:21:12.227 26078-26142 AudioALSAC...oviderBase and...re.audio@2.0-service-mediatek  D  detach(), 0xad31df00, mCaptureDataClientVector.size()=1, Identity=0xae77d980
2026-03-30 20:21:12.227 26078-26142 AudioALSAH...rceManager and...re.audio@2.0-service-mediatek  D  +stopInputDevice(), mInputDevice = 0x80000004, stop_device = 0x80000004, mStartInputDeviceCount = 1, mMicInverse = 0, mNumPhoneMicSupport = 2
2026-03-30 20:21:12.227 26078-26142 AudioUtility            and...re.audio@2.0-service-mediatek  D  IsAudioSupportFeature AUDIO_SUPPORT_DMIC bSupportFlg[0]
2026-03-30 20:21:12.227 26078-26142 AudioALSAD...figManager and...re.audio@2.0-service-mediatek  D  ApplyDeviceSettingByName() DeviceName = Mic1TypeACCMode descriptor->DeviceStatusCounter = 0
2026-03-30 20:21:12.227 26078-26142 AudioALSAD...figManager and...re.audio@2.0-service-mediatek  D  ApplyDeviceSettingByName() DeviceName = Mic2TypeACCMode descriptor->DeviceStatusCounter = 0
2026-03-30 20:21:12.227 26078-26142 AudioALSAD...figManager and...re.audio@2.0-service-mediatek  D  ApplyDeviceTurnoffSequenceByName(), DeviceName = builtin_Mic_DualMic descriptor->DeviceStatusCounter = 1
2026-03-30 20:21:12.227 26078-26142 AudioALSAC...iderNormal and...re.audio@2.0-service-mediatek  D  close()
2026-03-30 20:21:12.248 26078-13206 AudioALSAC...iderNormal and...re.audio@2.0-service-mediatek  D  -readThread(), pid: 26078, tid: 13206
2026-03-30 20:21:12.248 26078-26142 AudioALSAC...iderNormal and...re.audio@2.0-service-mediatek  D  pthread_join hReadThread done
2026-03-30 20:21:12.249 26078-26142 AudioALSAC...iderNormal and...re.audio@2.0-service-mediatek  D  -close()
2026-03-30 20:21:12.250 26078-26142 AudioALSAC...DataClient and...re.audio@2.0-service-mediatek  D  +StopBesRecord()
2026-03-30 20:21:12.250 26078-26142 AudioSPELayer           and...re.audio@2.0-service-mediatek  D  Stop
2026-03-30 20:21:12.250 26078-26142 AudioSPELayer           and...re.audio@2.0-service-mediatek  D  Clear
2026-03-30 20:21:12.250 26078-26142 AudioSPELayer           and...re.audio@2.0-service-mediatek  D  free mSphCtrlBuffer 0xac4c5bc0
2026-03-30 20:21:12.250 26078-26142 AudioSPELayer           and...re.audio@2.0-service-mediatek  D  ~free mSphCtrlBuffer
2026-03-30 20:21:12.250 26078-26142 AudioSPELayer           and...re.audio@2.0-service-mediatek  D  ~Clear
2026-03-30 20:21:12.250 26078-26142 AudioALSAC...DataClient and...re.audio@2.0-service-mediatek  D  -StopBesRecord()
2026-03-30 20:21:12.250 26078-26142 MtkAudioSrc             and...re.audio@2.0-service-mediatek  D  close(), mState = 1
2026-03-30 20:21:12.250 26078-26142 MtkAudioSrc             and...re.audio@2.0-service-mediatek  D  close(), mState = 1
2026-03-30 20:21:12.250 26078-26142 AudioSPELayer           and...re.audio@2.0-service-mediatek  D  ~SPELayer+
2026-03-30 20:21:12.250 26078-26142 AudioSPELayer           and...re.audio@2.0-service-mediatek  D  Clear
2026-03-30 20:21:12.250 26078-26142 AudioSPELayer           and...re.audio@2.0-service-mediatek  D  ~Clear
2026-03-30 20:21:12.250 26078-26142 AudioSPELayer           and...re.audio@2.0-service-mediatek  D  FlushBufferQ+
2026-03-30 20:21:12.250 26078-26142 AudioSPELayer           and...re.audio@2.0-service-mediatek  D  FlushBufferQ mULOutBufferQ size=1,mULInBufferQ.size=1,mDLOutBufferQ.size()=0,mDLInBufferQ.size()=2,mDLDelayBufferQ.size()=2
2026-03-30 20:21:12.250 26078-26142 AudioSPELayer           and...re.audio@2.0-service-mediatek  D  mDLInBufferQ::pBufBase=0xad304ea0
2026-03-30 20:21:12.250 26078-26142 AudioSPELayer           and...re.audio@2.0-service-mediatek  D  mDLInBufferQ::done, free at DLDelay buffer
2026-03-30 20:21:12.250 26078-26142 AudioSPELayer           and...re.audio@2.0-service-mediatek  D  mDLInBufferQ::pBufBase=0xad304cc0
2026-03-30 20:21:12.250 26078-26142 AudioSPELayer           and...re.audio@2.0-service-mediatek  D  mDLInBufferQ::done, free at DLDelay buffer
2026-03-30 20:21:12.250 26078-26142 AudioSPELayer           and...re.audio@2.0-service-mediatek  D  mDLDelayBufferQ::pBufBase=0xad304ea0
2026-03-30 20:21:12.250 26078-26142 AudioSPELayer           and...re.audio@2.0-service-mediatek  D  mDLDelayBufferQ::free
2026-03-30 20:21:12.250 26078-26142 AudioSPELayer           and...re.audio@2.0-service-mediatek  D  mDLDelayBufferQ::delete
2026-03-30 20:21:12.250 26078-26142 AudioSPELayer           and...re.audio@2.0-service-mediatek  D  mDLDelayBufferQ::done
2026-03-30 20:21:12.251 26078-26142 AudioSPELayer           and...re.audio@2.0-service-mediatek  D  mDLDelayBufferQ::pBufBase=0xad304cc0
2026-03-30 20:21:12.251 26078-26142 AudioSPELayer           and...re.audio@2.0-service-mediatek  D  mDLDelayBufferQ::free
2026-03-30 20:21:12.251 26078-26142 AudioSPELayer           and...re.audio@2.0-service-mediatek  D  mDLDelayBufferQ::delete
2026-03-30 20:21:12.251 26078-26142 AudioSPELayer           and...re.audio@2.0-service-mediatek  D  mDLDelayBufferQ::done
2026-03-30 20:21:12.251 26078-26142 AudioSPELayer           and...re.audio@2.0-service-mediatek  D  FlushBufferQ-
2026-03-30 20:21:12.252 26078-26142 AudioSPELayer           and...re.audio@2.0-service-mediatek  D  ~SPELayer-
2026-03-30 20:21:12.252 26078-26142 AudioPreProcess         and...re.audio@2.0-service-mediatek  D  ~AudioPreProcess()+
2026-03-30 20:21:12.252 26078-26142 AudioPreProcess         and...re.audio@2.0-service-mediatek  D  stop_echo_reference()+
2026-03-30 20:21:12.252 26078-26142 AudioPreProcess         and...re.audio@2.0-service-mediatek  D  clear_echo_reference()+ 0xad1a2d80
2026-03-30 20:21:12.252 26078-26142 AudioPreProcess         and...re.audio@2.0-service-mediatek  D  remove_echo_reference()+ 0xad1a2d80
2026-03-30 20:21:12.252 26078-26142 AudioPreProcess         and...re.audio@2.0-service-mediatek  D  remove_echo_reference()-
2026-03-30 20:21:12.252 26078-26142 AudioPreProcess         and...re.audio@2.0-service-mediatek  D  clear_echo_reference()-
2026-03-30 20:21:12.252 26078-26142 AudioPreProcess         and...re.audio@2.0-service-mediatek  D  stop_echo_reference()-
2026-03-30 20:21:12.252 26078-26142 AudioPreProcess         and...re.audio@2.0-service-mediatek  D  ~AudioPreProcess()-
2026-03-30 20:21:12.252 26078-26142 AudioALSAC...DataClient and...re.audio@2.0-service-mediatek  D  -~AudioALSACaptureDataClient()
2026-03-30 20:21:12.252 26078-26142 AudioALSAC...HandlerAEC and...re.audio@2.0-service-mediatek  D  -close()
2026-03-30 20:21:12.252 26078-26142 AudioALSAC...HandlerAEC and...re.audio@2.0-service-mediatek  D  ~AudioALSACaptureHandlerAEC()
2026-03-30 20:21:12.252 26078-26142 AudioALSAC...andlerBase and...re.audio@2.0-service-mediatek  D  ~AudioALSACaptureHandlerBase()
2026-03-30 20:21:12.252 26078-26142 AudioALSAStreamManager  and...re.audio@2.0-service-mediatek  D  -destroyCaptureHandler(), mCaptureHandlerVector.size() = 0
2026-03-30 20:21:12.252 26078-26142 AudioALSAStreamIn       and...re.audio@2.0-service-mediatek  D  -standby()
2026-03-30 20:21:12.252 26072-30902 APM_AudioPolicyManager  audioserver                          D  stopInput() input 366
2026-03-30 20:21:12.254 26078-13805 AudioALSAHardware       and...re.audio@2.0-service-mediatek  D  -releaseAudioPatch handle [0x2d]
2026-03-30 20:21:12.254 26078-13805 AudioALSAHardware       and...re.audio@2.0-service-mediatek  D  +routing releaseAudioPatch 80000004->Mixer
2026-03-30 20:21:12.254 26078-13805 AudioALSAStreamManager  and...re.audio@2.0-service-mediatek  D  +setParameters(), IOport = 366, keyValuePairs = routing=0
2026-03-30 20:21:12.254 26078-13805 AudioALSAStreamIn       and...re.audio@2.0-service-mediatek  D  +setParameters(): routing=0
2026-03-30 20:21:12.254 26078-13805 AudioALSAStreamManager  and...re.audio@2.0-service-mediatek  D  +routingInputDevice(), input_device: 0x80000004 => 0x0
2026-03-30 20:21:12.254 26078-13805 AudioALSAStreamManager  and...re.audio@2.0-service-mediatek  W  -routingInputDevice(), input_device == AUDIO_DEVICE_NONE(0x0), return
2026-03-30 20:21:12.254 26078-13805 AudioALSAStreamIn       and...re.audio@2.0-service-mediatek  D  -setParameters(): routing=0 
2026-03-30 20:21:12.254 26078-13805 AudioALSAHardware       and...re.audio@2.0-service-mediatek  D  handlecheck releaseAudioPatch remove handle [2d] OK
2026-03-30 20:21:12.254 26078-13805 AudioALSAHardware       and...re.audio@2.0-service-mediatek  D  -releaseAudioPatch handle [0x2d] status [0]
2026-03-30 20:21:12.258 12086-12810 AudioRecord             com.reedersystems.commandcomms       D  stop done
2026-03-30 20:21:12.258 12086-12810 AudioRecord             com.reedersystems.commandcomms       D  stop: 0x86eea000
2026-03-30 20:21:12.258 12086-12810 AudioRecord             com.reedersystems.commandcomms       D  stop: 0x86eea000
2026-03-30 20:21:12.257 25998-25998 gle.vp8.encoder         media.codec                          W  type=1400 audit(0.0:263953): avc: denied { getattr } for path="/dev/sw_sync" dev="tmpfs" ino=236 scontext=u:r:mediacodec:s0 tcontext=u:object_r:sw_sync_device:s0 tclass=chr_file permissive=0
2026-03-30 20:21:12.265 26078-26142 AudioALSAStreamIn       and...re.audio@2.0-service-mediatek  D  removeAudioEffect(), 0xae718d60
2026-03-30 20:21:12.265 26078-26142 AudioALSAStreamIn       and...re.audio@2.0-service-mediatek  D  removeAudioEffect(), effect name:Acoustic Echo Canceler, BackupCount=2
2026-03-30 20:21:12.265 26078-26142 AudioALSAStreamIn       and...re.audio@2.0-service-mediatek  D  removeAudioEffect() found fx at index 0, 0xae718d60
2026-03-30 20:21:12.265 26078-26142 AudioALSAStreamIn       and...re.audio@2.0-service-mediatek  D  removeAudioEffect() moving fx from 1 to 0
2026-03-30 20:21:12.265 26078-26142 AudioALSAStreamIn       and...re.audio@2.0-service-mediatek  D  removeAudioEffect()-
2026-03-30 20:21:12.269 26078-26142 AudioALSAStreamIn       and...re.audio@2.0-service-mediatek  D  removeAudioEffect(), 0xad28fdc0
2026-03-30 20:21:12.269 26078-26142 AudioALSAStreamIn       and...re.audio@2.0-service-mediatek  D  removeAudioEffect(), effect name:Noise Suppression, BackupCount=1
2026-03-30 20:21:12.270 26078-26142 AudioALSAStreamIn       and...re.audio@2.0-service-mediatek  D  removeAudioEffect() found fx at index 0, 0xad28fdc0
2026-03-30 20:21:12.270 26078-26142 AudioALSAStreamIn       and...re.audio@2.0-service-mediatek  D  removeAudioEffect()-
2026-03-30 20:21:12.271 26078-26142 AudioALSAStreamIn       and...re.audio@2.0-service-mediatek  D  removeAudioEffect(), 0xad28fdc0
2026-03-30 20:21:12.271 26078-26142 AudioALSAStreamIn       and...re.audio@2.0-service-mediatek  D  removeAudioEffect(), mPreProcessEffectBackupCount wrong
2026-03-30 20:21:12.291 26078-26078 AudioALSAStreamManager  and...re.audio@2.0-service-mediatek  D  +closeInputStream(), in = 0xae76aa00, size() = 1
2026-03-30 20:21:12.291 26078-26078 AudioALSAStreamIn       and...re.audio@2.0-service-mediatek  D  ~AudioALSAStreamIn()
2026-03-30 20:21:12.291 26078-26078 AudioALSAStreamManager  and...re.audio@2.0-service-mediatek  D  -closeInputStream(), mStreamInVector.size() = 0
2026-03-30 20:21:12.307 12086-12726 AudioTrack              com.reedersystems.commandcomms       D  set(): 0x8c54a480, streamType -1, sampleRate 44100, format 0x1, channelMask 0x1, frameCount 6615, flags #0, notificationFrames 0, sessionId 0, transferType 4, uid -1, pid -1
2026-03-30 20:21:12.307 12086-12726 AudioTrack              com.reedersystems.commandcomms       D  Building AudioTrack with attributes: usage = 3, content = 4, flags = 0x0, tags = []
2026-03-30 20:21:12.308 12086-12726 AudioTrack              com.reedersystems.commandcomms       D  set: Create AudioTrackThread, tid = 13215
2026-03-30 20:21:12.311 26072-26115 AudioFlinger            audioserver                          D  track(0xab4e9680): mIsOut 1, mFrameCount 6615, mSampleRate 44100, mFormat 1, mChannelCount 1, mTrackCount 241, thread 0xaac83140, sessionId 2321
2026-03-30 20:21:12.311 26072-26115 AudioFlinger            audioserver                          D  track(0xab4e9680): mFastIndex -1, mStreamType 8, mName 4099
2026-03-30 20:21:12.313 12086-12726 AudioTrack              com.reedersystems.commandcomms       D  createTrack_l: 0x8c54a480, mCblk = 0x847c50e0, mLatency = 202, mAfLatency = 52, frameCount = 6615, mSampleRate = 44100, mFlags = 0, mReqFrameCount = 6615, mNotificationFramesAct = 0
2026-03-30 20:21:12.322 12086-12726 AudioTrack              com.reedersystems.commandcomms       D  start(): 0x8c54a480, mState = 1
2026-03-30 20:21:12.323 26072-26115 APM_AudioPolicyManager  audioserver                          D  startOutput() output 13, stream 8, session 2321
2026-03-30 20:21:12.323 26072-26115 APM::Audio...Descriptor audioserver                          V  changeRefCount() stream 8, count 1
2026-03-30 20:21:12.357 25998-25998 gle.vp8.encoder         media.codec                          W  type=1400 audit(0.0:263954): avc: denied { getattr } for path="/dev/sw_sync" dev="tmpfs" ino=236 scontext=u:r:mediacodec:s0 tcontext=u:object_r:sw_sync_device:s0 tclass=chr_file permissive=0
2026-03-30 20:21:12.377 25998-25998 gle.vp8.encoder         media.codec                          W  type=1400 audit(0.0:263955): avc: denied { getattr } for path="/dev/sw_sync" dev="tmpfs" ino=236 scontext=u:r:mediacodec:s0 tcontext=u:object_r:sw_sync_device:s0 tclass=chr_file permissive=0
2026-03-30 20:21:12.461 25998-25998 gle.vp8.encoder         media.codec                          W  type=1400 audit(0.0:263956): avc: denied { getattr } for path="/dev/sw_sync" dev="tmpfs" ino=236 scontext=u:r:mediacodec:s0 tcontext=u:object_r:sw_sync_device:s0 tclass=chr_file permissive=0
2026-03-30 20:21:12.501 12086-12724 AudioTrack              com.reedersystems.commandcomms       D  stop(): 0x8c54a480, mState = 0
2026-03-30 20:21:12.502 12086-12724 AudioTrack              com.reedersystems.commandcomms       D  audiotrack 0x8c54a480 stop done
2026-03-30 20:21:12.503 12086-12724 AudioTrack              com.reedersystems.commandcomms       D  stop(): 0x8c54a480, mState = 1
2026-03-30 20:21:12.506 12086-12724 AudioTrack              com.reedersystems.commandcomms       D  ~AudioTrack(): 0x8c54a480
2026-03-30 20:21:12.506 12086-12724 AudioTrack              com.reedersystems.commandcomms       D  stop(): 0x8c54a480, mState = 1
2026-03-30 20:21:12.561 25998-25998 gle.vp8.encoder         media.codec                          W  type=1400 audit(0.0:263957): avc: denied { getattr } for path="/dev/sw_sync" dev="tmpfs" ino=236 scontext=u:r:mediacodec:s0 tcontext=u:object_r:sw_sync_device:s0 tclass=chr_file permissive=0
2026-03-30 20:21:12.568 26072-26112 APM_AudioPolicyManager  audioserver                          D  stopOutput() output 13, stream 8, session 2321
2026-03-30 20:21:12.568 26072-26112 APM::Audio...Descriptor audioserver                          V  changeRefCount() stream 8, count 0
2026-03-30 20:21:12.661 25998-25998 gle.vp8.encoder         media.codec                          W  type=1400 audit(0.0:263958): avc: denied { getattr } for path="/dev/sw_sync" dev="tmpfs" ino=236 scontext=u:r:mediacodec:s0 tcontext=u:object_r:sw_sync_device:s0 tclass=chr_file permissive=0
2026-03-30 20:21:12.761 25998-25998 gle.vp8.encoder         media.codec                          W  type=1400 audit(0.0:263959): avc: denied { getattr } for path="/dev/sw_sync" dev="tmpfs" ino=236 scontext=u:r:mediacodec:s0 tcontext=u:object_r:sw_sync_device:s0 tclass=chr_file permissive=0
2026-03-30 20:21:12.861 25998-25998 gle.vp8.encoder         media.codec                          W  type=1400 audit(0.0:263960): avc: denied { getattr } for path="/dev/sw_sync" dev="tmpfs" ino=236 scontext=u:r:mediacodec:s0 tcontext=u:object_r:sw_sync_device:s0 tclass=chr_file permissive=0
2026-03-30 20:21:12.964 25998-25998 gle.vp8.encoder         media.codec                          W  type=1400 audit(0.0:263961): avc: denied { getattr } for path="/dev/sw_sync" dev="tmpfs" ino=236 scontext=u:r:mediacodec:s0 tcontext=u:object_r:sw_sync_device:s0 tclass=chr_file permissive=0
2026-03-30 20:21:13.064 25998-25998 gle.vp8.encoder         media.codec                          W  type=1400 audit(0.0:263962): avc: denied { getattr } for path="/dev/sw_sync" dev="tmpfs" ino=236 scontext=u:r:mediacodec:s0 tcontext=u:object_r:sw_sync_device:s0 tclass=chr_file permissive=0
2026-03-30 20:21:13.164 25998-25998 gle.vp8.encoder         media.codec                          W  type=1400 audit(0.0:263963): avc: denied { getattr } for path="/dev/sw_sync" dev="tmpfs" ino=236 scontext=u:r:mediacodec:s0 tcontext=u:object_r:sw_sync_device:s0 tclass=chr_file permissive=0
2026-03-30 20:21:13.264 25998-25998 gle.vp8.encoder         media.codec                          W  type=1400 audit(0.0:263964): avc: denied { getattr } for path="/dev/sw_sync" dev="tmpfs" ino=236 scontext=u:r:mediacodec:s0 tcontext=u:object_r:sw_sync_device:s0 tclass=chr_file permissive=0
2026-03-30 20:21:13.364 25998-25998 gle.vp8.encoder         media.codec                          W  type=1400 audit(0.0:263965): avc: denied { getattr } for path="/dev/sw_sync" dev="tmpfs" ino=236 scontext=u:r:mediacodec:s0 tcontext=u:object_r:sw_sync_device:s0 tclass=chr_file permissive=0
2026-03-30 20:21:14.067 25998-25998 gle.vp8.encoder         media.codec                          W  type=1400 audit(0.0:263966): avc: denied { getattr } for path="/dev/sw_sync" dev="tmpfs" ino=236 scontext=u:r:mediacodec:s0 tcontext=u:object_r:sw_sync_device:s0 tclass=chr_file permissive=0
2026-03-30 20:21:14.167 25998-25998 gle.vp8.encoder         media.codec                          W  type=1400 audit(0.0:263967): avc: denied { getattr } for path="/dev/sw_sync" dev="tmpfs" ino=236 scontext=u:r:mediacodec:s0 tcontext=u:object_r:sw_sync_device:s0 tclass=chr_file permissive=0
2026-03-30 20:21:14.271 25998-25998 gle.vp8.encoder         media.codec                          W  type=1400 audit(0.0:263968): avc: denied { getattr } for path="/dev/sw_sync" dev="tmpfs" ino=236 scontext=u:r:mediacodec:s0 tcontext=u:object_r:sw_sync_device:s0 tclass=chr_file permissive=0
2026-03-30 20:21:14.371 25998-25998 gle.vp8.encoder         media.codec                          W  type=1400 audit(0.0:263969): avc: denied { getattr } for path="/dev/sw_sync" dev="tmpfs" ino=236 scontext=u:r:mediacodec:s0 tcontext=u:object_r:sw_sync_device:s0 tclass=chr_file permissive=0
2026-03-30 20:21:14.471 25998-25998 gle.vp8.encoder         media.codec                          W  type=1400 audit(0.0:263970): avc: denied { getattr } for path="/dev/sw_sync" dev="tmpfs" ino=236 scontext=u:r:mediacodec:s0 tcontext=u:object_r:sw_sync_device:s0 tclass=chr_file permissive=0
2026-03-30 20:21:14.571 25998-25998 gle.vp8.encoder         media.codec                          W  type=1400 audit(0.0:263971): avc: denied { getattr } for path="/dev/sw_sync" dev="tmpfs" ino=236 scontext=u:r:mediacodec:s0 tcontext=u:object_r:sw_sync_device:s0 tclass=chr_file permissive=0
2026-03-30 20:21:14.671 25998-25998 gle.vp8.encoder         media.codec                          W  type=1400 audit(0.0:263972): avc: denied { getattr } for path="/dev/sw_sync" dev="tmpfs" ino=236 scontext=u:r:mediacodec:s0 tcontext=u:object_r:sw_sync_device:s0 tclass=chr_file permissive=0
2026-03-30 20:21:14.771 25998-25998 gle.vp8.encoder         media.codec                          W  type=1400 audit(0.0:263973): avc: denied { getattr } for path="/dev/sw_sync" dev="tmpfs" ino=236 scontext=u:r:mediacodec:s0 tcontext=u:object_r:sw_sync_device:s0 tclass=chr_file permissive=0
2026-03-30 20:21:14.871 25998-25998 gle.vp8.encoder         media.codec                          W  type=1400 audit(0.0:263974): avc: denied { getattr } for path="/dev/sw_sync" dev="tmpfs" ino=236 scontext=u:r:mediacodec:s0 tcontext=u:object_r:sw_sync_device:s0 tclass=chr_file permissive=0
2026-03-30 20:21:14.974 25998-25998 gle.vp8.encoder         media.codec                          W  type=1400 audit(0.0:263975): avc: denied { getattr } for path="/dev/sw_sync" dev="tmpfs" ino=236 scontext=u:r:mediacodec:s0 tcontext=u:object_r:sw_sync_device:s0 tclass=chr_file permissive=0
2026-03-30 20:21:15.067 25998-25998 gle.vp8.encoder         media.codec                          W  type=1400 audit(0.0:263976): avc: denied { getattr } for path="/dev/sw_sync" dev="tmpfs" ino=236 scontext=u:r:mediacodec:s0 tcontext=u:object_r:sw_sync_device:s0 tclass=chr_file permissive=0
2026-03-30 20:21:15.167 25998-25998 gle.vp8.encoder         media.codec                          W  type=1400 audit(0.0:263977): avc: denied { getattr } for path="/dev/sw_sync" dev="tmpfs" ino=236 scontext=u:r:mediacodec:s0 tcontext=u:object_r:sw_sync_device:s0 tclass=chr_file permissive=0
2026-03-30 20:21:15.267 25998-25998 gle.vp8.encoder         media.codec                          W  type=1400 audit(0.0:263978): avc: denied { getattr } for path="/dev/sw_sync" dev="tmpfs" ino=236 scontext=u:r:mediacodec:s0 tcontext=u:object_r:sw_sync_device:s0 tclass=chr_file permissive=0
2026-03-30 20:21:15.367 25998-25998 gle.vp8.encoder         media.codec                          W  type=1400 audit(0.0:263979): avc: denied { getattr } for path="/dev/sw_sync" dev="tmpfs" ino=236 scontext=u:r:mediacodec:s0 tcontext=u:object_r:sw_sync_device:s0 tclass=chr_file permissive=0
2026-03-30 20:21:15.467 25998-25998 gle.vp8.encoder         media.codec                          W  type=1400 audit(0.0:263980): avc: denied { getattr } for path="/dev/sw_sync" dev="tmpfs" ino=236 scontext=u:r:mediacodec:s0 tcontext=u:object_r:sw_sync_device:s0 tclass=chr_file permissive=0
2026-03-30 20:21:15.485 26078-26142 AudioALSAStreamOut      and...re.audio@2.0-service-mediatek  D  standby(), flag 6
2026-03-30 20:21:15.485 26078-26142 AudioALSAStreamOut      and...re.audio@2.0-service-mediatek  D  standbyStreamOut(), flag 6
2026-03-30 20:21:15.485 26078-26142 AudioALSAStreamOut      and...re.audio@2.0-service-mediatek  D  close(), flags 6, mMixerOutInUse 0
2026-03-30 20:21:15.485 26078-26142 AudioALSAP...dlerNormal and...re.audio@2.0-service-mediatek  D  +close(), flag 6, mDevice = 0x2
2026-03-30 20:21:15.485 26078-26142 AudioVoiceUIDL          and...re.audio@2.0-service-mediatek  D  [SetInputStandBy] ReadRefFromRing to exit? (0) 
2026-03-30 20:21:15.485 26078-26142 AudioALSAH...rceManager and...re.audio@2.0-service-mediatek  D  +stopOutputDevice(), mOutputDevices = 0x2, mStartOutputDevicesCount = 1
2026-03-30 20:21:15.486 26078-26142 AudioALSAD...figManager and...re.audio@2.0-service-mediatek  D  ApplyDeviceTurnoffSequenceByName(), DeviceName = ext_speaker_output descriptor->DeviceStatusCounter = 1
2026-03-30 20:21:15.486 26078-26142 AudioALSAD...figManager and...re.audio@2.0-service-mediatek  D  ApplyDeviceTurnoffSequenceByName(), DeviceName = speaker_output descriptor->DeviceStatusCounter = 1
2026-03-30 20:21:15.486 26078-26142 AudioALSADriverUtility  and...re.audio@2.0-service-mediatek  D  GetPropertyValue key = af.resouce.extdac_support value = 0
2026-03-30 20:21:15.486 26078-26142 AudioALSAP...andlerBase and...re.audio@2.0-service-mediatek  D  closePcmDriver(), mPcm = 0xae728c40
2026-03-30 20:21:15.487 26078-26142 AudioALSADriverUtility  and...re.audio@2.0-service-mediatek  D  GetPropertyValue key = af.resouce.extdac_support value = 0
2026-03-30 20:21:15.487 26078-26142 AudioALSAP...dlerNormal and...re.audio@2.0-service-mediatek  D  SetLowJitterMode(), bypass low jitter mode, bEnable = 0, device = 0x2, SampleRate = 48000
2026-03-30 20:21:15.487 26078-26142 MtkAudioBitConverter    and...re.audio@2.0-service-mediatek  D  +close()
2026-03-30 20:21:15.487 26078-26142 AudioALSAP...andlerBase and...re.audio@2.0-service-mediatek  D  DeinitDataPending
2026-03-30 20:21:15.487 26078-26142 AudioALSAP...dlerNormal and...re.audio@2.0-service-mediatek  D  -close()
2026-03-30 20:21:15.487 26078-26142 AudioALSAStreamManager  and...re.audio@2.0-service-mediatek  D  -destroyPlaybackHandler(), mode = 0, pPlaybackHandler = 0xad112300, mPlaybackHandlerVector.size() = 0
2026-03-30 20:21:15.487 26078-26142 AudioALSAStreamOut      and...re.audio@2.0-service-mediatek  D  setMuteForRouting(), mute 0, flags 6
2026-03-30 20:21:15.488 26078-26142 AudioUtility            and...re.audio@2.0-service-mediatek  D  power_hal_hint - custPowerHint 0, data 0
2026-03-30 20:21:15.571 25998-25998 gle.vp8.encoder         media.codec                          W  type=1400 audit(0.0:263981): avc: denied { getattr } for path="/dev/sw_sync" dev="tmpfs" ino=236 scontext=u:r:mediacodec:s0 tcontext=u:object_r:sw_sync_device:s0 tclass=chr_file permissive=0
2026-03-30 20:21:15.671 25998-25998 gle.vp8.encoder         media.codec                          W  type=1400 audit(0.0:263982): avc: denied { getattr } for path="/dev/sw_sync" dev="tmpfs" ino=236 scontext=u:r:mediacodec:s0 tcontext=u:object_r:sw_sync_device:s0 tclass=chr_file permissive=0
2026-03-30 20:21:15.771 25998-25998 gle.vp8.encoder         media.codec                          W  type=1400 audit(0.0:263983): avc: denied { getattr } for path="/dev/sw_sync" dev="tmpfs" ino=236 scontext=u:r:mediacodec:s0 tcontext=u:object_r:sw_sync_device:s0 tclass=chr_file permissive=0
2026-03-30 20:21:15.871 25998-25998 gle.vp8.encoder         media.codec                          W  type=1400 audit(0.0:263984): avc: denied { getattr } for path="/dev/sw_sync" dev="tmpfs" ino=236 scontext=u:r:mediacodec:s0 tcontext=u:object_r:sw_sync_device:s0 tclass=chr_file permissive=0
2026-03-30 20:21:15.971 25998-25998 gle.vp8.encoder         media.codec                          W  type=1400 audit(0.0:263985): avc: denied { getattr } for path="/dev/sw_sync" dev="tmpfs" ino=236 scontext=u:r:mediacodec:s0 tcontext=u:object_r:sw_sync_device:s0 tclass=chr_file permissive=0
2026-03-30 20:21:16.064 25998-25998 gle.vp8.encoder         media.codec                          W  type=1400 audit(0.0:263986): avc: denied { getattr } for path="/dev/sw_sync" dev="tmpfs" ino=236 scontext=u:r:mediacodec:s0 tcontext=u:object_r:sw_sync_device:s0 tclass=chr_file permissive=0
2026-03-30 20:21:16.167 25998-25998 gle.vp8.encoder         media.codec                          W  type=1400 audit(0.0:263987): avc: denied { getattr } for path="/dev/sw_sync" dev="tmpfs" ino=236 scontext=u:r:mediacodec:s0 tcontext=u:object_r:sw_sync_device:s0 tclass=chr_file permissive=0
2026-03-30 20:21:16.267 25998-25998 gle.vp8.encoder         media.codec                          W  type=1400 audit(0.0:263988): avc: denied { getattr } for path="/dev/sw_sync" dev="tmpfs" ino=236 scontext=u:r:mediacodec:s0 tcontext=u:object_r:sw_sync_device:s0 tclass=chr_file permissive=0
2026-03-30 20:21:16.367 25998-25998 gle.vp8.encoder         media.codec                          W  type=1400 audit(0.0:263989): avc: denied { getattr } for path="/dev/sw_sync" dev="tmpfs" ino=236 scontext=u:r:mediacodec:s0 tcontext=u:object_r:sw_sync_device:s0 tclass=chr_file permissive=0
2026-03-30 20:21:16.467 25998-25998 gle.vp8.encoder         media.codec                          W  type=1400 audit(0.0:263990): avc: denied { getattr } for path="/dev/sw_sync" dev="tmpfs" ino=236 scontext=u:r:mediacodec:s0 tcontext=u:object_r:sw_sync_device:s0 tclass=chr_file permissive=0
2026-03-30 20:21:16.567 25998-25998 gle.vp8.encoder         media.codec                          W  type=1400 audit(0.0:263991): avc: denied { getattr } for path="/dev/sw_sync" dev="tmpfs" ino=236 scontext=u:r:mediacodec:s0 tcontext=u:object_r:sw_sync_device:s0 tclass=chr_file permissive=0
2026-03-30 20:21:16.667 25998-25998 gle.vp8.encoder         media.codec                          W  type=1400 audit(0.0:263992): avc: denied { getattr } for path="/dev/sw_sync" dev="tmpfs" ino=236 scontext=u:r:mediacodec:s0 tcontext=u:object_r:sw_sync_device:s0 tclass=chr_file permissive=0
2026-03-30 20:21:16.767 25998-25998 gle.vp8.encoder         media.codec                          W  type=1400 audit(0.0:263993): avc: denied { getattr } for path="/dev/sw_sync" dev="tmpfs" ino=236 scontext=u:r:mediacodec:s0 tcontext=u:object_r:sw_sync_device:s0 tclass=chr_file permissive=0
2026-03-30 20:21:16.871 25998-25998 gle.vp8.encoder         media.codec                          W  type=1400 audit(0.0:263994): avc: denied { getattr } for path="/dev/sw_sync" dev="tmpfs" ino=236 scontext=u:r:mediacodec:s0 tcontext=u:object_r:sw_sync_device:s0 tclass=chr_file permissive=0
2026-03-30 20:21:16.971 25998-25998 gle.vp8.encoder         media.codec                          W  type=1400 audit(0.0:263995): avc: denied { getattr } for path="/dev/sw_sync" dev="tmpfs" ino=236 scontext=u:r:mediacodec:s0 tcontext=u:object_r:sw_sync_device:s0 tclass=chr_file permissive=0
2026-03-30 20:21:17.071 25998-25998 gle.vp8.encoder         media.codec                          W  type=1400 audit(0.0:263996): avc: denied { getattr } for path="/dev/sw_sync" dev="tmpfs" ino=236 scontext=u:r:mediacodec:s0 tcontext=u:object_r:sw_sync_device:s0 tclass=chr_file permissive=0
2026-03-30 20:21:18.067 25998-25998 gle.vp8.encoder         media.codec                          W  type=1400 audit(0.0:263997): avc: denied { getattr } for path="/dev/sw_sync" dev="tmpfs" ino=236 scontext=u:r:mediacodec:s0 tcontext=u:object_r:sw_sync_device:s0 tclass=chr_file permissive=0
2026-03-30 20:21:18.167 25998-25998 gle.vp8.encoder         media.codec                          W  type=1400 audit(0.0:263998): avc: denied { getattr } for path="/dev/sw_sync" dev="tmpfs" ino=236 scontext=u:r:mediacodec:s0 tcontext=u:object_r:sw_sync_device:s0 tclass=chr_file permissive=0
2026-03-30 20:21:18.267 25998-25998 gle.vp8.encoder         media.codec                          W  type=1400 audit(0.0:263999): avc: denied { getattr } for path="/dev/sw_sync" dev="tmpfs" ino=236 scontext=u:r:mediacodec:s0 tcontext=u:object_r:sw_sync_device:s0 tclass=chr_file permissive=0
2026-03-30 20:21:18.367 25998-25998 gle.vp8.encoder         media.codec                          W  type=1400 audit(0.0:264000): avc: denied { getattr } for path="/dev/sw_sync" dev="tmpfs" ino=236 scontext=u:r:mediacodec:s0 tcontext=u:object_r:sw_sync_device:s0 tclass=chr_file permissive=0
2026-03-30 20:21:18.471 25998-25998 gle.vp8.encoder         media.codec                          W  type=1400 audit(0.0:264001): avc: denied { getattr } for path="/dev/sw_sync" dev="tmpfs" ino=236 scontext=u:r:mediacodec:s0 tcontext=u:object_r:sw_sync_device:s0 tclass=chr_file permissive=0
2026-03-30 20:21:18.571 25998-25998 gle.vp8.encoder         media.codec                          W  type=1400 audit(0.0:264002): avc: denied { getattr } for path="/dev/sw_sync" dev="tmpfs" ino=236 scontext=u:r:mediacodec:s0 tcontext=u:object_r:sw_sync_device:s0 tclass=chr_file permissive=0
2026-03-30 20:21:18.671 25998-25998 gle.vp8.encoder         media.codec                          W  type=1400 audit(0.0:264003): avc: denied { getattr } for path="/dev/sw_sync" dev="tmpfs" ino=236 scontext=u:r:mediacodec:s0 tcontext=u:object_r:sw_sync_device:s0 tclass=chr_file permissive=0
2026-03-30 20:21:18.771 25998-25998 gle.vp8.encoder         media.codec                          W  type=1400 audit(0.0:264004): avc: denied { getattr } for path="/dev/sw_sync" dev="tmpfs" ino=236 scontext=u:r:mediacodec:s0 tcontext=u:object_r:sw_sync_device:s0 tclass=chr_file permissive=0
2026-03-30 20:21:18.871 25998-25998 gle.vp8.encoder         media.codec                          W  type=1400 audit(0.0:264005): avc: denied { getattr } for path="/dev/sw_sync" dev="tmpfs" ino=236 scontext=u:r:mediacodec:s0 tcontext=u:object_r:sw_sync_device:s0 tclass=chr_file permissive=0
2026-03-30 20:21:18.971 25998-25998 gle.vp8.encoder         media.codec                          W  type=1400 audit(0.0:264006): avc: denied { getattr } for path="/dev/sw_sync" dev="tmpfs" ino=236 scontext=u:r:mediacodec:s0 tcontext=u:object_r:sw_sync_device:s0 tclass=chr_file permissive=0
2026-03-30 20:21:19.067 25998-25998 gle.vp8.encoder         media.codec                          W  type=1400 audit(0.0:264007): avc: denied { getattr } for path="/dev/sw_sync" dev="tmpfs" ino=236 scontext=u:r:mediacodec:s0 tcontext=u:object_r:sw_sync_device:s0 tclass=chr_file permissive=0
2026-03-30 20:21:19.167 25998-25998 gle.vp8.encoder         media.codec                          W  type=1400 audit(0.0:264008): avc: denied { getattr } for path="/dev/sw_sync" dev="tmpfs" ino=236 scontext=u:r:mediacodec:s0 tcontext=u:object_r:sw_sync_device:s0 tclass=chr_file permissive=0
2026-03-30 20:21:19.267 25998-25998 gle.vp8.encoder         media.codec                          W  type=1400 audit(0.0:264009): avc: denied { getattr } for path="/dev/sw_sync" dev="tmpfs" ino=236 scontext=u:r:mediacodec:s0 tcontext=u:object_r:sw_sync_device:s0 tclass=chr_file permissive=0
2026-03-30 20:21:19.367 25998-25998 gle.vp8.encoder         media.codec                          W  type=1400 audit(0.0:264010): avc: denied { getattr } for path="/dev/sw_sync" dev="tmpfs" ino=236 scontext=u:r:mediacodec:s0 tcontext=u:object_r:sw_sync_device:s0 tclass=chr_file permissive=0
2026-03-30 20:21:19.467 25998-25998 gle.vp8.encoder         media.codec                          W  type=1400 audit(0.0:264011): avc: denied { getattr } for path="/dev/sw_sync" dev="tmpfs" ino=236 scontext=u:r:mediacodec:s0 tcontext=u:object_r:sw_sync_device:s0 tclass=chr_file permissive=0
2026-03-30 20:21:19.541 25998-25998 gle.vp8.encoder         media.codec                          W  type=1400 audit(0.0:264012): avc: denied { getattr } for path="/dev/sw_sync" dev="tmpfs" ino=236 scontext=u:r:mediacodec:s0 tcontext=u:object_r:sw_sync_device:s0 tclass=chr_file permissive=0
2026-03-30 20:21:19.571 25998-25998 gle.vp8.encoder         media.codec                          W  type=1400 audit(0.0:264013): avc: denied { getattr } for path="/dev/sw_sync" dev="tmpfs" ino=236 scontext=u:r:mediacodec:s0 tcontext=u:object_r:sw_sync_device:s0 tclass=chr_file permissive=0
2026-03-30 20:21:19.671 25998-25998 gle.vp8.encoder         media.codec                          W  type=1400 audit(0.0:264014): avc: denied { getattr } for path="/dev/sw_sync" dev="tmpfs" ino=236 scontext=u:r:mediacodec:s0 tcontext=u:object_r:sw_sync_device:s0 tclass=chr_file permissive=0
2026-03-30 20:21:19.771 25998-25998 gle.vp8.encoder         media.codec                          W  type=1400 audit(0.0:264015): avc: denied { getattr } for path="/dev/sw_sync" dev="tmpfs" ino=236 scontext=u:r:mediacodec:s0 tcontext=u:object_r:sw_sync_device:s0 tclass=chr_file permissive=0
2026-03-30 20:21:19.871 25998-25998 gle.vp8.encoder         media.codec                          W  type=1400 audit(0.0:264016): avc: denied { getattr } for path="/dev/sw_sync" dev="tmpfs" ino=236 scontext=u:r:mediacodec:s0 tcontext=u:object_r:sw_sync_device:s0 tclass=chr_file permissive=0
