2026-04-09 08:10:26.797   397-397   gle.vp8.encoder         media.codec                          W  type=1400 audit(0.0:53841): avc: denied { getattr } for path="/dev/sw_sync" dev="tmpfs" ino=266 scontext=u:r:mediacodec:s0 tcontext=u:object_r:sw_sync_device:s0 tclass=chr_file permissive=0
2026-04-09 08:10:26.813   365-434   HWComposer              surfaceflinger                       W  Ignoring duplicate VSYNC event from HWC (t=0)
2026-04-09 08:10:26.817   356-1663  NxpTml                  vendor.nxp.nxpnfc@1.0-service        E  _i2c_write() errno : 5
2026-04-09 08:10:26.817   356-1663  NxpTml                  vendor.nxp.nxpnfc@1.0-service        E  PN54X - Error in I2C Write.....
2026-04-09 08:10:26.817   356-1663  NxpTml                  vendor.nxp.nxpnfc@1.0-service        D  PN54X - Posting Fresh Write message.....
2026-04-09 08:10:26.817   356-1663  NxpTml                  vendor.nxp.nxpnfc@1.0-service        D  PN54X - Tml Writer Thread Running................
2026-04-09 08:10:26.817   356-1665  NxpHal                  vendor.nxp.nxpnfc@1.0-service        E  write error status = 0x1ff
2026-04-09 08:10:26.818   356-356   NxpHal                  vendor.nxp.nxpnfc@1.0-service        E  write_unlocked failed - PN54X Maybe in Standby Mode - Retry
2026-04-09 08:10:26.828   356-1663  NxpTml                  vendor.nxp.nxpnfc@1.0-service        D  PN54X - Write requested.....
2026-04-09 08:10:26.828   356-1663  NxpTml                  vendor.nxp.nxpnfc@1.0-service        D  PN54X - Invoking I2C Write.....
2026-04-09 08:10:26.837   365-434   HWComposer              surfaceflinger                       W  Ignoring duplicate VSYNC event from HWC (t=0)
2026-04-09 08:10:26.848   356-1663  NxpTml                  vendor.nxp.nxpnfc@1.0-service        E  _i2c_write() errno : 5
2026-04-09 08:10:26.848   356-1663  NxpTml                  vendor.nxp.nxpnfc@1.0-service        E  PN54X - Error in I2C Write.....
2026-04-09 08:10:26.848   356-1663  NxpTml                  vendor.nxp.nxpnfc@1.0-service        D  PN54X - Posting Fresh Write message.....
2026-04-09 08:10:26.848   356-1663  NxpTml                  vendor.nxp.nxpnfc@1.0-service        D  PN54X - Tml Writer Thread Running................
2026-04-09 08:10:26.848   356-1665  NxpHal                  vendor.nxp.nxpnfc@1.0-service        E  write error status = 0x1ff
2026-04-09 08:10:26.848   356-356   NxpHal                  vendor.nxp.nxpnfc@1.0-service        E  write_unlocked failed - PN54X Maybe in Standby Mode - Retry
2026-04-09 08:10:26.858   356-1663  NxpTml                  vendor.nxp.nxpnfc@1.0-service        D  PN54X - Write requested.....
2026-04-09 08:10:26.858   356-1663  NxpTml                  vendor.nxp.nxpnfc@1.0-service        D  PN54X - Invoking I2C Write.....
2026-04-09 08:10:26.860   365-434   HWComposer              surfaceflinger                       W  Ignoring duplicate VSYNC event from HWC (t=0)
2026-04-09 08:10:26.877   356-1663  NxpTml                  vendor.nxp.nxpnfc@1.0-service        E  _i2c_write() errno : 5
2026-04-09 08:10:26.877   356-1663  NxpTml                  vendor.nxp.nxpnfc@1.0-service        E  PN54X - Error in I2C Write.....
2026-04-09 08:10:26.877   356-1663  NxpTml                  vendor.nxp.nxpnfc@1.0-service        D  PN54X - Posting Fresh Write message.....
2026-04-09 08:10:26.878   356-1663  NxpTml                  vendor.nxp.nxpnfc@1.0-service        D  PN54X - Tml Writer Thread Running................
2026-04-09 08:10:26.878   356-1665  NxpHal                  vendor.nxp.nxpnfc@1.0-service        E  write error status = 0x1ff
2026-04-09 08:10:26.878   356-356   NxpHal                  vendor.nxp.nxpnfc@1.0-service        E  write_unlocked failed - PN54X Maybe in Standby Mode - Retry
2026-04-09 08:10:26.883   365-434   HWComposer              surfaceflinger                       W  Ignoring duplicate VSYNC event from HWC (t=0)
2026-04-09 08:10:26.888   356-1663  NxpTml                  vendor.nxp.nxpnfc@1.0-service        D  PN54X - Write requested.....
2026-04-09 08:10:26.888   356-1663  NxpTml                  vendor.nxp.nxpnfc@1.0-service        D  PN54X - Invoking I2C Write.....
2026-04-09 08:10:26.897   397-397   gle.vp8.encoder         media.codec                          W  type=1400 audit(0.0:53842): avc: denied { getattr } for path="/dev/sw_sync" dev="tmpfs" ino=266 scontext=u:r:mediacodec:s0 tcontext=u:object_r:sw_sync_device:s0 tclass=chr_file permissive=0
2026-04-09 08:10:26.907   365-434   HWComposer              surfaceflinger                       W  Ignoring duplicate VSYNC event from HWC (t=0)
2026-04-09 08:10:26.908   356-1663  NxpTml                  vendor.nxp.nxpnfc@1.0-service        E  _i2c_write() errno : 5
2026-04-09 08:10:26.908   356-1663  NxpTml                  vendor.nxp.nxpnfc@1.0-service        E  PN54X - Error in I2C Write.....
2026-04-09 08:10:26.908   356-1663  NxpTml                  vendor.nxp.nxpnfc@1.0-service        D  PN54X - Posting Fresh Write message.....
2026-04-09 08:10:26.908   356-1663  NxpTml                  vendor.nxp.nxpnfc@1.0-service        D  PN54X - Tml Writer Thread Running................
2026-04-09 08:10:26.908   356-1665  NxpHal                  vendor.nxp.nxpnfc@1.0-service        E  write error status = 0x1ff
2026-04-09 08:10:26.908   356-356   NxpHal                  vendor.nxp.nxpnfc@1.0-service        E  write_unlocked failed - PN54X Maybe in Standby Mode - Retry
2026-04-09 08:10:26.918   356-1663  NxpTml                  vendor.nxp.nxpnfc@1.0-service        D  PN54X - Write requested.....
2026-04-09 08:10:26.918   356-1663  NxpTml                  vendor.nxp.nxpnfc@1.0-service        D  PN54X - Invoking I2C Write.....
2026-04-09 08:10:26.930   365-434   HWComposer              surfaceflinger                       W  Ignoring duplicate VSYNC event from HWC (t=0)
2026-04-09 08:10:26.937   356-1663  NxpTml                  vendor.nxp.nxpnfc@1.0-service        E  _i2c_write() errno : 5
2026-04-09 08:10:26.937   356-1663  NxpTml                  vendor.nxp.nxpnfc@1.0-service        E  PN54X - Error in I2C Write.....
2026-04-09 08:10:26.937   356-1663  NxpTml                  vendor.nxp.nxpnfc@1.0-service        D  PN54X - Posting Fresh Write message.....
2026-04-09 08:10:26.938   356-1663  NxpTml                  vendor.nxp.nxpnfc@1.0-service        D  PN54X - Tml Writer Thread Running................
2026-04-09 08:10:26.938   356-1665  NxpHal                  vendor.nxp.nxpnfc@1.0-service        E  write error status = 0x1ff
2026-04-09 08:10:26.938   356-356   NxpHal                  vendor.nxp.nxpnfc@1.0-service        E  write_unlocked failed - PN54X Maybe in Standby Mode - Retry
2026-04-09 08:10:26.948   356-1663  NxpTml                  vendor.nxp.nxpnfc@1.0-service        D  PN54X - Write requested.....
2026-04-09 08:10:26.948   356-1663  NxpTml                  vendor.nxp.nxpnfc@1.0-service        D  PN54X - Invoking I2C Write.....
2026-04-09 08:10:26.955   365-434   HWComposer              surfaceflinger                       W  Ignoring duplicate VSYNC event from HWC (t=0)
2026-04-09 08:10:26.967   356-1663  NxpTml                  vendor.nxp.nxpnfc@1.0-service        E  _i2c_write() errno : 5
2026-04-09 08:10:26.967   356-1663  NxpTml                  vendor.nxp.nxpnfc@1.0-service        E  PN54X - Error in I2C Write.....
2026-04-09 08:10:26.967   356-1663  NxpTml                  vendor.nxp.nxpnfc@1.0-service        D  PN54X - Posting Fresh Write message.....
2026-04-09 08:10:26.967   356-1663  NxpTml                  vendor.nxp.nxpnfc@1.0-service        D  PN54X - Tml Writer Thread Running................
2026-04-09 08:10:26.968   356-1665  NxpHal                  vendor.nxp.nxpnfc@1.0-service        E  write error status = 0x1ff
2026-04-09 08:10:26.968   356-356   NxpHal                  vendor.nxp.nxpnfc@1.0-service        E  write_unlocked failed - PN54X Maybe in Standby Mode (max count = 0x6)
2026-04-09 08:10:26.968   356-356   NxpTml                  vendor.nxp.nxpnfc@1.0-service        D  phTmlNfc_i2c_reset(), VEN level 0
2026-04-09 08:10:26.977   365-434   HWComposer              surfaceflinger                       W  Ignoring duplicate VSYNC event from HWC (t=0)
2026-04-09 08:10:27.000   365-434   HWComposer              surfaceflinger                       W  Ignoring duplicate VSYNC event from HWC (t=0)
2026-04-09 08:10:26.997   397-397   gle.vp8.encoder         media.codec                          W  type=1400 audit(0.0:53843): avc: denied { getattr } for path="/dev/sw_sync" dev="tmpfs" ino=266 scontext=u:r:mediacodec:s0 tcontext=u:object_r:sw_sync_device:s0 tclass=chr_file permissive=0
2026-04-09 08:10:27.023   365-434   HWComposer              surfaceflinger                       W  Ignoring duplicate VSYNC event from HWC (t=0)
2026-04-09 08:10:27.030   356-356   NxpTml                  vendor.nxp.nxpnfc@1.0-service        D  phTmlNfc_i2c_reset(), VEN level 1
2026-04-09 08:10:27.047   365-434   HWComposer              surfaceflinger                       W  Ignoring duplicate VSYNC event from HWC (t=0)
2026-04-09 08:10:27.070   365-434   chatty                  surfaceflinger                       I  uid=1000(system) HwBinder:365_1 identical 1 line
2026-04-09 08:10:27.093   365-434   HWComposer              surfaceflinger                       W  Ignoring duplicate VSYNC event from HWC (t=0)
2026-04-09 08:10:27.097   397-397   gle.vp8.encoder         media.codec                          W  type=1400 audit(0.0:53844): avc: denied { getattr } for path="/dev/sw_sync" dev="tmpfs" ino=266 scontext=u:r:mediacodec:s0 tcontext=u:object_r:sw_sync_device:s0 tclass=chr_file permissive=0
2026-04-09 08:10:27.117   365-434   HWComposer              surfaceflinger                       W  Ignoring duplicate VSYNC event from HWC (t=0)
2026-04-09 08:10:27.140   365-434   HWComposer              surfaceflinger                       W  Ignoring duplicate VSYNC event from HWC (t=0)
2026-04-09 08:10:27.143   356-356   NxpHal                  vendor.nxp.nxpnfc@1.0-service        D  PN54X Reset - SUCCESS
2026-04-09 08:10:27.143   356-356   NxpHal                  vendor.nxp.nxpnfc@1.0-service        D  phNxpNciHal_write failed for hal ext
2026-04-09 08:10:27.143   356-356   NxpHal                  vendor.nxp.nxpnfc@1.0-service        E  NFCC not coming out from Standby
2026-04-09 08:10:27.143   356-356   NxpHal                  vendor.nxp.nxpnfc@1.0-service        E  Trying Force FW download
2026-04-09 08:10:27.143   356-356   NxpHal                  vendor.nxp.nxpnfc@1.0-service        D  Found Valid Firmware Type
2026-04-09 08:10:27.143   356-356   NxpExtns                vendor.nxp.nxpnfc@1.0-service        D  find found NXP_SYS_CLK_SRC_SEL=(0x2)
2026-04-09 08:10:27.143   356-356   NxpExtns                vendor.nxp.nxpnfc@1.0-service        D  find found NXP_SYS_CLK_FREQ_SEL=(0x4)
2026-04-09 08:10:27.144   356-356   NxpExtns                vendor.nxp.nxpnfc@1.0-service        D  find found NXP_SYS_CLOCK_TO_CFG=(0x1)
2026-04-09 08:10:27.144   356-356   NxpFwDnld               vendor.nxp.nxpnfc@1.0-service        D  gphNxpNciHal_fw_IoctlCtx.bClkSrcVal = 0x2
2026-04-09 08:10:27.144   356-356   NxpFwDnld               vendor.nxp.nxpnfc@1.0-service        D  gphNxpNciHal_fw_IoctlCtx.bClkFreqVal = 0x4
2026-04-09 08:10:27.144   356-356   NxpFwDnld               vendor.nxp.nxpnfc@1.0-service        D  gphNxpNciHal_fw_IoctlCtx.bClkFreqVal = 0x1
2026-04-09 08:10:27.144   356-356   NxpTml                  vendor.nxp.nxpnfc@1.0-service        D  phTmlNfc_i2c_reset(), VEN level 2
2026-04-09 08:10:27.163   365-434   HWComposer              surfaceflinger                       W  Ignoring duplicate VSYNC event from HWC (t=0)
2026-04-09 08:10:27.187   365-434   HWComposer              surfaceflinger                       W  Ignoring duplicate VSYNC event from HWC (t=0)
2026-04-09 08:10:27.197   397-397   gle.vp8.encoder         media.codec                          W  type=1400 audit(0.0:53845): avc: denied { getattr } for path="/dev/sw_sync" dev="tmpfs" ino=266 scontext=u:r:mediacodec:s0 tcontext=u:object_r:sw_sync_device:s0 tclass=chr_file permissive=0
2026-04-09 08:10:27.210   365-434   HWComposer              surfaceflinger                       W  Ignoring duplicate VSYNC event from HWC (t=0)
2026-04-09 08:10:27.233   365-434   HWComposer              surfaceflinger                       W  Ignoring duplicate VSYNC event from HWC (t=0)
2026-04-09 08:10:27.238   365-713   SurfaceFlinger          surfaceflinger                       I  Adjust vsync offset: 0
2026-04-09 08:10:27.257   365-434   HWComposer              surfaceflinger                       W  Ignoring duplicate VSYNC event from HWC (t=0)
2026-04-09 08:10:27.280   365-434   HWComposer              surfaceflinger                       W  Ignoring duplicate VSYNC event from HWC (t=0)
2026-04-09 08:10:27.297   397-397   gle.vp8.encoder         media.codec                          W  type=1400 audit(0.0:53846): avc: denied { getattr } for path="/dev/sw_sync" dev="tmpfs" ino=266 scontext=u:r:mediacodec:s0 tcontext=u:object_r:sw_sync_device:s0 tclass=chr_file permissive=0
2026-04-09 08:10:27.303   365-434   HWComposer              surfaceflinger                       W  Ignoring duplicate VSYNC event from HWC (t=0)
2026-04-09 08:10:27.323   356-356   NxpFwDnld               vendor.nxp.nxpnfc@1.0-service        D  Allocating Mem for Dnld Context..
2026-04-09 08:10:27.323   356-356   NxpHal                  vendor.nxp.nxpnfc@1.0-service        D  Calling Seq handler for FW Download 
2026-04-09 08:10:27.323   356-356   NxpExtns                vendor.nxp.nxpnfc@1.0-service        D  find found NXP_FW_NAME=libpn553_fw.so
2026-04-09 08:10:27.324   356-356   NxpFwDnld               vendor.nxp.nxpnfc@1.0-service        D  @@@/system/vendor/firmware/libpn553_fw.so
2026-04-09 08:10:27.324   356-356   NxpFwDnld               vendor.nxp.nxpnfc@1.0-service        E  FW Image Length - ImageInfoLen 34358
2026-04-09 08:10:27.324   356-356   NxpFwDnld               vendor.nxp.nxpnfc@1.0-service        E  FW Image Info Pointer - pImageInfo 0xb0c622d0
2026-04-09 08:10:27.325   356-356   NxpFwDnld               vendor.nxp.nxpnfc@1.0-service        E  FW Major Version Num - 1
2026-04-09 08:10:27.325   356-356   NxpFwDnld               vendor.nxp.nxpnfc@1.0-service        E  FW Minor Version Num - 16
2026-04-09 08:10:27.325   356-356   NxpFwDnld               vendor.nxp.nxpnfc@1.0-service        E  FW Image Length - 34358
2026-04-09 08:10:27.325   356-356   NxpFwDnld               vendor.nxp.nxpnfc@1.0-service        E  FW Image Info Pointer - 0xb0c622d0
2026-04-09 08:10:27.325   356-356   NxpFwDnld               vendor.nxp.nxpnfc@1.0-service        D  phDnldNfc_InitImgInfo:SUCCESS
2026-04-09 08:10:27.325   356-356   NxpFwDnld               vendor.nxp.nxpnfc@1.0-service        D  Processing R/W Sequence..
2026-04-09 08:10:27.325   356-356   NxpFwDnld               vendor.nxp.nxpnfc@1.0-service        D  Response Timer Created Successfully
2026-04-09 08:10:27.325   356-356   NxpFwDnld               vendor.nxp.nxpnfc@1.0-service        D  Inserting FrameId ..
2026-04-09 08:10:27.325   356-356   NxpFwDnld               vendor.nxp.nxpnfc@1.0-service        D  Frame created successfully
2026-04-09 08:10:27.325   356-356   NxpFwDnld               vendor.nxp.nxpnfc@1.0-service        D  Force Command Request submitted successfully
2026-04-09 08:10:27.325   356-1663  NxpTml                  vendor.nxp.nxpnfc@1.0-service        D  PN54X - Write requested.....
2026-04-09 08:10:27.325   356-1663  NxpTml                  vendor.nxp.nxpnfc@1.0-service        D  PN54X - Invoking I2C Write.....
2026-04-09 08:10:27.327   365-434   HWComposer              surfaceflinger                       W  Ignoring duplicate VSYNC event from HWC (t=0)
2026-04-09 08:10:27.344   356-1663  NxpTml                  vendor.nxp.nxpnfc@1.0-service        E  _i2c_write() errno : 5
2026-04-09 08:10:27.344   356-1663  NxpHal                  vendor.nxp.nxpnfc@1.0-service        E  PN54X - Error in I2C Write  - Retry 0x1
2026-04-09 08:10:27.350   365-434   HWComposer              surfaceflinger                       W  Ignoring duplicate VSYNC event from HWC (t=0)
2026-04-09 08:10:27.354   356-1663  NxpTml                  vendor.nxp.nxpnfc@1.0-service        D  PN54X - Invoking I2C Write.....
2026-04-09 08:10:27.373   365-434   HWComposer              surfaceflinger                       W  Ignoring duplicate VSYNC event from HWC (t=0)
2026-04-09 08:10:27.375   356-1663  NxpTml                  vendor.nxp.nxpnfc@1.0-service        E  _i2c_write() errno : 5
2026-04-09 08:10:27.375   356-1663  NxpHal                  vendor.nxp.nxpnfc@1.0-service        E  PN54X - Error in I2C Write  - Retry 0x2
2026-04-09 08:10:27.385   356-1663  NxpTml                  vendor.nxp.nxpnfc@1.0-service        D  PN54X - Invoking I2C Write.....
2026-04-09 08:10:27.400   365-434   HWComposer              surfaceflinger                       W  Ignoring duplicate VSYNC event from HWC (t=0)
2026-04-09 08:10:27.397   397-397   gle.vp8.encoder         media.codec                          W  type=1400 audit(0.0:53847): avc: denied { getattr } for path="/dev/sw_sync" dev="tmpfs" ino=266 scontext=u:r:mediacodec:s0 tcontext=u:object_r:sw_sync_device:s0 tclass=chr_file permissive=0
2026-04-09 08:10:27.404   356-1663  NxpTml                  vendor.nxp.nxpnfc@1.0-service        E  _i2c_write() errno : 5
2026-04-09 08:10:27.405   356-1663  NxpHal                  vendor.nxp.nxpnfc@1.0-service        E  PN54X - Error in I2C Write  - Retry 0x3
2026-04-09 08:10:27.415   356-1663  NxpTml                  vendor.nxp.nxpnfc@1.0-service        D  PN54X - Invoking I2C Write.....
2026-04-09 08:10:27.423   365-434   HWComposer              surfaceflinger                       W  Ignoring duplicate VSYNC event from HWC (t=0)
2026-04-09 08:10:27.434   356-1663  NxpTml                  vendor.nxp.nxpnfc@1.0-service        E  _i2c_write() errno : 5
2026-04-09 08:10:27.434   356-1663  NxpTml                  vendor.nxp.nxpnfc@1.0-service        E  PN54X - Error in I2C Write.....
2026-04-09 08:10:27.434   356-1663  NxpTml                  vendor.nxp.nxpnfc@1.0-service        D  PN54X - Posting Fresh Write message.....
2026-04-09 08:10:27.434   356-1663  NxpTml                  vendor.nxp.nxpnfc@1.0-service        D  PN54X - Tml Writer Thread Running................
2026-04-09 08:10:27.434   356-1665  NxpFwDnld               vendor.nxp.nxpnfc@1.0-service        E  Tml Write error!!
2026-04-09 08:10:27.434   356-1665  NxpFwDnld               vendor.nxp.nxpnfc@1.0-service        E  phNxpNciHal_fw_dnld_normal_cb - Request Failed!!
2026-04-09 08:10:27.435   356-356   NxpFwDnld               vendor.nxp.nxpnfc@1.0-service        D  Processing R/W Sequence..
2026-04-09 08:10:27.435   356-356   NxpFwDnld               vendor.nxp.nxpnfc@1.0-service        D  Response Timer Created Successfully
2026-04-09 08:10:27.435   356-356   NxpFwDnld               vendor.nxp.nxpnfc@1.0-service        D  Inserting FrameId ..
2026-04-09 08:10:27.435   356-356   NxpFwDnld               vendor.nxp.nxpnfc@1.0-service        D  Frame created successfully
2026-04-09 08:10:27.435   356-356   NxpFwDnld               vendor.nxp.nxpnfc@1.0-service        D  Force Command Request submitted successfully
2026-04-09 08:10:27.435   356-1663  NxpTml                  vendor.nxp.nxpnfc@1.0-service        D  PN54X - Write requested.....
2026-04-09 08:10:27.435   356-1663  NxpTml                  vendor.nxp.nxpnfc@1.0-service        D  PN54X - Invoking I2C Write.....
2026-04-09 08:10:27.447   365-434   HWComposer              surfaceflinger                       W  Ignoring duplicate VSYNC event from HWC (t=0)
2026-04-09 08:10:27.454   356-1663  NxpTml                  vendor.nxp.nxpnfc@1.0-service        E  _i2c_write() errno : 5
2026-04-09 08:10:27.454   356-1663  NxpHal                  vendor.nxp.nxpnfc@1.0-service        E  PN54X - Error in I2C Write  - Retry 0x1
2026-04-09 08:10:27.464   356-1663  NxpTml                  vendor.nxp.nxpnfc@1.0-service        D  PN54X - Invoking I2C Write.....
2026-04-09 08:10:27.473   365-434   HWComposer              surfaceflinger                       W  Ignoring duplicate VSYNC event from HWC (t=0)
2026-04-09 08:10:27.484   356-1663  NxpTml                  vendor.nxp.nxpnfc@1.0-service        E  _i2c_write() errno : 5
2026-04-09 08:10:27.484   356-1663  NxpHal                  vendor.nxp.nxpnfc@1.0-service        E  PN54X - Error in I2C Write  - Retry 0x2
2026-04-09 08:10:27.494   356-1663  NxpTml                  vendor.nxp.nxpnfc@1.0-service        D  PN54X - Invoking I2C Write.....
2026-04-09 08:10:27.497   365-434   HWComposer              surfaceflinger                       W  Ignoring duplicate VSYNC event from HWC (t=0)
2026-04-09 08:10:27.512   737-910   MtkDataShapingUtils     system_server                        D  openLteGateByDataShaping datashaping instance is null
2026-04-09 08:10:27.512   737-928   WifiConnectivityManager system_server                        D  periodicScanTimerHandler
2026-04-09 08:10:27.513   737-928   WifiConnectivityManager system_server                        D  No full band scan due to ongoing traffic
2026-04-09 08:10:27.514   737-928   WifiConnectivityManager system_server                        D  schedulePeriodicScanTimer, intervalMs: 20000
2026-04-09 08:10:27.514   737-932   WifiScanningService     system_server                        D  addSingleScanRequest: ClientInfo[uid=1000,android.os.Messenger@8856dba],Id=255,WorkSource{1010}, ScanSettings {  band:0 period:0 reportEvents:3 numBssidsPerScan:0 maxScansToCache:0 channels:[ 5240  ]  hiddenNetworks:[  ]  } 
2026-04-09 08:10:27.516   356-1663  NxpTml                  vendor.nxp.nxpnfc@1.0-service        E  _i2c_write() errno : 5
2026-04-09 08:10:27.517   356-1663  NxpHal                  vendor.nxp.nxpnfc@1.0-service        E  PN54X - Error in I2C Write  - Retry 0x3
2026-04-09 08:10:27.520   365-434   HWComposer              surfaceflinger                       W  Ignoring duplicate VSYNC event from HWC (t=0)
2026-04-09 08:10:27.527   356-1663  NxpTml                  vendor.nxp.nxpnfc@1.0-service        D  PN54X - Invoking I2C Write.....
2026-04-09 08:10:27.543   365-434   HWComposer              surfaceflinger                       W  Ignoring duplicate VSYNC event from HWC (t=0)
2026-04-09 08:10:27.547   356-1663  NxpTml                  vendor.nxp.nxpnfc@1.0-service        E  _i2c_write() errno : 5
2026-04-09 08:10:27.547   356-1663  NxpTml                  vendor.nxp.nxpnfc@1.0-service        E  PN54X - Error in I2C Write.....
2026-04-09 08:10:27.547   356-1663  NxpTml                  vendor.nxp.nxpnfc@1.0-service        D  PN54X - Posting Fresh Write message.....
2026-04-09 08:10:27.548   356-1663  NxpTml                  vendor.nxp.nxpnfc@1.0-service        D  PN54X - Tml Writer Thread Running................
2026-04-09 08:10:27.548   356-1665  NxpFwDnld               vendor.nxp.nxpnfc@1.0-service        E  Tml Write error!!
2026-04-09 08:10:27.548   356-1665  NxpFwDnld               vendor.nxp.nxpnfc@1.0-service        E  phNxpNciHal_fw_dnld_normal_cb - Request Failed!!
2026-04-09 08:10:27.548   356-356   NxpFwDnld               vendor.nxp.nxpnfc@1.0-service        D  Processing Normal Sequence..
2026-04-09 08:10:27.548   356-356   NxpFwDnld               vendor.nxp.nxpnfc@1.0-service        D  Initializing Sequence..
2026-04-09 08:10:27.548   356-356   NxpFwDnld               vendor.nxp.nxpnfc@1.0-service        D  Response Timer Created Successfully
2026-04-09 08:10:27.548   356-356   NxpFwDnld               vendor.nxp.nxpnfc@1.0-service        D  Inserting FrameId ..
2026-04-09 08:10:27.548   356-356   NxpFwDnld               vendor.nxp.nxpnfc@1.0-service        D  Frame created successfully
2026-04-09 08:10:27.548   356-356   NxpFwDnld               vendor.nxp.nxpnfc@1.0-service        D  GetSessionState Request submitted successfully
2026-04-09 08:10:27.548   356-1663  NxpTml                  vendor.nxp.nxpnfc@1.0-service        D  PN54X - Write requested.....
2026-04-09 08:10:27.549   356-1663  NxpTml                  vendor.nxp.nxpnfc@1.0-service        D  PN54X - Invoking I2C Write.....
2026-04-09 08:10:27.567   365-434   HWComposer              surfaceflinger                       W  Ignoring duplicate VSYNC event from HWC (t=0)
2026-04-09 08:10:27.568   356-1663  NxpTml                  vendor.nxp.nxpnfc@1.0-service        E  _i2c_write() errno : 5
2026-04-09 08:10:27.568   356-1663  NxpHal                  vendor.nxp.nxpnfc@1.0-service        E  PN54X - Error in I2C Write  - Retry 0x1
2026-04-09 08:10:27.578   356-1663  NxpTml                  vendor.nxp.nxpnfc@1.0-service        D  PN54X - Invoking I2C Write.....
2026-04-09 08:10:27.590   365-434   HWComposer              surfaceflinger                       W  Ignoring duplicate VSYNC event from HWC (t=0)
2026-04-09 08:10:27.597   356-1663  NxpTml                  vendor.nxp.nxpnfc@1.0-service        E  _i2c_write() errno : 5
2026-04-09 08:10:27.597   356-1663  NxpHal                  vendor.nxp.nxpnfc@1.0-service        E  PN54X - Error in I2C Write  - Retry 0x2
2026-04-09 08:10:27.602   410-410   agps                    wifi2agps                            D  [WIFI2AGPS] wifi2agps_scanned
2026-04-09 08:10:27.605   598-612   VoLTE IMSM              volte_imsm_93                        D  send CTRL_CMD_GET_SCAN (module/mdagent/volte_imsm_93/src/wireless.c:584)
2026-04-09 08:10:27.605   737-3028  WificondControl         system_server                        D  Scan result ready event
2026-04-09 08:10:27.606   596-610   [BIP]                   bip                                  I   [BIP NL] event newlink match dev 0, interface index 28
2026-04-09 08:10:27.606   596-610   [BIP]                   bip                                  I   [BIP NL] the link status of interface(index:0) changes to 1
2026-04-09 08:10:27.608   356-1663  NxpTml                  vendor.nxp.nxpnfc@1.0-service        D  PN54X - Invoking I2C Write.....
2026-04-09 08:10:27.611   737-928   WifiStateMachine        system_server                        D   MtkL2ConnectedState { when=-5ms what=147461 target=com.android.internal.util.StateMachine$SmHandler } 0 0, mShouldDeferDisableWifi = false, mState = MONITORING
2026-04-09 08:10:27.613   365-434   HWComposer              surfaceflinger                       W  Ignoring duplicate VSYNC event from HWC (t=0)
2026-04-09 08:10:27.616   737-932   WifiScanningService     system_server                        D  singleScanResults: ClientInfo[uid=1000,android.os.Messenger@8856dba],Id=255,results=4
2026-04-09 08:10:27.616   737-932   WifiScanningService     system_server                        D  singleScanResults: ClientInfo[uid=1000,android.os.Messenger@8856dba],Id=1,results=4
2026-04-09 08:10:27.616   737-928   WifiScanner             system_server                        D  removing listener for single scan
2026-04-09 08:10:27.617   737-928   WifiConnectivityManager system_server                        D  AllSingleScanListener onResults: start network selection
2026-04-09 08:10:27.617   737-928   WifiNetworkSelector     system_server                        D  Current connected network: "CTCO-702" , ID: 4
2026-04-09 08:10:27.618   737-928   WifiNetworkSelector     system_server                        D  Stay on current network because of good RSSI and ongoing traffic
2026-04-09 08:10:27.618   737-928   WifiNetworkSelector     system_server                        D  Current connected network already sufficient. Skip network selection.
2026-04-09 08:10:27.628   356-1663  NxpTml                  vendor.nxp.nxpnfc@1.0-service        E  _i2c_write() errno : 5
2026-04-09 08:10:27.628   356-1663  NxpHal                  vendor.nxp.nxpnfc@1.0-service        E  PN54X - Error in I2C Write  - Retry 0x3
2026-04-09 08:10:27.637   365-434   HWComposer              surfaceflinger                       W  Ignoring duplicate VSYNC event from HWC (t=0)
2026-04-09 08:10:27.638   356-1663  NxpTml                  vendor.nxp.nxpnfc@1.0-service        D  PN54X - Invoking I2C Write.....
2026-04-09 08:10:27.657   356-1663  NxpTml                  vendor.nxp.nxpnfc@1.0-service        E  _i2c_write() errno : 5
2026-04-09 08:10:27.657   356-1663  NxpTml                  vendor.nxp.nxpnfc@1.0-service        E  PN54X - Error in I2C Write.....
2026-04-09 08:10:27.657   356-1663  NxpTml                  vendor.nxp.nxpnfc@1.0-service        D  PN54X - Posting Fresh Write message.....
2026-04-09 08:10:27.658   356-1663  NxpTml                  vendor.nxp.nxpnfc@1.0-service        D  PN54X - Tml Writer Thread Running................
2026-04-09 08:10:27.658   356-1665  NxpFwDnld               vendor.nxp.nxpnfc@1.0-service        E  Tml Write error!!
2026-04-09 08:10:27.658   356-1665  NxpFwDnld               vendor.nxp.nxpnfc@1.0-service        E  phNxpNciHal_fw_dnld_get_sessn_state_cb - Request Failed!!
2026-04-09 08:10:27.658   356-356   NxpFwDnld               vendor.nxp.nxpnfc@1.0-service        E  phDnldNfc_GetSessionState cb failed
2026-04-09 08:10:27.658   356-356   NxpFwDnld               vendor.nxp.nxpnfc@1.0-service        E   phNxpNciHal_fw_seq_handler : FAILED
2026-04-09 08:10:27.658   356-356   NxpFwDnld               vendor.nxp.nxpnfc@1.0-service        D  phNxpNciHal_fw_dnld_complete: Download Status = 0xff
2026-04-09 08:10:27.658   356-356   NxpFwDnld               vendor.nxp.nxpnfc@1.0-service        E  Fw Download Failed!!
2026-04-09 08:10:27.658   356-356   NxpTml                  vendor.nxp.nxpnfc@1.0-service        D  phTmlNfc_i2c_reset(), VEN level 0
2026-04-09 08:10:27.660   365-434   HWComposer              surfaceflinger                       W  Ignoring duplicate VSYNC event from HWC (t=0)
2026-04-09 08:10:27.683   365-434   chatty                  surfaceflinger                       I  uid=1000(system) HwBinder:365_1 identical 1 line
2026-04-09 08:10:27.710   365-434   HWComposer              surfaceflinger                       W  Ignoring duplicate VSYNC event from HWC (t=0)
2026-04-09 08:10:27.720   356-356   NxpTml                  vendor.nxp.nxpnfc@1.0-service        D  phTmlNfc_i2c_reset(), VEN level 1
2026-04-09 08:10:27.733   365-434   HWComposer              surfaceflinger                       W  Ignoring duplicate VSYNC event from HWC (t=0)
2026-04-09 08:10:27.803   365-434   chatty                  surfaceflinger                       I  uid=1000(system) HwBinder:365_1 identical 3 lines
2026-04-09 08:10:27.827   365-434   HWComposer              surfaceflinger                       W  Ignoring duplicate VSYNC event from HWC (t=0)
2026-04-09 08:10:27.833   356-356   NxpFwDnld               vendor.nxp.nxpnfc@1.0-service        E  free library SUCCESS !!
2026-04-09 08:10:27.833   356-356   NxpFwDnld               vendor.nxp.nxpnfc@1.0-service        E  Freeing Mem for Dnld Context..
2026-04-09 08:10:27.834   356-356   NxpHal                  vendor.nxp.nxpnfc@1.0-service        D  Chip Version Middleware Version mismatch!!!!
2026-04-09 08:10:27.834   356-1663  NxpTml                  vendor.nxp.nxpnfc@1.0-service        D  PN54X - Write requested.....
2026-04-09 08:10:27.834   356-1663  NxpTml                  vendor.nxp.nxpnfc@1.0-service        D  PN54X - Invoking I2C Write.....
2026-04-09 08:10:27.850   365-434   HWComposer              surfaceflinger                       W  Ignoring duplicate VSYNC event from HWC (t=0)
2026-04-09 08:10:27.854   356-1663  NxpTml                  vendor.nxp.nxpnfc@1.0-service        E  _i2c_write() errno : 5
2026-04-09 08:10:27.854   356-1663  NxpTml                  vendor.nxp.nxpnfc@1.0-service        E  PN54X - Error in I2C Write.....
2026-04-09 08:10:27.854   356-1663  NxpTml                  vendor.nxp.nxpnfc@1.0-service        D  PN54X - Posting Fresh Write message.....
2026-04-09 08:10:27.854   356-1663  NxpTml                  vendor.nxp.nxpnfc@1.0-service        D  PN54X - Tml Writer Thread Running................
2026-04-09 08:10:27.854   356-1665  NxpHal                  vendor.nxp.nxpnfc@1.0-service        E  write error status = 0x1ff
2026-04-09 08:10:27.854   356-356   NxpHal                  vendor.nxp.nxpnfc@1.0-service        E  write_unlocked failed - PN54X Maybe in Standby Mode - Retry
2026-04-09 08:10:27.864   356-1663  NxpTml                  vendor.nxp.nxpnfc@1.0-service        D  PN54X - Write requested.....
2026-04-09 08:10:27.865   356-1663  NxpTml                  vendor.nxp.nxpnfc@1.0-service        D  PN54X - Invoking I2C Write.....
2026-04-09 08:10:27.873   365-434   HWComposer              surfaceflinger                       W  Ignoring duplicate VSYNC event from HWC (t=0)
2026-04-09 08:10:27.884   356-1663  NxpTml                  vendor.nxp.nxpnfc@1.0-service        E  _i2c_write() errno : 5
2026-04-09 08:10:27.884   356-1663  NxpTml                  vendor.nxp.nxpnfc@1.0-service        E  PN54X - Error in I2C Write.....
2026-04-09 08:10:27.884   356-1663  NxpTml                  vendor.nxp.nxpnfc@1.0-service        D  PN54X - Posting Fresh Write message.....
2026-04-09 08:10:27.884   356-1663  NxpTml                  vendor.nxp.nxpnfc@1.0-service        D  PN54X - Tml Writer Thread Running................
2026-04-09 08:10:27.884   356-1665  NxpHal                  vendor.nxp.nxpnfc@1.0-service        E  write error status = 0x1ff
2026-04-09 08:10:27.884   356-356   NxpHal                  vendor.nxp.nxpnfc@1.0-service        E  write_unlocked failed - PN54X Maybe in Standby Mode - Retry
2026-04-09 08:10:27.894   356-1663  NxpTml                  vendor.nxp.nxpnfc@1.0-service        D  PN54X - Write requested.....
2026-04-09 08:10:27.895   356-1663  NxpTml                  vendor.nxp.nxpnfc@1.0-service        D  PN54X - Invoking I2C Write.....
2026-04-09 08:10:27.897   365-434   HWComposer              surfaceflinger                       W  Ignoring duplicate VSYNC event from HWC (t=0)
2026-04-09 08:10:27.914   356-1663  NxpTml                  vendor.nxp.nxpnfc@1.0-service        E  _i2c_write() errno : 5
2026-04-09 08:10:27.914   356-1663  NxpTml                  vendor.nxp.nxpnfc@1.0-service        E  PN54X - Error in I2C Write.....
2026-04-09 08:10:27.914   356-1663  NxpTml                  vendor.nxp.nxpnfc@1.0-service        D  PN54X - Posting Fresh Write message.....
2026-04-09 08:10:27.914   356-1663  NxpTml                  vendor.nxp.nxpnfc@1.0-service        D  PN54X - Tml Writer Thread Running................
2026-04-09 08:10:27.914   356-1665  NxpHal                  vendor.nxp.nxpnfc@1.0-service        E  write error status = 0x1ff
2026-04-09 08:10:27.914   356-356   NxpHal                  vendor.nxp.nxpnfc@1.0-service        E  write_unlocked failed - PN54X Maybe in Standby Mode - Retry
2026-04-09 08:10:27.920   365-434   HWComposer              surfaceflinger                       W  Ignoring duplicate VSYNC event from HWC (t=0)
2026-04-09 08:10:27.924   356-1663  NxpTml                  vendor.nxp.nxpnfc@1.0-service        D  PN54X - Write requested.....
2026-04-09 08:10:27.925   356-1663  NxpTml                  vendor.nxp.nxpnfc@1.0-service        D  PN54X - Invoking I2C Write.....
2026-04-09 08:10:27.943   365-434   HWComposer              surfaceflinger                       W  Ignoring duplicate VSYNC event from HWC (t=0)
2026-04-09 08:10:27.944   356-1663  NxpTml                  vendor.nxp.nxpnfc@1.0-service        E  _i2c_write() errno : 5
2026-04-09 08:10:27.944   356-1663  NxpTml                  vendor.nxp.nxpnfc@1.0-service        E  PN54X - Error in I2C Write.....
2026-04-09 08:10:27.944   356-1663  NxpTml                  vendor.nxp.nxpnfc@1.0-service        D  PN54X - Posting Fresh Write message.....
2026-04-09 08:10:27.944   356-1663  NxpTml                  vendor.nxp.nxpnfc@1.0-service        D  PN54X - Tml Writer Thread Running................
2026-04-09 08:10:27.944   356-1665  NxpHal                  vendor.nxp.nxpnfc@1.0-service        E  write error status = 0x1ff
2026-04-09 08:10:27.944   356-356   NxpHal                  vendor.nxp.nxpnfc@1.0-service        E  write_unlocked failed - PN54X Maybe in Standby Mode - Retry
2026-04-09 08:10:27.955   356-1663  NxpTml                  vendor.nxp.nxpnfc@1.0-service        D  PN54X - Write requested.....
2026-04-09 08:10:27.955   356-1663  NxpTml                  vendor.nxp.nxpnfc@1.0-service        D  PN54X - Invoking I2C Write.....
2026-04-09 08:10:27.967   365-434   HWComposer              surfaceflinger                       W  Ignoring duplicate VSYNC event from HWC (t=0)
2026-04-09 08:10:27.974   356-1663  NxpTml                  vendor.nxp.nxpnfc@1.0-service        E  _i2c_write() errno : 5
2026-04-09 08:10:27.974   356-1663  NxpTml                  vendor.nxp.nxpnfc@1.0-service        E  PN54X - Error in I2C Write.....
2026-04-09 08:10:27.974   356-1663  NxpTml                  vendor.nxp.nxpnfc@1.0-service        D  PN54X - Posting Fresh Write message.....
2026-04-09 08:10:27.974   356-1663  NxpTml                  vendor.nxp.nxpnfc@1.0-service        D  PN54X - Tml Writer Thread Running................
2026-04-09 08:10:27.974   356-1665  NxpHal                  vendor.nxp.nxpnfc@1.0-service        E  write error status = 0x1ff
2026-04-09 08:10:27.974   356-356   NxpHal                  vendor.nxp.nxpnfc@1.0-service        E  write_unlocked failed - PN54X Maybe in Standby Mode - Retry
2026-04-09 08:10:27.984   356-1663  NxpTml                  vendor.nxp.nxpnfc@1.0-service        D  PN54X - Write requested.....
2026-04-09 08:10:27.985   356-1663  NxpTml                  vendor.nxp.nxpnfc@1.0-service        D  PN54X - Invoking I2C Write.....
2026-04-09 08:10:27.990   365-434   HWComposer              surfaceflinger                       W  Ignoring duplicate VSYNC event from HWC (t=0)
2026-04-09 08:10:28.004   356-1663  NxpTml                  vendor.nxp.nxpnfc@1.0-service        E  _i2c_write() errno : 5
2026-04-09 08:10:28.004   356-1663  NxpTml                  vendor.nxp.nxpnfc@1.0-service        E  PN54X - Error in I2C Write.....
2026-04-09 08:10:28.004   356-1663  NxpTml                  vendor.nxp.nxpnfc@1.0-service        D  PN54X - Posting Fresh Write message.....
2026-04-09 08:10:28.004   356-1665  NxpHal                  vendor.nxp.nxpnfc@1.0-service        E  write error status = 0x1ff
2026-04-09 08:10:28.005   356-356   NxpHal                  vendor.nxp.nxpnfc@1.0-service        E  write_unlocked failed - PN54X Maybe in Standby Mode (max count = 0x6)
2026-04-09 08:10:28.005   356-356   NxpTml                  vendor.nxp.nxpnfc@1.0-service        D  phTmlNfc_i2c_reset(), VEN level 0
2026-04-09 08:10:28.005   356-1663  NxpTml                  vendor.nxp.nxpnfc@1.0-service        D  PN54X - Tml Writer Thread Running................
2026-04-09 08:10:28.013   365-434   HWComposer              surfaceflinger                       W  Ignoring duplicate VSYNC event from HWC (t=0)
2026-04-09 08:10:28.037   365-434   HWComposer              surfaceflinger                       W  Ignoring duplicate VSYNC event from HWC (t=0)
2026-04-09 08:10:28.052 31550-7736  [RadioEngine]           com.reedersystems.commandcomms       D  RX_DIAG rxTotal=0 rxNew=0 jbSize=0 jbDepth=3 jbPlaying=false channelIdx=535 t=140066ms
2026-04-09 08:10:28.060   365-434   HWComposer              surfaceflinger                       W  Ignoring duplicate VSYNC event from HWC (t=0)
2026-04-09 08:10:28.067   356-356   NxpTml                  vendor.nxp.nxpnfc@1.0-service        D  phTmlNfc_i2c_reset(), VEN level 1
2026-04-09 08:10:28.083   365-434   HWComposer              surfaceflinger                       W  Ignoring duplicate VSYNC event from HWC (t=0)
2026-04-09 08:10:28.153   365-434   chatty                  surfaceflinger                       I  uid=1000(system) HwBinder:365_1 identical 3 lines
2026-04-09 08:10:28.177   365-434   HWComposer              surfaceflinger                       W  Ignoring duplicate VSYNC event from HWC (t=0)
2026-04-09 08:10:28.180   356-356   NxpHal                  vendor.nxp.nxpnfc@1.0-service        D  PN54X Reset - SUCCESS
2026-04-09 08:10:28.180   356-356   NxpHal                  vendor.nxp.nxpnfc@1.0-service        D  phNxpNciHal_write failed for hal ext
2026-04-09 08:10:28.180   356-356   NxpHal                  vendor.nxp.nxpnfc@1.0-service        E  NFCC not coming out from Standby
2026-04-09 08:10:28.180   356-356   NxpHal                  vendor.nxp.nxpnfc@1.0-service        E  Trying Force FW download
2026-04-09 08:10:28.180   356-356   NxpHal                  vendor.nxp.nxpnfc@1.0-service        D  Found Valid Firmware Type
2026-04-09 08:10:28.180   356-356   NxpExtns                vendor.nxp.nxpnfc@1.0-service        D  find found NXP_SYS_CLK_SRC_SEL=(0x2)
2026-04-09 08:10:28.180   356-356   NxpExtns                vendor.nxp.nxpnfc@1.0-service        D  find found NXP_SYS_CLK_FREQ_SEL=(0x4)
2026-04-09 08:10:28.180   356-356   NxpExtns                vendor.nxp.nxpnfc@1.0-service        D  find found NXP_SYS_CLOCK_TO_CFG=(0x1)
2026-04-09 08:10:28.180   356-356   NxpFwDnld               vendor.nxp.nxpnfc@1.0-service        D  gphNxpNciHal_fw_IoctlCtx.bClkSrcVal = 0x2
2026-04-09 08:10:28.180   356-356   NxpFwDnld               vendor.nxp.nxpnfc@1.0-service        D  gphNxpNciHal_fw_IoctlCtx.bClkFreqVal = 0x4
2026-04-09 08:10:28.180   356-356   NxpFwDnld               vendor.nxp.nxpnfc@1.0-service        D  gphNxpNciHal_fw_IoctlCtx.bClkFreqVal = 0x1
2026-04-09 08:10:28.180   356-356   NxpTml                  vendor.nxp.nxpnfc@1.0-service        D  phTmlNfc_i2c_reset(), VEN level 2
2026-04-09 08:10:28.200   365-434   HWComposer              surfaceflinger                       W  Ignoring duplicate VSYNC event from HWC (t=0)
2026-04-09 08:10:28.223   365-434   chatty                  surfaceflinger                       I  uid=1000(system) HwBinder:365_1 identical 1 line
2026-04-09 08:10:28.247   365-434   HWComposer              surfaceflinger                       W  Ignoring duplicate VSYNC event from HWC (t=0)
2026-04-09 08:10:28.249   354-373   powerd                  merged_hal_service                   I  [powerd_req] POWER_MSG_QUERY_INFO: cmd:6, param:0
2026-04-09 08:10:28.270   365-434   HWComposer              surfaceflinger                       W  Ignoring duplicate VSYNC event from HWC (t=0)
2026-04-09 08:10:28.317   365-434   chatty                  surfaceflinger                       I  uid=1000(system) HwBinder:365_1 identical 2 lines
2026-04-09 08:10:28.340   365-434   HWComposer              surfaceflinger                       W  Ignoring duplicate VSYNC event from HWC (t=0)
2026-04-09 08:10:28.360   356-356   NxpFwDnld               vendor.nxp.nxpnfc@1.0-service        D  Allocating Mem for Dnld Context..
2026-04-09 08:10:28.360   356-356   NxpHal                  vendor.nxp.nxpnfc@1.0-service        D  Calling Seq handler for FW Download 
2026-04-09 08:10:28.360   356-356   NxpExtns                vendor.nxp.nxpnfc@1.0-service        D  find found NXP_FW_NAME=libpn553_fw.so
2026-04-09 08:10:28.361   356-356   NxpFwDnld               vendor.nxp.nxpnfc@1.0-service        D  @@@/system/vendor/firmware/libpn553_fw.so
2026-04-09 08:10:28.361   356-356   NxpFwDnld               vendor.nxp.nxpnfc@1.0-service        E  FW Image Length - ImageInfoLen 34358
2026-04-09 08:10:28.361   356-356   NxpFwDnld               vendor.nxp.nxpnfc@1.0-service        E  FW Image Info Pointer - pImageInfo 0xb0c4f2d0
2026-04-09 08:10:28.361   356-356   NxpFwDnld               vendor.nxp.nxpnfc@1.0-service        E  FW Major Version Num - 1
2026-04-09 08:10:28.361   356-356   NxpFwDnld               vendor.nxp.nxpnfc@1.0-service        E  FW Minor Version Num - 16
2026-04-09 08:10:28.361   356-356   NxpFwDnld               vendor.nxp.nxpnfc@1.0-service        E  FW Image Length - 34358
2026-04-09 08:10:28.361   356-356   NxpFwDnld               vendor.nxp.nxpnfc@1.0-service        E  FW Image Info Pointer - 0xb0c4f2d0
2026-04-09 08:10:28.361   356-356   NxpFwDnld               vendor.nxp.nxpnfc@1.0-service        D  phDnldNfc_InitImgInfo:SUCCESS
2026-04-09 08:10:28.361   356-356   NxpFwDnld               vendor.nxp.nxpnfc@1.0-service        D  Processing R/W Sequence..
2026-04-09 08:10:28.362   356-356   NxpFwDnld               vendor.nxp.nxpnfc@1.0-service        D  Response Timer Created Successfully
2026-04-09 08:10:28.362   356-356   NxpFwDnld               vendor.nxp.nxpnfc@1.0-service        D  Inserting FrameId ..
2026-04-09 08:10:28.362   356-356   NxpFwDnld               vendor.nxp.nxpnfc@1.0-service        D  Frame created successfully
2026-04-09 08:10:28.362   356-356   NxpFwDnld               vendor.nxp.nxpnfc@1.0-service        D  Force Command Request submitted successfully
2026-04-09 08:10:28.362   356-1663  NxpTml                  vendor.nxp.nxpnfc@1.0-service        D  PN54X - Write requested.....
2026-04-09 08:10:28.362   356-1663  NxpTml                  vendor.nxp.nxpnfc@1.0-service        D  PN54X - Invoking I2C Write.....
2026-04-09 08:10:28.363   365-434   HWComposer              surfaceflinger                       W  Ignoring duplicate VSYNC event from HWC (t=0)
2026-04-09 08:10:28.381   356-1663  NxpTml                  vendor.nxp.nxpnfc@1.0-service        E  _i2c_write() errno : 5
2026-04-09 08:10:28.381   356-1663  NxpHal                  vendor.nxp.nxpnfc@1.0-service        E  PN54X - Error in I2C Write  - Retry 0x1
2026-04-09 08:10:28.387   365-434   HWComposer              surfaceflinger                       W  Ignoring duplicate VSYNC event from HWC (t=0)
2026-04-09 08:10:28.391   356-1663  NxpTml                  vendor.nxp.nxpnfc@1.0-service        D  PN54X - Invoking I2C Write.....
2026-04-09 08:10:28.410   365-434   HWComposer              surfaceflinger                       W  Ignoring duplicate VSYNC event from HWC (t=0)
2026-04-09 08:10:28.411   356-1663  NxpTml                  vendor.nxp.nxpnfc@1.0-service        E  _i2c_write() errno : 5
2026-04-09 08:10:28.411   356-1663  NxpHal                  vendor.nxp.nxpnfc@1.0-service        E  PN54X - Error in I2C Write  - Retry 0x2
2026-04-09 08:10:28.422   356-1663  NxpTml                  vendor.nxp.nxpnfc@1.0-service        D  PN54X - Invoking I2C Write.....
2026-04-09 08:10:28.433   365-434   HWComposer              surfaceflinger                       W  Ignoring duplicate VSYNC event from HWC (t=0)
2026-04-09 08:10:28.441   356-1663  NxpTml                  vendor.nxp.nxpnfc@1.0-service        E  _i2c_write() errno : 5
2026-04-09 08:10:28.441   356-1663  NxpHal                  vendor.nxp.nxpnfc@1.0-service        E  PN54X - Error in I2C Write  - Retry 0x3
2026-04-09 08:10:28.451   356-1663  NxpTml                  vendor.nxp.nxpnfc@1.0-service        D  PN54X - Invoking I2C Write.....
2026-04-09 08:10:28.457   365-434   HWComposer              surfaceflinger                       W  Ignoring duplicate VSYNC event from HWC (t=0)
2026-04-09 08:10:28.471   356-1663  NxpTml                  vendor.nxp.nxpnfc@1.0-service        E  _i2c_write() errno : 5
2026-04-09 08:10:28.471   356-1663  NxpTml                  vendor.nxp.nxpnfc@1.0-service        E  PN54X - Error in I2C Write.....
2026-04-09 08:10:28.471   356-1663  NxpTml                  vendor.nxp.nxpnfc@1.0-service        D  PN54X - Posting Fresh Write message.....
2026-04-09 08:10:28.471   356-1663  NxpTml                  vendor.nxp.nxpnfc@1.0-service        D  PN54X - Tml Writer Thread Running................
2026-04-09 08:10:28.471   356-1665  NxpFwDnld               vendor.nxp.nxpnfc@1.0-service        E  Tml Write error!!
2026-04-09 08:10:28.471   356-1665  NxpFwDnld               vendor.nxp.nxpnfc@1.0-service        E  phNxpNciHal_fw_dnld_normal_cb - Request Failed!!
2026-04-09 08:10:28.471   356-356   NxpFwDnld               vendor.nxp.nxpnfc@1.0-service        D  Processing R/W Sequence..
2026-04-09 08:10:28.472   356-356   NxpFwDnld               vendor.nxp.nxpnfc@1.0-service        D  Response Timer Created Successfully
2026-04-09 08:10:28.472   356-356   NxpFwDnld               vendor.nxp.nxpnfc@1.0-service        D  Inserting FrameId ..
2026-04-09 08:10:28.472   356-356   NxpFwDnld               vendor.nxp.nxpnfc@1.0-service        D  Frame created successfully
2026-04-09 08:10:28.472   356-356   NxpFwDnld               vendor.nxp.nxpnfc@1.0-service        D  Force Command Request submitted successfully
2026-04-09 08:10:28.472   356-1663  NxpTml                  vendor.nxp.nxpnfc@1.0-service        D  PN54X - Write requested.....
2026-04-09 08:10:28.472   356-1663  NxpTml                  vendor.nxp.nxpnfc@1.0-service        D  PN54X - Invoking I2C Write.....
2026-04-09 08:10:28.480   365-434   HWComposer              surfaceflinger                       W  Ignoring duplicate VSYNC event from HWC (t=0)
2026-04-09 08:10:28.491   356-1663  NxpTml                  vendor.nxp.nxpnfc@1.0-service        E  _i2c_write() errno : 5
2026-04-09 08:10:28.491   356-1663  NxpHal                  vendor.nxp.nxpnfc@1.0-service        E  PN54X - Error in I2C Write  - Retry 0x1
2026-04-09 08:10:28.501   356-1663  NxpTml                  vendor.nxp.nxpnfc@1.0-service        D  PN54X - Invoking I2C Write.....
2026-04-09 08:10:28.503   365-434   HWComposer              surfaceflinger                       W  Ignoring duplicate VSYNC event from HWC (t=0)
2026-04-09 08:10:28.521   356-1663  NxpTml                  vendor.nxp.nxpnfc@1.0-service        E  _i2c_write() errno : 5
2026-04-09 08:10:28.521   356-1663  NxpHal                  vendor.nxp.nxpnfc@1.0-service        E  PN54X - Error in I2C Write  - Retry 0x2
2026-04-09 08:10:28.527   365-434   HWComposer              surfaceflinger                       W  Ignoring duplicate VSYNC event from HWC (t=0)
2026-04-09 08:10:28.531   356-1663  NxpTml                  vendor.nxp.nxpnfc@1.0-service        D  PN54X - Invoking I2C Write.....
