2026-03-30 20:21:39.606   355-1634  NxpHal                  vendor.nxp.nxpnfc@1.0-service        E  PN54X - Error in I2C Write  - Retry 0x1
2026-03-30 20:21:39.604 25998-25998 gle.vp8.encoder         media.codec                          W  type=1400 audit(0.0:264178): avc: denied { getattr } for path="/dev/sw_sync" dev="tmpfs" ino=236 scontext=u:r:mediacodec:s0 tcontext=u:object_r:sw_sync_device:s0 tclass=chr_file permissive=0
2026-03-30 20:21:39.616   355-1634  NxpTml                  vendor.nxp.nxpnfc@1.0-service        D  PN54X - Invoking I2C Write.....
2026-03-30 20:21:39.617   364-374   HWComposer              surfaceflinger                       W  Ignoring duplicate VSYNC event from HWC (t=0)
2026-03-30 20:21:39.633 12086-12200 [RadioEngine]           com.reedersystems.commandcomms       D  Dropping RX frame for other channel packetChannel=0 local=TESTING__TESTING 1
2026-03-30 20:21:39.634 12086-12200 [UdpTransport]          com.reedersystems.commandcomms       D  OPUS_RX_FRAME_RECEIVED seq=479 sender=ADMIN payload=129
2026-03-30 20:21:39.636   355-1634  NxpTml                  vendor.nxp.nxpnfc@1.0-service        E  _i2c_write() errno : 5
2026-03-30 20:21:39.636 12086-12200 [RadioEngine]           com.reedersystems.commandcomms       D  Dropping RX frame for other channel packetChannel=0 local=TESTING__TESTING 1
2026-03-30 20:21:39.636 12086-12200 [UdpTransport]          com.reedersystems.commandcomms       D  OPUS_RX_FRAME_RECEIVED seq=480 sender=ADMIN payload=119
2026-03-30 20:21:39.636   355-1634  NxpHal                  vendor.nxp.nxpnfc@1.0-service        E  PN54X - Error in I2C Write  - Retry 0x2
2026-03-30 20:21:39.640   364-374   HWComposer              surfaceflinger                       W  Ignoring duplicate VSYNC event from HWC (t=0)
2026-03-30 20:21:39.648   355-1634  NxpTml                  vendor.nxp.nxpnfc@1.0-service        D  PN54X - Invoking I2C Write.....
2026-03-30 20:21:39.663   364-374   HWComposer              surfaceflinger                       W  Ignoring duplicate VSYNC event from HWC (t=0)
2026-03-30 20:21:39.664 26159-26291 WifiStateMachine        system_server                        D   MtkL2ConnectedState { when=-2ms what=131155 arg1=11 target=com.android.internal.util.StateMachine$SmHandler } 11 0, mShouldDeferDisableWifi = false, mState = MONITORING
2026-03-30 20:21:39.672   355-1634  NxpTml                  vendor.nxp.nxpnfc@1.0-service        E  _i2c_write() errno : 5
2026-03-30 20:21:39.673   355-1634  NxpHal                  vendor.nxp.nxpnfc@1.0-service        E  PN54X - Error in I2C Write  - Retry 0x3
2026-03-30 20:21:39.683   355-1634  NxpTml                  vendor.nxp.nxpnfc@1.0-service        D  PN54X - Invoking I2C Write.....
2026-03-30 20:21:39.687   364-374   HWComposer              surfaceflinger                       W  Ignoring duplicate VSYNC event from HWC (t=0)
2026-03-30 20:21:39.694 12086-12200 [RadioEngine]           com.reedersystems.commandcomms       D  Dropping RX frame for other channel packetChannel=0 local=TESTING__TESTING 1
2026-03-30 20:21:39.694 12086-12200 [UdpTransport]          com.reedersystems.commandcomms       D  OPUS_RX_FRAME_RECEIVED seq=481 sender=ADMIN payload=117
2026-03-30 20:21:39.696 12086-12200 [RadioEngine]           com.reedersystems.commandcomms       D  Dropping RX frame for other channel packetChannel=0 local=TESTING__TESTING 1
2026-03-30 20:21:39.696 12086-12200 [UdpTransport]          com.reedersystems.commandcomms       D  OPUS_RX_FRAME_RECEIVED seq=482 sender=ADMIN payload=112
2026-03-30 20:21:39.698 12086-12200 [RadioEngine]           com.reedersystems.commandcomms       D  Dropping RX frame for other channel packetChannel=0 local=TESTING__TESTING 1
2026-03-30 20:21:39.698 12086-12200 [UdpTransport]          com.reedersystems.commandcomms       D  OPUS_RX_FRAME_RECEIVED seq=483 sender=ADMIN payload=101
2026-03-30 20:21:39.700 12086-12200 [RadioEngine]           com.reedersystems.commandcomms       D  Dropping RX frame for other channel packetChannel=0 local=TESTING__TESTING 1
2026-03-30 20:21:39.700 12086-12200 [UdpTransport]          com.reedersystems.commandcomms       D  OPUS_RX_FRAME_RECEIVED seq=484 sender=ADMIN payload=97
2026-03-30 20:21:39.704   355-1634  NxpTml                  vendor.nxp.nxpnfc@1.0-service        E  _i2c_write() errno : 5
2026-03-30 20:21:39.704   355-1634  NxpTml                  vendor.nxp.nxpnfc@1.0-service        E  PN54X - Error in I2C Write.....
2026-03-30 20:21:39.704   355-1634  NxpTml                  vendor.nxp.nxpnfc@1.0-service        D  PN54X - Posting Fresh Write message.....
2026-03-30 20:21:39.704   355-1634  NxpTml                  vendor.nxp.nxpnfc@1.0-service        D  PN54X - Tml Writer Thread Running................
2026-03-30 20:21:39.704   355-1636  NxpFwDnld               vendor.nxp.nxpnfc@1.0-service        E  Tml Write error!!
2026-03-30 20:21:39.704   355-1636  NxpFwDnld               vendor.nxp.nxpnfc@1.0-service        E  phNxpNciHal_fw_dnld_normal_cb - Request Failed!!
2026-03-30 20:21:39.704   355-355   NxpFwDnld               vendor.nxp.nxpnfc@1.0-service        D  Processing R/W Sequence..
2026-03-30 20:21:39.704 25998-25998 gle.vp8.encoder         media.codec                          W  type=1400 audit(0.0:264179): avc: denied { getattr } for path="/dev/sw_sync" dev="tmpfs" ino=236 scontext=u:r:mediacodec:s0 tcontext=u:object_r:sw_sync_device:s0 tclass=chr_file permissive=0
2026-03-30 20:21:39.705   355-355   NxpFwDnld               vendor.nxp.nxpnfc@1.0-service        D  Response Timer Created Successfully
2026-03-30 20:21:39.705   355-355   NxpFwDnld               vendor.nxp.nxpnfc@1.0-service        D  Inserting FrameId ..
2026-03-30 20:21:39.705   355-355   NxpFwDnld               vendor.nxp.nxpnfc@1.0-service        D  Frame created successfully
2026-03-30 20:21:39.705   355-355   NxpFwDnld               vendor.nxp.nxpnfc@1.0-service        D  Force Command Request submitted successfully
2026-03-30 20:21:39.706   355-1634  NxpTml                  vendor.nxp.nxpnfc@1.0-service        D  PN54X - Write requested.....
2026-03-30 20:21:39.706   355-1634  NxpTml                  vendor.nxp.nxpnfc@1.0-service        D  PN54X - Invoking I2C Write.....
2026-03-30 20:21:39.710   364-374   HWComposer              surfaceflinger                       W  Ignoring duplicate VSYNC event from HWC (t=0)
2026-03-30 20:21:39.725   355-1634  NxpTml                  vendor.nxp.nxpnfc@1.0-service        E  _i2c_write() errno : 5
2026-03-30 20:21:39.726   355-1634  NxpHal                  vendor.nxp.nxpnfc@1.0-service        E  PN54X - Error in I2C Write  - Retry 0x1
2026-03-30 20:21:39.734   364-374   HWComposer              surfaceflinger                       W  Ignoring duplicate VSYNC event from HWC (t=0)
2026-03-30 20:21:39.736   355-1634  NxpTml                  vendor.nxp.nxpnfc@1.0-service        D  PN54X - Invoking I2C Write.....
2026-03-30 20:21:39.739 12086-12200 [RadioEngine]           com.reedersystems.commandcomms       D  Dropping RX frame for other channel packetChannel=0 local=TESTING__TESTING 1
2026-03-30 20:21:39.739 12086-12200 [UdpTransport]          com.reedersystems.commandcomms       D  OPUS_RX_FRAME_RECEIVED seq=485 sender=ADMIN payload=112
2026-03-30 20:21:39.741 12086-12200 [RadioEngine]           com.reedersystems.commandcomms       D  Dropping RX frame for other channel packetChannel=0 local=TESTING__TESTING 1
2026-03-30 20:21:39.741 12086-12200 [UdpTransport]          com.reedersystems.commandcomms       D  OPUS_RX_FRAME_RECEIVED seq=486 sender=ADMIN payload=125
2026-03-30 20:21:39.757   364-374   HWComposer              surfaceflinger                       W  Ignoring duplicate VSYNC event from HWC (t=0)
2026-03-30 20:21:39.758   355-1634  NxpTml                  vendor.nxp.nxpnfc@1.0-service        E  _i2c_write() errno : 5
2026-03-30 20:21:39.758   355-1634  NxpHal                  vendor.nxp.nxpnfc@1.0-service        E  PN54X - Error in I2C Write  - Retry 0x2
2026-03-30 20:21:39.762 12086-12200 [RadioEngine]           com.reedersystems.commandcomms       D  Dropping RX frame for other channel packetChannel=0 local=TESTING__TESTING 1
2026-03-30 20:21:39.763 12086-12200 [UdpTransport]          com.reedersystems.commandcomms       D  OPUS_RX_FRAME_RECEIVED seq=487 sender=ADMIN payload=115
2026-03-30 20:21:39.769   355-1634  NxpTml                  vendor.nxp.nxpnfc@1.0-service        D  PN54X - Invoking I2C Write.....
2026-03-30 20:21:39.780   364-374   HWComposer              surfaceflinger                       W  Ignoring duplicate VSYNC event from HWC (t=0)
2026-03-30 20:21:39.788   355-1634  NxpTml                  vendor.nxp.nxpnfc@1.0-service        E  _i2c_write() errno : 5
2026-03-30 20:21:39.788   355-1634  NxpHal                  vendor.nxp.nxpnfc@1.0-service        E  PN54X - Error in I2C Write  - Retry 0x3
2026-03-30 20:21:39.795 12086-12200 [RadioEngine]           com.reedersystems.commandcomms       D  Dropping RX frame for other channel packetChannel=0 local=TESTING__TESTING 1
2026-03-30 20:21:39.795 12086-12200 [UdpTransport]          com.reedersystems.commandcomms       D  OPUS_RX_FRAME_RECEIVED seq=488 sender=ADMIN payload=110
2026-03-30 20:21:39.797 12086-12200 [RadioEngine]           com.reedersystems.commandcomms       D  Dropping RX frame for other channel packetChannel=0 local=TESTING__TESTING 1
2026-03-30 20:21:39.798 12086-12200 [UdpTransport]          com.reedersystems.commandcomms       D  OPUS_RX_FRAME_RECEIVED seq=489 sender=ADMIN payload=110
2026-03-30 20:21:39.799   355-1634  NxpTml                  vendor.nxp.nxpnfc@1.0-service        D  PN54X - Invoking I2C Write.....
2026-03-30 20:21:39.803   364-374   HWComposer              surfaceflinger                       W  Ignoring duplicate VSYNC event from HWC (t=0)
2026-03-30 20:21:39.804 25998-25998 gle.vp8.encoder         media.codec                          W  type=1400 audit(0.0:264180): avc: denied { getattr } for path="/dev/sw_sync" dev="tmpfs" ino=236 scontext=u:r:mediacodec:s0 tcontext=u:object_r:sw_sync_device:s0 tclass=chr_file permissive=0
2026-03-30 20:21:39.823   355-1634  NxpTml                  vendor.nxp.nxpnfc@1.0-service        E  _i2c_write() errno : 5
2026-03-30 20:21:39.823   355-1634  NxpTml                  vendor.nxp.nxpnfc@1.0-service        E  PN54X - Error in I2C Write.....
2026-03-30 20:21:39.823   355-1634  NxpTml                  vendor.nxp.nxpnfc@1.0-service        D  PN54X - Posting Fresh Write message.....
2026-03-30 20:21:39.823   355-1634  NxpTml                  vendor.nxp.nxpnfc@1.0-service        D  PN54X - Tml Writer Thread Running................
2026-03-30 20:21:39.823   355-1636  NxpFwDnld               vendor.nxp.nxpnfc@1.0-service        E  Tml Write error!!
2026-03-30 20:21:39.823   355-1636  NxpFwDnld               vendor.nxp.nxpnfc@1.0-service        E  phNxpNciHal_fw_dnld_normal_cb - Request Failed!!
2026-03-30 20:21:39.824   355-355   NxpFwDnld               vendor.nxp.nxpnfc@1.0-service        D  Processing Normal Sequence..
2026-03-30 20:21:39.824   355-355   NxpFwDnld               vendor.nxp.nxpnfc@1.0-service        D  Initializing Sequence..
2026-03-30 20:21:39.824   355-355   NxpFwDnld               vendor.nxp.nxpnfc@1.0-service        D  Response Timer Created Successfully
2026-03-30 20:21:39.824   355-355   NxpFwDnld               vendor.nxp.nxpnfc@1.0-service        D  Inserting FrameId ..
2026-03-30 20:21:39.824   355-355   NxpFwDnld               vendor.nxp.nxpnfc@1.0-service        D  Frame created successfully
2026-03-30 20:21:39.824   355-355   NxpFwDnld               vendor.nxp.nxpnfc@1.0-service        D  GetSessionState Request submitted successfully
2026-03-30 20:21:39.824   355-1634  NxpTml                  vendor.nxp.nxpnfc@1.0-service        D  PN54X - Write requested.....
2026-03-30 20:21:39.825   355-1634  NxpTml                  vendor.nxp.nxpnfc@1.0-service        D  PN54X - Invoking I2C Write.....
2026-03-30 20:21:39.827   364-374   HWComposer              surfaceflinger                       W  Ignoring duplicate VSYNC event from HWC (t=0)
2026-03-30 20:21:39.845   355-1634  NxpTml                  vendor.nxp.nxpnfc@1.0-service        E  _i2c_write() errno : 5
2026-03-30 20:21:39.845   355-1634  NxpHal                  vendor.nxp.nxpnfc@1.0-service        E  PN54X - Error in I2C Write  - Retry 0x1
2026-03-30 20:21:39.850   364-374   HWComposer              surfaceflinger                       W  Ignoring duplicate VSYNC event from HWC (t=0)
2026-03-30 20:21:39.855 12086-12200 [RadioEngine]           com.reedersystems.commandcomms       D  Dropping RX frame for other channel packetChannel=0 local=TESTING__TESTING 1
2026-03-30 20:21:39.855 12086-12200 [UdpTransport]          com.reedersystems.commandcomms       D  OPUS_RX_FRAME_RECEIVED seq=490 sender=ADMIN payload=115
2026-03-30 20:21:39.855   355-1634  NxpTml                  vendor.nxp.nxpnfc@1.0-service        D  PN54X - Invoking I2C Write.....
2026-03-30 20:21:39.873   364-374   HWComposer              surfaceflinger                       W  Ignoring duplicate VSYNC event from HWC (t=0)
2026-03-30 20:21:39.875   355-1634  NxpTml                  vendor.nxp.nxpnfc@1.0-service        E  _i2c_write() errno : 5
2026-03-30 20:21:39.875   355-1634  NxpHal                  vendor.nxp.nxpnfc@1.0-service        E  PN54X - Error in I2C Write  - Retry 0x2
2026-03-30 20:21:39.886   355-1634  NxpTml                  vendor.nxp.nxpnfc@1.0-service        D  PN54X - Invoking I2C Write.....
2026-03-30 20:21:39.897   364-374   HWComposer              surfaceflinger                       W  Ignoring duplicate VSYNC event from HWC (t=0)
2026-03-30 20:21:39.905   355-1634  NxpTml                  vendor.nxp.nxpnfc@1.0-service        E  _i2c_write() errno : 5
2026-03-30 20:21:39.905   355-1634  NxpHal                  vendor.nxp.nxpnfc@1.0-service        E  PN54X - Error in I2C Write  - Retry 0x3
2026-03-30 20:21:39.911 12086-12200 [RadioEngine]           com.reedersystems.commandcomms       D  Dropping RX frame for other channel packetChannel=0 local=TESTING__TESTING 1
2026-03-30 20:21:39.911 12086-12200 [UdpTransport]          com.reedersystems.commandcomms       D  OPUS_RX_FRAME_RECEIVED seq=491 sender=ADMIN payload=113
2026-03-30 20:21:39.907 25998-25998 gle.vp8.encoder         media.codec                          W  type=1400 audit(0.0:264181): avc: denied { getattr } for path="/dev/sw_sync" dev="tmpfs" ino=236 scontext=u:r:mediacodec:s0 tcontext=u:object_r:sw_sync_device:s0 tclass=chr_file permissive=0
2026-03-30 20:21:39.920   364-374   HWComposer              surfaceflinger                       W  Ignoring duplicate VSYNC event from HWC (t=0)
2026-03-30 20:21:39.925   355-1634  NxpTml                  vendor.nxp.nxpnfc@1.0-service        D  PN54X - Invoking I2C Write.....
2026-03-30 20:21:39.916 12086-12200 [RadioEngine]           com.reedersystems.commandcomms       D  Dropping RX frame for other channel packetChannel=0 local=TESTING__TESTING 1
2026-03-30 20:21:39.927 12086-12200 [UdpTransport]          com.reedersystems.commandcomms       D  OPUS_RX_FRAME_RECEIVED seq=492 sender=ADMIN payload=120
2026-03-30 20:21:39.928 12086-12200 [RadioEngine]           com.reedersystems.commandcomms       D  Dropping RX frame for other channel packetChannel=0 local=TESTING__TESTING 1
2026-03-30 20:21:39.937 12086-12200 [UdpTransport]          com.reedersystems.commandcomms       D  OPUS_RX_FRAME_RECEIVED seq=493 sender=ADMIN payload=117
2026-03-30 20:21:39.941 12086-12200 [RadioEngine]           com.reedersystems.commandcomms       D  Dropping RX frame for other channel packetChannel=0 local=TESTING__TESTING 1
2026-03-30 20:21:39.941 12086-12200 [UdpTransport]          com.reedersystems.commandcomms       D  OPUS_RX_FRAME_RECEIVED seq=494 sender=ADMIN payload=115
2026-03-30 20:21:39.944   364-374   HWComposer              surfaceflinger                       W  Ignoring duplicate VSYNC event from HWC (t=0)
2026-03-30 20:21:39.944 12086-12200 [RadioEngine]           com.reedersystems.commandcomms       D  Dropping RX frame for other channel packetChannel=0 local=TESTING__TESTING 1
2026-03-30 20:21:39.945 12086-12200 [UdpTransport]          com.reedersystems.commandcomms       D  OPUS_RX_FRAME_RECEIVED seq=495 sender=ADMIN payload=120
2026-03-30 20:21:39.946   355-1634  NxpTml                  vendor.nxp.nxpnfc@1.0-service        E  _i2c_write() errno : 5
2026-03-30 20:21:39.946   355-1634  NxpTml                  vendor.nxp.nxpnfc@1.0-service        E  PN54X - Error in I2C Write.....
2026-03-30 20:21:39.946   355-1634  NxpTml                  vendor.nxp.nxpnfc@1.0-service        D  PN54X - Posting Fresh Write message.....
2026-03-30 20:21:39.946   355-1634  NxpTml                  vendor.nxp.nxpnfc@1.0-service        D  PN54X - Tml Writer Thread Running................
2026-03-30 20:21:39.946   355-1636  NxpFwDnld               vendor.nxp.nxpnfc@1.0-service        E  Tml Write error!!
2026-03-30 20:21:39.946   355-1636  NxpFwDnld               vendor.nxp.nxpnfc@1.0-service        E  phNxpNciHal_fw_dnld_get_sessn_state_cb - Request Failed!!
2026-03-30 20:21:39.946   355-355   NxpFwDnld               vendor.nxp.nxpnfc@1.0-service        E  phDnldNfc_GetSessionState cb failed
2026-03-30 20:21:39.947   355-355   NxpFwDnld               vendor.nxp.nxpnfc@1.0-service        E   phNxpNciHal_fw_seq_handler : FAILED
2026-03-30 20:21:39.947   355-355   NxpFwDnld               vendor.nxp.nxpnfc@1.0-service        D  phNxpNciHal_fw_dnld_complete: Download Status = 0xff
2026-03-30 20:21:39.947   355-355   NxpFwDnld               vendor.nxp.nxpnfc@1.0-service        E  Fw Download Failed!!
2026-03-30 20:21:39.947   355-355   NxpTml                  vendor.nxp.nxpnfc@1.0-service        D  phTmlNfc_i2c_reset(), VEN level 0
2026-03-30 20:21:39.967   364-374   HWComposer              surfaceflinger                       W  Ignoring duplicate VSYNC event from HWC (t=0)
2026-03-30 20:21:39.979 12086-12200 [RadioEngine]           com.reedersystems.commandcomms       D  Dropping RX frame for other channel packetChannel=0 local=TESTING__TESTING 1
2026-03-30 20:21:39.979 12086-12200 [UdpTransport]          com.reedersystems.commandcomms       D  OPUS_RX_FRAME_RECEIVED seq=496 sender=ADMIN payload=115
2026-03-30 20:21:39.980 12086-12200 [RadioEngine]           com.reedersystems.commandcomms       D  Dropping RX frame for other channel packetChannel=0 local=TESTING__TESTING 1
2026-03-30 20:21:39.981 12086-12200 [UdpTransport]          com.reedersystems.commandcomms       D  OPUS_RX_FRAME_RECEIVED seq=497 sender=ADMIN payload=125
2026-03-30 20:21:39.990   364-374   HWComposer              surfaceflinger                       W  Ignoring duplicate VSYNC event from HWC (t=0)
2026-03-30 20:21:40.010 12086-12200 [RadioEngine]           com.reedersystems.commandcomms       D  Dropping RX frame for other channel packetChannel=0 local=TESTING__TESTING 1
2026-03-30 20:21:40.010   355-355   NxpTml                  vendor.nxp.nxpnfc@1.0-service        D  phTmlNfc_i2c_reset(), VEN level 1
2026-03-30 20:21:40.007 25998-25998 gle.vp8.encoder         media.codec                          W  type=1400 audit(0.0:264182): avc: denied { getattr } for path="/dev/sw_sync" dev="tmpfs" ino=236 scontext=u:r:mediacodec:s0 tcontext=u:object_r:sw_sync_device:s0 tclass=chr_file permissive=0
2026-03-30 20:21:40.010 12086-12200 [UdpTransport]          com.reedersystems.commandcomms       D  OPUS_RX_FRAME_RECEIVED seq=498 sender=ADMIN payload=133
2026-03-30 20:21:40.013 12086-12200 [RadioEngine]           com.reedersystems.commandcomms       D  Dropping RX frame for other channel packetChannel=0 local=TESTING__TESTING 1
2026-03-30 20:21:40.014 12086-12200 [UdpTransport]          com.reedersystems.commandcomms       D  OPUS_RX_FRAME_RECEIVED seq=499 sender=ADMIN payload=127
2026-03-30 20:21:40.015 12086-12200 [RadioEngine]           com.reedersystems.commandcomms       D  Dropping RX frame for other channel packetChannel=0 local=TESTING__TESTING 1
2026-03-30 20:21:40.015   364-374   HWComposer              surfaceflinger                       W  Ignoring duplicate VSYNC event from HWC (t=0)
2026-03-30 20:21:40.015 12086-12200 [UdpTransport]          com.reedersystems.commandcomms       D  OPUS_RX_FRAME_RECEIVED seq=500 sender=ADMIN payload=119
2026-03-30 20:21:40.037   364-374   HWComposer              surfaceflinger                       W  Ignoring duplicate VSYNC event from HWC (t=0)
2026-03-30 20:21:40.060   364-374   HWComposer              surfaceflinger                       W  Ignoring duplicate VSYNC event from HWC (t=0)
2026-03-30 20:21:40.063 12086-12200 [RadioEngine]           com.reedersystems.commandcomms       D  Dropping RX frame for other channel packetChannel=0 local=TESTING__TESTING 1
2026-03-30 20:21:40.064 12086-12200 [UdpTransport]          com.reedersystems.commandcomms       D  OPUS_RX_FRAME_RECEIVED seq=501 sender=ADMIN payload=124
2026-03-30 20:21:40.067 12086-12200 [RadioEngine]           com.reedersystems.commandcomms       D  Dropping RX frame for other channel packetChannel=0 local=TESTING__TESTING 1
2026-03-30 20:21:40.067 12086-12200 [UdpTransport]          com.reedersystems.commandcomms       D  OPUS_RX_FRAME_RECEIVED seq=502 sender=ADMIN payload=127
2026-03-30 20:21:40.083   364-374   HWComposer              surfaceflinger                       W  Ignoring duplicate VSYNC event from HWC (t=0)
2026-03-30 20:21:40.089 12086-12200 [RadioEngine]           com.reedersystems.commandcomms       D  Dropping RX frame for other channel packetChannel=0 local=TESTING__TESTING 1
2026-03-30 20:21:40.089 12086-12200 [UdpTransport]          com.reedersystems.commandcomms       D  OPUS_RX_FRAME_RECEIVED seq=503 sender=ADMIN payload=129
2026-03-30 20:21:40.107   364-374   HWComposer              surfaceflinger                       W  Ignoring duplicate VSYNC event from HWC (t=0)
2026-03-30 20:21:40.107 25998-25998 gle.vp8.encoder         media.codec                          W  type=1400 audit(0.0:264183): avc: denied { getattr } for path="/dev/sw_sync" dev="tmpfs" ino=236 scontext=u:r:mediacodec:s0 tcontext=u:object_r:sw_sync_device:s0 tclass=chr_file permissive=0
2026-03-30 20:21:40.121 12086-12200 [RadioEngine]           com.reedersystems.commandcomms       D  Dropping RX frame for other channel packetChannel=0 local=TESTING__TESTING 1
2026-03-30 20:21:40.124   355-355   NxpFwDnld               vendor.nxp.nxpnfc@1.0-service        E  free library SUCCESS !!
2026-03-30 20:21:40.124   355-355   NxpFwDnld               vendor.nxp.nxpnfc@1.0-service        E  Freeing Mem for Dnld Context..
2026-03-30 20:21:40.124   355-355   NxpHal                  vendor.nxp.nxpnfc@1.0-service        D  Chip Version Middleware Version mismatch!!!!
2026-03-30 20:21:40.124   355-1634  NxpTml                  vendor.nxp.nxpnfc@1.0-service        D  PN54X - Write requested.....
2026-03-30 20:21:40.124   355-1634  NxpTml                  vendor.nxp.nxpnfc@1.0-service        D  PN54X - Invoking I2C Write.....
2026-03-30 20:21:40.125 12086-12200 [UdpTransport]          com.reedersystems.commandcomms       D  OPUS_RX_FRAME_RECEIVED seq=504 sender=ADMIN payload=113
2026-03-30 20:21:40.130   364-374   HWComposer              surfaceflinger                       W  Ignoring duplicate VSYNC event from HWC (t=0)
2026-03-30 20:21:40.145   355-1634  NxpTml                  vendor.nxp.nxpnfc@1.0-service        E  _i2c_write() errno : 5
2026-03-30 20:21:40.145   355-1634  NxpTml                  vendor.nxp.nxpnfc@1.0-service        E  PN54X - Error in I2C Write.....
2026-03-30 20:21:40.145   355-1634  NxpTml                  vendor.nxp.nxpnfc@1.0-service        D  PN54X - Posting Fresh Write message.....
2026-03-30 20:21:40.145   355-1634  NxpTml                  vendor.nxp.nxpnfc@1.0-service        D  PN54X - Tml Writer Thread Running................
2026-03-30 20:21:40.145   355-1636  NxpHal                  vendor.nxp.nxpnfc@1.0-service        E  write error status = 0x1ff
2026-03-30 20:21:40.145   355-355   NxpHal                  vendor.nxp.nxpnfc@1.0-service        E  write_unlocked failed - PN54X Maybe in Standby Mode - Retry
2026-03-30 20:21:40.149 12086-12200 [RadioEngine]           com.reedersystems.commandcomms       D  Dropping RX frame for other channel packetChannel=0 local=TESTING__TESTING 1
2026-03-30 20:21:40.149 12086-12200 [UdpTransport]          com.reedersystems.commandcomms       D  OPUS_RX_FRAME_RECEIVED seq=505 sender=ADMIN payload=124
2026-03-30 20:21:40.151 12086-12200 [RadioEngine]           com.reedersystems.commandcomms       D  Dropping RX frame for other channel packetChannel=0 local=TESTING__TESTING 1
2026-03-30 20:21:40.152 12086-12200 [UdpTransport]          com.reedersystems.commandcomms       D  OPUS_RX_FRAME_RECEIVED seq=506 sender=ADMIN payload=113
2026-03-30 20:21:40.154   364-374   HWComposer              surfaceflinger                       W  Ignoring duplicate VSYNC event from HWC (t=0)
2026-03-30 20:21:40.155   355-1634  NxpTml                  vendor.nxp.nxpnfc@1.0-service        D  PN54X - Write requested.....
2026-03-30 20:21:40.156   355-1634  NxpTml                  vendor.nxp.nxpnfc@1.0-service        D  PN54X - Invoking I2C Write.....
2026-03-30 20:21:40.175   355-1634  NxpTml                  vendor.nxp.nxpnfc@1.0-service        E  _i2c_write() errno : 5
2026-03-30 20:21:40.175   355-1634  NxpTml                  vendor.nxp.nxpnfc@1.0-service        E  PN54X - Error in I2C Write.....
2026-03-30 20:21:40.175   355-1634  NxpTml                  vendor.nxp.nxpnfc@1.0-service        D  PN54X - Posting Fresh Write message.....
2026-03-30 20:21:40.175   355-1634  NxpTml                  vendor.nxp.nxpnfc@1.0-service        D  PN54X - Tml Writer Thread Running................
2026-03-30 20:21:40.175   355-1636  NxpHal                  vendor.nxp.nxpnfc@1.0-service        E  write error status = 0x1ff
2026-03-30 20:21:40.175   355-355   NxpHal                  vendor.nxp.nxpnfc@1.0-service        E  write_unlocked failed - PN54X Maybe in Standby Mode - Retry
2026-03-30 20:21:40.177   364-374   HWComposer              surfaceflinger                       W  Ignoring duplicate VSYNC event from HWC (t=0)
2026-03-30 20:21:40.186   355-1634  NxpTml                  vendor.nxp.nxpnfc@1.0-service        D  PN54X - Write requested.....
2026-03-30 20:21:40.186   355-1634  NxpTml                  vendor.nxp.nxpnfc@1.0-service        D  PN54X - Invoking I2C Write.....
2026-03-30 20:21:40.194 12086-12200 [RadioEngine]           com.reedersystems.commandcomms       D  Dropping RX frame for other channel packetChannel=0 local=TESTING__TESTING 1
2026-03-30 20:21:40.195 12086-12200 [UdpTransport]          com.reedersystems.commandcomms       D  OPUS_RX_FRAME_RECEIVED seq=507 sender=ADMIN payload=102
2026-03-30 20:21:40.197 12086-12200 [RadioEngine]           com.reedersystems.commandcomms       D  Dropping RX frame for other channel packetChannel=0 local=TESTING__TESTING 1
2026-03-30 20:21:40.197 12086-12200 [UdpTransport]          com.reedersystems.commandcomms       D  OPUS_RX_FRAME_RECEIVED seq=508 sender=ADMIN payload=100
2026-03-30 20:21:40.200 12086-12200 [RadioEngine]           com.reedersystems.commandcomms       D  Dropping RX frame for other channel packetChannel=0 local=TESTING__TESTING 1
2026-03-30 20:21:40.200 12086-12200 [UdpTransport]          com.reedersystems.commandcomms       D  OPUS_RX_FRAME_RECEIVED seq=509 sender=ADMIN payload=121
2026-03-30 20:21:40.201   364-374   HWComposer              surfaceflinger                       W  Ignoring duplicate VSYNC event from HWC (t=0)
2026-03-30 20:21:40.205   355-1634  NxpTml                  vendor.nxp.nxpnfc@1.0-service        E  _i2c_write() errno : 5
2026-03-30 20:21:40.205   355-1634  NxpTml                  vendor.nxp.nxpnfc@1.0-service        E  PN54X - Error in I2C Write.....
2026-03-30 20:21:40.205   355-1634  NxpTml                  vendor.nxp.nxpnfc@1.0-service        D  PN54X - Posting Fresh Write message.....
2026-03-30 20:21:40.205   355-1634  NxpTml                  vendor.nxp.nxpnfc@1.0-service        D  PN54X - Tml Writer Thread Running................
2026-03-30 20:21:40.205   355-1636  NxpHal                  vendor.nxp.nxpnfc@1.0-service        E  write error status = 0x1ff
2026-03-30 20:21:40.206   355-355   NxpHal                  vendor.nxp.nxpnfc@1.0-service        E  write_unlocked failed - PN54X Maybe in Standby Mode - Retry
2026-03-30 20:21:40.216   355-1634  NxpTml                  vendor.nxp.nxpnfc@1.0-service        D  PN54X - Write requested.....
2026-03-30 20:21:40.216   355-1634  NxpTml                  vendor.nxp.nxpnfc@1.0-service        D  PN54X - Invoking I2C Write.....
2026-03-30 20:21:40.224   364-374   HWComposer              surfaceflinger                       W  Ignoring duplicate VSYNC event from HWC (t=0)
2026-03-30 20:21:40.227 12086-12200 [RadioEngine]           com.reedersystems.commandcomms       D  Dropping RX frame for other channel packetChannel=0 local=TESTING__TESTING 1
2026-03-30 20:21:40.227 12086-12200 [UdpTransport]          com.reedersystems.commandcomms       D  OPUS_RX_FRAME_RECEIVED seq=510 sender=ADMIN payload=121
2026-03-30 20:21:40.236   355-1634  NxpTml                  vendor.nxp.nxpnfc@1.0-service        E  _i2c_write() errno : 5
2026-03-30 20:21:40.236   355-1634  NxpTml                  vendor.nxp.nxpnfc@1.0-service        E  PN54X - Error in I2C Write.....
2026-03-30 20:21:40.236   355-1634  NxpTml                  vendor.nxp.nxpnfc@1.0-service        D  PN54X - Posting Fresh Write message.....
2026-03-30 20:21:40.236   355-1634  NxpTml                  vendor.nxp.nxpnfc@1.0-service        D  PN54X - Tml Writer Thread Running................
2026-03-30 20:21:40.236   355-1636  NxpHal                  vendor.nxp.nxpnfc@1.0-service        E  write error status = 0x1ff
2026-03-30 20:21:40.236   355-355   NxpHal                  vendor.nxp.nxpnfc@1.0-service        E  write_unlocked failed - PN54X Maybe in Standby Mode - Retry
2026-03-30 20:21:40.246   355-1634  NxpTml                  vendor.nxp.nxpnfc@1.0-service        D  PN54X - Write requested.....
2026-03-30 20:21:40.247   364-374   HWComposer              surfaceflinger                       W  Ignoring duplicate VSYNC event from HWC (t=0)
2026-03-30 20:21:40.247   355-1634  NxpTml                  vendor.nxp.nxpnfc@1.0-service        D  PN54X - Invoking I2C Write.....
2026-03-30 20:21:40.257 12086-12200 [RadioEngine]           com.reedersystems.commandcomms       D  Dropping RX frame for other channel packetChannel=0 local=TESTING__TESTING 1
2026-03-30 20:21:40.257 12086-12200 [UdpTransport]          com.reedersystems.commandcomms       D  OPUS_RX_FRAME_RECEIVED seq=511 sender=ADMIN payload=112
2026-03-30 20:21:40.268   355-1634  NxpTml                  vendor.nxp.nxpnfc@1.0-service        E  _i2c_write() errno : 5
2026-03-30 20:21:40.268   355-1634  NxpTml                  vendor.nxp.nxpnfc@1.0-service        E  PN54X - Error in I2C Write.....
2026-03-30 20:21:40.268   355-1634  NxpTml                  vendor.nxp.nxpnfc@1.0-service        D  PN54X - Posting Fresh Write message.....
2026-03-30 20:21:40.268   355-1634  NxpTml                  vendor.nxp.nxpnfc@1.0-service        D  PN54X - Tml Writer Thread Running................
2026-03-30 20:21:40.268   355-1636  NxpHal                  vendor.nxp.nxpnfc@1.0-service        E  write error status = 0x1ff
2026-03-30 20:21:40.269   355-355   NxpHal                  vendor.nxp.nxpnfc@1.0-service        E  write_unlocked failed - PN54X Maybe in Standby Mode - Retry
2026-03-30 20:21:40.270   364-374   HWComposer              surfaceflinger                       W  Ignoring duplicate VSYNC event from HWC (t=0)
2026-03-30 20:21:40.279   355-1634  NxpTml                  vendor.nxp.nxpnfc@1.0-service        D  PN54X - Write requested.....
2026-03-30 20:21:40.279   355-1634  NxpTml                  vendor.nxp.nxpnfc@1.0-service        D  PN54X - Invoking I2C Write.....
2026-03-30 20:21:40.294   364-374   HWComposer              surfaceflinger                       W  Ignoring duplicate VSYNC event from HWC (t=0)
2026-03-30 20:21:40.298   355-1634  NxpTml                  vendor.nxp.nxpnfc@1.0-service        E  _i2c_write() errno : 5
2026-03-30 20:21:40.298   355-1634  NxpTml                  vendor.nxp.nxpnfc@1.0-service        E  PN54X - Error in I2C Write.....
2026-03-30 20:21:40.298   355-1634  NxpTml                  vendor.nxp.nxpnfc@1.0-service        D  PN54X - Posting Fresh Write message.....
2026-03-30 20:21:40.298   355-1634  NxpTml                  vendor.nxp.nxpnfc@1.0-service        D  PN54X - Tml Writer Thread Running................
2026-03-30 20:21:40.298   355-1636  NxpHal                  vendor.nxp.nxpnfc@1.0-service        E  write error status = 0x1ff
2026-03-30 20:21:40.299   355-355   NxpHal                  vendor.nxp.nxpnfc@1.0-service        E  write_unlocked failed - PN54X Maybe in Standby Mode (max count = 0x6)
2026-03-30 20:21:40.299   355-355   NxpTml                  vendor.nxp.nxpnfc@1.0-service        D  phTmlNfc_i2c_reset(), VEN level 0
2026-03-30 20:21:40.304 12086-12200 [RadioEngine]           com.reedersystems.commandcomms       D  Dropping RX frame for other channel packetChannel=0 local=TESTING__TESTING 1
2026-03-30 20:21:40.304 12086-12200 [UdpTransport]          com.reedersystems.commandcomms       D  OPUS_RX_FRAME_RECEIVED seq=512 sender=ADMIN payload=118
2026-03-30 20:21:40.306 12086-12200 [RadioEngine]           com.reedersystems.commandcomms       D  Dropping RX frame for other channel packetChannel=0 local=TESTING__TESTING 1
2026-03-30 20:21:40.306 12086-12200 [UdpTransport]          com.reedersystems.commandcomms       D  OPUS_RX_FRAME_RECEIVED seq=513 sender=ADMIN payload=123
2026-03-30 20:21:40.318   364-374   HWComposer              surfaceflinger                       W  Ignoring duplicate VSYNC event from HWC (t=0)
2026-03-30 20:21:40.340   364-374   HWComposer              surfaceflinger                       W  Ignoring duplicate VSYNC event from HWC (t=0)
2026-03-30 20:21:40.355 12086-12200 [RadioEngine]           com.reedersystems.commandcomms       D  Dropping RX frame for other channel packetChannel=0 local=TESTING__TESTING 1
2026-03-30 20:21:40.355 12086-12200 [UdpTransport]          com.reedersystems.commandcomms       D  OPUS_RX_FRAME_RECEIVED seq=514 sender=ADMIN payload=115
2026-03-30 20:21:40.357 12086-12200 [RadioEngine]           com.reedersystems.commandcomms       D  Dropping RX frame for other channel packetChannel=0 local=TESTING__TESTING 1
2026-03-30 20:21:40.357 12086-12200 [UdpTransport]          com.reedersystems.commandcomms       D  OPUS_RX_FRAME_RECEIVED seq=515 sender=ADMIN payload=125
2026-03-30 20:21:40.358 12086-12200 [RadioEngine]           com.reedersystems.commandcomms       D  Dropping RX frame for other channel packetChannel=0 local=TESTING__TESTING 1
2026-03-30 20:21:40.359 12086-12200 [UdpTransport]          com.reedersystems.commandcomms       D  OPUS_RX_FRAME_RECEIVED seq=516 sender=ADMIN payload=124
2026-03-30 20:21:40.360   355-355   NxpTml                  vendor.nxp.nxpnfc@1.0-service        D  phTmlNfc_i2c_reset(), VEN level 1
2026-03-30 20:21:40.364   364-374   HWComposer              surfaceflinger                       W  Ignoring duplicate VSYNC event from HWC (t=0)
2026-03-30 20:21:40.387   364-374   HWComposer              surfaceflinger                       W  Ignoring duplicate VSYNC event from HWC (t=0)
2026-03-30 20:21:40.393 12086-12200 [RadioEngine]           com.reedersystems.commandcomms       D  Dropping RX frame for other channel packetChannel=0 local=TESTING__TESTING 1
2026-03-30 20:21:40.394 12086-12200 [UdpTransport]          com.reedersystems.commandcomms       D  OPUS_RX_FRAME_RECEIVED seq=517 sender=ADMIN payload=124
2026-03-30 20:21:40.395 12086-12200 [RadioEngine]           com.reedersystems.commandcomms       D  Dropping RX frame for other channel packetChannel=0 local=TESTING__TESTING 1
2026-03-30 20:21:40.395 12086-12200 [UdpTransport]          com.reedersystems.commandcomms       D  OPUS_RX_FRAME_RECEIVED seq=518 sender=ADMIN payload=122
2026-03-30 20:21:40.405   353-385   powerd                  merged_hal_service                   I  [powerd_req] POWER_MSG_QUERY_INFO: cmd:6, param:0
2026-03-30 20:21:40.410   364-374   HWComposer              surfaceflinger                       W  Ignoring duplicate VSYNC event from HWC (t=0)
2026-03-30 20:21:40.433   364-374   HWComposer              surfaceflinger                       W  Ignoring duplicate VSYNC event from HWC (t=0)
2026-03-30 20:21:40.437 12086-12200 [RadioEngine]           com.reedersystems.commandcomms       D  Dropping RX frame for other channel packetChannel=0 local=TESTING__TESTING 1
2026-03-30 20:21:40.438 12086-12200 [UdpTransport]          com.reedersystems.commandcomms       D  OPUS_RX_FRAME_RECEIVED seq=519 sender=ADMIN payload=121
2026-03-30 20:21:40.439 12086-12200 [RadioEngine]           com.reedersystems.commandcomms       D  Dropping RX frame for other channel packetChannel=0 local=TESTING__TESTING 1
2026-03-30 20:21:40.439 12086-12200 [UdpTransport]          com.reedersystems.commandcomms       D  OPUS_RX_FRAME_RECEIVED seq=520 sender=ADMIN payload=121
2026-03-30 20:21:40.441 12086-12200 [RadioEngine]           com.reedersystems.commandcomms       D  Dropping RX frame for other channel packetChannel=0 local=TESTING__TESTING 1
2026-03-30 20:21:40.441 12086-12200 [UdpTransport]          com.reedersystems.commandcomms       D  OPUS_RX_FRAME_RECEIVED seq=521 sender=ADMIN payload=129
2026-03-30 20:21:40.457   364-374   HWComposer              surfaceflinger                       W  Ignoring duplicate VSYNC event from HWC (t=0)
2026-03-30 20:21:40.464 12086-12200 [RadioEngine]           com.reedersystems.commandcomms       D  Dropping RX frame for other channel packetChannel=0 local=TESTING__TESTING 1
2026-03-30 20:21:40.464 12086-12200 [UdpTransport]          com.reedersystems.commandcomms       D  OPUS_RX_FRAME_RECEIVED seq=522 sender=ADMIN payload=131
2026-03-30 20:21:40.473   355-355   NxpHal                  vendor.nxp.nxpnfc@1.0-service        D  PN54X Reset - SUCCESS
2026-03-30 20:21:40.474   355-355   NxpHal                  vendor.nxp.nxpnfc@1.0-service        D  phNxpNciHal_write failed for hal ext
2026-03-30 20:21:40.474   355-355   NxpHal                  vendor.nxp.nxpnfc@1.0-service        E  NFCC not coming out from Standby
2026-03-30 20:21:40.474   355-355   NxpHal                  vendor.nxp.nxpnfc@1.0-service        E  Trying Force FW download
2026-03-30 20:21:40.474   355-355   NxpHal                  vendor.nxp.nxpnfc@1.0-service        D  Found Valid Firmware Type
2026-03-30 20:21:40.474   355-355   NxpExtns                vendor.nxp.nxpnfc@1.0-service        D  find found NXP_SYS_CLK_SRC_SEL=(0x2)
2026-03-30 20:21:40.474   355-355   NxpExtns                vendor.nxp.nxpnfc@1.0-service        D  find found NXP_SYS_CLK_FREQ_SEL=(0x4)
2026-03-30 20:21:40.474   355-355   NxpExtns                vendor.nxp.nxpnfc@1.0-service        D  find found NXP_SYS_CLOCK_TO_CFG=(0x1)
2026-03-30 20:21:40.474   355-355   NxpFwDnld               vendor.nxp.nxpnfc@1.0-service        D  gphNxpNciHal_fw_IoctlCtx.bClkSrcVal = 0x2
2026-03-30 20:21:40.474   355-355   NxpFwDnld               vendor.nxp.nxpnfc@1.0-service        D  gphNxpNciHal_fw_IoctlCtx.bClkFreqVal = 0x4
2026-03-30 20:21:40.474   355-355   NxpFwDnld               vendor.nxp.nxpnfc@1.0-service        D  gphNxpNciHal_fw_IoctlCtx.bClkFreqVal = 0x1
2026-03-30 20:21:40.474   355-355   NxpTml                  vendor.nxp.nxpnfc@1.0-service        D  phTmlNfc_i2c_reset(), VEN level 2
2026-03-30 20:21:40.480   364-374   HWComposer              surfaceflinger                       W  Ignoring duplicate VSYNC event from HWC (t=0)
2026-03-30 20:21:40.504   364-374   chatty                  surfaceflinger                       I  uid=1000(system) HwBinder:364_1 identical 1 line
2026-03-30 20:21:40.527   364-374   HWComposer              surfaceflinger                       W  Ignoring duplicate VSYNC event from HWC (t=0)
2026-03-30 20:21:40.540 12086-12200 [RadioEngine]           com.reedersystems.commandcomms       D  Dropping RX frame for other channel packetChannel=0 local=TESTING__TESTING 1
2026-03-30 20:21:40.541 12086-12200 [UdpTransport]          com.reedersystems.commandcomms       D  OPUS_RX_FRAME_RECEIVED seq=523 sender=ADMIN payload=129
2026-03-30 20:21:40.542 12086-12200 [RadioEngine]           com.reedersystems.commandcomms       D  Dropping RX frame for other channel packetChannel=0 local=TESTING__TESTING 1
2026-03-30 20:21:40.542 12086-12200 [UdpTransport]          com.reedersystems.commandcomms       D  OPUS_RX_FRAME_RECEIVED seq=524 sender=ADMIN payload=122
2026-03-30 20:21:40.550   364-374   HWComposer              surfaceflinger                       W  Ignoring duplicate VSYNC event from HWC (t=0)
2026-03-30 20:21:40.570 12086-12200 [RadioEngine]           com.reedersystems.commandcomms       D  Dropping RX frame for other channel packetChannel=0 local=TESTING__TESTING 1
2026-03-30 20:21:40.570 12086-12200 [UdpTransport]          com.reedersystems.commandcomms       D  OPUS_RX_FRAME_RECEIVED seq=525 sender=ADMIN payload=122
2026-03-30 20:21:40.572 12086-12200 [RadioEngine]           com.reedersystems.commandcomms       D  Dropping RX frame for other channel packetChannel=0 local=TESTING__TESTING 1
2026-03-30 20:21:40.572 12086-12200 [UdpTransport]          com.reedersystems.commandcomms       D  OPUS_RX_FRAME_RECEIVED seq=526 sender=ADMIN payload=133
2026-03-30 20:21:40.574   364-374   HWComposer              surfaceflinger                       W  Ignoring duplicate VSYNC event from HWC (t=0)
2026-03-30 20:21:40.575 12086-12200 [RadioEngine]           com.reedersystems.commandcomms       D  Dropping RX frame for other channel packetChannel=0 local=TESTING__TESTING 1
2026-03-30 20:21:40.575 12086-12200 [UdpTransport]          com.reedersystems.commandcomms       D  OPUS_RX_FRAME_RECEIVED seq=527 sender=ADMIN payload=123
2026-03-30 20:21:40.592 12086-12200 [RadioEngine]           com.reedersystems.commandcomms       D  Dropping RX frame for other channel packetChannel=0 local=TESTING__TESTING 1
2026-03-30 20:21:40.592 12086-12200 [UdpTransport]          com.reedersystems.commandcomms       D  OPUS_RX_FRAME_RECEIVED seq=528 sender=ADMIN payload=125
2026-03-30 20:21:40.597   364-374   HWComposer              surfaceflinger                       W  Ignoring duplicate VSYNC event from HWC (t=0)
2026-03-30 20:21:40.618 12086-12200 [RadioEngine]           com.reedersystems.commandcomms       D  Dropping RX frame for other channel packetChannel=0 local=TESTING__TESTING 1
2026-03-30 20:21:40.618 12086-12200 [UdpTransport]          com.reedersystems.commandcomms       D  OPUS_RX_FRAME_RECEIVED seq=529 sender=ADMIN payload=124
2026-03-30 20:21:40.620 12086-12200 [RadioEngine]           com.reedersystems.commandcomms       D  Dropping RX frame for other channel packetChannel=0 local=TESTING__TESTING 1
2026-03-30 20:21:40.620   364-374   HWComposer              surfaceflinger                       W  Ignoring duplicate VSYNC event from HWC (t=0)
2026-03-30 20:21:40.620 12086-12200 [UdpTransport]          com.reedersystems.commandcomms       D  OPUS_RX_FRAME_RECEIVED seq=530 sender=ADMIN payload=123
2026-03-30 20:21:40.643 12086-12200 [RadioEngine]           com.reedersystems.commandcomms       D  Dropping RX frame for other channel packetChannel=0 local=TESTING__TESTING 1
2026-03-30 20:21:40.644   364-374   HWComposer              surfaceflinger                       W  Ignoring duplicate VSYNC event from HWC (t=0)
2026-03-30 20:21:40.644 12086-12200 [UdpTransport]          com.reedersystems.commandcomms       D  OPUS_RX_FRAME_RECEIVED seq=531 sender=ADMIN payload=118
2026-03-30 20:21:40.645 12086-12200 [RadioEngine]           com.reedersystems.commandcomms       D  Dropping RX frame for other channel packetChannel=0 local=TESTING__TESTING 1
2026-03-30 20:21:40.645 12086-12200 [UdpTransport]          com.reedersystems.commandcomms       D  OPUS_RX_FRAME_RECEIVED seq=532 sender=ADMIN payload=103
2026-03-30 20:21:40.653   355-355   NxpFwDnld               vendor.nxp.nxpnfc@1.0-service        D  Allocating Mem for Dnld Context..
2026-03-30 20:21:40.654   355-355   NxpHal                  vendor.nxp.nxpnfc@1.0-service        D  Calling Seq handler for FW Download 
2026-03-30 20:21:40.654   355-355   NxpExtns                vendor.nxp.nxpnfc@1.0-service        D  find found NXP_FW_NAME=libpn553_fw.so
2026-03-30 20:21:40.655   355-355   NxpFwDnld               vendor.nxp.nxpnfc@1.0-service        D  @@@/system/vendor/firmware/libpn553_fw.so
2026-03-30 20:21:40.656   355-355   NxpFwDnld               vendor.nxp.nxpnfc@1.0-service        E  FW Image Length - ImageInfoLen 34358
2026-03-30 20:21:40.656   355-355   NxpFwDnld               vendor.nxp.nxpnfc@1.0-service        E  FW Image Info Pointer - pImageInfo 0xa95632d0
2026-03-30 20:21:40.656   355-355   NxpFwDnld               vendor.nxp.nxpnfc@1.0-service        E  FW Major Version Num - 1
2026-03-30 20:21:40.656   355-355   NxpFwDnld               vendor.nxp.nxpnfc@1.0-service        E  FW Minor Version Num - 16
2026-03-30 20:21:40.656   355-355   NxpFwDnld               vendor.nxp.nxpnfc@1.0-service        E  FW Image Length - 34358
2026-03-30 20:21:40.656   355-355   NxpFwDnld               vendor.nxp.nxpnfc@1.0-service        E  FW Image Info Pointer - 0xa95632d0
2026-03-30 20:21:40.656   355-355   NxpFwDnld               vendor.nxp.nxpnfc@1.0-service        D  phDnldNfc_InitImgInfo:SUCCESS
2026-03-30 20:21:40.656   355-355   NxpFwDnld               vendor.nxp.nxpnfc@1.0-service        D  Processing R/W Sequence..
2026-03-30 20:21:40.657   355-355   NxpFwDnld               vendor.nxp.nxpnfc@1.0-service        D  Response Timer Created Successfully
2026-03-30 20:21:40.657   355-355   NxpFwDnld               vendor.nxp.nxpnfc@1.0-service        D  Inserting FrameId ..
2026-03-30 20:21:40.657   355-355   NxpFwDnld               vendor.nxp.nxpnfc@1.0-service        D  Frame created successfully
2026-03-30 20:21:40.657   355-1634  NxpTml                  vendor.nxp.nxpnfc@1.0-service        D  PN54X - Write requested.....
2026-03-30 20:21:40.657   355-355   NxpFwDnld               vendor.nxp.nxpnfc@1.0-service        D  Force Command Request submitted successfully
2026-03-30 20:21:40.657   355-1634  NxpTml                  vendor.nxp.nxpnfc@1.0-service        D  PN54X - Invoking I2C Write.....
2026-03-30 20:21:40.667   364-374   HWComposer              surfaceflinger                       W  Ignoring duplicate VSYNC event from HWC (t=0)
2026-03-30 20:21:40.678   355-1634  NxpTml                  vendor.nxp.nxpnfc@1.0-service        E  _i2c_write() errno : 5
2026-03-30 20:21:40.678   355-1634  NxpHal                  vendor.nxp.nxpnfc@1.0-service        E  PN54X - Error in I2C Write  - Retry 0x1
2026-03-30 20:21:40.683 12086-12200 [RadioEngine]           com.reedersystems.commandcomms       D  Dropping RX frame for other channel packetChannel=0 local=TESTING__TESTING 1
2026-03-30 20:21:40.684 12086-12200 [UdpTransport]          com.reedersystems.commandcomms       D  OPUS_RX_FRAME_RECEIVED seq=533 sender=ADMIN payload=116
2026-03-30 20:21:40.689   355-1634  NxpTml                  vendor.nxp.nxpnfc@1.0-service        D  PN54X - Invoking I2C Write.....
2026-03-30 20:21:40.690   364-374   HWComposer              surfaceflinger                       W  Ignoring duplicate VSYNC event from HWC (t=0)
2026-03-30 20:21:40.708   355-1634  NxpTml                  vendor.nxp.nxpnfc@1.0-service        E  _i2c_write() errno : 5
2026-03-30 20:21:40.709   355-1634  NxpHal                  vendor.nxp.nxpnfc@1.0-service        E  PN54X - Error in I2C Write  - Retry 0x2
2026-03-30 20:21:40.714   364-374   HWComposer              surfaceflinger                       W  Ignoring duplicate VSYNC event from HWC (t=0)
2026-03-30 20:21:40.714 12086-12200 [RadioEngine]           com.reedersystems.commandcomms       D  Dropping RX frame for other channel packetChannel=0 local=TESTING__TESTING 1
2026-03-30 20:21:40.715 12086-12200 [UdpTransport]          com.reedersystems.commandcomms       D  OPUS_RX_FRAME_RECEIVED seq=534 sender=ADMIN payload=113
2026-03-30 20:21:40.718 12086-12200 [RadioEngine]           com.reedersystems.commandcomms       D  Dropping RX frame for other channel packetChannel=0 local=TESTING__TESTING 1
2026-03-30 20:21:40.719 12086-12200 [UdpTransport]          com.reedersystems.commandcomms       D  OPUS_RX_FRAME_RECEIVED seq=535 sender=ADMIN payload=96
2026-03-30 20:21:40.719   355-1634  NxpTml                  vendor.nxp.nxpnfc@1.0-service        D  PN54X - Invoking I2C Write.....
2026-03-30 20:21:40.737   364-374   HWComposer              surfaceflinger                       W  Ignoring duplicate VSYNC event from HWC (t=0)
2026-03-30 20:21:40.738   355-1634  NxpTml                  vendor.nxp.nxpnfc@1.0-service        E  _i2c_write() errno : 5
2026-03-30 20:21:40.738   355-1634  NxpHal                  vendor.nxp.nxpnfc@1.0-service        E  PN54X - Error in I2C Write  - Retry 0x3
2026-03-30 20:21:40.749   355-1634  NxpTml                  vendor.nxp.nxpnfc@1.0-service        D  PN54X - Invoking I2C Write.....
2026-03-30 20:21:40.755 12086-12200 [RadioEngine]           com.reedersystems.commandcomms       D  Dropping RX frame for other channel packetChannel=0 local=TESTING__TESTING 1
2026-03-30 20:21:40.755 12086-12200 [UdpTransport]          com.reedersystems.commandcomms       D  OPUS_RX_FRAME_RECEIVED seq=536 sender=ADMIN payload=112
2026-03-30 20:21:40.756 12086-12200 [RadioEngine]           com.reedersystems.commandcomms       D  Dropping RX frame for other channel packetChannel=0 local=TESTING__TESTING 1
