2026-04-08 23:32:57.185  2899-6328  [PTT-DIAG]              com.reedersystems.commandcomms       D  RADIO_TOKEN_ACCEPTED_FOR_ACTIVE_CHANNEL activeChannel=TESTING__TESTING 1 tokenChannel=TESTING__TESTING 1 isReconnect=true
2026-04-08 23:32:57.185  2899-6328  [PTT-DIAG]              com.reedersystems.commandcomms       D  RECONNECT_SESSION_TOKEN_RECEIVED channelId=TESTING__TESTING 1
2026-04-08 23:32:57.185  2899-6328  [PTT-DIAG]              com.reedersystems.commandcomms       D  RADIO_SESSION_TOKEN_RECEIVED channelId=TESTING__TESTING 1
2026-04-08 23:32:57.185   356-1663  NxpTml                  vendor.nxp.nxpnfc@1.0-service        D  PN54X - Invoking I2C Write.....
2026-04-08 23:32:57.185  2899-6328  [UdpTransport]          com.reedersystems.commandcomms       D  RECONNECT_SESSION_TOKEN_SET seqReset=true rxCountReset=true previousTokenCleared=true tokenBytes=16 t=464ms
2026-04-08 23:32:57.185  2899-6328  [UdpTransport]          com.reedersystems.commandcomms       D  Session token set (16 bytes)
2026-04-08 23:32:57.185  2899-6328  [RadioEngine]           com.reedersystems.commandcomms       D  RECONNECT_START reconnectCount=20 — coordinated audio pipeline reset t=465ms
2026-04-08 23:32:57.186  2899-6328  [OpusCodec]             com.reedersystems.commandcomms       D  DECODER_RESET OpusDecoder recreated rate=48000 channels=1 t=466ms
2026-04-08 23:32:57.187  2899-6328  [RadioEngine]           com.reedersystems.commandcomms       D  RECONNECT_STEP decoder_reset reconnectCount=20
2026-04-08 23:32:57.188  2899-6328  [OpusCodec]             com.reedersystems.commandcomms       D  ENCODER_RESET OpusEncoder recreated rate=48000 frameSize=960 channels=1 t=467ms
2026-04-08 23:32:57.188  2899-6328  [RadioEngine]           com.reedersystems.commandcomms       D  RECONNECT_STEP encoder_reset reconnectCount=20
2026-04-08 23:32:57.189  2899-6328  [JitterBuf]             com.reedersystems.commandcomms       D  FLUSH_FOR_RECONNECT staleFrames=0 protectionFrames=3 resetDepth=3 t=468ms
2026-04-08 23:32:57.189  2899-6328  [RadioEngine]           com.reedersystems.commandcomms       D  RECONNECT_STEP jitter_buffer_flushed reconnectCount=20
2026-04-08 23:32:57.192   332-7006  AudioSPELayer           and...re.audio@2.0-service-mediatek  D  PrepareProcessData+
2026-04-08 23:32:57.192   332-7006  AudioSPELayer           and...re.audio@2.0-service-mediatek  D  mDLInBufferQ i=0, length=160, 0xb4904cc0, Sec=5385, NSec=996339244
2026-04-08 23:32:57.193  2899-6328  AudioTrack              com.reedersystems.commandcomms       D  pause(): 0x8330bf00, mState = 0
2026-04-08 23:32:57.194   332-7006  AudioSPELayer           and...re.audio@2.0-service-mediatek  D  mDLInBufferQ i=1, length=160, 0xb4904d60, Sec=5386, NSec=1377654
2026-04-08 23:32:57.194   332-7006  AudioSPELayer           and...re.audio@2.0-service-mediatek  D  mDLInBufferQ i=2, length=160, 0xb4904e00, Sec=5386, NSec=6351399
2026-04-08 23:32:57.194   332-7006  AudioSPELayer           and...re.audio@2.0-service-mediatek  D  mDLInBufferQ i=3, length=160, 0xb4904ea0, Sec=5386, NSec=11335015
2026-04-08 23:32:57.194   332-7006  AudioSPELayer           and...re.audio@2.0-service-mediatek  D  mDLInBufferQ i=4, length=160, 0xb4904f40, Sec=5386, NSec=16342247
2026-04-08 23:32:57.194   332-7006  AudioSPELayer           and...re.audio@2.0-service-mediatek  D  mDLInBufferQ i=5, length=160, 0xb4904fe0, Sec=5386, NSec=21330607
2026-04-08 23:32:57.194   332-7006  AudioSPELayer           and...re.audio@2.0-service-mediatek  D  mDLInBufferQ i=6, length=160, 0xb4905080, Sec=5386, NSec=26399709
2026-04-08 23:32:57.194   332-7006  AudioSPELayer           and...re.audio@2.0-service-mediatek  D  mDLInBufferQ i=7, length=160, 0xb4905120, Sec=5386, NSec=31376633
2026-04-08 23:32:57.194   332-7006  AudioSPELayer           and...re.audio@2.0-service-mediatek  D  PrepareProcessData, time_stamp_estimate, mULInBufferQ[0].sec=5386, mULInBufferQ[0].nsec=9317494
2026-04-08 23:32:57.194   332-7006  AudioSPELayer           and...re.audio@2.0-service-mediatek  D  PrepareProcessData, time_stamp_estimate, mDLInBufferQ[0].sec=5385, mDLInBufferQ[0].nsec=996339244
2026-04-08 23:32:57.195   332-7006  AudioSPELayer           and...re.audio@2.0-service-mediatek  D  TimeStampCompare, bRet=1
2026-04-08 23:32:57.195   332-7006  AudioSPELayer           and...re.audio@2.0-service-mediatek  D  TimeStampCompare, bRet=1
2026-04-08 23:32:57.195   332-7006  AudioSPELayer           and...re.audio@2.0-service-mediatek  D  PrepareProcessData, 1 drop DL Delay data droplength=160, mDLDelayBufferQ.size()=8, mDLDelayBufferQ[0]->BufLen4Delay=160!!!
2026-04-08 23:32:57.195   332-7006  AudioSPELayer           and...re.audio@2.0-service-mediatek  D  TimeStampCompare, bRet=1
2026-04-08 23:32:57.195   332-7006  AudioSPELayer           and...re.audio@2.0-service-mediatek  D  PrepareProcessData, 1 drop DL Delay data droplength=160, mDLDelayBufferQ.size()=7, mDLDelayBufferQ[0]->BufLen4Delay=160!!!
2026-04-08 23:32:57.195   332-7006  AudioSPELayer           and...re.audio@2.0-service-mediatek  D  TimeStampCompare, bRet=0
2026-04-08 23:32:57.195   332-7006  AudioSPELayer           and...re.audio@2.0-service-mediatek  D  TimeStampCompare, bRet=1
2026-04-08 23:32:57.195   332-7006  AudioSPELayer           and...re.audio@2.0-service-mediatek  D  PrepareProcessData, calculate drop downlink data time
2026-04-08 23:32:57.195   332-7006  AudioSPELayer           and...re.audio@2.0-service-mediatek  D  PrepareProcessData, bULlate 1, deltaSec=0, deltaNSec=2966095
2026-04-08 23:32:57.195   332-7006  AudioSPELayer           and...re.audio@2.0-service-mediatek  D  PrepareProcessData, diffnsec 2966095, diffSample=47, diffBufLength=94
2026-04-08 23:32:57.195   332-7006  AudioSPELayer           and...re.audio@2.0-service-mediatek  D  PrepareProcessData, drop DL data diffBufLength=94, mDLInBufferQ.size()=6, mDLInBufferQ[0]->BufLen=160!!!
2026-04-08 23:32:57.195   332-7006  AudioSPELayer           and...re.audio@2.0-service-mediatek  D  PrepareProcessData, mDLInBufferQ[0]->pRead=0xb4904e00 , mDLInBufferQ[0]->BufLen=160, sec 5386, nsec 6351399
2026-04-08 23:32:57.195   332-7006  AudioSPELayer           and...re.audio@2.0-service-mediatek  D  PrepareProcessData, after mDLInBufferQ[0]->pRead=0xb4904e5e, mDLInBufferQ[0]->BufLen=66, updatensecdiff=2937500, sec=5386, nsec=9288899
2026-04-08 23:32:57.195   332-7006  AudioSPELayer           and...re.audio@2.0-service-mediatek  D  PrepareProcessData, drop DL Delay data droplength=94, mDLDelayBufferQ.size()=6, mDLDelayBufferQ[0]->BufLen4Delay=160!!!
2026-04-08 23:32:57.195   332-7006  AudioSPELayer           and...re.audio@2.0-service-mediatek  D  PrepareProcessData, mDLDelayBufferQ[0]->pRead=0xb4904e00
2026-04-08 23:32:57.195   332-7006  AudioSPELayer           and...re.audio@2.0-service-mediatek  D  PrepareProcessData, after mDLDelayBufferQ[0]->pRead=0xb4904e5e, mDLDelayBufferQ[0]->BufLen=66
2026-04-08 23:32:57.195   332-7006  AudioSPELayer           and...re.audio@2.0-service-mediatek  D  PrepareProcessData, finish, mDLInBufferQ.size = 6, mDLInBufQLenTotal=866, mULInBufferQ.size = 1, mULInBufQLenTotal=1280
2026-04-08 23:32:57.195   332-7006  AudioSPELayer           and...re.audio@2.0-service-mediatek  D  PrepareProcessData, finish, mDLInBufferQ[0]->pRead=0xb4904e5e , mDLInBufferQ[0]->BufLen=66, sec = 5386, nsec = 9288899
2026-04-08 23:32:57.195   332-7006  AudioSPELayer           and...re.audio@2.0-service-mediatek  D  PrepareProcessData, finish, mULInBufferQ[0]->pRead=0xb5d04900 , mULInBufferQ[0]->BufLen=1280, sec = 5386, nsec = 9317494
2026-04-08 23:32:57.195   332-7006  AudioSPELayer           and...re.audio@2.0-service-mediatek  D  PrepareProcessData, adjust downlink data mLatencyDir=0,mLatencySampleCount=64
2026-04-08 23:32:57.195   332-7006  AudioSPELayer           and...re.audio@2.0-service-mediatek  D  adjust downlink data drop DL data diffBufLength=0, mDLInBufferQ.size()=6, mDLInBufferQ[0]->BufLen=66!!!
2026-04-08 23:32:57.195   332-7006  AudioSPELayer           and...re.audio@2.0-service-mediatek  D  adjust downlink data drop DL Delay data droplength=66, mDLDelayBufferQ.size()=6, mDLDelayBufferQ[0]->BufLen4Delay=66!!!
2026-04-08 23:32:57.195   332-7006  AudioSPELayer           and...re.audio@2.0-service-mediatek  D  adjust downlink data drop DL data diffBufLength=0, mDLInBufferQ.size()=5, mDLInBufferQ[0]->BufLen=160!!!
2026-04-08 23:32:57.195   332-7006  AudioSPELayer           and...re.audio@2.0-service-mediatek  D  adjust downlink data mDLInBufferQ[0]->pRead=0xb4904ea0 , mDLInBufferQ[0]->BufLen=160, sec 5386, nsec 11335015
2026-04-08 23:32:57.195   332-7006  AudioSPELayer           and...re.audio@2.0-service-mediatek  D  adjust downlink data after mDLInBufferQ[0]->pRead=0xb4904ede, mDLInBufferQ[0]->BufLen=98, updatensecdiff=1937500, sec=5386, nsec=13272515
2026-04-08 23:32:57.195   332-7006  AudioSPELayer           and...re.audio@2.0-service-mediatek  D  adjust downlink data drop DL Delay data droplength=62, mDLDelayBufferQ.size()=5, mDLDelayBufferQ[0]->BufLen4Delay=160!!!
2026-04-08 23:32:57.195   332-7006  AudioSPELayer           and...re.audio@2.0-service-mediatek  D  adjust downlink data mDLDelayBufferQ[0]->pRead=0xb4904ea0
2026-04-08 23:32:57.195   332-7006  AudioSPELayer           and...re.audio@2.0-service-mediatek  D  adjust downlink data after mDLDelayBufferQ[0]->pRead=0xb4904ede, mDLDelayBufferQ[0]->BufLen=98
2026-04-08 23:32:57.204   356-1663  NxpTml                  vendor.nxp.nxpnfc@1.0-service        E  _i2c_write() errno : 5
2026-04-08 23:32:57.204   356-1663  NxpHal                  vendor.nxp.nxpnfc@1.0-service        E  PN54X - Error in I2C Write  - Retry 0x3
2026-04-08 23:32:57.207   365-434   HWComposer              surfaceflinger                       W  Ignoring duplicate VSYNC event from HWC (t=0)
2026-04-08 23:32:57.213   381-527   APM_AudioPolicyManager  audioserver                          D  stopOutput() output 13, stream 8, session 1201
2026-04-08 23:32:57.213   381-527   APM::Audio...Descriptor audioserver                          V  changeRefCount() stream 8, count 0
2026-04-08 23:32:57.214   356-1663  NxpTml                  vendor.nxp.nxpnfc@1.0-service        D  PN54X - Invoking I2C Write.....
2026-04-08 23:32:57.230   365-434   HWComposer              surfaceflinger                       W  Ignoring duplicate VSYNC event from HWC (t=0)
2026-04-08 23:32:57.232   737-915   zhouzhe                 system_server                        D  keyCode222 = 230
2026-04-08 23:32:57.234  2899-6393  [AudioCapture]          com.reedersystems.commandcomms       D  TX_AUDIO_SOURCE_PROBE source=VOICE_RECOGNITION probeFrame=0 samples=960 min=-4 max=4 rms=1.2 silent=true zeros=452
2026-04-08 23:32:57.236   356-1663  NxpTml                  vendor.nxp.nxpnfc@1.0-service        E  _i2c_write() errno : 5
2026-04-08 23:32:57.236   356-1663  NxpTml                  vendor.nxp.nxpnfc@1.0-service        E  PN54X - Error in I2C Write.....
2026-04-08 23:32:57.236   356-1663  NxpTml                  vendor.nxp.nxpnfc@1.0-service        D  PN54X - Posting Fresh Write message.....
2026-04-08 23:32:57.236   356-1663  NxpTml                  vendor.nxp.nxpnfc@1.0-service        D  PN54X - Tml Writer Thread Running................
2026-04-08 23:32:57.236   356-1665  NxpFwDnld               vendor.nxp.nxpnfc@1.0-service        E  Tml Write error!!
2026-04-08 23:32:57.236   356-1665  NxpFwDnld               vendor.nxp.nxpnfc@1.0-service        E  phNxpNciHal_fw_dnld_get_sessn_state_cb - Request Failed!!
2026-04-08 23:32:57.237   356-356   NxpFwDnld               vendor.nxp.nxpnfc@1.0-service        E  phDnldNfc_GetSessionState cb failed
2026-04-08 23:32:57.237   356-356   NxpFwDnld               vendor.nxp.nxpnfc@1.0-service        E   phNxpNciHal_fw_seq_handler : FAILED
2026-04-08 23:32:57.237   356-356   NxpFwDnld               vendor.nxp.nxpnfc@1.0-service        D  phNxpNciHal_fw_dnld_complete: Download Status = 0xff
2026-04-08 23:32:57.237   356-356   NxpFwDnld               vendor.nxp.nxpnfc@1.0-service        E  Fw Download Failed!!
2026-04-08 23:32:57.237   356-356   NxpTml                  vendor.nxp.nxpnfc@1.0-service        D  phTmlNfc_i2c_reset(), VEN level 0
2026-04-08 23:32:57.253  2899-6393  [AudioCapture]          com.reedersystems.commandcomms       D  TX_AUDIO_SOURCE_PROBE source=VOICE_RECOGNITION probeFrame=1 samples=960 min=-7 max=7 rms=2.5 silent=true zeros=170
2026-04-08 23:32:57.253   365-434   HWComposer              surfaceflinger                       W  Ignoring duplicate VSYNC event from HWC (t=0)
2026-04-08 23:32:57.273  2899-6393  [AudioCapture]          com.reedersystems.commandcomms       D  TX_AUDIO_SOURCE_PROBE source=VOICE_RECOGNITION probeFrame=2 samples=960 min=-5 max=6 rms=1.8 silent=true zeros=226
2026-04-08 23:32:57.273   397-397   gle.vp8.encoder         media.codec                          W  type=1400 audit(0.0:20565): avc: denied { getattr } for path="/dev/sw_sync" dev="tmpfs" ino=266 scontext=u:r:mediacodec:s0 tcontext=u:object_r:sw_sync_device:s0 tclass=chr_file permissive=0
2026-04-08 23:32:57.277   365-434   HWComposer              surfaceflinger                       W  Ignoring duplicate VSYNC event from HWC (t=0)
2026-04-08 23:32:57.281   737-915   zhouzhe                 system_server                        D  keyCode222 = 230
2026-04-08 23:32:57.293  2899-6393  [AudioCapture]          com.reedersystems.commandcomms       D  TX_AUDIO_SOURCE_PROBE source=VOICE_RECOGNITION probeFrame=3 samples=960 min=-26 max=15 rms=5.7 silent=true zeros=144
2026-04-08 23:32:57.294   381-620   AudioFlinger_Threads    audioserver                          D  enforc flush
2026-04-08 23:32:57.295   737-755   MediaRouterService      system_server                        V  restoreBluetoothA2dp(false)
2026-04-08 23:32:57.295  2899-6328  AudioTrack              com.reedersystems.commandcomms       D  start(): 0x8330bf00, mState = 4
2026-04-08 23:32:57.295   381-7372  APM_AudioPolicyManager  audioserver                          D  startOutput() output 13, stream 3, session 625
2026-04-08 23:32:57.295   381-7372  APM::Audio...Descriptor audioserver                          V  changeRefCount() stream 3, count 1
2026-04-08 23:32:57.296  2899-6328  [AudioPlay]             com.reedersystems.commandcomms       D  RECONNECT_AUDIOTRACK_FLUSHED stale playback data cleared t=576ms
2026-04-08 23:32:57.297  2899-6328  [RadioEngine]           com.reedersystems.commandcomms       D  RECONNECT_STEP audiotrack_flushed reconnectCount=20
2026-04-08 23:32:57.297  2899-6328  [RadioEngine]           com.reedersystems.commandcomms       D  RECONNECT_STEP dsp_state_reset reconnectCount=20
2026-04-08 23:32:57.297  2899-6328  [RadioEngine]           com.reedersystems.commandcomms       D  RECONNECT_COMPLETE reconnectCount=20 resetDurationMs=112 componentsReset=decoder,encoder,jitterBuffer,audioTrack,dsp t=576ms
2026-04-08 23:32:57.296   737-755   MediaRouterService      system_server                        V  restoreBluetoothA2dp(false)
2026-04-08 23:32:57.297   737-845   DuraSpeed/...eedService system_server                        D  [onPlaybackConfigChanged], play music packageNames:[com.reedersystems.commandcomms, com.reedersystems.commandcomms]
2026-04-08 23:32:57.299  2899-6872  [UdpTransport]          com.reedersystems.commandcomms       D  UDP_KEEPALIVE_IMMEDIATE_SENT to=comms.reeder-systems.com:5100 t=578ms
2026-04-08 23:32:57.300   356-356   NxpTml                  vendor.nxp.nxpnfc@1.0-service        D  phTmlNfc_i2c_reset(), VEN level 1
2026-04-08 23:32:57.300   365-434   HWComposer              surfaceflinger                       W  Ignoring duplicate VSYNC event from HWC (t=0)
2026-04-08 23:32:57.313  2899-6393  [AudioCapture]          com.reedersystems.commandcomms       D  TX_AUDIO_SOURCE_PROBE source=VOICE_RECOGNITION probeFrame=4 samples=960 min=-23 max=21 rms=7.2 silent=true zeros=68
2026-04-08 23:32:57.323   365-434   HWComposer              surfaceflinger                       W  Ignoring duplicate VSYNC event from HWC (t=0)
2026-04-08 23:32:57.326  2899-7009  [PTT-DIAG]              com.reedersystems.commandcomms       D  [FloorCtrl] SIGNALING_FLOOR_GRANTED channelId=TESTING__TESTING 1 senderUnitId=INDIANA-1
2026-04-08 23:32:57.330  2899-6872  [PTT-DIAG]              com.reedersystems.commandcomms       D  RADIO_PTT_GRANTED channelId=TESTING__TESTING 1 senderUnitId=INDIANA-1
2026-04-08 23:32:57.330  2899-6872  [FloorCtrl]             com.reedersystems.commandcomms       D  Floor GRANTED channelKey=TESTING__TESTING 1 latencyMs=446 t=609ms
2026-04-08 23:32:57.331  2899-6872  [RadioState]            com.reedersystems.commandcomms       D  State transition: REQUESTING_FLOOR -> TRANSMITTING reason=floor_granted activeChannel=TESTING__TESTING 1 txPipeline=false rxPipeline=true t=610ms
2026-04-08 23:32:57.333   737-915   zhouzhe                 system_server                        D  keyCode222 = 230
2026-04-08 23:32:57.336  2899-2899  [PTT-DIAG]              com.reedersystems.commandcomms       D  RadioState updated: TRANSMITTING
2026-04-08 23:32:57.337  2899-2943  [PTT-DIAG]              com.reedersystems.commandcomms       D  Floor GRANTED — promoting pre-capture to live TX
2026-04-08 23:32:57.338  2899-6393  [AudioCapture]          com.reedersystems.commandcomms       D  TX_AUDIO_SOURCE_PROBE source=VOICE_RECOGNITION probeFrame=5 samples=960 min=-24 max=24 rms=8.3 silent=true zeros=64
2026-04-08 23:32:57.346   365-434   HWComposer              surfaceflinger                       W  Ignoring duplicate VSYNC event from HWC (t=0)
2026-04-08 23:32:57.350  2899-6466  [FloorCtrl]             com.reedersystems.commandcomms       D  Channel busy — transmitting unit: INDIANA-1 state=TRANSMITTING t=628ms
2026-04-08 23:32:57.355  2899-6393  [AudioCapture]          com.reedersystems.commandcomms       D  TX_AUDIO_SOURCE_PROBE source=VOICE_RECOGNITION probeFrame=6 samples=960 min=-29 max=35 rms=10.3 silent=true zeros=73
2026-04-08 23:32:57.370   365-434   HWComposer              surfaceflinger                       W  Ignoring duplicate VSYNC event from HWC (t=0)
2026-04-08 23:32:57.373  2899-6393  [AudioCapture]          com.reedersystems.commandcomms       D  TX_AUDIO_SOURCE_PROBE source=VOICE_RECOGNITION probeFrame=7 samples=960 min=-20 max=24 rms=6.7 silent=true zeros=89
2026-04-08 23:32:57.373   397-397   gle.vp8.encoder         media.codec                          W  type=1400 audit(0.0:20566): avc: denied { getattr } for path="/dev/sw_sync" dev="tmpfs" ino=266 scontext=u:r:mediacodec:s0 tcontext=u:object_r:sw_sync_device:s0 tclass=chr_file permissive=0
2026-04-08 23:32:57.383   737-915   zhouzhe                 system_server                        D  keyCode222 = 230
2026-04-08 23:32:57.392  2899-6393  [AudioCapture]          com.reedersystems.commandcomms       D  TX_AUDIO_SOURCE_PROBE source=VOICE_RECOGNITION probeFrame=8 samples=960 min=-26 max=22 rms=9.4 silent=true zeros=64
2026-04-08 23:32:57.393   365-434   HWComposer              surfaceflinger                       W  Ignoring duplicate VSYNC event from HWC (t=0)
2026-04-08 23:32:57.413  2899-6393  [AudioCapture]          com.reedersystems.commandcomms       D  TX_AUDIO_SOURCE_PROBE source=VOICE_RECOGNITION probeFrame=9 samples=960 min=-27 max=25 rms=8.9 silent=true zeros=58
2026-04-08 23:32:57.413  2899-6393  [AudioCapture]          com.reedersystems.commandcomms       D  TX_AUDIO_SOURCE_PROBE source=VOICE_RECOGNITION probeRate=48000 result=REJECT avgRms=6.2 min=-29 max=35 validFrames=10 reason=rms_too_low threshold=20.0
2026-04-08 23:32:57.413   356-356   NxpFwDnld               vendor.nxp.nxpnfc@1.0-service        E  free library SUCCESS !!
2026-04-08 23:32:57.414   356-356   NxpFwDnld               vendor.nxp.nxpnfc@1.0-service        E  Freeing Mem for Dnld Context..
2026-04-08 23:32:57.414   356-356   NxpHal                  vendor.nxp.nxpnfc@1.0-service        D  Chip Version Middleware Version mismatch!!!!
2026-04-08 23:32:57.414  2899-6393  AudioRecord             com.reedersystems.commandcomms       D  stop: 0x8494e400
2026-04-08 23:32:57.414   356-1663  NxpTml                  vendor.nxp.nxpnfc@1.0-service        D  PN54X - Write requested.....
2026-04-08 23:32:57.414   356-1663  NxpTml                  vendor.nxp.nxpnfc@1.0-service        D  PN54X - Invoking I2C Write.....
2026-04-08 23:32:57.416   365-434   HWComposer              surfaceflinger                       W  Ignoring duplicate VSYNC event from HWC (t=0)
2026-04-08 23:32:57.430   354-373   powerd                  merged_hal_service                   I  [powerd_req] POWER_MSG_QUERY_INFO: cmd:6, param:0
2026-04-08 23:32:57.432   332-6537  AudioALSAStreamIn       and...re.audio@2.0-service-mediatek  D  +standby()
2026-04-08 23:32:57.432   332-6537  AudioALSAStreamIn       and...re.audio@2.0-service-mediatek  D  standby(), keep the mStandbyFrameCount = 4480, ret = 0
2026-04-08 23:32:57.432   332-6537  AudioALSAStreamIn       and...re.audio@2.0-service-mediatek  D  close()
2026-04-08 23:32:57.432   332-6537  AudioALSAC...HandlerAEC and...re.audio@2.0-service-mediatek  D  +close()
2026-04-08 23:32:57.432   332-6537  AudioALSAC...DataClient and...re.audio@2.0-service-mediatek  D  ~AudioALSACaptureDataClient()
2026-04-08 23:32:57.432   332-6537  AudioALSAC...DataClient and...re.audio@2.0-service-mediatek  D  ~AudioALSACaptureDataClient(), remove EchoRef data provider,mCaptureDataProviderEchoRef=0xb491df00
2026-04-08 23:32:57.432   332-6537  AudioALSAC...oviderBase and...re.audio@2.0-service-mediatek  D  detach(), 0xb491df00, mCaptureDataClientVector.size()=1, Identity=0xb5d7d800
2026-04-08 23:32:57.432   332-6537  AudioALSAC...derEchoRef and...re.audio@2.0-service-mediatek  D  close()
2026-04-08 23:32:57.434   737-915   zhouzhe                 system_server                        D  keyCode222 = 230
2026-04-08 23:32:57.434   356-1663  NxpTml                  vendor.nxp.nxpnfc@1.0-service        E  _i2c_write() errno : 5
2026-04-08 23:32:57.435   356-1663  NxpTml                  vendor.nxp.nxpnfc@1.0-service        E  PN54X - Error in I2C Write.....
2026-04-08 23:32:57.435   356-1663  NxpTml                  vendor.nxp.nxpnfc@1.0-service        D  PN54X - Posting Fresh Write message.....
2026-04-08 23:32:57.435   356-1663  NxpTml                  vendor.nxp.nxpnfc@1.0-service        D  PN54X - Tml Writer Thread Running................
2026-04-08 23:32:57.435   356-1665  NxpHal                  vendor.nxp.nxpnfc@1.0-service        E  write error status = 0x1ff
2026-04-08 23:32:57.435   356-356   NxpHal                  vendor.nxp.nxpnfc@1.0-service        E  write_unlocked failed - PN54X Maybe in Standby Mode - Retry
2026-04-08 23:32:57.437   332-7007  AudioALSAC...derEchoRef and...re.audio@2.0-service-mediatek  D  -readThread(), pid: 332, tid: 7007
2026-04-08 23:32:57.437   332-6537  AudioALSAC...derEchoRef and...re.audio@2.0-service-mediatek  D  pthread_join hReadThread done
2026-04-08 23:32:57.438   332-6537  MtkAudioSrc             and...re.audio@2.0-service-mediatek  D  close(), mState = 1
2026-04-08 23:32:57.438   332-6537  MtkAudioSrc             and...re.audio@2.0-service-mediatek  D  close(), mState = 1
2026-04-08 23:32:57.438   332-6537  AudioALSAC...oviderBase and...re.audio@2.0-service-mediatek  D  detach(), 0xb491dc80, mCaptureDataClientVector.size()=1, Identity=0xb5d7d800
2026-04-08 23:32:57.438   332-6537  AudioALSAH...rceManager and...re.audio@2.0-service-mediatek  D  +stopInputDevice(), mInputDevice = 0x80000004, stop_device = 0x80000004, mStartInputDeviceCount = 1, mMicInverse = 0, mNumPhoneMicSupport = 2
2026-04-08 23:32:57.438   332-6537  AudioUtility            and...re.audio@2.0-service-mediatek  D  IsAudioSupportFeature AUDIO_SUPPORT_DMIC bSupportFlg[0]
2026-04-08 23:32:57.438   332-6537  AudioALSAD...figManager and...re.audio@2.0-service-mediatek  D  ApplyDeviceSettingByName() DeviceName = Mic1TypeACCMode descriptor->DeviceStatusCounter = 0
2026-04-08 23:32:57.438   332-6537  AudioALSAD...figManager and...re.audio@2.0-service-mediatek  D  ApplyDeviceSettingByName() DeviceName = Mic2TypeACCMode descriptor->DeviceStatusCounter = 0
2026-04-08 23:32:57.438   332-6537  AudioALSAD...figManager and...re.audio@2.0-service-mediatek  D  ApplyDeviceTurnoffSequenceByName(), DeviceName = builtin_Mic_DualMic descriptor->DeviceStatusCounter = 1
2026-04-08 23:32:57.438   332-6537  AudioALSAC...iderNormal and...re.audio@2.0-service-mediatek  D  close()
2026-04-08 23:32:57.440   332-7006  AudioALSAC...iderNormal and...re.audio@2.0-service-mediatek  D  -readThread(), pid: 332, tid: 7006
2026-04-08 23:32:57.440   332-6537  AudioALSAC...iderNormal and...re.audio@2.0-service-mediatek  D  pthread_join hReadThread done
2026-04-08 23:32:57.440   365-434   HWComposer              surfaceflinger                       W  Ignoring duplicate VSYNC event from HWC (t=0)
2026-04-08 23:32:57.441   332-6537  AudioALSAC...iderNormal and...re.audio@2.0-service-mediatek  D  -close()
2026-04-08 23:32:57.441   332-6537  MtkAudioSrc             and...re.audio@2.0-service-mediatek  D  close(), mState = 1
2026-04-08 23:32:57.441   332-6537  AudioALSAC...DataClient and...re.audio@2.0-service-mediatek  D  +StopBesRecord()
2026-04-08 23:32:57.441   332-6537  AudioSPELayer           and...re.audio@2.0-service-mediatek  D  Stop
2026-04-08 23:32:57.441   332-6537  AudioSPELayer           and...re.audio@2.0-service-mediatek  D  Clear
2026-04-08 23:32:57.441   332-6537  AudioSPELayer           and...re.audio@2.0-service-mediatek  D  free mSphCtrlBuffer 0xb3a83040
2026-04-08 23:32:57.441   332-6537  AudioSPELayer           and...re.audio@2.0-service-mediatek  D  ~free mSphCtrlBuffer
2026-04-08 23:32:57.441   332-6537  AudioSPELayer           and...re.audio@2.0-service-mediatek  D  ~Clear
2026-04-08 23:32:57.441   332-6537  AudioALSAC...DataClient and...re.audio@2.0-service-mediatek  D  -StopBesRecord()
2026-04-08 23:32:57.441   332-6537  MtkAudioSrc             and...re.audio@2.0-service-mediatek  D  close(), mState = 1
2026-04-08 23:32:57.441   332-6537  AudioSPELayer           and...re.audio@2.0-service-mediatek  D  ~SPELayer+
2026-04-08 23:32:57.441   332-6537  AudioSPELayer           and...re.audio@2.0-service-mediatek  D  Clear
2026-04-08 23:32:57.441   332-6537  AudioSPELayer           and...re.audio@2.0-service-mediatek  D  ~Clear
2026-04-08 23:32:57.441   332-6537  AudioSPELayer           and...re.audio@2.0-service-mediatek  D  FlushBufferQ+
2026-04-08 23:32:57.441   332-6537  AudioSPELayer           and...re.audio@2.0-service-mediatek  D  FlushBufferQ mULOutBufferQ size=1,mULInBufferQ.size=1,mDLOutBufferQ.size()=0,mDLInBufferQ.size()=2,mDLDelayBufferQ.size()=2
2026-04-08 23:32:57.441   332-6537  AudioSPELayer           and...re.audio@2.0-service-mediatek  D  mDLInBufferQ::pBufBase=0xb4904f40
2026-04-08 23:32:57.442   332-6537  AudioSPELayer           and...re.audio@2.0-service-mediatek  D  mDLInBufferQ::done, free at DLDelay buffer
2026-04-08 23:32:57.442   332-6537  AudioSPELayer           and...re.audio@2.0-service-mediatek  D  mDLInBufferQ::pBufBase=0xb4904cc0
2026-04-08 23:32:57.442   332-6537  AudioSPELayer           and...re.audio@2.0-service-mediatek  D  mDLInBufferQ::done, free at DLDelay buffer
2026-04-08 23:32:57.442   332-6537  AudioSPELayer           and...re.audio@2.0-service-mediatek  D  mDLDelayBufferQ::pBufBase=0xb4904f40
2026-04-08 23:32:57.442   332-6537  AudioSPELayer           and...re.audio@2.0-service-mediatek  D  mDLDelayBufferQ::free
2026-04-08 23:32:57.442   332-6537  AudioSPELayer           and...re.audio@2.0-service-mediatek  D  mDLDelayBufferQ::delete
2026-04-08 23:32:57.442   332-6537  AudioSPELayer           and...re.audio@2.0-service-mediatek  D  mDLDelayBufferQ::done
2026-04-08 23:32:57.442   332-6537  AudioSPELayer           and...re.audio@2.0-service-mediatek  D  mDLDelayBufferQ::pBufBase=0xb4904cc0
2026-04-08 23:32:57.442   332-6537  AudioSPELayer           and...re.audio@2.0-service-mediatek  D  mDLDelayBufferQ::free
2026-04-08 23:32:57.442   332-6537  AudioSPELayer           and...re.audio@2.0-service-mediatek  D  mDLDelayBufferQ::delete
2026-04-08 23:32:57.442   332-6537  AudioSPELayer           and...re.audio@2.0-service-mediatek  D  mDLDelayBufferQ::done
2026-04-08 23:32:57.442   332-6537  AudioSPELayer           and...re.audio@2.0-service-mediatek  D  FlushBufferQ-
2026-04-08 23:32:57.442   332-6537  AudioSPELayer           and...re.audio@2.0-service-mediatek  D  ~SPELayer-
2026-04-08 23:32:57.442   332-6537  AudioPreProcess         and...re.audio@2.0-service-mediatek  D  ~AudioPreProcess()+
2026-04-08 23:32:57.443   332-6537  AudioPreProcess         and...re.audio@2.0-service-mediatek  D  ~AudioPreProcess()-
2026-04-08 23:32:57.443   332-6537  AudioALSAC...DataClient and...re.audio@2.0-service-mediatek  D  -~AudioALSACaptureDataClient()
2026-04-08 23:32:57.443   332-6537  AudioALSAC...HandlerAEC and...re.audio@2.0-service-mediatek  D  -close()
2026-04-08 23:32:57.443   332-6537  AudioALSAC...HandlerAEC and...re.audio@2.0-service-mediatek  D  ~AudioALSACaptureHandlerAEC()
2026-04-08 23:32:57.443   332-6537  AudioALSAC...andlerBase and...re.audio@2.0-service-mediatek  D  ~AudioALSACaptureHandlerBase()
2026-04-08 23:32:57.443   332-6537  AudioALSAStreamManager  and...re.audio@2.0-service-mediatek  D  -destroyCaptureHandler(), mCaptureHandlerVector.size() = 0
2026-04-08 23:32:57.443   332-6537  AudioALSAStreamIn       and...re.audio@2.0-service-mediatek  D  -standby()
2026-04-08 23:32:57.443   381-7372  APM_AudioPolicyManager  audioserver                          D  stopInput() input 766
2026-04-08 23:32:57.445   356-1663  NxpTml                  vendor.nxp.nxpnfc@1.0-service        D  PN54X - Write requested.....
2026-04-08 23:32:57.445   356-1663  NxpTml                  vendor.nxp.nxpnfc@1.0-service        D  PN54X - Invoking I2C Write.....
2026-04-08 23:32:57.463   365-434   HWComposer              surfaceflinger                       W  Ignoring duplicate VSYNC event from HWC (t=0)
2026-04-08 23:32:57.464   356-1663  NxpTml                  vendor.nxp.nxpnfc@1.0-service        E  _i2c_write() errno : 5
2026-04-08 23:32:57.464   356-1663  NxpTml                  vendor.nxp.nxpnfc@1.0-service        E  PN54X - Error in I2C Write.....
2026-04-08 23:32:57.464   356-1663  NxpTml                  vendor.nxp.nxpnfc@1.0-service        D  PN54X - Posting Fresh Write message.....
2026-04-08 23:32:57.464   356-1663  NxpTml                  vendor.nxp.nxpnfc@1.0-service        D  PN54X - Tml Writer Thread Running................
2026-04-08 23:32:57.464   356-1665  NxpHal                  vendor.nxp.nxpnfc@1.0-service        E  write error status = 0x1ff
2026-04-08 23:32:57.465   356-356   NxpHal                  vendor.nxp.nxpnfc@1.0-service        E  write_unlocked failed - PN54X Maybe in Standby Mode - Retry
2026-04-08 23:32:57.465   332-946   AudioALSAHardware       and...re.audio@2.0-service-mediatek  D  -releaseAudioPatch handle [0x66]
2026-04-08 23:32:57.465   332-946   AudioALSAHardware       and...re.audio@2.0-service-mediatek  D  +routing releaseAudioPatch 80000004->Mixer
2026-04-08 23:32:57.465   332-946   AudioALSAStreamManager  and...re.audio@2.0-service-mediatek  D  +setParameters(), IOport = 766, keyValuePairs = routing=0
2026-04-08 23:32:57.465   332-946   AudioALSAStreamIn       and...re.audio@2.0-service-mediatek  D  +setParameters(): routing=0
2026-04-08 23:32:57.466   332-946   AudioALSAStreamManager  and...re.audio@2.0-service-mediatek  D  +routingInputDevice(), input_device: 0x80000004 => 0x0
2026-04-08 23:32:57.466   332-946   AudioALSAStreamManager  and...re.audio@2.0-service-mediatek  W  -routingInputDevice(), input_device == AUDIO_DEVICE_NONE(0x0), return
2026-04-08 23:32:57.466   332-946   AudioALSAStreamIn       and...re.audio@2.0-service-mediatek  D  -setParameters(): routing=0 
2026-04-08 23:32:57.466   332-946   AudioALSAHardware       and...re.audio@2.0-service-mediatek  D  handlecheck releaseAudioPatch remove handle [66] OK
2026-04-08 23:32:57.466   332-946   AudioALSAHardware       and...re.audio@2.0-service-mediatek  D  -releaseAudioPatch handle [0x66] status [0]
2026-04-08 23:32:57.467  2899-6393  AudioRecord             com.reedersystems.commandcomms       D  stop done
2026-04-08 23:32:57.467  2899-6393  AudioRecord             com.reedersystems.commandcomms       D  stop: 0x8494e400
2026-04-08 23:32:57.467  2899-6393  chatty                  com.reedersystems.commandcomms       I  uid=10172(com.reedersystems.commandcomms) DefaultDispatch identical 1 line
2026-04-08 23:32:57.467  2899-6393  AudioRecord             com.reedersystems.commandcomms       D  stop: 0x8494e400
2026-04-08 23:32:57.470  2899-6393  AudioRecord             com.reedersystems.commandcomms       D  set(): 0x8494e400, inputSource 7, sampleRate 48000, format 0x1, channelMask 0x10, frameCount 1920, notificationFrames 0, sessionId 0, transferType 0, flags 0, opPackageName com.reedersystems.commandcomms uid -1, pid -1
2026-04-08 23:32:57.472   332-946   AudioALSAStreamManager  and...re.audio@2.0-service-mediatek  D  +closeInputStream(), in = 0xb5d6aa00, size() = 1
2026-04-08 23:32:57.472   332-946   AudioALSAStreamIn       and...re.audio@2.0-service-mediatek  D  ~AudioALSAStreamIn()
2026-04-08 23:32:57.472   332-946   AudioALSAStreamManager  and...re.audio@2.0-service-mediatek  D  -closeInputStream(), mStreamInVector.size() = 0
2026-04-08 23:32:57.472   381-2217  APM_AudioPolicyManager  audioserver                          D  getInputForAttr() source 7, samplingRate 48000, format 1, channelMask 10,session 1217, flags 0
2026-04-08 23:32:57.473   332-946   AudioALSAStreamManager  and...re.audio@2.0-service-mediatek  D  openInputStream(), devices = 0x80000004, format = 0x1, channels = 0x10, sampleRate = 48000, status = 774, acoustics = 0x0
2026-04-08 23:32:57.473   332-946   AudioALSAStreamIn       and...re.audio@2.0-service-mediatek  D  AudioALSAStreamIn()
2026-04-08 23:32:57.473   332-946   AudioALSAStreamIn       and...re.audio@2.0-service-mediatek  D  set(), devices = 0x80000004, format = 0x1, channels = 0x10, sampleRate = 48000, acoustics = 0x0, flags = 0
2026-04-08 23:32:57.473   332-946   AudioALSAStreamIn       and...re.audio@2.0-service-mediatek  D  CheckBesRecordInfo()
2026-04-08 23:32:57.473   332-946   AudioSpeechEnhanceInfo  and...re.audio@2.0-service-mediatek  D  GetBesRecScene() -1
2026-04-08 23:32:57.473   332-946   AudioSpeechEnhanceInfo  and...re.audio@2.0-service-mediatek  D  IsBesRecTuningEnable()- 0
2026-04-08 23:32:57.473   332-946   NVRAM                   and...re.audio@2.0-service-mediatek  D  getNumMicSupport(), dualMicFlag 1, numMicString 2
2026-04-08 23:32:57.473   332-946   NVRAM                   and...re.audio@2.0-service-mediatek  D  QueryFeatureSupportInfo(), feature support bit 0x1a097c57 
2026-04-08 23:32:57.473   332-946   AudioSpeechEnhanceInfo  and...re.audio@2.0-service-mediatek  D  IsAPDMNRTuningEnable(), 0
2026-04-08 23:32:57.473   332-946   NVRAM                   and...re.audio@2.0-service-mediatek  D  getNumMicSupport(), dualMicFlag 1, numMicString 2
2026-04-08 23:32:57.473   332-946   NVRAM                   and...re.audio@2.0-service-mediatek  D  QueryFeatureSupportInfo(), feature support bit 0x1a097c57 
2026-04-08 23:32:57.473   332-946   AudioSpeechEnhanceInfo  and...re.audio@2.0-service-mediatek  D  GetForceMagiASRState(), feature_support=1a097c57, 400, mForceMagiASR=0
2026-04-08 23:32:57.473   332-946   AudioSpeechEnhanceInfo  and...re.audio@2.0-service-mediatek  D  GetForceAECRecState(), mForceAECRec=0
2026-04-08 23:32:57.473   332-946   AudioALSAStreamManager  and...re.audio@2.0-service-mediatek  E  -openInputStream(), set fail, return NULL
2026-04-08 23:32:57.473   332-946   AudioALSAStreamIn       and...re.audio@2.0-service-mediatek  D  ~AudioALSAStreamIn()
2026-04-08 23:32:57.473   332-946   DeviceHAL               and...re.audio@2.0-service-mediatek  W  Device open_input_stream: Invalid argument
2026-04-08 23:32:57.474   332-946   AudioALSAStreamManager  and...re.audio@2.0-service-mediatek  D  openInputStream(), devices = 0x80000004, format = 0x1, channels = 0x10, sampleRate = 16000, status = 774, acoustics = 0x0
2026-04-08 23:32:57.474   332-946   AudioALSAStreamIn       and...re.audio@2.0-service-mediatek  D  AudioALSAStreamIn()
2026-04-08 23:32:57.474   332-946   AudioALSAStreamIn       and...re.audio@2.0-service-mediatek  D  set(), devices = 0x80000004, format = 0x1, channels = 0x10, sampleRate = 16000, acoustics = 0x0, flags = 0
2026-04-08 23:32:57.474   332-946   AudioALSAStreamIn       and...re.audio@2.0-service-mediatek  D  CheckBesRecordInfo()
2026-04-08 23:32:57.474   332-946   AudioSpeechEnhanceInfo  and...re.audio@2.0-service-mediatek  D  GetBesRecScene() -1
2026-04-08 23:32:57.474   332-946   AudioSpeechEnhanceInfo  and...re.audio@2.0-service-mediatek  D  IsBesRecTuningEnable()- 0
2026-04-08 23:32:57.474   332-946   NVRAM                   and...re.audio@2.0-service-mediatek  D  getNumMicSupport(), dualMicFlag 1, numMicString 2
2026-04-08 23:32:57.474   332-946   NVRAM                   and...re.audio@2.0-service-mediatek  D  QueryFeatureSupportInfo(), feature support bit 0x1a097c57 
2026-04-08 23:32:57.474   332-946   AudioSpeechEnhanceInfo  and...re.audio@2.0-service-mediatek  D  IsAPDMNRTuningEnable(), 0
2026-04-08 23:32:57.474   332-946   NVRAM                   and...re.audio@2.0-service-mediatek  D  getNumMicSupport(), dualMicFlag 1, numMicString 2
2026-04-08 23:32:57.475   332-946   NVRAM                   and...re.audio@2.0-service-mediatek  D  QueryFeatureSupportInfo(), feature support bit 0x1a097c57 
2026-04-08 23:32:57.475   332-946   AudioSpeechEnhanceInfo  and...re.audio@2.0-service-mediatek  D  GetForceMagiASRState(), feature_support=1a097c57, 400, mForceMagiASR=0
2026-04-08 23:32:57.475   332-946   AudioSpeechEnhanceInfo  and...re.audio@2.0-service-mediatek  D  GetForceAECRecState(), mForceAECRec=0
2026-04-08 23:32:57.475   332-946   AudioALSAStreamIn       and...re.audio@2.0-service-mediatek  D  checkOpenStreamSampleRate(), origin sampleRate 16000, kDefaultInputSourceSampleRate 48000.
2026-04-08 23:32:57.475   332-946   AudioALSAStreamIn       and...re.audio@2.0-service-mediatek  D  set() done, sampleRate = 16000, num_channels = 1, buffer_size=640, tempDebugflag = 0
2026-04-08 23:32:57.475   332-946   AudioALSAStreamManager  and...re.audio@2.0-service-mediatek  D  -openInputStream(), in = 0xb5d6aa00, status = 0x0, mStreamInVector.size() = 1
2026-04-08 23:32:57.475   332-946   AudioALSAStreamIn       and...re.audio@2.0-service-mediatek  D  +setParameters(): input_source=7
2026-04-08 23:32:57.475   332-946   AudioALSAStreamIn       and...re.audio@2.0-service-mediatek  D  -setParameters(): input_source=7 
2026-04-08 23:32:57.473   397-397   gle.vp8.encoder         media.codec                          W  type=1400 audit(0.0:20567): avc: denied { getattr } for path="/dev/sw_sync" dev="tmpfs" ino=266 scontext=u:r:mediacodec:s0 tcontext=u:object_r:sw_sync_device:s0 tclass=chr_file permissive=0
2026-04-08 23:32:57.475   356-1663  NxpTml                  vendor.nxp.nxpnfc@1.0-service        D  PN54X - Write requested.....
2026-04-08 23:32:57.478   356-1663  NxpTml                  vendor.nxp.nxpnfc@1.0-service        D  PN54X - Invoking I2C Write.....
2026-04-08 23:32:57.481   381-7014  AudioFlinger_Threads    audioserver                          I  AudioFlinger's thread 0xa7703040 tid=7014 ready to run
2026-04-08 23:32:57.481   332-946   AudioALSAStreamIn       and...re.audio@2.0-service-mediatek  D  +standby()
2026-04-08 23:32:57.481   332-946   AudioALSAStreamIn       and...re.audio@2.0-service-mediatek  D  -standby()
2026-04-08 23:32:57.484   737-915   zhouzhe                 system_server                        D  keyCode222 = 230
2026-04-08 23:32:57.487   365-434   HWComposer              surfaceflinger                       W  Ignoring duplicate VSYNC event from HWC (t=0)
2026-04-08 23:32:57.487   332-946   AudioALSAStreamIn       and...re.audio@2.0-service-mediatek  D  +standby()
2026-04-08 23:32:57.487   332-946   AudioALSAStreamIn       and...re.audio@2.0-service-mediatek  D  -standby()
2026-04-08 23:32:57.497   356-1663  NxpTml                  vendor.nxp.nxpnfc@1.0-service        E  _i2c_write() errno : 5
2026-04-08 23:32:57.497   356-1663  NxpTml                  vendor.nxp.nxpnfc@1.0-service        E  PN54X - Error in I2C Write.....
2026-04-08 23:32:57.497   356-1663  NxpTml                  vendor.nxp.nxpnfc@1.0-service        D  PN54X - Posting Fresh Write message.....
2026-04-08 23:32:57.497   356-1663  NxpTml                  vendor.nxp.nxpnfc@1.0-service        D  PN54X - Tml Writer Thread Running................
2026-04-08 23:32:57.497   356-1665  NxpHal                  vendor.nxp.nxpnfc@1.0-service        E  write error status = 0x1ff
2026-04-08 23:32:57.497   356-356   NxpHal                  vendor.nxp.nxpnfc@1.0-service        E  write_unlocked failed - PN54X Maybe in Standby Mode - Retry
2026-04-08 23:32:57.508   356-1663  NxpTml                  vendor.nxp.nxpnfc@1.0-service        D  PN54X - Write requested.....
2026-04-08 23:32:57.508   356-1663  NxpTml                  vendor.nxp.nxpnfc@1.0-service        D  PN54X - Invoking I2C Write.....
2026-04-08 23:32:57.510   365-434   HWComposer              surfaceflinger                       W  Ignoring duplicate VSYNC event from HWC (t=0)
2026-04-08 23:32:57.516   381-2217  AudioFlinger            audioserver                          D  track(0xa8fb0140): mIsOut 0, mFrameCount 2880, mSampleRate 48000, mFormat 1, mChannelCount 1, mTrackCount 125, thread 0xa7703040, sessionId 1217
2026-04-08 23:32:57.517  2899-6393  AudioRecord             com.reedersystems.commandcomms       D  openRecord_l: 0x8494e400, mCblk = 0x8527d1c0
2026-04-08 23:32:57.518  2899-6393  AudioRecord             com.reedersystems.commandcomms       D  start: 0x8494e400, sync event 0 trigger session 0
2026-04-08 23:32:57.518   381-2217  APM_AudioPolicyManager  audioserver                          D  startInput() input 774
2026-04-08 23:32:57.520   332-617   AudioALSAHardware       and...re.audio@2.0-service-mediatek  D  +routing createAudioPatch 80000004->Mixer Src 7
2026-04-08 23:32:57.520   332-617   AudioALSAStreamManager  and...re.audio@2.0-service-mediatek  D  +setParameters(), IOport = 774, keyValuePairs = input_source=7;routing=-2147483644
2026-04-08 23:32:57.521   332-617   AudioALSAStreamIn       and...re.audio@2.0-service-mediatek  D  +setParameters(): input_source=7;routing=-2147483644
2026-04-08 23:32:57.521   332-617   AudioALSAStreamManager  and...re.audio@2.0-service-mediatek  D  +routingInputDevice(), input_device: 0x80000004 => 0x80000004
2026-04-08 23:32:57.521   332-617   AudioALSAStreamManager  and...re.audio@2.0-service-mediatek  W  -routingInputDevice(), input_device == current_input_device(0x80000004), return
2026-04-08 23:32:57.521   332-617   AudioALSAStreamIn       and...re.audio@2.0-service-mediatek  D  -setParameters(): input_source=7;routing=-2147483644 
2026-04-08 23:32:57.523  2899-6393  AudioRecord             com.reedersystems.commandcomms       D  start return status 0
2026-04-08 23:32:57.525   332-617   AudioALSAStreamIn       and...re.audio@2.0-service-mediatek  D  addAudioEffect(), 0xb5d18d60
2026-04-08 23:32:57.525   332-617   AudioALSAStreamIn       and...re.audio@2.0-service-mediatek  D  addAudioEffect(), effect name:Acoustic Echo Canceler, BackupCount=0
2026-04-08 23:32:57.525   332-617   AudioALSAStreamIn       and...re.audio@2.0-service-mediatek  D  addAudioEffect(), AECOn, need reopen the capture handle
2026-04-08 23:32:57.525   332-617   AudioALSAStreamIn       and...re.audio@2.0-service-mediatek  D  addAudioEffect()-
2026-04-08 23:32:57.527   332-617   AudioALSAStreamIn       and...re.audio@2.0-service-mediatek  D  addAudioEffect(), 0xb488fdc0
2026-04-08 23:32:57.527   332-617   AudioALSAStreamIn       and...re.audio@2.0-service-mediatek  D  addAudioEffect(), effect name:Noise Suppression, BackupCount=1
2026-04-08 23:32:57.527   332-617   AudioALSAStreamIn       and...re.audio@2.0-service-mediatek  D  addAudioEffect()-
2026-04-08 23:32:57.528   356-1663  NxpTml                  vendor.nxp.nxpnfc@1.0-service        E  _i2c_write() errno : 5
2026-04-08 23:32:57.529   356-1663  NxpTml                  vendor.nxp.nxpnfc@1.0-service        E  PN54X - Error in I2C Write.....
2026-04-08 23:32:57.529   356-1663  NxpTml                  vendor.nxp.nxpnfc@1.0-service        D  PN54X - Posting Fresh Write message.....
2026-04-08 23:32:57.529   356-1663  NxpTml                  vendor.nxp.nxpnfc@1.0-service        D  PN54X - Tml Writer Thread Running................
2026-04-08 23:32:57.529   356-1665  NxpHal                  vendor.nxp.nxpnfc@1.0-service        E  write error status = 0x1ff
2026-04-08 23:32:57.529   356-356   NxpHal                  vendor.nxp.nxpnfc@1.0-service        E  write_unlocked failed - PN54X Maybe in Standby Mode - Retry
2026-04-08 23:32:57.529   332-7015  AudioALSAStreamIn       and...re.audio@2.0-service-mediatek  D  open()
2026-04-08 23:32:57.529   332-7015  AudioALSAStreamManager  and...re.audio@2.0-service-mediatek  D  +createCaptureHandler(), mAudioMode = 3, input_source = 7, input_device = 0x80000004, mBypassDualMICProcessUL=0, sample_rate=16000
2026-04-08 23:32:57.529   332-7015  NVRAM                   and...re.audio@2.0-service-mediatek  D  getNumMicSupport(), dualMicFlag 1, numMicString 2
2026-04-08 23:32:57.529   332-7015  NVRAM                   and...re.audio@2.0-service-mediatek  D  QueryFeatureSupportInfo(), feature support bit 0x1a097c57 
2026-04-08 23:32:57.529   332-7015  AudioALSAStreamManager  and...re.audio@2.0-service-mediatek  D  -EnableBesRecord(), 1
2026-04-08 23:32:57.529   332-7015  AudioALSAC...andlerBase and...re.audio@2.0-service-mediatek  D  AudioALSACaptureHandlerBase()
2026-04-08 23:32:57.529   332-7015  AudioALSAC...HandlerAEC and...re.audio@2.0-service-mediatek  D  AudioALSACaptureHandlerAEC()
2026-04-08 23:32:57.529   332-7015  AudioALSAC...HandlerAEC and...re.audio@2.0-service-mediatek  D  +open(), input_device = 0x80000004, input_source = 0x7, sample_rate=16000, num_channels=1, output_devices=0x2
2026-04-08 23:32:57.529   332-7015  AudioALSAC...DataClient and...re.audio@2.0-service-mediatek  D  AudioALSACaptureDataClient()
2026-04-08 23:32:57.530   332-7015  AudioSPELayer           and...re.audio@2.0-service-mediatek  D  SPELayer+
2026-04-08 23:32:57.530   332-7015  AudioSPELayer           and...re.audio@2.0-service-mediatek  D  GetVoIPJitterTime JitterTime=0,ret=1
2026-04-08 23:32:57.533   332-7015  AudioSPELayer           and...re.audio@2.0-service-mediatek  D  SPELayer-
2026-04-08 23:32:57.533   365-434   HWComposer              surfaceflinger                       W  Ignoring duplicate VSYNC event from HWC (t=0)
2026-04-08 23:32:57.533   332-7015  AudioMTKGainController  and...re.audio@2.0-service-mediatek  D  +SetCaptureGain(), mode=3, source=7, input device=0x80000004, output device=0x2
2026-04-08 23:32:57.533   332-7015  AudioUtility            and...re.audio@2.0-service-mediatek  D  IsAudioSupportFeature AUDIO_SUPPORT_DMIC bSupportFlg[0]
2026-04-08 23:32:57.533   332-7015  AudioMTKGainController  and...re.audio@2.0-service-mediatek  D  ApplyMicGain(), mSceneIndex = 0, _mic_mode = 4, _gain_device = 2, mode = 3, micgain = 12, mULTotalGain = 120, mBand = 0, mNetwork = 0, analogidx = 0
2026-04-08 23:32:57.534   332-7015  AudioALSAC...DataClient and...re.audio@2.0-service-mediatek  D  AudioALSACaptureDataClient(), besrecord_enable=1, besrecord_scene=-1
2026-04-08 23:32:57.534   332-7015  AudioSPELayer           and...re.audio@2.0-service-mediatek  D  SetVMDumpEnable(), 0
2026-04-08 23:32:57.534   332-7015  AudioSPELayer           and...re.audio@2.0-service-mediatek  D  SetVMDumpFileName()+, VMFileName=
2026-04-08 23:32:57.534   332-7015  AudioSPELayer           and...re.audio@2.0-service-mediatek  D  SetVMDumpFileName()-, VMFileName=, mVMDumpFileName=
2026-04-08 23:32:57.534   332-7015  AudioSPELayer           and...re.audio@2.0-service-mediatek  D  SetPlatfromTimeOffset, old=0, new=-4
2026-04-08 23:32:57.534   332-7015  AudioALSAC...DataClient and...re.audio@2.0-service-mediatek  D  CheckBesRecordBypass() 0
2026-04-08 23:32:57.534   332-7015  AudioALSAC...DataClient and...re.audio@2.0-service-mediatek  D  +ConfigBesRecordParams()
2026-04-08 23:32:57.534   332-7015  AudioALSAC...DataClient and...re.audio@2.0-service-mediatek  D  +GetBesRecordRoutePath(), output device = 0x2, input device = 0x80000004
2026-04-08 23:32:57.534   332-7015  AudioALSAC...DataClient and...re.audio@2.0-service-mediatek  D  ConfigBesRecordParams(), categoryPath = Profile,Hands-free no 1mic NR, mBesRecordStereoMode = 0, input_source = 7, input_devices = 80000004, bVoIPEnable = 1, bypassDualProcess = 0
2026-04-08 23:32:57.534   332-7015  AudioSPELayer           and...re.audio@2.0-service-mediatek  D  SetCompFilter, SPE_MODE=2
2026-04-08 23:32:57.534   332-7015  NVRAM                   and...re.audio@2.0-service-mediatek  D  getNumMicSupport(), dualMicFlag 1, numMicString 2
2026-04-08 23:32:57.534   332-7015  NVRAM                   and...re.audio@2.0-service-mediatek  D  QueryFeatureSupportInfo(), feature support bit 0x1a097c57 
2026-04-08 23:32:57.534   332-7015  NVRAM                   and...re.audio@2.0-service-mediatek  D  getNumMicSupport(), dualMicFlag 1, numMicString 2
2026-04-08 23:32:57.534   332-7015  NVRAM                   and...re.audio@2.0-service-mediatek  D  QueryFeatureSupportInfo(), feature support bit 0x1a097c57 
2026-04-08 23:32:57.534   332-7015  AudioALSAC...DataClient and...re.audio@2.0-service-mediatek  D  SetDMNREnable(), type=2, bypassDMNR=0
2026-04-08 23:32:57.534   332-7015  NVRAM                   and...re.audio@2.0-service-mediatek  D  getNumMicSupport(), dualMicFlag 1, numMicString 2
