2026-04-10 18:59:48.751   397-13518 BufferQueueProducer     media.codec                          I  [GraphicBufferSource](this:0xab26d000,id:453,api:1,p:397,c:397) queueBuffer: fps=0.50 dur=2000.37 max=2000.37 min=2000.37
2026-04-10 18:59:48.748   397-397   gle.vp8.encoder         media.codec                          W  type=1400 audit(0.0:279910): avc: denied { getattr } for path="/dev/sw_sync" dev="tmpfs" ino=266 scontext=u:r:mediacodec:s0 tcontext=u:object_r:sw_sync_device:s0 tclass=chr_file permissive=0
2026-04-10 18:59:48.814   365-434   chatty                  surfaceflinger                       I  uid=1000(system) HwBinder:365_1 identical 2 lines
2026-04-10 18:59:48.848   397-397   gle.vp8.encoder         media.codec                          W  type=1400 audit(0.0:279911): avc: denied { getattr } for path="/dev/sw_sync" dev="tmpfs" ino=266 scontext=u:r:mediacodec:s0 tcontext=u:object_r:sw_sync_device:s0 tclass=chr_file permissive=0
2026-04-10 18:59:48.894   401-401   thermal_repeater        thermal                              I  [recvMdThermalInfo] ret=34, strLen=127,  3, 46, -127, 25232, 32767, -28551
2026-04-10 18:59:48.921   356-356   NxpExtns                vendor.nxp.nxpnfc@1.0-service        D  find found NXP_FW_NAME=libpn553_fw.so
2026-04-10 18:59:48.950   390-11652 AudioTrack              mediaserver                          D  stop(): 0xaf93a000, mState = 0
2026-04-10 18:59:48.950   390-11652 AudioTrack              mediaserver                          D  stop() called with 24192 frames delivered
2026-04-10 18:59:48.951   390-11652 AudioTrack              mediaserver                          D  audiotrack 0xaf93a000 stop done
2026-04-10 18:59:48.948   397-397   gle.vp8.encoder         media.codec                          W  type=1400 audit(0.0:279912): avc: denied { getattr } for path="/dev/sw_sync" dev="tmpfs" ino=266 scontext=u:r:mediacodec:s0 tcontext=u:object_r:sw_sync_device:s0 tclass=chr_file permissive=0
2026-04-10 18:59:48.996   737-915   zhouzhe                 system_server                        D  keyCode222 = 230
2026-04-10 18:59:49.046   737-915   zhouzhe                 system_server                        D  keyCode222 = 230
2026-04-10 18:59:49.052   397-397   gle.vp8.encoder         media.codec                          W  type=1400 audit(0.0:279913): avc: denied { getattr } for path="/dev/sw_sync" dev="tmpfs" ino=266 scontext=u:r:mediacodec:s0 tcontext=u:object_r:sw_sync_device:s0 tclass=chr_file permissive=0
2026-04-10 18:59:49.097   737-915   zhouzhe                 system_server                        D  keyCode222 = 230
2026-04-10 18:59:49.147   737-915   zhouzhe                 system_server                        D  keyCode222 = 230
2026-04-10 18:59:49.152   397-397   gle.vp8.encoder         media.codec                          W  type=1400 audit(0.0:279914): avc: denied { getattr } for path="/dev/sw_sync" dev="tmpfs" ino=266 scontext=u:r:mediacodec:s0 tcontext=u:object_r:sw_sync_device:s0 tclass=chr_file permissive=0
2026-04-10 18:59:49.198   737-915   zhouzhe                 system_server                        D  keyCode222 = 230
2026-04-10 18:59:49.248   737-915   zhouzhe                 system_server                        D  keyCode222 = 230
2026-04-10 18:59:49.252   397-397   gle.vp8.encoder         media.codec                          W  type=1400 audit(0.0:279915): avc: denied { getattr } for path="/dev/sw_sync" dev="tmpfs" ino=266 scontext=u:r:mediacodec:s0 tcontext=u:object_r:sw_sync_device:s0 tclass=chr_file permissive=0
2026-04-10 18:59:49.299   737-915   zhouzhe                 system_server                        D  keyCode222 = 230
2026-04-10 18:59:49.310   390-11649 NuPlayerDriver          mediaserver                          D  notifyListener_l(0xb18253f0), (2, 0, 0, -1), loop setting(0, 1)
2026-04-10 18:59:49.310   390-11649 AudioTrack              mediaserver                          D  start(): 0xaf93a000, mState = 1
2026-04-10 18:59:49.312   397-11655 MtkOmxAudioDecBase      media.codec                          D  # Got general command (OMX_CommandFlush)
2026-04-10 18:59:49.312   390-11652 AudioTrack              mediaserver                          D  pause(): 0xaf93a000, mState = 0
2026-04-10 18:59:49.322   381-620   AudioFlinger_Threads    audioserver                          D  pause signal - [NOT READY] on thread
2026-04-10 18:59:49.322   390-11652 AudioTrack              mediaserver                          D  stop(): 0xaf93a000, mState = 4
2026-04-10 18:59:49.322   390-11652 AudioTrack              mediaserver                          D  start(): 0xaf93a000, mState = 4
2026-04-10 18:59:49.330   397-11656 MtkOmxMp3Dec            media.codec                          D  isFirst = true
2026-04-10 18:59:49.333   390-11649 NuPlayerDriver          mediaserver                          D  notifyListener_l(0xb18253f0), (6, 0, 0, -1), loop setting(0, 1)
2026-04-10 18:59:49.334 10768-10768 MediaPlayer             com.reedersystems.commandcomms       D  handleMessage msg:(6, 0, 0)
2026-04-10 18:59:49.349   737-915   zhouzhe                 system_server                        D  keyCode222 = 230
2026-04-10 18:59:49.352   397-397   gle.vp8.encoder         media.codec                          W  type=1400 audit(0.0:279916): avc: denied { getattr } for path="/dev/sw_sync" dev="tmpfs" ino=266 scontext=u:r:mediacodec:s0 tcontext=u:object_r:sw_sync_device:s0 tclass=chr_file permissive=0
2026-04-10 18:59:49.373   390-11653 NuPlayerDecoder         mediaserver                          I  [audio] saw output EOS
2026-04-10 18:59:49.374   390-11652 AudioTrack              mediaserver                          D  stop(): 0xaf93a000, mState = 0
2026-04-10 18:59:49.374   390-11652 AudioTrack              mediaserver                          D  stop() called with 24192 frames delivered
2026-04-10 18:59:49.375   390-11652 AudioTrack              mediaserver                          D  audiotrack 0xaf93a000 stop done
2026-04-10 18:59:49.401   737-915   zhouzhe                 system_server                        D  keyCode222 = 230
2026-04-10 18:59:49.451   737-915   zhouzhe                 system_server                        D  keyCode222 = 230
2026-04-10 18:59:49.452   397-397   gle.vp8.encoder         media.codec                          W  type=1400 audit(0.0:279917): avc: denied { getattr } for path="/dev/sw_sync" dev="tmpfs" ino=266 scontext=u:r:mediacodec:s0 tcontext=u:object_r:sw_sync_device:s0 tclass=chr_file permissive=0
2026-04-10 18:59:49.503   737-915   zhouzhe                 system_server                        D  keyCode222 = 230
2026-04-10 18:59:49.552   737-915   zhouzhe                 system_server                        D  keyCode222 = 230
2026-04-10 18:59:49.555   397-397   gle.vp8.encoder         media.codec                          W  type=1400 audit(0.0:279918): avc: denied { getattr } for path="/dev/sw_sync" dev="tmpfs" ino=266 scontext=u:r:mediacodec:s0 tcontext=u:object_r:sw_sync_device:s0 tclass=chr_file permissive=0
2026-04-10 18:59:49.604   737-915   zhouzhe                 system_server                        D  keyCode222 = 230
2026-04-10 18:59:49.631   365-434   chatty                  surfaceflinger                       I  uid=1000(system) HwBinder:365_1 identical 1 line
2026-04-10 18:59:49.654   737-915   zhouzhe                 system_server                        D  keyCode222 = 230
2026-04-10 18:59:49.655   397-397   gle.vp8.encoder         media.codec                          W  type=1400 audit(0.0:279919): avc: denied { getattr } for path="/dev/sw_sync" dev="tmpfs" ino=266 scontext=u:r:mediacodec:s0 tcontext=u:object_r:sw_sync_device:s0 tclass=chr_file permissive=0
2026-04-10 18:59:49.706   737-915   zhouzhe                 system_server                        D  keyCode222 = 230
2026-04-10 18:59:49.755   737-915   zhouzhe                 system_server                        D  keyCode222 = 230
2026-04-10 18:59:49.755   397-397   gle.vp8.encoder         media.codec                          W  type=1400 audit(0.0:279920): avc: denied { getattr } for path="/dev/sw_sync" dev="tmpfs" ino=266 scontext=u:r:mediacodec:s0 tcontext=u:object_r:sw_sync_device:s0 tclass=chr_file permissive=0
2026-04-10 18:59:49.775   356-356   NxpExtns                vendor.nxp.nxpnfc@1.0-service        D  find found NXP_SYS_CLK_SRC_SEL=(0x2)
2026-04-10 18:59:49.775   356-356   NxpExtns                vendor.nxp.nxpnfc@1.0-service        D  find found NXP_SYS_CLK_FREQ_SEL=(0x4)
2026-04-10 18:59:49.775   356-356   NxpExtns                vendor.nxp.nxpnfc@1.0-service        D  find found NXP_SYS_CLOCK_TO_CFG=(0x1)
2026-04-10 18:59:49.803   737-928   WifiStateMachine        system_server                        D   MtkL2ConnectedState { when=-3ms what=131155 arg1=145 target=com.android.internal.util.StateMachine$SmHandler } 145 0, mShouldDeferDisableWifi = false, mState = MONITORING
2026-04-10 18:59:49.806   737-915   zhouzhe                 system_server                        D  keyCode222 = 230
2026-04-10 18:59:49.856   737-915   zhouzhe                 system_server                        D  keyCode222 = 230
2026-04-10 18:59:49.907   737-915   zhouzhe                 system_server                        D  keyCode222 = 230
2026-04-10 18:59:49.913   390-11649 NuPlayerDriver          mediaserver                          D  notifyListener_l(0xb18253f0), (2, 0, 0, -1), loop setting(0, 1)
2026-04-10 18:59:49.913   390-11649 AudioTrack              mediaserver                          D  start(): 0xaf93a000, mState = 1
2026-04-10 18:59:49.914   390-11652 AudioTrack              mediaserver                          D  pause(): 0xaf93a000, mState = 0
2026-04-10 18:59:49.915   397-11655 MtkOmxAudioDecBase      media.codec                          D  # Got general command (OMX_CommandFlush)
2026-04-10 18:59:49.919   381-620   AudioFlinger_Threads    audioserver                          D  pause signal - [NOT READY] on thread
2026-04-10 18:59:49.919   390-11652 AudioTrack              mediaserver                          D  stop(): 0xaf93a000, mState = 4
2026-04-10 18:59:49.919   390-11652 AudioTrack              mediaserver                          D  start(): 0xaf93a000, mState = 4
2026-04-10 18:59:49.926   397-11656 MtkOmxMp3Dec            media.codec                          D  isFirst = true
2026-04-10 18:59:49.927   390-11649 NuPlayerDriver          mediaserver                          D  notifyListener_l(0xb18253f0), (6, 0, 0, -1), loop setting(0, 1)
2026-04-10 18:59:49.929 10768-10768 MediaPlayer             com.reedersystems.commandcomms       D  handleMessage msg:(6, 0, 0)
2026-04-10 18:59:49.954   356-356   NxpExtns                vendor.nxp.nxpnfc@1.0-service        D  find found NXP_FW_NAME=libpn553_fw.so
2026-04-10 18:59:49.956   737-915   zhouzhe                 system_server                        D  keyCode222 = 230
2026-04-10 18:59:49.964   390-11653 NuPlayerDecoder         mediaserver                          I  [audio] saw output EOS
2026-04-10 18:59:49.966   390-11652 AudioTrack              mediaserver                          D  stop(): 0xaf93a000, mState = 0
2026-04-10 18:59:49.967   390-11652 AudioTrack              mediaserver                          D  stop() called with 24192 frames delivered
2026-04-10 18:59:49.967   390-11652 AudioTrack              mediaserver                          D  audiotrack 0xaf93a000 stop done
2026-04-10 18:59:50.007   737-915   zhouzhe                 system_server                        D  keyCode222 = 230
2026-04-10 18:59:50.057   737-915   zhouzhe                 system_server                        D  keyCode222 = 230
2026-04-10 18:59:50.108   737-915   zhouzhe                 system_server                        D  keyCode222 = 230
2026-04-10 18:59:50.159   737-915   zhouzhe                 system_server                        D  keyCode222 = 230
2026-04-10 18:59:50.210   737-915   zhouzhe                 system_server                        D  keyCode222 = 230
2026-04-10 18:59:50.261   737-915   zhouzhe                 system_server                        D  keyCode222 = 230
2026-04-10 18:59:50.312   737-915   zhouzhe                 system_server                        D  keyCode222 = 230
2026-04-10 18:59:50.334   737-916   zhouzhe                 system_server                        D  keyCode111 = 230
2026-04-10 18:59:50.335   737-916   tyd                     system_server                        D  sendBroadcast: android.intent.action.PTT.up
2026-04-10 18:59:49.371   397-11656 chatty                  media.codec                          I  uid=1046(mediacodec) omx@1.0-service identical 1 line
2026-04-10 18:59:49.961   397-11656 MtkOmxMp3Dec            media.codec                          D  MP3 EOS received, TS=0
2026-04-10 18:59:50.335   737-916   ContextImpl             system_server                        W  Calling a method in the system process without a qualified user: android.app.ContextImpl.sendBroadcast:967 com.android.server.policy.PhoneWindowManager.sendBC:6496 com.android.server.policy.PhoneWindowManager.interceptKeyBeforeQueueing:6852 com.freeme.server.policy.FreemePhoneWindowManager.interceptKeyBeforeQueueing:301 com.android.server.wm.InputMonitor.interceptKeyBeforeQueueing:449 
2026-04-10 18:59:50.336   737-916   ActivityManager         system_server                        E  Sending non-protected broadcast android.intent.action.PTT.up from system 737:system/1000 pkg android (Explain with AI)
                                                                                                    java.lang.Throwable
                                                                                                    	at com.android.server.am.ActivityManagerService.checkBroadcastFromSystem(ActivityManagerService.java:19307)
                                                                                                    	at com.android.server.am.ActivityManagerService.broadcastIntentLocked(ActivityManagerService.java:19827)
                                                                                                    	at com.android.server.am.ActivityManagerService.broadcastIntent(ActivityManagerService.java:20062)
                                                                                                    	at android.app.ContextImpl.sendBroadcast(ContextImpl.java:971)
                                                                                                    	at com.android.server.policy.PhoneWindowManager.sendBC(PhoneWindowManager.java:6496)
                                                                                                    	at com.android.server.policy.PhoneWindowManager.interceptKeyBeforeQueueing(PhoneWindowManager.java:6852)
                                                                                                    	at com.freeme.server.policy.FreemePhoneWindowManager.interceptKeyBeforeQueueing(FreemePhoneWindowManager.java:301)
                                                                                                    	at com.android.server.wm.InputMonitor.interceptKeyBeforeQueueing(InputMonitor.java:449)
                                                                                                    	at com.android.server.input.InputManagerService.interceptKeyBeforeQueueing(InputManagerService.java:1975)
2026-04-10 18:59:50.342   737-916   AES                     system_server                        W  Exception Log handling...
2026-04-10 18:59:50.344   737-916   AES                     system_server                        D  ExceptionLog: notify aed (process:system_server pid:737 cause:system_server_wtf )
2026-04-10 18:59:50.344   737-916   AEE_LIBAEE              system_server                        D  shell: raise_exp(11, 737, -1361051648, system_server, 0x0x89f99da0, 0x0x0)
2026-04-10 18:59:50.345   737-916   AEE_LIBAEE              system_server                        D  com.mtk.aee.aedshell: connected with AED OK
2026-04-10 18:59:50.346   684-684   AEE_AED                 aee_aed                              D  $===AEE===AEE===AEE===$
2026-04-10 18:59:50.346   684-684   AEE_AED                 aee_aed                              D  p 1 poll events 1 revents 1
2026-04-10 18:59:50.347   684-684   AEE_AED                 aee_aed                              D  PPM cpu cores:4, online:4
2026-04-10 18:59:50.348   684-684   AEE_AED                 aee_aed                              D  aed_main_fork_worker: generator 0xaca09440, worker 0xbea22798, recv_fd 10
2026-04-10 18:59:50.350 11672-11672 AEE_AED                 pid-11672                            D  read success, handling msg (Ind, AE_IND_WRN_RAISED)
2026-04-10 18:59:50.351 11672-11672 AEE_AED                 pid-11672                            I  [preset_info] pid: 737, tid: -1361051648, name: UNKNOWN  >>> system_server <<<
2026-04-10 18:59:50.351 11672-11672 AEE_AED                 pid-11672                            D  u:r:system_server:s0
2026-04-10 18:59:50.351 11672-11672 AEE_AED                 pid-11672                            V  dashboard_record_update() : rec->module = system_server 
2026-04-10 18:59:50.351 11672-11672 AEE_AED                 pid-11672                            D  Skip duplicated exception ! 
2026-04-10 18:59:50.351 11672-11672 AEE_AED                 pid-11672                            D  Exception Class: 11 
2026-04-10 18:59:50.351 11672-11672 AEE_AED                 pid-11672                            D  Module: system_server 
2026-04-10 18:59:50.351 11672-11672 AEE_AED                 pid-11672                            D  Count: 2802 
2026-04-10 18:59:50.351 11672-11672 AEE_AED                 pid-11672                            D  Last exception time: 1775861988 
                                                                                                     
2026-04-10 18:59:50.351 11672-11672 AEE_AED                 pid-11672                            V  process session - skipped 
2026-04-10 18:59:50.351   737-916   AEE_LIBAEE              system_server                        D  shell: got the request (cmd:Ind,AE_IND_LOG_CLOSE)
2026-04-10 18:59:50.352   737-916   AEE_LIBAEE              system_server                        D  shell: Got session close ind from AED
2026-04-10 18:59:50.353   737-916   ActivityManager         system_server                        E  Sending non-protected broadcast android.intent.action.PTT.up from system 737:system/1000 pkg android (Explain with AI)
                                                                                                    java.lang.Throwable
                                                                                                    	at com.android.server.am.ActivityManagerService.checkBroadcastFromSystem(ActivityManagerService.java:19307)
                                                                                                    	at com.android.server.am.ActivityManagerService.broadcastIntentLocked(ActivityManagerService.java:19920)
                                                                                                    	at com.android.server.am.ActivityManagerService.broadcastIntent(ActivityManagerService.java:20062)
                                                                                                    	at android.app.ContextImpl.sendBroadcast(ContextImpl.java:971)
                                                                                                    	at com.android.server.policy.PhoneWindowManager.sendBC(PhoneWindowManager.java:6496)
                                                                                                    	at com.android.server.policy.PhoneWindowManager.interceptKeyBeforeQueueing(PhoneWindowManager.java:6852)
                                                                                                    	at com.freeme.server.policy.FreemePhoneWindowManager.interceptKeyBeforeQueueing(FreemePhoneWindowManager.java:301)
                                                                                                    	at com.android.server.wm.InputMonitor.interceptKeyBeforeQueueing(InputMonitor.java:449)
                                                                                                    	at com.android.server.input.InputManagerService.interceptKeyBeforeQueueing(InputManagerService.java:1975)
2026-04-10 18:59:50.353   684-684   AEE_AED                 aee_aed                              D  clear ppm settings
2026-04-10 18:59:50.354   684-684   AEE_AED                 aee_aed                              D  $===AEE===AEE===AEE===$
2026-04-10 18:59:50.358   737-916   AES                     system_server                        W  Exception Log handling...
2026-04-10 18:59:50.361   737-916   AES                     system_server                        D  ExceptionLog: notify aed (process:system_server pid:737 cause:system_server_wtf )
2026-04-10 18:59:50.361   737-916   AEE_LIBAEE              system_server                        D  shell: raise_exp(11, 737, -1361051648, system_server, 0x0x89f99fe0, 0x0x0)
2026-04-10 18:59:50.361   737-916   AEE_LIBAEE              system_server                        D  com.mtk.aee.aedshell: connected with AED OK
2026-04-10 18:59:50.362   737-915   zhouzhe                 system_server                        D  keyCode222 = 230
2026-04-10 18:59:50.362   684-684   AEE_AED                 aee_aed                              D  $===AEE===AEE===AEE===$
2026-04-10 18:59:50.363   684-684   AEE_AED                 aee_aed                              D  p 1 poll events 1 revents 1
2026-04-10 18:59:50.363   684-684   AEE_AED                 aee_aed                              D  PPM cpu cores:4, online:4
2026-04-10 18:59:50.365   684-684   AEE_AED                 aee_aed                              D  aed_main_fork_worker: generator 0xaca09440, worker 0xbea22798, recv_fd 10
2026-04-10 18:59:50.366 11673-11673 AEE_AED                 pid-11673                            D  read success, handling msg (Ind, AE_IND_WRN_RAISED)
2026-04-10 18:59:50.367 11673-11673 AEE_AED                 pid-11673                            I  [preset_info] pid: 737, tid: -1361051648, name: UNKNOWN  >>> system_server <<<
2026-04-10 18:59:50.367 11673-11673 AEE_AED                 pid-11673                            D  u:r:system_server:s0
2026-04-10 18:59:50.367 11673-11673 AEE_AED                 pid-11673                            V  dashboard_record_update() : rec->module = system_server 
2026-04-10 18:59:50.367 11673-11673 AEE_AED                 pid-11673                            D  Skip duplicated exception ! 
2026-04-10 18:59:50.367 11673-11673 AEE_AED                 pid-11673                            D  Exception Class: 11 
2026-04-10 18:59:50.367 11673-11673 AEE_AED                 pid-11673                            D  Module: system_server 
2026-04-10 18:59:50.367 11673-11673 AEE_AED                 pid-11673                            D  Count: 2803 
2026-04-10 18:59:50.368 11673-11673 AEE_AED                 pid-11673                            D  Last exception time: 1775861990 
                                                                                                     
2026-04-10 18:59:50.368 11673-11673 AEE_AED                 pid-11673                            V  process session - skipped 
2026-04-10 18:59:50.368   737-916   AEE_LIBAEE              system_server                        D  shell: got the request (cmd:Ind,AE_IND_LOG_CLOSE)
2026-04-10 18:59:50.368   737-916   AEE_LIBAEE              system_server                        D  shell: Got session close ind from AED
2026-04-10 18:59:50.369   737-915   zhouzhe                 system_server                        D  keyCode222 = 230
2026-04-10 18:59:50.369   684-684   AEE_AED                 aee_aed                              D  clear ppm settings
2026-04-10 18:59:50.371   737-835   BroadcastQueue          system_server                        W  Background execution not allowed: receiving Intent { act=android.intent.action.DROPBOX_ENTRY_ADDED flg=0x10 (has extras) } to com.google.android.gms/.stats.service.DropBoxEntryAddedReceiver
2026-04-10 18:59:50.374 10768-10768 [PTT-DIAG]              com.reedersystems.commandcomms       D  PttHardwareReceiver.onReceive action=android.intent.action.PTT.up extras=null source=broadcast
2026-04-10 18:59:50.374 10768-10768 [PTT-DIAG]              com.reedersystems.commandcomms       D  PttHardwareReceiver: mapped action=android.intent.action.PTT.up -> svcAction=com.reedersystems.commandcomms.SVC_PTT_UP
2026-04-10 18:59:50.377   684-684   AEE_AED                 aee_aed                              D  $===AEE===AEE===AEE===$
2026-04-10 18:59:50.379 10768-10768 [PTT-DIAG]              com.reedersystems.commandcomms       D  PttHardwareReceiver: WakeLock acquired (auto-releases in 5000ms)
2026-04-10 18:59:50.383 10768-10768 [PTT-DIAG]              com.reedersystems.commandcomms       D  MainActivity PTT UP source=MainActivity code=230 action=UP ts=1775861990383
2026-04-10 18:59:50.383 10768-10768 [PTT-DIAG]              com.reedersystems.commandcomms       D  MainActivity PTT UP — forwarding to BackgroundAudioService (signaling=true)
2026-04-10 18:59:50.388 10768-10768 [PTT-DIAG]              com.reedersystems.commandcomms       D  {"event":"RADIO_PTT_UP","pttState":"IDLE","channelKey":"TESTING__TESTING 1"}
2026-04-10 18:59:50.388   390-555   NuPlayerDriver          mediaserver                          D  stop(0xb18253f0)
2026-04-10 18:59:50.389   390-555   NuPlayerDriver          mediaserver                          D  notifyListener_l(0xb18253f0), (8, 0, 0, -1), loop setting(0, 1)
2026-04-10 18:59:50.389   390-11652 AudioTrack              mediaserver                          D  pause(): 0xaf93a000, mState = 1
2026-04-10 18:59:50.378   737-835   BroadcastQueue          system_server                        W  Background execution not allowed: receiving Intent { act=android.intent.action.DROPBOX_ENTRY_ADDED flg=0x10 (has extras) } to com.google.android.gms/.stats.service.DropBoxEntryAddedReceiver
2026-04-10 18:59:50.390   737-4776  MediaRouterService      system_server                        V  restoreBluetoothA2dp(false)
2026-04-10 18:59:50.391 10768-10768 MediaPlayer             com.reedersystems.commandcomms       V  resetDrmState:  mDrmInfo=null mDrmProvisioningThread=null mPrepareDrmInProgress=false mActiveDrmScheme=false
2026-04-10 18:59:50.391 10768-10768 MediaPlayer             com.reedersystems.commandcomms       V  cleanDrmObj: mDrmObj=null mDrmSessionId=null
2026-04-10 18:59:50.391   390-555   NuPlayerDriver          mediaserver                          D  reset(0xb18253f0) at state 8
2026-04-10 18:59:50.391   390-555   GenericSource           mediaserver                          D  disconnect: mDataSource 0xaf920fc0 mHttpSource 0x0
2026-04-10 18:59:50.392   737-845   DuraSpeed/...eedService system_server                        D  [onPlaybackConfigChanged], play music packageNames:[com.reedersystems.commandcomms]
2026-04-10 18:59:50.392   390-11652 AudioTrack              mediaserver                          D  pause(): 0xaf93a000, mState = 1
2026-04-10 18:59:50.392   390-11652 AudioTrack              mediaserver                          D  stop(): 0xaf93a000, mState = 4
2026-04-10 18:59:50.393   397-11655 MtkOmxAudioDecBase      media.codec                          D  # Got general command (OMX_CommandFlush)
2026-04-10 18:59:50.394   397-11655 MtkOmxAudioDecBase      media.codec                          D  # Got general command (OMX_CommandStateSet)
2026-04-10 18:59:50.398   397-13518 MtkOmxMp3Dec            media.codec                          D  JB ~MtkOmxMp3Dec this= 0xab265000
2026-04-10 18:59:50.395   397-11655 MtkOmxAudioDecBase      media.codec                          D  # Got general command (OMX_CommandStateSet)
2026-04-10 18:59:50.399   390-11653 MediaAnalyticsItem      mediaserver                          W  Unable to record: (codec:0:-1:-11:0:6:android.media.mediacodec.mime=audio/mpeg:android.media.mediacodec.mode=audio:android.media.mediacodec.encoder=0:android.media.mediacodec.codec=OMX.MTK.AUDIO.DECODER.MP3:android.media.mediacodec.secure=0:android.media.mediacodec.bytesin=65826:) [forcenew=0]
2026-04-10 18:59:50.399   390-11649 NuPlayer                mediaserver                          D  audio shutdown completed
2026-04-10 18:59:50.401   390-11649 NuPlayerDriver          mediaserver                          D  notifyResetComplete(0xb18253f0)
2026-04-10 18:59:50.402   390-555   AudioTrack              mediaserver                          D  ~AudioTrack(): 0xaf93a000
2026-04-10 18:59:50.402   390-555   AudioTrack              mediaserver                          D  stop(): 0xaf93a000, mState = 4
2026-04-10 18:59:50.402 10768-10768 [ToneEngine]            com.reedersystems.commandcomms       D  Denied tone stopped
2026-04-10 18:59:50.404 10768-10768 [PTT-DIAG]              com.reedersystems.commandcomms       D  {"event":"RADIO_PTT_UP","pttState":"IDLE","channelKey":"TESTING__TESTING 1"}
2026-04-10 18:59:50.405 10768-10768 MediaPlayer             com.reedersystems.commandcomms       W  mediaplayer went away with unhandled events
2026-04-10 18:59:50.447   365-434   chatty                  surfaceflinger                       I  uid=1000(system) HwBinder:365_1 identical 1 line
2026-04-10 18:59:50.486   381-527   APM_AudioPolicyManager  audioserver                          D  stopOutput() output 13, stream 8, session 9089
2026-04-10 18:59:50.486   381-527   APM::Audio...Descriptor audioserver                          V  changeRefCount() stream 8, count 0
2026-04-10 18:59:50.609   737-916   zhouzhe                 system_server                        D  keyCode111 = 230
2026-04-10 18:59:50.610   737-916   tyd                     system_server                        D  sendBroadcast: android.intent.action.PTT.down
2026-04-10 18:59:50.610   737-916   ContextImpl             system_server                        W  Calling a method in the system process without a qualified user: android.app.ContextImpl.sendBroadcast:967 com.android.server.policy.PhoneWindowManager.sendBC:6496 com.android.server.policy.PhoneWindowManager.interceptKeyBeforeQueueing:6843 com.freeme.server.policy.FreemePhoneWindowManager.interceptKeyBeforeQueueing:301 com.android.server.wm.InputMonitor.interceptKeyBeforeQueueing:449 
2026-04-10 18:59:50.611   737-916   ActivityManager         system_server                        E  Sending non-protected broadcast android.intent.action.PTT.down from system 737:system/1000 pkg android (Explain with AI)
                                                                                                    java.lang.Throwable
                                                                                                    	at com.android.server.am.ActivityManagerService.checkBroadcastFromSystem(ActivityManagerService.java:19307)
                                                                                                    	at com.android.server.am.ActivityManagerService.broadcastIntentLocked(ActivityManagerService.java:19827)
                                                                                                    	at com.android.server.am.ActivityManagerService.broadcastIntent(ActivityManagerService.java:20062)
                                                                                                    	at android.app.ContextImpl.sendBroadcast(ContextImpl.java:971)
                                                                                                    	at com.android.server.policy.PhoneWindowManager.sendBC(PhoneWindowManager.java:6496)
                                                                                                    	at com.android.server.policy.PhoneWindowManager.interceptKeyBeforeQueueing(PhoneWindowManager.java:6843)
                                                                                                    	at com.freeme.server.policy.FreemePhoneWindowManager.interceptKeyBeforeQueueing(FreemePhoneWindowManager.java:301)
                                                                                                    	at com.android.server.wm.InputMonitor.interceptKeyBeforeQueueing(InputMonitor.java:449)
                                                                                                    	at com.android.server.input.InputManagerService.interceptKeyBeforeQueueing(InputManagerService.java:1975)
2026-04-10 18:59:50.614   737-916   ActivityManager         system_server                        E  Sending non-protected broadcast android.intent.action.PTT.down from system 737:system/1000 pkg android (Explain with AI)
                                                                                                    java.lang.Throwable
                                                                                                    	at com.android.server.am.ActivityManagerService.checkBroadcastFromSystem(ActivityManagerService.java:19307)
                                                                                                    	at com.android.server.am.ActivityManagerService.broadcastIntentLocked(ActivityManagerService.java:19920)
                                                                                                    	at com.android.server.am.ActivityManagerService.broadcastIntent(ActivityManagerService.java:20062)
                                                                                                    	at android.app.ContextImpl.sendBroadcast(ContextImpl.java:971)
                                                                                                    	at com.android.server.policy.PhoneWindowManager.sendBC(PhoneWindowManager.java:6496)
                                                                                                    	at com.android.server.policy.PhoneWindowManager.interceptKeyBeforeQueueing(PhoneWindowManager.java:6843)
                                                                                                    	at com.freeme.server.policy.FreemePhoneWindowManager.interceptKeyBeforeQueueing(FreemePhoneWindowManager.java:301)
                                                                                                    	at com.android.server.wm.InputMonitor.interceptKeyBeforeQueueing(InputMonitor.java:449)
                                                                                                    	at com.android.server.input.InputManagerService.interceptKeyBeforeQueueing(InputManagerService.java:1975)
2026-04-10 18:59:50.618   737-915   zhouzhe                 system_server                        D  keyCode222 = 230
2026-04-10 18:59:50.618 10768-10768 [PTT-DIAG]              com.reedersystems.commandcomms       D  PttHardwareReceiver.onReceive action=android.intent.action.PTT.down extras=null source=broadcast
2026-04-10 18:59:50.618 10768-10768 [PTT-DIAG]              com.reedersystems.commandcomms       D  PttHardwareReceiver: mapped action=android.intent.action.PTT.down -> svcAction=com.reedersystems.commandcomms.SVC_PTT_DOWN
2026-04-10 18:59:50.620 10768-10768 [PTT-DIAG]              com.reedersystems.commandcomms       D  PttHardwareReceiver: WakeLock acquired (auto-releases in 5000ms)
2026-04-10 18:59:50.625 10768-10768 [PTT-DIAG]              com.reedersystems.commandcomms       D  {"event":"RADIO_PTT_DOWN","pttState":"IDLE","signaling":true,"channelKey":"TESTING__TESTING 1","channelId":"535"}
2026-04-10 18:59:50.625 10768-10768 [PTT-DIAG]              com.reedersystems.commandcomms       W  {"event":"RADIO_PTT_DOWN_CHANNEL_BUSY","transmittingUnit":"null","radioState":"RECEIVING"}
2026-04-10 18:59:50.625 10768-10768 [ToneEvent]             com.reedersystems.commandcomms       D  {"tone":"denied","trigger":"channel_busy","transmittingUnit":"null","radioState":"RECEIVING","state":"IDLE","ts":1775861990625}
2026-04-10 18:59:50.636   737-845   DuraSpeed/...eedService system_server                        D  [onPlaybackConfigChanged], play music packageNames:[com.reedersystems.commandcomms]
2026-04-10 18:59:50.637   390-555   DrmMtkUtil/DrmUtil      mediaserver                          E  checkDcf: not dcf type, dcf version value [80]
2026-04-10 18:59:50.637   390-555   Cta5File                mediaserver                          E  Cta5File::isCta5NormalFile false, bad magic:PK
2026-04-10 18:59:50.637   390-555   Cta5File                mediaserver                          E  Cta5File::isCta5MultimediaFile false, bad magic:
2026-04-10 18:59:50.637   390-555   NuPlayerDriver          mediaserver                          D  NuPlayerDriver(0xb18253f0) created, clientPid(10768)
2026-04-10 18:59:50.646   390-11675 GenericSource           mediaserver                          D  FileSource remote
2026-04-10 18:59:50.649   389-12008 MediaExtractor          media.extractor                      D  Autodetected media content as 'audio/mpeg' with confidence 0.20
2026-04-10 18:59:50.652   389-12008 MediaAnalyticsItem      media.extractor                      W  Unable to record: (extractor:0:-1:-11:0:3:android.media.mediaextractor.fmt=MP3Extractor:android.media.mediaextractor.ntrk=1:android.media.mediaextractor.mime=audio/mpeg:) [forcenew=0]
2026-04-10 18:59:50.653   390-11674 NuPlayerDriver          mediaserver                          D  notifyListener_l(0xb18253f0), (1, 0, 0, -1), loop setting(0, 0)
2026-04-10 18:59:50.659   390-555   NuPlayerDriver          mediaserver                          D  start(0xb18253f0), state is 4, eos is 0
2026-04-10 18:59:50.659   737-1163  MediaRouterService      system_server                        V  restoreBluetoothA2dp(false)
2026-04-10 18:59:50.659 10768-10768 [ToneEngine]            com.reedersystems.commandcomms       D  Denied tone started (looping)
2026-04-10 18:59:50.661   390-11674 GenericSource           mediaserver                          I  start
2026-04-10 18:59:50.661 10768-10768 [PTT-DIAG]              com.reedersystems.commandcomms       D  MainActivity PTT DOWN source=MainActivity code=230 action=DOWN repeat=0 ts=1775861990661
2026-04-10 18:59:50.661 10768-10768 [PTT-DIAG]              com.reedersystems.commandcomms       D  MainActivity PTT DOWN — forwarding to BackgroundAudioService (signaling=true)
2026-04-10 18:59:50.666 10768-10768 MediaPlayer             com.reedersystems.commandcomms       D  handleMessage msg:(1, 0, 0)
2026-04-10 18:59:50.661   737-845   DuraSpeed/...eedService system_server                        D  [onPlaybackConfigChanged], play music packageNames:[com.reedersystems.commandcomms, com.reedersystems.commandcomms]
2026-04-10 18:59:50.672 10768-10768 [PTT-DIAG]              com.reedersystems.commandcomms       D  {"event":"RADIO_PTT_DOWN","pttState":"IDLE","signaling":true,"channelKey":"TESTING__TESTING 1","channelId":"535"}
2026-04-10 18:59:50.673 10768-10768 [PTT-DIAG]              com.reedersystems.commandcomms       W  {"event":"RADIO_PTT_DOWN_CHANNEL_BUSY","transmittingUnit":"null","radioState":"RECEIVING"}
2026-04-10 18:59:50.673 10768-10768 [ToneEvent]             com.reedersystems.commandcomms       D  {"tone":"denied","trigger":"channel_busy","transmittingUnit":"null","radioState":"RECEIVING","state":"IDLE","ts":1775861990673}
2026-04-10 18:59:50.674   390-11236 NuPlayerDriver          mediaserver                          D  stop(0xb18253f0)
2026-04-10 18:59:50.674   390-11236 NuPlayerDriver          mediaserver                          D  notifyListener_l(0xb18253f0), (8, 0, 0, -1), loop setting(0, 1)
2026-04-10 18:59:50.675   737-1163  MediaRouterService      system_server                        V  restoreBluetoothA2dp(false)
2026-04-10 18:59:50.676 10768-10768 MediaPlayer             com.reedersystems.commandcomms       V  resetDrmState:  mDrmInfo=null mDrmProvisioningThread=null mPrepareDrmInProgress=false mActiveDrmScheme=false
2026-04-10 18:59:50.676 10768-10768 MediaPlayer             com.reedersystems.commandcomms       V  cleanDrmObj: mDrmObj=null mDrmSessionId=null
2026-04-10 18:59:50.677   390-11236 NuPlayerDriver          mediaserver                          D  reset(0xb18253f0) at state 8
2026-04-10 18:59:50.677   390-11236 NuPlayerDriver          mediaserver                          D  Fail to find mime
2026-04-10 18:59:50.677   390-11236 NuPlayerDriver          mediaserver                          D  Fail to find name
2026-04-10 18:59:50.677   390-11236 GenericSource           mediaserver                          D  disconnect: mDataSource 0xaf920cc0 mHttpSource 0x0
2026-04-10 18:59:50.677   737-845   DuraSpeed/...eedService system_server                        D  [onPlaybackConfigChanged], play music packageNames:[com.reedersystems.commandcomms]
2026-04-10 18:59:50.681   390-11679 OMXClient               mediaserver                          I  Treble IOmx obtained
2026-04-10 18:59:50.681   397-12728 OMXMaster               media.codec                          I  makeComponentInstance(OMX.MTK.AUDIO.DECODER.MP3) in omx@1.0-service process
2026-04-10 18:59:50.682   397-12728 MtkOmxMp3Dec            media.codec                          D  JB MtkOmxMp3Dec::MtkOmxMp3Dec this= 0xab265000
2026-04-10 18:59:50.682   397-12728 MtkOmxMp3Dec            media.codec                          D  JB MtkOmxMp3Dec::InitAudioParams(MP3)
2026-04-10 18:59:50.686   397-13518 OMXNodeInstance         media.codec                          E  setConfig(0xab265004:MTK.DECODER.MP3, ConfigPriority(0x6f800002)) ERROR: Undefined(0x80001001)
2026-04-10 18:59:50.687   390-11679 ACodec                  mediaserver                          I  codec does not support config priority (err -2147483648)
2026-04-10 18:59:50.687   354-373   powerd                  merged_hal_service                   I  [powerd_req] POWER_MSG_QUERY_INFO: cmd:6, param:0
2026-04-10 18:59:50.688   397-13518 OMXNodeInstance         media.codec                          E  getConfig(0xab265004:MTK.DECODER.MP3, ConfigAndroidVendorExtension(0x6f100004)) ERROR: Undefined(0x80001001)
2026-04-10 18:59:50.690   390-11679 MediaCodec              mediaserver                          I  MediaCodec will operate in async mode
2026-04-10 18:59:50.691   397-11680 MtkOmxAudioDecBase      media.codec                          D  # Got general command (OMX_CommandStateSet)
2026-04-10 18:59:50.691   397-11680 MtkOmxAudioDecBase      media.codec                          D  wait on mInPortAllocDoneSem(0), mOutPortAllocDoneSem(0)!!
2026-04-10 18:59:50.695   330-330   /system/bi....0-service android.hidl.allocator@1.0-service   W  ashmem_create_region(65536) returning hidl_memory(0xb2998300, 65536)
2026-04-10 18:59:50.698   330-330   chatty                  android.hidl.allocator@1.0-service   I  uid=1000(system) allocator@1.0-s identical 2 lines
2026-04-10 18:59:50.700   330-330   /system/bi....0-service android.hidl.allocator@1.0-service   W  ashmem_create_region(65536) returning hidl_memory(0xb2998300, 65536)
2026-04-10 18:59:50.704   330-330   /system/bi....0-service android.hidl.allocator@1.0-service   W  ashmem_create_region(4608) returning hidl_memory(0xb2998300, 4608)
2026-04-10 18:59:50.705   330-330   /system/bi....0-service android.hidl.allocator@1.0-service   W  ashmem_create_region(4608) returning hidl_memory(0xb2998300, 4608)
2026-04-10 18:59:50.707 10768-11204 [RadioEngine]           com.reedersystems.commandcomms       D  RX_DIAG rxTotal=0 rxNew=0 jbSize=0 jbDepth=3 jbPlaying=false channelIdx=535 t=60047ms
2026-04-10 18:59:50.708   330-330   /system/bi....0-service android.hidl.allocator@1.0-service   W  ashmem_create_region(4608) returning hidl_memory(0xb2998300, 4608)
2026-04-10 18:59:50.710   330-330   /system/bi....0-service android.hidl.allocator@1.0-service   W  ashmem_create_region(4608) returning hidl_memory(0xb2998300, 4608)
2026-04-10 18:59:50.711   397-11680 MtkOmxAudioDecBase      media.codec                          D  # Got general command (OMX_CommandStateSet)
2026-04-10 18:59:50.711   397-11680 MtkOmxAudioDecBase      media.codec                          D  state changes to OMX_StateExecuting
2026-04-10 18:59:50.715   397-11680 MtkOmxAudioDecBase      media.codec                          D  # Got general command (OMX_CommandStateSet)
2026-04-10 18:59:50.720   397-13518 MtkOmxMp3Dec            media.codec                          D  JB ~MtkOmxMp3Dec this= 0xab265000
2026-04-10 18:59:50.716   397-11680 MtkOmxAudioDecBase      media.codec                          D  # Got general command (OMX_CommandStateSet)
2026-04-10 18:59:50.721   390-11678 MediaAnalyticsItem      mediaserver                          W  Unable to record: (codec:0:-1:-11:0:5:android.media.mediacodec.mime=audio/mpeg:android.media.mediacodec.mode=audio:android.media.mediacodec.encoder=0:android.media.mediacodec.codec=OMX.MTK.AUDIO.DECODER.MP3:android.media.mediacodec.secure=0:) [forcenew=0]
2026-04-10 18:59:50.722   390-11674 NuPlayer                mediaserver                          D  audio shutdown completed
2026-04-10 18:59:50.723   390-11674 NuPlayerDriver          mediaserver                          D  notifyResetComplete(0xb18253f0)
2026-04-10 18:59:50.724 10768-10768 [ToneEngine]            com.reedersystems.commandcomms       D  Denied tone stopped
2026-04-10 18:59:50.734   737-845   DuraSpeed/...eedService system_server                        D  [onPlaybackConfigChanged], play music packageNames:[com.reedersystems.commandcomms]
2026-04-10 18:59:50.735   390-11236 DrmMtkUtil/DrmUtil      mediaserver                          E  checkDcf: not dcf type, dcf version value [80]
2026-04-10 18:59:50.735   390-11236 Cta5File                mediaserver                          E  Cta5File::isCta5NormalFile false, bad magic:PK
2026-04-10 18:59:50.735   390-11236 Cta5File                mediaserver                          E  Cta5File::isCta5MultimediaFile false, bad magic:
2026-04-10 18:59:50.735   390-11236 NuPlayerDriver          mediaserver                          D  NuPlayerDriver(0xb18253f0) created, clientPid(10768)
2026-04-10 18:59:50.743   390-11685 GenericSource           mediaserver                          D  FileSource remote
2026-04-10 18:59:50.746   389-7085  MediaExtractor          media.extractor                      D  Autodetected media content as 'audio/mpeg' with confidence 0.20
2026-04-10 18:59:50.749   389-7085  MediaAnalyticsItem      media.extractor                      W  Unable to record: (extractor:0:-1:-11:0:3:android.media.mediaextractor.fmt=MP3Extractor:android.media.mediaextractor.ntrk=1:android.media.mediaextractor.mime=audio/mpeg:) [forcenew=0]
2026-04-10 18:59:50.749   390-11684 NuPlayerDriver          mediaserver                          D  notifyListener_l(0xb18253f0), (1, 0, 0, -1), loop setting(0, 0)
2026-04-10 18:59:50.757   390-555   NuPlayerDriver          mediaserver                          D  start(0xb18253f0), state is 4, eos is 0
2026-04-10 18:59:50.757   737-4776  MediaRouterService      system_server                        V  restoreBluetoothA2dp(false)
2026-04-10 18:59:50.758 10768-10768 [ToneEngine]            com.reedersystems.commandcomms       D  Denied tone started (looping)
2026-04-10 18:59:50.758   390-11684 GenericSource           mediaserver                          I  start
2026-04-10 18:59:50.759 10768-10768 MediaPlayer             com.reedersystems.commandcomms       W  mediaplayer went away with unhandled events
2026-04-10 18:59:50.760 10768-10768 MediaPlayer             com.reedersystems.commandcomms       D  handleMessage msg:(1, 0, 0)
2026-04-10 18:59:50.763   737-845   DuraSpeed/...eedService system_server                        D  [onPlaybackConfigChanged], play music packageNames:[com.reedersystems.commandcomms, com.reedersystems.commandcomms]
2026-04-10 18:59:50.773   390-11689 OMXClient               mediaserver                          I  Treble IOmx obtained
2026-04-10 18:59:50.773   397-13518 OMXMaster               media.codec                          I  makeComponentInstance(OMX.MTK.AUDIO.DECODER.MP3) in omx@1.0-service process
2026-04-10 18:59:50.774   397-13518 MtkOmxMp3Dec            media.codec                          D  JB MtkOmxMp3Dec::MtkOmxMp3Dec this= 0xab265000
2026-04-10 18:59:50.774   397-13518 MtkOmxMp3Dec            media.codec                          D  JB MtkOmxMp3Dec::InitAudioParams(MP3)
2026-04-10 18:59:50.778   397-13518 OMXNodeInstance         media.codec                          E  setConfig(0xab265004:MTK.DECODER.MP3, ConfigPriority(0x6f800002)) ERROR: Undefined(0x80001001)
2026-04-10 18:59:50.779   390-11689 ACodec                  mediaserver                          I  codec does not support config priority (err -2147483648)
2026-04-10 18:59:50.780   397-1015  OMXNodeInstance         media.codec                          E  getConfig(0xab265004:MTK.DECODER.MP3, ConfigAndroidVendorExtension(0x6f100004)) ERROR: Undefined(0x80001001)
2026-04-10 18:59:50.781   390-11689 MediaCodec              mediaserver                          I  MediaCodec will operate in async mode
2026-04-10 18:59:50.782   397-11690 MtkOmxAudioDecBase      media.codec                          D  # Got general command (OMX_CommandStateSet)
2026-04-10 18:59:50.782   397-11690 MtkOmxAudioDecBase      media.codec                          D  wait on mInPortAllocDoneSem(0), mOutPortAllocDoneSem(0)!!
2026-04-10 18:59:50.785   330-330   /system/bi....0-service android.hidl.allocator@1.0-service   W  ashmem_create_region(65536) returning hidl_memory(0xb2998300, 65536)
2026-04-10 18:59:50.788   330-330   chatty                  android.hidl.allocator@1.0-service   I  uid=1000(system) allocator@1.0-s identical 2 lines
2026-04-10 18:59:50.789   330-330   /system/bi....0-service android.hidl.allocator@1.0-service   W  ashmem_create_region(65536) returning hidl_memory(0xb2998300, 65536)
