2026-03-30 19:38:55.816 26078-26142 AudioSPELayer           and...re.audio@2.0-service-mediatek  D  Clear
2026-03-30 19:38:55.816 26078-26142 AudioSPELayer           and...re.audio@2.0-service-mediatek  D  free mSphCtrlBuffer 0xac4c51c0
2026-03-30 19:38:55.816 26078-26142 AudioSPELayer           and...re.audio@2.0-service-mediatek  D  ~free mSphCtrlBuffer
2026-03-30 19:38:55.816 26078-26142 AudioSPELayer           and...re.audio@2.0-service-mediatek  D  ~Clear
2026-03-30 19:38:55.816 26078-26142 AudioALSAC...DataClient and...re.audio@2.0-service-mediatek  D  -StopBesRecord()
2026-03-30 19:38:55.816 26078-26142 MtkAudioSrc             and...re.audio@2.0-service-mediatek  D  close(), mState = 1
2026-03-30 19:38:55.816 26078-26142 MtkAudioSrc             and...re.audio@2.0-service-mediatek  D  close(), mState = 1
2026-03-30 19:38:55.816 26078-26142 AudioSPELayer           and...re.audio@2.0-service-mediatek  D  ~SPELayer+
2026-03-30 19:38:55.816 26078-26142 AudioSPELayer           and...re.audio@2.0-service-mediatek  D  Clear
2026-03-30 19:38:55.817 26078-26142 AudioSPELayer           and...re.audio@2.0-service-mediatek  D  ~Clear
2026-03-30 19:38:55.817 26078-26142 AudioSPELayer           and...re.audio@2.0-service-mediatek  D  FlushBufferQ+
2026-03-30 19:38:55.817 26078-26142 AudioSPELayer           and...re.audio@2.0-service-mediatek  D  FlushBufferQ mULOutBufferQ size=1,mULInBufferQ.size=1,mDLOutBufferQ.size()=0,mDLInBufferQ.size()=2,mDLDelayBufferQ.size()=2
2026-03-30 19:38:55.817 26078-26142 AudioSPELayer           and...re.audio@2.0-service-mediatek  D  mDLInBufferQ::pBufBase=0xad304f40
2026-03-30 19:38:55.817 26078-26142 AudioSPELayer           and...re.audio@2.0-service-mediatek  D  mDLInBufferQ::done, free at DLDelay buffer
2026-03-30 19:38:55.817 26078-26142 AudioSPELayer           and...re.audio@2.0-service-mediatek  D  mDLInBufferQ::pBufBase=0xad304cc0
2026-03-30 19:38:55.817 26078-26142 AudioSPELayer           and...re.audio@2.0-service-mediatek  D  mDLInBufferQ::done, free at DLDelay buffer
2026-03-30 19:38:55.817 26078-26142 AudioSPELayer           and...re.audio@2.0-service-mediatek  D  mDLDelayBufferQ::pBufBase=0xad304f40
2026-03-30 19:38:55.817 26078-26142 AudioSPELayer           and...re.audio@2.0-service-mediatek  D  mDLDelayBufferQ::free
2026-03-30 19:38:55.817 26078-26142 AudioSPELayer           and...re.audio@2.0-service-mediatek  D  mDLDelayBufferQ::delete
2026-03-30 19:38:55.817 26078-26142 AudioSPELayer           and...re.audio@2.0-service-mediatek  D  mDLDelayBufferQ::done
2026-03-30 19:38:55.817 26078-26142 AudioSPELayer           and...re.audio@2.0-service-mediatek  D  mDLDelayBufferQ::pBufBase=0xad304cc0
2026-03-30 19:38:55.817 26078-26142 AudioSPELayer           and...re.audio@2.0-service-mediatek  D  mDLDelayBufferQ::free
2026-03-30 19:38:55.817 26078-26142 AudioSPELayer           and...re.audio@2.0-service-mediatek  D  mDLDelayBufferQ::delete
2026-03-30 19:38:55.817 26078-26142 AudioSPELayer           and...re.audio@2.0-service-mediatek  D  mDLDelayBufferQ::done
2026-03-30 19:38:55.817 26078-26142 AudioSPELayer           and...re.audio@2.0-service-mediatek  D  FlushBufferQ-
2026-03-30 19:38:55.818 26078-26142 AudioSPELayer           and...re.audio@2.0-service-mediatek  D  ~SPELayer-
2026-03-30 19:38:55.818 26078-26142 AudioPreProcess         and...re.audio@2.0-service-mediatek  D  ~AudioPreProcess()+
2026-03-30 19:38:55.818 26078-26142 AudioPreProcess         and...re.audio@2.0-service-mediatek  D  stop_echo_reference()+
2026-03-30 19:38:55.818 26078-26142 AudioPreProcess         and...re.audio@2.0-service-mediatek  D  clear_echo_reference()+ 0xad1a2d80
2026-03-30 19:38:55.818 26078-26142 AudioPreProcess         and...re.audio@2.0-service-mediatek  D  remove_echo_reference()+ 0xad1a2d80
2026-03-30 19:38:55.818 26078-26142 AudioPreProcess         and...re.audio@2.0-service-mediatek  D  remove_echo_reference()-
2026-03-30 19:38:55.818 26078-26142 AudioPreProcess         and...re.audio@2.0-service-mediatek  D  clear_echo_reference()-
2026-03-30 19:38:55.818 26078-26142 AudioPreProcess         and...re.audio@2.0-service-mediatek  D  stop_echo_reference()-
2026-03-30 19:38:55.818 26078-26142 AudioPreProcess         and...re.audio@2.0-service-mediatek  D  ~AudioPreProcess()-
2026-03-30 19:38:55.818 26078-26142 AudioALSAC...DataClient and...re.audio@2.0-service-mediatek  D  -~AudioALSACaptureDataClient()
2026-03-30 19:38:55.818 26078-26142 AudioALSAC...HandlerAEC and...re.audio@2.0-service-mediatek  D  -close()
2026-03-30 19:38:55.818 26078-26142 AudioALSAC...HandlerAEC and...re.audio@2.0-service-mediatek  D  ~AudioALSACaptureHandlerAEC()
2026-03-30 19:38:55.818 26078-26142 AudioALSAC...andlerBase and...re.audio@2.0-service-mediatek  D  ~AudioALSACaptureHandlerBase()
2026-03-30 19:38:55.818 26078-26142 AudioALSAStreamManager  and...re.audio@2.0-service-mediatek  D  -destroyCaptureHandler(), mCaptureHandlerVector.size() = 0
2026-03-30 19:38:55.818 26078-26142 AudioALSAStreamIn       and...re.audio@2.0-service-mediatek  D  -standby()
2026-03-30 19:38:55.821 26078-13805 AudioALSAHardware       and...re.audio@2.0-service-mediatek  D  -releaseAudioPatch handle [0x25]
2026-03-30 19:38:55.821 26078-13805 AudioALSAHardware       and...re.audio@2.0-service-mediatek  D  +routing releaseAudioPatch 80000004->Mixer
2026-03-30 19:38:55.821 26078-13805 AudioALSAStreamManager  and...re.audio@2.0-service-mediatek  D  +setParameters(), IOport = 302, keyValuePairs = routing=0
2026-03-30 19:38:55.821 26078-13805 AudioALSAStreamIn       and...re.audio@2.0-service-mediatek  D  +setParameters(): routing=0
2026-03-30 19:38:55.821 26078-13805 AudioALSAStreamManager  and...re.audio@2.0-service-mediatek  D  +routingInputDevice(), input_device: 0x80000004 => 0x0
2026-03-30 19:38:55.821 26078-13805 AudioALSAStreamManager  and...re.audio@2.0-service-mediatek  W  -routingInputDevice(), input_device == AUDIO_DEVICE_NONE(0x0), return
2026-03-30 19:38:55.821 26078-13805 AudioALSAStreamIn       and...re.audio@2.0-service-mediatek  D  -setParameters(): routing=0 
2026-03-30 19:38:55.821 26078-13805 AudioALSAHardware       and...re.audio@2.0-service-mediatek  D  handlecheck releaseAudioPatch remove handle [25] OK
2026-03-30 19:38:55.821 26078-13805 AudioALSAHardware       and...re.audio@2.0-service-mediatek  D  -releaseAudioPatch handle [0x25] status [0]
2026-03-30 19:38:55.823 26078-13805 AudioALSAStreamIn       and...re.audio@2.0-service-mediatek  D  removeAudioEffect(), 0xae718d60
2026-03-30 19:38:55.823 26078-13805 AudioALSAStreamIn       and...re.audio@2.0-service-mediatek  D  removeAudioEffect(), effect name:Acoustic Echo Canceler, BackupCount=2
2026-03-30 19:38:55.823 26078-13805 AudioALSAStreamIn       and...re.audio@2.0-service-mediatek  D  removeAudioEffect() found fx at index 0, 0xae718d60
2026-03-30 19:38:55.823 26078-13805 AudioALSAStreamIn       and...re.audio@2.0-service-mediatek  D  removeAudioEffect() moving fx from 1 to 0
2026-03-30 19:38:55.823 26078-13805 AudioALSAStreamIn       and...re.audio@2.0-service-mediatek  D  removeAudioEffect()-
2026-03-30 19:38:55.825 26078-13805 AudioALSAStreamIn       and...re.audio@2.0-service-mediatek  D  removeAudioEffect(), 0xad28fdc0
2026-03-30 19:38:55.825 26078-13805 AudioALSAStreamIn       and...re.audio@2.0-service-mediatek  D  removeAudioEffect(), effect name:Noise Suppression, BackupCount=1
2026-03-30 19:38:55.825 26078-13805 AudioALSAStreamIn       and...re.audio@2.0-service-mediatek  D  removeAudioEffect() found fx at index 0, 0xad28fdc0
2026-03-30 19:38:55.825 26078-13805 AudioALSAStreamIn       and...re.audio@2.0-service-mediatek  D  removeAudioEffect()-
2026-03-30 19:38:55.826 26078-13805 AudioALSAStreamIn       and...re.audio@2.0-service-mediatek  D  removeAudioEffect(), 0xad28fdc0
2026-03-30 19:38:55.826 26078-13805 AudioALSAStreamIn       and...re.audio@2.0-service-mediatek  D  removeAudioEffect(), mPreProcessEffectBackupCount wrong
2026-03-30 19:38:55.831 26078-26142 AudioALSAStreamManager  and...re.audio@2.0-service-mediatek  D  +closeInputStream(), in = 0xae76aa00, size() = 1
2026-03-30 19:38:55.831 26078-26142 AudioALSAStreamIn       and...re.audio@2.0-service-mediatek  D  ~AudioALSAStreamIn()
2026-03-30 19:38:55.831 26078-26142 AudioALSAStreamManager  and...re.audio@2.0-service-mediatek  D  -closeInputStream(), mStreamInVector.size() = 0
2026-03-30 19:38:55.843 25998-25998 gle.vp8.encoder         media.codec                          W  type=1400 audit(0.0:252447): avc: denied { getattr } for path="/dev/sw_sync" dev="tmpfs" ino=236 scontext=u:r:mediacodec:s0 tcontext=u:object_r:sw_sync_device:s0 tclass=chr_file permissive=0
2026-03-30 19:38:55.864 26159-1430  MediaRouterService      system_server                        V  restoreBluetoothA2dp(false)
2026-03-30 19:38:55.877 25998-25998 gle.vp8.encoder         media.codec                          W  type=1400 audit(0.0:252448): avc: denied { getattr } for path="/dev/sw_sync" dev="tmpfs" ino=236 scontext=u:r:mediacodec:s0 tcontext=u:object_r:sw_sync_device:s0 tclass=chr_file permissive=0
2026-03-30 19:38:55.930 25998-25998 gle.vp8.encoder         media.codec                          W  type=1400 audit(0.0:252449): avc: denied { getattr } for path="/dev/sw_sync" dev="tmpfs" ino=236 scontext=u:r:mediacodec:s0 tcontext=u:object_r:sw_sync_device:s0 tclass=chr_file permissive=0
2026-03-30 19:38:55.960 25998-25998 gle.vp8.encoder         media.codec                          W  type=1400 audit(0.0:252450): avc: denied { getattr } for path="/dev/sw_sync" dev="tmpfs" ino=236 scontext=u:r:mediacodec:s0 tcontext=u:object_r:sw_sync_device:s0 tclass=chr_file permissive=0
2026-03-30 19:38:56.036 26159-2210  MediaRouterService      system_server                        V  restoreBluetoothA2dp(false)
2026-03-30 19:38:56.060 25998-25998 gle.vp8.encoder         media.codec                          W  type=1400 audit(0.0:252451): avc: denied { getattr } for path="/dev/sw_sync" dev="tmpfs" ino=236 scontext=u:r:mediacodec:s0 tcontext=u:object_r:sw_sync_device:s0 tclass=chr_file permissive=0
2026-03-30 19:38:56.160 25998-25998 gle.vp8.encoder         media.codec                          W  type=1400 audit(0.0:252452): avc: denied { getattr } for path="/dev/sw_sync" dev="tmpfs" ino=236 scontext=u:r:mediacodec:s0 tcontext=u:object_r:sw_sync_device:s0 tclass=chr_file permissive=0
2026-03-30 19:38:56.260 25998-25998 gle.vp8.encoder         media.codec                          W  type=1400 audit(0.0:252453): avc: denied { getattr } for path="/dev/sw_sync" dev="tmpfs" ino=236 scontext=u:r:mediacodec:s0 tcontext=u:object_r:sw_sync_device:s0 tclass=chr_file permissive=0
2026-03-30 19:38:56.363 25998-25998 gle.vp8.encoder         media.codec                          W  type=1400 audit(0.0:252454): avc: denied { getattr } for path="/dev/sw_sync" dev="tmpfs" ino=236 scontext=u:r:mediacodec:s0 tcontext=u:object_r:sw_sync_device:s0 tclass=chr_file permissive=0
2026-03-30 19:38:56.460 25998-25998 gle.vp8.encoder         media.codec                          W  type=1400 audit(0.0:252455): avc: denied { getattr } for path="/dev/sw_sync" dev="tmpfs" ino=236 scontext=u:r:mediacodec:s0 tcontext=u:object_r:sw_sync_device:s0 tclass=chr_file permissive=0
2026-03-30 19:38:56.563 25998-25998 gle.vp8.encoder         media.codec                          W  type=1400 audit(0.0:252456): avc: denied { getattr } for path="/dev/sw_sync" dev="tmpfs" ino=236 scontext=u:r:mediacodec:s0 tcontext=u:object_r:sw_sync_device:s0 tclass=chr_file permissive=0
2026-03-30 19:38:56.663 25998-25998 gle.vp8.encoder         media.codec                          W  type=1400 audit(0.0:252457): avc: denied { getattr } for path="/dev/sw_sync" dev="tmpfs" ino=236 scontext=u:r:mediacodec:s0 tcontext=u:object_r:sw_sync_device:s0 tclass=chr_file permissive=0
2026-03-30 19:38:56.763 25998-25998 gle.vp8.encoder         media.codec                          W  type=1400 audit(0.0:252458): avc: denied { getattr } for path="/dev/sw_sync" dev="tmpfs" ino=236 scontext=u:r:mediacodec:s0 tcontext=u:object_r:sw_sync_device:s0 tclass=chr_file permissive=0
2026-03-30 19:38:56.867 25998-25998 gle.vp8.encoder         media.codec                          W  type=1400 audit(0.0:252459): avc: denied { getattr } for path="/dev/sw_sync" dev="tmpfs" ino=236 scontext=u:r:mediacodec:s0 tcontext=u:object_r:sw_sync_device:s0 tclass=chr_file permissive=0
2026-03-30 19:38:56.967 25998-25998 gle.vp8.encoder         media.codec                          W  type=1400 audit(0.0:252460): avc: denied { getattr } for path="/dev/sw_sync" dev="tmpfs" ino=236 scontext=u:r:mediacodec:s0 tcontext=u:object_r:sw_sync_device:s0 tclass=chr_file permissive=0
2026-03-30 19:38:57.226   354-369   DynamicFpsPolicy        ven...tek.hardware.dfps@1.0-service  I  oldRequest: fps[-1] mode[0] --> newRequest: fps[26] mode[3] num[r:1|rs:1]
2026-03-30 19:38:57.226   354-369   DynamicFpsPolicy        ven...tek.hardware.dfps@1.0-service  I  seq[5]  api[LOADING]  pid[0]  fps[26]  mode[INTERNAL_SW]  tPid[0]  glId[0]
2026-03-30 19:38:57.731 25998-10723 BufferQueueProducer     media.codec                          I  [GraphicBufferSource](this:0xa5237000,id:78,api:1,p:25998,c:25998) queueBuffer: fps=3.67 dur=2727.53 max=1767.83 min=34.64
2026-03-30 19:38:57.730 25998-25998 gle.vp8.encoder         media.codec                          W  type=1400 audit(0.0:252461): avc: denied { getattr } for path="/dev/sw_sync" dev="tmpfs" ino=236 scontext=u:r:mediacodec:s0 tcontext=u:object_r:sw_sync_device:s0 tclass=chr_file permissive=0
2026-03-30 19:38:57.830 25998-25998 gle.vp8.encoder         media.codec                          W  type=1400 audit(0.0:252462): avc: denied { getattr } for path="/dev/sw_sync" dev="tmpfs" ino=236 scontext=u:r:mediacodec:s0 tcontext=u:object_r:sw_sync_device:s0 tclass=chr_file permissive=0
2026-03-30 19:38:57.930 25998-25998 gle.vp8.encoder         media.codec                          W  type=1400 audit(0.0:252463): avc: denied { getattr } for path="/dev/sw_sync" dev="tmpfs" ino=236 scontext=u:r:mediacodec:s0 tcontext=u:object_r:sw_sync_device:s0 tclass=chr_file permissive=0
2026-03-30 19:38:58.033 25998-25998 gle.vp8.encoder         media.codec                          W  type=1400 audit(0.0:252464): avc: denied { getattr } for path="/dev/sw_sync" dev="tmpfs" ino=236 scontext=u:r:mediacodec:s0 tcontext=u:object_r:sw_sync_device:s0 tclass=chr_file permissive=0
2026-03-30 19:38:58.133 25998-25998 gle.vp8.encoder         media.codec                          W  type=1400 audit(0.0:252465): avc: denied { getattr } for path="/dev/sw_sync" dev="tmpfs" ino=236 scontext=u:r:mediacodec:s0 tcontext=u:object_r:sw_sync_device:s0 tclass=chr_file permissive=0
2026-03-30 19:38:58.226   354-369   DynamicFpsPolicy        ven...tek.hardware.dfps@1.0-service  I  oldRequest: fps[26] mode[3] --> newRequest: fps[-1] mode[0] num[r:0|rs:0]
2026-03-30 19:38:58.233 25998-25998 gle.vp8.encoder         media.codec                          W  type=1400 audit(0.0:252466): avc: denied { getattr } for path="/dev/sw_sync" dev="tmpfs" ino=236 scontext=u:r:mediacodec:s0 tcontext=u:object_r:sw_sync_device:s0 tclass=chr_file permissive=0
2026-03-30 19:38:58.333 25998-25998 gle.vp8.encoder         media.codec                          W  type=1400 audit(0.0:252467): avc: denied { getattr } for path="/dev/sw_sync" dev="tmpfs" ino=236 scontext=u:r:mediacodec:s0 tcontext=u:object_r:sw_sync_device:s0 tclass=chr_file permissive=0
2026-03-30 19:38:58.433 25998-25998 gle.vp8.encoder         media.codec                          W  type=1400 audit(0.0:252468): avc: denied { getattr } for path="/dev/sw_sync" dev="tmpfs" ino=236 scontext=u:r:mediacodec:s0 tcontext=u:object_r:sw_sync_device:s0 tclass=chr_file permissive=0
2026-03-30 19:38:58.533 25998-25998 gle.vp8.encoder         media.codec                          W  type=1400 audit(0.0:252469): avc: denied { getattr } for path="/dev/sw_sync" dev="tmpfs" ino=236 scontext=u:r:mediacodec:s0 tcontext=u:object_r:sw_sync_device:s0 tclass=chr_file permissive=0
2026-03-30 19:38:58.633 25998-25998 gle.vp8.encoder         media.codec                          W  type=1400 audit(0.0:252470): avc: denied { getattr } for path="/dev/sw_sync" dev="tmpfs" ino=236 scontext=u:r:mediacodec:s0 tcontext=u:object_r:sw_sync_device:s0 tclass=chr_file permissive=0
2026-03-30 19:38:58.737 25998-25998 gle.vp8.encoder         media.codec                          W  type=1400 audit(0.0:252471): avc: denied { getattr } for path="/dev/sw_sync" dev="tmpfs" ino=236 scontext=u:r:mediacodec:s0 tcontext=u:object_r:sw_sync_device:s0 tclass=chr_file permissive=0
2026-03-30 19:38:59.021 26078-13805 AudioALSAStreamOut      and...re.audio@2.0-service-mediatek  D  standby(), flag 6
2026-03-30 19:38:59.022 26078-13805 AudioALSAStreamOut      and...re.audio@2.0-service-mediatek  D  standbyStreamOut(), flag 6
2026-03-30 19:38:59.022 26078-13805 AudioALSAStreamOut      and...re.audio@2.0-service-mediatek  D  close(), flags 6, mMixerOutInUse 0
2026-03-30 19:38:59.022 26078-13805 AudioALSAP...dlerNormal and...re.audio@2.0-service-mediatek  D  +close(), flag 6, mDevice = 0x2
2026-03-30 19:38:59.022 26078-13805 AudioVoiceUIDL          and...re.audio@2.0-service-mediatek  D  [SetInputStandBy] ReadRefFromRing to exit? (0) 
2026-03-30 19:38:59.022 26078-13805 AudioALSAH...rceManager and...re.audio@2.0-service-mediatek  D  +stopOutputDevice(), mOutputDevices = 0x2, mStartOutputDevicesCount = 1
2026-03-30 19:38:59.022 26078-13805 AudioALSAD...figManager and...re.audio@2.0-service-mediatek  D  ApplyDeviceTurnoffSequenceByName(), DeviceName = ext_speaker_output descriptor->DeviceStatusCounter = 1
2026-03-30 19:38:59.022 26078-13805 AudioALSAD...figManager and...re.audio@2.0-service-mediatek  D  ApplyDeviceTurnoffSequenceByName(), DeviceName = speaker_output descriptor->DeviceStatusCounter = 1
2026-03-30 19:38:59.023 26078-13805 AudioALSADriverUtility  and...re.audio@2.0-service-mediatek  D  GetPropertyValue key = af.resouce.extdac_support value = 0
2026-03-30 19:38:59.023 26078-13805 AudioALSAP...andlerBase and...re.audio@2.0-service-mediatek  D  closePcmDriver(), mPcm = 0xae728c40
2026-03-30 19:38:59.023 26078-13805 AudioALSADriverUtility  and...re.audio@2.0-service-mediatek  D  GetPropertyValue key = af.resouce.extdac_support value = 0
2026-03-30 19:38:59.023 26078-13805 AudioALSAP...dlerNormal and...re.audio@2.0-service-mediatek  D  SetLowJitterMode(), bypass low jitter mode, bEnable = 0, device = 0x2, SampleRate = 48000
2026-03-30 19:38:59.023 26078-13805 MtkAudioBitConverter    and...re.audio@2.0-service-mediatek  D  +close()
2026-03-30 19:38:59.024 26078-13805 AudioALSAP...andlerBase and...re.audio@2.0-service-mediatek  D  DeinitDataPending
2026-03-30 19:38:59.024 26078-13805 AudioALSAP...dlerNormal and...re.audio@2.0-service-mediatek  D  -close()
2026-03-30 19:38:59.024 26078-13805 AudioALSAStreamManager  and...re.audio@2.0-service-mediatek  D  -destroyPlaybackHandler(), mode = 0, pPlaybackHandler = 0xad112300, mPlaybackHandlerVector.size() = 0
2026-03-30 19:38:59.024 26078-13805 AudioALSAStreamOut      and...re.audio@2.0-service-mediatek  D  setMuteForRouting(), mute 0, flags 6
2026-03-30 19:38:59.024 26078-13805 AudioUtility            and...re.audio@2.0-service-mediatek  D  power_hal_hint - custPowerHint 0, data 0
2026-03-30 19:38:59.024   353-13317 vendor.med...r@1.1-impl merged_hal_service                   I  mtkCusPowerHint hint:0, data:0
2026-03-30 19:39:00.077 25998-10723 BufferQueueProducer     media.codec                          I  [GraphicBufferSource](this:0xa5237000,id:78,api:1,p:25998,c:25998) queueBuffer: fps=0.43 dur=2346.07 max=2346.07 min=2346.07
2026-03-30 19:39:00.077 25998-25998 gle.vp8.encoder         media.codec                          W  type=1400 audit(0.0:252472): avc: denied { getattr } for path="/dev/sw_sync" dev="tmpfs" ino=236 scontext=u:r:mediacodec:s0 tcontext=u:object_r:sw_sync_device:s0 tclass=chr_file permissive=0
2026-03-30 19:39:00.113 25998-25998 gle.vp8.encoder         media.codec                          W  type=1400 audit(0.0:252473): avc: denied { getattr } for path="/dev/sw_sync" dev="tmpfs" ino=236 scontext=u:r:mediacodec:s0 tcontext=u:object_r:sw_sync_device:s0 tclass=chr_file permissive=0
2026-03-30 19:39:00.150 25998-25998 gle.vp8.encoder         media.codec                          W  type=1400 audit(0.0:252474): avc: denied { getattr } for path="/dev/sw_sync" dev="tmpfs" ino=236 scontext=u:r:mediacodec:s0 tcontext=u:object_r:sw_sync_device:s0 tclass=chr_file permissive=0
2026-03-30 19:39:00.250 25998-25998 gle.vp8.encoder         media.codec                          W  type=1400 audit(0.0:252475): avc: denied { getattr } for path="/dev/sw_sync" dev="tmpfs" ino=236 scontext=u:r:mediacodec:s0 tcontext=u:object_r:sw_sync_device:s0 tclass=chr_file permissive=0
2026-03-30 19:39:00.353 25998-25998 gle.vp8.encoder         media.codec                          W  type=1400 audit(0.0:252476): avc: denied { getattr } for path="/dev/sw_sync" dev="tmpfs" ino=236 scontext=u:r:mediacodec:s0 tcontext=u:object_r:sw_sync_device:s0 tclass=chr_file permissive=0
2026-03-30 19:39:00.453 25998-25998 gle.vp8.encoder         media.codec                          W  type=1400 audit(0.0:252477): avc: denied { getattr } for path="/dev/sw_sync" dev="tmpfs" ino=236 scontext=u:r:mediacodec:s0 tcontext=u:object_r:sw_sync_device:s0 tclass=chr_file permissive=0
2026-03-30 19:39:00.553 25998-25998 gle.vp8.encoder         media.codec                          W  type=1400 audit(0.0:252478): avc: denied { getattr } for path="/dev/sw_sync" dev="tmpfs" ino=236 scontext=u:r:mediacodec:s0 tcontext=u:object_r:sw_sync_device:s0 tclass=chr_file permissive=0
2026-03-30 19:39:00.653 25998-25998 gle.vp8.encoder         media.codec                          W  type=1400 audit(0.0:252479): avc: denied { getattr } for path="/dev/sw_sync" dev="tmpfs" ino=236 scontext=u:r:mediacodec:s0 tcontext=u:object_r:sw_sync_device:s0 tclass=chr_file permissive=0
2026-03-30 19:39:00.753 25998-25998 gle.vp8.encoder         media.codec                          W  type=1400 audit(0.0:252480): avc: denied { getattr } for path="/dev/sw_sync" dev="tmpfs" ino=236 scontext=u:r:mediacodec:s0 tcontext=u:object_r:sw_sync_device:s0 tclass=chr_file permissive=0
2026-03-30 19:39:00.853 25998-25998 gle.vp8.encoder         media.codec                          W  type=1400 audit(0.0:252481): avc: denied { getattr } for path="/dev/sw_sync" dev="tmpfs" ino=236 scontext=u:r:mediacodec:s0 tcontext=u:object_r:sw_sync_device:s0 tclass=chr_file permissive=0
2026-03-30 19:39:00.957 25998-25998 gle.vp8.encoder         media.codec                          W  type=1400 audit(0.0:252482): avc: denied { getattr } for path="/dev/sw_sync" dev="tmpfs" ino=236 scontext=u:r:mediacodec:s0 tcontext=u:object_r:sw_sync_device:s0 tclass=chr_file permissive=0
2026-03-30 19:39:01.057 25998-25998 gle.vp8.encoder         media.codec                          W  type=1400 audit(0.0:252483): avc: denied { getattr } for path="/dev/sw_sync" dev="tmpfs" ino=236 scontext=u:r:mediacodec:s0 tcontext=u:object_r:sw_sync_device:s0 tclass=chr_file permissive=0
2026-03-30 19:39:01.157 25998-25998 gle.vp8.encoder         media.codec                          W  type=1400 audit(0.0:252484): avc: denied { getattr } for path="/dev/sw_sync" dev="tmpfs" ino=236 scontext=u:r:mediacodec:s0 tcontext=u:object_r:sw_sync_device:s0 tclass=chr_file permissive=0
2026-03-30 19:39:01.416   354-369   DynamicFpsPolicy        ven...tek.hardware.dfps@1.0-service  I  oldRequest: fps[-1] mode[0] --> newRequest: fps[27] mode[3] num[r:1|rs:1]
2026-03-30 19:39:01.416   354-369   DynamicFpsPolicy        ven...tek.hardware.dfps@1.0-service  I  seq[5]  api[LOADING]  pid[0]  fps[27]  mode[INTERNAL_SW]  tPid[0]  glId[0]
2026-03-30 19:39:02.416   354-369   DynamicFpsPolicy        ven...tek.hardware.dfps@1.0-service  I  oldRequest: fps[27] mode[3] --> newRequest: fps[-1] mode[0] num[r:0|rs:0]
2026-03-30 19:39:05.227 26075-26118 DrmMtkUtil/DrmUtil      mediaserver                          E  checkDcf: not dcf type, dcf version value [80]
2026-03-30 19:39:05.227 26075-26118 Cta5File                mediaserver                          E  Cta5File::isCta5NormalFile false, bad magic:PK
2026-03-30 19:39:05.228 26075-26118 Cta5File                mediaserver                          E  Cta5File::isCta5MultimediaFile false, bad magic:
2026-03-30 19:39:05.228 26075-26118 NuPlayerDriver          mediaserver                          D  NuPlayerDriver(0xae6253f0) created, clientPid(30744)
2026-03-30 19:39:05.241 26075-32512 GenericSource           mediaserver                          D  FileSource remote
2026-03-30 19:39:05.247   397-1373  MediaExtractor          media.extractor                      D  Autodetected media content as 'audio/x-wav' with confidence 0.30
2026-03-30 19:39:05.249   397-16351 MediaBufferGroup        media.extractor                      D  creating MemoryDealer
2026-03-30 19:39:05.249   397-1373  MediaAnalyticsItem      media.extractor                      W  Unable to record: (extractor:0:-1:-11:0:3:android.media.mediaextractor.fmt=WAVExtractor:android.media.mediaextractor.ntrk=1:android.media.mediaextractor.mime=audio/x-wav:) [forcenew=0]
2026-03-30 19:39:05.250 26075-32511 NuPlayerDriver          mediaserver                          D  notifyListener_l(0xae6253f0), (1, 0, 0, -1), loop setting(0, 0)
2026-03-30 19:39:05.250 30744-30744 MediaPlayer             com.reedersystems.commandcomms       D  handleMessage msg:(1, 0, 0)
2026-03-30 19:39:05.255 26159-2210  MediaRouterService      system_server                        V  restoreBluetoothA2dp(false)
2026-03-30 19:39:05.257 26075-26118 NuPlayerDriver          mediaserver                          D  start(0xae6253f0), state is 4, eos is 0
2026-03-30 19:39:05.257 26075-32511 GenericSource           mediaserver                          I  start
2026-03-30 19:39:05.262 26075-32511 Utils_MTK               mediaserver                          D  kKeyBitWidth in utils is 16
2026-03-30 19:39:05.262 26075-32511 Utils_MTK               mediaserver                          D  kKeyEndian in utils is 2
2026-03-30 19:39:05.262 26075-32511 Utils_MTK               mediaserver                          D  kKeyNumericalType in utils is 1
2026-03-30 19:39:05.262 26075-32511 Utils_MTK               mediaserver                          D  kKeyPCMType in utils is 1
2026-03-30 19:39:05.267 25998-10723 BufferQueueProducer     media.codec                          I  [GraphicBufferSource](this:0xa5237000,id:78,api:1,p:25998,c:25998) queueBuffer: fps=0.58 dur=5189.69 max=5114.63 min=37.02
2026-03-30 19:39:05.272 26075-32511 Utils_MTK               mediaserver                          D  kKeyBitWidth in utils is 16
2026-03-30 19:39:05.272 26075-32511 Utils_MTK               mediaserver                          D  kKeyEndian in utils is 2
2026-03-30 19:39:05.272 26075-32511 Utils_MTK               mediaserver                          D  kKeyNumericalType in utils is 1
2026-03-30 19:39:05.272 26075-32511 Utils_MTK               mediaserver                          D  kKeyPCMType in utils is 1
2026-03-30 19:39:05.280 26075-32517 OMXClient               mediaserver                          I  Treble IOmx obtained
2026-03-30 19:39:05.281 25998-10723 OMXMaster               media.codec                          I  makeComponentInstance(OMX.MTK.AUDIO.DECODER.RAW) in omx@1.0-service process
2026-03-30 19:39:05.282 25998-10723 MtkOmxRawDec            media.codec                          D  MtkOmxComponentCreate +++ !!!
2026-03-30 19:39:05.282 25998-10723 MtkOmxRawDec            media.codec                          D  MtkOmxRawDec Construct !!!
2026-03-30 19:39:05.282 25998-10723 MtkOmxRawDec            media.codec                          D  fileTableSize is 55
2026-03-30 19:39:05.282 25998-10723 MtkOmxRawDec            media.codec                          D  Init Audio(Raw PCM) Params!!!
2026-03-30 19:39:05.286 26075-32517 ACodec                  mediaserver                          D  endian is 2, bitWidth is 16, pcmType is 1, channelAssignment is 0, numericalType is 1
2026-03-30 19:39:05.286 26075-32517 ACodec                  mediaserver                          D  Config raw codec, pcmType is 1
2026-03-30 19:39:05.286 25998-10723 MtkOmxRawDec            media.codec                          D  checkInputParameter !
2026-03-30 19:39:05.289 25998-10723 OMXNodeInstance         media.codec                          E  setConfig(0xa5259404:MTK.DECODER.RAW, ConfigPriority(0x6f800002)) ERROR: Undefined(0x80001001)
2026-03-30 19:39:05.289 26075-32517 ACodec                  mediaserver                          I  codec does not support config priority (err -2147483648)
2026-03-30 19:39:05.290 25998-10723 OMXNodeInstance         media.codec                          E  getConfig(0xa5259404:MTK.DECODER.RAW, ConfigAndroidVendorExtension(0x6f100004)) ERROR: Undefined(0x80001001)
2026-03-30 19:39:05.293 26075-32517 MediaCodec              mediaserver                          I  MediaCodec will operate in async mode
2026-03-30 19:39:05.294 25998-32518 MtkOmxAudioDecBase      media.codec                          D  # Got general command (OMX_CommandStateSet)
2026-03-30 19:39:05.295 25998-32518 MtkOmxAudioDecBase      media.codec                          D  wait on mInPortAllocDoneSem(0), mOutPortAllocDoneSem(0)!!
2026-03-30 19:39:05.303 25998-25998 gle.vp8.encoder         media.codec                          W  type=1400 audit(0.0:252485): avc: denied { getattr } for path="/dev/sw_sync" dev="tmpfs" ino=236 scontext=u:r:mediacodec:s0 tcontext=u:object_r:sw_sync_device:s0 tclass=chr_file permissive=0
2026-03-30 19:39:05.317 25998-25998 gle.vp8.encoder         media.codec                          W  type=1400 audit(0.0:252486): avc: denied { getattr } for path="/dev/sw_sync" dev="tmpfs" ino=236 scontext=u:r:mediacodec:s0 tcontext=u:object_r:sw_sync_device:s0 tclass=chr_file permissive=0
2026-03-30 19:39:05.357 25998-32518 MtkOmxAudioDecBase      media.codec                          D  # Got general command (OMX_CommandStateSet)
2026-03-30 19:39:05.357 25998-32518 MtkOmxAudioDecBase      media.codec                          D  state changes to OMX_StateExecuting
2026-03-30 19:39:05.368 26075-32516 NuPlayerDecoder         mediaserver                          I  [audio] saw output EOS
2026-03-30 19:39:05.369 26075-32515 AudioTrack              mediaserver                          D  set(): 0xac728000, streamType 8, sampleRate 44100, format 0x1, channelMask 0x1, frameCount 22560, flags #0, notificationFrames 0, sessionId 0, transferType 0, uid 10158, pid 30744
2026-03-30 19:39:05.369 26075-32515 AudioTrack              mediaserver                          D  Building AudioTrack with attributes: usage = 3, content = 4, flags = 0x0, tags = []
2026-03-30 19:39:05.374 26075-32515 AudioTrack              mediaserver                          D  Client defaulted notificationFrames to 7520 for frameCount 22560
2026-03-30 19:39:05.375 26075-32515 AudioTrack              mediaserver                          D  createTrack_l: 0xac728000, mCblk = 0xabf170e0, mLatency = 563, mAfLatency = 52, frameCount = 22560, mSampleRate = 44100, mFlags = 0, mReqFrameCount = 22560, mNotificationFramesAct = 7520
2026-03-30 19:39:05.376 26075-32515 AudioTrack              mediaserver                          D  start(): 0xac728000, mState = 1
2026-03-30 19:39:05.378 26075-32511 NuPlayerDriver          mediaserver                          D  notifyListener_l(0xae6253f0), (6, 0, 0, -1), loop setting(0, 0)
2026-03-30 19:39:05.378 26075-32515 AudioTrack              mediaserver                          D  stop(): 0xac728000, mState = 0
2026-03-30 19:39:05.378 26075-32515 AudioTrack              mediaserver                          D  stop() called with 11944 frames delivered
2026-03-30 19:39:05.378 26078-29085 AudioALSAStreamManager  and...re.audio@2.0-service-mediatek  D  +syncSharedOutDevice(), routingSharedOutDevice: 2
2026-03-30 19:39:05.378 26078-29085 AudioALSAStreamManager  and...re.audio@2.0-service-mediatek  D  setMasterVolume(), volume = 1.000000
2026-03-30 19:39:05.378 26078-29085 AudioMTKGainController  and...re.audio@2.0-service-mediatek  D  setNormalVolume(), mSceneIndex = 0, stream 8, devices 0x2, index 14, mode 0x0
2026-03-30 19:39:05.378 26078-29085 AudioMTKGainController  and...re.audio@2.0-service-mediatek  D  setSpeakerGain(), gain = 8, spkAnaType = 3, spkLMixerName = Lineout_PGAL_GAIN, spkRMixerName = Lineout_PGAR_GAIN
2026-03-30 19:39:05.379 26078-29085 AudioALSAStreamOut      and...re.audio@2.0-service-mediatek  D  open(), flags 6
2026-03-30 19:39:05.379 26078-29085 AudioUtility            and...re.audio@2.0-service-mediatek  D  power_hal_hint - custPowerHint 0, data 268435455
2026-03-30 19:39:05.379   353-13317 vendor.med...r@1.1-impl merged_hal_service                   I  mtkCusPowerHint hint:0, data:268435455
2026-03-30 19:39:05.379 26078-29085 AudioALSAStreamManager  and...re.audio@2.0-service-mediatek  D  +createPlaybackHandler(), mAudioMode = 0, output_devices = 0x2
2026-03-30 19:39:05.379 30744-30744 MediaPlayer             com.reedersystems.commandcomms       D  handleMessage msg:(6, 0, 0)
2026-03-30 19:39:05.379 26078-29085 NVRAM                   and...re.audio@2.0-service-mediatek  D  getNumMicSupport(), dualMicFlag 1, numMicString 2
2026-03-30 19:39:05.379 26078-29085 NVRAM                   and...re.audio@2.0-service-mediatek  D  QueryFeatureSupportInfo(), feature support bit 0x1a097c57 
2026-03-30 19:39:05.379 26078-29085 AudioSpeechEnhanceInfo  and...re.audio@2.0-service-mediatek  D  IsAPDMNRTuningEnable(), 0
2026-03-30 19:39:05.379 26078-29085 AudioALSAP...dlerNormal and...re.audio@2.0-service-mediatek  D  AudioALSAPlaybackHandlerNormal()
2026-03-30 19:39:05.379 26078-29085 AudioALSAP...dlerNormal and...re.audio@2.0-service-mediatek  D  +setFilterMng() mAudioFilterManagerHandler [0xae716290]
2026-03-30 19:39:05.379 26078-29085 AudioALSAP...dlerNormal and...re.audio@2.0-service-mediatek  D  +open(), flag 6, mDevice = 0x2
2026-03-30 19:39:05.379 26078-29085 AudioALSADeviceParser   and...re.audio@2.0-service-mediatek  D  compare pcm success = 7, stringpair = I2S0DL1_PLayback
2026-03-30 19:39:05.380 26078-29085 <no-tag>                and...re.audio@2.0-service-mediatek  D  -AssignDRAM() retval 0
2026-03-30 19:39:05.380 26075-32515 AudioTrack              mediaserver                          D  audiotrack 0xac728000 stop done
2026-03-30 19:39:05.380 26078-29085 AudioALSAP...andlerBase and...re.audio@2.0-service-mediatek  D  transferAudioFormatToPcmFormat(), audio_format(0x4) => pcm_format(0x1)
2026-03-30 19:39:05.380 26078-29085 AudioALSAP...dlerNormal and...re.audio@2.0-service-mediatek  D  open(), mConfig: channels = 2, rate = 48000, period_size = 256, period_count = 2, format = 1 avail_min = 256
2026-03-30 19:39:05.380 26078-29085 AudioALSADriverUtility  and...re.audio@2.0-service-mediatek  D  GetPropertyValue key = af.resouce.extdac_support value = 0
2026-03-30 19:39:05.380 26078-29085 AudioALSAP...dlerNormal and...re.audio@2.0-service-mediatek  D  SetLowJitterMode(), bypass low jitter mode, bEnable = 1, device = 0x2, SampleRate = 48000
2026-03-30 19:39:05.380 26078-29085 AudioALSAP...andlerBase and...re.audio@2.0-service-mediatek  D  openPcmDriverWithFlag(), pcm device = 7 flag = 0x8
2026-03-30 19:39:05.382 26078-29085 AudioALSAP...andlerBase and...re.audio@2.0-service-mediatek  D  initBitConverter(), audio_format: 0x3 => 0x4, bcv_pcm_format = 0x3
2026-03-30 19:39:05.382 26078-29085 MtkAudioBitConverter    and...re.audio@2.0-service-mediatek  D  +open(), format 3, CH 2, SR 48000
2026-03-30 19:39:05.382 26078-29085 MtkAudioBitConverter    and...re.audio@2.0-service-mediatek  D  +resetBuffer()
2026-03-30 19:39:05.382 26078-29085 AudioALSAH...rceManager and...re.audio@2.0-service-mediatek  D  +startOutputDevice(), new_devices = 0x2, mOutputDevices = 0x0, mStartOutputDevicesCount = 0 SampleRate = 48000
2026-03-30 19:39:05.382 26078-29085 AudioALSADriverUtility  and...re.audio@2.0-service-mediatek  D  GetPropertyValue key = af.resouce.extdac_support value = 0
2026-03-30 19:39:05.383 26078-29085 AudioALSAD...figManager and...re.audio@2.0-service-mediatek  D  ApplyDeviceTurnonSequenceByName() DeviceName = speaker_output descriptor->DeviceStatusCounte = 0
2026-03-30 19:39:05.384 26078-29085 AudioALSAD...figManager and...re.audio@2.0-service-mediatek  D  ApplyDeviceTurnonSequenceByName() DeviceName = ext_speaker_output descriptor->DeviceStatusCounte = 0
2026-03-30 19:39:05.389 26078-29085 AudioVoiceUIDL          and...re.audio@2.0-service-mediatek  D  [GetSRCInputParameter] mOutputSampleRate 16000,  mInputSampleRate 48000, mInChannel 2, mOutChannel, 0 format 4
2026-03-30 19:39:05.389 26078-29085 AudioVoiceUIDL          and...re.audio@2.0-service-mediatek  D  [GetSRCInputParameter] create SRC handle fail
2026-03-30 19:39:05.389 26078-29085 AudioALSAP...dlerNormal and...re.audio@2.0-service-mediatek  D  -open()
2026-03-30 19:39:05.390 25998-25998 gle.vp8.encoder         media.codec                          W  type=1400 audit(0.0:252487): avc: denied { getattr } for path="/dev/sw_sync" dev="tmpfs" ino=236 scontext=u:r:mediacodec:s0 tcontext=u:object_r:sw_sync_device:s0 tclass=chr_file permissive=0
2026-03-30 19:39:05.440 25998-25998 gle.vp8.encoder         media.codec                          W  type=1400 audit(0.0:252488): avc: denied { getattr } for path="/dev/sw_sync" dev="tmpfs" ino=236 scontext=u:r:mediacodec:s0 tcontext=u:object_r:sw_sync_device:s0 tclass=chr_file permissive=0
2026-03-30 19:39:05.517 26078-13805 AudioALSAStreamManager  and...re.audio@2.0-service-mediatek  D  openInputStream(), devices = 0x80000004, format = 0x1, channels = 0x10, sampleRate = 48000, status = 310, acoustics = 0x0
2026-03-30 19:39:05.517 26078-13805 AudioALSAStreamIn       and...re.audio@2.0-service-mediatek  D  AudioALSAStreamIn()
2026-03-30 19:39:05.517 26078-13805 AudioALSAStreamIn       and...re.audio@2.0-service-mediatek  D  set(), devices = 0x80000004, format = 0x1, channels = 0x10, sampleRate = 48000, acoustics = 0x0, flags = 0
2026-03-30 19:39:05.517 26078-13805 AudioALSAStreamIn       and...re.audio@2.0-service-mediatek  D  CheckBesRecordInfo()
2026-03-30 19:39:05.517 26078-13805 AudioSpeechEnhanceInfo  and...re.audio@2.0-service-mediatek  D  GetBesRecScene() -1
2026-03-30 19:39:05.517 26078-13805 AudioSpeechEnhanceInfo  and...re.audio@2.0-service-mediatek  D  IsBesRecTuningEnable()- 0
2026-03-30 19:39:05.518 26078-13805 NVRAM                   and...re.audio@2.0-service-mediatek  D  getNumMicSupport(), dualMicFlag 1, numMicString 2
2026-03-30 19:39:05.518 26078-13805 NVRAM                   and...re.audio@2.0-service-mediatek  D  QueryFeatureSupportInfo(), feature support bit 0x1a097c57 
2026-03-30 19:39:05.518 26078-13805 AudioSpeechEnhanceInfo  and...re.audio@2.0-service-mediatek  D  IsAPDMNRTuningEnable(), 0
2026-03-30 19:39:05.518 26078-13805 NVRAM                   and...re.audio@2.0-service-mediatek  D  getNumMicSupport(), dualMicFlag 1, numMicString 2
2026-03-30 19:39:05.518 26078-13805 NVRAM                   and...re.audio@2.0-service-mediatek  D  QueryFeatureSupportInfo(), feature support bit 0x1a097c57 
2026-03-30 19:39:05.518 26078-13805 AudioSpeechEnhanceInfo  and...re.audio@2.0-service-mediatek  D  GetForceMagiASRState(), feature_support=1a097c57, 400, mForceMagiASR=0
2026-03-30 19:39:05.518 26078-13805 AudioSpeechEnhanceInfo  and...re.audio@2.0-service-mediatek  D  GetForceAECRecState(), mForceAECRec=0
2026-03-30 19:39:05.519 26078-13805 AudioALSAStreamIn       and...re.audio@2.0-service-mediatek  D  set() done, sampleRate = 48000, num_channels = 1, buffer_size=1920, tempDebugflag = 0
2026-03-30 19:39:05.519 26078-13805 AudioALSAStreamManager  and...re.audio@2.0-service-mediatek  D  -openInputStream(), in = 0xae76aa00, status = 0x0, mStreamInVector.size() = 1
2026-03-30 19:39:05.519 26078-13805 AudioALSAStreamIn       and...re.audio@2.0-service-mediatek  D  +setParameters(): input_source=7
2026-03-30 19:39:05.519 26078-13805 AudioALSAStreamIn       and...re.audio@2.0-service-mediatek  D  -setParameters(): input_source=7 
2026-03-30 19:39:05.525 26078-13805 AudioALSAStreamIn       and...re.audio@2.0-service-mediatek  D  +standby()
2026-03-30 19:39:05.525 26078-13805 AudioALSAStreamIn       and...re.audio@2.0-service-mediatek  D  -standby()
2026-03-30 19:39:05.526 26078-13805 AudioALSAStreamIn       and...re.audio@2.0-service-mediatek  D  +standby()
2026-03-30 19:39:05.526 26078-13805 AudioALSAStreamIn       and...re.audio@2.0-service-mediatek  D  -standby()
2026-03-30 19:39:05.540 25998-25998 gle.vp8.encoder         media.codec                          W  type=1400 audit(0.0:252489): avc: denied { getattr } for path="/dev/sw_sync" dev="tmpfs" ino=236 scontext=u:r:mediacodec:s0 tcontext=u:object_r:sw_sync_device:s0 tclass=chr_file permissive=0
2026-03-30 19:39:05.561 26078-24807 AudioALSAHardware       and...re.audio@2.0-service-mediatek  D  +routing createAudioPatch 80000004->Mixer Src 7
2026-03-30 19:39:05.561 26078-24807 AudioALSAStreamManager  and...re.audio@2.0-service-mediatek  D  +setParameters(), IOport = 310, keyValuePairs = input_source=7;routing=-2147483644
2026-03-30 19:39:05.561 26078-24807 AudioALSAStreamIn       and...re.audio@2.0-service-mediatek  D  +setParameters(): input_source=7;routing=-2147483644
2026-03-30 19:39:05.562 26078-24807 AudioALSAStreamManager  and...re.audio@2.0-service-mediatek  D  +routingInputDevice(), input_device: 0x80000004 => 0x80000004
2026-03-30 19:39:05.562 26078-24807 AudioALSAStreamManager  and...re.audio@2.0-service-mediatek  W  -routingInputDevice(), input_device == current_input_device(0x80000004), return
2026-03-30 19:39:05.562 26078-24807 AudioALSAStreamIn       and...re.audio@2.0-service-mediatek  D  -setParameters(): input_source=7;routing=-2147483644 
2026-03-30 19:39:05.565 26078-24807 AudioALSAStreamIn       and...re.audio@2.0-service-mediatek  D  addAudioEffect(), 0xae718d60
2026-03-30 19:39:05.565 26078-24807 AudioALSAStreamIn       and...re.audio@2.0-service-mediatek  D  addAudioEffect(), effect name:Acoustic Echo Canceler, BackupCount=0
2026-03-30 19:39:05.565 26078-24807 AudioALSAStreamIn       and...re.audio@2.0-service-mediatek  D  addAudioEffect(), AECOn, need reopen the capture handle
2026-03-30 19:39:05.565 26078-24807 AudioALSAStreamIn       and...re.audio@2.0-service-mediatek  D  addAudioEffect()-
2026-03-30 19:39:05.567 26078-24807 AudioALSAStreamIn       and...re.audio@2.0-service-mediatek  D  addAudioEffect(), 0xad28fdc0
2026-03-30 19:39:05.567 26078-24807 AudioALSAStreamIn       and...re.audio@2.0-service-mediatek  D  addAudioEffect(), effect name:Noise Suppression, BackupCount=1
2026-03-30 19:39:05.567 26078-24807 AudioALSAStreamIn       and...re.audio@2.0-service-mediatek  D  addAudioEffect()-
2026-03-30 19:39:05.570 26078-32526 AudioALSAStreamIn       and...re.audio@2.0-service-mediatek  D  open()
2026-03-30 19:39:05.572 26078-32526 AudioALSAStreamManager  and...re.audio@2.0-service-mediatek  D  +createCaptureHandler(), mAudioMode = 0, input_source = 7, input_device = 0x80000004, mBypassDualMICProcessUL=0, sample_rate=48000
2026-03-30 19:39:05.572 26078-32526 NVRAM                   and...re.audio@2.0-service-mediatek  D  getNumMicSupport(), dualMicFlag 1, numMicString 2
2026-03-30 19:39:05.572 26078-32526 NVRAM                   and...re.audio@2.0-service-mediatek  D  QueryFeatureSupportInfo(), feature support bit 0x1a097c57 
2026-03-30 19:39:05.573 26078-32526 AudioALSAStreamManager  and...re.audio@2.0-service-mediatek  D  -EnableBesRecord(), 1
2026-03-30 19:39:05.573 26078-32526 AudioALSAC...andlerBase and...re.audio@2.0-service-mediatek  D  AudioALSACaptureHandlerBase()
2026-03-30 19:39:05.573 26078-32526 AudioALSAC...HandlerAEC and...re.audio@2.0-service-mediatek  D  AudioALSACaptureHandlerAEC()
2026-03-30 19:39:05.574 26078-32526 AudioALSAC...HandlerAEC and...re.audio@2.0-service-mediatek  D  +open(), input_device = 0x80000004, input_source = 0x7, sample_rate=48000, num_channels=1, output_devices=0x2
2026-03-30 19:39:05.574 26078-32526 AudioALSAC...DataClient and...re.audio@2.0-service-mediatek  D  AudioALSACaptureDataClient()
2026-03-30 19:39:05.575 26078-32526 AudioSPELayer           and...re.audio@2.0-service-mediatek  D  SPELayer+
2026-03-30 19:39:05.575 26078-32526 AudioSPELayer           and...re.audio@2.0-service-mediatek  D  GetVoIPJitterTime JitterTime=0,ret=1
2026-03-30 19:39:05.579 26078-32526 AudioSPELayer           and...re.audio@2.0-service-mediatek  D  SPELayer-
2026-03-30 19:39:05.580 26078-32526 AudioMTKGainController  and...re.audio@2.0-service-mediatek  D  +SetCaptureGain(), mode=0, source=7, input device=0x80000004, output device=0x2
2026-03-30 19:39:05.580 26078-32526 NVRAM                   and...re.audio@2.0-service-mediatek  D  getNumMicSupport(), dualMicFlag 1, numMicString 2
2026-03-30 19:39:05.581 26078-32526 NVRAM                   and...re.audio@2.0-service-mediatek  D  QueryFeatureSupportInfo(), feature support bit 0x1a097c57 
2026-03-30 19:39:05.582 26078-32526 AudioSpeechEnhanceInfo  and...re.audio@2.0-service-mediatek  D  IsAPDMNRTuningEnable(), 0
2026-03-30 19:39:05.582 26078-32526 AudioUtility            and...re.audio@2.0-service-mediatek  D  IsAudioSupportFeature AUDIO_SUPPORT_DMIC bSupportFlg[0]
2026-03-30 19:39:05.582 26078-32526 AudioMTKGainController  and...re.audio@2.0-service-mediatek  D  ApplyMicGain(), mSceneIndex = 0, _mic_mode = 0, _gain_device = 2, mode = 0, micgain = 20, mULTotalGain = 152, mBand = 0, mNetwork = 0, analogidx = 2
2026-03-30 19:39:05.583 26078-32526 AudioALSAC...DataClient and...re.audio@2.0-service-mediatek  D  AudioALSACaptureDataClient(), besrecord_enable=1, besrecord_scene=-1
2026-03-30 19:39:05.584 26078-32526 AudioSPELayer           and...re.audio@2.0-service-mediatek  D  SetVMDumpEnable(), 0
2026-03-30 19:39:05.584 26078-32526 AudioSPELayer           and...re.audio@2.0-service-mediatek  D  SetVMDumpFileName()+, VMFileName=
2026-03-30 19:39:05.585 26078-32526 AudioSPELayer           and...re.audio@2.0-service-mediatek  D  SetVMDumpFileName()-, VMFileName=, mVMDumpFileName=
2026-03-30 19:39:05.585 26078-32526 AudioSPELayer           and...re.audio@2.0-service-mediatek  D  SetPlatfromTimeOffset, old=0, new=-4
2026-03-30 19:39:05.585 26078-32526 AudioALSAC...DataClient and...re.audio@2.0-service-mediatek  D  CheckBesRecordBypass() 0
2026-03-30 19:39:05.586 26078-32526 AudioALSAC...DataClient and...re.audio@2.0-service-mediatek  D  +ConfigBesRecordParams()
2026-03-30 19:39:05.586 26078-32526 AudioALSAC...DataClient and...re.audio@2.0-service-mediatek  D  +GetBesRecordRoutePath(), output device = 0x2, input device = 0x80000004
2026-03-30 19:39:05.586 26078-32526 AudioALSAC...DataClient and...re.audio@2.0-service-mediatek  D  ConfigBesRecordParams(), categoryPath = Profile,Hands-free no 1mic NR, mBesRecordStereoMode = 0, input_source = 7, input_devices = 80000004, bVoIPEnable = 1, bypassDualProcess = 0
2026-03-30 19:39:05.586 26078-32526 AudioSPELayer           and...re.audio@2.0-service-mediatek  D  SetCompFilter, SPE_MODE=2
2026-03-30 19:39:05.586 26078-32526 NVRAM                   and...re.audio@2.0-service-mediatek  D  getNumMicSupport(), dualMicFlag 1, numMicString 2
2026-03-30 19:39:05.586 26078-32526 NVRAM                   and...re.audio@2.0-service-mediatek  D  QueryFeatureSupportInfo(), feature support bit 0x1a097c57 
2026-03-30 19:39:05.586 26078-32526 NVRAM                   and...re.audio@2.0-service-mediatek  D  getNumMicSupport(), dualMicFlag 1, numMicString 2
2026-03-30 19:39:05.586 26078-32526 NVRAM                   and...re.audio@2.0-service-mediatek  D  QueryFeatureSupportInfo(), feature support bit 0x1a097c57 
2026-03-30 19:39:05.586 26078-32526 AudioALSAC...DataClient and...re.audio@2.0-service-mediatek  D  SetDMNREnable(), type=2, bypassDMNR=0
2026-03-30 19:39:05.586 26078-32526 NVRAM                   and...re.audio@2.0-service-mediatek  D  getNumMicSupport(), dualMicFlag 1, numMicString 2
2026-03-30 19:39:05.586 26078-32526 NVRAM                   and...re.audio@2.0-service-mediatek  D  QueryFeatureSupportInfo(), feature support bit 0x1a097c57 
2026-03-30 19:39:05.586 26078-32526 NVRAM                   and...re.audio@2.0-service-mediatek  D  getNumMicSupport(), dualMicFlag 1, numMicString 2
2026-03-30 19:39:05.586 26078-32526 NVRAM                   and...re.audio@2.0-service-mediatek  D  QueryFeatureSupportInfo(), feature support bit 0x1a097c57 
2026-03-30 19:39:05.587 26078-32526 AudioSPELayer           and...re.audio@2.0-service-mediatek  D  SetDynamicFuncCtrl(), SetDynamicFuncCtrl ffffffff(40), enable(1) == current_state(1)
2026-03-30 19:39:05.587 26078-32526 AudioSPELayer           and...re.audio@2.0-service-mediatek  D  SetDynamicFuncCtrl(), SetDynamicFuncCtrl fffffffd
2026-03-30 19:39:05.587 26078-32526 AudioSPELayer           and...re.audio@2.0-service-mediatek  D  SetRoute, 2
2026-03-30 19:39:05.587 26078-32526 AudioSPELayer           and...re.audio@2.0-service-mediatek  D  SetMICDigitalGain, MIC_DG, SPE_MODE=2, gain=12
2026-03-30 19:39:05.587 26078-32526 AudioSPELayer           and...re.audio@2.0-service-mediatek  D  SetUpLinkTotalGain, SPE_MODE=2, gain=152
2026-03-30 19:39:05.587 26078-32526 AudioALSAC...DataClient and...re.audio@2.0-service-mediatek  D  -ConfigBesRecordParams()
2026-03-30 19:39:05.587 26078-32526 AudioALSAC...DataClient and...re.audio@2.0-service-mediatek  D  +StartBesRecord()
2026-03-30 19:39:05.587 26078-32526 AudioSPELayer           and...re.audio@2.0-service-mediatek  D  GetVoIPLatencyTime LatencyTime=0,ret=1
2026-03-30 19:39:05.587 26078-32526 AudioSPELayer           and...re.audio@2.0-service-mediatek  D  mLatencyTime=4,mLatencyDir=0
2026-03-30 19:39:05.587 26078-32526 AudioSPELayer           and...re.audio@2.0-service-mediatek  D  Start, SWIP ver = 10.2
