2026-04-10 18:08:17.665   397-397   gle.vp8.encoder         media.codec                          W  type=1400 audit(0.0:266459): avc: denied { getattr } for path="/dev/sw_sync" dev="tmpfs" ino=266 scontext=u:r:mediacodec:s0 tcontext=u:object_r:sw_sync_device:s0 tclass=chr_file permissive=0
2026-04-10 18:08:17.670 22731-27755 [AudioDSP]              com.reedersystems.commandcomms       D  TX_DSP_COEFFICIENTS sampleRate=16000 hpCutoff=80.0 hpAlpha=0.9695409720485787 lpCutoff=3500.0 lpB0=0.23764306109078495 lpB1=0.4752861221815699 lpB2=0.23764306109078495 lpA1=-0.23039534785679974 lpA2=0.18096759221993955 compThreshold=-12.0 compRatio=3.0 compAttack=0.003 compRelease=0.15 gain=1.5 t=78ms
2026-04-10 18:08:17.671 22731-27755 AudioRecord             com.reedersystems.commandcomms       D  start: 0x84cdea00, sync event 0 trigger session 0
2026-04-10 18:08:17.671   381-26296 APM_AudioPolicyManager  audioserver                          D  startInput() input 3198
2026-04-10 18:08:17.674   332-332   AudioALSAHardware       and...re.audio@2.0-service-mediatek  D  +routing createAudioPatch 80000004->Mixer Src 7
2026-04-10 18:08:17.674   332-332   AudioALSAStreamManager  and...re.audio@2.0-service-mediatek  D  +setParameters(), IOport = 3198, keyValuePairs = input_source=7;routing=-2147483644
2026-04-10 18:08:17.674   332-332   AudioALSAStreamIn       and...re.audio@2.0-service-mediatek  D  +setParameters(): input_source=7;routing=-2147483644
2026-04-10 18:08:17.674   332-332   AudioALSAStreamManager  and...re.audio@2.0-service-mediatek  D  +routingInputDevice(), input_device: 0x80000004 => 0x80000004
2026-04-10 18:08:17.674   332-332   AudioALSAStreamManager  and...re.audio@2.0-service-mediatek  W  -routingInputDevice(), input_device == current_input_device(0x80000004), return
2026-04-10 18:08:17.674   332-332   AudioALSAStreamIn       and...re.audio@2.0-service-mediatek  D  -setParameters(): input_source=7;routing=-2147483644 
2026-04-10 18:08:17.676 22731-27755 AudioRecord             com.reedersystems.commandcomms       D  start return status 0
2026-04-10 18:08:17.682   332-6537  AudioALSAStreamIn       and...re.audio@2.0-service-mediatek  D  addAudioEffect(), 0xb5d18d60
2026-04-10 18:08:17.682   332-6537  AudioALSAStreamIn       and...re.audio@2.0-service-mediatek  D  addAudioEffect(), effect name:Acoustic Echo Canceler, BackupCount=0
2026-04-10 18:08:17.682   332-6537  AudioALSAStreamIn       and...re.audio@2.0-service-mediatek  D  addAudioEffect(), AECOn, need reopen the capture handle
2026-04-10 18:08:17.682   332-6537  AudioALSAStreamIn       and...re.audio@2.0-service-mediatek  D  addAudioEffect()-
2026-04-10 18:08:17.683   332-617   AudioALSAStreamIn       and...re.audio@2.0-service-mediatek  D  addAudioEffect(), 0xb488fdc0
2026-04-10 18:08:17.683   332-617   AudioALSAStreamIn       and...re.audio@2.0-service-mediatek  D  addAudioEffect(), effect name:Noise Suppression, BackupCount=1
2026-04-10 18:08:17.683   332-617   AudioALSAStreamIn       and...re.audio@2.0-service-mediatek  D  addAudioEffect()-
2026-04-10 18:08:17.686   332-28223 AudioALSAStreamIn       and...re.audio@2.0-service-mediatek  D  open()
2026-04-10 18:08:17.686   332-28223 AudioALSAStreamManager  and...re.audio@2.0-service-mediatek  D  +createCaptureHandler(), mAudioMode = 3, input_source = 7, input_device = 0x80000004, mBypassDualMICProcessUL=0, sample_rate=16000
2026-04-10 18:08:17.686   332-28223 NVRAM                   and...re.audio@2.0-service-mediatek  D  getNumMicSupport(), dualMicFlag 1, numMicString 2
2026-04-10 18:08:17.686   332-28223 NVRAM                   and...re.audio@2.0-service-mediatek  D  QueryFeatureSupportInfo(), feature support bit 0x1a097c57 
2026-04-10 18:08:17.686   332-28223 AudioALSAStreamManager  and...re.audio@2.0-service-mediatek  D  -EnableBesRecord(), 1
2026-04-10 18:08:17.686   332-28223 AudioALSAC...andlerBase and...re.audio@2.0-service-mediatek  D  AudioALSACaptureHandlerBase()
2026-04-10 18:08:17.686   332-28223 AudioALSAC...HandlerAEC and...re.audio@2.0-service-mediatek  D  AudioALSACaptureHandlerAEC()
2026-04-10 18:08:17.686   332-28223 AudioALSAC...HandlerAEC and...re.audio@2.0-service-mediatek  D  +open(), input_device = 0x80000004, input_source = 0x7, sample_rate=16000, num_channels=1, output_devices=0x2
2026-04-10 18:08:17.686   332-28223 AudioALSAC...DataClient and...re.audio@2.0-service-mediatek  D  AudioALSACaptureDataClient()
2026-04-10 18:08:17.687   332-28223 AudioSPELayer           and...re.audio@2.0-service-mediatek  D  SPELayer+
2026-04-10 18:08:17.687   332-28223 AudioSPELayer           and...re.audio@2.0-service-mediatek  D  GetVoIPJitterTime JitterTime=0,ret=1
2026-04-10 18:08:17.689   332-28223 AudioSPELayer           and...re.audio@2.0-service-mediatek  D  SPELayer-
2026-04-10 18:08:17.689   332-28223 AudioMTKGainController  and...re.audio@2.0-service-mediatek  D  +SetCaptureGain(), mode=3, source=7, input device=0x80000004, output device=0x2
2026-04-10 18:08:17.690   332-28223 AudioUtility            and...re.audio@2.0-service-mediatek  D  IsAudioSupportFeature AUDIO_SUPPORT_DMIC bSupportFlg[0]
2026-04-10 18:08:17.690   332-28223 AudioMTKGainController  and...re.audio@2.0-service-mediatek  D  ApplyMicGain(), mSceneIndex = 0, _mic_mode = 4, _gain_device = 2, mode = 3, micgain = 12, mULTotalGain = 120, mBand = 0, mNetwork = 0, analogidx = 0
2026-04-10 18:08:17.690   332-28223 AudioALSAC...DataClient and...re.audio@2.0-service-mediatek  D  AudioALSACaptureDataClient(), besrecord_enable=1, besrecord_scene=-1
2026-04-10 18:08:17.690   332-28223 AudioSPELayer           and...re.audio@2.0-service-mediatek  D  SetVMDumpEnable(), 0
2026-04-10 18:08:17.690   332-28223 AudioSPELayer           and...re.audio@2.0-service-mediatek  D  SetVMDumpFileName()+, VMFileName=
2026-04-10 18:08:17.691   332-28223 AudioSPELayer           and...re.audio@2.0-service-mediatek  D  SetVMDumpFileName()-, VMFileName=, mVMDumpFileName=
2026-04-10 18:08:17.691   332-28223 AudioSPELayer           and...re.audio@2.0-service-mediatek  D  SetPlatfromTimeOffset, old=0, new=-4
2026-04-10 18:08:17.691   332-28223 AudioALSAC...DataClient and...re.audio@2.0-service-mediatek  D  CheckBesRecordBypass() 0
2026-04-10 18:08:17.691   332-28223 AudioALSAC...DataClient and...re.audio@2.0-service-mediatek  D  +ConfigBesRecordParams()
2026-04-10 18:08:17.691   332-28223 AudioALSAC...DataClient and...re.audio@2.0-service-mediatek  D  +GetBesRecordRoutePath(), output device = 0x2, input device = 0x80000004
2026-04-10 18:08:17.691   332-28223 AudioALSAC...DataClient and...re.audio@2.0-service-mediatek  D  ConfigBesRecordParams(), categoryPath = Profile,Hands-free no 1mic NR, mBesRecordStereoMode = 0, input_source = 7, input_devices = 80000004, bVoIPEnable = 1, bypassDualProcess = 0
2026-04-10 18:08:17.691   332-28223 AudioSPELayer           and...re.audio@2.0-service-mediatek  D  SetCompFilter, SPE_MODE=2
2026-04-10 18:08:17.692   332-28223 NVRAM                   and...re.audio@2.0-service-mediatek  D  getNumMicSupport(), dualMicFlag 1, numMicString 2
2026-04-10 18:08:17.692   332-28223 NVRAM                   and...re.audio@2.0-service-mediatek  D  QueryFeatureSupportInfo(), feature support bit 0x1a097c57 
2026-04-10 18:08:17.693   332-28223 NVRAM                   and...re.audio@2.0-service-mediatek  D  getNumMicSupport(), dualMicFlag 1, numMicString 2
2026-04-10 18:08:17.693   332-28223 NVRAM                   and...re.audio@2.0-service-mediatek  D  QueryFeatureSupportInfo(), feature support bit 0x1a097c57 
2026-04-10 18:08:17.693   332-28223 AudioALSAC...DataClient and...re.audio@2.0-service-mediatek  D  SetDMNREnable(), type=2, bypassDMNR=0
2026-04-10 18:08:17.693   332-28223 NVRAM                   and...re.audio@2.0-service-mediatek  D  getNumMicSupport(), dualMicFlag 1, numMicString 2
2026-04-10 18:08:17.693   332-28223 NVRAM                   and...re.audio@2.0-service-mediatek  D  QueryFeatureSupportInfo(), feature support bit 0x1a097c57 
2026-04-10 18:08:17.693   332-28223 NVRAM                   and...re.audio@2.0-service-mediatek  D  getNumMicSupport(), dualMicFlag 1, numMicString 2
2026-04-10 18:08:17.693   332-28223 NVRAM                   and...re.audio@2.0-service-mediatek  D  QueryFeatureSupportInfo(), feature support bit 0x1a097c57 
2026-04-10 18:08:17.693   332-28223 AudioSPELayer           and...re.audio@2.0-service-mediatek  D  SetDynamicFuncCtrl(), SetDynamicFuncCtrl ffffffff(40), enable(1) == current_state(1)
2026-04-10 18:08:17.693   332-28223 AudioSPELayer           and...re.audio@2.0-service-mediatek  D  SetDynamicFuncCtrl(), SetDynamicFuncCtrl fffffffd
2026-04-10 18:08:17.693   332-28223 AudioSPELayer           and...re.audio@2.0-service-mediatek  D  SetRoute, 2
2026-04-10 18:08:17.693   332-28223 AudioSPELayer           and...re.audio@2.0-service-mediatek  D  SetMICDigitalGain, MIC_DG, SPE_MODE=2, gain=16
2026-04-10 18:08:17.693   332-28223 AudioSPELayer           and...re.audio@2.0-service-mediatek  D  SetUpLinkTotalGain, SPE_MODE=2, gain=120
2026-04-10 18:08:17.693   332-28223 AudioALSAC...DataClient and...re.audio@2.0-service-mediatek  D  -ConfigBesRecordParams()
2026-04-10 18:08:17.693   332-28223 AudioALSAC...DataClient and...re.audio@2.0-service-mediatek  D  +StartBesRecord()
2026-04-10 18:08:17.694   332-28223 AudioSPELayer           and...re.audio@2.0-service-mediatek  D  GetVoIPLatencyTime LatencyTime=0,ret=1
2026-04-10 18:08:17.694   332-28223 AudioSPELayer           and...re.audio@2.0-service-mediatek  D  mLatencyTime=4,mLatencyDir=0
2026-04-10 18:08:17.694   332-28223 AudioSPELayer           and...re.audio@2.0-service-mediatek  D  Start, SWIP ver = 10.2
2026-04-10 18:08:17.694   332-28223 AudioSPELayer           and...re.audio@2.0-service-mediatek  D  Start, going to configure,mSphCtrlBuffer=0xb3a83180,mem_size=226672
2026-04-10 18:08:17.695   332-28223 AudioSPELayer           and...re.audio@2.0-service-mediatek  D  dump, State=0, mode=0
2026-04-10 18:08:17.696   332-28223 AudioSPELayer           and...re.audio@2.0-service-mediatek  D  Record:Samplerate = 48000, FrameRate=20,App_table=8, Fea_Cfg_table=1ff
2026-04-10 18:08:17.696   332-28223 AudioSPELayer           and...re.audio@2.0-service-mediatek  D  Record:EnhanceParas
2026-04-10 18:08:17.696   332-28223 AudioSPELayer           and...re.audio@2.0-service-mediatek  D  [index 0] 96,253,16388,32796,49415,0,400
2026-04-10 18:08:17.696   332-28223 AudioSPELayer           and...re.audio@2.0-service-mediatek  D  [index 1] 0,272,4325,99,0,0,0
2026-04-10 18:08:17.696   332-28223 AudioSPELayer           and...re.audio@2.0-service-mediatek  D  [index 2] 0,8192,0,0,0,10752,32769
2026-04-10 18:08:17.696   332-28223 AudioSPELayer           and...re.audio@2.0-service-mediatek  D  [index 3] 0,0,0,0,0,0,0
2026-04-10 18:08:17.696   332-28223 AudioSPELayer           and...re.audio@2.0-service-mediatek  D  [index 4] 0,0,0,0,0,0,0
2026-04-10 18:08:17.696   332-28223 AudioSPELayer           and...re.audio@2.0-service-mediatek  D  [index 5] 0,0,0,0,0,0,0
2026-04-10 18:08:17.696   332-28223 AudioSPELayer           and...re.audio@2.0-service-mediatek  D  [index 6] 0,0,0,0,0,0,0
2026-04-10 18:08:17.697   332-28223 AudioSPELayer           and...re.audio@2.0-service-mediatek  D  [index 7] 0,0,0,0,0,0,0
2026-04-10 18:08:17.697   332-28223 AudioSPELayer           and...re.audio@2.0-service-mediatek  D  Using:Samplerate = 16000, FrameRate=20,MIC_DG=16, App_table=2, Fea_Cfg_table=1ff, MMI_table=fffffffd, Device_mode=2, MMI_MIC_GAIN=120
2026-04-10 18:08:17.697   332-28223 AudioSPELayer           and...re.audio@2.0-service-mediatek  D  Using:EnhanceParas
2026-04-10 18:08:17.697   332-28223 AudioSPELayer           and...re.audio@2.0-service-mediatek  D  [index 0] 192,224,2218,29,57351,24607,0
2026-04-10 18:08:17.697   332-28223 AudioSPELayer           and...re.audio@2.0-service-mediatek  D  [index 1] 4,276,197,611,0,13066,0
2026-04-10 18:08:17.697   332-28223 AudioSPELayer           and...re.audio@2.0-service-mediatek  D  [index 2] 0,0,0,0,0,0,0
2026-04-10 18:08:17.697   332-28223 AudioSPELayer           and...re.audio@2.0-service-mediatek  D  [index 3] 0,0,0,0,0,0,0
2026-04-10 18:08:17.697   332-28223 AudioSPELayer           and...re.audio@2.0-service-mediatek  D  [index 4] 0,0,0,0,0,0,0
2026-04-10 18:08:17.697   332-28223 AudioSPELayer           and...re.audio@2.0-service-mediatek  D  [index 5] 0,0,0,0,0,0,0
2026-04-10 18:08:17.697   332-28223 AudioSPELayer           and...re.audio@2.0-service-mediatek  D  [index 6] 0,0,0,0,0,0,0
2026-04-10 18:08:17.697   332-28223 AudioSPELayer           and...re.audio@2.0-service-mediatek  D  [index 7] 55997,31000,10752,32769,0,0,0
2026-04-10 18:08:17.697   332-28223 AudioSPELayer           and...re.audio@2.0-service-mediatek  D  Using:DMNRCalData
2026-04-10 18:08:17.697   332-28223 AudioSPELayer           and...re.audio@2.0-service-mediatek  D  [index 0] 0,0,0,0,0,0,0,0,0,0,0,0,0,0,0,0,0,0,0
2026-04-10 18:08:17.697   332-28223 AudioSPELayer           and...re.audio@2.0-service-mediatek  D  [index 1] 0,0,0,0,0,0,0,0,0,0,0,0,0,0,0,0,0,0,0
2026-04-10 18:08:17.697   332-28223 AudioSPELayer           and...re.audio@2.0-service-mediatek  D  [index 2] 0,0,0,0,0,0,0,0,0,0,0,0,0,0,0,0,0,0,0
2026-04-10 18:08:17.697   332-28223 AudioSPELayer           and...re.audio@2.0-service-mediatek  D  [index 3] 0,0,0,0,0,0,0,0,0,0,0,0,0,0,0,0,0,0,0
2026-04-10 18:08:17.697   332-28223 AudioSPELayer           and...re.audio@2.0-service-mediatek  D  mSph_Enh_ctrl.frame_rate 20
2026-04-10 18:08:17.697   332-28223 AudioSPELayer           and...re.audio@2.0-service-mediatek  D  mNsecPerSample=62500
2026-04-10 18:08:17.697   332-28223 AudioSPELayer           and...re.audio@2.0-service-mediatek  D  mSPEProcessBufSize=1280
2026-04-10 18:08:17.697   332-28223 AudioALSAC...DataClient and...re.audio@2.0-service-mediatek  D  -StartBesRecord()
2026-04-10 18:08:17.697   332-28223 AudioALSAC...DataClient and...re.audio@2.0-service-mediatek  D  IsLowLatencyCapture(), low_latency_on: 0, voip_on: 1
2026-04-10 18:08:17.697   332-28223 chatty                  and...re.audio@2.0-service-mediatek  I  uid=1041(audioserver) reader identical 2 lines
2026-04-10 18:08:17.697   332-28223 AudioALSAC...DataClient and...re.audio@2.0-service-mediatek  D  IsLowLatencyCapture(), low_latency_on: 0, voip_on: 1
2026-04-10 18:08:17.698   332-28223 AudioALSAC...DataClient and...re.audio@2.0-service-mediatek  D  sample rate = 16000, drop ms = 25, channels = 1, byts per sample = 2, dropBesRecordDataSize = 1280
2026-04-10 18:08:17.698   332-28223 AudioPreProcess         and...re.audio@2.0-service-mediatek  D  AudioPreProcess()+
2026-04-10 18:08:17.698   332-28223 AudioPreProcess         and...re.audio@2.0-service-mediatek  D  AudioPreProcess()-
2026-04-10 18:08:17.698   332-28223 AudioALSAC...DataClient and...re.audio@2.0-service-mediatek  D  +CheckNativeEffect() 2
2026-04-10 18:08:17.698   332-28223 AudioPreProcess         and...re.audio@2.0-service-mediatek  D  CheckNativeEffect()+ 0 using
2026-04-10 18:08:17.698   332-28223 AudioPreProcess         and...re.audio@2.0-service-mediatek  D  PreProcessEffect_Count 2
2026-04-10 18:08:17.698   332-28223 AudioPreProcess         and...re.audio@2.0-service-mediatek  D  addAudioEffect()+ 0xb5d18d60
2026-04-10 18:08:17.698   332-28223 AudioPreProcess         and...re.audio@2.0-service-mediatek  D  find AEC: 0x0
2026-04-10 18:08:17.698   332-28223 AudioPreProcess         and...re.audio@2.0-service-mediatek  D  open AEC even record is already start
2026-04-10 18:08:17.698   332-28223 AudioPreProcess         and...re.audio@2.0-service-mediatek  D  start_echo_reference()+ channel_count=1,sampling_rate=16000,mEcho_Reference=0x0
2026-04-10 18:08:17.698   332-28223 AudioPreProcess         and...re.audio@2.0-service-mediatek  D  clear_echo_reference()+ 0x0
2026-04-10 18:08:17.698   332-28223 AudioPreProcess         and...re.audio@2.0-service-mediatek  D  clear_echo_reference()-
2026-04-10 18:08:17.698   332-28223 AudioPreProcess         and...re.audio@2.0-service-mediatek  D  start_echo_reference,wr_channel_count=2,wr_sampling_rate=16000
2026-04-10 18:08:17.698   332-28223 AudioPreProcess         and...re.audio@2.0-service-mediatek  D  start_echo_reference(),wr_channel_count=2,wr_sampling_rate=16000
2026-04-10 18:08:17.699   332-28223 AudioPreProcess         and...re.audio@2.0-service-mediatek  D  add_echo_reference()+, reference=0xb47a2e80
2026-04-10 18:08:17.699   332-28223 AudioPreProcess         and...re.audio@2.0-service-mediatek  D  add_echo_reference()-
2026-04-10 18:08:17.699   332-28223 AudioPreProcess         and...re.audio@2.0-service-mediatek  D  start_echo_reference()-
2026-04-10 18:08:17.699   332-28223 AudioPreProcess         and...re.audio@2.0-service-mediatek  D  in_configure_reverse()+
2026-04-10 18:08:17.699   332-28223 AudioPreProcess         and...re.audio@2.0-service-mediatek  D  in_configure_reverse()-, status=0
2026-04-10 18:08:17.699   332-28223 AudioPreProcess         and...re.audio@2.0-service-mediatek  D  addAudioEffect(), effect type: 7b491460, effect name:Acoustic Echo Canceler
2026-04-10 18:08:17.699   332-28223 AudioPreProcess         and...re.audio@2.0-service-mediatek  D  addAudioEffect(), StreamInAttributeinfo num_channels=1, audio_channel_mask=10, sample_rate=16000
2026-04-10 18:08:17.699   332-28223 AudioPreProcess         and...re.audio@2.0-service-mediatek  D  addAudioEffect()-, RetStatus=0
2026-04-10 18:08:17.699   332-28223 AudioPreProcess         and...re.audio@2.0-service-mediatek  D  addAudioEffect()+ 0xb488fdc0
2026-04-10 18:08:17.699   332-28223 AudioPreProcess         and...re.audio@2.0-service-mediatek  D  addAudioEffect(), effect type: 58b4b260, effect name:Noise Suppression
2026-04-10 18:08:17.699   332-28223 AudioPreProcess         and...re.audio@2.0-service-mediatek  D  addAudioEffect(), StreamInAttributeinfo num_channels=1, audio_channel_mask=10, sample_rate=16000
2026-04-10 18:08:17.699   332-28223 AudioPreProcess         and...re.audio@2.0-service-mediatek  D  addAudioEffect()-, RetStatus=0
2026-04-10 18:08:17.699   332-28223 AudioPreProcess         and...re.audio@2.0-service-mediatek  D  CheckNativeEffect()-
2026-04-10 18:08:17.699   332-28223 AudioALSAC...DataClient and...re.audio@2.0-service-mediatek  D  -CheckNativeEffect()
2026-04-10 18:08:17.699   332-28223 AudioALSAC...oviderBase and...re.audio@2.0-service-mediatek  D  configStreamAttribute(), audio_mode: 3 => 3, input_device: 0x80000004 => 0x80000004, flag: 0x0 => 0x0, input_source: 7->7
2026-04-10 18:08:17.699   332-28223 AudioALSAC...oviderBase and...re.audio@2.0-service-mediatek  D  attach(), 0xb491dc80, mCaptureDataClientVector.size()=0, Identity=0xb5d7d980
2026-04-10 18:08:17.700   332-28223 AudioALSADeviceParser   and...re.audio@2.0-service-mediatek  D  compare pcm success = 1, stringpair = MultiMedia1_Capture
2026-04-10 18:08:17.700   332-28223 AudioALSAC...iderNormal and...re.audio@2.0-service-mediatek  D  open(+), audiomode=0, cardindex = 0, pcmindex = 1
2026-04-10 18:08:17.702   332-28223 AudioSpeechEnhanceInfo  and...re.audio@2.0-service-mediatek  D  GetHifiRecord, mHiFiRecordEnable=0
2026-04-10 18:08:17.703   332-28223 AudioALSAC...iderNormal and...re.audio@2.0-service-mediatek  D  buffersizemax: 49152, bHifiRecord: 0, btempDebug: 0
2026-04-10 18:08:17.703   332-28223 AudioALSAC...DataClient and...re.audio@2.0-service-mediatek  D  IsLowLatencyCapture(), low_latency_on: 0, voip_on: 1
2026-04-10 18:08:17.703   332-28223 AudioALSAC...iderNormal and...re.audio@2.0-service-mediatek  D  mConfig format: 1, channels: 2, rate: 48000, period_size: 960, period_count: 6, latency: 20, kReadBufferSize: 7680, mCaptureDropSize: 0
2026-04-10 18:08:17.703   332-28223 AudioALSADeviceParser   and...re.audio@2.0-service-mediatek  D  compare pcm success = 1, stringpair = MultiMedia1_Capture
2026-04-10 18:08:17.704   352-352   hwcomposer              and...graphics.composer@2.1-service  W  [JOB] (2) copyvds is ture but vir buffer format is not HAL_PIXEL_FORMAT_YV12  
2026-04-10 18:08:17.708   330-330   /system/bi....0-service android.hidl.allocator@1.0-service   W  ashmem_create_region(65536) returning hidl_memory(0xb2998300, 65536)
2026-04-10 18:08:17.708   332-28223 AudioALSAH...rceManager and...re.audio@2.0-service-mediatek  D  +startInputDevice(), new_device = 0x80000004, mInputDevice = 0x0, mStartInputDeviceCount = 0, mMicInverse = 0, mNumPhoneMicSupport = 2
2026-04-10 18:08:17.709   332-28223 AudioALSAD...figManager and...re.audio@2.0-service-mediatek  D  ApplyDeviceSettingByName() DeviceName = Mic1TypeACCMode descriptor->DeviceStatusCounter = 0
2026-04-10 18:08:17.709   332-28223 AudioALSAD...figManager and...re.audio@2.0-service-mediatek  D  ApplyDeviceSettingByName() DeviceName = Mic2TypeACCMode descriptor->DeviceStatusCounter = 0
2026-04-10 18:08:17.709   332-28223 AudioUtility            and...re.audio@2.0-service-mediatek  D  IsAudioSupportFeature AUDIO_SUPPORT_DMIC bSupportFlg[0]
2026-04-10 18:08:17.709   332-28223 AudioALSAD...figManager and...re.audio@2.0-service-mediatek  D  ApplyDeviceTurnonSequenceByName() DeviceName = builtin_Mic_DualMic descriptor->DeviceStatusCounte = 0
2026-04-10 18:08:17.710   332-28223 AudioALSAC...iderNormal and...re.audio@2.0-service-mediatek  D  open(-)
2026-04-10 18:08:17.710   332-28224 AudioALSAC...DataClient and...re.audio@2.0-service-mediatek  D  IsLowLatencyCapture(), low_latency_on: 0, voip_on: 1
2026-04-10 18:08:17.710   332-28223 AudioSPELayer           and...re.audio@2.0-service-mediatek  D  SetUPLinkDropTime, 0
2026-04-10 18:08:17.710   332-28224 AudioALSAC...iderNormal and...re.audio@2.0-service-mediatek  D  +readThread(), pid: 332, tid: 28224, kReadBufferSize=0x1e00, open_index=397, UPLINK_SET_AMICDCC_BUFFER_TIME_MS = 80, counter=1 
2026-04-10 18:08:17.710   332-28223 AudioALSAC...DataClient and...re.audio@2.0-service-mediatek  D  sample_rate: 48000 => 16000, num_channels: 2 => 2, audio_format: 0x4 => 0x1
2026-04-10 18:08:17.710   332-28223 MtkAudioSrc             and...re.audio@2.0-service-mediatek  D  open(), SR 48000, CH 2; out SR 16000, CH 2; format 0, mState = 2
2026-04-10 18:08:17.710   332-28223 AudioALSAC...DataClient and...re.audio@2.0-service-mediatek  D  CheckNeedBesRecordSRC(), mStreamAttributeSource->sample_rate=48000, mStreamAttributeSource->num_channels=2, mStreamAttributeTarget->sample_rate=16000,mStreamAttributeTarget->num_channels=1, BesRecord_usingsamplerate=16000
2026-04-10 18:08:17.710   332-28223 MtkAudioSrc             and...re.audio@2.0-service-mediatek  D  open(), SR 48000, CH 2; out SR 16000, CH 2; format 0, mState = 2
2026-04-10 18:08:17.710   330-330   /system/bi....0-service android.hidl.allocator@1.0-service   W  ashmem_create_region(65536) returning hidl_memory(0xb2998300, 65536)
2026-04-10 18:08:17.710   332-28223 AudioALSAC...DataClient and...re.audio@2.0-service-mediatek  D  CheckNeedBesRecordSRC(), 1, 16000, mBesRecSRCSizeFactor=1
2026-04-10 18:08:17.710   332-28223 AudioALSAC...DataClient and...re.audio@2.0-service-mediatek  D  CheckChannelRemixOp(), ch 2->1 (mBesRecordStereoMode = 0, BesRecord enable = 1), ChannelRemixOp = 4
2026-04-10 18:08:17.711   332-28223 AudioALSAC...DataClient and...re.audio@2.0-service-mediatek  D  +AddEchoRefDataProvider()
2026-04-10 18:08:17.711   332-28223 AudioALSAC...DataClient and...re.audio@2.0-service-mediatek  D  AddEchoRefDataProvider(), mCaptureDataProviderEchoRef=0xb491df00
2026-04-10 18:08:17.711   332-28223 AudioALSAC...oviderBase and...re.audio@2.0-service-mediatek  D  attach(), 0xb491df00, mCaptureDataClientVector.size()=0, Identity=0xb5d7d980
2026-04-10 18:08:17.708   397-397   gle.vp8.encoder         media.codec                          W  type=1400 audit(0.0:266460): avc: denied { getattr } for path="/dev/sw_sync" dev="tmpfs" ino=266 scontext=u:r:mediacodec:s0 tcontext=u:object_r:sw_sync_device:s0 tclass=chr_file permissive=0
2026-04-10 18:08:17.711   332-28223 AudioALSAC...derEchoRef and...re.audio@2.0-service-mediatek  D  open()
2026-04-10 18:08:17.711   332-28223 AudioALSAC...DataClient and...re.audio@2.0-service-mediatek  D  IsLowLatencyCapture(), low_latency_on: 0, voip_on: 1
2026-04-10 18:08:17.711   332-28223 AudioALSAC...derEchoRef and...re.audio@2.0-service-mediatek  D  open(), audio_format = 1, audio_channel_mask=c, num_channels=2, sample_rate=48000, buf_total_latency=120ms
2026-04-10 18:08:17.711   332-28223 AudioALSAC...derEchoRef and...re.audio@2.0-service-mediatek  D  open(), format = 0, channels=2, rate=48000, period_size=240, period_count=24,latency=5,kReadBufferSize=960
2026-04-10 18:08:17.711   332-28223 AudioALSADeviceParser   and...re.audio@2.0-service-mediatek  D  compare pcm success = 9, stringpair = DL1_AWB_Record
2026-04-10 18:08:17.712   330-330   /system/bi....0-service android.hidl.allocator@1.0-service   W  ashmem_create_region(65536) returning hidl_memory(0xb2998300, 65536)
2026-04-10 18:08:17.713   332-28223 MtkAudioSrc             and...re.audio@2.0-service-mediatek  D  open(), SR 48000, CH 2; out SR 16000, CH 2; format 0, mState = 2
2026-04-10 18:08:17.713   332-28223 MtkAudioSrc             and...re.audio@2.0-service-mediatek  D  open(), SR 16000, CH 2; out SR 16000, CH 1; format 0, mState = 2
2026-04-10 18:08:17.713   332-28223 AudioSPELayer           and...re.audio@2.0-service-mediatek  D  SetDownLinkLatencyTime, 120
2026-04-10 18:08:17.721   332-28225 AudioALSAC...DataClient and...re.audio@2.0-service-mediatek  D  IsLowLatencyCapture(), low_latency_on: 0, voip_on: 1
2026-04-10 18:08:17.721   332-28225 AudioALSAC...derEchoRef and...re.audio@2.0-service-mediatek  D  +readThread(), pid: 332, tid: 28225, kReadBufferSize=3c0
2026-04-10 18:08:17.722   332-28223 AudioALSAC...DataClient and...re.audio@2.0-service-mediatek  D  readthread all ready! pcm start
2026-04-10 18:08:17.722   332-28223 AudioSPELayer           and...re.audio@2.0-service-mediatek  D  resync the latency delay time
2026-04-10 18:08:17.722   332-28223 AudioALSAC...DataClient and...re.audio@2.0-service-mediatek  D  AddEchoRefDataProvider(), Source sample_rate=48000, num_channels=2, audio_format=1
2026-04-10 18:08:17.722   332-28223 AudioALSAC...DataClient and...re.audio@2.0-service-mediatek  D  AddEchoRefDataProvider(), Target sample_rate=16000, num_channels=2, audio_format=1
2026-04-10 18:08:17.722   332-28223 AudioALSAC...DataClient and...re.audio@2.0-service-mediatek  D  -AddEchoRefDataProvider()
2026-04-10 18:08:17.722   332-28223 AudioALSAC...HandlerAEC and...re.audio@2.0-service-mediatek  D  -open()
2026-04-10 18:08:17.723   332-28224 AudioALSAC...oviderBase and...re.audio@2.0-service-mediatek  D  pcm_start
2026-04-10 18:08:17.726   332-28225 AudioALSAC...oviderBase and...re.audio@2.0-service-mediatek  D  pcm_start
2026-04-10 18:08:17.728   330-330   /system/bi....0-service android.hidl.allocator@1.0-service   W  ashmem_create_region(65536) returning hidl_memory(0xb2998300, 65536)
2026-04-10 18:08:17.733   330-330   chatty                  android.hidl.allocator@1.0-service   I  uid=1000(system) allocator@1.0-s identical 2 lines
2026-04-10 18:08:17.734   330-330   /system/bi....0-service android.hidl.allocator@1.0-service   W  ashmem_create_region(65536) returning hidl_memory(0xb2998300, 65536)
2026-04-10 18:08:17.736   330-330   /system/bi....0-service android.hidl.allocator@1.0-service   W  ashmem_create_region(65536) returning hidl_memory(0xb2998300, 65536)
2026-04-10 18:08:17.737   330-330   /system/bi....0-service android.hidl.allocator@1.0-service   W  ashmem_create_region(65536) returning hidl_memory(0xb2998300, 65536)
2026-04-10 18:08:17.739   397-28220 MtkOmxAudioDecBase      media.codec                          D  # Got general command (OMX_CommandStateSet)
2026-04-10 18:08:17.740   397-28220 MtkOmxAudioDecBase      media.codec                          D  state changes to OMX_StateExecuting
2026-04-10 18:08:17.749   390-28218 NuPlayerDecoder         mediaserver                          I  [audio] saw output EOS
2026-04-10 18:08:17.750   390-28217 AudioTrack              mediaserver                          D  set(): 0xaf930000, streamType 8, sampleRate 44100, format 0x1, channelMask 0x1, frameCount 22560, flags #0, notificationFrames 0, sessionId 0, transferType 0, uid 10182, pid 22731
2026-04-10 18:08:17.750   390-28217 AudioTrack              mediaserver                          D  Building AudioTrack with attributes: usage = 3, content = 4, flags = 0x0, tags = []
2026-04-10 18:08:17.763   332-28224 AudioSPELayer           and...re.audio@2.0-service-mediatek  D  PrepareProcessData+
2026-04-10 18:08:17.763   332-28224 AudioSPELayer           and...re.audio@2.0-service-mediatek  D  mDLInBufferQ i=0, length=160, 0xb4904c20, Sec=158706, NSec=582367153
2026-04-10 18:08:17.763   332-28224 AudioSPELayer           and...re.audio@2.0-service-mediatek  D  mDLInBufferQ i=1, length=160, 0xb4904cc0, Sec=158706, NSec=587371255
2026-04-10 18:08:17.763   332-28224 AudioSPELayer           and...re.audio@2.0-service-mediatek  D  mDLInBufferQ i=2, length=160, 0xb4904d60, Sec=158706, NSec=592327583
2026-04-10 18:08:17.763   332-28224 AudioSPELayer           and...re.audio@2.0-service-mediatek  D  mDLInBufferQ i=3, length=160, 0xb4904e00, Sec=158706, NSec=597330122
2026-04-10 18:08:17.763   332-28224 AudioSPELayer           and...re.audio@2.0-service-mediatek  D  mDLInBufferQ i=4, length=160, 0xb4904ea0, Sec=158706, NSec=602343993
2026-04-10 18:08:17.763   332-28224 AudioSPELayer           and...re.audio@2.0-service-mediatek  D  mDLInBufferQ i=5, length=160, 0xb4904f40, Sec=158706, NSec=607342378
2026-04-10 18:08:17.763   332-28224 AudioSPELayer           and...re.audio@2.0-service-mediatek  D  PrepareProcessData, time_stamp_estimate, mULInBufferQ[0].sec=158706, mULInBufferQ[0].nsec=592716151
2026-04-10 18:08:17.763   332-28224 AudioSPELayer           and...re.audio@2.0-service-mediatek  D  PrepareProcessData, time_stamp_estimate, mDLInBufferQ[0].sec=158706, mDLInBufferQ[0].nsec=582367153
2026-04-10 18:08:17.764   332-28224 AudioSPELayer           and...re.audio@2.0-service-mediatek  D  TimeStampCompare, bRet=1
2026-04-10 18:08:17.764   332-28224 AudioSPELayer           and...re.audio@2.0-service-mediatek  D  TimeStampCompare, bRet=1
2026-04-10 18:08:17.764   332-28224 AudioSPELayer           and...re.audio@2.0-service-mediatek  D  PrepareProcessData, 1 drop DL Delay data droplength=160, mDLDelayBufferQ.size()=6, mDLDelayBufferQ[0]->BufLen4Delay=160!!!
2026-04-10 18:08:17.764   332-28224 AudioSPELayer           and...re.audio@2.0-service-mediatek  D  TimeStampCompare, bRet=1
2026-04-10 18:08:17.764   332-28224 AudioSPELayer           and...re.audio@2.0-service-mediatek  D  PrepareProcessData, 1 drop DL Delay data droplength=160, mDLDelayBufferQ.size()=5, mDLDelayBufferQ[0]->BufLen4Delay=160!!!
2026-04-10 18:08:17.764   332-28224 AudioSPELayer           and...re.audio@2.0-service-mediatek  D  TimeStampCompare, bRet=0
2026-04-10 18:08:17.764   332-28224 AudioSPELayer           and...re.audio@2.0-service-mediatek  D  TimeStampCompare, bRet=1
2026-04-10 18:08:17.764   332-28224 AudioSPELayer           and...re.audio@2.0-service-mediatek  D  PrepareProcessData, calculate drop downlink data time
2026-04-10 18:08:17.764   332-28224 AudioSPELayer           and...re.audio@2.0-service-mediatek  D  PrepareProcessData, bULlate 1, deltaSec=0, deltaNSec=388568
2026-04-10 18:08:17.764   332-28224 AudioSPELayer           and...re.audio@2.0-service-mediatek  D  PrepareProcessData, diffnsec 388568, diffSample=6, diffBufLength=12
2026-04-10 18:08:17.764   332-28224 AudioSPELayer           and...re.audio@2.0-service-mediatek  D  PrepareProcessData, drop DL data diffBufLength=12, mDLInBufferQ.size()=4, mDLInBufferQ[0]->BufLen=160!!!
2026-04-10 18:08:17.764   332-28224 AudioSPELayer           and...re.audio@2.0-service-mediatek  D  PrepareProcessData, mDLInBufferQ[0]->pRead=0xb4904d60 , mDLInBufferQ[0]->BufLen=160, sec 158706, nsec 592327583
2026-04-10 18:08:17.764   332-28224 AudioSPELayer           and...re.audio@2.0-service-mediatek  D  PrepareProcessData, after mDLInBufferQ[0]->pRead=0xb4904d6c, mDLInBufferQ[0]->BufLen=148, updatensecdiff=375000, sec=158706, nsec=592702583
2026-04-10 18:08:17.764   332-28224 AudioSPELayer           and...re.audio@2.0-service-mediatek  D  PrepareProcessData, drop DL Delay data droplength=12, mDLDelayBufferQ.size()=4, mDLDelayBufferQ[0]->BufLen4Delay=160!!!
2026-04-10 18:08:17.764   332-28224 AudioSPELayer           and...re.audio@2.0-service-mediatek  D  PrepareProcessData, mDLDelayBufferQ[0]->pRead=0xb4904d60
2026-04-10 18:08:17.764   332-28224 AudioSPELayer           and...re.audio@2.0-service-mediatek  D  PrepareProcessData, after mDLDelayBufferQ[0]->pRead=0xb4904d6c, mDLDelayBufferQ[0]->BufLen=148
2026-04-10 18:08:17.764   332-28224 AudioSPELayer           and...re.audio@2.0-service-mediatek  D  PrepareProcessData, finish, mDLInBufferQ.size = 4, mDLInBufQLenTotal=628, mULInBufferQ.size = 1, mULInBufQLenTotal=1280
2026-04-10 18:08:17.764   332-28224 AudioSPELayer           and...re.audio@2.0-service-mediatek  D  PrepareProcessData, finish, mDLInBufferQ[0]->pRead=0xb4904d6c , mDLInBufferQ[0]->BufLen=148, sec = 158706, nsec = 592702583
2026-04-10 18:08:17.764   332-28224 AudioSPELayer           and...re.audio@2.0-service-mediatek  D  PrepareProcessData, finish, mULInBufferQ[0]->pRead=0xb5d05300 , mULInBufferQ[0]->BufLen=1280, sec = 158706, nsec = 592716151
2026-04-10 18:08:17.764   332-28224 AudioSPELayer           and...re.audio@2.0-service-mediatek  D  PrepareProcessData, adjust downlink data mLatencyDir=0,mLatencySampleCount=64
2026-04-10 18:08:17.764   332-28224 AudioSPELayer           and...re.audio@2.0-service-mediatek  D  adjust downlink data drop DL data diffBufLength=0, mDLInBufferQ.size()=4, mDLInBufferQ[0]->BufLen=148!!!
2026-04-10 18:08:17.764   332-28224 AudioSPELayer           and...re.audio@2.0-service-mediatek  D  adjust downlink data mDLInBufferQ[0]->pRead=0xb4904d6c , mDLInBufferQ[0]->BufLen=148, sec 158706, nsec 592702583
2026-04-10 18:08:17.764   332-28224 AudioSPELayer           and...re.audio@2.0-service-mediatek  D  adjust downlink data after mDLInBufferQ[0]->pRead=0xb4904dec, mDLInBufferQ[0]->BufLen=20, updatensecdiff=4000000, sec=158706, nsec=596702583
2026-04-10 18:08:17.764   332-28224 AudioSPELayer           and...re.audio@2.0-service-mediatek  D  adjust downlink data drop DL Delay data droplength=128, mDLDelayBufferQ.size()=4, mDLDelayBufferQ[0]->BufLen4Delay=148!!!
2026-04-10 18:08:17.764   332-28224 AudioSPELayer           and...re.audio@2.0-service-mediatek  D  adjust downlink data mDLDelayBufferQ[0]->pRead=0xb4904d6c
2026-04-10 18:08:17.764   332-28224 AudioSPELayer           and...re.audio@2.0-service-mediatek  D  adjust downlink data after mDLDelayBufferQ[0]->pRead=0xb4904dec, mDLDelayBufferQ[0]->BufLen=20
2026-04-10 18:08:17.788 22731-25958 [PTT-DIAG]              com.reedersystems.commandcomms       D  emitPttPre DISPATCH__DISPATCH
2026-04-10 18:08:17.790 22731-25958 [PTT-DIAG]              com.reedersystems.commandcomms       D  Radio PTT: transmitPre sent for roomKey DISPATCH__DISPATCH
2026-04-10 18:08:17.790 22731-25958 [PTT-DIAG]              com.reedersystems.commandcomms       D  PTT_REQUEST_SENT channelId=DISPATCH__DISPATCH
2026-04-10 18:08:17.790 22731-25958 [PTT-DIAG]              com.reedersystems.commandcomms       D  RADIO_PTT_REQUEST_SENT channelId=DISPATCH__DISPATCH
2026-04-10 18:08:17.790 22731-25958 [FloorCtrl]             com.reedersystems.commandcomms       D  requestFloor channelKey=DISPATCH__DISPATCH previousPending=false state=IDLE t=203ms
2026-04-10 18:08:17.790 22731-25958 [RadioState]            com.reedersystems.commandcomms       D  State transition: IDLE -> REQUESTING_FLOOR reason=floor_request activeChannel=DISPATCH__DISPATCH txPipeline=false rxPipeline=true t=203ms
2026-04-10 18:08:17.791 22731-25958 [RadioSigGW]            com.reedersystems.commandcomms       D  requestFloor channelKey=DISPATCH__DISPATCH signalingReady=AUTHENTICATED t=203ms
2026-04-10 18:08:17.792 22731-22731 [PTT-DIAG]              com.reedersystems.commandcomms       D  RadioState updated: REQUESTING_FLOOR
2026-04-10 18:08:17.791 22731-25958 [PTT-DIAG]              com.reedersystems.commandcomms       D  [FloorCtrl] SIGNALING_FLOOR_REQUEST channelKey=DISPATCH__DISPATCH unitId=ADMIN sessionTokenPresent=true
2026-04-10 18:08:17.807   737-928   WifiStateMachine        system_server                        D   MtkL2ConnectedState { when=-3ms what=131155 arg1=145 target=com.android.internal.util.StateMachine$SmHandler } 145 0, mShouldDeferDisableWifi = false, mState = MONITORING
2026-04-10 18:08:17.805   397-397   gle.vp8.encoder         media.codec                          W  type=1400 audit(0.0:266461): avc: denied { getattr } for path="/dev/sw_sync" dev="tmpfs" ino=266 scontext=u:r:mediacodec:s0 tcontext=u:object_r:sw_sync_device:s0 tclass=chr_file permissive=0
2026-04-10 18:08:17.825   381-26296 AudioFlinger            audioserver                          D  track(0xa8feae80): mIsOut 1, mFrameCount 22560, mSampleRate 44100, mFormat 1, mChannelCount 1, mTrackCount 742, thread 0xa8803c00, sessionId 8265
2026-04-10 18:08:17.825   381-26296 AudioFlinger            audioserver                          D  track(0xa8feae80): mFastIndex -1, mStreamType 8, mName 4101
2026-04-10 18:08:17.826 22731-27755 [AudioCapture]          com.reedersystems.commandcomms       D  AGC attached=true enabled=false sessionId=8257 t=239ms
2026-04-10 18:08:17.827 22731-27755 [AudioCapture]          com.reedersystems.commandcomms       D  PRE_CAPTURE_STARTED sampleRate=16000 channelCount=1 frameMs=20 frameSizeSamples=320 maxBufferFrames=150 t=239ms
2026-04-10 18:08:17.830   390-28217 AudioTrack              mediaserver                          D  Client defaulted notificationFrames to 7520 for frameCount 22560
2026-04-10 18:08:17.831   390-28217 AudioTrack              mediaserver                          D  createTrack_l: 0xaf930000, mCblk = 0xaf1386c0, mLatency = 563, mAfLatency = 52, frameCount = 22560, mSampleRate = 44100, mFlags = 0, mReqFrameCount = 22560, mNotificationFramesAct = 7520
2026-04-10 18:08:17.833 22731-27755 [RadioEngine]           com.reedersystems.commandcomms       D  Pre-capture started — buffering audio (sampleRate=16000 channels=1 buffer=2560) t=245ms
2026-04-10 18:08:17.835   390-28217 AudioTrack              mediaserver                          D  start(): 0xaf930000, mState = 1
2026-04-10 18:08:17.835 22731-27755 [AudioCapture]          com.reedersystems.commandcomms       D  PCM_FRAME frame=1 readRet=640 samples=320 min=-6 max=4 rms=1.3 silent=true zeros=149 downmix=false source=VOICE_COMMUNICATION sampleRate=16000 channels=1 t=247ms
2026-04-10 18:08:17.836   381-5593  APM_AudioPolicyManager  audioserver                          D  startOutput() output 13, stream 8, session 8265
2026-04-10 18:08:17.836   381-5593  APM::Audio...Descriptor audioserver                          V  changeRefCount() stream 8, count 1
2026-04-10 18:08:17.837   332-2693  AudioALSAStreamManager  and...re.audio@2.0-service-mediatek  D  +syncSharedOutDevice(), routingSharedOutDevice: 2
2026-04-10 18:08:17.838   332-2693  AudioALSAStreamManager  and...re.audio@2.0-service-mediatek  D  setMasterVolume(), volume = 1.000000
2026-04-10 18:08:17.838   332-2693  AudioMTKGainController  and...re.audio@2.0-service-mediatek  D  setNormalVolume(), mSceneIndex = 0, stream 0, devices 0x2, index 6, mode 0x3
2026-04-10 18:08:17.838   332-2693  AudioMTKGainController  and...re.audio@2.0-service-mediatek  D  setSpeakerGain(), gain = 9, spkAnaType = 3, spkLMixerName = Lineout_PGAL_GAIN, spkRMixerName = Lineout_PGAR_GAIN
2026-04-10 18:08:17.838   332-2693  AudioALSAStreamOut      and...re.audio@2.0-service-mediatek  D  open(), flags 6
2026-04-10 18:08:17.838   332-2693  AudioUtility            and...re.audio@2.0-service-mediatek  D  power_hal_hint - custPowerHint 0, data 268435455
2026-04-10 18:08:17.838   332-2693  AudioALSAStreamManager  and...re.audio@2.0-service-mediatek  D  +createPlaybackHandler(), mAudioMode = 3, output_devices = 0x2
2026-04-10 18:08:17.838   390-28212 NuPlayerDriver          mediaserver                          D  notifyListener_l(0xb18253f0), (6, 0, 0, -1), loop setting(0, 0)
2026-04-10 18:08:17.838   332-2693  NVRAM                   and...re.audio@2.0-service-mediatek  D  getNumMicSupport(), dualMicFlag 1, numMicString 2
2026-04-10 18:08:17.838   332-2693  NVRAM                   and...re.audio@2.0-service-mediatek  D  QueryFeatureSupportInfo(), feature support bit 0x1a097c57 
2026-04-10 18:08:17.838   332-2693  AudioSpeechEnhanceInfo  and...re.audio@2.0-service-mediatek  D  IsAPDMNRTuningEnable(), 0
2026-04-10 18:08:17.838   332-2693  AudioALSAP...dlerNormal and...re.audio@2.0-service-mediatek  D  AudioALSAPlaybackHandlerNormal()
2026-04-10 18:08:17.839   332-2693  AudioALSAP...dlerNormal and...re.audio@2.0-service-mediatek  D  +setFilterMng() mAudioFilterManagerHandler [0xb5d16260]
2026-04-10 18:08:17.839   332-2693  AudioALSAP...dlerNormal and...re.audio@2.0-service-mediatek  D  +open(), flag 6, mDevice = 0x2
2026-04-10 18:08:17.839   390-28217 AudioTrack              mediaserver                          D  stop(): 0xaf930000, mState = 0
2026-04-10 18:08:17.839   390-28217 AudioTrack              mediaserver                          D  stop() called with 11944 frames delivered
2026-04-10 18:08:17.839   332-2693  AudioALSADeviceParser   and...re.audio@2.0-service-mediatek  D  compare pcm success = 7, stringpair = I2S0DL1_PLayback
2026-04-10 18:08:17.839   354-1545  vendor.med...r@1.1-impl merged_hal_service                   I  mtkCusPowerHint hint:0, data:268435455
2026-04-10 18:08:17.839   332-2693  <no-tag>                and...re.audio@2.0-service-mediatek  D  -AssignDRAM() retval 0
2026-04-10 18:08:17.839   332-2693  AudioALSAP...andlerBase and...re.audio@2.0-service-mediatek  D  transferAudioFormatToPcmFormat(), audio_format(0x4) => pcm_format(0x1)
2026-04-10 18:08:17.839   332-2693  AudioALSAP...dlerNormal and...re.audio@2.0-service-mediatek  D  open(), mConfig: channels = 2, rate = 48000, period_size = 256, period_count = 4, format = 1 avail_min = 256
2026-04-10 18:08:17.839   332-2693  AudioALSADriverUtility  and...re.audio@2.0-service-mediatek  D  GetPropertyValue key = af.resouce.extdac_support value = 0
2026-04-10 18:08:17.839   332-2693  AudioALSAP...dlerNormal and...re.audio@2.0-service-mediatek  D  SetLowJitterMode(), bypass low jitter mode, bEnable = 1, device = 0x2, SampleRate = 48000
2026-04-10 18:08:17.839   332-2693  AudioALSAP...andlerBase and...re.audio@2.0-service-mediatek  D  openPcmDriverWithFlag(), pcm device = 7 flag = 0x8
2026-04-10 18:08:17.840 22731-22731 MediaPlayer             com.reedersystems.commandcomms       D  handleMessage msg:(6, 0, 0)
2026-04-10 18:08:17.840   354-373   powerd                  merged_hal_service                   I  [powerd_req] POWER_MSG_MTK_CUS_HINT: hint:0, hdl:36, data:268435455
2026-04-10 18:08:17.840   354-373   libPerfService          merged_hal_service                   I  perfCusUserScnEnable - handle:36
2026-04-10 18:08:17.841   332-2693  AudioALSAP...andlerBase and...re.audio@2.0-service-mediatek  D  initBitConverter(), audio_format: 0x3 => 0x4, bcv_pcm_format = 0x3
2026-04-10 18:08:17.841   332-2693  MtkAudioBitConverter    and...re.audio@2.0-service-mediatek  D  +open(), format 3, CH 2, SR 48000
2026-04-10 18:08:17.841   332-2693  MtkAudioBitConverter    and...re.audio@2.0-service-mediatek  D  +resetBuffer()
2026-04-10 18:08:17.841   332-2693  AudioALSAH...rceManager and...re.audio@2.0-service-mediatek  D  +startOutputDevice(), new_devices = 0x2, mOutputDevices = 0x0, mStartOutputDevicesCount = 0 SampleRate = 48000
2026-04-10 18:08:17.841   332-2693  AudioALSADriverUtility  and...re.audio@2.0-service-mediatek  D  GetPropertyValue key = af.resouce.extdac_support value = 0
2026-04-10 18:08:17.841   332-2693  AudioALSAD...figManager and...re.audio@2.0-service-mediatek  D  ApplyDeviceTurnonSequenceByName() DeviceName = speaker_output descriptor->DeviceStatusCounte = 0
2026-04-10 18:08:17.842   390-28217 AudioTrack              mediaserver                          D  audiotrack 0xaf930000 stop done
2026-04-10 18:08:17.842   332-2693  AudioALSAD...figManager and...re.audio@2.0-service-mediatek  D  ApplyDeviceTurnonSequenceByName() DeviceName = ext_speaker_output descriptor->DeviceStatusCounte = 0
2026-04-10 18:08:17.845 22731-27755 [AudioDSP]              com.reedersystems.commandcomms       D  DSP_FRAME frame=1 pre=[samples=320 min=-6 max=4 rms=1.3 silent=true zeros=149] post=[samples=320 min=-6 max=4 rms=0.7 silent=true zeros=270] t=252ms
2026-04-10 18:08:17.847 22731-27755 [AudioCapture]          com.reedersystems.commandcomms       D  PCM_FRAME frame=2 readRet=640 samples=320 min=-7 max=6 rms=2.4 silent=true zeros=51 downmix=false source=VOICE_COMMUNICATION sampleRate=16000 channels=1 t=259ms
2026-04-10 18:08:17.848   332-2693  AudioVoiceUIDL          and...re.audio@2.0-service-mediatek  D  [GetSRCInputParameter] mOutputSampleRate 16000,  mInputSampleRate 48000, mInChannel 2, mOutChannel, 0 format 4
2026-04-10 18:08:17.848   332-2693  AudioVoiceUIDL          and...re.audio@2.0-service-mediatek  D  [GetSRCInputParameter] create SRC handle fail
2026-04-10 18:08:17.848   332-2693  AudioALSAP...dlerNormal and...re.audio@2.0-service-mediatek  D  -open()
2026-04-10 18:08:17.855 22731-27755 [AudioDSP]              com.reedersystems.commandcomms       D  DSP_FRAME frame=2 pre=[samples=320 min=-7 max=6 rms=2.4 silent=true zeros=51] post=[samples=320 min=-9 max=6 rms=1.9 silent=true zeros=173] t=266ms
2026-04-10 18:08:17.856 22731-27755 [AudioCapture]          com.reedersystems.commandcomms       D  PCM_FRAME frame=3 readRet=640 samples=320 min=-5 max=6 rms=1.9 silent=true zeros=66 downmix=false source=VOICE_COMMUNICATION sampleRate=16000 channels=1 t=268ms
2026-04-10 18:08:17.859 22731-27755 [AudioDSP]              com.reedersystems.commandcomms       D  DSP_FRAME frame=3 pre=[samples=320 min=-5 max=6 rms=1.9 silent=true zeros=66] post=[samples=320 min=-3 max=9 rms=1.4 silent=true zeros=203] t=271ms
2026-04-10 18:08:17.873 22731-27755 [AudioCapture]          com.reedersystems.commandcomms       D  PCM_FRAME frame=4 readRet=640 samples=320 min=-22 max=17 rms=7.5 silent=true zeros=32 downmix=false source=VOICE_COMMUNICATION sampleRate=16000 channels=1 t=286ms
2026-04-10 18:08:17.878 22731-27753 [OpusCodec]             com.reedersystems.commandcomms       D  ENCODE frame=1 pcmBytes=640 encodedBytes=160 seq=1 t=291ms
2026-04-10 18:08:17.881 22731-27753 [RadioError]            com.reedersystems.commandcomms       E  OPUS_ENCODE_ASSERTION_FAILURE frame=1 source=VOICE_COMMUNICATION samples=320 bytes=640 expectedBytes=640 sampleRate=16000 frameSize=320 consecutiveFailures=1 assertionFailures=1 method=encode
2026-04-10 18:08:17.886 22731-27753 [OpusCodec]             com.reedersystems.commandcomms       D  Encoder re-initialized after assertion failure (sampleRate=16000 frameSize=320 complexity=5 VBR=false bitrate=64000) t=299ms
2026-04-10 18:08:17.886 22731-27753 [AudioDSP]              com.reedersystems.commandcomms       D  DSP_STATE_RESET_PENDING reason=encoder_reinitialized frame=1 t=299ms
2026-04-10 18:08:17.894 22731-27755 [AudioCapture]          com.reedersystems.commandcomms       D  PCM_FRAME frame=5 readRet=640 samples=320 min=-26 max=27 rms=9.6 silent=true zeros=23 downmix=false source=VOICE_COMMUNICATION sampleRate=16000 channels=1 t=306ms
2026-04-10 18:08:17.894 22731-27755 [AudioDSP]              com.reedersystems.commandcomms       D  DSP_STATE_RESET reason=encoder_reinitialized frame=5 t=307ms
2026-04-10 18:08:17.902 22731-27753 [OpusCodec]             com.reedersystems.commandcomms       D  ENCODE frame=2 pcmBytes=640 encodedBytes=160 seq=2 t=315ms
2026-04-10 18:08:17.905   397-397   gle.vp8.encoder         media.codec                          W  type=1400 audit(0.0:266462): avc: denied { getattr } for path="/dev/sw_sync" dev="tmpfs" ino=266 scontext=u:r:mediacodec:s0 tcontext=u:object_r:sw_sync_device:s0 tclass=chr_file permissive=0
2026-04-10 18:08:17.915 22731-27753 [OpusCodec]             com.reedersystems.commandcomms       D  ENCODE frame=3 pcmBytes=640 encodedBytes=160 seq=3 t=328ms
2026-04-10 18:08:17.918 22731-27755 [AudioCapture]          com.reedersystems.commandcomms       D  PCM_FRAME frame=6 readRet=640 samples=320 min=-40 max=37 rms=17.2 silent=true zeros=11 downmix=false source=VOICE_COMMUNICATION sampleRate=16000 channels=1 t=330ms
2026-04-10 18:08:17.932 22731-27753 [OpusCodec]             com.reedersystems.commandcomms       D  ENCODE frame=4 pcmBytes=640 encodedBytes=160 seq=4 t=345ms
2026-04-10 18:08:17.934 22731-27755 [AudioCapture]          com.reedersystems.commandcomms       D  PCM_FRAME frame=7 readRet=640 samples=320 min=-30 max=28 rms=11.5 silent=true zeros=27 downmix=false source=VOICE_COMMUNICATION sampleRate=16000 channels=1 t=346ms
2026-04-10 18:08:17.941   356-356   NxpExtns                vendor.nxp.nxpnfc@1.0-service        D  find found NXP_SYS_CLK_SRC_SEL=(0x2)
2026-04-10 18:08:17.941   356-356   NxpExtns                vendor.nxp.nxpnfc@1.0-service        D  find found NXP_SYS_CLK_FREQ_SEL=(0x4)
2026-04-10 18:08:17.941   356-356   NxpExtns                vendor.nxp.nxpnfc@1.0-service        D  find found NXP_SYS_CLOCK_TO_CFG=(0x1)
2026-04-10 18:08:17.952 22731-27753 [OpusCodec]             com.reedersystems.commandcomms       D  ENCODE frame=5 pcmBytes=640 encodedBytes=160 seq=5 t=364ms
2026-04-10 18:08:17.954 22731-27755 [AudioCapture]          com.reedersystems.commandcomms       D  PCM_FRAME frame=8 readRet=640 samples=320 min=-23 max=40 rms=8.9 silent=true zeros=13 downmix=false source=VOICE_COMMUNICATION sampleRate=16000 channels=1 t=366ms
