2026-03-20 19:35:44.283   356-1664  NxpTml                  vendor.nxp.nxpnfc@1.0-service        D  PN54X - Invoking I2C Write.....
2026-03-20 19:35:44.291   366-403   HWComposer              surfaceflinger                       W  Ignoring duplicate VSYNC event from HWC (t=0)
2026-03-20 19:35:44.302   356-1664  NxpTml                  vendor.nxp.nxpnfc@1.0-service        E  _i2c_write() errno : 5
2026-03-20 19:35:44.302   356-1664  NxpTml                  vendor.nxp.nxpnfc@1.0-service        E  PN54X - Error in I2C Write.....
2026-03-20 19:35:44.302   356-1664  NxpTml                  vendor.nxp.nxpnfc@1.0-service        D  PN54X - Posting Fresh Write message.....
2026-03-20 19:35:44.302   356-1664  NxpTml                  vendor.nxp.nxpnfc@1.0-service        D  PN54X - Tml Writer Thread Running................
2026-03-20 19:35:44.302   356-1666  NxpFwDnld               vendor.nxp.nxpnfc@1.0-service        E  Tml Write error!!
2026-03-20 19:35:44.302   356-1666  NxpFwDnld               vendor.nxp.nxpnfc@1.0-service        E  phNxpNciHal_fw_dnld_normal_cb - Request Failed!!
2026-03-20 19:35:44.302   356-356   NxpFwDnld               vendor.nxp.nxpnfc@1.0-service        D  Processing R/W Sequence..
2026-03-20 19:35:44.303   356-356   NxpFwDnld               vendor.nxp.nxpnfc@1.0-service        D  Response Timer Created Successfully
2026-03-20 19:35:44.303   356-356   NxpFwDnld               vendor.nxp.nxpnfc@1.0-service        D  Inserting FrameId ..
2026-03-20 19:35:44.303   356-356   NxpFwDnld               vendor.nxp.nxpnfc@1.0-service        D  Frame created successfully
2026-03-20 19:35:44.303   356-356   NxpFwDnld               vendor.nxp.nxpnfc@1.0-service        D  Force Command Request submitted successfully
2026-03-20 19:35:44.303   356-1664  NxpTml                  vendor.nxp.nxpnfc@1.0-service        D  PN54X - Write requested.....
2026-03-20 19:35:44.303   356-1664  NxpTml                  vendor.nxp.nxpnfc@1.0-service        D  PN54X - Invoking I2C Write.....
2026-03-20 19:35:44.314   366-403   HWComposer              surfaceflinger                       W  Ignoring duplicate VSYNC event from HWC (t=0)
2026-03-20 19:35:44.322   356-1664  NxpTml                  vendor.nxp.nxpnfc@1.0-service        E  _i2c_write() errno : 5
2026-03-20 19:35:44.322   356-1664  NxpHal                  vendor.nxp.nxpnfc@1.0-service        E  PN54X - Error in I2C Write  - Retry 0x1
2026-03-20 19:35:44.332   356-1664  NxpTml                  vendor.nxp.nxpnfc@1.0-service        D  PN54X - Invoking I2C Write.....
2026-03-20 19:35:44.338   366-403   HWComposer              surfaceflinger                       W  Ignoring duplicate VSYNC event from HWC (t=0)
2026-03-20 19:35:44.352   356-1664  NxpTml                  vendor.nxp.nxpnfc@1.0-service        E  _i2c_write() errno : 5
2026-03-20 19:35:44.352   356-1664  NxpHal                  vendor.nxp.nxpnfc@1.0-service        E  PN54X - Error in I2C Write  - Retry 0x2
2026-03-20 19:35:44.361   366-403   HWComposer              surfaceflinger                       W  Ignoring duplicate VSYNC event from HWC (t=0)
2026-03-20 19:35:44.362   356-1664  NxpTml                  vendor.nxp.nxpnfc@1.0-service        D  PN54X - Invoking I2C Write.....
2026-03-20 19:35:44.382   356-1664  NxpTml                  vendor.nxp.nxpnfc@1.0-service        E  _i2c_write() errno : 5
2026-03-20 19:35:44.382   356-1664  NxpHal                  vendor.nxp.nxpnfc@1.0-service        E  PN54X - Error in I2C Write  - Retry 0x3
2026-03-20 19:35:44.384   366-403   HWComposer              surfaceflinger                       W  Ignoring duplicate VSYNC event from HWC (t=0)
2026-03-20 19:35:44.392   356-1664  NxpTml                  vendor.nxp.nxpnfc@1.0-service        D  PN54X - Invoking I2C Write.....
2026-03-20 19:35:44.408   366-403   HWComposer              surfaceflinger                       W  Ignoring duplicate VSYNC event from HWC (t=0)
2026-03-20 19:35:44.412   356-1664  NxpTml                  vendor.nxp.nxpnfc@1.0-service        E  _i2c_write() errno : 5
2026-03-20 19:35:44.412   356-1664  NxpTml                  vendor.nxp.nxpnfc@1.0-service        E  PN54X - Error in I2C Write.....
2026-03-20 19:35:44.412   356-1664  NxpTml                  vendor.nxp.nxpnfc@1.0-service        D  PN54X - Posting Fresh Write message.....
2026-03-20 19:35:44.412   356-1664  NxpTml                  vendor.nxp.nxpnfc@1.0-service        D  PN54X - Tml Writer Thread Running................
2026-03-20 19:35:44.412   356-1666  NxpFwDnld               vendor.nxp.nxpnfc@1.0-service        E  Tml Write error!!
2026-03-20 19:35:44.412   356-1666  NxpFwDnld               vendor.nxp.nxpnfc@1.0-service        E  phNxpNciHal_fw_dnld_normal_cb - Request Failed!!
2026-03-20 19:35:44.413   356-356   NxpFwDnld               vendor.nxp.nxpnfc@1.0-service        D  Processing Normal Sequence..
2026-03-20 19:35:44.413   356-356   NxpFwDnld               vendor.nxp.nxpnfc@1.0-service        D  Initializing Sequence..
2026-03-20 19:35:44.413   356-356   NxpFwDnld               vendor.nxp.nxpnfc@1.0-service        D  Response Timer Created Successfully
2026-03-20 19:35:44.413   356-356   NxpFwDnld               vendor.nxp.nxpnfc@1.0-service        D  Inserting FrameId ..
2026-03-20 19:35:44.413   356-356   NxpFwDnld               vendor.nxp.nxpnfc@1.0-service        D  Frame created successfully
2026-03-20 19:35:44.413   356-1664  NxpTml                  vendor.nxp.nxpnfc@1.0-service        D  PN54X - Write requested.....
2026-03-20 19:35:44.413   356-1664  NxpTml                  vendor.nxp.nxpnfc@1.0-service        D  PN54X - Invoking I2C Write.....
2026-03-20 19:35:44.413   356-356   NxpFwDnld               vendor.nxp.nxpnfc@1.0-service        D  GetSessionState Request submitted successfully
2026-03-20 19:35:44.431   366-403   HWComposer              surfaceflinger                       W  Ignoring duplicate VSYNC event from HWC (t=0)
2026-03-20 19:35:44.432   356-1664  NxpTml                  vendor.nxp.nxpnfc@1.0-service        E  _i2c_write() errno : 5
2026-03-20 19:35:44.432   356-1664  NxpHal                  vendor.nxp.nxpnfc@1.0-service        E  PN54X - Error in I2C Write  - Retry 0x1
2026-03-20 19:35:44.442   356-1664  NxpTml                  vendor.nxp.nxpnfc@1.0-service        D  PN54X - Invoking I2C Write.....
2026-03-20 19:35:44.454   366-403   HWComposer              surfaceflinger                       W  Ignoring duplicate VSYNC event from HWC (t=0)
2026-03-20 19:35:44.461   736-958   WifiStateMachine        system_server                        D   MtkL2ConnectedState { when=-3ms what=131155 arg1=86 target=com.android.internal.util.StateMachine$SmHandler } 86 0, mShouldDeferDisableWifi = false, mState = MONITORING
2026-03-20 19:35:44.462   356-1664  NxpTml                  vendor.nxp.nxpnfc@1.0-service        E  _i2c_write() errno : 5
2026-03-20 19:35:44.462   356-1664  NxpHal                  vendor.nxp.nxpnfc@1.0-service        E  PN54X - Error in I2C Write  - Retry 0x2
2026-03-20 19:35:44.472   356-1664  NxpTml                  vendor.nxp.nxpnfc@1.0-service        D  PN54X - Invoking I2C Write.....
2026-03-20 19:35:44.478   366-403   HWComposer              surfaceflinger                       W  Ignoring duplicate VSYNC event from HWC (t=0)
2026-03-20 19:35:44.492   356-1664  NxpTml                  vendor.nxp.nxpnfc@1.0-service        E  _i2c_write() errno : 5
2026-03-20 19:35:44.492   356-1664  NxpHal                  vendor.nxp.nxpnfc@1.0-service        E  PN54X - Error in I2C Write  - Retry 0x3
2026-03-20 19:35:44.501   366-403   HWComposer              surfaceflinger                       W  Ignoring duplicate VSYNC event from HWC (t=0)
2026-03-20 19:35:44.502   356-1664  NxpTml                  vendor.nxp.nxpnfc@1.0-service        D  PN54X - Invoking I2C Write.....
2026-03-20 19:35:44.522   356-1664  NxpTml                  vendor.nxp.nxpnfc@1.0-service        E  _i2c_write() errno : 5
2026-03-20 19:35:44.522   356-1664  NxpTml                  vendor.nxp.nxpnfc@1.0-service        E  PN54X - Error in I2C Write.....
2026-03-20 19:35:44.522   356-1664  NxpTml                  vendor.nxp.nxpnfc@1.0-service        D  PN54X - Posting Fresh Write message.....
2026-03-20 19:35:44.522   356-1664  NxpTml                  vendor.nxp.nxpnfc@1.0-service        D  PN54X - Tml Writer Thread Running................
2026-03-20 19:35:44.522   356-1666  NxpFwDnld               vendor.nxp.nxpnfc@1.0-service        E  Tml Write error!!
2026-03-20 19:35:44.522   356-1666  NxpFwDnld               vendor.nxp.nxpnfc@1.0-service        E  phNxpNciHal_fw_dnld_get_sessn_state_cb - Request Failed!!
2026-03-20 19:35:44.522   356-356   NxpFwDnld               vendor.nxp.nxpnfc@1.0-service        E  phDnldNfc_GetSessionState cb failed
2026-03-20 19:35:44.522   356-356   NxpFwDnld               vendor.nxp.nxpnfc@1.0-service        E   phNxpNciHal_fw_seq_handler : FAILED
2026-03-20 19:35:44.522   356-356   NxpFwDnld               vendor.nxp.nxpnfc@1.0-service        D  phNxpNciHal_fw_dnld_complete: Download Status = 0xff
2026-03-20 19:35:44.522   356-356   NxpFwDnld               vendor.nxp.nxpnfc@1.0-service        E  Fw Download Failed!!
2026-03-20 19:35:44.522   356-356   NxpTml                  vendor.nxp.nxpnfc@1.0-service        D  phTmlNfc_i2c_reset(), VEN level 0
2026-03-20 19:35:44.524   366-403   HWComposer              surfaceflinger                       W  Ignoring duplicate VSYNC event from HWC (t=0)
2026-03-20 19:35:44.548   366-403   chatty                  surfaceflinger                       I  uid=1000(system) HwBinder:366_1 identical 1 line
2026-03-20 19:35:44.571   366-403   HWComposer              surfaceflinger                       W  Ignoring duplicate VSYNC event from HWC (t=0)
2026-03-20 19:35:44.584   356-356   NxpTml                  vendor.nxp.nxpnfc@1.0-service        D  phTmlNfc_i2c_reset(), VEN level 1
2026-03-20 19:35:44.594   366-403   HWComposer              surfaceflinger                       W  Ignoring duplicate VSYNC event from HWC (t=0)
2026-03-20 19:35:44.612   380-30752 MPE                     mnld                                 D  mtk_gps_mnl_trigger_mpe: mpemsg len=24
2026-03-20 19:35:44.612   380-30752 MPE                     mnld                                 D  mtk_gps_mnl_trigger_mpe: MPE not enable
2026-03-20 19:35:44.618   366-403   HWComposer              surfaceflinger                       W  Ignoring duplicate VSYNC event from HWC (t=0)
2026-03-20 19:35:44.630   380-30752 MPE                     mnld                                 D  mtk_gps_mnl_trigger_mpe: mpemsg len=24
2026-03-20 19:35:44.630   380-30752 MPE                     mnld                                 D  mtk_gps_mnl_trigger_mpe: MPE not enable
2026-03-20 19:35:44.632   380-30752 pseudo                  mnld                                 D  mtk_gps_sys_nmea_output_to_mnld: received 1054 bytes:
2026-03-20 19:35:44.634   380-30752 pseudo                  mnld                                 D  mtk_gps_sys_nmea_output_to_app: len:1054, [NMEA]$GNGGA,233545.00...
2026-03-20 19:35:44.634   380-509   MNLD                    mnld                                 D  mnld_main_thread: main_event_hdlr msg
2026-03-20 19:35:44.634   380-30752 gps_controlller         mnld                                 D  mtk_gps_sys_gps_mnl_callback: msg:0
2026-03-20 19:35:44.634   380-509   MNLD                    mnld                                 W  main_event_hdlr: GPS2MAIN_EVENT_UPDATE_LOCATION  lat=39.926150 lng=-75.140762 acc=2.200000
2026-03-20 19:35:44.634   380-30752 gps_controlller         mnld                                 D  send_active_notify: send clean nmea timer cmd!
2026-03-20 19:35:44.634   380-509   MNLD                    mnld                                 D  main_event_hdlr: wait_first_location=0
2026-03-20 19:35:44.634   380-509   MNLD                    mnld                                 D  main_event_hdlr: location_sync done
2026-03-20 19:35:44.634   380-30752 gps_controlller         mnld                                 D  mtk_gps_sys_gps_mnl_callback: MTK_GPS_MSG_FIX_READY, GET_RTC_OK, -0.040, 0.008
2026-03-20 19:35:44.634   380-30752 gps_controlller         mnld                                 D  mtk_gps_sys_gps_mnl_callback: Age = 2, RTCDiff = 30, Time_interval = 10
2026-03-20 19:35:44.634   380-30752 pseudo                  mnld                                 D  mtk_gps_sys_nmea_output_to_app: len:46, [vAGPS_Auto_Req]:g_FirstDbtt:0,u2BitMap:0x100
2026-03-20 19:35:44.634   380-499   gps_controlller         mnld                                 D  gps_control_thread: gps_control_thread wait
2026-03-20 19:35:44.634   414-434   agps                    mtk_agpsd                            D  Xed[V_8;|(7C0x)+x\HWcp=;h[Zi=R7&%D`L;2$5=8=-2LG1C`L-5q0,''+('&%pL:5d*$,#%$'-(rA$&`/rA-@q.yu !!#    yiSBDG5(b.yO5AFp.qN:<m-pS83ABAo-y
2026-03-20 19:35:44.634   414-434   agps                    mtk_agpsd                            D  Xed[V_8;|(7C0x)+x^Sm=;hQcPN=WI;=9E`C3bQ4I=5+2832#+;2$5=8=-2LG1CL-5`X:5d0,''+('&%|y$,#%$'-(rA$&`/rSE5`-hi
2026-03-20 19:35:44.637   414-434   agps                    mtk_agpsd                            D  [agps][n][AGPS] [MNL] write  pmtk  [$PMTK680,1,FFFFF631*7F
                                                                                                     ]
2026-03-20 19:35:44.641   736-857   LocationManagerService  system_server                        D  incoming location from: gps
2026-03-20 19:35:44.641   366-403   HWComposer              surfaceflinger                       W  Ignoring duplicate VSYNC event from HWC (t=0)
2026-03-20 19:35:44.641   736-857   LocationManagerService  system_server                        D  incoming location from: gps
2026-03-20 19:35:44.664   366-403   HWComposer              surfaceflinger                       W  Ignoring duplicate VSYNC event from HWC (t=0)
2026-03-20 19:35:44.688   366-403   HWComposer              surfaceflinger                       W  Ignoring duplicate VSYNC event from HWC (t=0)
2026-03-20 19:35:44.698   356-356   NxpFwDnld               vendor.nxp.nxpnfc@1.0-service        E  free library SUCCESS !!
2026-03-20 19:35:44.698   356-356   NxpFwDnld               vendor.nxp.nxpnfc@1.0-service        E  Freeing Mem for Dnld Context..
2026-03-20 19:35:44.698   356-356   NxpHal                  vendor.nxp.nxpnfc@1.0-service        D  Chip Version Middleware Version mismatch!!!!
2026-03-20 19:35:44.698   356-1664  NxpTml                  vendor.nxp.nxpnfc@1.0-service        D  PN54X - Write requested.....
2026-03-20 19:35:44.698   356-1664  NxpTml                  vendor.nxp.nxpnfc@1.0-service        D  PN54X - Invoking I2C Write.....
2026-03-20 19:35:44.711   366-403   HWComposer              surfaceflinger                       W  Ignoring duplicate VSYNC event from HWC (t=0)
2026-03-20 19:35:44.718   356-1664  NxpTml                  vendor.nxp.nxpnfc@1.0-service        E  _i2c_write() errno : 5
2026-03-20 19:35:44.718   356-1664  NxpTml                  vendor.nxp.nxpnfc@1.0-service        E  PN54X - Error in I2C Write.....
2026-03-20 19:35:44.719   356-1664  NxpTml                  vendor.nxp.nxpnfc@1.0-service        D  PN54X - Posting Fresh Write message.....
2026-03-20 19:35:44.719   356-1664  NxpTml                  vendor.nxp.nxpnfc@1.0-service        D  PN54X - Tml Writer Thread Running................
2026-03-20 19:35:44.719   356-1666  NxpHal                  vendor.nxp.nxpnfc@1.0-service        E  write error status = 0x1ff
2026-03-20 19:35:44.719   356-356   NxpHal                  vendor.nxp.nxpnfc@1.0-service        E  write_unlocked failed - PN54X Maybe in Standby Mode - Retry
2026-03-20 19:35:44.729   356-1664  NxpTml                  vendor.nxp.nxpnfc@1.0-service        D  PN54X - Write requested.....
2026-03-20 19:35:44.729   356-1664  NxpTml                  vendor.nxp.nxpnfc@1.0-service        D  PN54X - Invoking I2C Write.....
2026-03-20 19:35:44.734   366-403   HWComposer              surfaceflinger                       W  Ignoring duplicate VSYNC event from HWC (t=0)
2026-03-20 19:35:44.748   356-1664  NxpTml                  vendor.nxp.nxpnfc@1.0-service        E  _i2c_write() errno : 5
2026-03-20 19:35:44.748   356-1664  NxpTml                  vendor.nxp.nxpnfc@1.0-service        E  PN54X - Error in I2C Write.....
2026-03-20 19:35:44.749   356-1664  NxpTml                  vendor.nxp.nxpnfc@1.0-service        D  PN54X - Posting Fresh Write message.....
2026-03-20 19:35:44.749   356-1664  NxpTml                  vendor.nxp.nxpnfc@1.0-service        D  PN54X - Tml Writer Thread Running................
2026-03-20 19:35:44.749   356-1666  NxpHal                  vendor.nxp.nxpnfc@1.0-service        E  write error status = 0x1ff
2026-03-20 19:35:44.749   356-356   NxpHal                  vendor.nxp.nxpnfc@1.0-service        E  write_unlocked failed - PN54X Maybe in Standby Mode - Retry
2026-03-20 19:35:44.758   366-403   HWComposer              surfaceflinger                       W  Ignoring duplicate VSYNC event from HWC (t=0)
2026-03-20 19:35:44.759   356-1664  NxpTml                  vendor.nxp.nxpnfc@1.0-service        D  PN54X - Write requested.....
2026-03-20 19:35:44.759   356-1664  NxpTml                  vendor.nxp.nxpnfc@1.0-service        D  PN54X - Invoking I2C Write.....
2026-03-20 19:35:44.778   356-1664  NxpTml                  vendor.nxp.nxpnfc@1.0-service        E  _i2c_write() errno : 5
2026-03-20 19:35:44.778   356-1664  NxpTml                  vendor.nxp.nxpnfc@1.0-service        E  PN54X - Error in I2C Write.....
2026-03-20 19:35:44.779   356-1664  NxpTml                  vendor.nxp.nxpnfc@1.0-service        D  PN54X - Posting Fresh Write message.....
2026-03-20 19:35:44.779   356-1666  NxpHal                  vendor.nxp.nxpnfc@1.0-service        E  write error status = 0x1ff
2026-03-20 19:35:44.779   356-356   NxpHal                  vendor.nxp.nxpnfc@1.0-service        E  write_unlocked failed - PN54X Maybe in Standby Mode - Retry
2026-03-20 19:35:44.779   356-1664  NxpTml                  vendor.nxp.nxpnfc@1.0-service        D  PN54X - Tml Writer Thread Running................
2026-03-20 19:35:44.781   366-403   HWComposer              surfaceflinger                       W  Ignoring duplicate VSYNC event from HWC (t=0)
2026-03-20 19:35:44.789   356-1664  NxpTml                  vendor.nxp.nxpnfc@1.0-service        D  PN54X - Write requested.....
2026-03-20 19:35:44.789   356-1664  NxpTml                  vendor.nxp.nxpnfc@1.0-service        D  PN54X - Invoking I2C Write.....
2026-03-20 19:35:44.804   366-403   HWComposer              surfaceflinger                       W  Ignoring duplicate VSYNC event from HWC (t=0)
2026-03-20 19:35:44.808   356-1664  NxpTml                  vendor.nxp.nxpnfc@1.0-service        E  _i2c_write() errno : 5
2026-03-20 19:35:44.808   356-1664  NxpTml                  vendor.nxp.nxpnfc@1.0-service        E  PN54X - Error in I2C Write.....
2026-03-20 19:35:44.809   356-1664  NxpTml                  vendor.nxp.nxpnfc@1.0-service        D  PN54X - Posting Fresh Write message.....
2026-03-20 19:35:44.809   356-1666  NxpHal                  vendor.nxp.nxpnfc@1.0-service        E  write error status = 0x1ff
2026-03-20 19:35:44.809   356-356   NxpHal                  vendor.nxp.nxpnfc@1.0-service        E  write_unlocked failed - PN54X Maybe in Standby Mode - Retry
2026-03-20 19:35:44.809   356-1664  NxpTml                  vendor.nxp.nxpnfc@1.0-service        D  PN54X - Tml Writer Thread Running................
2026-03-20 19:35:44.819   356-1664  NxpTml                  vendor.nxp.nxpnfc@1.0-service        D  PN54X - Write requested.....
2026-03-20 19:35:44.819   356-1664  NxpTml                  vendor.nxp.nxpnfc@1.0-service        D  PN54X - Invoking I2C Write.....
2026-03-20 19:35:44.828   366-403   HWComposer              surfaceflinger                       W  Ignoring duplicate VSYNC event from HWC (t=0)
2026-03-20 19:35:44.839   356-1664  NxpTml                  vendor.nxp.nxpnfc@1.0-service        E  _i2c_write() errno : 5
2026-03-20 19:35:44.839   356-1664  NxpTml                  vendor.nxp.nxpnfc@1.0-service        E  PN54X - Error in I2C Write.....
2026-03-20 19:35:44.839   356-1664  NxpTml                  vendor.nxp.nxpnfc@1.0-service        D  PN54X - Posting Fresh Write message.....
2026-03-20 19:35:44.839   356-1664  NxpTml                  vendor.nxp.nxpnfc@1.0-service        D  PN54X - Tml Writer Thread Running................
2026-03-20 19:35:44.839   356-1666  NxpHal                  vendor.nxp.nxpnfc@1.0-service        E  write error status = 0x1ff
2026-03-20 19:35:44.839   356-356   NxpHal                  vendor.nxp.nxpnfc@1.0-service        E  write_unlocked failed - PN54X Maybe in Standby Mode - Retry
2026-03-20 19:35:44.849   356-1664  NxpTml                  vendor.nxp.nxpnfc@1.0-service        D  PN54X - Write requested.....
2026-03-20 19:35:44.849   356-1664  NxpTml                  vendor.nxp.nxpnfc@1.0-service        D  PN54X - Invoking I2C Write.....
2026-03-20 19:35:44.851   366-403   HWComposer              surfaceflinger                       W  Ignoring duplicate VSYNC event from HWC (t=0)
2026-03-20 19:35:44.869   356-1664  NxpTml                  vendor.nxp.nxpnfc@1.0-service        E  _i2c_write() errno : 5
2026-03-20 19:35:44.869   356-1664  NxpTml                  vendor.nxp.nxpnfc@1.0-service        E  PN54X - Error in I2C Write.....
2026-03-20 19:35:44.869   356-1664  NxpTml                  vendor.nxp.nxpnfc@1.0-service        D  PN54X - Posting Fresh Write message.....
2026-03-20 19:35:44.869   356-1664  NxpTml                  vendor.nxp.nxpnfc@1.0-service        D  PN54X - Tml Writer Thread Running................
2026-03-20 19:35:44.869   356-1666  NxpHal                  vendor.nxp.nxpnfc@1.0-service        E  write error status = 0x1ff
2026-03-20 19:35:44.869   356-356   NxpHal                  vendor.nxp.nxpnfc@1.0-service        E  write_unlocked failed - PN54X Maybe in Standby Mode (max count = 0x6)
2026-03-20 19:35:44.869   356-356   NxpTml                  vendor.nxp.nxpnfc@1.0-service        D  phTmlNfc_i2c_reset(), VEN level 0
2026-03-20 19:35:44.874   366-403   HWComposer              surfaceflinger                       W  Ignoring duplicate VSYNC event from HWC (t=0)
2026-03-20 19:35:44.898   366-403   chatty                  surfaceflinger                       I  uid=1000(system) HwBinder:366_1 identical 1 line
2026-03-20 19:35:44.921   366-403   HWComposer              surfaceflinger                       W  Ignoring duplicate VSYNC event from HWC (t=0)
2026-03-20 19:35:44.931   356-356   NxpTml                  vendor.nxp.nxpnfc@1.0-service        D  phTmlNfc_i2c_reset(), VEN level 1
2026-03-20 19:35:44.945   366-403   HWComposer              surfaceflinger                       W  Ignoring duplicate VSYNC event from HWC (t=0)
2026-03-20 19:35:45.014   366-403   chatty                  surfaceflinger                       I  uid=1000(system) HwBinder:366_1 identical 3 lines
2026-03-20 19:35:45.038   366-403   HWComposer              surfaceflinger                       W  Ignoring duplicate VSYNC event from HWC (t=0)
2026-03-20 19:35:45.044   356-356   NxpHal                  vendor.nxp.nxpnfc@1.0-service        D  PN54X Reset - SUCCESS
2026-03-20 19:35:45.044   356-356   NxpHal                  vendor.nxp.nxpnfc@1.0-service        D  phNxpNciHal_write failed for hal ext
2026-03-20 19:35:45.044   356-356   NxpHal                  vendor.nxp.nxpnfc@1.0-service        E  NFCC not coming out from Standby
2026-03-20 19:35:45.044   356-356   NxpHal                  vendor.nxp.nxpnfc@1.0-service        E  Trying Force FW download
2026-03-20 19:35:45.044   356-356   NxpHal                  vendor.nxp.nxpnfc@1.0-service        D  Found Valid Firmware Type
2026-03-20 19:35:45.045   356-356   NxpExtns                vendor.nxp.nxpnfc@1.0-service        D  find found NXP_SYS_CLK_SRC_SEL=(0x2)
2026-03-20 19:35:45.045   356-356   NxpExtns                vendor.nxp.nxpnfc@1.0-service        D  find found NXP_SYS_CLK_FREQ_SEL=(0x4)
2026-03-20 19:35:45.045   356-356   NxpExtns                vendor.nxp.nxpnfc@1.0-service        D  find found NXP_SYS_CLOCK_TO_CFG=(0x1)
2026-03-20 19:35:45.045   356-356   NxpFwDnld               vendor.nxp.nxpnfc@1.0-service        D  gphNxpNciHal_fw_IoctlCtx.bClkSrcVal = 0x2
2026-03-20 19:35:45.045   356-356   NxpFwDnld               vendor.nxp.nxpnfc@1.0-service        D  gphNxpNciHal_fw_IoctlCtx.bClkFreqVal = 0x4
2026-03-20 19:35:45.045   356-356   NxpFwDnld               vendor.nxp.nxpnfc@1.0-service        D  gphNxpNciHal_fw_IoctlCtx.bClkFreqVal = 0x1
2026-03-20 19:35:45.045   356-356   NxpTml                  vendor.nxp.nxpnfc@1.0-service        D  phTmlNfc_i2c_reset(), VEN level 2
2026-03-20 19:35:45.061   366-403   HWComposer              surfaceflinger                       W  Ignoring duplicate VSYNC event from HWC (t=0)
2026-03-20 19:35:45.084   366-403   chatty                  surfaceflinger                       I  uid=1000(system) HwBinder:366_1 identical 1 line
2026-03-20 19:35:45.108   366-403   HWComposer              surfaceflinger                       W  Ignoring duplicate VSYNC event from HWC (t=0)
2026-03-20 19:35:45.122   419-419   agps                    wifi2agps                            D  [WIFI2AGPS] wifi2agps_scanned
2026-03-20 19:35:45.124   608-620   VoLTE IMSM              volte_imsm_93                        D  send CTRL_CMD_GET_SCAN (module/mdagent/volte_imsm_93/src/wireless.c:584)
2026-03-20 19:35:45.125   736-3560  WificondControl         system_server                        D  Scan result ready event
2026-03-20 19:35:45.126   606-619   [BIP]                   bip                                  I   [BIP NL] event newlink match dev 0, interface index 28
2026-03-20 19:35:45.126   606-619   [BIP]                   bip                                  I   [BIP NL] the link status of interface(index:0) changes to 1
2026-03-20 19:35:45.126   736-958   WifiStateMachine        system_server                        D   MtkL2ConnectedState { when=-1ms what=147461 target=com.android.internal.util.StateMachine$SmHandler } 0 0, mShouldDeferDisableWifi = false, mState = MONITORING
2026-03-20 19:35:45.131   366-403   HWComposer              surfaceflinger                       W  Ignoring duplicate VSYNC event from HWC (t=0)
2026-03-20 19:35:45.150   736-962   WifiScanningService     system_server                        D  singleScanResults: ClientInfo[uid=1000,android.os.Messenger@cefd4de],Id=711,results=12
2026-03-20 19:35:45.150   736-962   WifiScanningService     system_server                        D  singleScanResults: ClientInfo[uid=1000,android.os.Messenger@cefd4de],Id=1,results=12
2026-03-20 19:35:45.153   736-958   WifiScanner             system_server                        D  removing listener for single scan
2026-03-20 19:35:45.154   366-403   HWComposer              surfaceflinger                       W  Ignoring duplicate VSYNC event from HWC (t=0)
2026-03-20 19:35:45.163  1221-1221  wpa_supplicant          wpa_supplicant                       I  wlan0: GAS-QUERY-START addr=00:92:a5:a5:bb:03 dialog_token=67 freq=2412
2026-03-20 19:35:45.166   736-958   HS20                    system_server                        D  ANQP initiated on 00:92:a5:a5:bb:03
2026-03-20 19:35:45.167   736-958   PasspointManager        system_server                        D  ANQP entry not found for: 00:92:a5:a5:bb:03:<Chevrolet 2025>
2026-03-20 19:35:45.170   736-958   WifiConnectivityManager system_server                        D  AllSingleScanListener onResults: start network selection
2026-03-20 19:35:45.172   736-958   WifiNetworkSelector     system_server                        D  Current connected network: "CTCO-702" , ID: 4
2026-03-20 19:35:45.173   736-958   WifiNetworkSelector     system_server                        D  Current connected network already sufficient. Skip network selection.
2026-03-20 19:35:45.178   366-403   HWComposer              surfaceflinger                       W  Ignoring duplicate VSYNC event from HWC (t=0)
2026-03-20 19:35:45.201   366-403   HWComposer              surfaceflinger                       W  Ignoring duplicate VSYNC event from HWC (t=0)
2026-03-20 19:35:45.222   408-408   Accelerometer           and....sensors@1.0-service-mediatek  I  enable: handle:0, en:0
2026-03-20 19:35:45.224   366-403   HWComposer              surfaceflinger                       W  Ignoring duplicate VSYNC event from HWC (t=0)
2026-03-20 19:35:45.240   356-356   NxpFwDnld               vendor.nxp.nxpnfc@1.0-service        D  Allocating Mem for Dnld Context..
2026-03-20 19:35:45.240   356-356   NxpHal                  vendor.nxp.nxpnfc@1.0-service        D  Calling Seq handler for FW Download 
2026-03-20 19:35:45.240   356-356   NxpExtns                vendor.nxp.nxpnfc@1.0-service        D  find found NXP_FW_NAME=libpn553_fw.so
2026-03-20 19:35:45.241   356-356   NxpFwDnld               vendor.nxp.nxpnfc@1.0-service        D  @@@/system/vendor/firmware/libpn553_fw.so
2026-03-20 19:35:45.241   356-356   NxpFwDnld               vendor.nxp.nxpnfc@1.0-service        E  FW Image Length - ImageInfoLen 34358
2026-03-20 19:35:45.241   356-356   NxpFwDnld               vendor.nxp.nxpnfc@1.0-service        E  FW Image Info Pointer - pImageInfo 0xb416e2d0
2026-03-20 19:35:45.241   356-356   NxpFwDnld               vendor.nxp.nxpnfc@1.0-service        E  FW Major Version Num - 1
2026-03-20 19:35:45.241   356-356   NxpFwDnld               vendor.nxp.nxpnfc@1.0-service        E  FW Minor Version Num - 16
2026-03-20 19:35:45.241   356-356   NxpFwDnld               vendor.nxp.nxpnfc@1.0-service        E  FW Image Length - 34358
2026-03-20 19:35:45.241   356-356   NxpFwDnld               vendor.nxp.nxpnfc@1.0-service        E  FW Image Info Pointer - 0xb416e2d0
2026-03-20 19:35:45.241   356-356   NxpFwDnld               vendor.nxp.nxpnfc@1.0-service        D  phDnldNfc_InitImgInfo:SUCCESS
2026-03-20 19:35:45.241   356-356   NxpFwDnld               vendor.nxp.nxpnfc@1.0-service        D  Processing R/W Sequence..
2026-03-20 19:35:45.242   356-356   NxpFwDnld               vendor.nxp.nxpnfc@1.0-service        D  Response Timer Created Successfully
2026-03-20 19:35:45.242   356-356   NxpFwDnld               vendor.nxp.nxpnfc@1.0-service        D  Inserting FrameId ..
2026-03-20 19:35:45.242   356-356   NxpFwDnld               vendor.nxp.nxpnfc@1.0-service        D  Frame created successfully
2026-03-20 19:35:45.242   356-356   NxpFwDnld               vendor.nxp.nxpnfc@1.0-service        D  Force Command Request submitted successfully
2026-03-20 19:35:45.242   356-1664  NxpTml                  vendor.nxp.nxpnfc@1.0-service        D  PN54X - Write requested.....
2026-03-20 19:35:45.242   356-1664  NxpTml                  vendor.nxp.nxpnfc@1.0-service        D  PN54X - Invoking I2C Write.....
2026-03-20 19:35:45.248   366-403   HWComposer              surfaceflinger                       W  Ignoring duplicate VSYNC event from HWC (t=0)
2026-03-20 19:35:45.262   356-1664  NxpTml                  vendor.nxp.nxpnfc@1.0-service        E  _i2c_write() errno : 5
2026-03-20 19:35:45.262   356-1664  NxpHal                  vendor.nxp.nxpnfc@1.0-service        E  PN54X - Error in I2C Write  - Retry 0x1
2026-03-20 19:35:45.271   366-403   HWComposer              surfaceflinger                       W  Ignoring duplicate VSYNC event from HWC (t=0)
2026-03-20 19:35:45.272   356-1664  NxpTml                  vendor.nxp.nxpnfc@1.0-service        D  PN54X - Invoking I2C Write.....
2026-03-20 19:35:45.292   356-1664  NxpTml                  vendor.nxp.nxpnfc@1.0-service        E  _i2c_write() errno : 5
2026-03-20 19:35:45.292   356-1664  NxpHal                  vendor.nxp.nxpnfc@1.0-service        E  PN54X - Error in I2C Write  - Retry 0x2
2026-03-20 19:35:45.295   366-403   HWComposer              surfaceflinger                       W  Ignoring duplicate VSYNC event from HWC (t=0)
2026-03-20 19:35:45.303   356-1664  NxpTml                  vendor.nxp.nxpnfc@1.0-service        D  PN54X - Invoking I2C Write.....
2026-03-20 19:35:45.309 30351-30516 ActivityScheduler       com.google.android.gms.persistent    I  nextTriggerTime: 9223372036854775806, in 9223372036579244872ms, detectorType: 32, SLEEP alarmWindowMillis: 3074457345618258602
2026-03-20 19:35:42.627   736-3880  IdleScreen              system_server                        D  activityIdleScreen: android.app.ContextImpl@b21604 mNotifyNeeded: false idleIntent: Intent { act=android.intent.action.MAIN cat=[android.intent.category.LAUNCHER] flg=0x10200000 cmp=com.loudtalks/com.zello.ui.MainActivity bnds=[10,24][120,142] }
2026-03-20 19:35:45.310   736-3880  AlarmManager            system_server                        W  Window length 3074457345618258602ms suspiciously long; limiting to 1 hour
2026-03-20 19:35:45.318   366-403   HWComposer              surfaceflinger                       W  Ignoring duplicate VSYNC event from HWC (t=0)
2026-03-20 19:35:45.322   356-1664  NxpTml                  vendor.nxp.nxpnfc@1.0-service        E  _i2c_write() errno : 5
2026-03-20 19:35:45.322   356-1664  NxpHal                  vendor.nxp.nxpnfc@1.0-service        E  PN54X - Error in I2C Write  - Retry 0x3
2026-03-20 19:35:45.332   356-1664  NxpTml                  vendor.nxp.nxpnfc@1.0-service        D  PN54X - Invoking I2C Write.....
2026-03-20 19:35:45.341   366-403   HWComposer              surfaceflinger                       W  Ignoring duplicate VSYNC event from HWC (t=0)
2026-03-20 19:35:45.352   356-1664  NxpTml                  vendor.nxp.nxpnfc@1.0-service        E  _i2c_write() errno : 5
2026-03-20 19:35:45.352   356-1664  NxpTml                  vendor.nxp.nxpnfc@1.0-service        E  PN54X - Error in I2C Write.....
2026-03-20 19:35:45.352   356-1664  NxpTml                  vendor.nxp.nxpnfc@1.0-service        D  PN54X - Posting Fresh Write message.....
2026-03-20 19:35:45.352   356-1664  NxpTml                  vendor.nxp.nxpnfc@1.0-service        D  PN54X - Tml Writer Thread Running................
2026-03-20 19:35:45.353   356-1666  NxpFwDnld               vendor.nxp.nxpnfc@1.0-service        E  Tml Write error!!
2026-03-20 19:35:45.353   356-1666  NxpFwDnld               vendor.nxp.nxpnfc@1.0-service        E  phNxpNciHal_fw_dnld_normal_cb - Request Failed!!
2026-03-20 19:35:45.353   356-356   NxpFwDnld               vendor.nxp.nxpnfc@1.0-service        D  Processing R/W Sequence..
2026-03-20 19:35:45.353   356-356   NxpFwDnld               vendor.nxp.nxpnfc@1.0-service        D  Response Timer Created Successfully
2026-03-20 19:35:45.353   356-356   NxpFwDnld               vendor.nxp.nxpnfc@1.0-service        D  Inserting FrameId ..
2026-03-20 19:35:45.353   356-356   NxpFwDnld               vendor.nxp.nxpnfc@1.0-service        D  Frame created successfully
2026-03-20 19:35:45.354   356-356   NxpFwDnld               vendor.nxp.nxpnfc@1.0-service        D  Force Command Request submitted successfully
2026-03-20 19:35:45.354   356-1664  NxpTml                  vendor.nxp.nxpnfc@1.0-service        D  PN54X - Write requested.....
2026-03-20 19:35:45.354   356-1664  NxpTml                  vendor.nxp.nxpnfc@1.0-service        D  PN54X - Invoking I2C Write.....
2026-03-20 19:35:45.364   366-403   HWComposer              surfaceflinger                       W  Ignoring duplicate VSYNC event from HWC (t=0)
2026-03-20 19:35:45.372   356-1664  NxpTml                  vendor.nxp.nxpnfc@1.0-service        E  _i2c_write() errno : 5
2026-03-20 19:35:45.372   356-1664  NxpHal                  vendor.nxp.nxpnfc@1.0-service        E  PN54X - Error in I2C Write  - Retry 0x1
2026-03-20 19:35:45.379   331-668   AudioALSAStreamOut      and...re.audio@2.0-service-mediatek  D  standby(), flag 6
2026-03-20 19:35:45.379   331-668   AudioALSAStreamOut      and...re.audio@2.0-service-mediatek  D  standbyStreamOut(), flag 6
2026-03-20 19:35:45.379   331-668   AudioALSAStreamOut      and...re.audio@2.0-service-mediatek  D  close(), flags 6, mMixerOutInUse 0
2026-03-20 19:35:45.379   331-668   AudioALSAP...dlerNormal and...re.audio@2.0-service-mediatek  D  +close(), flag 6, mDevice = 0x2
2026-03-20 19:35:45.379   331-668   AudioVoiceUIDL          and...re.audio@2.0-service-mediatek  D  [SetInputStandBy] ReadRefFromRing to exit? (0) 
2026-03-20 19:35:45.379   331-668   AudioALSAH...rceManager and...re.audio@2.0-service-mediatek  D  +stopOutputDevice(), mOutputDevices = 0x2, mStartOutputDevicesCount = 1
2026-03-20 19:35:45.379   331-668   AudioALSAD...figManager and...re.audio@2.0-service-mediatek  D  ApplyDeviceTurnoffSequenceByName(), DeviceName = ext_speaker_output descriptor->DeviceStatusCounter = 1
2026-03-20 19:35:45.380   331-668   AudioALSAD...figManager and...re.audio@2.0-service-mediatek  D  ApplyDeviceTurnoffSequenceByName(), DeviceName = speaker_output descriptor->DeviceStatusCounter = 1
2026-03-20 19:35:45.380   331-668   AudioALSADriverUtility  and...re.audio@2.0-service-mediatek  D  GetPropertyValue key = af.resouce.extdac_support value = 0
2026-03-20 19:35:45.380   331-668   AudioALSAP...andlerBase and...re.audio@2.0-service-mediatek  D  closePcmDriver(), mPcm = 0xa9329260
2026-03-20 19:35:45.381   331-668   AudioALSADriverUtility  and...re.audio@2.0-service-mediatek  D  GetPropertyValue key = af.resouce.extdac_support value = 0
2026-03-20 19:35:45.381   331-668   AudioALSAP...dlerNormal and...re.audio@2.0-service-mediatek  D  SetLowJitterMode(), bypass low jitter mode, bEnable = 0, device = 0x2, SampleRate = 48000
2026-03-20 19:35:45.381   331-668   MtkAudioBitConverter    and...re.audio@2.0-service-mediatek  D  +close()
2026-03-20 19:35:45.381   331-668   AudioALSAP...andlerBase and...re.audio@2.0-service-mediatek  D  DeinitDataPending
2026-03-20 19:35:45.381   331-668   AudioALSAP...dlerNormal and...re.audio@2.0-service-mediatek  D  -close()
2026-03-20 19:35:45.381   331-668   AudioALSAStreamManager  and...re.audio@2.0-service-mediatek  D  -destroyPlaybackHandler(), mode = 0, pPlaybackHandler = 0xa7d12300, mPlaybackHandlerVector.size() = 0
2026-03-20 19:35:45.381   331-668   AudioALSAStreamOut      and...re.audio@2.0-service-mediatek  D  setMuteForRouting(), mute 0, flags 6
2026-03-20 19:35:45.381   331-668   AudioUtility            and...re.audio@2.0-service-mediatek  D  power_hal_hint - custPowerHint 0, data 0
2026-03-20 19:35:45.381   354-6733  vendor.med...r@1.1-impl merged_hal_service                   I  mtkCusPowerHint hint:0, data:0
2026-03-20 19:35:45.382   354-374   powerd                  merged_hal_service                   I  [powerd_req] POWER_MSG_MTK_CUS_HINT: hint:0, hdl:36, data:0
2026-03-20 19:35:45.382   356-1664  NxpTml                  vendor.nxp.nxpnfc@1.0-service        D  PN54X - Invoking I2C Write.....
2026-03-20 19:35:45.388   366-403   HWComposer              surfaceflinger                       W  Ignoring duplicate VSYNC event from HWC (t=0)
2026-03-20 19:35:45.402   356-1664  NxpTml                  vendor.nxp.nxpnfc@1.0-service        E  _i2c_write() errno : 5
2026-03-20 19:35:45.402   356-1664  NxpHal                  vendor.nxp.nxpnfc@1.0-service        E  PN54X - Error in I2C Write  - Retry 0x2
2026-03-20 19:35:45.411   366-403   HWComposer              surfaceflinger                       W  Ignoring duplicate VSYNC event from HWC (t=0)
2026-03-20 19:35:45.412   356-1664  NxpTml                  vendor.nxp.nxpnfc@1.0-service        D  PN54X - Invoking I2C Write.....
2026-03-20 19:35:45.432   356-1664  NxpTml                  vendor.nxp.nxpnfc@1.0-service        E  _i2c_write() errno : 5
2026-03-20 19:35:45.432   356-1664  NxpHal                  vendor.nxp.nxpnfc@1.0-service        E  PN54X - Error in I2C Write  - Retry 0x3
2026-03-20 19:35:45.434   366-403   HWComposer              surfaceflinger                       W  Ignoring duplicate VSYNC event from HWC (t=0)
2026-03-20 19:35:45.442   356-1664  NxpTml                  vendor.nxp.nxpnfc@1.0-service        D  PN54X - Invoking I2C Write.....
2026-03-20 19:35:45.458   366-403   HWComposer              surfaceflinger                       W  Ignoring duplicate VSYNC event from HWC (t=0)
2026-03-20 19:35:45.462   356-1664  NxpTml                  vendor.nxp.nxpnfc@1.0-service        E  _i2c_write() errno : 5
2026-03-20 19:35:45.462   356-1664  NxpTml                  vendor.nxp.nxpnfc@1.0-service        E  PN54X - Error in I2C Write.....
2026-03-20 19:35:45.462   356-1664  NxpTml                  vendor.nxp.nxpnfc@1.0-service        D  PN54X - Posting Fresh Write message.....
2026-03-20 19:35:45.462   356-1664  NxpTml                  vendor.nxp.nxpnfc@1.0-service        D  PN54X - Tml Writer Thread Running................
2026-03-20 19:35:45.462   356-1666  NxpFwDnld               vendor.nxp.nxpnfc@1.0-service        E  Tml Write error!!
2026-03-20 19:35:45.462   356-1666  NxpFwDnld               vendor.nxp.nxpnfc@1.0-service        E  phNxpNciHal_fw_dnld_normal_cb - Request Failed!!
2026-03-20 19:35:45.462   356-356   NxpFwDnld               vendor.nxp.nxpnfc@1.0-service        D  Processing Normal Sequence..
2026-03-20 19:35:45.462   356-356   NxpFwDnld               vendor.nxp.nxpnfc@1.0-service        D  Initializing Sequence..
2026-03-20 19:35:45.462   356-356   NxpFwDnld               vendor.nxp.nxpnfc@1.0-service        D  Response Timer Created Successfully
2026-03-20 19:35:45.463   356-356   NxpFwDnld               vendor.nxp.nxpnfc@1.0-service        D  Inserting FrameId ..
2026-03-20 19:35:45.463   356-356   NxpFwDnld               vendor.nxp.nxpnfc@1.0-service        D  Frame created successfully
2026-03-20 19:35:45.463   356-356   NxpFwDnld               vendor.nxp.nxpnfc@1.0-service        D  GetSessionState Request submitted successfully
2026-03-20 19:35:45.463   356-1664  NxpTml                  vendor.nxp.nxpnfc@1.0-service        D  PN54X - Write requested.....
2026-03-20 19:35:45.463   356-1664  NxpTml                  vendor.nxp.nxpnfc@1.0-service        D  PN54X - Invoking I2C Write.....
2026-03-20 19:35:45.481   366-403   HWComposer              surfaceflinger                       W  Ignoring duplicate VSYNC event from HWC (t=0)
2026-03-20 19:35:45.482   356-1664  NxpTml                  vendor.nxp.nxpnfc@1.0-service        E  _i2c_write() errno : 5
2026-03-20 19:35:45.482   356-1664  NxpHal                  vendor.nxp.nxpnfc@1.0-service        E  PN54X - Error in I2C Write  - Retry 0x1
2026-03-20 19:35:45.492   356-1664  NxpTml                  vendor.nxp.nxpnfc@1.0-service        D  PN54X - Invoking I2C Write.....
2026-03-20 19:35:45.504   366-403   HWComposer              surfaceflinger                       W  Ignoring duplicate VSYNC event from HWC (t=0)
2026-03-20 19:35:45.509 28594-28742 Surface                 com.loudtalks                        D  Surface::disconnect(this=0x7d3b5000,api=1)
2026-03-20 19:35:45.510   366-404   BufferQueueProducer     surfaceflinger                       I  [Toast#0](this:0xadf4a000,id:1783,api:1,p:28594,c:366) disconnect(P): api 1
2026-03-20 19:35:45.510   366-404   BufferQueueConsumer     surfaceflinger                       I  [Toast#0](this:0xadf4a000,id:1783,api:1,p:-1,c:366) getReleasedBuffers: returning mask 0xffffffffffffffff
2026-03-20 19:35:45.511 28594-28594 View                    com.loudtalks                        D  [Warning] assignParent to null: this = android.widget.LinearLayout{d17721 V.E...... ......ID 0,0-108,37}
2026-03-20 19:35:45.512   356-1664  NxpTml                  vendor.nxp.nxpnfc@1.0-service        E  _i2c_write() errno : 5
2026-03-20 19:35:45.512   356-1664  NxpHal                  vendor.nxp.nxpnfc@1.0-service        E  PN54X - Error in I2C Write  - Retry 0x2
2026-03-20 19:35:45.520   736-736   WindowManager           system_server                        W  removeWindowToken: Attempted to remove non-existing token: android.os.Binder@d2accd8
2026-03-20 19:35:45.522   356-1664  NxpTml                  vendor.nxp.nxpnfc@1.0-service        D  PN54X - Invoking I2C Write.....
2026-03-20 19:35:45.524 28594-28594 WindowClient            com.loudtalks                        D  Remove from mViews: android.widget.LinearLayout{d17721 V.E...... ......ID 0,0-108,37}, this = android.view.WindowManagerGlobal@6134ee5
2026-03-20 19:35:45.528   366-403   HWComposer              surfaceflinger                       W  Ignoring duplicate VSYNC event from HWC (t=0)
2026-03-20 19:35:45.542   356-1664  NxpTml                  vendor.nxp.nxpnfc@1.0-service        E  _i2c_write() errno : 5
2026-03-20 19:35:45.542   356-1664  NxpHal                  vendor.nxp.nxpnfc@1.0-service        E  PN54X - Error in I2C Write  - Retry 0x3
2026-03-20 19:35:45.550   366-366   DisplayDevice           surfaceflinger                       I  [Built-in Screen (type:0)] fps:9.259809,dur:2915.83,max:2149.40,min:15.28
2026-03-20 19:35:45.551   366-403   HWComposer              surfaceflinger                       W  Ignoring duplicate VSYNC event from HWC (t=0)
2026-03-20 19:35:45.552   356-1664  NxpTml                  vendor.nxp.nxpnfc@1.0-service        D  PN54X - Invoking I2C Write.....
2026-03-20 19:35:45.572   356-1664  NxpTml                  vendor.nxp.nxpnfc@1.0-service        E  _i2c_write() errno : 5
2026-03-20 19:35:45.572   356-1664  NxpTml                  vendor.nxp.nxpnfc@1.0-service        E  PN54X - Error in I2C Write.....
2026-03-20 19:35:45.572   356-1664  NxpTml                  vendor.nxp.nxpnfc@1.0-service        D  PN54X - Posting Fresh Write message.....
2026-03-20 19:35:45.572   356-1664  NxpTml                  vendor.nxp.nxpnfc@1.0-service        D  PN54X - Tml Writer Thread Running................
2026-03-20 19:35:45.572   356-1666  NxpFwDnld               vendor.nxp.nxpnfc@1.0-service        E  Tml Write error!!
2026-03-20 19:35:45.572   356-1666  NxpFwDnld               vendor.nxp.nxpnfc@1.0-service        E  phNxpNciHal_fw_dnld_get_sessn_state_cb - Request Failed!!
2026-03-20 19:35:45.572   356-356   NxpFwDnld               vendor.nxp.nxpnfc@1.0-service        E  phDnldNfc_GetSessionState cb failed
2026-03-20 19:35:45.572   356-356   NxpFwDnld               vendor.nxp.nxpnfc@1.0-service        E   phNxpNciHal_fw_seq_handler : FAILED
2026-03-20 19:35:45.572   356-356   NxpFwDnld               vendor.nxp.nxpnfc@1.0-service        D  phNxpNciHal_fw_dnld_complete: Download Status = 0xff
2026-03-20 19:35:45.572   356-356   NxpFwDnld               vendor.nxp.nxpnfc@1.0-service        E  Fw Download Failed!!
2026-03-20 19:35:45.572   356-356   NxpTml                  vendor.nxp.nxpnfc@1.0-service        D  phTmlNfc_i2c_reset(), VEN level 0
2026-03-20 19:35:45.574   366-403   HWComposer              surfaceflinger                       W  Ignoring duplicate VSYNC event from HWC (t=0)
2026-03-20 19:35:45.598   366-403   HWComposer              surfaceflinger                       W  Ignoring duplicate VSYNC event from HWC (t=0)
2026-03-20 19:35:45.612   380-30752 MPE                     mnld                                 D  mtk_gps_mnl_trigger_mpe: mpemsg len=24
2026-03-20 19:35:45.612   380-30752 MPE                     mnld                                 D  mtk_gps_mnl_trigger_mpe: MPE not enable
2026-03-20 19:35:45.621   366-403   HWComposer              surfaceflinger                       W  Ignoring duplicate VSYNC event from HWC (t=0)
2026-03-20 19:35:45.630   380-30752 MPE                     mnld                                 D  mtk_gps_mnl_trigger_mpe: mpemsg len=24
2026-03-20 19:35:45.630   380-30752 MPE                     mnld                                 D  mtk_gps_mnl_trigger_mpe: MPE not enable
2026-03-20 19:35:45.634   356-356   NxpTml                  vendor.nxp.nxpnfc@1.0-service        D  phTmlNfc_i2c_reset(), VEN level 1
2026-03-20 19:35:45.635   380-30752 pseudo                  mnld                                 D  mtk_gps_sys_nmea_output_to_mnld: received 1054 bytes:
2026-03-20 19:35:45.637   414-434   agps                    mtk_agpsd                            D  [agps][n][AGPS] [MNL] write  pmtk  [$PMTK680,1,FFFFF628*77
                                                                                                     ]
2026-03-20 19:35:45.637   380-30752 pseudo                  mnld                                 D  mtk_gps_sys_nmea_output_to_app: len:1054, [NMEA]$GNGGA,233546.00...
2026-03-20 19:35:45.637   380-30752 gps_controlller         mnld                                 D  mtk_gps_sys_gps_mnl_callback: msg:0
2026-03-20 19:35:45.637   380-30752 gps_controlller         mnld                                 D  send_active_notify: send clean nmea timer cmd!
2026-03-20 19:35:45.637   380-30752 gps_controlller         mnld                                 D  mtk_gps_sys_gps_mnl_callback: MTK_GPS_MSG_FIX_READY, GET_RTC_OK, 0.015, 0.008
2026-03-20 19:35:45.637   380-30752 gps_controlller         mnld                                 D  mtk_gps_sys_gps_mnl_callback: Age = 2, RTCDiff = 30, Time_interval = 10
2026-03-20 19:35:45.637   380-509   MNLD                    mnld                                 D  mnld_main_thread: n=2
2026-03-20 19:35:45.637   380-509   MNLD                    mnld                                 D  mnld_main_thread: main_event_hdlr msg
2026-03-20 19:35:45.637   380-30752 pseudo                  mnld                                 D  mtk_gps_sys_nmea_output_to_app: len:46, [vAGPS_Auto_Req]:g_FirstDbtt:0,u2BitMap:0x100
2026-03-20 19:35:45.637   380-509   MNLD                    mnld                                 W  main_event_hdlr: GPS2MAIN_EVENT_UPDATE_LOCATION  lat=39.926150 lng=-75.140762 acc=2.300000
2026-03-20 19:35:45.637   380-509   MNLD                    mnld                                 D  main_event_hdlr: wait_first_location=0
2026-03-20 19:35:45.637   380-499   gps_controlller         mnld                                 D  gps_control_thread: gps_control_thread wait
