2026-04-10 18:59:50.793   330-330   /system/bi....0-service android.hidl.allocator@1.0-service   W  ashmem_create_region(4608) returning hidl_memory(0xb2998300, 4608)
2026-04-10 18:59:50.796   330-330   chatty                  android.hidl.allocator@1.0-service   I  uid=1000(system) allocator@1.0-s identical 2 lines
2026-04-10 18:59:50.798   330-330   /system/bi....0-service android.hidl.allocator@1.0-service   W  ashmem_create_region(4608) returning hidl_memory(0xb2998300, 4608)
2026-04-10 18:59:50.799   397-11690 MtkOmxAudioDecBase      media.codec                          D  # Got general command (OMX_CommandStateSet)
2026-04-10 18:59:50.800   397-11690 MtkOmxAudioDecBase      media.codec                          D  state changes to OMX_StateExecuting
2026-04-10 18:59:50.803   397-11691 MtkOmxMp3Dec            media.codec                          D  JB +InitMp3Decoder
2026-04-10 18:59:50.804   397-11691 MtkOmxMp3Dec            media.codec                          D  -InitMp3Decoder
2026-04-10 18:59:50.805   397-11691 MtkOmxMp3Dec            media.codec                          D  isFirst = true
2026-04-10 18:59:50.808   390-11687 AudioTrack              mediaserver                          D  set(): 0xaf93a000, streamType 8, sampleRate 44100, format 0x1, channelMask 0x1, frameCount 22560, flags #0, notificationFrames 0, sessionId 0, transferType 0, uid 10183, pid 10768
2026-04-10 18:59:50.808   390-11687 AudioTrack              mediaserver                          D  Building AudioTrack with attributes: usage = 3, content = 4, flags = 0x0, tags = []
2026-04-10 18:59:50.810   381-7372  AudioFlinger            audioserver                          D  track(0xa8fe9b00): mIsOut 1, mFrameCount 22560, mSampleRate 44100, mFormat 1, mChannelCount 1, mTrackCount 806, thread 0xa8803c00, sessionId 9113
2026-04-10 18:59:50.811   381-7372  AudioFlinger            audioserver                          D  track(0xa8fe9b00): mFastIndex -1, mStreamType 8, mName 4101
2026-04-10 18:59:50.813   390-11687 AudioTrack              mediaserver                          D  Client defaulted notificationFrames to 7520 for frameCount 22560
2026-04-10 18:59:50.814   390-11687 AudioTrack              mediaserver                          D  createTrack_l: 0xaf93a000, mCblk = 0xaef3d1c0, mLatency = 574, mAfLatency = 63, frameCount = 22560, mSampleRate = 44100, mFlags = 0, mReqFrameCount = 22560, mNotificationFramesAct = 7520
2026-04-10 18:59:50.815   390-11687 AudioTrack              mediaserver                          D  start(): 0xaf93a000, mState = 1
2026-04-10 18:59:50.815   381-7372  APM_AudioPolicyManager  audioserver                          D  startOutput() output 13, stream 8, session 9113
2026-04-10 18:59:50.815   381-7372  APM::Audio...Descriptor audioserver                          V  changeRefCount() stream 8, count 1
2026-04-10 18:59:50.816   390-11684 NuPlayerDriver          mediaserver                          D  notifyListener_l(0xb18253f0), (6, 0, 0, -1), loop setting(0, 1)
2026-04-10 18:59:50.817 10768-10768 MediaPlayer             com.reedersystems.commandcomms       D  handleMessage msg:(6, 0, 0)
2026-04-10 18:59:50.828   356-356   NxpExtns                vendor.nxp.nxpnfc@1.0-service        D  find found NXP_SYS_CLK_SRC_SEL=(0x2)
2026-04-10 18:59:50.828   356-356   NxpExtns                vendor.nxp.nxpnfc@1.0-service        D  find found NXP_SYS_CLK_FREQ_SEL=(0x4)
2026-04-10 18:59:50.828   356-356   NxpExtns                vendor.nxp.nxpnfc@1.0-service        D  find found NXP_SYS_CLOCK_TO_CFG=(0x1)
2026-04-10 18:59:50.843   397-11691 MtkOmxMp3Dec            media.codec                          D  MP3 EOS received, TS=0
2026-04-10 18:59:50.846   390-11688 NuPlayerDecoder         mediaserver                          I  [audio] saw output EOS
2026-04-10 18:59:50.964   365-434   chatty                  surfaceflinger                       I  uid=1000(system) HwBinder:365_1 identical 5 lines
2026-04-10 18:59:51.008   356-356   NxpExtns                vendor.nxp.nxpnfc@1.0-service        D  find found NXP_FW_NAME=libpn553_fw.so
2026-04-10 18:59:51.101   390-11687 AudioTrack              mediaserver                          D  stop(): 0xaf93a000, mState = 0
2026-04-10 18:59:51.101   390-11687 AudioTrack              mediaserver                          D  stop() called with 24192 frames delivered
2026-04-10 18:59:51.102   390-11687 AudioTrack              mediaserver                          D  audiotrack 0xaf93a000 stop done
2026-04-10 18:59:51.110   737-915   zhouzhe                 system_server                        D  keyCode222 = 230
2026-04-10 18:59:51.160   737-915   zhouzhe                 system_server                        D  keyCode222 = 230
2026-04-10 18:59:51.211   737-915   zhouzhe                 system_server                        D  keyCode222 = 230
2026-04-10 18:59:51.215   325-11697 libc-netbsd             netd                                 D  [getaddrinfo]: netid=235; mark=262379; ai_flags=1024; ai_family=0
2026-04-10 18:59:51.217   325-11697 libc-netbsd             netd                                 D  default dns: query_ipv6=1, query_ipv4=1
2026-04-10 18:59:51.261   737-915   zhouzhe                 system_server                        D  keyCode222 = 230
2026-04-10 18:59:51.267   325-11697 libc-netbsd             netd                                 D  res_queryN succeed
2026-04-10 18:59:51.269 10768-11100 libc-netbsd             com.reedersystems.commandcomms       D  getaddrinfo: get result from proxy gai_error = 0
2026-04-10 18:59:51.274 10768-11699 [PTT-DIAG]              com.reedersystems.commandcomms       W  Socket connect error: io.socket.engineio.client.EngineIOException: websocket error
2026-04-10 18:59:51.274 10768-11699 [APP-STARTUP]           com.reedersystems.commandcomms       E  SIGNALING_AUTH_FAILED reason=connect_error io.socket.engineio.client.EngineIOException: websocket error
2026-04-10 18:59:51.313   737-915   zhouzhe                 system_server                        D  keyCode222 = 230
2026-04-10 18:59:51.323   737-916   zhouzhe                 system_server                        D  keyCode111 = 230
2026-04-10 18:59:51.324   737-916   tyd                     system_server                        D  sendBroadcast: android.intent.action.PTT.up
2026-04-10 18:59:51.325   737-916   ContextImpl             system_server                        W  Calling a method in the system process without a qualified user: android.app.ContextImpl.sendBroadcast:967 com.android.server.policy.PhoneWindowManager.sendBC:6496 com.android.server.policy.PhoneWindowManager.interceptKeyBeforeQueueing:6852 com.freeme.server.policy.FreemePhoneWindowManager.interceptKeyBeforeQueueing:301 com.android.server.wm.InputMonitor.interceptKeyBeforeQueueing:449 
2026-04-10 18:59:51.325   737-916   ActivityManager         system_server                        E  Sending non-protected broadcast android.intent.action.PTT.up from system 737:system/1000 pkg android (Explain with AI)
                                                                                                    java.lang.Throwable
                                                                                                    	at com.android.server.am.ActivityManagerService.checkBroadcastFromSystem(ActivityManagerService.java:19307)
                                                                                                    	at com.android.server.am.ActivityManagerService.broadcastIntentLocked(ActivityManagerService.java:19827)
                                                                                                    	at com.android.server.am.ActivityManagerService.broadcastIntent(ActivityManagerService.java:20062)
                                                                                                    	at android.app.ContextImpl.sendBroadcast(ContextImpl.java:971)
                                                                                                    	at com.android.server.policy.PhoneWindowManager.sendBC(PhoneWindowManager.java:6496)
                                                                                                    	at com.android.server.policy.PhoneWindowManager.interceptKeyBeforeQueueing(PhoneWindowManager.java:6852)
                                                                                                    	at com.freeme.server.policy.FreemePhoneWindowManager.interceptKeyBeforeQueueing(FreemePhoneWindowManager.java:301)
                                                                                                    	at com.android.server.wm.InputMonitor.interceptKeyBeforeQueueing(InputMonitor.java:449)
                                                                                                    	at com.android.server.input.InputManagerService.interceptKeyBeforeQueueing(InputManagerService.java:1975)
2026-04-10 18:59:51.329   737-916   ActivityManager         system_server                        E  Sending non-protected broadcast android.intent.action.PTT.up from system 737:system/1000 pkg android (Explain with AI)
                                                                                                    java.lang.Throwable
                                                                                                    	at com.android.server.am.ActivityManagerService.checkBroadcastFromSystem(ActivityManagerService.java:19307)
                                                                                                    	at com.android.server.am.ActivityManagerService.broadcastIntentLocked(ActivityManagerService.java:19920)
                                                                                                    	at com.android.server.am.ActivityManagerService.broadcastIntent(ActivityManagerService.java:20062)
                                                                                                    	at android.app.ContextImpl.sendBroadcast(ContextImpl.java:971)
                                                                                                    	at com.android.server.policy.PhoneWindowManager.sendBC(PhoneWindowManager.java:6496)
                                                                                                    	at com.android.server.policy.PhoneWindowManager.interceptKeyBeforeQueueing(PhoneWindowManager.java:6852)
                                                                                                    	at com.freeme.server.policy.FreemePhoneWindowManager.interceptKeyBeforeQueueing(FreemePhoneWindowManager.java:301)
                                                                                                    	at com.android.server.wm.InputMonitor.interceptKeyBeforeQueueing(InputMonitor.java:449)
                                                                                                    	at com.android.server.input.InputManagerService.interceptKeyBeforeQueueing(InputManagerService.java:1975)
2026-04-10 18:59:51.331   737-915   zhouzhe                 system_server                        D  keyCode222 = 230
2026-04-10 18:59:51.333 10768-10768 [PTT-DIAG]              com.reedersystems.commandcomms       D  PttHardwareReceiver.onReceive action=android.intent.action.PTT.up extras=null source=broadcast
2026-04-10 18:59:51.333 10768-10768 [PTT-DIAG]              com.reedersystems.commandcomms       D  PttHardwareReceiver: mapped action=android.intent.action.PTT.up -> svcAction=com.reedersystems.commandcomms.SVC_PTT_UP
2026-04-10 18:59:51.335 10768-10768 [PTT-DIAG]              com.reedersystems.commandcomms       D  PttHardwareReceiver: WakeLock acquired (auto-releases in 5000ms)
2026-04-10 18:59:51.338 10768-10768 [PTT-DIAG]              com.reedersystems.commandcomms       D  MainActivity PTT UP source=MainActivity code=230 action=UP ts=1775861991338
2026-04-10 18:59:51.338 10768-10768 [PTT-DIAG]              com.reedersystems.commandcomms       D  MainActivity PTT UP — forwarding to BackgroundAudioService (signaling=true)
2026-04-10 18:59:51.342 10768-10768 [PTT-DIAG]              com.reedersystems.commandcomms       D  {"event":"RADIO_PTT_UP","pttState":"IDLE","channelKey":"TESTING__TESTING 1"}
2026-04-10 18:59:51.342   390-11236 NuPlayerDriver          mediaserver                          D  stop(0xb18253f0)
2026-04-10 18:59:51.343   390-11236 NuPlayerDriver          mediaserver                          D  notifyListener_l(0xb18253f0), (8, 0, 0, -1), loop setting(0, 1)
2026-04-10 18:59:51.343   390-11687 AudioTrack              mediaserver                          D  pause(): 0xaf93a000, mState = 1
2026-04-10 18:59:51.344   737-1163  MediaRouterService      system_server                        V  restoreBluetoothA2dp(false)
2026-04-10 18:59:51.344 10768-10768 MediaPlayer             com.reedersystems.commandcomms       V  resetDrmState:  mDrmInfo=null mDrmProvisioningThread=null mPrepareDrmInProgress=false mActiveDrmScheme=false
2026-04-10 18:59:51.345 10768-10768 MediaPlayer             com.reedersystems.commandcomms       V  cleanDrmObj: mDrmObj=null mDrmSessionId=null
2026-04-10 18:59:51.345   390-11236 NuPlayerDriver          mediaserver                          D  reset(0xb18253f0) at state 8
2026-04-10 18:59:51.345   390-11236 GenericSource           mediaserver                          D  disconnect: mDataSource 0xaf920540 mHttpSource 0x0
2026-04-10 18:59:51.346   390-11687 AudioTrack              mediaserver                          D  pause(): 0xaf93a000, mState = 1
2026-04-10 18:59:51.346   390-11687 AudioTrack              mediaserver                          D  stop(): 0xaf93a000, mState = 4
2026-04-10 18:59:51.346   397-11690 MtkOmxAudioDecBase      media.codec                          D  # Got general command (OMX_CommandFlush)
2026-04-10 18:59:51.347   737-845   DuraSpeed/...eedService system_server                        D  [onPlaybackConfigChanged], play music packageNames:[com.reedersystems.commandcomms]
2026-04-10 18:59:51.347   397-11690 MtkOmxAudioDecBase      media.codec                          D  # Got general command (OMX_CommandStateSet)
2026-04-10 18:59:51.352   397-12728 MtkOmxMp3Dec            media.codec                          D  JB ~MtkOmxMp3Dec this= 0xab265000
2026-04-10 18:59:51.348   397-11690 MtkOmxAudioDecBase      media.codec                          D  # Got general command (OMX_CommandStateSet)
2026-04-10 18:59:51.353   390-11688 MediaAnalyticsItem      mediaserver                          W  Unable to record: (codec:0:-1:-11:0:6:android.media.mediacodec.mime=audio/mpeg:android.media.mediacodec.mode=audio:android.media.mediacodec.encoder=0:android.media.mediacodec.codec=OMX.MTK.AUDIO.DECODER.MP3:android.media.mediacodec.secure=0:android.media.mediacodec.bytesin=21942:) [forcenew=0]
2026-04-10 18:59:51.353   390-11684 NuPlayer                mediaserver                          D  audio shutdown completed
2026-04-10 18:59:51.355   390-11684 NuPlayerDriver          mediaserver                          D  notifyResetComplete(0xb18253f0)
2026-04-10 18:59:51.356   390-11236 AudioTrack              mediaserver                          D  ~AudioTrack(): 0xaf93a000
2026-04-10 18:59:51.356 10768-10768 [ToneEngine]            com.reedersystems.commandcomms       D  Denied tone stopped
2026-04-10 18:59:51.356   390-11236 AudioTrack              mediaserver                          D  stop(): 0xaf93a000, mState = 4
2026-04-10 18:59:51.357 10768-10768 [PTT-DIAG]              com.reedersystems.commandcomms       D  {"event":"RADIO_PTT_UP","pttState":"IDLE","channelKey":"TESTING__TESTING 1"}
2026-04-10 18:59:51.358 10768-10768 MediaPlayer             com.reedersystems.commandcomms       W  mediaplayer went away with unhandled events
2026-04-10 18:59:51.447   381-527   APM_AudioPolicyManager  audioserver                          D  stopOutput() output 13, stream 8, session 9113
2026-04-10 18:59:51.447   381-527   APM::Audio...Descriptor audioserver                          V  changeRefCount() stream 8, count 0
2026-04-10 18:59:51.477   365-434   chatty                  surfaceflinger                       I  uid=1000(system) HwBinder:365_1 identical 1 line
2026-04-10 18:59:51.733   365-853   BufferQueueProducer     surfaceflinger                       I  [StatusBar#0](this:0xaf6db000,id:4,api:1,p:967,c:365) queueBuffer: fps=0.33 dur=3000.14 max=3000.14 min=3000.14
2026-04-10 18:59:51.748   352-11764 hwcomposer              and...graphics.composer@2.1-service  W  [JOB] (2) copyvds is ture but vir buffer format is not HAL_PIXEL_FORMAT_YV12  
2026-04-10 18:59:51.750   365-365   DisplayDevice           surfaceflinger                       I  [studio.screen.sharing:0 (type:2)] fps:0.333314,dur:3000.18,max:3000.18,min:3000.18
2026-04-10 18:59:51.750   365-365   DisplayDevice           surfaceflinger                       I  [Built-in Screen (type:0)] fps:0.333311,dur:3000.20,max:3000.20,min:3000.20
2026-04-10 18:59:51.751   397-1015  BufferQueueProducer     media.codec                          I  [GraphicBufferSource](this:0xab26d000,id:453,api:1,p:397,c:397) queueBuffer: fps=0.33 dur=3000.40 max=3000.40 min=3000.40
2026-04-10 18:59:51.748   397-397   gle.vp8.encoder         media.codec                          W  type=1400 audit(0.0:279921): avc: denied { getattr } for path="/dev/sw_sync" dev="tmpfs" ino=266 scontext=u:r:mediacodec:s0 tcontext=u:object_r:sw_sync_device:s0 tclass=chr_file permissive=0
2026-04-10 18:59:51.827   365-434   chatty                  surfaceflinger                       I  uid=1000(system) HwBinder:365_1 identical 3 lines
2026-04-10 18:59:51.848   397-397   gle.vp8.encoder         media.codec                          W  type=1400 audit(0.0:279922): avc: denied { getattr } for path="/dev/sw_sync" dev="tmpfs" ino=266 scontext=u:r:mediacodec:s0 tcontext=u:object_r:sw_sync_device:s0 tclass=chr_file permissive=0
2026-04-10 18:59:51.861   356-356   NxpExtns                vendor.nxp.nxpnfc@1.0-service        D  find found NXP_SYS_CLK_SRC_SEL=(0x2)
2026-04-10 18:59:51.861   356-356   NxpExtns                vendor.nxp.nxpnfc@1.0-service        D  find found NXP_SYS_CLK_FREQ_SEL=(0x4)
2026-04-10 18:59:51.861   356-356   NxpExtns                vendor.nxp.nxpnfc@1.0-service        D  find found NXP_SYS_CLOCK_TO_CFG=(0x1)
2026-04-10 18:59:51.921   365-434   chatty                  surfaceflinger                       I  uid=1000(system) HwBinder:365_1 identical 2 lines
2026-04-10 18:59:51.948   397-397   gle.vp8.encoder         media.codec                          W  type=1400 audit(0.0:279923): avc: denied { getattr } for path="/dev/sw_sync" dev="tmpfs" ino=266 scontext=u:r:mediacodec:s0 tcontext=u:object_r:sw_sync_device:s0 tclass=chr_file permissive=0
2026-04-10 18:59:52.014   365-434   chatty                  surfaceflinger                       I  uid=1000(system) HwBinder:365_1 identical 2 lines
2026-04-10 18:59:52.041   356-356   NxpExtns                vendor.nxp.nxpnfc@1.0-service        D  find found NXP_FW_NAME=libpn553_fw.so
2026-04-10 18:59:52.046 10768-11703 [PTT-DIAG]              com.reedersystems.commandcomms       W  Socket connect error: io.socket.engineio.client.EngineIOException: websocket error
2026-04-10 18:59:52.046 10768-11703 [APP-STARTUP]           com.reedersystems.commandcomms       E  SIGNALING_AUTH_FAILED reason=connect_error io.socket.engineio.client.EngineIOException: websocket error
2026-04-10 18:59:52.048   397-397   gle.vp8.encoder         media.codec                          W  type=1400 audit(0.0:279924): avc: denied { getattr } for path="/dev/sw_sync" dev="tmpfs" ino=266 scontext=u:r:mediacodec:s0 tcontext=u:object_r:sw_sync_device:s0 tclass=chr_file permissive=0
2026-04-10 18:59:52.152   397-397   gle.vp8.encoder         media.codec                          W  type=1400 audit(0.0:279925): avc: denied { getattr } for path="/dev/sw_sync" dev="tmpfs" ino=266 scontext=u:r:mediacodec:s0 tcontext=u:object_r:sw_sync_device:s0 tclass=chr_file permissive=0
2026-04-10 18:59:52.252   397-397   gle.vp8.encoder         media.codec                          W  type=1400 audit(0.0:279926): avc: denied { getattr } for path="/dev/sw_sync" dev="tmpfs" ino=266 scontext=u:r:mediacodec:s0 tcontext=u:object_r:sw_sync_device:s0 tclass=chr_file permissive=0
2026-04-10 18:59:52.352   397-397   gle.vp8.encoder         media.codec                          W  type=1400 audit(0.0:279927): avc: denied { getattr } for path="/dev/sw_sync" dev="tmpfs" ino=266 scontext=u:r:mediacodec:s0 tcontext=u:object_r:sw_sync_device:s0 tclass=chr_file permissive=0
2026-04-10 18:59:52.411   365-434   chatty                  surfaceflinger                       I  uid=1000(system) HwBinder:365_1 identical 1 line
2026-04-10 18:59:52.452   397-397   gle.vp8.encoder         media.codec                          W  type=1400 audit(0.0:279928): avc: denied { getattr } for path="/dev/sw_sync" dev="tmpfs" ino=266 scontext=u:r:mediacodec:s0 tcontext=u:object_r:sw_sync_device:s0 tclass=chr_file permissive=0
2026-04-10 18:59:52.527   365-434   chatty                  surfaceflinger                       I  uid=1000(system) HwBinder:365_1 identical 3 lines
2026-04-10 18:59:52.552   397-397   gle.vp8.encoder         media.codec                          W  type=1400 audit(0.0:279929): avc: denied { getattr } for path="/dev/sw_sync" dev="tmpfs" ino=266 scontext=u:r:mediacodec:s0 tcontext=u:object_r:sw_sync_device:s0 tclass=chr_file permissive=0
2026-04-10 18:59:52.652   397-397   gle.vp8.encoder         media.codec                          W  type=1400 audit(0.0:279930): avc: denied { getattr } for path="/dev/sw_sync" dev="tmpfs" ino=266 scontext=u:r:mediacodec:s0 tcontext=u:object_r:sw_sync_device:s0 tclass=chr_file permissive=0
2026-04-10 18:59:52.700   354-373   powerd                  merged_hal_service                   I  [powerd_req] POWER_MSG_QUERY_INFO: cmd:6, param:0
2026-04-10 18:59:52.734   365-853   BufferQueueProducer     surfaceflinger                       I  [StatusBar#0](this:0xaf6db000,id:4,api:1,p:967,c:365) queueBuffer: fps=1.00 dur=1001.55 max=1001.55 min=1001.55
2026-04-10 18:59:52.748   352-11764 hwcomposer              and...graphics.composer@2.1-service  W  [JOB] (2) copyvds is ture but vir buffer format is not HAL_PIXEL_FORMAT_YV12  
2026-04-10 18:59:52.748   397-397   gle.vp8.encoder         media.codec                          W  type=1400 audit(0.0:279931): avc: denied { getattr } for path="/dev/sw_sync" dev="tmpfs" ino=266 scontext=u:r:mediacodec:s0 tcontext=u:object_r:sw_sync_device:s0 tclass=chr_file permissive=0
2026-04-10 18:59:52.818   737-928   WifiStateMachine        system_server                        D   MtkL2ConnectedState { when=-2ms what=131155 arg1=145 target=com.android.internal.util.StateMachine$SmHandler } 145 0, mShouldDeferDisableWifi = false, mState = MONITORING
2026-04-10 18:59:52.848   397-397   gle.vp8.encoder         media.codec                          W  type=1400 audit(0.0:279932): avc: denied { getattr } for path="/dev/sw_sync" dev="tmpfs" ino=266 scontext=u:r:mediacodec:s0 tcontext=u:object_r:sw_sync_device:s0 tclass=chr_file permissive=0
2026-04-10 18:59:52.877   365-434   chatty                  surfaceflinger                       I  uid=1000(system) HwBinder:365_1 identical 1 line
2026-04-10 18:59:52.904   356-356   NxpExtns                vendor.nxp.nxpnfc@1.0-service        D  find found NXP_SYS_CLK_SRC_SEL=(0x2)
2026-04-10 18:59:52.904   356-356   NxpExtns                vendor.nxp.nxpnfc@1.0-service        D  find found NXP_SYS_CLK_FREQ_SEL=(0x4)
2026-04-10 18:59:52.904   356-356   NxpExtns                vendor.nxp.nxpnfc@1.0-service        D  find found NXP_SYS_CLOCK_TO_CFG=(0x1)
2026-04-10 18:59:52.948   397-397   gle.vp8.encoder         media.codec                          W  type=1400 audit(0.0:279933): avc: denied { getattr } for path="/dev/sw_sync" dev="tmpfs" ino=266 scontext=u:r:mediacodec:s0 tcontext=u:object_r:sw_sync_device:s0 tclass=chr_file permissive=0
2026-04-10 18:59:53.018   365-434   chatty                  surfaceflinger                       I  uid=1000(system) HwBinder:365_1 identical 2 lines
2026-04-10 18:59:53.048   397-397   gle.vp8.encoder         media.codec                          W  type=1400 audit(0.0:279934): avc: denied { getattr } for path="/dev/sw_sync" dev="tmpfs" ino=266 scontext=u:r:mediacodec:s0 tcontext=u:object_r:sw_sync_device:s0 tclass=chr_file permissive=0
2026-04-10 18:59:53.084   356-356   NxpExtns                vendor.nxp.nxpnfc@1.0-service        D  find found NXP_FW_NAME=libpn553_fw.so
2026-04-10 18:59:53.148   397-397   gle.vp8.encoder         media.codec                          W  type=1400 audit(0.0:279935): avc: denied { getattr } for path="/dev/sw_sync" dev="tmpfs" ino=266 scontext=u:r:mediacodec:s0 tcontext=u:object_r:sw_sync_device:s0 tclass=chr_file permissive=0
2026-04-10 18:59:53.248   397-397   gle.vp8.encoder         media.codec                          W  type=1400 audit(0.0:279936): avc: denied { getattr } for path="/dev/sw_sync" dev="tmpfs" ino=266 scontext=u:r:mediacodec:s0 tcontext=u:object_r:sw_sync_device:s0 tclass=chr_file permissive=0
2026-04-10 18:59:53.348   397-397   gle.vp8.encoder         media.codec                          W  type=1400 audit(0.0:279937): avc: denied { getattr } for path="/dev/sw_sync" dev="tmpfs" ino=266 scontext=u:r:mediacodec:s0 tcontext=u:object_r:sw_sync_device:s0 tclass=chr_file permissive=0
2026-04-10 18:59:53.452   397-397   gle.vp8.encoder         media.codec                          W  type=1400 audit(0.0:279938): avc: denied { getattr } for path="/dev/sw_sync" dev="tmpfs" ino=266 scontext=u:r:mediacodec:s0 tcontext=u:object_r:sw_sync_device:s0 tclass=chr_file permissive=0
2026-04-10 18:59:53.507  1482-11663 ADB_SERVICES            adbd                                 I  post waitpid (pid=11662) status=0001
2026-04-10 18:59:53.531   365-434   chatty                  surfaceflinger                       I  uid=1000(system) HwBinder:365_1 identical 1 line
2026-04-10 18:59:53.552   397-397   gle.vp8.encoder         media.codec                          W  type=1400 audit(0.0:279939): avc: denied { getattr } for path="/dev/sw_sync" dev="tmpfs" ino=266 scontext=u:r:mediacodec:s0 tcontext=u:object_r:sw_sync_device:s0 tclass=chr_file permissive=0
2026-04-10 18:59:53.652   397-397   gle.vp8.encoder         media.codec                          W  type=1400 audit(0.0:279940): avc: denied { getattr } for path="/dev/sw_sync" dev="tmpfs" ino=266 scontext=u:r:mediacodec:s0 tcontext=u:object_r:sw_sync_device:s0 tclass=chr_file permissive=0
2026-04-10 18:59:53.752   397-397   gle.vp8.encoder         media.codec                          W  type=1400 audit(0.0:279941): avc: denied { getattr } for path="/dev/sw_sync" dev="tmpfs" ino=266 scontext=u:r:mediacodec:s0 tcontext=u:object_r:sw_sync_device:s0 tclass=chr_file permissive=0
2026-04-10 18:59:53.787   365-434   chatty                  surfaceflinger                       I  uid=1000(system) HwBinder:365_1 identical 1 line
2026-04-10 18:59:53.857   365-434   chatty                  surfaceflinger                       I  uid=1000(system) HwBinder:365_1 identical 1 line
2026-04-10 18:59:53.900   737-4776  tydtech                 system_server                        D  Sending ACTION_BATTERY_CHANGED.  level:100, scale:100, status:2, health:2, present:true, voltage: 4355, temperature: 340, technology: Li-ion, AC powered:false, USB powered:true, Wireless powered:false, icon:17303460, invalid charger:0, maxChargingCurrent:5000000, maxChargingVoltage:500000, chargeCounter:100, chargeCURRENT:0
2026-04-10 18:59:53.900   737-4776  tydtech                 system_server                        I  updateLightsLocked ,  level = 100 , mLowBatteryWarningLevel = 15  mLightflag: false
2026-04-10 18:59:53.902   737-927   WifiController          system_server                        D  DeviceActiveState CMD_BATTERY_CHANGED{ when=0 what=155652 arg1=2 target=com.android.internal.util.StateMachine$SmHandler }
2026-04-10 18:59:53.902   737-927   WifiController          system_server                        D  StaEnabledState CMD_BATTERY_CHANGED{ when=0 what=155652 arg1=2 target=com.android.internal.util.StateMachine$SmHandler }
2026-04-10 18:59:53.902   737-927   WifiController          system_server                        D  DefaultState CMD_BATTERY_CHANGED{ when=-1ms what=155652 arg1=2 target=com.android.internal.util.StateMachine$SmHandler }
2026-04-10 18:59:53.902   737-927   WifiController          system_server                        D  battery changed pluggedType: 2
2026-04-10 18:59:53.907   967-967   nowtemp                 com.android.systemui                 D  powerUI nowtemp is 340
2026-04-10 18:59:53.907   967-967   nowtemp                 com.android.systemui                 D  powerUI BatteryLevel is 100
2026-04-10 18:59:53.925   365-832   BufferQueueProducer     surfaceflinger                       I  [StatusBar#0](this:0xaf6db000,id:4,api:1,p:967,c:365) queueBuffer: fps=0.84 dur=1190.47 max=1190.47 min=1190.47
2026-04-10 18:59:53.932   365-365   DisplayDevice           surfaceflinger                       I  [studio.screen.sharing:0 (type:2)] fps:0.916507,dur:2182.20,max:1182.74,min:999.45
2026-04-10 18:59:53.932   365-365   DisplayDevice           surfaceflinger                       I  [Built-in Screen (type:0)] fps:0.916523,dur:2182.16,max:1182.91,min:999.25
2026-04-10 18:59:53.933   352-11764 hwcomposer              and...graphics.composer@2.1-service  W  [JOB] (2) copyvds is ture but vir buffer format is not HAL_PIXEL_FORMAT_YV12  
2026-04-10 18:59:53.935   397-1015  BufferQueueProducer     media.codec                          I  [GraphicBufferSource](this:0xab26d000,id:453,api:1,p:397,c:397) queueBuffer: fps=0.92 dur=2184.14 max=1185.32 min=998.83
2026-04-10 18:59:53.932   397-397   gle.vp8.encoder         media.codec                          W  type=1400 audit(0.0:279942): avc: denied { getattr } for path="/dev/sw_sync" dev="tmpfs" ino=266 scontext=u:r:mediacodec:s0 tcontext=u:object_r:sw_sync_device:s0 tclass=chr_file permissive=0
2026-04-10 18:59:53.938   356-356   NxpExtns                vendor.nxp.nxpnfc@1.0-service        D  find found NXP_SYS_CLK_SRC_SEL=(0x2)
2026-04-10 18:59:53.938   356-356   NxpExtns                vendor.nxp.nxpnfc@1.0-service        D  find found NXP_SYS_CLK_FREQ_SEL=(0x4)
2026-04-10 18:59:53.938   356-356   NxpExtns                vendor.nxp.nxpnfc@1.0-service        D  find found NXP_SYS_CLOCK_TO_CFG=(0x1)
2026-04-10 18:59:53.948   352-11764 hwcomposer              and...graphics.composer@2.1-service  W  [JOB] (2) copyvds is ture but vir buffer format is not HAL_PIXEL_FORMAT_YV12  
2026-04-10 18:59:53.952   397-397   gle.vp8.encoder         media.codec                          W  type=1400 audit(0.0:279943): avc: denied { getattr } for path="/dev/sw_sync" dev="tmpfs" ino=266 scontext=u:r:mediacodec:s0 tcontext=u:object_r:sw_sync_device:s0 tclass=chr_file permissive=0
2026-04-10 18:59:54.021   365-434   chatty                  surfaceflinger                       I  uid=1000(system) HwBinder:365_1 identical 2 lines
2026-04-10 18:59:54.048   397-397   gle.vp8.encoder         media.codec                          W  type=1400 audit(0.0:279944): avc: denied { getattr } for path="/dev/sw_sync" dev="tmpfs" ino=266 scontext=u:r:mediacodec:s0 tcontext=u:object_r:sw_sync_device:s0 tclass=chr_file permissive=0
2026-04-10 18:59:54.091   365-434   chatty                  surfaceflinger                       I  uid=1000(system) HwBinder:365_1 identical 1 line
2026-04-10 18:59:54.118   356-356   NxpExtns                vendor.nxp.nxpnfc@1.0-service        D  find found NXP_FW_NAME=libpn553_fw.so
2026-04-10 18:59:54.148   397-397   gle.vp8.encoder         media.codec                          W  type=1400 audit(0.0:279945): avc: denied { getattr } for path="/dev/sw_sync" dev="tmpfs" ino=266 scontext=u:r:mediacodec:s0 tcontext=u:object_r:sw_sync_device:s0 tclass=chr_file permissive=0
2026-04-10 18:59:54.248   397-397   gle.vp8.encoder         media.codec                          W  type=1400 audit(0.0:279946): avc: denied { getattr } for path="/dev/sw_sync" dev="tmpfs" ino=266 scontext=u:r:mediacodec:s0 tcontext=u:object_r:sw_sync_device:s0 tclass=chr_file permissive=0
2026-04-10 18:59:54.348   397-397   gle.vp8.encoder         media.codec                          W  type=1400 audit(0.0:279947): avc: denied { getattr } for path="/dev/sw_sync" dev="tmpfs" ino=266 scontext=u:r:mediacodec:s0 tcontext=u:object_r:sw_sync_device:s0 tclass=chr_file permissive=0
2026-04-10 18:59:54.364   332-11850 AudioALSAStreamOut      and...re.audio@2.0-service-mediatek  D  standby(), flag 6
2026-04-10 18:59:54.364   332-11850 AudioALSAStreamOut      and...re.audio@2.0-service-mediatek  D  standbyStreamOut(), flag 6
2026-04-10 18:59:54.364   332-11850 AudioALSAStreamOut      and...re.audio@2.0-service-mediatek  D  close(), flags 6, mMixerOutInUse 0
2026-04-10 18:59:54.364   332-11850 AudioALSAP...dlerNormal and...re.audio@2.0-service-mediatek  D  +close(), flag 6, mDevice = 0x2
2026-04-10 18:59:54.364   332-11850 AudioVoiceUIDL          and...re.audio@2.0-service-mediatek  D  [SetInputStandBy] ReadRefFromRing to exit? (0) 
2026-04-10 18:59:54.364   332-11850 AudioALSAH...rceManager and...re.audio@2.0-service-mediatek  D  +stopOutputDevice(), mOutputDevices = 0x2, mStartOutputDevicesCount = 1
2026-04-10 18:59:54.364   332-11850 AudioALSAD...figManager and...re.audio@2.0-service-mediatek  D  ApplyDeviceTurnoffSequenceByName(), DeviceName = ext_speaker_output descriptor->DeviceStatusCounter = 1
2026-04-10 18:59:54.365   332-11850 AudioALSAD...figManager and...re.audio@2.0-service-mediatek  D  ApplyDeviceTurnoffSequenceByName(), DeviceName = speaker_output descriptor->DeviceStatusCounter = 1
2026-04-10 18:59:54.365   332-11850 AudioALSADriverUtility  and...re.audio@2.0-service-mediatek  D  GetPropertyValue key = af.resouce.extdac_support value = 0
2026-04-10 18:59:54.365   332-11850 AudioALSAP...andlerBase and...re.audio@2.0-service-mediatek  D  closePcmDriver(), mPcm = 0xb5d28ee0
2026-04-10 18:59:54.366   332-11850 AudioALSADriverUtility  and...re.audio@2.0-service-mediatek  D  GetPropertyValue key = af.resouce.extdac_support value = 0
2026-04-10 18:59:54.366   332-11850 AudioALSAP...dlerNormal and...re.audio@2.0-service-mediatek  D  SetLowJitterMode(), bypass low jitter mode, bEnable = 0, device = 0x2, SampleRate = 48000
2026-04-10 18:59:54.366   332-11850 MtkAudioBitConverter    and...re.audio@2.0-service-mediatek  D  +close()
2026-04-10 18:59:54.366   332-11850 AudioALSAP...andlerBase and...re.audio@2.0-service-mediatek  D  DeinitDataPending
2026-04-10 18:59:54.366   332-11850 AudioALSAP...dlerNormal and...re.audio@2.0-service-mediatek  D  -close()
2026-04-10 18:59:54.366   332-11850 AudioALSAStreamManager  and...re.audio@2.0-service-mediatek  D  -destroyPlaybackHandler(), mode = 3, pPlaybackHandler = 0xb4712300, mPlaybackHandlerVector.size() = 0
2026-04-10 18:59:54.366   332-11850 AudioALSAStreamOut      and...re.audio@2.0-service-mediatek  D  setMuteForRouting(), mute 0, flags 6
2026-04-10 18:59:54.366   332-11850 AudioUtility            and...re.audio@2.0-service-mediatek  D  power_hal_hint - custPowerHint 0, data 0
2026-04-10 18:59:54.366   354-565   vendor.med...r@1.1-impl merged_hal_service                   I  mtkCusPowerHint hint:0, data:0
2026-04-10 18:59:54.367   354-373   powerd                  merged_hal_service                   I  [powerd_req] POWER_MSG_MTK_CUS_HINT: hint:0, hdl:36, data:0
2026-04-10 18:59:54.452   397-397   gle.vp8.encoder         media.codec                          W  type=1400 audit(0.0:279948): avc: denied { getattr } for path="/dev/sw_sync" dev="tmpfs" ino=266 scontext=u:r:mediacodec:s0 tcontext=u:object_r:sw_sync_device:s0 tclass=chr_file permissive=0
2026-04-10 18:59:54.487   365-434   chatty                  surfaceflinger                       I  uid=1000(system) HwBinder:365_1 identical 1 line
2026-04-10 18:59:54.552   397-397   gle.vp8.encoder         media.codec                          W  type=1400 audit(0.0:279949): avc: denied { getattr } for path="/dev/sw_sync" dev="tmpfs" ino=266 scontext=u:r:mediacodec:s0 tcontext=u:object_r:sw_sync_device:s0 tclass=chr_file permissive=0
2026-04-10 18:59:54.584   365-434   chatty                  surfaceflinger                       I  uid=1000(system) HwBinder:365_1 identical 1 line
2026-04-10 18:59:54.652   397-397   gle.vp8.encoder         media.codec                          W  type=1400 audit(0.0:279950): avc: denied { getattr } for path="/dev/sw_sync" dev="tmpfs" ino=266 scontext=u:r:mediacodec:s0 tcontext=u:object_r:sw_sync_device:s0 tclass=chr_file permissive=0
2026-04-10 18:59:54.709   354-373   powerd                  merged_hal_service                   I  [powerd_req] POWER_MSG_QUERY_INFO: cmd:6, param:0
2026-04-10 18:59:54.735 10768-11204 [UdpTransport]          com.reedersystems.commandcomms       D  {"event":"UDP_KEEPALIVE_SENT","dest":"comms.reeder-systems.com:5100","fast":false,"intervalMs":8000}
2026-04-10 18:59:54.749   352-11764 hwcomposer              and...graphics.composer@2.1-service  W  [JOB] (2) copyvds is ture but vir buffer format is not HAL_PIXEL_FORMAT_YV12  
2026-04-10 18:59:54.748   397-397   gle.vp8.encoder         media.codec                          W  type=1400 audit(0.0:279951): avc: denied { getattr } for path="/dev/sw_sync" dev="tmpfs" ino=266 scontext=u:r:mediacodec:s0 tcontext=u:object_r:sw_sync_device:s0 tclass=chr_file permissive=0
2026-04-10 18:59:54.848   397-397   gle.vp8.encoder         media.codec                          W  type=1400 audit(0.0:279952): avc: denied { getattr } for path="/dev/sw_sync" dev="tmpfs" ino=266 scontext=u:r:mediacodec:s0 tcontext=u:object_r:sw_sync_device:s0 tclass=chr_file permissive=0
2026-04-10 18:59:54.882   737-916   zhouzhe                 system_server                        D  keyCode111 = 230
2026-04-10 18:59:54.883   737-916   tyd                     system_server                        D  sendBroadcast: android.intent.action.PTT.down
2026-04-10 18:59:54.884   737-916   ContextImpl             system_server                        W  Calling a method in the system process without a qualified user: android.app.ContextImpl.sendBroadcast:967 com.android.server.policy.PhoneWindowManager.sendBC:6496 com.android.server.policy.PhoneWindowManager.interceptKeyBeforeQueueing:6843 com.freeme.server.policy.FreemePhoneWindowManager.interceptKeyBeforeQueueing:301 com.android.server.wm.InputMonitor.interceptKeyBeforeQueueing:449 
2026-04-10 18:59:54.885   737-916   ActivityManager         system_server                        E  Sending non-protected broadcast android.intent.action.PTT.down from system 737:system/1000 pkg android (Explain with AI)
                                                                                                    java.lang.Throwable
                                                                                                    	at com.android.server.am.ActivityManagerService.checkBroadcastFromSystem(ActivityManagerService.java:19307)
                                                                                                    	at com.android.server.am.ActivityManagerService.broadcastIntentLocked(ActivityManagerService.java:19827)
                                                                                                    	at com.android.server.am.ActivityManagerService.broadcastIntent(ActivityManagerService.java:20062)
                                                                                                    	at android.app.ContextImpl.sendBroadcast(ContextImpl.java:971)
                                                                                                    	at com.android.server.policy.PhoneWindowManager.sendBC(PhoneWindowManager.java:6496)
                                                                                                    	at com.android.server.policy.PhoneWindowManager.interceptKeyBeforeQueueing(PhoneWindowManager.java:6843)
                                                                                                    	at com.freeme.server.policy.FreemePhoneWindowManager.interceptKeyBeforeQueueing(FreemePhoneWindowManager.java:301)
                                                                                                    	at com.android.server.wm.InputMonitor.interceptKeyBeforeQueueing(InputMonitor.java:449)
                                                                                                    	at com.android.server.input.InputManagerService.interceptKeyBeforeQueueing(InputManagerService.java:1975)
2026-04-10 18:59:54.887   737-916   ActivityManager         system_server                        E  Sending non-protected broadcast android.intent.action.PTT.down from system 737:system/1000 pkg android (Explain with AI)
                                                                                                    java.lang.Throwable
                                                                                                    	at com.android.server.am.ActivityManagerService.checkBroadcastFromSystem(ActivityManagerService.java:19307)
                                                                                                    	at com.android.server.am.ActivityManagerService.broadcastIntentLocked(ActivityManagerService.java:19920)
                                                                                                    	at com.android.server.am.ActivityManagerService.broadcastIntent(ActivityManagerService.java:20062)
                                                                                                    	at android.app.ContextImpl.sendBroadcast(ContextImpl.java:971)
                                                                                                    	at com.android.server.policy.PhoneWindowManager.sendBC(PhoneWindowManager.java:6496)
                                                                                                    	at com.android.server.policy.PhoneWindowManager.interceptKeyBeforeQueueing(PhoneWindowManager.java:6843)
                                                                                                    	at com.freeme.server.policy.FreemePhoneWindowManager.interceptKeyBeforeQueueing(FreemePhoneWindowManager.java:301)
                                                                                                    	at com.android.server.wm.InputMonitor.interceptKeyBeforeQueueing(InputMonitor.java:449)
                                                                                                    	at com.android.server.input.InputManagerService.interceptKeyBeforeQueueing(InputManagerService.java:1975)
2026-04-10 18:59:54.890 10768-10768 [PTT-DIAG]              com.reedersystems.commandcomms       D  PttHardwareReceiver.onReceive action=android.intent.action.PTT.down extras=null source=broadcast
2026-04-10 18:59:54.891 10768-10768 [PTT-DIAG]              com.reedersystems.commandcomms       D  PttHardwareReceiver: mapped action=android.intent.action.PTT.down -> svcAction=com.reedersystems.commandcomms.SVC_PTT_DOWN
2026-04-10 18:59:54.891   737-915   zhouzhe                 system_server                        D  keyCode222 = 230
2026-04-10 18:59:54.893 10768-10768 [PTT-DIAG]              com.reedersystems.commandcomms       D  PttHardwareReceiver: WakeLock acquired (auto-releases in 5000ms)
2026-04-10 18:59:54.898 10768-10768 [PTT-DIAG]              com.reedersystems.commandcomms       D  MainActivity PTT DOWN source=MainActivity code=230 action=DOWN repeat=0 ts=1775861994898
2026-04-10 18:59:54.898 10768-10768 [PTT-DIAG]              com.reedersystems.commandcomms       D  MainActivity PTT DOWN — forwarding to BackgroundAudioService (signaling=true)
2026-04-10 18:59:54.901 10768-10768 [PTT-DIAG]              com.reedersystems.commandcomms       D  {"event":"RADIO_PTT_DOWN","pttState":"IDLE","signaling":true,"channelKey":"TESTING__TESTING 1","channelId":"535"}
2026-04-10 18:59:54.902 10768-10768 [PTT-DIAG]              com.reedersystems.commandcomms       W  {"event":"RADIO_PTT_DOWN_CHANNEL_BUSY","transmittingUnit":"null","radioState":"RECEIVING"}
2026-04-10 18:59:54.902 10768-10768 [ToneEvent]             com.reedersystems.commandcomms       D  {"tone":"denied","trigger":"channel_busy","transmittingUnit":"null","radioState":"RECEIVING","state":"IDLE","ts":1775861994902}
2026-04-10 18:59:54.912   390-11236 DrmMtkUtil/DrmUtil      mediaserver                          E  checkDcf: not dcf type, dcf version value [80]
2026-04-10 18:59:54.913   390-11236 Cta5File                mediaserver                          E  Cta5File::isCta5NormalFile false, bad magic:PK
2026-04-10 18:59:54.913   390-11236 Cta5File                mediaserver                          E  Cta5File::isCta5MultimediaFile false, bad magic:
2026-04-10 18:59:54.913   390-11236 NuPlayerDriver          mediaserver                          D  NuPlayerDriver(0xb18253f0) created, clientPid(10768)
2026-04-10 18:59:54.912   737-845   DuraSpeed/...eedService system_server                        D  [onPlaybackConfigChanged], play music packageNames:[com.reedersystems.commandcomms]
2026-04-10 18:59:54.921   390-11721 GenericSource           mediaserver                          D  FileSource remote
2026-04-10 18:59:54.924   389-6520  MediaExtractor          media.extractor                      D  Autodetected media content as 'audio/mpeg' with confidence 0.20
2026-04-10 18:59:54.927   389-6520  MediaAnalyticsItem      media.extractor                      W  Unable to record: (extractor:0:-1:-11:0:3:android.media.mediaextractor.fmt=MP3Extractor:android.media.mediaextractor.ntrk=1:android.media.mediaextractor.mime=audio/mpeg:) [forcenew=0]
2026-04-10 18:59:54.927   390-11720 NuPlayerDriver          mediaserver                          D  notifyListener_l(0xb18253f0), (1, 0, 0, -1), loop setting(0, 0)
2026-04-10 18:59:54.933   390-11236 NuPlayerDriver          mediaserver                          D  start(0xb18253f0), state is 4, eos is 0
2026-04-10 18:59:54.933   737-4776  MediaRouterService      system_server                        V  restoreBluetoothA2dp(false)
2026-04-10 18:59:54.933 10768-10768 [ToneEngine]            com.reedersystems.commandcomms       D  Denied tone started (looping)
2026-04-10 18:59:54.935   390-11720 GenericSource           mediaserver                          I  start
2026-04-10 18:59:54.936 10768-10768 [PTT-DIAG]              com.reedersystems.commandcomms       D  {"event":"RADIO_PTT_DOWN","pttState":"IDLE","signaling":true,"channelKey":"TESTING__TESTING 1","channelId":"535"}
2026-04-10 18:59:54.936 10768-10768 [PTT-DIAG]              com.reedersystems.commandcomms       W  {"event":"RADIO_PTT_DOWN_CHANNEL_BUSY","transmittingUnit":"null","radioState":"RECEIVING"}
2026-04-10 18:59:54.937 10768-10768 [ToneEvent]             com.reedersystems.commandcomms       D  {"tone":"denied","trigger":"channel_busy","transmittingUnit":"null","radioState":"RECEIVING","state":"IDLE","ts":1775861994936}
2026-04-10 18:59:54.938   390-11236 NuPlayerDriver          mediaserver                          D  stop(0xb18253f0)
2026-04-10 18:59:54.938   390-11236 NuPlayerDriver          mediaserver                          D  notifyListener_l(0xb18253f0), (8, 0, 0, -1), loop setting(0, 1)
2026-04-10 18:59:54.939   737-1163  MediaRouterService      system_server                        V  restoreBluetoothA2dp(false)
2026-04-10 18:59:54.940 10768-10768 MediaPlayer             com.reedersystems.commandcomms       V  resetDrmState:  mDrmInfo=null mDrmProvisioningThread=null mPrepareDrmInProgress=false mActiveDrmScheme=false
2026-04-10 18:59:54.940 10768-10768 MediaPlayer             com.reedersystems.commandcomms       V  cleanDrmObj: mDrmObj=null mDrmSessionId=null
2026-04-10 18:59:54.941   390-11236 NuPlayerDriver          mediaserver                          D  reset(0xb18253f0) at state 8
2026-04-10 18:59:54.941   390-11236 GenericSource           mediaserver                          D  disconnect: mDataSource 0xaf920400 mHttpSource 0x0
2026-04-10 18:59:54.943   737-845   DuraSpeed/...eedService system_server                        D  [onPlaybackConfigChanged], play music packageNames:[com.reedersystems.commandcomms]
2026-04-10 18:59:54.945   390-11720 NuPlayerDriver          mediaserver                          D  notifyResetComplete(0xb18253f0)
2026-04-10 18:59:54.947 10768-10768 [ToneEngine]            com.reedersystems.commandcomms       D  Denied tone stopped
2026-04-10 18:59:54.948   397-397   gle.vp8.encoder         media.codec                          W  type=1400 audit(0.0:279953): avc: denied { getattr } for path="/dev/sw_sync" dev="tmpfs" ino=266 scontext=u:r:mediacodec:s0 tcontext=u:object_r:sw_sync_device:s0 tclass=chr_file permissive=0
2026-04-10 18:59:54.957   390-11236 DrmMtkUtil/DrmUtil      mediaserver                          E  checkDcf: not dcf type, dcf version value [80]
2026-04-10 18:59:54.958   390-11236 Cta5File                mediaserver                          E  Cta5File::isCta5NormalFile false, bad magic:PK
2026-04-10 18:59:54.958   390-11236 Cta5File                mediaserver                          E  Cta5File::isCta5MultimediaFile false, bad magic:
2026-04-10 18:59:54.958   390-11236 NuPlayerDriver          mediaserver                          D  NuPlayerDriver(0xb18253f0) created, clientPid(10768)
2026-04-10 18:59:54.967   390-11725 GenericSource           mediaserver                          D  FileSource remote
2026-04-10 18:59:54.974   389-6520  MediaExtractor          media.extractor                      D  Autodetected media content as 'audio/mpeg' with confidence 0.20
