2026-04-08 22:29:53.571   356-1663  NxpTml                  vendor.nxp.nxpnfc@1.0-service        D  PN54X - Posting Fresh Write message.....
2026-04-08 22:29:53.572   356-1663  NxpTml                  vendor.nxp.nxpnfc@1.0-service        D  PN54X - Tml Writer Thread Running................
2026-04-08 22:29:53.576 13479-13479 AEE_AED                 pid-13479                            D  Skip duplicated exception ! 
2026-04-08 22:29:53.576 13479-13479 AEE_AED                 pid-13479                            D  Exception Class: 11 
2026-04-08 22:29:53.576 13479-13479 AEE_AED                 pid-13479                            D  Last exception time: 1775701793 
                                                                                                     
2026-04-08 22:29:53.582  9017-9017  [PTT-DIAG]              com.reedersystems.commandcomms       D  PttHardwareReceiver.onReceive action=android.intent.action.PTT.down extras=null source=broadcast
2026-04-08 22:29:53.582   356-1663  NxpTml                  vendor.nxp.nxpnfc@1.0-service        D  PN54X - Write requested.....
2026-04-08 22:29:53.582   356-1663  NxpTml                  vendor.nxp.nxpnfc@1.0-service        D  PN54X - Invoking I2C Write.....
2026-04-08 22:29:53.582  9017-9017  [PTT-DIAG]              com.reedersystems.commandcomms       D  PttHardwareReceiver: mapped action=android.intent.action.PTT.down -> svcAction=com.reedersystems.commandcomms.SVC_PTT_DOWN
2026-04-08 22:29:53.584  9017-9017  [PTT-DIAG]              com.reedersystems.commandcomms       D  PttHardwareReceiver: WakeLock acquired (auto-releases in 5000ms)
2026-04-08 22:29:53.587  9017-9017  [PTT-DIAG]              com.reedersystems.commandcomms       D  MainActivity PTT DOWN source=MainActivity code=230 action=DOWN repeat=0 ts=1775701793587
2026-04-08 22:29:53.587  9017-9017  [PTT-DIAG]              com.reedersystems.commandcomms       D  MainActivity PTT DOWN — forwarding to BackgroundAudioService (signaling=true)
2026-04-08 22:29:53.591  9017-9017  [PTT-DIAG]              com.reedersystems.commandcomms       D  handleRadioPttDown pttState=IDLE signaling=true channelKey=TESTING__TESTING 1 channelId=535
2026-04-08 22:29:53.591  9017-9017  [PTT-DIAG]              com.reedersystems.commandcomms       D  RADIO_PTT_DOWN source=service state=IDLE channelKey=TESTING__TESTING 1
2026-04-08 22:29:53.591  9017-9017  [PTT-DIAG]              com.reedersystems.commandcomms       W  RADIO_READY_BLOCKED_REASON reason=signaling_not_authenticated:DISCONNECTED
2026-04-08 22:29:53.592  9017-9017  [PTT-DIAG]              com.reedersystems.commandcomms       D  Sending PTT_TX_FAILED broadcast
2026-04-08 22:29:53.595  9017-9017  [PTT-DIAG]              com.reedersystems.commandcomms       D  handleRadioPttDown pttState=IDLE signaling=true channelKey=TESTING__TESTING 1 channelId=535
2026-04-08 22:29:53.595  9017-9017  [PTT-DIAG]              com.reedersystems.commandcomms       D  RADIO_PTT_DOWN source=service state=IDLE channelKey=TESTING__TESTING 1
2026-04-08 22:29:53.596  9017-9017  [PTT-DIAG]              com.reedersystems.commandcomms       W  RADIO_READY_BLOCKED_REASON reason=signaling_not_authenticated:DISCONNECTED
2026-04-08 22:29:53.596  9017-9017  [PTT-DIAG]              com.reedersystems.commandcomms       D  Sending PTT_TX_FAILED broadcast
2026-04-08 22:29:53.599   381-381   APM::Audio...Descriptor audioserver                          V  changeRefCount() stream 8, count 1
2026-04-08 22:29:53.604   356-1663  NxpTml                  vendor.nxp.nxpnfc@1.0-service        E  _i2c_write() errno : 5
2026-04-08 22:29:53.604   356-1663  NxpTml                  vendor.nxp.nxpnfc@1.0-service        E  PN54X - Error in I2C Write.....
2026-04-08 22:29:53.604   356-1663  NxpTml                  vendor.nxp.nxpnfc@1.0-service        D  PN54X - Posting Fresh Write message.....
2026-04-08 22:29:53.604   356-1663  NxpTml                  vendor.nxp.nxpnfc@1.0-service        D  PN54X - Tml Writer Thread Running................
2026-04-08 22:29:53.606   332-2693  AudioALSAD...figManager and...re.audio@2.0-service-mediatek  D  ApplyDeviceTurnonSequenceByName() DeviceName = speaker_output descriptor->DeviceStatusCounte = 0
2026-04-08 22:29:53.608   332-2693  AudioALSAD...figManager and...re.audio@2.0-service-mediatek  D  ApplyDeviceTurnonSequenceByName() DeviceName = ext_speaker_output descriptor->DeviceStatusCounte = 0
2026-04-08 22:29:53.609  9017-9017  [PTT-DIAG]              com.reedersystems.commandcomms       D  PTT_TX_FAILED received — resetting to IDLE
2026-04-08 22:29:53.611  9017-9017  [PTT-DIAG]              com.reedersystems.commandcomms       D  PTT_TX_FAILED received — resetting to IDLE
2026-04-08 22:29:53.615   356-1663  NxpTml                  vendor.nxp.nxpnfc@1.0-service        D  PN54X - Write requested.....
2026-04-08 22:29:53.615   356-1663  NxpTml                  vendor.nxp.nxpnfc@1.0-service        D  PN54X - Invoking I2C Write.....
2026-04-08 22:29:53.635   356-1663  NxpTml                  vendor.nxp.nxpnfc@1.0-service        E  _i2c_write() errno : 5
2026-04-08 22:29:53.635   356-1663  NxpTml                  vendor.nxp.nxpnfc@1.0-service        E  PN54X - Error in I2C Write.....
2026-04-08 22:29:53.635   356-1663  NxpTml                  vendor.nxp.nxpnfc@1.0-service        D  PN54X - Posting Fresh Write message.....
2026-04-08 22:29:53.635   356-1663  NxpTml                  vendor.nxp.nxpnfc@1.0-service        D  PN54X - Tml Writer Thread Running................
2026-04-08 22:29:53.645   356-1663  NxpTml                  vendor.nxp.nxpnfc@1.0-service        D  PN54X - Write requested.....
2026-04-08 22:29:53.645   356-1663  NxpTml                  vendor.nxp.nxpnfc@1.0-service        D  PN54X - Invoking I2C Write.....
2026-04-08 22:29:53.665   356-1663  NxpTml                  vendor.nxp.nxpnfc@1.0-service        E  _i2c_write() errno : 5
2026-04-08 22:29:53.665   356-1663  NxpTml                  vendor.nxp.nxpnfc@1.0-service        E  PN54X - Error in I2C Write.....
2026-04-08 22:29:53.665   356-1663  NxpTml                  vendor.nxp.nxpnfc@1.0-service        D  PN54X - Posting Fresh Write message.....
2026-04-08 22:29:53.665   356-1663  NxpTml                  vendor.nxp.nxpnfc@1.0-service        D  PN54X - Tml Writer Thread Running................
2026-04-08 22:29:53.676   356-1663  NxpTml                  vendor.nxp.nxpnfc@1.0-service        D  PN54X - Write requested.....
2026-04-08 22:29:53.676   356-1663  NxpTml                  vendor.nxp.nxpnfc@1.0-service        D  PN54X - Invoking I2C Write.....
2026-04-08 22:29:53.682   737-916   tyd                     system_server                        D  sendBroadcast: android.intent.action.PTT.up
2026-04-08 22:29:53.682   737-916   ContextImpl             system_server                        W  Calling a method in the system process without a qualified user: android.app.ContextImpl.sendBroadcast:967 com.android.server.policy.PhoneWindowManager.sendBC:6496 com.android.server.policy.PhoneWindowManager.interceptKeyBeforeQueueing:6852 com.freeme.server.policy.FreemePhoneWindowManager.interceptKeyBeforeQueueing:301 com.android.server.wm.InputMonitor.interceptKeyBeforeQueueing:449 
2026-04-08 22:29:53.684   737-916   ActivityManager         system_server                        E  Sending non-protected broadcast android.intent.action.PTT.up from system 737:system/1000 pkg android (Explain with AI)
                                                                                                    java.lang.Throwable
                                                                                                    	at com.android.server.am.ActivityManagerService.checkBroadcastFromSystem(ActivityManagerService.java:19307)
                                                                                                    	at com.android.server.am.ActivityManagerService.broadcastIntentLocked(ActivityManagerService.java:19827)
                                                                                                    	at com.android.server.am.ActivityManagerService.broadcastIntent(ActivityManagerService.java:20062)
                                                                                                    	at android.app.ContextImpl.sendBroadcast(ContextImpl.java:971)
                                                                                                    	at com.android.server.policy.PhoneWindowManager.sendBC(PhoneWindowManager.java:6496)
                                                                                                    	at com.android.server.policy.PhoneWindowManager.interceptKeyBeforeQueueing(PhoneWindowManager.java:6852)
                                                                                                    	at com.freeme.server.policy.FreemePhoneWindowManager.interceptKeyBeforeQueueing(FreemePhoneWindowManager.java:301)
                                                                                                    	at com.android.server.wm.InputMonitor.interceptKeyBeforeQueueing(InputMonitor.java:449)
                                                                                                    	at com.android.server.input.InputManagerService.interceptKeyBeforeQueueing(InputManagerService.java:1975)
2026-04-08 22:29:53.689   737-916   AES                     system_server                        W  Exception Log handling...
2026-04-08 22:29:53.693   737-916   AES                     system_server                        D  ExceptionLog: notify aed (process:system_server pid:737 cause:system_server_wtf )
2026-04-08 22:29:53.695   356-1663  NxpTml                  vendor.nxp.nxpnfc@1.0-service        E  _i2c_write() errno : 5
2026-04-08 22:29:53.695   356-1663  NxpTml                  vendor.nxp.nxpnfc@1.0-service        E  PN54X - Error in I2C Write.....
2026-04-08 22:29:53.695   356-1663  NxpTml                  vendor.nxp.nxpnfc@1.0-service        D  PN54X - Posting Fresh Write message.....
2026-04-08 22:29:53.695   356-1663  NxpTml                  vendor.nxp.nxpnfc@1.0-service        D  PN54X - Tml Writer Thread Running................
2026-04-08 22:29:53.702 13480-13480 AEE_AED                 pid-13480                            D  Skip duplicated exception ! 
2026-04-08 22:29:53.702 13480-13480 AEE_AED                 pid-13480                            D  Exception Class: 11 
2026-04-08 22:29:53.702 13480-13480 AEE_AED                 pid-13480                            D  Last exception time: 1775701793 
                                                                                                     
2026-04-08 22:29:53.703   737-916   ActivityManager         system_server                        E  Sending non-protected broadcast android.intent.action.PTT.up from system 737:system/1000 pkg android (Explain with AI)
                                                                                                    java.lang.Throwable
                                                                                                    	at com.android.server.am.ActivityManagerService.checkBroadcastFromSystem(ActivityManagerService.java:19307)
                                                                                                    	at com.android.server.am.ActivityManagerService.broadcastIntentLocked(ActivityManagerService.java:19920)
                                                                                                    	at com.android.server.am.ActivityManagerService.broadcastIntent(ActivityManagerService.java:20062)
                                                                                                    	at android.app.ContextImpl.sendBroadcast(ContextImpl.java:971)
                                                                                                    	at com.android.server.policy.PhoneWindowManager.sendBC(PhoneWindowManager.java:6496)
                                                                                                    	at com.android.server.policy.PhoneWindowManager.interceptKeyBeforeQueueing(PhoneWindowManager.java:6852)
                                                                                                    	at com.freeme.server.policy.FreemePhoneWindowManager.interceptKeyBeforeQueueing(FreemePhoneWindowManager.java:301)
                                                                                                    	at com.android.server.wm.InputMonitor.interceptKeyBeforeQueueing(InputMonitor.java:449)
                                                                                                    	at com.android.server.input.InputManagerService.interceptKeyBeforeQueueing(InputManagerService.java:1975)
2026-04-08 22:29:53.706   356-1663  NxpTml                  vendor.nxp.nxpnfc@1.0-service        D  PN54X - Write requested.....
2026-04-08 22:29:53.706   356-1663  NxpTml                  vendor.nxp.nxpnfc@1.0-service        D  PN54X - Invoking I2C Write.....
2026-04-08 22:29:53.709   737-916   AES                     system_server                        W  Exception Log handling...
2026-04-08 22:29:53.712   737-916   AES                     system_server                        D  ExceptionLog: notify aed (process:system_server pid:737 cause:system_server_wtf )
2026-04-08 22:29:53.720 13481-13481 AEE_AED                 pid-13481                            D  Skip duplicated exception ! 
2026-04-08 22:29:53.720 13481-13481 AEE_AED                 pid-13481                            D  Exception Class: 11 
2026-04-08 22:29:53.720 13481-13481 AEE_AED                 pid-13481                            D  Last exception time: 1775701793 
                                                                                                     
2026-04-08 22:29:53.724  9017-9017  [PTT-DIAG]              com.reedersystems.commandcomms       D  PttHardwareReceiver.onReceive action=android.intent.action.PTT.up extras=null source=broadcast
2026-04-08 22:29:53.724  9017-9017  [PTT-DIAG]              com.reedersystems.commandcomms       D  PttHardwareReceiver: mapped action=android.intent.action.PTT.up -> svcAction=com.reedersystems.commandcomms.SVC_PTT_UP
2026-04-08 22:29:53.726   356-1663  NxpTml                  vendor.nxp.nxpnfc@1.0-service        E  _i2c_write() errno : 5
2026-04-08 22:29:53.726   356-1663  NxpTml                  vendor.nxp.nxpnfc@1.0-service        E  PN54X - Error in I2C Write.....
2026-04-08 22:29:53.726   356-1663  NxpTml                  vendor.nxp.nxpnfc@1.0-service        D  PN54X - Posting Fresh Write message.....
2026-04-08 22:29:53.726   356-1663  NxpTml                  vendor.nxp.nxpnfc@1.0-service        D  PN54X - Tml Writer Thread Running................
2026-04-08 22:29:53.726  9017-9017  [PTT-DIAG]              com.reedersystems.commandcomms       D  PttHardwareReceiver: WakeLock acquired (auto-releases in 5000ms)
2026-04-08 22:29:53.726   356-356   NxpTml                  vendor.nxp.nxpnfc@1.0-service        D  phTmlNfc_i2c_reset(), VEN level 0
2026-04-08 22:29:53.731  9017-9017  [PTT-DIAG]              com.reedersystems.commandcomms       D  handleRadioPttUp pttState=IDLE channelKey=TESTING__TESTING 1
2026-04-08 22:29:53.731  9017-9017  [PTT-DIAG]              com.reedersystems.commandcomms       D  RADIO_PTT_UP source=service state=IDLE channelKey=TESTING__TESTING 1
2026-04-08 22:29:53.733  9017-9017  [PTT-DIAG]              com.reedersystems.commandcomms       D  MainActivity PTT UP source=MainActivity code=230 action=UP ts=1775701793733
2026-04-08 22:29:53.733  9017-9017  [PTT-DIAG]              com.reedersystems.commandcomms       D  MainActivity PTT UP — forwarding to BackgroundAudioService (signaling=true)
2026-04-08 22:29:53.737  9017-9017  [PTT-DIAG]              com.reedersystems.commandcomms       D  handleRadioPttUp pttState=IDLE channelKey=TESTING__TESTING 1
2026-04-08 22:29:53.738  9017-9017  [PTT-DIAG]              com.reedersystems.commandcomms       D  RADIO_PTT_UP source=service state=IDLE channelKey=TESTING__TESTING 1
2026-04-08 22:29:53.787   356-356   NxpTml                  vendor.nxp.nxpnfc@1.0-service        D  phTmlNfc_i2c_reset(), VEN level 1
2026-04-08 22:29:53.827   737-916   tyd                     system_server                        D  sendBroadcast: android.intent.action.PTT.down
2026-04-08 22:29:53.828   737-916   ContextImpl             system_server                        W  Calling a method in the system process without a qualified user: android.app.ContextImpl.sendBroadcast:967 com.android.server.policy.PhoneWindowManager.sendBC:6496 com.android.server.policy.PhoneWindowManager.interceptKeyBeforeQueueing:6843 com.freeme.server.policy.FreemePhoneWindowManager.interceptKeyBeforeQueueing:301 com.android.server.wm.InputMonitor.interceptKeyBeforeQueueing:449 
2026-04-08 22:29:53.829   737-916   ActivityManager         system_server                        E  Sending non-protected broadcast android.intent.action.PTT.down from system 737:system/1000 pkg android (Explain with AI)
                                                                                                    java.lang.Throwable
                                                                                                    	at com.android.server.am.ActivityManagerService.checkBroadcastFromSystem(ActivityManagerService.java:19307)
                                                                                                    	at com.android.server.am.ActivityManagerService.broadcastIntentLocked(ActivityManagerService.java:19827)
                                                                                                    	at com.android.server.am.ActivityManagerService.broadcastIntent(ActivityManagerService.java:20062)
                                                                                                    	at android.app.ContextImpl.sendBroadcast(ContextImpl.java:971)
                                                                                                    	at com.android.server.policy.PhoneWindowManager.sendBC(PhoneWindowManager.java:6496)
                                                                                                    	at com.android.server.policy.PhoneWindowManager.interceptKeyBeforeQueueing(PhoneWindowManager.java:6843)
                                                                                                    	at com.freeme.server.policy.FreemePhoneWindowManager.interceptKeyBeforeQueueing(FreemePhoneWindowManager.java:301)
                                                                                                    	at com.android.server.wm.InputMonitor.interceptKeyBeforeQueueing(InputMonitor.java:449)
                                                                                                    	at com.android.server.input.InputManagerService.interceptKeyBeforeQueueing(InputManagerService.java:1975)
2026-04-08 22:29:53.836   737-916   AES                     system_server                        W  Exception Log handling...
2026-04-08 22:29:53.841   737-916   AES                     system_server                        D  ExceptionLog: notify aed (process:system_server pid:737 cause:system_server_wtf )
2026-04-08 22:29:53.852 13482-13482 AEE_AED                 pid-13482                            D  Skip duplicated exception ! 
2026-04-08 22:29:53.852 13482-13482 AEE_AED                 pid-13482                            D  Exception Class: 11 
2026-04-08 22:29:53.853 13482-13482 AEE_AED                 pid-13482                            D  Last exception time: 1775701793 
                                                                                                     
2026-04-08 22:29:53.855   737-916   ActivityManager         system_server                        E  Sending non-protected broadcast android.intent.action.PTT.down from system 737:system/1000 pkg android (Explain with AI)
                                                                                                    java.lang.Throwable
                                                                                                    	at com.android.server.am.ActivityManagerService.checkBroadcastFromSystem(ActivityManagerService.java:19307)
                                                                                                    	at com.android.server.am.ActivityManagerService.broadcastIntentLocked(ActivityManagerService.java:19920)
                                                                                                    	at com.android.server.am.ActivityManagerService.broadcastIntent(ActivityManagerService.java:20062)
                                                                                                    	at android.app.ContextImpl.sendBroadcast(ContextImpl.java:971)
                                                                                                    	at com.android.server.policy.PhoneWindowManager.sendBC(PhoneWindowManager.java:6496)
                                                                                                    	at com.android.server.policy.PhoneWindowManager.interceptKeyBeforeQueueing(PhoneWindowManager.java:6843)
                                                                                                    	at com.freeme.server.policy.FreemePhoneWindowManager.interceptKeyBeforeQueueing(FreemePhoneWindowManager.java:301)
                                                                                                    	at com.android.server.wm.InputMonitor.interceptKeyBeforeQueueing(InputMonitor.java:449)
                                                                                                    	at com.android.server.input.InputManagerService.interceptKeyBeforeQueueing(InputManagerService.java:1975)
2026-04-08 22:29:53.863  9017-9017  [PTT-DIAG]              com.reedersystems.commandcomms       D  MainActivity PTT DOWN source=MainActivity code=230 action=DOWN repeat=0 ts=1775701793862
2026-04-08 22:29:53.863  9017-9017  [PTT-DIAG]              com.reedersystems.commandcomms       D  MainActivity PTT DOWN — forwarding to BackgroundAudioService (signaling=true)
2026-04-08 22:29:53.866  9017-9017  [PTT-DIAG]              com.reedersystems.commandcomms       D  PttHardwareReceiver.onReceive action=android.intent.action.PTT.down extras=null source=broadcast
2026-04-08 22:29:53.867  9017-9017  [PTT-DIAG]              com.reedersystems.commandcomms       D  PttHardwareReceiver: mapped action=android.intent.action.PTT.down -> svcAction=com.reedersystems.commandcomms.SVC_PTT_DOWN
2026-04-08 22:29:53.869  9017-9017  [PTT-DIAG]              com.reedersystems.commandcomms       D  PttHardwareReceiver: WakeLock acquired (auto-releases in 5000ms)
2026-04-08 22:29:53.872  9017-9017  [PTT-DIAG]              com.reedersystems.commandcomms       D  handleRadioPttDown pttState=IDLE signaling=true channelKey=TESTING__TESTING 1 channelId=535
2026-04-08 22:29:53.872  9017-9017  [PTT-DIAG]              com.reedersystems.commandcomms       D  RADIO_PTT_DOWN source=service state=IDLE channelKey=TESTING__TESTING 1
2026-04-08 22:29:53.872  9017-9017  [PTT-DIAG]              com.reedersystems.commandcomms       W  RADIO_READY_BLOCKED_REASON reason=signaling_not_authenticated:DISCONNECTED
2026-04-08 22:29:53.873  9017-9017  [PTT-DIAG]              com.reedersystems.commandcomms       D  Sending PTT_TX_FAILED broadcast
2026-04-08 22:29:53.876  9017-9017  [PTT-DIAG]              com.reedersystems.commandcomms       D  handleRadioPttDown pttState=IDLE signaling=true channelKey=TESTING__TESTING 1 channelId=535
2026-04-08 22:29:53.876  9017-9017  [PTT-DIAG]              com.reedersystems.commandcomms       D  RADIO_PTT_DOWN source=service state=IDLE channelKey=TESTING__TESTING 1
2026-04-08 22:29:53.877  9017-9017  [PTT-DIAG]              com.reedersystems.commandcomms       W  RADIO_READY_BLOCKED_REASON reason=signaling_not_authenticated:DISCONNECTED
2026-04-08 22:29:53.878  9017-9017  [PTT-DIAG]              com.reedersystems.commandcomms       D  Sending PTT_TX_FAILED broadcast
2026-04-08 22:29:53.883  9017-9017  [PTT-DIAG]              com.reedersystems.commandcomms       D  PTT_TX_FAILED received — resetting to IDLE
2026-04-08 22:29:53.884  9017-9017  [PTT-DIAG]              com.reedersystems.commandcomms       D  PTT_TX_FAILED received — resetting to IDLE
2026-04-08 22:29:53.901   356-356   NxpTml                  vendor.nxp.nxpnfc@1.0-service        D  phTmlNfc_i2c_reset(), VEN level 2
2026-04-08 22:29:53.951   737-916   tyd                     system_server                        D  sendBroadcast: android.intent.action.PTT.up
2026-04-08 22:29:53.952   737-916   ContextImpl             system_server                        W  Calling a method in the system process without a qualified user: android.app.ContextImpl.sendBroadcast:967 com.android.server.policy.PhoneWindowManager.sendBC:6496 com.android.server.policy.PhoneWindowManager.interceptKeyBeforeQueueing:6852 com.freeme.server.policy.FreemePhoneWindowManager.interceptKeyBeforeQueueing:301 com.android.server.wm.InputMonitor.interceptKeyBeforeQueueing:449 
2026-04-08 22:29:53.953   737-916   ActivityManager         system_server                        E  Sending non-protected broadcast android.intent.action.PTT.up from system 737:system/1000 pkg android (Explain with AI)
                                                                                                    java.lang.Throwable
                                                                                                    	at com.android.server.am.ActivityManagerService.checkBroadcastFromSystem(ActivityManagerService.java:19307)
                                                                                                    	at com.android.server.am.ActivityManagerService.broadcastIntentLocked(ActivityManagerService.java:19827)
                                                                                                    	at com.android.server.am.ActivityManagerService.broadcastIntent(ActivityManagerService.java:20062)
                                                                                                    	at android.app.ContextImpl.sendBroadcast(ContextImpl.java:971)
                                                                                                    	at com.android.server.policy.PhoneWindowManager.sendBC(PhoneWindowManager.java:6496)
                                                                                                    	at com.android.server.policy.PhoneWindowManager.interceptKeyBeforeQueueing(PhoneWindowManager.java:6852)
                                                                                                    	at com.freeme.server.policy.FreemePhoneWindowManager.interceptKeyBeforeQueueing(FreemePhoneWindowManager.java:301)
                                                                                                    	at com.android.server.wm.InputMonitor.interceptKeyBeforeQueueing(InputMonitor.java:449)
                                                                                                    	at com.android.server.input.InputManagerService.interceptKeyBeforeQueueing(InputManagerService.java:1975)
2026-04-08 22:29:53.958   737-916   ActivityManager         system_server                        E  Sending non-protected broadcast android.intent.action.PTT.up from system 737:system/1000 pkg android (Explain with AI)
                                                                                                    java.lang.Throwable
                                                                                                    	at com.android.server.am.ActivityManagerService.checkBroadcastFromSystem(ActivityManagerService.java:19307)
                                                                                                    	at com.android.server.am.ActivityManagerService.broadcastIntentLocked(ActivityManagerService.java:19920)
                                                                                                    	at com.android.server.am.ActivityManagerService.broadcastIntent(ActivityManagerService.java:20062)
                                                                                                    	at android.app.ContextImpl.sendBroadcast(ContextImpl.java:971)
                                                                                                    	at com.android.server.policy.PhoneWindowManager.sendBC(PhoneWindowManager.java:6496)
                                                                                                    	at com.android.server.policy.PhoneWindowManager.interceptKeyBeforeQueueing(PhoneWindowManager.java:6852)
                                                                                                    	at com.freeme.server.policy.FreemePhoneWindowManager.interceptKeyBeforeQueueing(FreemePhoneWindowManager.java:301)
                                                                                                    	at com.android.server.wm.InputMonitor.interceptKeyBeforeQueueing(InputMonitor.java:449)
                                                                                                    	at com.android.server.input.InputManagerService.interceptKeyBeforeQueueing(InputManagerService.java:1975)
2026-04-08 22:29:53.963  9017-9017  [PTT-DIAG]              com.reedersystems.commandcomms       D  PttHardwareReceiver.onReceive action=android.intent.action.PTT.up extras=null source=broadcast
2026-04-08 22:29:53.963  9017-9017  [PTT-DIAG]              com.reedersystems.commandcomms       D  PttHardwareReceiver: mapped action=android.intent.action.PTT.up -> svcAction=com.reedersystems.commandcomms.SVC_PTT_UP
2026-04-08 22:29:53.966  9017-9017  [PTT-DIAG]              com.reedersystems.commandcomms       D  PttHardwareReceiver: WakeLock acquired (auto-releases in 5000ms)
2026-04-08 22:29:53.970  9017-9017  [PTT-DIAG]              com.reedersystems.commandcomms       D  handleRadioPttUp pttState=IDLE channelKey=TESTING__TESTING 1
2026-04-08 22:29:53.970  9017-9017  [PTT-DIAG]              com.reedersystems.commandcomms       D  RADIO_PTT_UP source=service state=IDLE channelKey=TESTING__TESTING 1
2026-04-08 22:29:53.972  9017-9017  [PTT-DIAG]              com.reedersystems.commandcomms       D  MainActivity PTT UP source=MainActivity code=230 action=UP ts=1775701793972
2026-04-08 22:29:53.972  9017-9017  [PTT-DIAG]              com.reedersystems.commandcomms       D  MainActivity PTT UP — forwarding to BackgroundAudioService (signaling=true)
2026-04-08 22:29:53.978  9017-9017  [PTT-DIAG]              com.reedersystems.commandcomms       D  handleRadioPttUp pttState=IDLE channelKey=TESTING__TESTING 1
2026-04-08 22:29:53.978  9017-9017  [PTT-DIAG]              com.reedersystems.commandcomms       D  RADIO_PTT_UP source=service state=IDLE channelKey=TESTING__TESTING 1
2026-04-08 22:29:54.086   356-1663  NxpTml                  vendor.nxp.nxpnfc@1.0-service        D  PN54X - Write requested.....
2026-04-08 22:29:54.086   356-1663  NxpTml                  vendor.nxp.nxpnfc@1.0-service        D  PN54X - Invoking I2C Write.....
2026-04-08 22:29:54.108   356-1663  NxpTml                  vendor.nxp.nxpnfc@1.0-service        E  _i2c_write() errno : 5
2026-04-08 22:29:54.119   356-1663  NxpTml                  vendor.nxp.nxpnfc@1.0-service        D  PN54X - Invoking I2C Write.....
2026-04-08 22:29:54.142   356-1663  NxpTml                  vendor.nxp.nxpnfc@1.0-service        E  _i2c_write() errno : 5
2026-04-08 22:29:54.155   356-1663  NxpTml                  vendor.nxp.nxpnfc@1.0-service        D  PN54X - Invoking I2C Write.....
2026-04-08 22:29:54.176   356-1663  NxpTml                  vendor.nxp.nxpnfc@1.0-service        E  _i2c_write() errno : 5
2026-04-08 22:29:54.186   356-1663  NxpTml                  vendor.nxp.nxpnfc@1.0-service        D  PN54X - Invoking I2C Write.....
2026-04-08 22:29:54.210   356-1663  NxpTml                  vendor.nxp.nxpnfc@1.0-service        E  _i2c_write() errno : 5
2026-04-08 22:29:54.211   356-1663  NxpTml                  vendor.nxp.nxpnfc@1.0-service        E  PN54X - Error in I2C Write.....
2026-04-08 22:29:54.211   356-1663  NxpTml                  vendor.nxp.nxpnfc@1.0-service        D  PN54X - Posting Fresh Write message.....
2026-04-08 22:29:54.211   356-1663  NxpTml                  vendor.nxp.nxpnfc@1.0-service        D  PN54X - Tml Writer Thread Running................
2026-04-08 22:29:54.213   356-1663  NxpTml                  vendor.nxp.nxpnfc@1.0-service        D  PN54X - Write requested.....
2026-04-08 22:29:54.213   356-1663  NxpTml                  vendor.nxp.nxpnfc@1.0-service        D  PN54X - Invoking I2C Write.....
2026-04-08 22:29:54.237   356-1663  NxpTml                  vendor.nxp.nxpnfc@1.0-service        E  _i2c_write() errno : 5
2026-04-08 22:29:54.248   356-1663  NxpTml                  vendor.nxp.nxpnfc@1.0-service        D  PN54X - Invoking I2C Write.....
2026-04-08 22:29:54.270   356-1663  NxpTml                  vendor.nxp.nxpnfc@1.0-service        E  _i2c_write() errno : 5
2026-04-08 22:29:54.281   356-1663  NxpTml                  vendor.nxp.nxpnfc@1.0-service        D  PN54X - Invoking I2C Write.....
2026-04-08 22:29:54.303   356-1663  NxpTml                  vendor.nxp.nxpnfc@1.0-service        E  _i2c_write() errno : 5
2026-04-08 22:29:54.314   356-1663  NxpTml                  vendor.nxp.nxpnfc@1.0-service        D  PN54X - Invoking I2C Write.....
2026-04-08 22:29:54.337   356-1663  NxpTml                  vendor.nxp.nxpnfc@1.0-service        E  _i2c_write() errno : 5
2026-04-08 22:29:54.337   356-1663  NxpTml                  vendor.nxp.nxpnfc@1.0-service        E  PN54X - Error in I2C Write.....
2026-04-08 22:29:54.337   356-1663  NxpTml                  vendor.nxp.nxpnfc@1.0-service        D  PN54X - Posting Fresh Write message.....
2026-04-08 22:29:54.337   356-1663  NxpTml                  vendor.nxp.nxpnfc@1.0-service        D  PN54X - Tml Writer Thread Running................
2026-04-08 22:29:54.340   356-1663  NxpTml                  vendor.nxp.nxpnfc@1.0-service        D  PN54X - Write requested.....
2026-04-08 22:29:54.340   356-1663  NxpTml                  vendor.nxp.nxpnfc@1.0-service        D  PN54X - Invoking I2C Write.....
2026-04-08 22:29:54.364   356-1663  NxpTml                  vendor.nxp.nxpnfc@1.0-service        E  _i2c_write() errno : 5
2026-04-08 22:29:54.374   356-1663  NxpTml                  vendor.nxp.nxpnfc@1.0-service        D  PN54X - Invoking I2C Write.....
2026-04-08 22:29:54.397   356-1663  NxpTml                  vendor.nxp.nxpnfc@1.0-service        E  _i2c_write() errno : 5
2026-04-08 22:29:54.408   356-1663  NxpTml                  vendor.nxp.nxpnfc@1.0-service        D  PN54X - Invoking I2C Write.....
2026-04-08 22:29:54.430   356-1663  NxpTml                  vendor.nxp.nxpnfc@1.0-service        E  _i2c_write() errno : 5
2026-04-08 22:29:54.441   356-1663  NxpTml                  vendor.nxp.nxpnfc@1.0-service        D  PN54X - Invoking I2C Write.....
2026-04-08 22:29:54.464   356-1663  NxpTml                  vendor.nxp.nxpnfc@1.0-service        E  _i2c_write() errno : 5
2026-04-08 22:29:54.464   356-1663  NxpTml                  vendor.nxp.nxpnfc@1.0-service        E  PN54X - Error in I2C Write.....
2026-04-08 22:29:54.464   356-1663  NxpTml                  vendor.nxp.nxpnfc@1.0-service        D  PN54X - Posting Fresh Write message.....
2026-04-08 22:29:54.464   356-1663  NxpTml                  vendor.nxp.nxpnfc@1.0-service        D  PN54X - Tml Writer Thread Running................
2026-04-08 22:29:54.465   356-356   NxpTml                  vendor.nxp.nxpnfc@1.0-service        D  phTmlNfc_i2c_reset(), VEN level 0
2026-04-08 22:29:54.527   356-356   NxpTml                  vendor.nxp.nxpnfc@1.0-service        D  phTmlNfc_i2c_reset(), VEN level 1
2026-04-08 22:29:54.556  9017-13489 [PTT-DIAG]              com.reedersystems.commandcomms       W  Socket connect error: io.socket.engineio.client.EngineIOException: websocket error
2026-04-08 22:29:54.557  9017-13489 [APP-STARTUP]           com.reedersystems.commandcomms       E  SIGNALING_AUTH_FAILED reason=connect_error io.socket.engineio.client.EngineIOException: websocket error
2026-04-08 22:29:54.642   356-1663  NxpTml                  vendor.nxp.nxpnfc@1.0-service        D  PN54X - Write requested.....
2026-04-08 22:29:54.642   356-1663  NxpTml                  vendor.nxp.nxpnfc@1.0-service        D  PN54X - Invoking I2C Write.....
2026-04-08 22:29:54.664   356-1663  NxpTml                  vendor.nxp.nxpnfc@1.0-service        E  _i2c_write() errno : 5
2026-04-08 22:29:54.664   356-1663  NxpTml                  vendor.nxp.nxpnfc@1.0-service        E  PN54X - Error in I2C Write.....
2026-04-08 22:29:54.664   356-1663  NxpTml                  vendor.nxp.nxpnfc@1.0-service        D  PN54X - Posting Fresh Write message.....
2026-04-08 22:29:54.664   356-1663  NxpTml                  vendor.nxp.nxpnfc@1.0-service        D  PN54X - Tml Writer Thread Running................
2026-04-08 22:29:54.675   356-1663  NxpTml                  vendor.nxp.nxpnfc@1.0-service        D  PN54X - Write requested.....
2026-04-08 22:29:54.675   356-1663  NxpTml                  vendor.nxp.nxpnfc@1.0-service        D  PN54X - Invoking I2C Write.....
2026-04-08 22:29:54.697   356-1663  NxpTml                  vendor.nxp.nxpnfc@1.0-service        E  _i2c_write() errno : 5
2026-04-08 22:29:54.697   356-1663  NxpTml                  vendor.nxp.nxpnfc@1.0-service        E  PN54X - Error in I2C Write.....
2026-04-08 22:29:54.697   356-1663  NxpTml                  vendor.nxp.nxpnfc@1.0-service        D  PN54X - Posting Fresh Write message.....
2026-04-08 22:29:54.697   356-1663  NxpTml                  vendor.nxp.nxpnfc@1.0-service        D  PN54X - Tml Writer Thread Running................
2026-04-08 22:29:54.708   356-1663  NxpTml                  vendor.nxp.nxpnfc@1.0-service        D  PN54X - Write requested.....
2026-04-08 22:29:54.709   356-1663  NxpTml                  vendor.nxp.nxpnfc@1.0-service        D  PN54X - Invoking I2C Write.....
2026-04-08 22:29:54.729   356-1663  NxpTml                  vendor.nxp.nxpnfc@1.0-service        E  _i2c_write() errno : 5
2026-04-08 22:29:54.729   356-1663  NxpTml                  vendor.nxp.nxpnfc@1.0-service        E  PN54X - Error in I2C Write.....
2026-04-08 22:29:54.729   356-1663  NxpTml                  vendor.nxp.nxpnfc@1.0-service        D  PN54X - Posting Fresh Write message.....
2026-04-08 22:29:54.729   356-1663  NxpTml                  vendor.nxp.nxpnfc@1.0-service        D  PN54X - Tml Writer Thread Running................
2026-04-08 22:29:54.742   356-1663  NxpTml                  vendor.nxp.nxpnfc@1.0-service        D  PN54X - Write requested.....
2026-04-08 22:29:54.742   356-1663  NxpTml                  vendor.nxp.nxpnfc@1.0-service        D  PN54X - Invoking I2C Write.....
2026-04-08 22:29:54.763   356-1663  NxpTml                  vendor.nxp.nxpnfc@1.0-service        E  _i2c_write() errno : 5
2026-04-08 22:29:54.763   356-1663  NxpTml                  vendor.nxp.nxpnfc@1.0-service        E  PN54X - Error in I2C Write.....
2026-04-08 22:29:54.763   356-1663  NxpTml                  vendor.nxp.nxpnfc@1.0-service        D  PN54X - Posting Fresh Write message.....
2026-04-08 22:29:54.764   356-1663  NxpTml                  vendor.nxp.nxpnfc@1.0-service        D  PN54X - Tml Writer Thread Running................
2026-04-08 22:29:54.774   356-1663  NxpTml                  vendor.nxp.nxpnfc@1.0-service        D  PN54X - Write requested.....
2026-04-08 22:29:54.775   356-1663  NxpTml                  vendor.nxp.nxpnfc@1.0-service        D  PN54X - Invoking I2C Write.....
2026-04-08 22:29:54.798   356-1663  NxpTml                  vendor.nxp.nxpnfc@1.0-service        E  _i2c_write() errno : 5
2026-04-08 22:29:54.798   356-1663  NxpTml                  vendor.nxp.nxpnfc@1.0-service        E  PN54X - Error in I2C Write.....
2026-04-08 22:29:54.798   356-1663  NxpTml                  vendor.nxp.nxpnfc@1.0-service        D  PN54X - Posting Fresh Write message.....
2026-04-08 22:29:54.798   356-1663  NxpTml                  vendor.nxp.nxpnfc@1.0-service        D  PN54X - Tml Writer Thread Running................
2026-04-08 22:29:54.809   356-1663  NxpTml                  vendor.nxp.nxpnfc@1.0-service        D  PN54X - Write requested.....
2026-04-08 22:29:54.809   356-1663  NxpTml                  vendor.nxp.nxpnfc@1.0-service        D  PN54X - Invoking I2C Write.....
2026-04-08 22:29:54.830   356-1663  NxpTml                  vendor.nxp.nxpnfc@1.0-service        E  _i2c_write() errno : 5
2026-04-08 22:29:54.830   356-1663  NxpTml                  vendor.nxp.nxpnfc@1.0-service        E  PN54X - Error in I2C Write.....
2026-04-08 22:29:54.830   356-1663  NxpTml                  vendor.nxp.nxpnfc@1.0-service        D  PN54X - Posting Fresh Write message.....
2026-04-08 22:29:54.831   356-1663  NxpTml                  vendor.nxp.nxpnfc@1.0-service        D  PN54X - Tml Writer Thread Running................
2026-04-08 22:29:54.831   356-356   NxpTml                  vendor.nxp.nxpnfc@1.0-service        D  phTmlNfc_i2c_reset(), VEN level 0
2026-04-08 22:29:54.894   356-356   NxpTml                  vendor.nxp.nxpnfc@1.0-service        D  phTmlNfc_i2c_reset(), VEN level 1
2026-04-08 22:29:55.009   356-356   NxpTml                  vendor.nxp.nxpnfc@1.0-service        D  phTmlNfc_i2c_reset(), VEN level 2
2026-04-08 22:29:55.063  9017-13128 [RadioEngine]           com.reedersystems.commandcomms       D  RX_DIAG rxTotal=344 rxNew=0 jbSize=0 jbDepth=2 jbPlaying=false channelIdx=535 t=430622ms
2026-04-08 22:29:55.193   356-1663  NxpTml                  vendor.nxp.nxpnfc@1.0-service        D  PN54X - Write requested.....
2026-04-08 22:29:55.193   356-1663  NxpTml                  vendor.nxp.nxpnfc@1.0-service        D  PN54X - Invoking I2C Write.....
2026-04-08 22:29:55.217   356-1663  NxpTml                  vendor.nxp.nxpnfc@1.0-service        E  _i2c_write() errno : 5
2026-04-08 22:29:55.227   356-1663  NxpTml                  vendor.nxp.nxpnfc@1.0-service        D  PN54X - Invoking I2C Write.....
2026-04-08 22:29:55.250   356-1663  NxpTml                  vendor.nxp.nxpnfc@1.0-service        E  _i2c_write() errno : 5
2026-04-08 22:29:55.261   356-1663  NxpTml                  vendor.nxp.nxpnfc@1.0-service        D  PN54X - Invoking I2C Write.....
2026-04-08 22:29:55.283   356-1663  NxpTml                  vendor.nxp.nxpnfc@1.0-service        E  _i2c_write() errno : 5
2026-04-08 22:29:55.294   356-1663  NxpTml                  vendor.nxp.nxpnfc@1.0-service        D  PN54X - Invoking I2C Write.....
2026-04-08 22:29:55.317   356-1663  NxpTml                  vendor.nxp.nxpnfc@1.0-service        E  _i2c_write() errno : 5
2026-04-08 22:29:55.317   356-1663  NxpTml                  vendor.nxp.nxpnfc@1.0-service        E  PN54X - Error in I2C Write.....
2026-04-08 22:29:55.317   356-1663  NxpTml                  vendor.nxp.nxpnfc@1.0-service        D  PN54X - Posting Fresh Write message.....
2026-04-08 22:29:55.317   356-1663  NxpTml                  vendor.nxp.nxpnfc@1.0-service        D  PN54X - Tml Writer Thread Running................
2026-04-08 22:29:55.319   356-1663  NxpTml                  vendor.nxp.nxpnfc@1.0-service        D  PN54X - Write requested.....
2026-04-08 22:29:55.319   356-1663  NxpTml                  vendor.nxp.nxpnfc@1.0-service        D  PN54X - Invoking I2C Write.....
2026-04-08 22:29:55.340   356-1663  NxpTml                  vendor.nxp.nxpnfc@1.0-service        E  _i2c_write() errno : 5
2026-04-08 22:29:55.350   356-1663  NxpTml                  vendor.nxp.nxpnfc@1.0-service        D  PN54X - Invoking I2C Write.....
2026-04-08 22:29:55.374   356-1663  NxpTml                  vendor.nxp.nxpnfc@1.0-service        E  _i2c_write() errno : 5
2026-04-08 22:29:55.384   356-1663  NxpTml                  vendor.nxp.nxpnfc@1.0-service        D  PN54X - Invoking I2C Write.....
2026-04-08 22:29:55.407   356-1663  NxpTml                  vendor.nxp.nxpnfc@1.0-service        E  _i2c_write() errno : 5
2026-04-08 22:29:55.418   356-1663  NxpTml                  vendor.nxp.nxpnfc@1.0-service        D  PN54X - Invoking I2C Write.....
2026-04-08 22:29:55.440   356-1663  NxpTml                  vendor.nxp.nxpnfc@1.0-service        E  _i2c_write() errno : 5
2026-04-08 22:29:55.440   356-1663  NxpTml                  vendor.nxp.nxpnfc@1.0-service        E  PN54X - Error in I2C Write.....
2026-04-08 22:29:55.440   356-1663  NxpTml                  vendor.nxp.nxpnfc@1.0-service        D  PN54X - Posting Fresh Write message.....
2026-04-08 22:29:55.441   356-1663  NxpTml                  vendor.nxp.nxpnfc@1.0-service        D  PN54X - Tml Writer Thread Running................
2026-04-08 22:29:55.444   356-1663  NxpTml                  vendor.nxp.nxpnfc@1.0-service        D  PN54X - Write requested.....
2026-04-08 22:29:55.445   356-1663  NxpTml                  vendor.nxp.nxpnfc@1.0-service        D  PN54X - Invoking I2C Write.....
2026-04-08 22:29:55.467   356-1663  NxpTml                  vendor.nxp.nxpnfc@1.0-service        E  _i2c_write() errno : 5
2026-04-08 22:29:55.478   356-1663  NxpTml                  vendor.nxp.nxpnfc@1.0-service        D  PN54X - Invoking I2C Write.....
2026-04-08 22:29:55.501   356-1663  NxpTml                  vendor.nxp.nxpnfc@1.0-service        E  _i2c_write() errno : 5
2026-04-08 22:29:55.511   356-1663  NxpTml                  vendor.nxp.nxpnfc@1.0-service        D  PN54X - Invoking I2C Write.....
2026-04-08 22:29:55.533   356-1663  NxpTml                  vendor.nxp.nxpnfc@1.0-service        E  _i2c_write() errno : 5
2026-04-08 22:29:55.544   356-1663  NxpTml                  vendor.nxp.nxpnfc@1.0-service        D  PN54X - Invoking I2C Write.....
2026-04-08 22:29:55.567   356-1663  NxpTml                  vendor.nxp.nxpnfc@1.0-service        E  _i2c_write() errno : 5
2026-04-08 22:29:55.567   356-1663  NxpTml                  vendor.nxp.nxpnfc@1.0-service        E  PN54X - Error in I2C Write.....
2026-04-08 22:29:55.567   356-1663  NxpTml                  vendor.nxp.nxpnfc@1.0-service        D  PN54X - Posting Fresh Write message.....
2026-04-08 22:29:55.567   356-1663  NxpTml                  vendor.nxp.nxpnfc@1.0-service        D  PN54X - Tml Writer Thread Running................
2026-04-08 22:29:55.568   356-356   NxpTml                  vendor.nxp.nxpnfc@1.0-service        D  phTmlNfc_i2c_reset(), VEN level 0
2026-04-08 22:29:55.630   356-356   NxpTml                  vendor.nxp.nxpnfc@1.0-service        D  phTmlNfc_i2c_reset(), VEN level 1
2026-04-08 22:29:55.746   356-1663  NxpTml                  vendor.nxp.nxpnfc@1.0-service        D  PN54X - Write requested.....
2026-04-08 22:29:55.747   356-1663  NxpTml                  vendor.nxp.nxpnfc@1.0-service        D  PN54X - Invoking I2C Write.....
2026-04-08 22:29:55.770   356-1663  NxpTml                  vendor.nxp.nxpnfc@1.0-service        E  _i2c_write() errno : 5
2026-04-08 22:29:55.770   356-1663  NxpTml                  vendor.nxp.nxpnfc@1.0-service        E  PN54X - Error in I2C Write.....
2026-04-08 22:29:55.770   356-1663  NxpTml                  vendor.nxp.nxpnfc@1.0-service        D  PN54X - Posting Fresh Write message.....
2026-04-08 22:29:55.770   356-1663  NxpTml                  vendor.nxp.nxpnfc@1.0-service        D  PN54X - Tml Writer Thread Running................
2026-04-08 22:29:55.777   381-527   APM::Audio...Descriptor audioserver                          V  changeRefCount() stream 8, count 0
2026-04-08 22:29:55.782   356-1663  NxpTml                  vendor.nxp.nxpnfc@1.0-service        D  PN54X - Write requested.....
2026-04-08 22:29:55.782   356-1663  NxpTml                  vendor.nxp.nxpnfc@1.0-service        D  PN54X - Invoking I2C Write.....
2026-04-08 22:29:55.803   356-1663  NxpTml                  vendor.nxp.nxpnfc@1.0-service        E  _i2c_write() errno : 5
2026-04-08 22:29:55.804   356-1663  NxpTml                  vendor.nxp.nxpnfc@1.0-service        E  PN54X - Error in I2C Write.....
2026-04-08 22:29:55.804   356-1663  NxpTml                  vendor.nxp.nxpnfc@1.0-service        D  PN54X - Posting Fresh Write message.....
2026-04-08 22:29:55.804   356-1663  NxpTml                  vendor.nxp.nxpnfc@1.0-service        D  PN54X - Tml Writer Thread Running................
2026-04-08 22:29:55.815   356-1663  NxpTml                  vendor.nxp.nxpnfc@1.0-service        D  PN54X - Write requested.....
2026-04-08 22:29:55.815   356-1663  NxpTml                  vendor.nxp.nxpnfc@1.0-service        D  PN54X - Invoking I2C Write.....
2026-04-08 22:29:55.836   356-1663  NxpTml                  vendor.nxp.nxpnfc@1.0-service        E  _i2c_write() errno : 5
2026-04-08 22:29:55.836   356-1663  NxpTml                  vendor.nxp.nxpnfc@1.0-service        E  PN54X - Error in I2C Write.....
2026-04-08 22:29:55.836   356-1663  NxpTml                  vendor.nxp.nxpnfc@1.0-service        D  PN54X - Posting Fresh Write message.....
2026-04-08 22:29:55.836   356-1663  NxpTml                  vendor.nxp.nxpnfc@1.0-service        D  PN54X - Tml Writer Thread Running................
2026-04-08 22:29:55.847   356-1663  NxpTml                  vendor.nxp.nxpnfc@1.0-service        D  PN54X - Write requested.....
2026-04-08 22:29:55.847   356-1663  NxpTml                  vendor.nxp.nxpnfc@1.0-service        D  PN54X - Invoking I2C Write.....
2026-04-08 22:29:55.869   356-1663  NxpTml                  vendor.nxp.nxpnfc@1.0-service        E  _i2c_write() errno : 5
