2026-03-25 13:54:03.955   335-31762 AudioALSAC...DataClient and...re.audio@2.0-service-mediatek  D  CheckNeedBesRecordSRC(), mStreamAttributeSource->sample_rate=48000, mStreamAttributeSource->num_channels=2, mStreamAttributeTarget->sample_rate=16000,mStreamAttributeTarget->num_channels=1, BesRecord_usingsamplerate=16000
2026-03-25 13:54:03.955   335-31762 MtkAudioSrc             and...re.audio@2.0-service-mediatek  D  open(), SR 48000, CH 2; out SR 16000, CH 2; format 0, mState = 2
2026-03-25 13:54:03.955   335-31762 AudioALSAC...DataClient and...re.audio@2.0-service-mediatek  D  CheckNeedBesRecordSRC(), 1, 16000, mBesRecSRCSizeFactor=1
2026-03-25 13:54:03.955   335-31762 AudioALSAC...DataClient and...re.audio@2.0-service-mediatek  D  CheckChannelRemixOp(), ch 2->1 (mBesRecordStereoMode = 0, BesRecord enable = 1), ChannelRemixOp = 4
2026-03-25 13:54:03.955   335-31762 AudioALSAC...DataClient and...re.audio@2.0-service-mediatek  D  +AddEchoRefDataProvider()
2026-03-25 13:54:03.955   335-31762 AudioALSAC...DataClient and...re.audio@2.0-service-mediatek  D  AddEchoRefDataProvider(), mCaptureDataProviderEchoRef=0xaf61e680
2026-03-25 13:54:03.956   335-31762 AudioALSAC...oviderBase and...re.audio@2.0-service-mediatek  D  attach(), 0xaf61e680, mCaptureDataClientVector.size()=0, Identity=0xb0a7d980
2026-03-25 13:54:03.956   335-31762 AudioALSAC...derEchoRef and...re.audio@2.0-service-mediatek  D  open()
2026-03-25 13:54:03.956   335-31762 AudioALSAC...DataClient and...re.audio@2.0-service-mediatek  D  IsLowLatencyCapture(), low_latency_on: 0, voip_on: 1
2026-03-25 13:54:03.956   335-31762 AudioALSAC...derEchoRef and...re.audio@2.0-service-mediatek  D  open(), audio_format = 1, audio_channel_mask=c, num_channels=2, sample_rate=48000, buf_total_latency=120ms
2026-03-25 13:54:03.956   335-31762 AudioALSAC...derEchoRef and...re.audio@2.0-service-mediatek  D  open(), format = 0, channels=2, rate=48000, period_size=240, period_count=24,latency=5,kReadBufferSize=960
2026-03-25 13:54:03.956   335-31762 AudioALSADeviceParser   and...re.audio@2.0-service-mediatek  D  compare pcm success = 9, stringpair = DL1_AWB_Record
2026-03-25 13:54:03.956   335-31762 MtkAudioSrc             and...re.audio@2.0-service-mediatek  D  open(), SR 48000, CH 2; out SR 16000, CH 2; format 0, mState = 2
2026-03-25 13:54:03.956   335-31762 MtkAudioSrc             and...re.audio@2.0-service-mediatek  D  open(), SR 16000, CH 2; out SR 16000, CH 1; format 0, mState = 2
2026-03-25 13:54:03.957   335-31768 AudioALSAC...DataClient and...re.audio@2.0-service-mediatek  D  IsLowLatencyCapture(), low_latency_on: 0, voip_on: 1
2026-03-25 13:54:03.957   335-31762 AudioSPELayer           and...re.audio@2.0-service-mediatek  D  SetDownLinkLatencyTime, 120
2026-03-25 13:54:03.957   335-31768 AudioALSAC...derEchoRef and...re.audio@2.0-service-mediatek  D  +readThread(), pid: 335, tid: 31768, kReadBufferSize=3c0
2026-03-25 13:54:03.959   335-31762 AudioALSAC...DataClient and...re.audio@2.0-service-mediatek  D  readthread all ready! pcm start
2026-03-25 13:54:03.959   335-31762 AudioSPELayer           and...re.audio@2.0-service-mediatek  D  resync the latency delay time
2026-03-25 13:54:03.959   335-31768 AudioALSAC...oviderBase and...re.audio@2.0-service-mediatek  D  pcm_start
2026-03-25 13:54:03.959   335-31762 AudioALSAC...DataClient and...re.audio@2.0-service-mediatek  D  AddEchoRefDataProvider(), Source sample_rate=48000, num_channels=2, audio_format=1
2026-03-25 13:54:03.959   335-31762 AudioALSAC...DataClient and...re.audio@2.0-service-mediatek  D  AddEchoRefDataProvider(), Target sample_rate=16000, num_channels=2, audio_format=1
2026-03-25 13:54:03.959   335-31762 AudioALSAC...DataClient and...re.audio@2.0-service-mediatek  D  -AddEchoRefDataProvider()
2026-03-25 13:54:03.959   335-31762 AudioALSAC...HandlerAEC and...re.audio@2.0-service-mediatek  D  -open()
2026-03-25 13:54:03.961   364-374   HWComposer              surfaceflinger                       W  Ignoring duplicate VSYNC event from HWC (t=0)
2026-03-25 13:54:03.961 30781-31756 [AudioPlay]             com.reedersystems.commandcomms       D  AudioPlayback started: 16000Hz mono, low-latency
2026-03-25 13:54:03.963 30781-31756 [RadioEngine]           com.reedersystems.commandcomms       D  RX started — playback active
2026-03-25 13:54:03.970 30781-31756 [FloorCtrl]             com.reedersystems.commandcomms       D  Floor GRANTED
2026-03-25 13:54:03.971   355-355   NxpHal                  vendor.nxp.nxpnfc@1.0-service        D  PN54X Reset - SUCCESS
2026-03-25 13:54:03.971   355-355   NxpHal                  vendor.nxp.nxpnfc@1.0-service        D  phNxpNciHal_write failed for hal ext
2026-03-25 13:54:03.971   355-355   NxpHal                  vendor.nxp.nxpnfc@1.0-service        E  NFCC not coming out from Standby
2026-03-25 13:54:03.971   355-355   NxpHal                  vendor.nxp.nxpnfc@1.0-service        E  Trying Force FW download
2026-03-25 13:54:03.971   355-355   NxpHal                  vendor.nxp.nxpnfc@1.0-service        D  Found Valid Firmware Type
2026-03-25 13:54:03.971   355-355   NxpExtns                vendor.nxp.nxpnfc@1.0-service        D  find found NXP_SYS_CLK_SRC_SEL=(0x2)
2026-03-25 13:54:03.972   355-355   NxpExtns                vendor.nxp.nxpnfc@1.0-service        D  find found NXP_SYS_CLK_FREQ_SEL=(0x4)
2026-03-25 13:54:03.972   355-355   NxpExtns                vendor.nxp.nxpnfc@1.0-service        D  find found NXP_SYS_CLOCK_TO_CFG=(0x1)
2026-03-25 13:54:03.972   355-355   NxpFwDnld               vendor.nxp.nxpnfc@1.0-service        D  gphNxpNciHal_fw_IoctlCtx.bClkSrcVal = 0x2
2026-03-25 13:54:03.972   355-355   NxpFwDnld               vendor.nxp.nxpnfc@1.0-service        D  gphNxpNciHal_fw_IoctlCtx.bClkFreqVal = 0x4
2026-03-25 13:54:03.972   355-355   NxpFwDnld               vendor.nxp.nxpnfc@1.0-service        D  gphNxpNciHal_fw_IoctlCtx.bClkFreqVal = 0x1
2026-03-25 13:54:03.972   355-355   NxpTml                  vendor.nxp.nxpnfc@1.0-service        D  phTmlNfc_i2c_reset(), VEN level 2
2026-03-25 13:54:03.973 30781-31755 [PTT-DIAG]              com.reedersystems.commandcomms       D  Floor GRANTED — starting TX
2026-03-25 13:54:03.977   335-31767 AudioALSAC...oviderBase and...re.audio@2.0-service-mediatek  D  pcm_start
2026-03-25 13:54:03.985   364-374   HWComposer              surfaceflinger                       W  Ignoring duplicate VSYNC event from HWC (t=0)
2026-03-25 13:54:03.990   969-969   StatusBar               com.android.systemui                 D  No peeking: unimportant notification: 0|com.reedersystems.commandcomms|1001|null|10138
2026-03-25 13:54:03.997 30781-30821 [PTT-DIAG]              com.reedersystems.commandcomms       D  HTTP ptt/start sent
2026-03-25 13:54:04.008   364-374   HWComposer              surfaceflinger                       W  Ignoring duplicate VSYNC event from HWC (t=0)
2026-03-25 13:54:04.014   387-526   AudioSystem             audioserver                          D  +setParameters(): volumeDevice=1;volumeIndex=13;volumeStreamType=0 
2026-03-25 13:54:04.019   335-31767 AudioSPELayer           and...re.audio@2.0-service-mediatek  D  PrepareProcessData+
2026-03-25 13:54:04.019   335-31767 AudioSPELayer           and...re.audio@2.0-service-mediatek  D  mDLInBufferQ i=0, length=160, 0xaf604c20, Sec=21474, NSec=295856396
2026-03-25 13:54:04.019   335-31767 AudioSPELayer           and...re.audio@2.0-service-mediatek  D  mDLInBufferQ i=1, length=160, 0xaf604cc0, Sec=21474, NSec=300803680
2026-03-25 13:54:04.019   335-31767 AudioSPELayer           and...re.audio@2.0-service-mediatek  D  mDLInBufferQ i=2, length=160, 0xaf604d60, Sec=21474, NSec=305854527
2026-03-25 13:54:04.019   335-31767 AudioSPELayer           and...re.audio@2.0-service-mediatek  D  mDLInBufferQ i=3, length=160, 0xaf604ea0, Sec=21474, NSec=310806786
2026-03-25 13:54:04.019   335-31767 AudioSPELayer           and...re.audio@2.0-service-mediatek  D  mDLInBufferQ i=4, length=160, 0xaf604f40, Sec=21474, NSec=315803451
2026-03-25 13:54:04.019   335-31767 AudioSPELayer           and...re.audio@2.0-service-mediatek  D  mDLInBufferQ i=5, length=160, 0xaf604fe0, Sec=21474, NSec=320824836
2026-03-25 13:54:04.019   335-31767 AudioSPELayer           and...re.audio@2.0-service-mediatek  D  mDLInBufferQ i=6, length=160, 0xaf605080, Sec=21474, NSec=325795682
2026-03-25 13:54:04.019   335-31767 AudioSPELayer           and...re.audio@2.0-service-mediatek  D  mDLInBufferQ i=7, length=160, 0xaf605120, Sec=21474, NSec=330800991
2026-03-25 13:54:04.019   335-31767 AudioSPELayer           and...re.audio@2.0-service-mediatek  D  mDLInBufferQ i=8, length=160, 0xaf6051c0, Sec=21474, NSec=335819760
2026-03-25 13:54:04.019   335-31767 AudioSPELayer           and...re.audio@2.0-service-mediatek  D  PrepareProcessData, time_stamp_estimate, mULInBufferQ[0].sec=21474, mULInBufferQ[0].nsec=320725482
2026-03-25 13:54:04.019   335-31767 AudioSPELayer           and...re.audio@2.0-service-mediatek  D  PrepareProcessData, time_stamp_estimate, mDLInBufferQ[0].sec=21474, mDLInBufferQ[0].nsec=295856396
2026-03-25 13:54:04.019   335-31767 AudioSPELayer           and...re.audio@2.0-service-mediatek  D  TimeStampCompare, bRet=1
2026-03-25 13:54:04.019   335-31767 AudioSPELayer           and...re.audio@2.0-service-mediatek  D  TimeStampCompare, bRet=1
2026-03-25 13:54:04.019   335-31767 AudioSPELayer           and...re.audio@2.0-service-mediatek  D  PrepareProcessData, 1 drop DL Delay data droplength=160, mDLDelayBufferQ.size()=9, mDLDelayBufferQ[0]->BufLen4Delay=160!!!
2026-03-25 13:54:04.019   335-31767 AudioSPELayer           and...re.audio@2.0-service-mediatek  D  TimeStampCompare, bRet=1
2026-03-25 13:54:04.020   335-31767 AudioSPELayer           and...re.audio@2.0-service-mediatek  D  PrepareProcessData, 1 drop DL Delay data droplength=160, mDLDelayBufferQ.size()=8, mDLDelayBufferQ[0]->BufLen4Delay=160!!!
2026-03-25 13:54:04.020   335-31767 AudioSPELayer           and...re.audio@2.0-service-mediatek  D  TimeStampCompare, bRet=1
2026-03-25 13:54:04.020   335-31767 AudioSPELayer           and...re.audio@2.0-service-mediatek  D  PrepareProcessData, 1 drop DL Delay data droplength=160, mDLDelayBufferQ.size()=7, mDLDelayBufferQ[0]->BufLen4Delay=160!!!
2026-03-25 13:54:04.020   335-31767 AudioSPELayer           and...re.audio@2.0-service-mediatek  D  TimeStampCompare, bRet=1
2026-03-25 13:54:04.020   335-31767 AudioSPELayer           and...re.audio@2.0-service-mediatek  D  PrepareProcessData, 1 drop DL Delay data droplength=160, mDLDelayBufferQ.size()=6, mDLDelayBufferQ[0]->BufLen4Delay=160!!!
2026-03-25 13:54:04.020   335-31767 AudioSPELayer           and...re.audio@2.0-service-mediatek  D  TimeStampCompare, bRet=0
2026-03-25 13:54:04.020   335-31767 AudioSPELayer           and...re.audio@2.0-service-mediatek  D  TimeStampCompare, bRet=1
2026-03-25 13:54:04.020   335-31767 AudioSPELayer           and...re.audio@2.0-service-mediatek  D  PrepareProcessData, calculate drop downlink data time
2026-03-25 13:54:04.020   335-31767 AudioSPELayer           and...re.audio@2.0-service-mediatek  D  PrepareProcessData, bULlate 1, deltaSec=0, deltaNSec=4922031
2026-03-25 13:54:04.020   335-31767 AudioSPELayer           and...re.audio@2.0-service-mediatek  D  PrepareProcessData, diffnsec 4922031, diffSample=78, diffBufLength=156
2026-03-25 13:54:04.020   335-31767 AudioSPELayer           and...re.audio@2.0-service-mediatek  D  PrepareProcessData, drop DL data diffBufLength=156, mDLInBufferQ.size()=5, mDLInBufferQ[0]->BufLen=160!!!
2026-03-25 13:54:04.020   335-31767 AudioSPELayer           and...re.audio@2.0-service-mediatek  D  PrepareProcessData, mDLInBufferQ[0]->pRead=0xaf604f40 , mDLInBufferQ[0]->BufLen=160, sec 21474, nsec 315803451
2026-03-25 13:54:04.020   335-31767 AudioSPELayer           and...re.audio@2.0-service-mediatek  D  PrepareProcessData, after mDLInBufferQ[0]->pRead=0xaf604fdc, mDLInBufferQ[0]->BufLen=4, updatensecdiff=4875000, sec=21474, nsec=320678451
2026-03-25 13:54:04.020   969-969   StatusBar               com.android.systemui                 D  onNotificationPosted: StatusBarNotification(pkg=com.reedersystems.commandcomms user=UserHandle{0} id=1001 tag=null key=0|com.reedersystems.commandcomms|1001|null|10138: Notification(channel=ptt_service pri=-1 contentView=null vibrate=null sound=null defaults=0x0 flags=0x62 color=0x00000000 vis=PRIVATE))
2026-03-25 13:54:04.020   335-31767 AudioSPELayer           and...re.audio@2.0-service-mediatek  D  PrepareProcessData, drop DL Delay data droplength=156, mDLDelayBufferQ.size()=5, mDLDelayBufferQ[0]->BufLen4Delay=160!!!
2026-03-25 13:54:04.020   335-31767 AudioSPELayer           and...re.audio@2.0-service-mediatek  D  PrepareProcessData, mDLDelayBufferQ[0]->pRead=0xaf604f40
2026-03-25 13:54:04.020   335-31767 AudioSPELayer           and...re.audio@2.0-service-mediatek  D  PrepareProcessData, after mDLDelayBufferQ[0]->pRead=0xaf604fdc, mDLDelayBufferQ[0]->BufLen=4
2026-03-25 13:54:04.020   335-31767 AudioSPELayer           and...re.audio@2.0-service-mediatek  D  PrepareProcessData, finish, mDLInBufferQ.size = 5, mDLInBufQLenTotal=644, mULInBufferQ.size = 1, mULInBufQLenTotal=1280
2026-03-25 13:54:04.020   335-31767 AudioSPELayer           and...re.audio@2.0-service-mediatek  D  PrepareProcessData, finish, mDLInBufferQ[0]->pRead=0xaf604fdc , mDLInBufferQ[0]->BufLen=4, sec = 21474, nsec = 320678451
2026-03-25 13:54:04.020   335-31767 AudioSPELayer           and...re.audio@2.0-service-mediatek  D  PrepareProcessData, finish, mULInBufferQ[0]->pRead=0xb0a05300 , mULInBufferQ[0]->BufLen=1280, sec = 21474, nsec = 320725482
2026-03-25 13:54:04.020   335-31767 AudioSPELayer           and...re.audio@2.0-service-mediatek  D  PrepareProcessData, adjust downlink data mLatencyDir=0,mLatencySampleCount=64
2026-03-25 13:54:04.020   335-31767 AudioSPELayer           and...re.audio@2.0-service-mediatek  D  adjust downlink data drop DL data diffBufLength=0, mDLInBufferQ.size()=5, mDLInBufferQ[0]->BufLen=4!!!
2026-03-25 13:54:04.021   335-31767 AudioSPELayer           and...re.audio@2.0-service-mediatek  D  adjust downlink data drop DL Delay data droplength=4, mDLDelayBufferQ.size()=5, mDLDelayBufferQ[0]->BufLen4Delay=4!!!
2026-03-25 13:54:04.021   335-31767 AudioSPELayer           and...re.audio@2.0-service-mediatek  D  adjust downlink data drop DL data diffBufLength=0, mDLInBufferQ.size()=4, mDLInBufferQ[0]->BufLen=160!!!
2026-03-25 13:54:04.021   335-31767 AudioSPELayer           and...re.audio@2.0-service-mediatek  D  adjust downlink data mDLInBufferQ[0]->pRead=0xaf604fe0 , mDLInBufferQ[0]->BufLen=160, sec 21474, nsec 320824836
2026-03-25 13:54:04.021   335-31767 AudioSPELayer           and...re.audio@2.0-service-mediatek  D  adjust downlink data after mDLInBufferQ[0]->pRead=0xaf60505c, mDLInBufferQ[0]->BufLen=36, updatensecdiff=3875000, sec=21474, nsec=324699836
2026-03-25 13:54:04.021   335-31767 AudioSPELayer           and...re.audio@2.0-service-mediatek  D  adjust downlink data drop DL Delay data droplength=124, mDLDelayBufferQ.size()=4, mDLDelayBufferQ[0]->BufLen4Delay=160!!!
2026-03-25 13:54:04.021   335-31767 AudioSPELayer           and...re.audio@2.0-service-mediatek  D  adjust downlink data mDLDelayBufferQ[0]->pRead=0xaf604fe0
2026-03-25 13:54:04.021   335-31767 AudioSPELayer           and...re.audio@2.0-service-mediatek  D  adjust downlink data after mDLDelayBufferQ[0]->pRead=0xaf60505c, mDLDelayBufferQ[0]->BufLen=36
2026-03-25 13:54:04.020   404-404   gle.vp8.encoder         media.codec                          W  type=1400 audit(0.0:31304): avc: denied { getattr } for path="/dev/sw_sync" dev="tmpfs" ino=236 scontext=u:r:mediacodec:s0 tcontext=u:object_r:sw_sync_device:s0 tclass=chr_file permissive=0
2026-03-25 13:54:04.030   351-532   hwcomposer              and...graphics.composer@2.1-service  W  [JOB] (2) copyvds is ture but vir buffer format is not HAL_PIXEL_FORMAT_YV12  
2026-03-25 13:54:04.032   364-374   HWComposer              surfaceflinger                       W  Ignoring duplicate VSYNC event from HWC (t=0)
2026-03-25 13:54:04.038   335-29419 AudioALSAStreamOut      and...re.audio@2.0-service-mediatek  D  +setParameters(): flag 6, volumeDevice=1;volumeIndex=13;volumeStreamType=0
2026-03-25 13:54:04.038   335-29419 AudioMTKGainController  and...re.audio@2.0-service-mediatek  D  setNormalVolume(), mSceneIndex = 0, stream 0, devices 0x1, index 13, mode 0x0
2026-03-25 13:54:04.039   335-29419 SpeechDriverFactory     and...re.audio@2.0-service-mediatek  D  GetSpeechDriverByIndex(), modem_index=0
2026-03-25 13:54:04.039   335-29419 SpeechDriverNormal      and...re.audio@2.0-service-mediatek  D  setMDVolumeIndex(), stream: 0, device: 0x1, index: 13, sph off, return
2026-03-25 13:54:04.039   335-29419 SpeechDriverFactory     and...re.audio@2.0-service-mediatek  D  GetSpeechDriverByIndex(), modem_index=1
2026-03-25 13:54:04.039   335-29419 SpeechDriverFactory     and...re.audio@2.0-service-mediatek  D  GetSpeechDriverByIndex(), modem_index=2
2026-03-25 13:54:04.039   969-969   StatusBar               com.android.systemui                 D  No peeking: unimportant notification: 0|com.reedersystems.commandcomms|1001|null|10138
2026-03-25 13:54:04.040 30781-31755 [PTT-DIAG]              com.reedersystems.commandcomms       D  Sending PTT_TX_STARTED broadcast
2026-03-25 13:54:04.055   364-374   HWComposer              surfaceflinger                       W  Ignoring duplicate VSYNC event from HWC (t=0)
2026-03-25 13:54:04.063   351-532   hwcomposer              and...graphics.composer@2.1-service  W  [JOB] (2) copyvds is ture but vir buffer format is not HAL_PIXEL_FORMAT_YV12  
2026-03-25 13:54:04.071 30781-31755 [PTT-DIAG]              com.reedersystems.commandcomms       D  emitPttStart DISPATCH__DISPATCH
2026-03-25 13:54:04.074   757-919   zhouzhe                 system_server                        D  keyCode111 = 230
2026-03-25 13:54:04.076   757-919   tyd                     system_server                        D  sendBroadcast: android.intent.action.PTT.up
2026-03-25 13:54:04.076   757-919   ContextImpl             system_server                        W  Calling a method in the system process without a qualified user: android.app.ContextImpl.sendBroadcast:967 com.android.server.policy.PhoneWindowManager.sendBC:6496 com.android.server.policy.PhoneWindowManager.interceptKeyBeforeQueueing:6852 com.freeme.server.policy.FreemePhoneWindowManager.interceptKeyBeforeQueueing:301 com.android.server.wm.InputMonitor.interceptKeyBeforeQueueing:449 
2026-03-25 13:54:04.077   757-919   ActivityManager         system_server                        E  Sending non-protected broadcast android.intent.action.PTT.up from system 757:system/1000 pkg android (Explain with AI)
                                                                                                    java.lang.Throwable
                                                                                                    	at com.android.server.am.ActivityManagerService.checkBroadcastFromSystem(ActivityManagerService.java:19307)
                                                                                                    	at com.android.server.am.ActivityManagerService.broadcastIntentLocked(ActivityManagerService.java:19827)
                                                                                                    	at com.android.server.am.ActivityManagerService.broadcastIntent(ActivityManagerService.java:20062)
                                                                                                    	at android.app.ContextImpl.sendBroadcast(ContextImpl.java:971)
                                                                                                    	at com.android.server.policy.PhoneWindowManager.sendBC(PhoneWindowManager.java:6496)
                                                                                                    	at com.android.server.policy.PhoneWindowManager.interceptKeyBeforeQueueing(PhoneWindowManager.java:6852)
                                                                                                    	at com.freeme.server.policy.FreemePhoneWindowManager.interceptKeyBeforeQueueing(FreemePhoneWindowManager.java:301)
                                                                                                    	at com.android.server.wm.InputMonitor.interceptKeyBeforeQueueing(InputMonitor.java:449)
                                                                                                    	at com.android.server.input.InputManagerService.interceptKeyBeforeQueueing(InputManagerService.java:1975)
2026-03-25 13:54:04.078   364-374   HWComposer              surfaceflinger                       W  Ignoring duplicate VSYNC event from HWC (t=0)
2026-03-25 13:54:04.089   757-919   AES                     system_server                        W  Exception Log handling...
2026-03-25 13:54:04.091   757-919   AES                     system_server                        D  ExceptionLog: notify aed (process:system_server pid:757 cause:system_server_wtf )
2026-03-25 13:54:04.091   757-919   AEE_LIBAEE              system_server                        D  shell: raise_exp(11, 757, -1361051648, system_server, 0x0x960f5140, 0x0x0)
2026-03-25 13:54:04.092   757-919   AEE_LIBAEE              system_server                        D  com.mtk.aee.aedshell: connected with AED OK
2026-03-25 13:54:04.093   690-690   AEE_AED                 aee_aed                              D  $===AEE===AEE===AEE===$
2026-03-25 13:54:04.093   690-690   AEE_AED                 aee_aed                              D  p 1 poll events 1 revents 1
2026-03-25 13:54:04.094   690-690   AEE_AED                 aee_aed                              D  PPM cpu cores:4, online:4
2026-03-25 13:54:04.095   757-918   zhouzhe                 system_server                        D  keyCode222 = 230
2026-03-25 13:54:04.096   690-690   AEE_AED                 aee_aed                              D  aed_main_fork_worker: generator 0xaec09440, worker 0xbee7c798, recv_fd 10
2026-03-25 13:54:04.098 31771-31771 AEE_AED                 pid-31771                            D  read success, handling msg (Ind, AE_IND_WRN_RAISED)
2026-03-25 13:54:04.098 31771-31771 AEE_AED                 pid-31771                            I  [preset_info] pid: 757, tid: -1361051648, name: UNKNOWN  >>> system_server <<<
2026-03-25 13:54:04.099 31771-31771 AEE_AED                 pid-31771                            D  u:r:system_server:s0
2026-03-25 13:54:04.099 31771-31771 AEE_AED                 pid-31771                            V  dashboard_record_update() : rec->module = system_server 
2026-03-25 13:54:04.099 31771-31771 AEE_AED                 pid-31771                            D  Skip duplicated exception ! 
2026-03-25 13:54:04.099 31771-31771 AEE_AED                 pid-31771                            D  Exception Class: 11 
2026-03-25 13:54:04.099 31771-31771 AEE_AED                 pid-31771                            D  Module: system_server 
2026-03-25 13:54:04.099 31771-31771 AEE_AED                 pid-31771                            D  Count: 485 
2026-03-25 13:54:04.099 31771-31771 AEE_AED                 pid-31771                            D  Last exception time: 1774461243 
                                                                                                     
2026-03-25 13:54:04.099 31771-31771 AEE_AED                 pid-31771                            V  process session - skipped 
2026-03-25 13:54:04.099   757-919   AEE_LIBAEE              system_server                        D  shell: got the request (cmd:Ind,AE_IND_LOG_CLOSE)
2026-03-25 13:54:04.099   757-919   AEE_LIBAEE              system_server                        D  shell: Got session close ind from AED
2026-03-25 13:54:04.100   757-919   ActivityManager         system_server                        E  Sending non-protected broadcast android.intent.action.PTT.up from system 757:system/1000 pkg android (Explain with AI)
                                                                                                    java.lang.Throwable
                                                                                                    	at com.android.server.am.ActivityManagerService.checkBroadcastFromSystem(ActivityManagerService.java:19307)
                                                                                                    	at com.android.server.am.ActivityManagerService.broadcastIntentLocked(ActivityManagerService.java:19920)
                                                                                                    	at com.android.server.am.ActivityManagerService.broadcastIntent(ActivityManagerService.java:20062)
                                                                                                    	at android.app.ContextImpl.sendBroadcast(ContextImpl.java:971)
                                                                                                    	at com.android.server.policy.PhoneWindowManager.sendBC(PhoneWindowManager.java:6496)
                                                                                                    	at com.android.server.policy.PhoneWindowManager.interceptKeyBeforeQueueing(PhoneWindowManager.java:6852)
                                                                                                    	at com.freeme.server.policy.FreemePhoneWindowManager.interceptKeyBeforeQueueing(FreemePhoneWindowManager.java:301)
                                                                                                    	at com.android.server.wm.InputMonitor.interceptKeyBeforeQueueing(InputMonitor.java:449)
                                                                                                    	at com.android.server.input.InputManagerService.interceptKeyBeforeQueueing(InputManagerService.java:1975)
2026-03-25 13:54:04.100   690-690   AEE_AED                 aee_aed                              D  clear ppm settings
2026-03-25 13:54:04.102   364-374   HWComposer              surfaceflinger                       W  Ignoring duplicate VSYNC event from HWC (t=0)
2026-03-25 13:54:04.111   690-690   AEE_AED                 aee_aed                              D  $===AEE===AEE===AEE===$
2026-03-25 13:54:04.114   757-919   AES                     system_server                        W  Exception Log handling...
2026-03-25 13:54:04.115   351-532   hwcomposer              and...graphics.composer@2.1-service  W  [JOB] (2) copyvds is ture but vir buffer format is not HAL_PIXEL_FORMAT_YV12  
2026-03-25 13:54:04.118   757-919   AES                     system_server                        D  ExceptionLog: notify aed (process:system_server pid:757 cause:system_server_wtf )
2026-03-25 13:54:04.118   757-919   AEE_LIBAEE              system_server                        D  shell: raise_exp(11, 757, -1361051648, system_server, 0x0x95ad77c0, 0x0x0)
2026-03-25 13:54:04.119   757-919   AEE_LIBAEE              system_server                        D  com.mtk.aee.aedshell: connected with AED OK
2026-03-25 13:54:04.122 30781-31755 [PTT-DIAG]              com.reedersystems.commandcomms       D  Radio TX: transmitStart signaled for DISPATCH__DISPATCH
2026-03-25 13:54:04.126   364-374   HWComposer              surfaceflinger                       W  Ignoring duplicate VSYNC event from HWC (t=0)
2026-03-25 13:54:04.131   690-690   AEE_AED                 aee_aed                              D  $===AEE===AEE===AEE===$
2026-03-25 13:54:04.131   690-690   AEE_AED                 aee_aed                              D  p 1 poll events 1 revents 1
2026-03-25 13:54:04.132   690-690   AEE_AED                 aee_aed                              D  PPM cpu cores:4, online:4
2026-03-25 13:54:04.133   690-690   AEE_AED                 aee_aed                              D  aed_main_fork_worker: generator 0xaec09440, worker 0xbee7c798, recv_fd 10
2026-03-25 13:54:04.135 31773-31773 AEE_AED                 pid-31773                            D  read success, handling msg (Ind, AE_IND_WRN_RAISED)
2026-03-25 13:54:04.136   364-846   BufferQueueProducer     surfaceflinger                       I  [com.reedersystems.commandcomms/com.reedersystems.commandcomms.MainActivity#0](this:0xa54ff000,id:170,api:1,p:30781,c:364) queueBuffer: fps=0.01 dur=207359.15 max=207348.91 min=10.24
2026-03-25 13:54:04.136 31773-31773 AEE_AED                 pid-31773                            I  [preset_info] pid: 757, tid: -1361051648, name: UNKNOWN  >>> system_server <<<
2026-03-25 13:54:04.136 31773-31773 AEE_AED                 pid-31773                            D  u:r:system_server:s0
2026-03-25 13:54:04.136 31773-31773 AEE_AED                 pid-31773                            V  dashboard_record_update() : rec->module = system_server 
2026-03-25 13:54:04.136 31773-31773 AEE_AED                 pid-31773                            D  Skip duplicated exception ! 
2026-03-25 13:54:04.136 31773-31773 AEE_AED                 pid-31773                            D  Exception Class: 11 
2026-03-25 13:54:04.136 31773-31773 AEE_AED                 pid-31773                            D  Module: system_server 
2026-03-25 13:54:04.136 31773-31773 AEE_AED                 pid-31773                            D  Count: 486 
2026-03-25 13:54:04.136 31773-31773 AEE_AED                 pid-31773                            D  Last exception time: 1774461244 
                                                                                                     
2026-03-25 13:54:04.137 31773-31773 AEE_AED                 pid-31773                            V  process session - skipped 
2026-03-25 13:54:04.138   690-690   AEE_AED                 aee_aed                              D  clear ppm settings
2026-03-25 13:54:04.138   757-919   AEE_LIBAEE              system_server                        D  shell: got the request (cmd:Ind,AE_IND_LOG_CLOSE)
2026-03-25 13:54:04.138   757-919   AEE_LIBAEE              system_server                        D  shell: Got session close ind from AED
2026-03-25 13:54:04.142   757-918   zhouzhe                 system_server                        D  keyCode222 = 230
2026-03-25 13:54:04.148   364-374   HWComposer              surfaceflinger                       W  Ignoring duplicate VSYNC event from HWC (t=0)
2026-03-25 13:54:04.148   351-532   hwcomposer              and...graphics.composer@2.1-service  W  [JOB] (2) copyvds is ture but vir buffer format is not HAL_PIXEL_FORMAT_YV12  
2026-03-25 13:54:04.151   355-355   NxpFwDnld               vendor.nxp.nxpnfc@1.0-service        D  Allocating Mem for Dnld Context..
2026-03-25 13:54:04.151   355-355   NxpHal                  vendor.nxp.nxpnfc@1.0-service        D  Calling Seq handler for FW Download 
2026-03-25 13:54:04.151   355-355   NxpExtns                vendor.nxp.nxpnfc@1.0-service        D  find found NXP_FW_NAME=libpn553_fw.so
2026-03-25 13:54:04.152   690-690   AEE_AED                 aee_aed                              D  $===AEE===AEE===AEE===$
2026-03-25 13:54:04.153   355-355   NxpFwDnld               vendor.nxp.nxpnfc@1.0-service        D  @@@/system/vendor/firmware/libpn553_fw.so
2026-03-25 13:54:04.153   355-355   NxpFwDnld               vendor.nxp.nxpnfc@1.0-service        E  FW Image Length - ImageInfoLen 34358
2026-03-25 13:54:04.153   355-355   NxpFwDnld               vendor.nxp.nxpnfc@1.0-service        E  FW Image Info Pointer - pImageInfo 0xa95632d0
2026-03-25 13:54:04.153   355-355   NxpFwDnld               vendor.nxp.nxpnfc@1.0-service        E  FW Major Version Num - 1
2026-03-25 13:54:04.153   355-355   NxpFwDnld               vendor.nxp.nxpnfc@1.0-service        E  FW Minor Version Num - 16
2026-03-25 13:54:04.153   355-355   NxpFwDnld               vendor.nxp.nxpnfc@1.0-service        E  FW Image Length - 34358
2026-03-25 13:54:04.153   355-355   NxpFwDnld               vendor.nxp.nxpnfc@1.0-service        E  FW Image Info Pointer - 0xa95632d0
2026-03-25 13:54:04.153   355-355   NxpFwDnld               vendor.nxp.nxpnfc@1.0-service        D  phDnldNfc_InitImgInfo:SUCCESS
2026-03-25 13:54:04.153   355-355   NxpFwDnld               vendor.nxp.nxpnfc@1.0-service        D  Processing R/W Sequence..
2026-03-25 13:54:04.154   355-355   NxpFwDnld               vendor.nxp.nxpnfc@1.0-service        D  Response Timer Created Successfully
2026-03-25 13:54:04.154   355-355   NxpFwDnld               vendor.nxp.nxpnfc@1.0-service        D  Inserting FrameId ..
2026-03-25 13:54:04.154   355-355   NxpFwDnld               vendor.nxp.nxpnfc@1.0-service        D  Frame created successfully
2026-03-25 13:54:04.154   355-1634  NxpTml                  vendor.nxp.nxpnfc@1.0-service        D  PN54X - Write requested.....
2026-03-25 13:54:04.154   355-1634  NxpTml                  vendor.nxp.nxpnfc@1.0-service        D  PN54X - Invoking I2C Write.....
2026-03-25 13:54:04.154   355-355   NxpFwDnld               vendor.nxp.nxpnfc@1.0-service        D  Force Command Request submitted successfully
2026-03-25 13:54:04.157   757-836   BroadcastQueue          system_server                        W  Background execution not allowed: receiving Intent { act=android.intent.action.DROPBOX_ENTRY_ADDED flg=0x10 (has extras) } to com.google.android.gms/.stats.service.DropBoxEntryAddedReceiver
2026-03-25 13:54:04.158 30781-30781 [PTT-DIAG]              com.reedersystems.commandcomms       D  PTT_TX_STARTED received — setting pttState = TRANSMITTING
2026-03-25 13:54:04.157   404-404   gle.vp8.encoder         media.codec                          W  type=1400 audit(0.0:31305): avc: denied { getattr } for path="/dev/sw_sync" dev="tmpfs" ino=236 scontext=u:r:mediacodec:s0 tcontext=u:object_r:sw_sync_device:s0 tclass=chr_file permissive=0
2026-03-25 13:54:04.164   351-532   hwcomposer              and...graphics.composer@2.1-service  W  [JOB] (2) copyvds is ture but vir buffer format is not HAL_PIXEL_FORMAT_YV12  
2026-03-25 13:54:04.171   364-374   HWComposer              surfaceflinger                       W  Ignoring duplicate VSYNC event from HWC (t=0)
2026-03-25 13:54:04.175 30781-30781 [PTT-DIAG]              com.reedersystems.commandcomms       D  PttHardwareReceiver.onReceive action=android.intent.action.PTT.up extras=null
2026-03-25 13:54:04.177 30781-30781 [PTT-DIAG]              com.reedersystems.commandcomms       D  PttHardwareReceiver: mapped action=android.intent.action.PTT.up -> svcAction=com.reedersystems.commandcomms.SVC_PTT_UP
2026-03-25 13:54:04.179 30781-30781 [PTT-DIAG]              com.reedersystems.commandcomms       D  PttHardwareReceiver: WakeLock acquired (auto-releases in 5000ms)
2026-03-25 13:54:04.180   355-1634  NxpTml                  vendor.nxp.nxpnfc@1.0-service        E  _i2c_write() errno : 5
2026-03-25 13:54:04.180   355-1634  NxpHal                  vendor.nxp.nxpnfc@1.0-service        E  PN54X - Error in I2C Write  - Retry 0x1
2026-03-25 13:54:04.184 30781-30781 [PTT-DIAG]              com.reedersystems.commandcomms       D  handleRadioPttUp pttState=TRANSMITTING
2026-03-25 13:54:04.180   404-404   gle.vp8.encoder         media.codec                          W  type=1400 audit(0.0:31306): avc: denied { getattr } for path="/dev/sw_sync" dev="tmpfs" ino=236 scontext=u:r:mediacodec:s0 tcontext=u:object_r:sw_sync_device:s0 tclass=chr_file permissive=0
2026-03-25 13:54:04.191   355-1634  NxpTml                  vendor.nxp.nxpnfc@1.0-service        D  PN54X - Invoking I2C Write.....
2026-03-25 13:54:04.194   364-374   HWComposer              surfaceflinger                       W  Ignoring duplicate VSYNC event from HWC (t=0)
2026-03-25 13:54:04.214 30781-30781 [PTT-DIAG]              com.reedersystems.commandcomms       D  MainActivity PTT UP source=MainActivity code=230 action=UP ts=1774461244214
2026-03-25 13:54:04.214   355-1634  NxpTml                  vendor.nxp.nxpnfc@1.0-service        E  _i2c_write() errno : 5
2026-03-25 13:54:04.214   355-1634  NxpHal                  vendor.nxp.nxpnfc@1.0-service        E  PN54X - Error in I2C Write  - Retry 0x2
2026-03-25 13:54:04.214 30781-30781 [PTT-DIAG]              com.reedersystems.commandcomms       D  MainActivity PTT UP — forwarding to BackgroundAudioService (signaling=true)
2026-03-25 13:54:04.218   364-374   HWComposer              surfaceflinger                       W  Ignoring duplicate VSYNC event from HWC (t=0)
2026-03-25 13:54:04.223 30781-30781 [PTT-DIAG]              com.reedersystems.commandcomms       D  handleRadioPttUp pttState=IDLE
2026-03-25 13:54:04.225   355-1634  NxpTml                  vendor.nxp.nxpnfc@1.0-service        D  PN54X - Invoking I2C Write.....
2026-03-25 13:54:04.229 30781-30821 [FloorCtrl]             com.reedersystems.commandcomms       D  Floor GRANTED
2026-03-25 13:54:04.231 30781-31757 [PTT-DIAG]              com.reedersystems.commandcomms       D  Floor GRANTED — starting TX
2026-03-25 13:54:04.239   969-969   StatusBar               com.android.systemui                 D  onNotificationPosted: StatusBarNotification(pkg=com.reedersystems.commandcomms user=UserHandle{0} id=1001 tag=null key=0|com.reedersystems.commandcomms|1001|null|10138: Notification(channel=ptt_service pri=-1 contentView=null vibrate=null sound=null defaults=0x0 flags=0x62 color=0x00000000 vis=PRIVATE))
2026-03-25 13:54:04.237   404-404   gle.vp8.encoder         media.codec                          W  type=1400 audit(0.0:31307): avc: denied { getattr } for path="/dev/sw_sync" dev="tmpfs" ino=236 scontext=u:r:mediacodec:s0 tcontext=u:object_r:sw_sync_device:s0 tclass=chr_file permissive=0
2026-03-25 13:54:04.241   364-374   HWComposer              surfaceflinger                       W  Ignoring duplicate VSYNC event from HWC (t=0)
2026-03-25 13:54:04.248   387-31760 AudioFlinger_Threads    audioserver                          W  RecordThread: buffer overflow
2026-03-25 13:54:04.248   351-532   hwcomposer              and...graphics.composer@2.1-service  W  [JOB] (2) copyvds is ture but vir buffer format is not HAL_PIXEL_FORMAT_YV12  
2026-03-25 13:54:04.251   355-1634  NxpTml                  vendor.nxp.nxpnfc@1.0-service        E  _i2c_write() errno : 5
2026-03-25 13:54:04.251   355-1634  NxpHal                  vendor.nxp.nxpnfc@1.0-service        E  PN54X - Error in I2C Write  - Retry 0x3
2026-03-25 13:54:04.254   969-969   StatusBar               com.android.systemui                 D  No peeking: unimportant notification: 0|com.reedersystems.commandcomms|1001|null|10138
2026-03-25 13:54:04.261   355-1634  NxpTml                  vendor.nxp.nxpnfc@1.0-service        D  PN54X - Invoking I2C Write.....
2026-03-25 13:54:04.265   364-374   HWComposer              surfaceflinger                       W  Ignoring duplicate VSYNC event from HWC (t=0)
2026-03-25 13:54:04.270   404-404   gle.vp8.encoder         media.codec                          W  type=1400 audit(0.0:31308): avc: denied { getattr } for path="/dev/sw_sync" dev="tmpfs" ino=236 scontext=u:r:mediacodec:s0 tcontext=u:object_r:sw_sync_device:s0 tclass=chr_file permissive=0
2026-03-25 13:54:04.281   351-532   hwcomposer              and...graphics.composer@2.1-service  W  [JOB] (2) copyvds is ture but vir buffer format is not HAL_PIXEL_FORMAT_YV12  
2026-03-25 13:54:04.288   364-374   HWComposer              surfaceflinger                       W  Ignoring duplicate VSYNC event from HWC (t=0)
2026-03-25 13:54:04.283   404-404   gle.vp8.encoder         media.codec                          W  type=1400 audit(0.0:31309): avc: denied { getattr } for path="/dev/sw_sync" dev="tmpfs" ino=236 scontext=u:r:mediacodec:s0 tcontext=u:object_r:sw_sync_device:s0 tclass=chr_file permissive=0
2026-03-25 13:54:04.289   355-1634  NxpTml                  vendor.nxp.nxpnfc@1.0-service        E  _i2c_write() errno : 5
2026-03-25 13:54:04.289   355-1634  NxpTml                  vendor.nxp.nxpnfc@1.0-service        E  PN54X - Error in I2C Write.....
2026-03-25 13:54:04.289   355-1634  NxpTml                  vendor.nxp.nxpnfc@1.0-service        D  PN54X - Posting Fresh Write message.....
2026-03-25 13:54:04.289   355-1634  NxpTml                  vendor.nxp.nxpnfc@1.0-service        D  PN54X - Tml Writer Thread Running................
2026-03-25 13:54:04.289   355-1636  NxpFwDnld               vendor.nxp.nxpnfc@1.0-service        E  Tml Write error!!
2026-03-25 13:54:04.289   355-1636  NxpFwDnld               vendor.nxp.nxpnfc@1.0-service        E  phNxpNciHal_fw_dnld_normal_cb - Request Failed!!
2026-03-25 13:54:04.289   355-355   NxpFwDnld               vendor.nxp.nxpnfc@1.0-service        D  Processing R/W Sequence..
2026-03-25 13:54:04.290   355-355   NxpFwDnld               vendor.nxp.nxpnfc@1.0-service        D  Response Timer Created Successfully
2026-03-25 13:54:04.290   355-355   NxpFwDnld               vendor.nxp.nxpnfc@1.0-service        D  Inserting FrameId ..
2026-03-25 13:54:04.290   355-355   NxpFwDnld               vendor.nxp.nxpnfc@1.0-service        D  Frame created successfully
2026-03-25 13:54:04.290   355-355   NxpFwDnld               vendor.nxp.nxpnfc@1.0-service        D  Force Command Request submitted successfully
2026-03-25 13:54:04.291   355-1634  NxpTml                  vendor.nxp.nxpnfc@1.0-service        D  PN54X - Write requested.....
2026-03-25 13:54:04.291   355-1634  NxpTml                  vendor.nxp.nxpnfc@1.0-service        D  PN54X - Invoking I2C Write.....
2026-03-25 13:54:04.293   404-404   gle.vp8.encoder         media.codec                          W  type=1400 audit(0.0:31310): avc: denied { getattr } for path="/dev/sw_sync" dev="tmpfs" ino=236 scontext=u:r:mediacodec:s0 tcontext=u:object_r:sw_sync_device:s0 tclass=chr_file permissive=0
2026-03-25 13:54:04.300   404-404   gle.vp8.encoder         media.codec                          W  type=1400 audit(0.0:31311): avc: denied { getattr } for path="/dev/sw_sync" dev="tmpfs" ino=236 scontext=u:r:mediacodec:s0 tcontext=u:object_r:sw_sync_device:s0 tclass=chr_file permissive=0
2026-03-25 13:54:04.309   355-1634  NxpTml                  vendor.nxp.nxpnfc@1.0-service        E  _i2c_write() errno : 5
2026-03-25 13:54:04.310   355-1634  NxpHal                  vendor.nxp.nxpnfc@1.0-service        E  PN54X - Error in I2C Write  - Retry 0x1
2026-03-25 13:54:04.311   364-374   HWComposer              surfaceflinger                       W  Ignoring duplicate VSYNC event from HWC (t=0)
2026-03-25 13:54:04.320   355-1634  NxpTml                  vendor.nxp.nxpnfc@1.0-service        D  PN54X - Invoking I2C Write.....
2026-03-25 13:54:04.329   351-532   hwcomposer              and...graphics.composer@2.1-service  W  [JOB] (2) copyvds is ture but vir buffer format is not HAL_PIXEL_FORMAT_YV12  
2026-03-25 13:54:04.330   404-404   gle.vp8.encoder         media.codec                          W  type=1400 audit(0.0:31312): avc: denied { getattr } for path="/dev/sw_sync" dev="tmpfs" ino=236 scontext=u:r:mediacodec:s0 tcontext=u:object_r:sw_sync_device:s0 tclass=chr_file permissive=0
2026-03-25 13:54:04.335   364-374   HWComposer              surfaceflinger                       W  Ignoring duplicate VSYNC event from HWC (t=0)
2026-03-25 13:54:04.340   355-1634  NxpTml                  vendor.nxp.nxpnfc@1.0-service        E  _i2c_write() errno : 5
2026-03-25 13:54:04.341   355-1634  NxpHal                  vendor.nxp.nxpnfc@1.0-service        E  PN54X - Error in I2C Write  - Retry 0x2
2026-03-25 13:54:04.346   351-532   hwcomposer              and...graphics.composer@2.1-service  W  [JOB] (2) copyvds is ture but vir buffer format is not HAL_PIXEL_FORMAT_YV12  
2026-03-25 13:54:04.351   355-1634  NxpTml                  vendor.nxp.nxpnfc@1.0-service        D  PN54X - Invoking I2C Write.....
2026-03-25 13:54:04.350   404-404   gle.vp8.encoder         media.codec                          W  type=1400 audit(0.0:31313): avc: denied { getattr } for path="/dev/sw_sync" dev="tmpfs" ino=236 scontext=u:r:mediacodec:s0 tcontext=u:object_r:sw_sync_device:s0 tclass=chr_file permissive=0
2026-03-25 13:54:04.358   364-374   HWComposer              surfaceflinger                       W  Ignoring duplicate VSYNC event from HWC (t=0)
2026-03-25 13:54:04.363   351-532   hwcomposer              and...graphics.composer@2.1-service  W  [JOB] (2) copyvds is ture but vir buffer format is not HAL_PIXEL_FORMAT_YV12  
2026-03-25 13:54:04.367   404-404   gle.vp8.encoder         media.codec                          W  type=1400 audit(0.0:31314): avc: denied { getattr } for path="/dev/sw_sync" dev="tmpfs" ino=236 scontext=u:r:mediacodec:s0 tcontext=u:object_r:sw_sync_device:s0 tclass=chr_file permissive=0
2026-03-25 13:54:04.368   404-495   BufferQueueProducer     media.codec                          I  [GraphicBufferSource](this:0xaa806000,id:6,api:1,p:404,c:404) queueBuffer: fps=12.99 dur=1001.04 max=616.79 min=16.01
2026-03-25 13:54:04.379   355-1634  NxpTml                  vendor.nxp.nxpnfc@1.0-service        E  _i2c_write() errno : 5
2026-03-25 13:54:04.379   355-1634  NxpHal                  vendor.nxp.nxpnfc@1.0-service        E  PN54X - Error in I2C Write  - Retry 0x3
2026-03-25 13:54:04.381   364-374   HWComposer              surfaceflinger                       W  Ignoring duplicate VSYNC event from HWC (t=0)
2026-03-25 13:54:04.389   355-1634  NxpTml                  vendor.nxp.nxpnfc@1.0-service        D  PN54X - Invoking I2C Write.....
2026-03-25 13:54:04.404   364-374   HWComposer              surfaceflinger                       W  Ignoring duplicate VSYNC event from HWC (t=0)
2026-03-25 13:54:04.408   355-1634  NxpTml                  vendor.nxp.nxpnfc@1.0-service        E  _i2c_write() errno : 5
2026-03-25 13:54:04.409   355-1634  NxpTml                  vendor.nxp.nxpnfc@1.0-service        E  PN54X - Error in I2C Write.....
2026-03-25 13:54:04.409   355-1634  NxpTml                  vendor.nxp.nxpnfc@1.0-service        D  PN54X - Posting Fresh Write message.....
2026-03-25 13:54:04.409   355-1634  NxpTml                  vendor.nxp.nxpnfc@1.0-service        D  PN54X - Tml Writer Thread Running................
2026-03-25 13:54:04.409   355-1636  NxpFwDnld               vendor.nxp.nxpnfc@1.0-service        E  Tml Write error!!
2026-03-25 13:54:04.409   355-1636  NxpFwDnld               vendor.nxp.nxpnfc@1.0-service        E  phNxpNciHal_fw_dnld_normal_cb - Request Failed!!
2026-03-25 13:54:04.409   355-355   NxpFwDnld               vendor.nxp.nxpnfc@1.0-service        D  Processing Normal Sequence..
2026-03-25 13:54:04.409   355-355   NxpFwDnld               vendor.nxp.nxpnfc@1.0-service        D  Initializing Sequence..
2026-03-25 13:54:04.410   355-355   NxpFwDnld               vendor.nxp.nxpnfc@1.0-service        D  Response Timer Created Successfully
2026-03-25 13:54:04.410   355-355   NxpFwDnld               vendor.nxp.nxpnfc@1.0-service        D  Inserting FrameId ..
2026-03-25 13:54:04.410   355-355   NxpFwDnld               vendor.nxp.nxpnfc@1.0-service        D  Frame created successfully
2026-03-25 13:54:04.410   355-355   NxpFwDnld               vendor.nxp.nxpnfc@1.0-service        D  GetSessionState Request submitted successfully
2026-03-25 13:54:04.410   355-1634  NxpTml                  vendor.nxp.nxpnfc@1.0-service        D  PN54X - Write requested.....
2026-03-25 13:54:04.410   355-1634  NxpTml                  vendor.nxp.nxpnfc@1.0-service        D  PN54X - Invoking I2C Write.....
2026-03-25 13:54:04.428   364-374   HWComposer              surfaceflinger                       W  Ignoring duplicate VSYNC event from HWC (t=0)
2026-03-25 13:54:04.429   355-1634  NxpTml                  vendor.nxp.nxpnfc@1.0-service        E  _i2c_write() errno : 5
2026-03-25 13:54:04.429   355-1634  NxpHal                  vendor.nxp.nxpnfc@1.0-service        E  PN54X - Error in I2C Write  - Retry 0x1
2026-03-25 13:54:04.439   355-1634  NxpTml                  vendor.nxp.nxpnfc@1.0-service        D  PN54X - Invoking I2C Write.....
2026-03-25 13:54:04.451   364-374   HWComposer              surfaceflinger                       W  Ignoring duplicate VSYNC event from HWC (t=0)
2026-03-25 13:54:04.460   355-1634  NxpTml                  vendor.nxp.nxpnfc@1.0-service        E  _i2c_write() errno : 5
2026-03-25 13:54:04.460   355-1634  NxpHal                  vendor.nxp.nxpnfc@1.0-service        E  PN54X - Error in I2C Write  - Retry 0x2
2026-03-25 13:54:04.467   387-623   AudioFlinger_Threads    audioserver                          I  BUFFER TIMEOUT: remove(4099) from active list on thread 0xa9703b80
2026-03-25 13:54:04.467   404-404   gle.vp8.encoder         media.codec                          W  type=1400 audit(0.0:31315): avc: denied { getattr } for path="/dev/sw_sync" dev="tmpfs" ino=236 scontext=u:r:mediacodec:s0 tcontext=u:object_r:sw_sync_device:s0 tclass=chr_file permissive=0
2026-03-25 13:54:04.471   355-1634  NxpTml                  vendor.nxp.nxpnfc@1.0-service        D  PN54X - Invoking I2C Write.....
2026-03-25 13:54:04.474   364-374   HWComposer              surfaceflinger                       W  Ignoring duplicate VSYNC event from HWC (t=0)
2026-03-25 13:54:04.483   387-527   APM_AudioPolicyManager  audioserver                          D  stopOutput() output 13, stream 0, session 2217
2026-03-25 13:54:04.483   387-527   APM::Audio...Descriptor audioserver                          V  changeRefCount() stream 0, count 0
2026-03-25 13:54:04.492   355-1634  NxpTml                  vendor.nxp.nxpnfc@1.0-service        E  _i2c_write() errno : 5
2026-03-25 13:54:04.492   355-1634  NxpHal                  vendor.nxp.nxpnfc@1.0-service        E  PN54X - Error in I2C Write  - Retry 0x3
2026-03-25 13:54:04.498   364-374   HWComposer              surfaceflinger                       W  Ignoring duplicate VSYNC event from HWC (t=0)
2026-03-25 13:54:04.505   355-1634  NxpTml                  vendor.nxp.nxpnfc@1.0-service        D  PN54X - Invoking I2C Write.....
