2026-03-30 19:39:08.653 25998-25998 gle.vp8.encoder         media.codec                          W  type=1400 audit(0.0:252516): avc: denied { getattr } for path="/dev/sw_sync" dev="tmpfs" ino=236 scontext=u:r:mediacodec:s0 tcontext=u:object_r:sw_sync_device:s0 tclass=chr_file permissive=0
2026-03-30 19:39:08.666 26078-13805 AudioALSAStreamOut      and...re.audio@2.0-service-mediatek  D  standby(), flag 6
2026-03-30 19:39:08.666 26078-13805 AudioALSAStreamOut      and...re.audio@2.0-service-mediatek  D  standbyStreamOut(), flag 6
2026-03-30 19:39:08.666 26078-13805 AudioALSAStreamOut      and...re.audio@2.0-service-mediatek  D  close(), flags 6, mMixerOutInUse 0
2026-03-30 19:39:08.666 26078-13805 AudioALSAP...dlerNormal and...re.audio@2.0-service-mediatek  D  +close(), flag 6, mDevice = 0x2
2026-03-30 19:39:08.666 26078-13805 AudioVoiceUIDL          and...re.audio@2.0-service-mediatek  D  [SetInputStandBy] ReadRefFromRing to exit? (0) 
2026-03-30 19:39:08.667 26078-13805 AudioALSAH...rceManager and...re.audio@2.0-service-mediatek  D  +stopOutputDevice(), mOutputDevices = 0x2, mStartOutputDevicesCount = 1
2026-03-30 19:39:08.667 26078-13805 AudioALSAD...figManager and...re.audio@2.0-service-mediatek  D  ApplyDeviceTurnoffSequenceByName(), DeviceName = ext_speaker_output descriptor->DeviceStatusCounter = 1
2026-03-30 19:39:08.667 26078-13805 AudioALSAD...figManager and...re.audio@2.0-service-mediatek  D  ApplyDeviceTurnoffSequenceByName(), DeviceName = speaker_output descriptor->DeviceStatusCounter = 1
2026-03-30 19:39:08.668 26078-13805 AudioALSADriverUtility  and...re.audio@2.0-service-mediatek  D  GetPropertyValue key = af.resouce.extdac_support value = 0
2026-03-30 19:39:08.668 26078-13805 AudioALSAP...andlerBase and...re.audio@2.0-service-mediatek  D  closePcmDriver(), mPcm = 0xae728c40
2026-03-30 19:39:08.668 26078-13805 AudioALSADriverUtility  and...re.audio@2.0-service-mediatek  D  GetPropertyValue key = af.resouce.extdac_support value = 0
2026-03-30 19:39:08.668 26078-13805 AudioALSAP...dlerNormal and...re.audio@2.0-service-mediatek  D  SetLowJitterMode(), bypass low jitter mode, bEnable = 0, device = 0x2, SampleRate = 48000
2026-03-30 19:39:08.668 26078-13805 MtkAudioBitConverter    and...re.audio@2.0-service-mediatek  D  +close()
2026-03-30 19:39:08.668 26078-13805 AudioALSAP...andlerBase and...re.audio@2.0-service-mediatek  D  DeinitDataPending
2026-03-30 19:39:08.669 26078-13805 AudioALSAP...dlerNormal and...re.audio@2.0-service-mediatek  D  -close()
2026-03-30 19:39:08.669 26078-13805 AudioALSAStreamManager  and...re.audio@2.0-service-mediatek  D  -destroyPlaybackHandler(), mode = 0, pPlaybackHandler = 0xad112300, mPlaybackHandlerVector.size() = 0
2026-03-30 19:39:08.669 26078-13805 AudioALSAStreamOut      and...re.audio@2.0-service-mediatek  D  setMuteForRouting(), mute 0, flags 6
2026-03-30 19:39:08.669 26078-13805 AudioUtility            and...re.audio@2.0-service-mediatek  D  power_hal_hint - custPowerHint 0, data 0
2026-03-30 19:39:08.671   353-13317 vendor.med...r@1.1-impl merged_hal_service                   I  mtkCusPowerHint hint:0, data:0
2026-03-30 19:39:08.677 25998-25998 gle.vp8.encoder         media.codec                          W  type=1400 audit(0.0:252517): avc: denied { getattr } for path="/dev/sw_sync" dev="tmpfs" ino=236 scontext=u:r:mediacodec:s0 tcontext=u:object_r:sw_sync_device:s0 tclass=chr_file permissive=0
2026-03-30 19:39:08.684 26159-2210  MediaRouterService      system_server                        V  restoreBluetoothA2dp(false)
2026-03-30 19:39:08.687 26078-29085 AudioALSAStreamManager  and...re.audio@2.0-service-mediatek  D  +syncSharedOutDevice(), routingSharedOutDevice: 2
2026-03-30 19:39:08.687 26078-29085 AudioALSAStreamManager  and...re.audio@2.0-service-mediatek  D  setMasterVolume(), volume = 1.000000
2026-03-30 19:39:08.687 26078-29085 AudioMTKGainController  and...re.audio@2.0-service-mediatek  D  setNormalVolume(), mSceneIndex = 0, stream 8, devices 0x2, index 14, mode 0x0
2026-03-30 19:39:08.687 26078-29085 AudioMTKGainController  and...re.audio@2.0-service-mediatek  D  setSpeakerGain(), gain = 8, spkAnaType = 3, spkLMixerName = Lineout_PGAL_GAIN, spkRMixerName = Lineout_PGAR_GAIN
2026-03-30 19:39:08.688 26078-29085 AudioALSAStreamOut      and...re.audio@2.0-service-mediatek  D  open(), flags 6
2026-03-30 19:39:08.688 26078-29085 AudioUtility            and...re.audio@2.0-service-mediatek  D  power_hal_hint - custPowerHint 0, data 268435455
2026-03-30 19:39:08.688 26078-29085 AudioALSAStreamManager  and...re.audio@2.0-service-mediatek  D  +createPlaybackHandler(), mAudioMode = 0, output_devices = 0x2
2026-03-30 19:39:08.688 26078-29085 NVRAM                   and...re.audio@2.0-service-mediatek  D  getNumMicSupport(), dualMicFlag 1, numMicString 2
2026-03-30 19:39:08.688 26078-29085 NVRAM                   and...re.audio@2.0-service-mediatek  D  QueryFeatureSupportInfo(), feature support bit 0x1a097c57 
2026-03-30 19:39:08.688 26078-29085 AudioSpeechEnhanceInfo  and...re.audio@2.0-service-mediatek  D  IsAPDMNRTuningEnable(), 0
2026-03-30 19:39:08.688 26078-29085 AudioALSAP...dlerNormal and...re.audio@2.0-service-mediatek  D  AudioALSAPlaybackHandlerNormal()
2026-03-30 19:39:08.688   353-17619 vendor.med...r@1.1-impl merged_hal_service                   I  mtkCusPowerHint hint:0, data:268435455
2026-03-30 19:39:08.688 26078-29085 AudioALSAP...dlerNormal and...re.audio@2.0-service-mediatek  D  +setFilterMng() mAudioFilterManagerHandler [0xae716290]
2026-03-30 19:39:08.688 26078-29085 AudioALSAP...dlerNormal and...re.audio@2.0-service-mediatek  D  +open(), flag 6, mDevice = 0x2
2026-03-30 19:39:08.688 26078-29085 AudioALSADeviceParser   and...re.audio@2.0-service-mediatek  D  compare pcm success = 7, stringpair = I2S0DL1_PLayback
2026-03-30 19:39:08.689 26078-29085 <no-tag>                and...re.audio@2.0-service-mediatek  D  -AssignDRAM() retval 0
2026-03-30 19:39:08.689 26078-29085 AudioALSAP...andlerBase and...re.audio@2.0-service-mediatek  D  transferAudioFormatToPcmFormat(), audio_format(0x4) => pcm_format(0x1)
2026-03-30 19:39:08.689 26078-29085 AudioALSAP...dlerNormal and...re.audio@2.0-service-mediatek  D  open(), mConfig: channels = 2, rate = 48000, period_size = 256, period_count = 2, format = 1 avail_min = 256
2026-03-30 19:39:08.689 26078-29085 AudioALSADriverUtility  and...re.audio@2.0-service-mediatek  D  GetPropertyValue key = af.resouce.extdac_support value = 0
2026-03-30 19:39:08.689 26078-29085 AudioALSAP...dlerNormal and...re.audio@2.0-service-mediatek  D  SetLowJitterMode(), bypass low jitter mode, bEnable = 1, device = 0x2, SampleRate = 48000
2026-03-30 19:39:08.689 26078-29085 AudioALSAP...andlerBase and...re.audio@2.0-service-mediatek  D  openPcmDriverWithFlag(), pcm device = 7 flag = 0x8
2026-03-30 19:39:08.693 26078-29085 AudioALSAP...andlerBase and...re.audio@2.0-service-mediatek  D  initBitConverter(), audio_format: 0x3 => 0x4, bcv_pcm_format = 0x3
2026-03-30 19:39:08.693 26078-29085 MtkAudioBitConverter    and...re.audio@2.0-service-mediatek  D  +open(), format 3, CH 2, SR 48000
2026-03-30 19:39:08.693 26078-29085 MtkAudioBitConverter    and...re.audio@2.0-service-mediatek  D  +resetBuffer()
2026-03-30 19:39:08.693 26078-29085 AudioALSAH...rceManager and...re.audio@2.0-service-mediatek  D  +startOutputDevice(), new_devices = 0x2, mOutputDevices = 0x0, mStartOutputDevicesCount = 0 SampleRate = 48000
2026-03-30 19:39:08.693 26078-29085 AudioALSADriverUtility  and...re.audio@2.0-service-mediatek  D  GetPropertyValue key = af.resouce.extdac_support value = 0
2026-03-30 19:39:08.693 26078-29085 AudioALSAD...figManager and...re.audio@2.0-service-mediatek  D  ApplyDeviceTurnonSequenceByName() DeviceName = speaker_output descriptor->DeviceStatusCounte = 0
2026-03-30 19:39:08.694 26078-29085 AudioALSAD...figManager and...re.audio@2.0-service-mediatek  D  ApplyDeviceTurnonSequenceByName() DeviceName = ext_speaker_output descriptor->DeviceStatusCounte = 0
2026-03-30 19:39:08.699 26078-29085 AudioVoiceUIDL          and...re.audio@2.0-service-mediatek  D  [GetSRCInputParameter] mOutputSampleRate 16000,  mInputSampleRate 48000, mInChannel 2, mOutChannel, 0 format 4
2026-03-30 19:39:08.700 26078-29085 AudioVoiceUIDL          and...re.audio@2.0-service-mediatek  D  [GetSRCInputParameter] create SRC handle fail
2026-03-30 19:39:08.700 26078-29085 AudioALSAP...dlerNormal and...re.audio@2.0-service-mediatek  D  -open()
2026-03-30 19:39:08.720 25998-25998 gle.vp8.encoder         media.codec                          W  type=1400 audit(0.0:252518): avc: denied { getattr } for path="/dev/sw_sync" dev="tmpfs" ino=236 scontext=u:r:mediacodec:s0 tcontext=u:object_r:sw_sync_device:s0 tclass=chr_file permissive=0
2026-03-30 19:39:08.813 25998-25998 gle.vp8.encoder         media.codec                          W  type=1400 audit(0.0:252519): avc: denied { getattr } for path="/dev/sw_sync" dev="tmpfs" ino=236 scontext=u:r:mediacodec:s0 tcontext=u:object_r:sw_sync_device:s0 tclass=chr_file permissive=0
2026-03-30 19:39:08.857 26159-2210  MediaRouterService      system_server                        V  restoreBluetoothA2dp(false)
2026-03-30 19:39:08.913 25998-25998 gle.vp8.encoder         media.codec                          W  type=1400 audit(0.0:252520): avc: denied { getattr } for path="/dev/sw_sync" dev="tmpfs" ino=236 scontext=u:r:mediacodec:s0 tcontext=u:object_r:sw_sync_device:s0 tclass=chr_file permissive=0
2026-03-30 19:39:09.013 25998-25998 gle.vp8.encoder         media.codec                          W  type=1400 audit(0.0:252521): avc: denied { getattr } for path="/dev/sw_sync" dev="tmpfs" ino=236 scontext=u:r:mediacodec:s0 tcontext=u:object_r:sw_sync_device:s0 tclass=chr_file permissive=0
2026-03-30 19:39:09.113 25998-25998 gle.vp8.encoder         media.codec                          W  type=1400 audit(0.0:252522): avc: denied { getattr } for path="/dev/sw_sync" dev="tmpfs" ino=236 scontext=u:r:mediacodec:s0 tcontext=u:object_r:sw_sync_device:s0 tclass=chr_file permissive=0
2026-03-30 19:39:09.213 25998-25998 gle.vp8.encoder         media.codec                          W  type=1400 audit(0.0:252523): avc: denied { getattr } for path="/dev/sw_sync" dev="tmpfs" ino=236 scontext=u:r:mediacodec:s0 tcontext=u:object_r:sw_sync_device:s0 tclass=chr_file permissive=0
2026-03-30 19:39:09.317 25998-25998 gle.vp8.encoder         media.codec                          W  type=1400 audit(0.0:252524): avc: denied { getattr } for path="/dev/sw_sync" dev="tmpfs" ino=236 scontext=u:r:mediacodec:s0 tcontext=u:object_r:sw_sync_device:s0 tclass=chr_file permissive=0
2026-03-30 19:39:09.417 25998-25998 gle.vp8.encoder         media.codec                          W  type=1400 audit(0.0:252525): avc: denied { getattr } for path="/dev/sw_sync" dev="tmpfs" ino=236 scontext=u:r:mediacodec:s0 tcontext=u:object_r:sw_sync_device:s0 tclass=chr_file permissive=0
2026-03-30 19:39:09.517 25998-25998 gle.vp8.encoder         media.codec                          W  type=1400 audit(0.0:252526): avc: denied { getattr } for path="/dev/sw_sync" dev="tmpfs" ino=236 scontext=u:r:mediacodec:s0 tcontext=u:object_r:sw_sync_device:s0 tclass=chr_file permissive=0
2026-03-30 19:39:09.617 25998-25998 gle.vp8.encoder         media.codec                          W  type=1400 audit(0.0:252527): avc: denied { getattr } for path="/dev/sw_sync" dev="tmpfs" ino=236 scontext=u:r:mediacodec:s0 tcontext=u:object_r:sw_sync_device:s0 tclass=chr_file permissive=0
2026-03-30 19:39:09.717 25998-25998 gle.vp8.encoder         media.codec                          W  type=1400 audit(0.0:252528): avc: denied { getattr } for path="/dev/sw_sync" dev="tmpfs" ino=236 scontext=u:r:mediacodec:s0 tcontext=u:object_r:sw_sync_device:s0 tclass=chr_file permissive=0
2026-03-30 19:39:09.757 25998-10722 BufferQueueProducer     media.codec                          I  [GraphicBufferSource](this:0xa5237000,id:78,api:1,p:25998,c:25998) queueBuffer: fps=3.46 dur=1155.69 max=1043.52 min=35.89
2026-03-30 19:39:09.757 25998-25998 gle.vp8.encoder         media.codec                          W  type=1400 audit(0.0:252529): avc: denied { getattr } for path="/dev/sw_sync" dev="tmpfs" ino=236 scontext=u:r:mediacodec:s0 tcontext=u:object_r:sw_sync_device:s0 tclass=chr_file permissive=0
2026-03-30 19:39:09.857 25998-25998 gle.vp8.encoder         media.codec                          W  type=1400 audit(0.0:252530): avc: denied { getattr } for path="/dev/sw_sync" dev="tmpfs" ino=236 scontext=u:r:mediacodec:s0 tcontext=u:object_r:sw_sync_device:s0 tclass=chr_file permissive=0
2026-03-30 19:39:09.957 25998-25998 gle.vp8.encoder         media.codec                          W  type=1400 audit(0.0:252531): avc: denied { getattr } for path="/dev/sw_sync" dev="tmpfs" ino=236 scontext=u:r:mediacodec:s0 tcontext=u:object_r:sw_sync_device:s0 tclass=chr_file permissive=0
2026-03-30 19:39:09.975   354-369   DynamicFpsPolicy        ven...tek.hardware.dfps@1.0-service  I  oldRequest: fps[-1] mode[0] --> newRequest: fps[28] mode[3] num[r:1|rs:1]
2026-03-30 19:39:09.975   354-369   DynamicFpsPolicy        ven...tek.hardware.dfps@1.0-service  I  seq[5]  api[LOADING]  pid[0]  fps[28]  mode[INTERNAL_SW]  tPid[0]  glId[0]
2026-03-30 19:39:10.057 25998-25998 gle.vp8.encoder         media.codec                          W  type=1400 audit(0.0:252532): avc: denied { getattr } for path="/dev/sw_sync" dev="tmpfs" ino=236 scontext=u:r:mediacodec:s0 tcontext=u:object_r:sw_sync_device:s0 tclass=chr_file permissive=0
2026-03-30 19:39:10.157 25998-25998 gle.vp8.encoder         media.codec                          W  type=1400 audit(0.0:252533): avc: denied { getattr } for path="/dev/sw_sync" dev="tmpfs" ino=236 scontext=u:r:mediacodec:s0 tcontext=u:object_r:sw_sync_device:s0 tclass=chr_file permissive=0
2026-03-30 19:39:10.260 25998-25998 gle.vp8.encoder         media.codec                          W  type=1400 audit(0.0:252534): avc: denied { getattr } for path="/dev/sw_sync" dev="tmpfs" ino=236 scontext=u:r:mediacodec:s0 tcontext=u:object_r:sw_sync_device:s0 tclass=chr_file permissive=0
2026-03-30 19:39:10.360 25998-25998 gle.vp8.encoder         media.codec                          W  type=1400 audit(0.0:252535): avc: denied { getattr } for path="/dev/sw_sync" dev="tmpfs" ino=236 scontext=u:r:mediacodec:s0 tcontext=u:object_r:sw_sync_device:s0 tclass=chr_file permissive=0
2026-03-30 19:39:10.460 25998-25998 gle.vp8.encoder         media.codec                          W  type=1400 audit(0.0:252536): avc: denied { getattr } for path="/dev/sw_sync" dev="tmpfs" ino=236 scontext=u:r:mediacodec:s0 tcontext=u:object_r:sw_sync_device:s0 tclass=chr_file permissive=0
2026-03-30 19:39:10.560 25998-25998 gle.vp8.encoder         media.codec                          W  type=1400 audit(0.0:252537): avc: denied { getattr } for path="/dev/sw_sync" dev="tmpfs" ino=236 scontext=u:r:mediacodec:s0 tcontext=u:object_r:sw_sync_device:s0 tclass=chr_file permissive=0
2026-03-30 19:39:10.660 25998-25998 gle.vp8.encoder         media.codec                          W  type=1400 audit(0.0:252538): avc: denied { getattr } for path="/dev/sw_sync" dev="tmpfs" ino=236 scontext=u:r:mediacodec:s0 tcontext=u:object_r:sw_sync_device:s0 tclass=chr_file permissive=0
2026-03-30 19:39:10.764 25998-10722 BufferQueueProducer     media.codec                          I  [GraphicBufferSource](this:0xa5237000,id:78,api:1,p:25998,c:25998) queueBuffer: fps=0.99 dur=1006.80 max=1006.80 min=1006.80
2026-03-30 19:39:10.763 25998-25998 gle.vp8.encoder         media.codec                          W  type=1400 audit(0.0:252539): avc: denied { getattr } for path="/dev/sw_sync" dev="tmpfs" ino=236 scontext=u:r:mediacodec:s0 tcontext=u:object_r:sw_sync_device:s0 tclass=chr_file permissive=0
2026-03-30 19:39:10.773 25998-25998 gle.vp8.encoder         media.codec                          W  type=1400 audit(0.0:252540): avc: denied { getattr } for path="/dev/sw_sync" dev="tmpfs" ino=236 scontext=u:r:mediacodec:s0 tcontext=u:object_r:sw_sync_device:s0 tclass=chr_file permissive=0
2026-03-30 19:39:10.863 25998-25998 gle.vp8.encoder         media.codec                          W  type=1400 audit(0.0:252541): avc: denied { getattr } for path="/dev/sw_sync" dev="tmpfs" ino=236 scontext=u:r:mediacodec:s0 tcontext=u:object_r:sw_sync_device:s0 tclass=chr_file permissive=0
2026-03-30 19:39:10.963 25998-25998 gle.vp8.encoder         media.codec                          W  type=1400 audit(0.0:252542): avc: denied { getattr } for path="/dev/sw_sync" dev="tmpfs" ino=236 scontext=u:r:mediacodec:s0 tcontext=u:object_r:sw_sync_device:s0 tclass=chr_file permissive=0
2026-03-30 19:39:10.975   354-369   DynamicFpsPolicy        ven...tek.hardware.dfps@1.0-service  I  oldRequest: fps[28] mode[3] --> newRequest: fps[-1] mode[0] num[r:0|rs:0]
2026-03-30 19:39:11.063 25998-25998 gle.vp8.encoder         media.codec                          W  type=1400 audit(0.0:252543): avc: denied { getattr } for path="/dev/sw_sync" dev="tmpfs" ino=236 scontext=u:r:mediacodec:s0 tcontext=u:object_r:sw_sync_device:s0 tclass=chr_file permissive=0
2026-03-30 19:39:11.163 25998-25998 gle.vp8.encoder         media.codec                          W  type=1400 audit(0.0:252544): avc: denied { getattr } for path="/dev/sw_sync" dev="tmpfs" ino=236 scontext=u:r:mediacodec:s0 tcontext=u:object_r:sw_sync_device:s0 tclass=chr_file permissive=0
2026-03-30 19:39:11.267 25998-25998 gle.vp8.encoder         media.codec                          W  type=1400 audit(0.0:252545): avc: denied { getattr } for path="/dev/sw_sync" dev="tmpfs" ino=236 scontext=u:r:mediacodec:s0 tcontext=u:object_r:sw_sync_device:s0 tclass=chr_file permissive=0
2026-03-30 19:39:11.367 25998-25998 gle.vp8.encoder         media.codec                          W  type=1400 audit(0.0:252546): avc: denied { getattr } for path="/dev/sw_sync" dev="tmpfs" ino=236 scontext=u:r:mediacodec:s0 tcontext=u:object_r:sw_sync_device:s0 tclass=chr_file permissive=0
2026-03-30 19:39:11.467 25998-25998 gle.vp8.encoder         media.codec                          W  type=1400 audit(0.0:252547): avc: denied { getattr } for path="/dev/sw_sync" dev="tmpfs" ino=236 scontext=u:r:mediacodec:s0 tcontext=u:object_r:sw_sync_device:s0 tclass=chr_file permissive=0
2026-03-30 19:39:11.570 25998-25998 gle.vp8.encoder         media.codec                          W  type=1400 audit(0.0:252548): avc: denied { getattr } for path="/dev/sw_sync" dev="tmpfs" ino=236 scontext=u:r:mediacodec:s0 tcontext=u:object_r:sw_sync_device:s0 tclass=chr_file permissive=0
2026-03-30 19:39:11.667 25998-25998 gle.vp8.encoder         media.codec                          W  type=1400 audit(0.0:252549): avc: denied { getattr } for path="/dev/sw_sync" dev="tmpfs" ino=236 scontext=u:r:mediacodec:s0 tcontext=u:object_r:sw_sync_device:s0 tclass=chr_file permissive=0
2026-03-30 19:39:11.767 25998-25998 gle.vp8.encoder         media.codec                          W  type=1400 audit(0.0:252550): avc: denied { getattr } for path="/dev/sw_sync" dev="tmpfs" ino=236 scontext=u:r:mediacodec:s0 tcontext=u:object_r:sw_sync_device:s0 tclass=chr_file permissive=0
2026-03-30 19:39:11.850 26078-13805 AudioALSAStreamOut      and...re.audio@2.0-service-mediatek  D  standby(), flag 6
2026-03-30 19:39:11.850 26078-13805 AudioALSAStreamOut      and...re.audio@2.0-service-mediatek  D  standbyStreamOut(), flag 6
2026-03-30 19:39:11.850 26078-13805 AudioALSAStreamOut      and...re.audio@2.0-service-mediatek  D  close(), flags 6, mMixerOutInUse 0
2026-03-30 19:39:11.850 26078-13805 AudioALSAP...dlerNormal and...re.audio@2.0-service-mediatek  D  +close(), flag 6, mDevice = 0x2
2026-03-30 19:39:11.850 26078-13805 AudioVoiceUIDL          and...re.audio@2.0-service-mediatek  D  [SetInputStandBy] ReadRefFromRing to exit? (0) 
2026-03-30 19:39:11.850 26078-13805 AudioALSAH...rceManager and...re.audio@2.0-service-mediatek  D  +stopOutputDevice(), mOutputDevices = 0x2, mStartOutputDevicesCount = 1
2026-03-30 19:39:11.850 26078-13805 AudioALSAD...figManager and...re.audio@2.0-service-mediatek  D  ApplyDeviceTurnoffSequenceByName(), DeviceName = ext_speaker_output descriptor->DeviceStatusCounter = 1
2026-03-30 19:39:11.851 26078-13805 AudioALSAD...figManager and...re.audio@2.0-service-mediatek  D  ApplyDeviceTurnoffSequenceByName(), DeviceName = speaker_output descriptor->DeviceStatusCounter = 1
2026-03-30 19:39:11.851 26078-13805 AudioALSADriverUtility  and...re.audio@2.0-service-mediatek  D  GetPropertyValue key = af.resouce.extdac_support value = 0
2026-03-30 19:39:11.851 26078-13805 AudioALSAP...andlerBase and...re.audio@2.0-service-mediatek  D  closePcmDriver(), mPcm = 0xae728c40
2026-03-30 19:39:11.852 26078-13805 AudioALSADriverUtility  and...re.audio@2.0-service-mediatek  D  GetPropertyValue key = af.resouce.extdac_support value = 0
2026-03-30 19:39:11.852 26078-13805 AudioALSAP...dlerNormal and...re.audio@2.0-service-mediatek  D  SetLowJitterMode(), bypass low jitter mode, bEnable = 0, device = 0x2, SampleRate = 48000
2026-03-30 19:39:11.852 26078-13805 MtkAudioBitConverter    and...re.audio@2.0-service-mediatek  D  +close()
2026-03-30 19:39:11.852 26078-13805 AudioALSAP...andlerBase and...re.audio@2.0-service-mediatek  D  DeinitDataPending
2026-03-30 19:39:11.852 26078-13805 AudioALSAP...dlerNormal and...re.audio@2.0-service-mediatek  D  -close()
2026-03-30 19:39:11.852 26078-13805 AudioALSAStreamManager  and...re.audio@2.0-service-mediatek  D  -destroyPlaybackHandler(), mode = 0, pPlaybackHandler = 0xad112300, mPlaybackHandlerVector.size() = 0
2026-03-30 19:39:11.852 26078-13805 AudioALSAStreamOut      and...re.audio@2.0-service-mediatek  D  setMuteForRouting(), mute 0, flags 6
2026-03-30 19:39:11.852 26078-13805 AudioUtility            and...re.audio@2.0-service-mediatek  D  power_hal_hint - custPowerHint 0, data 0
2026-03-30 19:39:11.852   353-17619 vendor.med...r@1.1-impl merged_hal_service                   I  mtkCusPowerHint hint:0, data:0
