2026-04-08 23:32:59.025   332-7039  AudioSPELayer           and...re.audio@2.0-service-mediatek  D  [index 2] 0,8192,0,0,0,10752,32769
2026-04-08 23:32:59.025   332-7039  AudioSPELayer           and...re.audio@2.0-service-mediatek  D  [index 3] 0,0,0,0,0,0,0
2026-04-08 23:32:59.025   332-7039  AudioSPELayer           and...re.audio@2.0-service-mediatek  D  [index 4] 0,0,0,0,0,0,0
2026-04-08 23:32:59.025   332-7039  AudioSPELayer           and...re.audio@2.0-service-mediatek  D  [index 5] 0,0,0,0,0,0,0
2026-04-08 23:32:59.025   332-7039  AudioSPELayer           and...re.audio@2.0-service-mediatek  D  [index 6] 0,0,0,0,0,0,0
2026-04-08 23:32:59.025   332-7039  AudioSPELayer           and...re.audio@2.0-service-mediatek  D  [index 7] 0,0,0,0,0,0,0
2026-04-08 23:32:59.025   332-7039  AudioSPELayer           and...re.audio@2.0-service-mediatek  D  Using:Samplerate = 16000, FrameRate=20,MIC_DG=16, App_table=2, Fea_Cfg_table=1ff, MMI_table=fffffffd, Device_mode=2, MMI_MIC_GAIN=120
2026-04-08 23:32:59.025   332-7039  AudioSPELayer           and...re.audio@2.0-service-mediatek  D  Using:EnhanceParas
2026-04-08 23:32:59.025   332-7039  AudioSPELayer           and...re.audio@2.0-service-mediatek  D  [index 0] 192,224,2218,29,57351,24607,0
2026-04-08 23:32:59.025   332-7039  AudioSPELayer           and...re.audio@2.0-service-mediatek  D  [index 1] 4,276,197,611,0,13066,0
2026-04-08 23:32:59.025   332-7039  AudioSPELayer           and...re.audio@2.0-service-mediatek  D  [index 2] 0,0,0,0,0,0,0
2026-04-08 23:32:59.025   332-7039  AudioSPELayer           and...re.audio@2.0-service-mediatek  D  [index 3] 0,0,0,0,0,0,0
2026-04-08 23:32:59.025   332-7039  AudioSPELayer           and...re.audio@2.0-service-mediatek  D  [index 4] 0,0,0,0,0,0,0
2026-04-08 23:32:59.025   332-7039  AudioSPELayer           and...re.audio@2.0-service-mediatek  D  [index 5] 0,0,0,0,0,0,0
2026-04-08 23:32:59.025   332-7039  AudioSPELayer           and...re.audio@2.0-service-mediatek  D  [index 6] 0,0,0,0,0,0,0
2026-04-08 23:32:59.025   332-7039  AudioSPELayer           and...re.audio@2.0-service-mediatek  D  [index 7] 55997,31000,10752,32769,0,0,0
2026-04-08 23:32:59.025   332-7039  AudioSPELayer           and...re.audio@2.0-service-mediatek  D  Using:DMNRCalData
2026-04-08 23:32:59.025   332-7039  AudioSPELayer           and...re.audio@2.0-service-mediatek  D  [index 0] 0,0,0,0,0,0,0,0,0,0,0,0,0,0,0,0,0,0,0
2026-04-08 23:32:59.025   332-7039  AudioSPELayer           and...re.audio@2.0-service-mediatek  D  [index 1] 0,0,0,0,0,0,0,0,0,0,0,0,0,0,0,0,0,0,0
2026-04-08 23:32:59.026   332-7039  AudioSPELayer           and...re.audio@2.0-service-mediatek  D  [index 2] 0,0,0,0,0,0,0,0,0,0,0,0,0,0,0,0,0,0,0
2026-04-08 23:32:59.026   332-7039  AudioSPELayer           and...re.audio@2.0-service-mediatek  D  [index 3] 0,0,0,0,0,0,0,0,0,0,0,0,0,0,0,0,0,0,0
2026-04-08 23:32:59.027   332-7039  AudioSPELayer           and...re.audio@2.0-service-mediatek  D  mSph_Enh_ctrl.frame_rate 20
2026-04-08 23:32:59.027   332-7039  AudioSPELayer           and...re.audio@2.0-service-mediatek  D  mNsecPerSample=62500
2026-04-08 23:32:59.027   332-7039  AudioSPELayer           and...re.audio@2.0-service-mediatek  D  mSPEProcessBufSize=1280
2026-04-08 23:32:59.027   332-7039  AudioALSAC...DataClient and...re.audio@2.0-service-mediatek  D  -StartBesRecord()
2026-04-08 23:32:59.027   332-7039  AudioALSAC...DataClient and...re.audio@2.0-service-mediatek  D  IsLowLatencyCapture(), low_latency_on: 0, voip_on: 1
2026-04-08 23:32:59.027   332-7039  chatty                  and...re.audio@2.0-service-mediatek  I  uid=1041(audioserver) reader identical 2 lines
2026-04-08 23:32:59.027   332-7039  AudioALSAC...DataClient and...re.audio@2.0-service-mediatek  D  IsLowLatencyCapture(), low_latency_on: 0, voip_on: 1
2026-04-08 23:32:59.027   332-7039  AudioALSAC...DataClient and...re.audio@2.0-service-mediatek  D  sample rate = 16000, drop ms = 25, channels = 1, byts per sample = 2, dropBesRecordDataSize = 1280
2026-04-08 23:32:59.027   332-7039  AudioPreProcess         and...re.audio@2.0-service-mediatek  D  AudioPreProcess()+
2026-04-08 23:32:59.027   332-7039  AudioPreProcess         and...re.audio@2.0-service-mediatek  D  AudioPreProcess()-
2026-04-08 23:32:59.027   332-7039  AudioALSAC...DataClient and...re.audio@2.0-service-mediatek  D  +CheckNativeEffect() 2
2026-04-08 23:32:59.027   332-7039  AudioPreProcess         and...re.audio@2.0-service-mediatek  D  CheckNativeEffect()+ 0 using
2026-04-08 23:32:59.027   332-7039  AudioPreProcess         and...re.audio@2.0-service-mediatek  D  PreProcessEffect_Count 2
2026-04-08 23:32:59.027   332-7039  AudioPreProcess         and...re.audio@2.0-service-mediatek  D  addAudioEffect()+ 0xb5d18d60
2026-04-08 23:32:59.027   332-7039  AudioPreProcess         and...re.audio@2.0-service-mediatek  D  find AEC: 0x0
2026-04-08 23:32:59.027   332-7039  AudioPreProcess         and...re.audio@2.0-service-mediatek  D  open AEC even record is already start
2026-04-08 23:32:59.027   332-7039  AudioPreProcess         and...re.audio@2.0-service-mediatek  D  start_echo_reference()+ channel_count=1,sampling_rate=16000,mEcho_Reference=0x0
2026-04-08 23:32:59.027   332-7039  AudioPreProcess         and...re.audio@2.0-service-mediatek  D  clear_echo_reference()+ 0x0
2026-04-08 23:32:59.027   332-7039  AudioPreProcess         and...re.audio@2.0-service-mediatek  D  clear_echo_reference()-
2026-04-08 23:32:59.027   332-7039  AudioPreProcess         and...re.audio@2.0-service-mediatek  D  start_echo_reference,wr_channel_count=2,wr_sampling_rate=16000
2026-04-08 23:32:59.027   332-7039  AudioPreProcess         and...re.audio@2.0-service-mediatek  D  start_echo_reference(),wr_channel_count=2,wr_sampling_rate=16000
2026-04-08 23:32:59.027   332-7039  AudioPreProcess         and...re.audio@2.0-service-mediatek  D  add_echo_reference()+, reference=0xb47bad80
2026-04-08 23:32:59.027   332-7039  AudioPreProcess         and...re.audio@2.0-service-mediatek  D  add_echo_reference()-
2026-04-08 23:32:59.027   332-7039  AudioPreProcess         and...re.audio@2.0-service-mediatek  D  start_echo_reference()-
2026-04-08 23:32:59.027   332-7039  AudioPreProcess         and...re.audio@2.0-service-mediatek  D  in_configure_reverse()+
2026-04-08 23:32:59.027   332-7039  AudioPreProcess         and...re.audio@2.0-service-mediatek  D  in_configure_reverse()-, status=0
2026-04-08 23:32:59.027   332-7039  AudioPreProcess         and...re.audio@2.0-service-mediatek  D  addAudioEffect(), effect type: 7b491460, effect name:Acoustic Echo Canceler
2026-04-08 23:32:59.027   332-7039  AudioPreProcess         and...re.audio@2.0-service-mediatek  D  addAudioEffect(), StreamInAttributeinfo num_channels=1, audio_channel_mask=10, sample_rate=16000
2026-04-08 23:32:59.027   332-7039  AudioPreProcess         and...re.audio@2.0-service-mediatek  D  addAudioEffect()-, RetStatus=0
2026-04-08 23:32:59.027   332-7039  AudioPreProcess         and...re.audio@2.0-service-mediatek  D  addAudioEffect()+ 0xb488fdc0
2026-04-08 23:32:59.027   332-7039  AudioPreProcess         and...re.audio@2.0-service-mediatek  D  addAudioEffect(), effect type: 58b4b260, effect name:Noise Suppression
2026-04-08 23:32:59.027   332-7039  AudioPreProcess         and...re.audio@2.0-service-mediatek  D  addAudioEffect(), StreamInAttributeinfo num_channels=1, audio_channel_mask=10, sample_rate=16000
2026-04-08 23:32:59.027   332-7039  AudioPreProcess         and...re.audio@2.0-service-mediatek  D  addAudioEffect()-, RetStatus=0
2026-04-08 23:32:59.027   332-7039  AudioPreProcess         and...re.audio@2.0-service-mediatek  D  CheckNativeEffect()-
2026-04-08 23:32:59.027   332-7039  AudioALSAC...DataClient and...re.audio@2.0-service-mediatek  D  -CheckNativeEffect()
2026-04-08 23:32:59.027   332-7039  AudioALSAC...oviderBase and...re.audio@2.0-service-mediatek  D  configStreamAttribute(), audio_mode: 3 => 3, input_device: 0x80000004 => 0x80000004, flag: 0x0 => 0x0, input_source: 6->7
2026-04-08 23:32:59.028   332-7039  AudioALSAC...oviderBase and...re.audio@2.0-service-mediatek  D  attach(), 0xb491dc80, mCaptureDataClientVector.size()=0, Identity=0xb5d7d980
2026-04-08 23:32:59.028   332-7039  AudioALSADeviceParser   and...re.audio@2.0-service-mediatek  D  compare pcm success = 1, stringpair = MultiMedia1_Capture
2026-04-08 23:32:59.028   332-7039  AudioALSAC...iderNormal and...re.audio@2.0-service-mediatek  D  open(+), audiomode=0, cardindex = 0, pcmindex = 1
2026-04-08 23:32:59.029   332-7039  AudioSpeechEnhanceInfo  and...re.audio@2.0-service-mediatek  D  GetHifiRecord, mHiFiRecordEnable=0
2026-04-08 23:32:59.029   332-7039  AudioALSAC...iderNormal and...re.audio@2.0-service-mediatek  D  buffersizemax: 49152, bHifiRecord: 0, btempDebug: 0
2026-04-08 23:32:59.029   332-7039  AudioALSAC...DataClient and...re.audio@2.0-service-mediatek  D  IsLowLatencyCapture(), low_latency_on: 0, voip_on: 1
2026-04-08 23:32:59.029   332-7039  AudioALSAC...iderNormal and...re.audio@2.0-service-mediatek  D  mConfig format: 1, channels: 2, rate: 48000, period_size: 960, period_count: 6, latency: 20, kReadBufferSize: 7680, mCaptureDropSize: 0
2026-04-08 23:32:59.029   332-7039  AudioALSADeviceParser   and...re.audio@2.0-service-mediatek  D  compare pcm success = 1, stringpair = MultiMedia1_Capture
2026-04-08 23:32:59.030   365-434   HWComposer              surfaceflinger                       W  Ignoring duplicate VSYNC event from HWC (t=0)
2026-04-08 23:32:59.031   332-7039  AudioALSAH...rceManager and...re.audio@2.0-service-mediatek  D  +startInputDevice(), new_device = 0x80000004, mInputDevice = 0x0, mStartInputDeviceCount = 0, mMicInverse = 0, mNumPhoneMicSupport = 2
2026-04-08 23:32:59.031   332-7039  AudioALSAD...figManager and...re.audio@2.0-service-mediatek  D  ApplyDeviceSettingByName() DeviceName = Mic1TypeACCMode descriptor->DeviceStatusCounter = 0
2026-04-08 23:32:59.031   332-7039  AudioALSAD...figManager and...re.audio@2.0-service-mediatek  D  ApplyDeviceSettingByName() DeviceName = Mic2TypeACCMode descriptor->DeviceStatusCounter = 0
2026-04-08 23:32:59.032   332-7039  AudioUtility            and...re.audio@2.0-service-mediatek  D  IsAudioSupportFeature AUDIO_SUPPORT_DMIC bSupportFlg[0]
2026-04-08 23:32:59.032   332-7039  AudioALSAD...figManager and...re.audio@2.0-service-mediatek  D  ApplyDeviceTurnonSequenceByName() DeviceName = builtin_Mic_DualMic descriptor->DeviceStatusCounte = 0
2026-04-08 23:32:59.032   332-7039  AudioALSAC...iderNormal and...re.audio@2.0-service-mediatek  D  open(-)
2026-04-08 23:32:59.032   332-7039  AudioSPELayer           and...re.audio@2.0-service-mediatek  D  SetUPLinkDropTime, 0
2026-04-08 23:32:59.032   332-7039  AudioALSAC...DataClient and...re.audio@2.0-service-mediatek  D  sample_rate: 48000 => 16000, num_channels: 2 => 2, audio_format: 0x4 => 0x1
2026-04-08 23:32:59.032   332-7040  AudioALSAC...DataClient and...re.audio@2.0-service-mediatek  D  IsLowLatencyCapture(), low_latency_on: 0, voip_on: 1
2026-04-08 23:32:59.032   332-7040  AudioALSAC...iderNormal and...re.audio@2.0-service-mediatek  D  +readThread(), pid: 332, tid: 7040, kReadBufferSize=0x1e00, open_index=98, UPLINK_SET_AMICDCC_BUFFER_TIME_MS = 80, counter=1 
2026-04-08 23:32:59.032   332-7039  MtkAudioSrc             and...re.audio@2.0-service-mediatek  D  open(), SR 48000, CH 2; out SR 16000, CH 2; format 0, mState = 2
2026-04-08 23:32:59.032   332-7039  AudioALSAC...DataClient and...re.audio@2.0-service-mediatek  D  CheckNeedBesRecordSRC(), mStreamAttributeSource->sample_rate=48000, mStreamAttributeSource->num_channels=2, mStreamAttributeTarget->sample_rate=16000,mStreamAttributeTarget->num_channels=1, BesRecord_usingsamplerate=16000
2026-04-08 23:32:59.032   332-7039  MtkAudioSrc             and...re.audio@2.0-service-mediatek  D  open(), SR 48000, CH 2; out SR 16000, CH 2; format 0, mState = 2
2026-04-08 23:32:59.032   332-7039  AudioALSAC...DataClient and...re.audio@2.0-service-mediatek  D  CheckNeedBesRecordSRC(), 1, 16000, mBesRecSRCSizeFactor=1
2026-04-08 23:32:59.033   332-7039  AudioALSAC...DataClient and...re.audio@2.0-service-mediatek  D  CheckChannelRemixOp(), ch 2->1 (mBesRecordStereoMode = 0, BesRecord enable = 1), ChannelRemixOp = 4
2026-04-08 23:32:59.033   332-7039  AudioALSAC...DataClient and...re.audio@2.0-service-mediatek  D  +AddEchoRefDataProvider()
2026-04-08 23:32:59.033   332-7039  AudioALSAC...DataClient and...re.audio@2.0-service-mediatek  D  AddEchoRefDataProvider(), mCaptureDataProviderEchoRef=0xb491df00
2026-04-08 23:32:59.033   332-7039  AudioALSAC...oviderBase and...re.audio@2.0-service-mediatek  D  attach(), 0xb491df00, mCaptureDataClientVector.size()=0, Identity=0xb5d7d980
2026-04-08 23:32:59.033   332-7039  AudioALSAC...derEchoRef and...re.audio@2.0-service-mediatek  D  open()
2026-04-08 23:32:59.033   332-7039  AudioALSAC...DataClient and...re.audio@2.0-service-mediatek  D  IsLowLatencyCapture(), low_latency_on: 0, voip_on: 1
2026-04-08 23:32:59.033   332-7039  AudioALSAC...derEchoRef and...re.audio@2.0-service-mediatek  D  open(), audio_format = 1, audio_channel_mask=c, num_channels=2, sample_rate=48000, buf_total_latency=120ms
2026-04-08 23:32:59.033   332-7039  AudioALSAC...derEchoRef and...re.audio@2.0-service-mediatek  D  open(), format = 0, channels=2, rate=48000, period_size=240, period_count=24,latency=5,kReadBufferSize=960
2026-04-08 23:32:59.033   332-7039  AudioALSADeviceParser   and...re.audio@2.0-service-mediatek  D  compare pcm success = 9, stringpair = DL1_AWB_Record
2026-04-08 23:32:59.034   332-7039  MtkAudioSrc             and...re.audio@2.0-service-mediatek  D  open(), SR 48000, CH 2; out SR 16000, CH 2; format 0, mState = 2
2026-04-08 23:32:59.034   332-7039  MtkAudioSrc             and...re.audio@2.0-service-mediatek  D  open(), SR 16000, CH 2; out SR 16000, CH 1; format 0, mState = 2
2026-04-08 23:32:59.034   332-7039  AudioSPELayer           and...re.audio@2.0-service-mediatek  D  SetDownLinkLatencyTime, 120
2026-04-08 23:32:59.035   332-7041  AudioALSAC...DataClient and...re.audio@2.0-service-mediatek  D  IsLowLatencyCapture(), low_latency_on: 0, voip_on: 1
2026-04-08 23:32:59.035   332-7041  AudioALSAC...derEchoRef and...re.audio@2.0-service-mediatek  D  +readThread(), pid: 332, tid: 7041, kReadBufferSize=3c0
2026-04-08 23:32:59.037   332-7039  AudioALSAC...DataClient and...re.audio@2.0-service-mediatek  D  readthread all ready! pcm start
2026-04-08 23:32:59.037   332-7039  AudioSPELayer           and...re.audio@2.0-service-mediatek  D  resync the latency delay time
2026-04-08 23:32:59.037   332-7039  AudioALSAC...DataClient and...re.audio@2.0-service-mediatek  D  AddEchoRefDataProvider(), Source sample_rate=48000, num_channels=2, audio_format=1
2026-04-08 23:32:59.037   332-7040  AudioALSAC...oviderBase and...re.audio@2.0-service-mediatek  D  pcm_start
2026-04-08 23:32:59.037   332-7039  AudioALSAC...DataClient and...re.audio@2.0-service-mediatek  D  AddEchoRefDataProvider(), Target sample_rate=16000, num_channels=2, audio_format=1
2026-04-08 23:32:59.037   332-7039  AudioALSAC...DataClient and...re.audio@2.0-service-mediatek  D  -AddEchoRefDataProvider()
2026-04-08 23:32:59.037   332-7039  AudioALSAC...HandlerAEC and...re.audio@2.0-service-mediatek  D  -open()
2026-04-08 23:32:59.037   332-7041  AudioALSAC...oviderBase and...re.audio@2.0-service-mediatek  D  pcm_start
2026-04-08 23:32:59.037   356-1663  NxpTml                  vendor.nxp.nxpnfc@1.0-service        E  _i2c_write() errno : 5
2026-04-08 23:32:59.037   356-1663  NxpHal                  vendor.nxp.nxpnfc@1.0-service        E  PN54X - Error in I2C Write  - Retry 0x2
2026-04-08 23:32:59.048   356-1663  NxpTml                  vendor.nxp.nxpnfc@1.0-service        D  PN54X - Invoking I2C Write.....
2026-04-08 23:32:59.053   365-434   HWComposer              surfaceflinger                       W  Ignoring duplicate VSYNC event from HWC (t=0)
2026-04-08 23:32:59.067   356-1663  NxpTml                  vendor.nxp.nxpnfc@1.0-service        E  _i2c_write() errno : 5
2026-04-08 23:32:59.067   356-1663  NxpHal                  vendor.nxp.nxpnfc@1.0-service        E  PN54X - Error in I2C Write  - Retry 0x3
2026-04-08 23:32:59.076   365-434   HWComposer              surfaceflinger                       W  Ignoring duplicate VSYNC event from HWC (t=0)
2026-04-08 23:32:59.077   356-1663  NxpTml                  vendor.nxp.nxpnfc@1.0-service        D  PN54X - Invoking I2C Write.....
2026-04-08 23:32:59.078   332-7040  AudioSPELayer           and...re.audio@2.0-service-mediatek  D  PrepareProcessData+
2026-04-08 23:32:59.078   332-7040  AudioSPELayer           and...re.audio@2.0-service-mediatek  D  mDLInBufferQ i=0, length=160, 0xb4904cc0, Sec=5387, NSec=892773988
2026-04-08 23:32:59.078   332-7040  AudioSPELayer           and...re.audio@2.0-service-mediatek  D  mDLInBufferQ i=1, length=160, 0xb4904d60, Sec=5387, NSec=897755629
2026-04-08 23:32:59.078   332-7040  AudioSPELayer           and...re.audio@2.0-service-mediatek  D  mDLInBufferQ i=2, length=160, 0xb4904e00, Sec=5387, NSec=902769484
2026-04-08 23:32:59.078   332-7040  AudioSPELayer           and...re.audio@2.0-service-mediatek  D  mDLInBufferQ i=3, length=160, 0xb4904ea0, Sec=5387, NSec=907776788
2026-04-08 23:32:59.078   332-7040  AudioSPELayer           and...re.audio@2.0-service-mediatek  D  mDLInBufferQ i=4, length=160, 0xb4904f40, Sec=5387, NSec=912824173
2026-04-08 23:32:59.078   332-7040  AudioSPELayer           and...re.audio@2.0-service-mediatek  D  mDLInBufferQ i=5, length=160, 0xb4904fe0, Sec=5387, NSec=917764020
2026-04-08 23:32:59.078   332-7040  AudioSPELayer           and...re.audio@2.0-service-mediatek  D  PrepareProcessData, time_stamp_estimate, mULInBufferQ[0].sec=5387, mULInBufferQ[0].nsec=906958849
2026-04-08 23:32:59.078   332-7040  AudioSPELayer           and...re.audio@2.0-service-mediatek  D  PrepareProcessData, time_stamp_estimate, mDLInBufferQ[0].sec=5387, mDLInBufferQ[0].nsec=892773988
2026-04-08 23:32:59.078   332-7040  AudioSPELayer           and...re.audio@2.0-service-mediatek  D  TimeStampCompare, bRet=1
2026-04-08 23:32:59.078   332-7040  AudioSPELayer           and...re.audio@2.0-service-mediatek  D  TimeStampCompare, bRet=1
2026-04-08 23:32:59.078   332-7040  AudioSPELayer           and...re.audio@2.0-service-mediatek  D  PrepareProcessData, 1 drop DL Delay data droplength=160, mDLDelayBufferQ.size()=6, mDLDelayBufferQ[0]->BufLen4Delay=160!!!
2026-04-08 23:32:59.078   332-7040  AudioSPELayer           and...re.audio@2.0-service-mediatek  D  TimeStampCompare, bRet=1
2026-04-08 23:32:59.078   332-7040  AudioSPELayer           and...re.audio@2.0-service-mediatek  D  PrepareProcessData, 1 drop DL Delay data droplength=160, mDLDelayBufferQ.size()=5, mDLDelayBufferQ[0]->BufLen4Delay=160!!!
2026-04-08 23:32:59.078   332-7040  AudioSPELayer           and...re.audio@2.0-service-mediatek  D  TimeStampCompare, bRet=0
2026-04-08 23:32:59.078   332-7040  AudioSPELayer           and...re.audio@2.0-service-mediatek  D  TimeStampCompare, bRet=1
2026-04-08 23:32:59.078   332-7040  AudioSPELayer           and...re.audio@2.0-service-mediatek  D  PrepareProcessData, calculate drop downlink data time
2026-04-08 23:32:59.078   332-7040  AudioSPELayer           and...re.audio@2.0-service-mediatek  D  PrepareProcessData, bULlate 1, deltaSec=0, deltaNSec=4189365
2026-04-08 23:32:59.078   332-7040  AudioSPELayer           and...re.audio@2.0-service-mediatek  D  PrepareProcessData, diffnsec 4189365, diffSample=67, diffBufLength=134
2026-04-08 23:32:59.078   332-7040  AudioSPELayer           and...re.audio@2.0-service-mediatek  D  PrepareProcessData, drop DL data diffBufLength=134, mDLInBufferQ.size()=4, mDLInBufferQ[0]->BufLen=160!!!
2026-04-08 23:32:59.078   332-7040  AudioSPELayer           and...re.audio@2.0-service-mediatek  D  PrepareProcessData, mDLInBufferQ[0]->pRead=0xb4904e00 , mDLInBufferQ[0]->BufLen=160, sec 5387, nsec 902769484
2026-04-08 23:32:59.078   332-7040  AudioSPELayer           and...re.audio@2.0-service-mediatek  D  PrepareProcessData, after mDLInBufferQ[0]->pRead=0xb4904e86, mDLInBufferQ[0]->BufLen=26, updatensecdiff=4187500, sec=5387, nsec=906956984
2026-04-08 23:32:59.078   332-7040  AudioSPELayer           and...re.audio@2.0-service-mediatek  D  PrepareProcessData, drop DL Delay data droplength=134, mDLDelayBufferQ.size()=4, mDLDelayBufferQ[0]->BufLen4Delay=160!!!
2026-04-08 23:32:59.078   332-7040  AudioSPELayer           and...re.audio@2.0-service-mediatek  D  PrepareProcessData, mDLDelayBufferQ[0]->pRead=0xb4904e00
2026-04-08 23:32:59.078   332-7040  AudioSPELayer           and...re.audio@2.0-service-mediatek  D  PrepareProcessData, after mDLDelayBufferQ[0]->pRead=0xb4904e86, mDLDelayBufferQ[0]->BufLen=26
2026-04-08 23:32:59.078   332-7040  AudioSPELayer           and...re.audio@2.0-service-mediatek  D  PrepareProcessData, finish, mDLInBufferQ.size = 4, mDLInBufQLenTotal=506, mULInBufferQ.size = 1, mULInBufQLenTotal=1280
2026-04-08 23:32:59.078   332-7040  AudioSPELayer           and...re.audio@2.0-service-mediatek  D  PrepareProcessData, finish, mDLInBufferQ[0]->pRead=0xb4904e86 , mDLInBufferQ[0]->BufLen=26, sec = 5387, nsec = 906956984
2026-04-08 23:32:59.078   332-7040  AudioSPELayer           and...re.audio@2.0-service-mediatek  D  PrepareProcessData, finish, mULInBufferQ[0]->pRead=0xb5d05300 , mULInBufferQ[0]->BufLen=1280, sec = 5387, nsec = 906958849
2026-04-08 23:32:59.078   332-7040  AudioSPELayer           and...re.audio@2.0-service-mediatek  D  PrepareProcessData, adjust downlink data mLatencyDir=0,mLatencySampleCount=64
2026-04-08 23:32:59.078   332-7040  AudioSPELayer           and...re.audio@2.0-service-mediatek  D  adjust downlink data drop DL data diffBufLength=0, mDLInBufferQ.size()=4, mDLInBufferQ[0]->BufLen=26!!!
2026-04-08 23:32:59.078   332-7040  AudioSPELayer           and...re.audio@2.0-service-mediatek  D  adjust downlink data drop DL Delay data droplength=26, mDLDelayBufferQ.size()=4, mDLDelayBufferQ[0]->BufLen4Delay=26!!!
2026-04-08 23:32:59.079   332-7040  AudioSPELayer           and...re.audio@2.0-service-mediatek  D  adjust downlink data drop DL data diffBufLength=0, mDLInBufferQ.size()=3, mDLInBufferQ[0]->BufLen=160!!!
2026-04-08 23:32:59.079   332-7040  AudioSPELayer           and...re.audio@2.0-service-mediatek  D  adjust downlink data mDLInBufferQ[0]->pRead=0xb4904ea0 , mDLInBufferQ[0]->BufLen=160, sec 5387, nsec 907776788
2026-04-08 23:32:59.079   332-7040  AudioSPELayer           and...re.audio@2.0-service-mediatek  D  adjust downlink data after mDLInBufferQ[0]->pRead=0xb4904f06, mDLInBufferQ[0]->BufLen=58, updatensecdiff=3187500, sec=5387, nsec=910964288
2026-04-08 23:32:59.079   332-7040  AudioSPELayer           and...re.audio@2.0-service-mediatek  D  adjust downlink data drop DL Delay data droplength=102, mDLDelayBufferQ.size()=3, mDLDelayBufferQ[0]->BufLen4Delay=160!!!
2026-04-08 23:32:59.079   332-7040  AudioSPELayer           and...re.audio@2.0-service-mediatek  D  adjust downlink data mDLDelayBufferQ[0]->pRead=0xb4904ea0
2026-04-08 23:32:59.079   332-7040  AudioSPELayer           and...re.audio@2.0-service-mediatek  D  adjust downlink data after mDLDelayBufferQ[0]->pRead=0xb4904f06, mDLDelayBufferQ[0]->BufLen=58
2026-04-08 23:32:59.097   356-1663  NxpTml                  vendor.nxp.nxpnfc@1.0-service        E  _i2c_write() errno : 5
2026-04-08 23:32:59.097   356-1663  NxpTml                  vendor.nxp.nxpnfc@1.0-service        E  PN54X - Error in I2C Write.....
2026-04-08 23:32:59.097   356-1663  NxpTml                  vendor.nxp.nxpnfc@1.0-service        D  PN54X - Posting Fresh Write message.....
2026-04-08 23:32:59.097   356-1663  NxpTml                  vendor.nxp.nxpnfc@1.0-service        D  PN54X - Tml Writer Thread Running................
2026-04-08 23:32:59.097   356-1665  NxpFwDnld               vendor.nxp.nxpnfc@1.0-service        E  Tml Write error!!
2026-04-08 23:32:59.097   356-1665  NxpFwDnld               vendor.nxp.nxpnfc@1.0-service        E  phNxpNciHal_fw_dnld_normal_cb - Request Failed!!
2026-04-08 23:32:59.098   356-356   NxpFwDnld               vendor.nxp.nxpnfc@1.0-service        D  Processing R/W Sequence..
2026-04-08 23:32:59.098   356-356   NxpFwDnld               vendor.nxp.nxpnfc@1.0-service        D  Response Timer Created Successfully
2026-04-08 23:32:59.098   356-356   NxpFwDnld               vendor.nxp.nxpnfc@1.0-service        D  Inserting FrameId ..
2026-04-08 23:32:59.098   356-356   NxpFwDnld               vendor.nxp.nxpnfc@1.0-service        D  Frame created successfully
2026-04-08 23:32:59.098   356-356   NxpFwDnld               vendor.nxp.nxpnfc@1.0-service        D  Force Command Request submitted successfully
2026-04-08 23:32:59.098   356-1663  NxpTml                  vendor.nxp.nxpnfc@1.0-service        D  PN54X - Write requested.....
2026-04-08 23:32:59.098   356-1663  NxpTml                  vendor.nxp.nxpnfc@1.0-service        D  PN54X - Invoking I2C Write.....
2026-04-08 23:32:59.100   365-434   HWComposer              surfaceflinger                       W  Ignoring duplicate VSYNC event from HWC (t=0)
2026-04-08 23:32:59.117   356-1663  NxpTml                  vendor.nxp.nxpnfc@1.0-service        E  _i2c_write() errno : 5
2026-04-08 23:32:59.117   356-1663  NxpHal                  vendor.nxp.nxpnfc@1.0-service        E  PN54X - Error in I2C Write  - Retry 0x1
2026-04-08 23:32:59.119   397-397   gle.vp8.encoder         media.codec                          W  type=1400 audit(0.0:20584): avc: denied { getattr } for path="/dev/sw_sync" dev="tmpfs" ino=266 scontext=u:r:mediacodec:s0 tcontext=u:object_r:sw_sync_device:s0 tclass=chr_file permissive=0
2026-04-08 23:32:59.123   365-434   HWComposer              surfaceflinger                       W  Ignoring duplicate VSYNC event from HWC (t=0)
2026-04-08 23:32:59.128   356-1663  NxpTml                  vendor.nxp.nxpnfc@1.0-service        D  PN54X - Invoking I2C Write.....
2026-04-08 23:32:59.132  2899-7011  [AudioCapture]          com.reedersystems.commandcomms       D  TX_AUDIO_SOURCE_PROBE source=VOICE_COMMUNICATION probeFrame=0 samples=960 min=-4 max=4 rms=1.2 silent=true zeros=452
2026-04-08 23:32:59.147   365-434   HWComposer              surfaceflinger                       W  Ignoring duplicate VSYNC event from HWC (t=0)
2026-04-08 23:32:59.147   356-1663  NxpTml                  vendor.nxp.nxpnfc@1.0-service        E  _i2c_write() errno : 5
2026-04-08 23:32:59.147   356-1663  NxpHal                  vendor.nxp.nxpnfc@1.0-service        E  PN54X - Error in I2C Write  - Retry 0x2
2026-04-08 23:32:59.150  2899-7011  [AudioCapture]          com.reedersystems.commandcomms       D  TX_AUDIO_SOURCE_PROBE source=VOICE_COMMUNICATION probeFrame=1 samples=960 min=-6 max=7 rms=2.6 silent=true zeros=164
2026-04-08 23:32:59.158   356-1663  NxpTml                  vendor.nxp.nxpnfc@1.0-service        D  PN54X - Invoking I2C Write.....
2026-04-08 23:32:59.170   365-434   HWComposer              surfaceflinger                       W  Ignoring duplicate VSYNC event from HWC (t=0)
2026-04-08 23:32:59.170  2899-7011  [AudioCapture]          com.reedersystems.commandcomms       D  TX_AUDIO_SOURCE_PROBE source=VOICE_COMMUNICATION probeFrame=2 samples=960 min=-6 max=6 rms=1.8 silent=true zeros=229
2026-04-08 23:32:59.177   356-1663  NxpTml                  vendor.nxp.nxpnfc@1.0-service        E  _i2c_write() errno : 5
2026-04-08 23:32:59.177   356-1663  NxpHal                  vendor.nxp.nxpnfc@1.0-service        E  PN54X - Error in I2C Write  - Retry 0x3
2026-04-08 23:32:59.188   356-1663  NxpTml                  vendor.nxp.nxpnfc@1.0-service        D  PN54X - Invoking I2C Write.....
2026-04-08 23:32:59.191  2899-7011  [AudioCapture]          com.reedersystems.commandcomms       D  TX_AUDIO_SOURCE_PROBE source=VOICE_COMMUNICATION probeFrame=3 samples=960 min=-22 max=20 rms=7.5 silent=true zeros=66
2026-04-08 23:32:59.193   365-434   HWComposer              surfaceflinger                       W  Ignoring duplicate VSYNC event from HWC (t=0)
2026-04-08 23:32:59.207   356-1663  NxpTml                  vendor.nxp.nxpnfc@1.0-service        E  _i2c_write() errno : 5
2026-04-08 23:32:59.207   356-1663  NxpTml                  vendor.nxp.nxpnfc@1.0-service        E  PN54X - Error in I2C Write.....
2026-04-08 23:32:59.207   356-1663  NxpTml                  vendor.nxp.nxpnfc@1.0-service        D  PN54X - Posting Fresh Write message.....
2026-04-08 23:32:59.208   356-1663  NxpTml                  vendor.nxp.nxpnfc@1.0-service        D  PN54X - Tml Writer Thread Running................
2026-04-08 23:32:59.208   356-1665  NxpFwDnld               vendor.nxp.nxpnfc@1.0-service        E  Tml Write error!!
2026-04-08 23:32:59.208   356-1665  NxpFwDnld               vendor.nxp.nxpnfc@1.0-service        E  phNxpNciHal_fw_dnld_normal_cb - Request Failed!!
2026-04-08 23:32:59.208   356-356   NxpFwDnld               vendor.nxp.nxpnfc@1.0-service        D  Processing Normal Sequence..
2026-04-08 23:32:59.208   356-356   NxpFwDnld               vendor.nxp.nxpnfc@1.0-service        D  Initializing Sequence..
2026-04-08 23:32:59.209   356-356   NxpFwDnld               vendor.nxp.nxpnfc@1.0-service        D  Response Timer Created Successfully
2026-04-08 23:32:59.209   356-356   NxpFwDnld               vendor.nxp.nxpnfc@1.0-service        D  Inserting FrameId ..
2026-04-08 23:32:59.209   356-356   NxpFwDnld               vendor.nxp.nxpnfc@1.0-service        D  Frame created successfully
2026-04-08 23:32:59.209   356-356   NxpFwDnld               vendor.nxp.nxpnfc@1.0-service        D  GetSessionState Request submitted successfully
2026-04-08 23:32:59.209   356-1663  NxpTml                  vendor.nxp.nxpnfc@1.0-service        D  PN54X - Write requested.....
2026-04-08 23:32:59.209   356-1663  NxpTml                  vendor.nxp.nxpnfc@1.0-service        D  PN54X - Invoking I2C Write.....
2026-04-08 23:32:59.212  2899-7011  [AudioCapture]          com.reedersystems.commandcomms       D  TX_AUDIO_SOURCE_PROBE source=VOICE_COMMUNICATION probeFrame=4 samples=960 min=-25 max=22 rms=7.4 silent=true zeros=49
2026-04-08 23:32:59.216   365-434   HWComposer              surfaceflinger                       W  Ignoring duplicate VSYNC event from HWC (t=0)
2026-04-08 23:32:59.219   397-397   gle.vp8.encoder         media.codec                          W  type=1400 audit(0.0:20585): avc: denied { getattr } for path="/dev/sw_sync" dev="tmpfs" ino=266 scontext=u:r:mediacodec:s0 tcontext=u:object_r:sw_sync_device:s0 tclass=chr_file permissive=0
2026-04-08 23:32:59.228   356-1663  NxpTml                  vendor.nxp.nxpnfc@1.0-service        E  _i2c_write() errno : 5
2026-04-08 23:32:59.228   356-1663  NxpHal                  vendor.nxp.nxpnfc@1.0-service        E  PN54X - Error in I2C Write  - Retry 0x1
2026-04-08 23:32:59.232  2899-7011  [AudioCapture]          com.reedersystems.commandcomms       D  TX_AUDIO_SOURCE_PROBE source=VOICE_COMMUNICATION probeFrame=5 samples=960 min=-24 max=26 rms=9.2 silent=true zeros=56
2026-04-08 23:32:59.238   356-1663  NxpTml                  vendor.nxp.nxpnfc@1.0-service        D  PN54X - Invoking I2C Write.....
2026-04-08 23:32:59.240   365-434   HWComposer              surfaceflinger                       W  Ignoring duplicate VSYNC event from HWC (t=0)
2026-04-08 23:32:59.250  2899-7011  [AudioCapture]          com.reedersystems.commandcomms       D  TX_AUDIO_SOURCE_PROBE source=VOICE_COMMUNICATION probeFrame=6 samples=960 min=-25 max=23 rms=9.5 silent=true zeros=62
2026-04-08 23:32:59.258   356-1663  NxpTml                  vendor.nxp.nxpnfc@1.0-service        E  _i2c_write() errno : 5
2026-04-08 23:32:59.258   356-1663  NxpHal                  vendor.nxp.nxpnfc@1.0-service        E  PN54X - Error in I2C Write  - Retry 0x2
2026-04-08 23:32:59.263   365-434   HWComposer              surfaceflinger                       W  Ignoring duplicate VSYNC event from HWC (t=0)
2026-04-08 23:32:59.268   356-1663  NxpTml                  vendor.nxp.nxpnfc@1.0-service        D  PN54X - Invoking I2C Write.....
2026-04-08 23:32:59.271  2899-7011  [AudioCapture]          com.reedersystems.commandcomms       D  TX_AUDIO_SOURCE_PROBE source=VOICE_COMMUNICATION probeFrame=7 samples=960 min=-23 max=23 rms=9.6 silent=true zeros=72
2026-04-08 23:32:59.286   365-434   HWComposer              surfaceflinger                       W  Ignoring duplicate VSYNC event from HWC (t=0)
2026-04-08 23:32:59.288   356-1663  NxpTml                  vendor.nxp.nxpnfc@1.0-service        E  _i2c_write() errno : 5
2026-04-08 23:32:59.289   356-1663  NxpHal                  vendor.nxp.nxpnfc@1.0-service        E  PN54X - Error in I2C Write  - Retry 0x3
2026-04-08 23:32:59.294  2899-7011  [AudioCapture]          com.reedersystems.commandcomms       D  TX_AUDIO_SOURCE_PROBE source=VOICE_COMMUNICATION probeFrame=8 samples=960 min=-28 max=25 rms=8.1 silent=true zeros=63
2026-04-08 23:32:59.299   356-1663  NxpTml                  vendor.nxp.nxpnfc@1.0-service        D  PN54X - Invoking I2C Write.....
2026-04-08 23:32:59.310   365-434   HWComposer              surfaceflinger                       W  Ignoring duplicate VSYNC event from HWC (t=0)
2026-04-08 23:32:59.312  2899-7011  [AudioCapture]          com.reedersystems.commandcomms       D  TX_AUDIO_SOURCE_PROBE source=VOICE_COMMUNICATION probeFrame=9 samples=960 min=-27 max=27 rms=7.4 silent=true zeros=76
2026-04-08 23:32:59.313  2899-7011  [AudioCapture]          com.reedersystems.commandcomms       D  TX_AUDIO_SOURCE_PROBE source=VOICE_COMMUNICATION probeRate=48000 result=REJECT avgRms=6.4 min=-28 max=27 validFrames=10 reason=rms_too_low threshold=20.0
2026-04-08 23:32:59.313  2899-7011  AudioRecord             com.reedersystems.commandcomms       D  stop: 0x8494e400
2026-04-08 23:32:59.319   356-1663  NxpTml                  vendor.nxp.nxpnfc@1.0-service        E  _i2c_write() errno : 5
2026-04-08 23:32:59.319   356-1663  NxpTml                  vendor.nxp.nxpnfc@1.0-service        E  PN54X - Error in I2C Write.....
2026-04-08 23:32:59.319   356-1663  NxpTml                  vendor.nxp.nxpnfc@1.0-service        D  PN54X - Posting Fresh Write message.....
2026-04-08 23:32:59.319   397-397   gle.vp8.encoder         media.codec                          W  type=1400 audit(0.0:20586): avc: denied { getattr } for path="/dev/sw_sync" dev="tmpfs" ino=266 scontext=u:r:mediacodec:s0 tcontext=u:object_r:sw_sync_device:s0 tclass=chr_file permissive=0
2026-04-08 23:32:59.319   356-1663  NxpTml                  vendor.nxp.nxpnfc@1.0-service        D  PN54X - Tml Writer Thread Running................
2026-04-08 23:32:59.319   356-1665  NxpFwDnld               vendor.nxp.nxpnfc@1.0-service        E  Tml Write error!!
2026-04-08 23:32:59.319   356-1665  NxpFwDnld               vendor.nxp.nxpnfc@1.0-service        E  phNxpNciHal_fw_dnld_get_sessn_state_cb - Request Failed!!
2026-04-08 23:32:59.319   356-356   NxpFwDnld               vendor.nxp.nxpnfc@1.0-service        E  phDnldNfc_GetSessionState cb failed
2026-04-08 23:32:59.319   356-356   NxpFwDnld               vendor.nxp.nxpnfc@1.0-service        E   phNxpNciHal_fw_seq_handler : FAILED
2026-04-08 23:32:59.319   356-356   NxpFwDnld               vendor.nxp.nxpnfc@1.0-service        D  phNxpNciHal_fw_dnld_complete: Download Status = 0xff
2026-04-08 23:32:59.319   356-356   NxpFwDnld               vendor.nxp.nxpnfc@1.0-service        E  Fw Download Failed!!
2026-04-08 23:32:59.319   356-356   NxpTml                  vendor.nxp.nxpnfc@1.0-service        D  phTmlNfc_i2c_reset(), VEN level 0
2026-04-08 23:32:59.333   332-6537  AudioALSAStreamIn       and...re.audio@2.0-service-mediatek  D  +standby()
2026-04-08 23:32:59.333   332-6537  AudioALSAStreamIn       and...re.audio@2.0-service-mediatek  D  standby(), keep the mStandbyFrameCount = 4480, ret = 0
2026-04-08 23:32:59.333   332-6537  AudioALSAStreamIn       and...re.audio@2.0-service-mediatek  D  close()
2026-04-08 23:32:59.333   332-6537  AudioALSAC...HandlerAEC and...re.audio@2.0-service-mediatek  D  +close()
2026-04-08 23:32:59.333   332-6537  AudioALSAC...DataClient and...re.audio@2.0-service-mediatek  D  ~AudioALSACaptureDataClient()
2026-04-08 23:32:59.333   332-6537  AudioALSAC...DataClient and...re.audio@2.0-service-mediatek  D  ~AudioALSACaptureDataClient(), remove EchoRef data provider,mCaptureDataProviderEchoRef=0xb491df00
2026-04-08 23:32:59.333   332-6537  AudioALSAC...oviderBase and...re.audio@2.0-service-mediatek  D  detach(), 0xb491df00, mCaptureDataClientVector.size()=1, Identity=0xb5d7d980
2026-04-08 23:32:59.333   332-6537  AudioALSAC...derEchoRef and...re.audio@2.0-service-mediatek  D  close()
2026-04-08 23:32:59.333   365-434   HWComposer              surfaceflinger                       W  Ignoring duplicate VSYNC event from HWC (t=0)
2026-04-08 23:32:59.335   332-7041  AudioALSAC...derEchoRef and...re.audio@2.0-service-mediatek  D  -readThread(), pid: 332, tid: 7041
2026-04-08 23:32:59.335   332-6537  AudioALSAC...derEchoRef and...re.audio@2.0-service-mediatek  D  pthread_join hReadThread done
2026-04-08 23:32:59.335   332-6537  MtkAudioSrc             and...re.audio@2.0-service-mediatek  D  close(), mState = 1
2026-04-08 23:32:59.336   332-6537  MtkAudioSrc             and...re.audio@2.0-service-mediatek  D  close(), mState = 1
2026-04-08 23:32:59.336   332-6537  AudioALSAC...oviderBase and...re.audio@2.0-service-mediatek  D  detach(), 0xb491dc80, mCaptureDataClientVector.size()=1, Identity=0xb5d7d980
2026-04-08 23:32:59.336   332-6537  AudioALSAH...rceManager and...re.audio@2.0-service-mediatek  D  +stopInputDevice(), mInputDevice = 0x80000004, stop_device = 0x80000004, mStartInputDeviceCount = 1, mMicInverse = 0, mNumPhoneMicSupport = 2
2026-04-08 23:32:59.336   332-6537  AudioUtility            and...re.audio@2.0-service-mediatek  D  IsAudioSupportFeature AUDIO_SUPPORT_DMIC bSupportFlg[0]
2026-04-08 23:32:59.336   332-6537  AudioALSAD...figManager and...re.audio@2.0-service-mediatek  D  ApplyDeviceSettingByName() DeviceName = Mic1TypeACCMode descriptor->DeviceStatusCounter = 0
2026-04-08 23:32:59.336   332-6537  AudioALSAD...figManager and...re.audio@2.0-service-mediatek  D  ApplyDeviceSettingByName() DeviceName = Mic2TypeACCMode descriptor->DeviceStatusCounter = 0
2026-04-08 23:32:59.336   332-6537  AudioALSAD...figManager and...re.audio@2.0-service-mediatek  D  ApplyDeviceTurnoffSequenceByName(), DeviceName = builtin_Mic_DualMic descriptor->DeviceStatusCounter = 1
2026-04-08 23:32:59.336   332-6537  AudioALSAC...iderNormal and...re.audio@2.0-service-mediatek  D  close()
2026-04-08 23:32:59.337   332-7040  AudioALSAC...iderNormal and...re.audio@2.0-service-mediatek  D  -readThread(), pid: 332, tid: 7040
2026-04-08 23:32:59.337   332-6537  AudioALSAC...iderNormal and...re.audio@2.0-service-mediatek  D  pthread_join hReadThread done
2026-04-08 23:32:59.339   332-6537  AudioALSAC...iderNormal and...re.audio@2.0-service-mediatek  D  -close()
2026-04-08 23:32:59.339   332-6537  MtkAudioSrc             and...re.audio@2.0-service-mediatek  D  close(), mState = 1
2026-04-08 23:32:59.339   332-6537  AudioALSAC...DataClient and...re.audio@2.0-service-mediatek  D  +StopBesRecord()
2026-04-08 23:32:59.339   332-6537  AudioSPELayer           and...re.audio@2.0-service-mediatek  D  Stop
2026-04-08 23:32:59.339   332-6537  AudioSPELayer           and...re.audio@2.0-service-mediatek  D  Clear
2026-04-08 23:32:59.339   332-6537  AudioSPELayer           and...re.audio@2.0-service-mediatek  D  free mSphCtrlBuffer 0xb3a83640
2026-04-08 23:32:59.339   332-6537  AudioSPELayer           and...re.audio@2.0-service-mediatek  D  ~free mSphCtrlBuffer
2026-04-08 23:32:59.340   332-6537  AudioSPELayer           and...re.audio@2.0-service-mediatek  D  ~Clear
2026-04-08 23:32:59.340   332-6537  AudioALSAC...DataClient and...re.audio@2.0-service-mediatek  D  -StopBesRecord()
2026-04-08 23:32:59.340   332-6537  MtkAudioSrc             and...re.audio@2.0-service-mediatek  D  close(), mState = 1
2026-04-08 23:32:59.340   332-6537  AudioSPELayer           and...re.audio@2.0-service-mediatek  D  ~SPELayer+
2026-04-08 23:32:59.340   332-6537  AudioSPELayer           and...re.audio@2.0-service-mediatek  D  Clear
2026-04-08 23:32:59.340   332-6537  AudioSPELayer           and...re.audio@2.0-service-mediatek  D  ~Clear
2026-04-08 23:32:59.340   332-6537  AudioSPELayer           and...re.audio@2.0-service-mediatek  D  FlushBufferQ+
2026-04-08 23:32:59.340   332-6537  AudioSPELayer           and...re.audio@2.0-service-mediatek  D  FlushBufferQ mULOutBufferQ size=1,mULInBufferQ.size=1,mDLOutBufferQ.size()=0,mDLInBufferQ.size()=2,mDLDelayBufferQ.size()=2
2026-04-08 23:32:59.340   332-6537  AudioSPELayer           and...re.audio@2.0-service-mediatek  D  mDLInBufferQ::pBufBase=0xb4904ea0
2026-04-08 23:32:59.340   332-6537  AudioSPELayer           and...re.audio@2.0-service-mediatek  D  mDLInBufferQ::done, free at DLDelay buffer
2026-04-08 23:32:59.340   332-6537  AudioSPELayer           and...re.audio@2.0-service-mediatek  D  mDLInBufferQ::pBufBase=0xb4904cc0
2026-04-08 23:32:59.340   332-6537  AudioSPELayer           and...re.audio@2.0-service-mediatek  D  mDLInBufferQ::done, free at DLDelay buffer
2026-04-08 23:32:59.340   332-6537  AudioSPELayer           and...re.audio@2.0-service-mediatek  D  mDLDelayBufferQ::pBufBase=0xb4904ea0
2026-04-08 23:32:59.340   332-6537  AudioSPELayer           and...re.audio@2.0-service-mediatek  D  mDLDelayBufferQ::free
2026-04-08 23:32:59.340   332-6537  AudioSPELayer           and...re.audio@2.0-service-mediatek  D  mDLDelayBufferQ::delete
2026-04-08 23:32:59.340   332-6537  AudioSPELayer           and...re.audio@2.0-service-mediatek  D  mDLDelayBufferQ::done
2026-04-08 23:32:59.340   332-6537  AudioSPELayer           and...re.audio@2.0-service-mediatek  D  mDLDelayBufferQ::pBufBase=0xb4904cc0
2026-04-08 23:32:59.340   332-6537  AudioSPELayer           and...re.audio@2.0-service-mediatek  D  mDLDelayBufferQ::free
2026-04-08 23:32:59.340   332-6537  AudioSPELayer           and...re.audio@2.0-service-mediatek  D  mDLDelayBufferQ::delete
2026-04-08 23:32:59.340   332-6537  AudioSPELayer           and...re.audio@2.0-service-mediatek  D  mDLDelayBufferQ::done
2026-04-08 23:32:59.340   332-6537  AudioSPELayer           and...re.audio@2.0-service-mediatek  D  FlushBufferQ-
2026-04-08 23:32:59.341   332-6537  AudioSPELayer           and...re.audio@2.0-service-mediatek  D  ~SPELayer-
2026-04-08 23:32:59.341   332-6537  AudioPreProcess         and...re.audio@2.0-service-mediatek  D  ~AudioPreProcess()+
2026-04-08 23:32:59.341   332-6537  AudioPreProcess         and...re.audio@2.0-service-mediatek  D  stop_echo_reference()+
2026-04-08 23:32:59.341   332-6537  AudioPreProcess         and...re.audio@2.0-service-mediatek  D  clear_echo_reference()+ 0xb47bad80
2026-04-08 23:32:59.341   332-6537  AudioPreProcess         and...re.audio@2.0-service-mediatek  D  remove_echo_reference()+ 0xb47bad80
2026-04-08 23:32:59.341   332-6537  AudioPreProcess         and...re.audio@2.0-service-mediatek  D  remove_echo_reference()-
2026-04-08 23:32:59.341   332-6537  AudioPreProcess         and...re.audio@2.0-service-mediatek  D  clear_echo_reference()-
2026-04-08 23:32:59.341   332-6537  AudioPreProcess         and...re.audio@2.0-service-mediatek  D  stop_echo_reference()-
2026-04-08 23:32:59.341   332-6537  AudioPreProcess         and...re.audio@2.0-service-mediatek  D  ~AudioPreProcess()-
2026-04-08 23:32:59.341   332-6537  AudioALSAC...DataClient and...re.audio@2.0-service-mediatek  D  -~AudioALSACaptureDataClient()
2026-04-08 23:32:59.341   332-6537  AudioALSAC...HandlerAEC and...re.audio@2.0-service-mediatek  D  -close()
2026-04-08 23:32:59.341   332-6537  AudioALSAC...HandlerAEC and...re.audio@2.0-service-mediatek  D  ~AudioALSACaptureHandlerAEC()
2026-04-08 23:32:59.341   332-6537  AudioALSAC...andlerBase and...re.audio@2.0-service-mediatek  D  ~AudioALSACaptureHandlerBase()
2026-04-08 23:32:59.341   332-6537  AudioALSAStreamManager  and...re.audio@2.0-service-mediatek  D  -destroyCaptureHandler(), mCaptureHandlerVector.size() = 0
2026-04-08 23:32:59.341   332-6537  AudioALSAStreamIn       and...re.audio@2.0-service-mediatek  D  -standby()
2026-04-08 23:32:59.342   381-7372  APM_AudioPolicyManager  audioserver                          D  stopInput() input 806
2026-04-08 23:32:59.342   332-946   AudioALSAHardware       and...re.audio@2.0-service-mediatek  D  -releaseAudioPatch handle [0x6b]
2026-04-08 23:32:59.342   332-946   AudioALSAHardware       and...re.audio@2.0-service-mediatek  D  +routing releaseAudioPatch 80000004->Mixer
2026-04-08 23:32:59.343   332-946   AudioALSAStreamManager  and...re.audio@2.0-service-mediatek  D  +setParameters(), IOport = 806, keyValuePairs = routing=0
2026-04-08 23:32:59.343   332-946   AudioALSAStreamIn       and...re.audio@2.0-service-mediatek  D  +setParameters(): routing=0
2026-04-08 23:32:59.343   332-946   AudioALSAStreamManager  and...re.audio@2.0-service-mediatek  D  +routingInputDevice(), input_device: 0x80000004 => 0x0
2026-04-08 23:32:59.343   332-946   AudioALSAStreamManager  and...re.audio@2.0-service-mediatek  W  -routingInputDevice(), input_device == AUDIO_DEVICE_NONE(0x0), return
2026-04-08 23:32:59.343   332-946   AudioALSAStreamIn       and...re.audio@2.0-service-mediatek  D  -setParameters(): routing=0 
2026-04-08 23:32:59.343   332-946   AudioALSAHardware       and...re.audio@2.0-service-mediatek  D  handlecheck releaseAudioPatch remove handle [6b] OK
2026-04-08 23:32:59.343   332-946   AudioALSAHardware       and...re.audio@2.0-service-mediatek  D  -releaseAudioPatch handle [0x6b] status [0]
2026-04-08 23:32:59.347  2899-7011  AudioRecord             com.reedersystems.commandcomms       D  stop done
2026-04-08 23:32:59.348  2899-7011  AudioRecord             com.reedersystems.commandcomms       D  stop: 0x8494e400
2026-04-08 23:32:59.348  2899-7011  chatty                  com.reedersystems.commandcomms       I  uid=10172(com.reedersystems.commandcomms) DefaultDispatch identical 1 line
2026-04-08 23:32:59.348  2899-7011  AudioRecord             com.reedersystems.commandcomms       D  stop: 0x8494e400
2026-04-08 23:32:59.349   332-946   AudioALSAStreamIn       and...re.audio@2.0-service-mediatek  D  removeAudioEffect(), 0xb5d18d60
2026-04-08 23:32:59.350   332-946   AudioALSAStreamIn       and...re.audio@2.0-service-mediatek  D  removeAudioEffect(), effect name:Acoustic Echo Canceler, BackupCount=2
2026-04-08 23:32:59.350   332-946   AudioALSAStreamIn       and...re.audio@2.0-service-mediatek  D  removeAudioEffect() found fx at index 0, 0xb5d18d60
2026-04-08 23:32:59.350   332-946   AudioALSAStreamIn       and...re.audio@2.0-service-mediatek  D  removeAudioEffect() moving fx from 1 to 0
2026-04-08 23:32:59.350   332-946   AudioALSAStreamIn       and...re.audio@2.0-service-mediatek  D  removeAudioEffect()-
2026-04-08 23:32:59.351  2899-7011  AudioRecord             com.reedersystems.commandcomms       D  set(): 0x8494e400, inputSource 9, sampleRate 48000, format 0x1, channelMask 0x10, frameCount 1920, notificationFrames 0, sessionId 0, transferType 0, flags 0, opPackageName com.reedersystems.commandcomms uid -1, pid -1
2026-04-08 23:32:59.351   332-6537  AudioALSAStreamIn       and...re.audio@2.0-service-mediatek  D  removeAudioEffect(), 0xb488fdc0
2026-04-08 23:32:59.351   332-6537  AudioALSAStreamIn       and...re.audio